[2025-03-05T02:05:05.359+0300][0.018s][info][gc] Using G1
[2025-03-05T02:05:05.359+0300][0.018s][debug][gc] ConcGCThreads: 2 offset 16
[2025-03-05T02:05:05.359+0300][0.018s][debug][gc] ParallelGCThreads: 8
[2025-03-05T02:05:05.360+0300][0.018s][debug][gc] Initialize mark stack with 4096 chunks, maximum 524288
[2025-03-05T02:05:05.868+0300][0.527s][info ][gc] GC(0) Pause Young (Normal) (G1 Evacuation Pause) 12M->2M(256M) 2.939ms
[2025-03-05T02:05:05.916+0300][0.576s][info ][gc] GC(1) Pause Young (Normal) (G1 Evacuation Pause) 12M->3M(256M) 2.571ms
[2025-03-05T02:05:05.968+0300][0.628s][info ][gc] GC(2) Pause Young (Normal) (G1 Evacuation Pause) 13M->4M(256M) 1.871ms
[2025-03-05T02:05:06.022+0300][0.681s][info ][gc] GC(3) Pause Young (Normal) (G1 Evacuation Pause) 14M->5M(256M) 2.947ms
[2025-03-05T02:05:06.069+0300][0.728s][info ][gc] GC(4) Pause Young (Normal) (G1 Evacuation Pause) 15M->4M(256M) 1.330ms
[2025-03-05T02:05:06.131+0300][0.790s][info ][gc] GC(5) Pause Young (Normal) (G1 Evacuation Pause) 14M->5M(362M) 3.024ms
[2025-03-05T02:05:06.217+0300][0.876s][info ][gc] GC(6) Pause Young (Normal) (G1 Evacuation Pause) 21M->7M(362M) 4.623ms
[2025-03-05T02:05:06.275+0300][0.934s][info ][gc] GC(7) Pause Young (Normal) (G1 Evacuation Pause) 21M->5M(362M) 1.554ms
[2025-03-05T02:05:06.327+0300][0.986s][info ][gc] GC(8) Pause Young (Normal) (G1 Evacuation Pause) 21M->6M(362M) 2.685ms
[2025-03-05T02:05:06.374+0300][1.033s][info ][gc] GC(9) Pause Young (Normal) (G1 Evacuation Pause) 20M->5M(504M) 1.939ms
[2025-03-05T02:05:06.458+0300][1.117s][info ][gc] GC(10) Pause Young (Normal) (G1 Evacuation Pause) 27M->6M(504M) 2.787ms
[2025-03-05T02:05:06.534+0300][1.192s][info ][gc] GC(11) Pause Young (Normal) (G1 Evacuation Pause) 26M->5M(504M) 1.829ms
[2025-03-05T02:05:06.605+0300][1.265s][info ][gc] GC(12) Pause Young (Normal) (G1 Evacuation Pause) 27M->7M(504M) 3.978ms
[2025-03-05T02:05:06.680+0300][1.339s][info ][gc] GC(13) Pause Young (Normal) (G1 Evacuation Pause) 27M->6M(624M) 2.916ms
[2025-03-05T02:05:06.805+0300][1.464s][info ][gc] GC(14) Pause Young (Normal) (G1 Evacuation Pause) 34M->5M(624M) 2.359ms
[2025-03-05T02:05:06.911+0300][1.571s][info ][gc] GC(15) Pause Young (Normal) (G1 Evacuation Pause) 33M->5M(624M) 1.448ms
[2025-03-05T02:05:07.010+0300][1.670s][info ][gc] GC(16) Pause Young (Normal) (G1 Evacuation Pause) 33M->4M(624M) 0.703ms
[2025-03-05T02:05:07.167+0300][1.826s][info ][gc] GC(17) Pause Young (Normal) (G1 Evacuation Pause) 46M->5M(624M) 1.628ms
[2025-03-05T02:05:07.269+0300][1.928s][info ][gc] GC(18) Pause Young (Normal) (G1 Evacuation Pause) 33M->4M(624M) 0.919ms
[2025-03-05T02:05:07.425+0300][2.084s][info ][gc] GC(19) Pause Young (Normal) (G1 Evacuation Pause) 48M->5M(624M) 1.895ms
[2025-03-05T02:05:07.514+0300][2.174s][info ][gc] GC(20) Pause Young (Normal) (G1 Evacuation Pause) 33M->4M(624M) 1.281ms
[2025-03-05T02:05:07.591+0300][2.249s][info ][gc] GC(21) Pause Young (Normal) (G1 Evacuation Pause) 32M->7M(624M) 2.867ms
[2025-03-05T02:05:07.661+0300][2.321s][info ][gc] GC(22) Pause Young (Normal) (G1 Evacuation Pause) 33M->6M(624M) 2.595ms
[2025-03-05T02:05:07.736+0300][2.395s][info ][gc] GC(23) Pause Young (Normal) (G1 Evacuation Pause) 32M->6M(624M) 3.012ms
[2025-03-05T02:05:07.835+0300][2.494s][info ][gc] GC(24) Pause Young (Normal) (G1 Evacuation Pause) 34M->5M(750M) 2.422ms
[2025-03-05T02:05:07.944+0300][2.603s][info ][gc] GC(25) Pause Young (Normal) (G1 Evacuation Pause) 39M->5M(750M) 1.400ms
[2025-03-05T02:05:08.043+0300][2.703s][info ][gc] GC(26) Pause Young (Normal) (G1 Evacuation Pause) 39M->5M(750M) 1.547ms
[2025-03-05T02:05:08.141+0300][2.800s][info ][gc] GC(27) Pause Young (Normal) (G1 Evacuation Pause) 39M->5M(750M) 1.344ms
[2025-03-05T02:05:08.231+0300][2.891s][info ][gc] GC(28) Pause Young (Normal) (G1 Evacuation Pause) 39M->5M(750M) 1.305ms
[2025-03-05T02:05:08.325+0300][2.984s][info ][gc] GC(29) Pause Young (Normal) (G1 Evacuation Pause) 39M->5M(750M) 1.655ms
[2025-03-05T02:05:08.414+0300][3.074s][info ][gc] GC(30) Pause Young (Normal) (G1 Evacuation Pause) 39M->5M(750M) 1.380ms
[2025-03-05T02:05:08.508+0300][3.166s][info ][gc] GC(31) Pause Young (Normal) (G1 Evacuation Pause) 39M->5M(750M) 1.247ms
[2025-03-05T02:05:08.600+0300][3.260s][info ][gc] GC(32) Pause Young (Normal) (G1 Evacuation Pause) 39M->5M(750M) 1.241ms
[2025-03-05T02:05:08.689+0300][3.349s][info ][gc] GC(33) Pause Young (Normal) (G1 Evacuation Pause) 39M->5M(750M) 1.114ms
[2025-03-05T02:05:08.779+0300][3.438s][info ][gc] GC(34) Pause Young (Normal) (G1 Evacuation Pause) 39M->5M(750M) 1.158ms
[2025-03-05T02:05:08.869+0300][3.528s][info ][gc] GC(35) Pause Young (Normal) (G1 Evacuation Pause) 39M->5M(750M) 1.228ms
[2025-03-05T02:05:08.958+0300][3.617s][info ][gc] GC(36) Pause Young (Normal) (G1 Evacuation Pause) 39M->4M(750M) 1.146ms
[2025-03-05T02:05:09.051+0300][3.710s][info ][gc] GC(37) Pause Young (Normal) (G1 Evacuation Pause) 38M->4M(750M) 1.213ms
[2025-03-05T02:05:09.146+0300][3.805s][info ][gc] GC(38) Pause Young (Normal) (G1 Evacuation Pause) 38M->4M(750M) 1.192ms
[2025-03-05T02:05:09.240+0300][3.900s][info ][gc] GC(39) Pause Young (Normal) (G1 Evacuation Pause) 38M->4M(750M) 1.088ms
[2025-03-05T02:05:09.333+0300][3.992s][info ][gc] GC(40) Pause Young (Normal) (G1 Evacuation Pause) 38M->4M(750M) 1.060ms
[2025-03-05T02:05:09.427+0300][4.086s][info ][gc] GC(41) Pause Young (Normal) (G1 Evacuation Pause) 38M->4M(750M) 0.968ms
[2025-03-05T02:05:09.518+0300][4.177s][info ][gc] GC(42) Pause Young (Normal) (G1 Evacuation Pause) 38M->4M(750M) 0.997ms
[2025-03-05T02:05:09.606+0300][4.265s][info ][gc] GC(43) Pause Young (Normal) (G1 Evacuation Pause) 38M->4M(750M) 0.965ms
[2025-03-05T02:05:09.756+0300][4.415s][info ][gc] GC(44) Pause Young (Normal) (G1 Evacuation Pause) 56M->6M(750M) 2.901ms
[2025-03-05T02:05:09.847+0300][4.506s][info ][gc] GC(45) Pause Young (Normal) (G1 Evacuation Pause) 40M->6M(750M) 2.033ms
[2025-03-05T02:05:09.937+0300][4.596s][info ][gc] GC(46) Pause Young (Normal) (G1 Evacuation Pause) 40M->6M(750M) 2.063ms
[2025-03-05T02:05:10.028+0300][4.687s][info ][gc] GC(47) Pause Young (Normal) (G1 Evacuation Pause) 40M->6M(750M) 2.113ms
[2025-03-05T02:05:10.117+0300][4.777s][info ][gc] GC(48) Pause Young (Normal) (G1 Evacuation Pause) 40M->6M(750M) 2.170ms
[2025-03-05T02:05:10.207+0300][4.867s][info ][gc] GC(49) Pause Young (Normal) (G1 Evacuation Pause) 40M->6M(750M) 1.999ms
[2025-03-05T02:05:10.302+0300][4.962s][info ][gc] GC(50) Pause Young (Normal) (G1 Evacuation Pause) 40M->6M(750M) 1.928ms
[2025-03-05T02:05:10.394+0300][5.053s][info ][gc] GC(51) Pause Young (Normal) (G1 Evacuation Pause) 40M->6M(750M) 1.977ms
[2025-03-05T02:05:10.484+0300][5.143s][info ][gc] GC(52) Pause Young (Normal) (G1 Evacuation Pause) 40M->6M(750M) 1.988ms
[2025-03-05T02:05:10.583+0300][5.243s][info ][gc] GC(53) Pause Young (Normal) (G1 Evacuation Pause) 40M->6M(750M) 2.288ms
[2025-03-05T02:05:10.677+0300][5.337s][info ][gc] GC(54) Pause Young (Normal) (G1 Evacuation Pause) 40M->6M(750M) 2.060ms
[2025-03-05T02:05:10.774+0300][5.433s][info ][gc] GC(55) Pause Young (Normal) (G1 Evacuation Pause) 40M->6M(750M) 1.757ms
[2025-03-05T02:05:10.870+0300][5.529s][info ][gc] GC(56) Pause Young (Normal) (G1 Evacuation Pause) 40M->6M(750M) 1.867ms
[2025-03-05T02:05:10.960+0300][5.620s][info ][gc] GC(57) Pause Young (Normal) (G1 Evacuation Pause) 40M->5M(750M) 1.952ms
[2025-03-05T02:05:11.050+0300][5.709s][info ][gc] GC(58) Pause Young (Normal) (G1 Evacuation Pause) 39M->5M(750M) 1.760ms
[2025-03-05T02:05:11.141+0300][5.800s][info ][gc] GC(59) Pause Young (Normal) (G1 Evacuation Pause) 39M->5M(750M) 1.651ms
[2025-03-05T02:05:11.231+0300][5.890s][info ][gc] GC(60) Pause Young (Normal) (G1 Evacuation Pause) 39M->5M(750M) 1.727ms
[2025-03-05T02:05:11.321+0300][5.980s][info ][gc] GC(61) Pause Young (Normal) (G1 Evacuation Pause) 39M->5M(750M) 1.651ms
[2025-03-05T02:05:11.412+0300][6.072s][info ][gc] GC(62) Pause Young (Normal) (G1 Evacuation Pause) 39M->5M(750M) 1.708ms
[2025-03-05T02:05:11.501+0300][6.161s][info ][gc] GC(63) Pause Young (Normal) (G1 Evacuation Pause) 39M->5M(750M) 1.593ms
[2025-03-05T02:05:11.591+0300][6.250s][info ][gc] GC(64) Pause Young (Normal) (G1 Evacuation Pause) 39M->5M(750M) 1.623ms
[2025-03-05T02:05:11.686+0300][6.346s][info ][gc] GC(65) Pause Young (Normal) (G1 Evacuation Pause) 39M->5M(750M) 1.727ms
[2025-03-05T02:05:11.780+0300][6.439s][info ][gc] GC(66) Pause Young (Normal) (G1 Evacuation Pause) 39M->5M(750M) 1.747ms
[2025-03-05T02:05:11.868+0300][6.528s][info ][gc] GC(67) Pause Young (Normal) (G1 Evacuation Pause) 39M->5M(750M) 1.679ms
[2025-03-05T02:05:11.967+0300][6.626s][info ][gc] GC(68) Pause Young (Normal) (G1 Evacuation Pause) 39M->5M(750M) 1.628ms
[2025-03-05T02:05:12.060+0300][6.719s][info ][gc] GC(69) Pause Young (Normal) (G1 Evacuation Pause) 39M->5M(750M) 1.660ms
[2025-03-05T02:05:12.155+0300][6.815s][info ][gc] GC(70) Pause Young (Normal) (G1 Evacuation Pause) 39M->5M(750M) 1.853ms
[2025-03-05T02:05:12.262+0300][6.921s][info ][gc] GC(71) Pause Young (Normal) (G1 Evacuation Pause) 39M->5M(750M) 1.538ms
[2025-03-05T02:05:12.350+0300][7.010s][info ][gc] GC(72) Pause Young (Normal) (G1 Evacuation Pause) 39M->5M(750M) 1.410ms
[2025-03-05T02:05:12.441+0300][7.101s][info ][gc] GC(73) Pause Young (Normal) (G1 Evacuation Pause) 39M->5M(750M) 1.775ms
[2025-03-05T02:05:12.538+0300][7.197s][info ][gc] GC(74) Pause Young (Normal) (G1 Evacuation Pause) 39M->5M(750M) 1.418ms
[2025-03-05T02:05:12.627+0300][7.287s][info ][gc] GC(75) Pause Young (Normal) (G1 Evacuation Pause) 39M->5M(750M) 1.380ms
[2025-03-05T02:05:12.719+0300][7.379s][info ][gc] GC(76) Pause Young (Normal) (G1 Evacuation Pause) 39M->5M(750M) 1.319ms
[2025-03-05T02:05:12.811+0300][7.470s][info ][gc] GC(77) Pause Young (Normal) (G1 Evacuation Pause) 39M->5M(750M) 1.390ms
[2025-03-05T02:05:12.903+0300][7.562s][info ][gc] GC(78) Pause Young (Normal) (G1 Evacuation Pause) 39M->5M(750M) 1.303ms
[2025-03-05T02:05:12.995+0300][7.654s][info ][gc] GC(79) Pause Young (Normal) (G1 Evacuation Pause) 39M->5M(750M) 1.509ms
[2025-03-05T02:05:13.102+0300][7.761s][info ][gc] GC(80) Pause Young (Normal) (G1 Evacuation Pause) 39M->5M(750M) 1.374ms
[2025-03-05T02:05:13.214+0300][7.873s][info ][gc] GC(81) Pause Young (Normal) (G1 Evacuation Pause) 39M->5M(750M) 1.474ms
[2025-03-05T02:05:13.305+0300][7.964s][info ][gc] GC(82) Pause Young (Normal) (G1 Evacuation Pause) 39M->5M(750M) 1.115ms
[2025-03-05T02:05:13.513+0300][8.171s][info ][gc] GC(83) Pause Young (Normal) (G1 Evacuation Pause) 39M->5M(750M) 1.214ms
[2025-03-05T02:05:13.605+0300][8.264s][info ][gc] GC(84) Pause Young (Normal) (G1 Evacuation Pause) 39M->5M(750M) 1.078ms
[2025-03-05T02:05:13.695+0300][8.354s][info ][gc] GC(85) Pause Young (Normal) (G1 Evacuation Pause) 39M->4M(750M) 1.261ms
[2025-03-05T02:05:13.788+0300][8.447s][info ][gc] GC(86) Pause Young (Normal) (G1 Evacuation Pause) 38M->4M(750M) 1.338ms
[2025-03-05T02:05:13.884+0300][8.543s][info ][gc] GC(87) Pause Young (Normal) (G1 Evacuation Pause) 38M->4M(750M) 1.273ms
[2025-03-05T02:05:13.980+0300][8.639s][info ][gc] GC(88) Pause Young (Normal) (G1 Evacuation Pause) 38M->4M(750M) 1.131ms
