[2025-03-05T13:42:29.679+0300][0.011s][info][gc] Using G1
[2025-03-05T13:42:29.680+0300][0.012s][debug][gc] ConcGCThreads: 2 offset 16
[2025-03-05T13:42:29.680+0300][0.012s][debug][gc] ParallelGCThreads: 8
[2025-03-05T13:42:29.680+0300][0.012s][debug][gc] Initialize mark stack with 4096 chunks, maximum 524288
[2025-03-05T13:42:30.245+0300][0.578s][info ][gc] GC(0) Pause Young (Normal) (G1 Evacuation Pause) 51M->2M(1024M) 3.147ms
[2025-03-05T13:42:30.492+0300][0.824s][info ][gc] GC(1) Pause Young (Normal) (G1 Evacuation Pause) 63M->5M(1024M) 3.842ms
[2025-03-05T13:42:32.162+0300][2.495s][info ][gc] GC(2) Pause Young (Normal) (G1 Evacuation Pause) 614M->4M(1024M) 3.435ms
[2025-03-05T13:42:33.665+0300][3.997s][info ][gc] GC(3) Pause Young (Normal) (G1 Evacuation Pause) 614M->3M(1024M) 2.439ms
[2025-03-05T13:42:35.171+0300][5.504s][info ][gc] GC(4) Pause Young (Normal) (G1 Evacuation Pause) 613M->5M(1024M) 4.583ms
[2025-03-05T13:42:36.670+0300][7.002s][info ][gc] GC(5) Pause Young (Normal) (G1 Evacuation Pause) 613M->4M(1024M) 3.280ms
[2025-03-05T13:42:38.162+0300][8.494s][info ][gc] GC(6) Pause Young (Normal) (G1 Evacuation Pause) 613M->3M(1024M) 3.079ms
[2025-03-05T13:42:39.663+0300][9.995s][info ][gc] GC(7) Pause Young (Normal) (G1 Evacuation Pause) 613M->2M(1024M) 2.223ms
[2025-03-05T13:42:41.158+0300][11.491s][info ][gc] GC(8) Pause Young (Normal) (G1 Evacuation Pause) 613M->5M(1024M) 3.814ms
[2025-03-05T13:42:42.693+0300][13.025s][info ][gc] GC(9) Pause Young (Normal) (G1 Evacuation Pause) 613M->4M(1024M) 3.022ms
[2025-03-05T13:42:44.179+0300][14.511s][info ][gc] GC(10) Pause Young (Normal) (G1 Evacuation Pause) 613M->3M(1024M) 2.137ms
[2025-03-05T13:42:45.683+0300][16.016s][info ][gc] GC(11) Pause Young (Normal) (G1 Evacuation Pause) 613M->5M(1024M) 5.039ms
[2025-03-05T13:42:47.174+0300][17.506s][info ][gc] GC(12) Pause Young (Normal) (G1 Evacuation Pause) 613M->4M(1024M) 3.521ms
[2025-03-05T13:42:48.661+0300][18.994s][info ][gc] GC(13) Pause Young (Normal) (G1 Evacuation Pause) 613M->3M(1024M) 2.784ms
[2025-03-05T13:42:50.169+0300][20.502s][info ][gc] GC(14) Pause Young (Normal) (G1 Evacuation Pause) 613M->3M(1024M) 2.402ms
[2025-03-05T13:42:51.671+0300][22.003s][info ][gc] GC(15) Pause Young (Normal) (G1 Evacuation Pause) 614M->5M(1024M) 4.214ms
[2025-03-05T13:42:53.251+0300][23.585s][info ][gc] GC(16) Pause Young (Normal) (G1 Evacuation Pause) 616M->4M(1024M) 2.630ms
[2025-03-05T13:42:54.838+0300][25.170s][info ][gc] GC(17) Pause Young (Normal) (G1 Evacuation Pause) 615M->3M(1024M) 2.203ms
[2025-03-05T13:42:56.483+0300][26.815s][info ][gc] GC(18) Pause Young (Normal) (G1 Evacuation Pause) 615M->3M(1024M) 1.495ms
[2025-03-05T13:42:58.071+0300][28.404s][info ][gc] GC(19) Pause Young (Normal) (G1 Evacuation Pause) 616M->2M(1024M) 1.423ms
[2025-03-05T13:42:59.657+0300][29.990s][info ][gc] GC(20) Pause Young (Normal) (G1 Evacuation Pause) 615M->5M(1024M) 3.445ms
[2025-03-05T13:43:01.248+0300][31.580s][info ][gc] GC(21) Pause Young (Normal) (G1 Evacuation Pause) 616M->4M(1024M) 2.826ms
[2025-03-05T13:43:02.835+0300][33.168s][info ][gc] GC(22) Pause Young (Normal) (G1 Evacuation Pause) 615M->3M(1024M) 2.170ms
[2025-03-05T13:43:04.420+0300][34.752s][info ][gc] GC(23) Pause Young (Normal) (G1 Evacuation Pause) 615M->3M(1024M) 1.707ms
[2025-03-05T13:43:06.017+0300][36.350s][info ][gc] GC(24) Pause Young (Normal) (G1 Evacuation Pause) 616M->2M(1024M) 1.278ms
[2025-03-05T13:43:07.629+0300][37.963s][info ][gc] GC(25) Pause Young (Normal) (G1 Evacuation Pause) 615M->5M(1024M) 3.905ms
[2025-03-05T13:43:09.215+0300][39.548s][info ][gc] GC(26) Pause Young (Normal) (G1 Evacuation Pause) 616M->4M(1024M) 2.670ms
[2025-03-05T13:43:10.843+0300][41.175s][info ][gc] GC(27) Pause Young (Normal) (G1 Evacuation Pause) 616M->3M(1024M) 2.841ms
[2025-03-05T13:43:12.423+0300][42.755s][info ][gc] GC(28) Pause Young (Normal) (G1 Evacuation Pause) 615M->3M(1024M) 1.694ms
[2025-03-05T13:43:14.011+0300][44.343s][info ][gc] GC(29) Pause Young (Normal) (G1 Evacuation Pause) 616M->2M(1024M) 1.196ms
[2025-03-05T13:43:15.601+0300][45.934s][info ][gc] GC(30) Pause Young (Normal) (G1 Evacuation Pause) 615M->5M(1024M) 4.243ms
[2025-03-05T13:43:17.201+0300][47.534s][info ][gc] GC(31) Pause Young (Normal) (G1 Evacuation Pause) 616M->4M(1024M) 2.944ms
[2025-03-05T13:43:18.787+0300][49.119s][info ][gc] GC(32) Pause Young (Normal) (G1 Evacuation Pause) 615M->3M(1024M) 2.239ms
[2025-03-05T13:43:20.375+0300][50.708s][info ][gc] GC(33) Pause Young (Normal) (G1 Evacuation Pause) 615M->3M(1024M) 1.590ms
[2025-03-05T13:43:21.962+0300][52.295s][info ][gc] GC(34) Pause Young (Normal) (G1 Evacuation Pause) 616M->2M(1024M) 1.133ms
[2025-03-05T13:43:23.558+0300][53.891s][info ][gc] GC(35) Pause Young (Normal) (G1 Evacuation Pause) 615M->5M(1024M) 3.105ms
[2025-03-05T13:43:25.152+0300][55.485s][info ][gc] GC(36) Pause Young (Normal) (G1 Evacuation Pause) 616M->4M(1024M) 3.371ms
[2025-03-05T13:43:26.735+0300][57.067s][info ][gc] GC(37) Pause Young (Normal) (G1 Evacuation Pause) 616M->3M(1024M) 2.207ms
[2025-03-05T13:43:28.319+0300][58.651s][info ][gc] GC(38) Pause Young (Normal) (G1 Evacuation Pause) 615M->3M(1024M) 1.658ms
[2025-03-05T13:43:29.912+0300][60.244s][info ][gc] GC(39) Pause Young (Normal) (G1 Evacuation Pause) 616M->2M(1024M) 1.088ms
[2025-03-05T13:43:31.501+0300][61.834s][info ][gc] GC(40) Pause Young (Normal) (G1 Evacuation Pause) 615M->5M(1024M) 3.410ms
[2025-03-05T13:43:33.079+0300][63.411s][info ][gc] GC(41) Pause Young (Normal) (G1 Evacuation Pause) 616M->4M(1024M) 2.606ms
[2025-03-05T13:43:34.658+0300][64.990s][info ][gc] GC(42) Pause Young (Normal) (G1 Evacuation Pause) 616M->3M(1024M) 2.204ms
[2025-03-05T13:43:36.261+0300][66.593s][info ][gc] GC(43) Pause Young (Normal) (G1 Evacuation Pause) 615M->3M(1024M) 1.665ms
[2025-03-05T13:43:37.840+0300][68.172s][info ][gc] GC(44) Pause Young (Normal) (G1 Evacuation Pause) 616M->2M(1024M) 1.106ms
[2025-03-05T13:43:39.467+0300][69.800s][info ][gc] GC(45) Pause Young (Normal) (G1 Evacuation Pause) 615M->5M(1024M) 3.395ms
[2025-03-05T13:43:41.049+0300][71.382s][info ][gc] GC(46) Pause Young (Normal) (G1 Evacuation Pause) 616M->4M(1024M) 2.881ms
[2025-03-05T13:43:42.639+0300][72.971s][info ][gc] GC(47) Pause Young (Normal) (G1 Evacuation Pause) 616M->3M(1024M) 2.098ms
[2025-03-05T13:43:44.218+0300][74.550s][info ][gc] GC(48) Pause Young (Normal) (G1 Evacuation Pause) 615M->3M(1024M) 1.826ms
[2025-03-05T13:43:45.801+0300][76.133s][info ][gc] GC(49) Pause Young (Normal) (G1 Evacuation Pause) 616M->2M(1024M) 1.228ms
[2025-03-05T13:43:47.389+0300][77.722s][info ][gc] GC(50) Pause Young (Normal) (G1 Evacuation Pause) 615M->5M(1024M) 3.259ms
[2025-03-05T13:43:48.988+0300][79.320s][info ][gc] GC(51) Pause Young (Normal) (G1 Evacuation Pause) 616M->4M(1024M) 2.956ms
[2025-03-05T13:43:50.598+0300][80.930s][info ][gc] GC(52) Pause Young (Normal) (G1 Evacuation Pause) 615M->3M(1024M) 2.203ms
[2025-03-05T13:43:52.175+0300][82.507s][info ][gc] GC(53) Pause Young (Normal) (G1 Evacuation Pause) 615M->3M(1024M) 1.412ms
[2025-03-05T13:43:53.758+0300][84.090s][info ][gc] GC(54) Pause Young (Normal) (G1 Evacuation Pause) 616M->5M(1024M) 3.578ms
[2025-03-05T13:43:55.334+0300][85.667s][info ][gc] GC(55) Pause Young (Normal) (G1 Evacuation Pause) 615M->4M(1024M) 2.991ms
[2025-03-05T13:43:56.915+0300][87.247s][info ][gc] GC(56) Pause Young (Normal) (G1 Evacuation Pause) 615M->4M(1024M) 2.600ms
[2025-03-05T13:43:58.489+0300][88.822s][info ][gc] GC(57) Pause Young (Normal) (G1 Evacuation Pause) 616M->3M(1024M) 1.959ms
[2025-03-05T13:44:00.073+0300][90.405s][info ][gc] GC(58) Pause Young (Normal) (G1 Evacuation Pause) 615M->2M(1024M) 1.500ms
[2025-03-05T13:44:01.673+0300][92.005s][info ][gc] GC(59) Pause Young (Normal) (G1 Evacuation Pause) 615M->5M(1024M) 4.141ms
[2025-03-05T13:44:03.255+0300][93.588s][info ][gc] GC(60) Pause Young (Normal) (G1 Evacuation Pause) 616M->4M(1024M) 3.055ms
[2025-03-05T13:44:04.843+0300][95.176s][info ][gc] GC(61) Pause Young (Normal) (G1 Evacuation Pause) 615M->4M(1024M) 2.312ms
[2025-03-05T13:44:06.423+0300][96.755s][info ][gc] GC(62) Pause Young (Normal) (G1 Evacuation Pause) 616M->3M(1024M) 1.757ms
[2025-03-05T13:44:08.072+0300][98.405s][info ][gc] GC(63) Pause Young (Normal) (G1 Evacuation Pause) 616M->2M(1024M) 2.219ms
[2025-03-05T13:44:09.678+0300][100.010s][info ][gc] GC(64) Pause Young (Normal) (G1 Evacuation Pause) 615M->5M(1024M) 3.539ms
[2025-03-05T13:44:11.256+0300][101.588s][info ][gc] GC(65) Pause Young (Normal) (G1 Evacuation Pause) 616M->4M(1024M) 2.799ms
[2025-03-05T13:44:12.845+0300][103.178s][info ][gc] GC(66) Pause Young (Normal) (G1 Evacuation Pause) 615M->3M(1024M) 2.294ms
[2025-03-05T13:44:14.428+0300][104.761s][info ][gc] GC(67) Pause Young (Normal) (G1 Evacuation Pause) 615M->3M(1024M) 1.857ms
[2025-03-05T13:44:16.018+0300][106.350s][info ][gc] GC(68) Pause Young (Normal) (G1 Evacuation Pause) 616M->2M(1024M) 1.554ms
[2025-03-05T13:44:17.614+0300][107.947s][info ][gc] GC(69) Pause Young (Normal) (G1 Evacuation Pause) 615M->5M(1024M) 3.600ms
[2025-03-05T13:44:19.194+0300][109.526s][info ][gc] GC(70) Pause Young (Normal) (G1 Evacuation Pause) 616M->4M(1024M) 2.609ms
[2025-03-05T13:44:20.809+0300][111.141s][info ][gc] GC(71) Pause Young (Normal) (G1 Evacuation Pause) 615M->3M(1024M) 2.340ms
[2025-03-05T13:44:22.388+0300][112.721s][info ][gc] GC(72) Pause Young (Normal) (G1 Evacuation Pause) 615M->3M(1024M) 1.605ms
[2025-03-05T13:44:23.972+0300][114.304s][info ][gc] GC(73) Pause Young (Normal) (G1 Evacuation Pause) 616M->2M(1024M) 1.326ms
[2025-03-05T13:44:25.630+0300][115.962s][info ][gc] GC(74) Pause Young (Normal) (G1 Evacuation Pause) 615M->5M(1024M) 3.598ms
[2025-03-05T13:44:27.210+0300][117.542s][info ][gc] GC(75) Pause Young (Normal) (G1 Evacuation Pause) 616M->4M(1024M) 3.338ms
[2025-03-05T13:44:28.797+0300][119.129s][info ][gc] GC(76) Pause Young (Normal) (G1 Evacuation Pause) 615M->3M(1024M) 2.046ms
[2025-03-05T13:44:30.393+0300][120.726s][info ][gc] GC(77) Pause Young (Normal) (G1 Evacuation Pause) 615M->3M(1024M) 1.564ms
[2025-03-05T13:44:31.981+0300][122.314s][info ][gc] GC(78) Pause Young (Normal) (G1 Evacuation Pause) 616M->5M(1024M) 4.027ms
[2025-03-05T13:44:33.557+0300][123.889s][info ][gc] GC(79) Pause Young (Normal) (G1 Evacuation Pause) 615M->4M(1024M) 2.944ms
[2025-03-05T13:44:35.173+0300][125.505s][info ][gc] GC(80) Pause Young (Normal) (G1 Evacuation Pause) 615M->4M(1024M) 2.710ms
[2025-03-05T13:44:36.759+0300][127.091s][info ][gc] GC(81) Pause Young (Normal) (G1 Evacuation Pause) 616M->3M(1024M) 1.811ms
[2025-03-05T13:44:38.344+0300][128.677s][info ][gc] GC(82) Pause Young (Normal) (G1 Evacuation Pause) 616M->2M(1024M) 1.329ms
[2025-03-05T13:44:39.936+0300][130.269s][info ][gc] GC(83) Pause Young (Normal) (G1 Evacuation Pause) 615M->5M(1024M) 3.459ms
[2025-03-05T13:44:41.517+0300][131.850s][info ][gc] GC(84) Pause Young (Normal) (G1 Evacuation Pause) 615M->4M(1024M) 2.906ms
[2025-03-05T13:44:43.148+0300][133.481s][info ][gc] GC(85) Pause Young (Normal) (G1 Evacuation Pause) 615M->4M(1024M) 2.239ms
[2025-03-05T13:44:44.744+0300][135.077s][info ][gc] GC(86) Pause Young (Normal) (G1 Evacuation Pause) 616M->3M(1024M) 1.493ms
[2025-03-05T13:44:46.327+0300][136.660s][info ][gc] GC(87) Pause Young (Normal) (G1 Evacuation Pause) 616M->2M(1024M) 1.490ms
[2025-03-05T13:44:47.918+0300][138.250s][info ][gc] GC(88) Pause Young (Normal) (G1 Evacuation Pause) 615M->5M(1024M) 3.241ms
[2025-03-05T13:44:49.504+0300][139.836s][info ][gc] GC(89) Pause Young (Normal) (G1 Evacuation Pause) 616M->4M(1024M) 2.815ms
[2025-03-05T13:44:51.101+0300][141.433s][info ][gc] GC(90) Pause Young (Normal) (G1 Evacuation Pause) 615M->3M(1024M) 2.469ms
[2025-03-05T13:44:52.715+0300][143.047s][info ][gc] GC(91) Pause Young (Normal) (G1 Evacuation Pause) 615M->3M(1024M) 1.801ms
[2025-03-05T13:44:54.300+0300][144.632s][info ][gc] GC(92) Pause Young (Normal) (G1 Evacuation Pause) 616M->2M(1024M) 1.405ms
[2025-03-05T13:44:55.887+0300][146.220s][info ][gc] GC(93) Pause Young (Normal) (G1 Evacuation Pause) 615M->5M(1024M) 3.423ms
[2025-03-05T13:44:57.468+0300][147.800s][info ][gc] GC(94) Pause Young (Normal) (G1 Evacuation Pause) 616M->4M(1024M) 2.919ms
[2025-03-05T13:44:59.061+0300][149.393s][info ][gc] GC(95) Pause Young (Normal) (G1 Evacuation Pause) 615M->3M(1024M) 2.371ms
[2025-03-05T13:45:00.642+0300][150.974s][info ][gc] GC(96) Pause Young (Normal) (G1 Evacuation Pause) 615M->3M(1024M) 1.544ms
[2025-03-05T13:45:02.229+0300][152.562s][info ][gc] GC(97) Pause Young (Normal) (G1 Evacuation Pause) 616M->2M(1024M) 1.050ms
[2025-03-05T13:45:03.814+0300][154.147s][info ][gc] GC(98) Pause Young (Normal) (G1 Evacuation Pause) 615M->5M(1024M) 3.249ms
[2025-03-05T13:45:05.476+0300][155.808s][info ][gc] GC(99) Pause Young (Normal) (G1 Evacuation Pause) 616M->4M(1024M) 2.921ms
[2025-03-05T13:45:07.061+0300][157.394s][info ][gc] GC(100) Pause Young (Normal) (G1 Evacuation Pause) 616M->3M(1024M) 2.326ms
[2025-03-05T13:45:08.643+0300][158.975s][info ][gc] GC(101) Pause Young (Normal) (G1 Evacuation Pause) 615M->3M(1024M) 1.578ms
[2025-03-05T13:45:10.227+0300][160.559s][info ][gc] GC(102) Pause Young (Normal) (G1 Evacuation Pause) 616M->2M(1024M) 1.395ms
[2025-03-05T13:45:11.813+0300][162.146s][info ][gc] GC(103) Pause Young (Normal) (G1 Evacuation Pause) 615M->5M(1024M) 3.198ms
[2025-03-05T13:45:13.527+0300][163.860s][info ][gc] GC(104) Pause Young (Normal) (G1 Evacuation Pause) 616M->4M(1024M) 2.951ms
[2025-03-05T13:45:15.112+0300][165.445s][info ][gc] GC(105) Pause Young (Normal) (G1 Evacuation Pause) 615M->3M(1024M) 2.214ms
[2025-03-05T13:45:16.695+0300][167.028s][info ][gc] GC(106) Pause Young (Normal) (G1 Evacuation Pause) 615M->3M(1024M) 1.597ms
[2025-03-05T13:45:18.282+0300][168.614s][info ][gc] GC(107) Pause Young (Normal) (G1 Evacuation Pause) 616M->2M(1024M) 1.067ms
[2025-03-05T13:45:19.878+0300][170.211s][info ][gc] GC(108) Pause Young (Normal) (G1 Evacuation Pause) 615M->5M(1024M) 3.321ms
[2025-03-05T13:45:21.469+0300][171.803s][info ][gc] GC(109) Pause Young (Normal) (G1 Evacuation Pause) 616M->4M(1024M) 3.022ms
[2025-03-05T13:45:23.063+0300][173.395s][info ][gc] GC(110) Pause Young (Normal) (G1 Evacuation Pause) 615M->3M(1024M) 2.047ms
[2025-03-05T13:45:24.648+0300][174.980s][info ][gc] GC(111) Pause Young (Normal) (G1 Evacuation Pause) 615M->3M(1024M) 1.491ms
[2025-03-05T13:45:26.233+0300][176.565s][info ][gc] GC(112) Pause Young (Normal) (G1 Evacuation Pause) 616M->2M(1024M) 1.064ms
[2025-03-05T13:45:27.824+0300][178.157s][info ][gc] GC(113) Pause Young (Normal) (G1 Evacuation Pause) 615M->5M(1024M) 3.172ms
[2025-03-05T13:45:29.404+0300][179.736s][info ][gc] GC(114) Pause Young (Normal) (G1 Evacuation Pause) 616M->4M(1024M) 2.585ms
[2025-03-05T13:45:30.985+0300][181.318s][info ][gc] GC(115) Pause Young (Normal) (G1 Evacuation Pause) 616M->3M(1024M) 1.854ms
[2025-03-05T13:45:32.612+0300][182.944s][info ][gc] GC(116) Pause Young (Normal) (G1 Evacuation Pause) 615M->3M(1024M) 1.461ms
[2025-03-05T13:45:34.212+0300][184.545s][info ][gc] GC(117) Pause Young (Normal) (G1 Evacuation Pause) 616M->5M(1024M) 4.102ms
[2025-03-05T13:45:35.815+0300][186.148s][info ][gc] GC(118) Pause Young (Normal) (G1 Evacuation Pause) 615M->4M(1024M) 3.075ms
[2025-03-05T13:45:37.407+0300][187.740s][info ][gc] GC(119) Pause Young (Normal) (G1 Evacuation Pause) 615M->4M(1024M) 2.471ms
[2025-03-05T13:45:38.994+0300][189.327s][info ][gc] GC(120) Pause Young (Normal) (G1 Evacuation Pause) 616M->3M(1024M) 1.835ms
[2025-03-05T13:45:40.580+0300][190.912s][info ][gc] GC(121) Pause Young (Normal) (G1 Evacuation Pause) 615M->2M(1024M) 1.209ms
[2025-03-05T13:45:42.215+0300][192.547s][info ][gc] GC(122) Pause Young (Normal) (G1 Evacuation Pause) 615M->5M(1024M) 3.380ms
[2025-03-05T13:45:43.800+0300][194.132s][info ][gc] GC(123) Pause Young (Normal) (G1 Evacuation Pause) 616M->4M(1024M) 2.928ms
[2025-03-05T13:45:45.391+0300][195.725s][info ][gc] GC(124) Pause Young (Normal) (G1 Evacuation Pause) 615M->4M(1024M) 2.294ms
[2025-03-05T13:45:46.977+0300][197.309s][info ][gc] GC(125) Pause Young (Normal) (G1 Evacuation Pause) 616M->3M(1024M) 1.714ms
[2025-03-05T13:45:48.557+0300][198.889s][info ][gc] GC(126) Pause Young (Normal) (G1 Evacuation Pause) 616M->2M(1024M) 1.445ms
[2025-03-05T13:45:50.179+0300][200.512s][info ][gc] GC(127) Pause Young (Normal) (G1 Evacuation Pause) 615M->5M(1024M) 3.413ms
[2025-03-05T13:45:51.763+0300][202.095s][info ][gc] GC(128) Pause Young (Normal) (G1 Evacuation Pause) 616M->4M(1024M) 2.706ms
[2025-03-05T13:45:53.348+0300][203.680s][info ][gc] GC(129) Pause Young (Normal) (G1 Evacuation Pause) 615M->3M(1024M) 2.417ms
[2025-03-05T13:45:54.937+0300][205.269s][info ][gc] GC(130) Pause Young (Normal) (G1 Evacuation Pause) 615M->3M(1024M) 1.754ms
[2025-03-05T13:45:56.526+0300][206.859s][info ][gc] GC(131) Pause Young (Normal) (G1 Evacuation Pause) 616M->2M(1024M) 1.458ms
[2025-03-05T13:45:58.109+0300][208.442s][info ][gc] GC(132) Pause Young (Normal) (G1 Evacuation Pause) 615M->5M(1024M) 3.390ms
[2025-03-05T13:45:59.693+0300][210.025s][info ][gc] GC(133) Pause Young (Normal) (G1 Evacuation Pause) 616M->4M(1024M) 3.306ms
[2025-03-05T13:46:01.338+0300][211.670s][info ][gc] GC(134) Pause Young (Normal) (G1 Evacuation Pause) 615M->3M(1024M) 2.319ms
[2025-03-05T13:46:02.921+0300][213.254s][info ][gc] GC(135) Pause Young (Normal) (G1 Evacuation Pause) 615M->3M(1024M) 1.819ms
[2025-03-05T13:46:04.506+0300][214.838s][info ][gc] GC(136) Pause Young (Normal) (G1 Evacuation Pause) 616M->2M(1024M) 1.182ms
[2025-03-05T13:46:06.103+0300][216.435s][info ][gc] GC(137) Pause Young (Normal) (G1 Evacuation Pause) 615M->5M(1024M) 3.393ms
[2025-03-05T13:46:07.683+0300][218.015s][info ][gc] GC(138) Pause Young (Normal) (G1 Evacuation Pause) 616M->4M(1024M) 2.965ms
[2025-03-05T13:46:09.261+0300][219.594s][info ][gc] GC(139) Pause Young (Normal) (G1 Evacuation Pause) 615M->3M(1024M) 2.321ms
[2025-03-05T13:46:10.851+0300][221.183s][info ][gc] GC(140) Pause Young (Normal) (G1 Evacuation Pause) 615M->3M(1024M) 1.716ms
[2025-03-05T13:46:12.446+0300][222.778s][info ][gc] GC(141) Pause Young (Normal) (G1 Evacuation Pause) 616M->2M(1024M) 1.117ms
[2025-03-05T13:46:14.041+0300][224.374s][info ][gc] GC(142) Pause Young (Normal) (G1 Evacuation Pause) 615M->5M(1024M) 3.444ms
[2025-03-05T13:46:15.632+0300][225.965s][info ][gc] GC(143) Pause Young (Normal) (G1 Evacuation Pause) 616M->4M(1024M) 3.112ms
[2025-03-05T13:46:17.221+0300][227.553s][info ][gc] GC(144) Pause Young (Normal) (G1 Evacuation Pause) 615M->3M(1024M) 2.476ms
[2025-03-05T13:46:18.859+0300][229.193s][info ][gc] GC(145) Pause Young (Normal) (G1 Evacuation Pause) 615M->3M(1024M) 1.470ms
[2025-03-05T13:46:20.451+0300][230.784s][info ][gc] GC(146) Pause Young (Normal) (G1 Evacuation Pause) 616M->5M(1024M) 3.856ms
[2025-03-05T13:46:22.042+0300][232.375s][info ][gc] GC(147) Pause Young (Normal) (G1 Evacuation Pause) 615M->4M(1024M) 3.026ms
[2025-03-05T13:46:23.645+0300][233.978s][info ][gc] GC(148) Pause Young (Normal) (G1 Evacuation Pause) 615M->4M(1024M) 2.509ms
[2025-03-05T13:46:25.253+0300][235.585s][info ][gc] GC(149) Pause Young (Normal) (G1 Evacuation Pause) 616M->3M(1024M) 1.702ms
[2025-03-05T13:46:26.845+0300][237.178s][info ][gc] GC(150) Pause Young (Normal) (G1 Evacuation Pause) 616M->2M(1024M) 1.313ms
[2025-03-05T13:46:28.435+0300][238.768s][info ][gc] GC(151) Pause Young (Normal) (G1 Evacuation Pause) 615M->5M(1024M) 3.747ms
[2025-03-05T13:46:30.030+0300][240.362s][info ][gc] GC(152) Pause Young (Normal) (G1 Evacuation Pause) 615M->4M(1024M) 2.782ms
[2025-03-05T13:46:31.622+0300][241.954s][info ][gc] GC(153) Pause Young (Normal) (G1 Evacuation Pause) 615M->3M(1024M) 2.669ms
[2025-03-05T13:46:33.199+0300][243.533s][info ][gc] GC(154) Pause Young (Normal) (G1 Evacuation Pause) 615M->3M(1024M) 1.552ms
[2025-03-05T13:46:34.779+0300][245.112s][info ][gc] GC(155) Pause Young (Normal) (G1 Evacuation Pause) 616M->2M(1024M) 1.388ms
[2025-03-05T13:46:36.378+0300][246.710s][info ][gc] GC(156) Pause Young (Normal) (G1 Evacuation Pause) 615M->5M(1024M) 3.458ms
[2025-03-05T13:46:38.029+0300][248.363s][info ][gc] GC(157) Pause Young (Normal) (G1 Evacuation Pause) 616M->4M(1024M) 2.730ms
[2025-03-05T13:46:39.625+0300][249.958s][info ][gc] GC(158) Pause Young (Normal) (G1 Evacuation Pause) 615M->3M(1024M) 2.819ms
[2025-03-05T13:46:41.233+0300][251.565s][info ][gc] GC(159) Pause Young (Normal) (G1 Evacuation Pause) 615M->3M(1024M) 1.828ms
[2025-03-05T13:46:42.835+0300][253.168s][info ][gc] GC(160) Pause Young (Normal) (G1 Evacuation Pause) 616M->2M(1024M) 1.205ms
[2025-03-05T13:46:44.417+0300][254.750s][info ][gc] GC(161) Pause Young (Normal) (G1 Evacuation Pause) 615M->5M(1024M) 3.275ms
[2025-03-05T13:46:45.996+0300][256.329s][info ][gc] GC(162) Pause Young (Normal) (G1 Evacuation Pause) 616M->4M(1024M) 2.973ms
[2025-03-05T13:46:47.582+0300][257.914s][info ][gc] GC(163) Pause Young (Normal) (G1 Evacuation Pause) 615M->3M(1024M) 2.190ms
[2025-03-05T13:46:49.161+0300][259.494s][info ][gc] GC(164) Pause Young (Normal) (G1 Evacuation Pause) 615M->3M(1024M) 1.743ms
[2025-03-05T13:46:50.787+0300][261.120s][info ][gc] GC(165) Pause Young (Normal) (G1 Evacuation Pause) 616M->2M(1024M) 1.239ms
[2025-03-05T13:46:52.371+0300][262.704s][info ][gc] GC(166) Pause Young (Normal) (G1 Evacuation Pause) 615M->5M(1024M) 3.279ms
[2025-03-05T13:46:53.958+0300][264.291s][info ][gc] GC(167) Pause Young (Normal) (G1 Evacuation Pause) 616M->4M(1024M) 2.524ms
[2025-03-05T13:46:55.546+0300][265.879s][info ][gc] GC(168) Pause Young (Normal) (G1 Evacuation Pause) 616M->3M(1024M) 2.190ms
[2025-03-05T13:46:57.126+0300][267.458s][info ][gc] GC(169) Pause Young (Normal) (G1 Evacuation Pause) 615M->3M(1024M) 1.769ms
[2025-03-05T13:46:58.720+0300][269.052s][info ][gc] GC(170) Pause Young (Normal) (G1 Evacuation Pause) 616M->2M(1024M) 1.348ms
[2025-03-05T13:47:00.308+0300][270.641s][info ][gc] GC(171) Pause Young (Normal) (G1 Evacuation Pause) 615M->5M(1024M) 3.314ms
[2025-03-05T13:47:01.900+0300][272.233s][info ][gc] GC(172) Pause Young (Normal) (G1 Evacuation Pause) 616M->4M(1024M) 3.279ms
[2025-03-05T13:47:03.621+0300][273.954s][info ][gc] GC(173) Pause Young (Normal) (G1 Evacuation Pause) 615M->3M(1024M) 2.594ms
[2025-03-05T13:47:05.204+0300][275.537s][info ][gc] GC(174) Pause Young (Normal) (G1 Evacuation Pause) 615M->3M(1024M) 1.747ms
[2025-03-05T13:47:06.791+0300][277.124s][info ][gc] GC(175) Pause Young (Normal) (G1 Evacuation Pause) 616M->2M(1024M) 1.035ms
[2025-03-05T13:47:08.384+0300][278.717s][info ][gc] GC(176) Pause Young (Normal) (G1 Evacuation Pause) 615M->5M(1024M) 3.361ms
[2025-03-05T13:47:09.964+0300][280.297s][info ][gc] GC(177) Pause Young (Normal) (G1 Evacuation Pause) 616M->4M(1024M) 2.491ms
[2025-03-05T13:47:11.541+0300][281.874s][info ][gc] GC(178) Pause Young (Normal) (G1 Evacuation Pause) 616M->3M(1024M) 2.530ms
[2025-03-05T13:47:13.262+0300][283.594s][info ][gc] GC(179) Pause Young (Normal) (G1 Evacuation Pause) 615M->3M(1024M) 1.690ms
[2025-03-05T13:47:14.921+0300][285.253s][info ][gc] GC(180) Pause Young (Normal) (G1 Evacuation Pause) 616M->2M(1024M) 1.299ms
[2025-03-05T13:47:16.530+0300][286.862s][info ][gc] GC(181) Pause Young (Normal) (G1 Evacuation Pause) 615M->5M(1024M) 3.703ms
[2025-03-05T13:47:18.113+0300][288.445s][info ][gc] GC(182) Pause Young (Normal) (G1 Evacuation Pause) 616M->4M(1024M) 2.383ms
[2025-03-05T13:47:19.716+0300][290.049s][info ][gc] GC(183) Pause Young (Normal) (G1 Evacuation Pause) 616M->3M(1024M) 2.220ms
[2025-03-05T13:47:21.349+0300][291.682s][info ][gc] GC(184) Pause Young (Normal) (G1 Evacuation Pause) 615M->3M(1024M) 1.690ms
[2025-03-05T13:47:22.941+0300][293.273s][info ][gc] GC(185) Pause Young (Normal) (G1 Evacuation Pause) 616M->2M(1024M) 1.433ms
[2025-03-05T13:47:24.602+0300][294.935s][info ][gc] GC(186) Pause Young (Normal) (G1 Evacuation Pause) 615M->5M(1024M) 3.952ms
[2025-03-05T13:47:26.192+0300][296.524s][info ][gc] GC(187) Pause Young (Normal) (G1 Evacuation Pause) 616M->4M(1024M) 2.858ms
[2025-03-05T13:47:27.775+0300][298.107s][info ][gc] GC(188) Pause Young (Normal) (G1 Evacuation Pause) 615M->3M(1024M) 2.252ms
[2025-03-05T13:47:29.358+0300][299.691s][info ][gc] GC(189) Pause Young (Normal) (G1 Evacuation Pause) 615M->3M(1024M) 1.578ms
[2025-03-05T13:47:30.943+0300][301.275s][info ][gc] GC(190) Pause Young (Normal) (G1 Evacuation Pause) 616M->2M(1024M) 1.153ms
[2025-03-05T13:47:32.533+0300][302.865s][info ][gc] GC(191) Pause Young (Normal) (G1 Evacuation Pause) 615M->5M(1024M) 3.034ms
[2025-03-05T13:47:34.118+0300][304.450s][info ][gc] GC(192) Pause Young (Normal) (G1 Evacuation Pause) 616M->4M(1024M) 2.590ms
[2025-03-05T13:47:35.709+0300][306.042s][info ][gc] GC(193) Pause Young (Normal) (G1 Evacuation Pause) 616M->3M(1024M) 2.238ms
[2025-03-05T13:47:37.294+0300][307.626s][info ][gc] GC(194) Pause Young (Normal) (G1 Evacuation Pause) 615M->3M(1024M) 1.609ms
[2025-03-05T13:47:38.876+0300][309.209s][info ][gc] GC(195) Pause Young (Normal) (G1 Evacuation Pause) 616M->2M(1024M) 1.017ms
[2025-03-05T13:47:40.469+0300][310.802s][info ][gc] GC(196) Pause Young (Normal) (G1 Evacuation Pause) 615M->5M(1024M) 3.366ms
[2025-03-05T13:47:42.061+0300][312.394s][info ][gc] GC(197) Pause Young (Normal) (G1 Evacuation Pause) 616M->4M(1024M) 2.936ms
[2025-03-05T13:47:43.647+0300][313.980s][info ][gc] GC(198) Pause Young (Normal) (G1 Evacuation Pause) 615M->3M(1024M) 2.236ms
[2025-03-05T13:47:45.225+0300][315.557s][info ][gc] GC(199) Pause Young (Normal) (G1 Evacuation Pause) 615M->3M(1024M) 1.845ms
[2025-03-05T13:47:46.881+0300][317.214s][info ][gc] GC(200) Pause Young (Normal) (G1 Evacuation Pause) 616M->5M(1024M) 3.855ms
[2025-03-05T13:47:48.463+0300][318.795s][info ][gc] GC(201) Pause Young (Normal) (G1 Evacuation Pause) 615M->4M(1024M) 3.191ms
[2025-03-05T13:47:50.080+0300][320.412s][info ][gc] GC(202) Pause Young (Normal) (G1 Evacuation Pause) 615M->4M(1024M) 2.638ms
[2025-03-05T13:47:51.746+0300][322.079s][info ][gc] GC(203) Pause Young (Normal) (G1 Evacuation Pause) 616M->3M(1024M) 1.917ms
[2025-03-05T13:47:53.326+0300][323.658s][info ][gc] GC(204) Pause Young (Normal) (G1 Evacuation Pause) 615M->2M(1024M) 1.350ms
[2025-03-05T13:47:54.913+0300][325.245s][info ][gc] GC(205) Pause Young (Normal) (G1 Evacuation Pause) 615M->5M(1024M) 3.441ms
[2025-03-05T13:47:56.491+0300][326.823s][info ][gc] GC(206) Pause Young (Normal) (G1 Evacuation Pause) 615M->4M(1024M) 2.897ms
[2025-03-05T13:47:58.073+0300][328.406s][info ][gc] GC(207) Pause Young (Normal) (G1 Evacuation Pause) 615M->3M(1024M) 2.159ms
[2025-03-05T13:47:59.661+0300][329.994s][info ][gc] GC(208) Pause Young (Normal) (G1 Evacuation Pause) 615M->3M(1024M) 1.595ms
[2025-03-05T13:48:01.245+0300][331.578s][info ][gc] GC(209) Pause Young (Normal) (G1 Evacuation Pause) 616M->2M(1024M) 1.151ms
[2025-03-05T13:48:02.837+0300][333.170s][info ][gc] GC(210) Pause Young (Normal) (G1 Evacuation Pause) 615M->5M(1024M) 3.350ms
[2025-03-05T13:48:04.425+0300][334.758s][info ][gc] GC(211) Pause Young (Normal) (G1 Evacuation Pause) 616M->4M(1024M) 3.057ms
[2025-03-05T13:48:06.005+0300][336.338s][info ][gc] GC(212) Pause Young (Normal) (G1 Evacuation Pause) 615M->3M(1024M) 2.160ms
[2025-03-05T13:48:07.584+0300][337.917s][info ][gc] GC(213) Pause Young (Normal) (G1 Evacuation Pause) 615M->3M(1024M) 1.573ms
[2025-03-05T13:48:09.174+0300][339.507s][info ][gc] GC(214) Pause Young (Normal) (G1 Evacuation Pause) 616M->2M(1024M) 1.226ms
[2025-03-05T13:48:10.768+0300][341.100s][info ][gc] GC(215) Pause Young (Normal) (G1 Evacuation Pause) 615M->5M(1024M) 3.373ms
[2025-03-05T13:48:12.350+0300][342.682s][info ][gc] GC(216) Pause Young (Normal) (G1 Evacuation Pause) 616M->4M(1024M) 2.567ms
[2025-03-05T13:48:13.938+0300][344.270s][info ][gc] GC(217) Pause Young (Normal) (G1 Evacuation Pause) 616M->3M(1024M) 2.262ms
[2025-03-05T13:48:15.519+0300][345.851s][info ][gc] GC(218) Pause Young (Normal) (G1 Evacuation Pause) 615M->3M(1024M) 1.624ms
[2025-03-05T13:48:17.153+0300][347.486s][info ][gc] GC(219) Pause Young (Normal) (G1 Evacuation Pause) 616M->2M(1024M) 1.289ms
[2025-03-05T13:48:18.742+0300][349.074s][info ][gc] GC(220) Pause Young (Normal) (G1 Evacuation Pause) 615M->5M(1024M) 3.403ms
[2025-03-05T13:48:20.328+0300][350.661s][info ][gc] GC(221) Pause Young (Normal) (G1 Evacuation Pause) 616M->4M(1024M) 2.872ms
[2025-03-05T13:48:21.924+0300][352.256s][info ][gc] GC(222) Pause Young (Normal) (G1 Evacuation Pause) 615M->3M(1024M) 2.027ms
[2025-03-05T13:48:23.508+0300][353.840s][info ][gc] GC(223) Pause Young (Normal) (G1 Evacuation Pause) 615M->3M(1024M) 1.514ms
[2025-03-05T13:48:25.127+0300][355.460s][info ][gc] GC(224) Pause Young (Normal) (G1 Evacuation Pause) 616M->2M(1024M) 1.141ms
[2025-03-05T13:48:26.767+0300][357.100s][info ][gc] GC(225) Pause Young (Normal) (G1 Evacuation Pause) 615M->5M(1024M) 3.404ms
[2025-03-05T13:48:28.375+0300][358.708s][info ][gc] GC(226) Pause Young (Normal) (G1 Evacuation Pause) 616M->4M(1024M) 2.767ms
[2025-03-05T13:48:29.963+0300][360.295s][info ][gc] GC(227) Pause Young (Normal) (G1 Evacuation Pause) 615M->3M(1024M) 2.165ms
[2025-03-05T13:48:31.619+0300][361.953s][info ][gc] GC(228) Pause Young (Normal) (G1 Evacuation Pause) 615M->3M(1024M) 1.868ms
[2025-03-05T13:48:33.216+0300][363.549s][info ][gc] GC(229) Pause Young (Normal) (G1 Evacuation Pause) 616M->5M(1024M) 3.672ms
[2025-03-05T13:48:34.803+0300][365.135s][info ][gc] GC(230) Pause Young (Normal) (G1 Evacuation Pause) 615M->4M(1024M) 2.963ms
[2025-03-05T13:48:36.384+0300][366.717s][info ][gc] GC(231) Pause Young (Normal) (G1 Evacuation Pause) 615M->4M(1024M) 2.543ms
[2025-03-05T13:48:37.971+0300][368.303s][info ][gc] GC(232) Pause Young (Normal) (G1 Evacuation Pause) 616M->3M(1024M) 2.083ms
[2025-03-05T13:48:39.554+0300][369.887s][info ][gc] GC(233) Pause Young (Normal) (G1 Evacuation Pause) 616M->2M(1024M) 1.570ms
[2025-03-05T13:48:41.137+0300][371.470s][info ][gc] GC(234) Pause Young (Normal) (G1 Evacuation Pause) 615M->5M(1024M) 3.367ms
[2025-03-05T13:48:42.719+0300][373.051s][info ][gc] GC(235) Pause Young (Normal) (G1 Evacuation Pause) 615M->4M(1024M) 2.882ms
[2025-03-05T13:48:44.306+0300][374.638s][info ][gc] GC(236) Pause Young (Normal) (G1 Evacuation Pause) 615M->4M(1024M) 2.060ms
[2025-03-05T13:48:45.895+0300][376.228s][info ][gc] GC(237) Pause Young (Normal) (G1 Evacuation Pause) 616M->3M(1024M) 1.396ms
[2025-03-05T13:48:47.482+0300][377.814s][info ][gc] GC(238) Pause Young (Normal) (G1 Evacuation Pause) 616M->2M(1024M) 1.219ms
[2025-03-05T13:48:49.078+0300][379.410s][info ][gc] GC(239) Pause Young (Normal) (G1 Evacuation Pause) 615M->5M(1024M) 3.369ms
[2025-03-05T13:48:50.699+0300][381.031s][info ][gc] GC(240) Pause Young (Normal) (G1 Evacuation Pause) 616M->4M(1024M) 3.227ms
[2025-03-05T13:48:52.293+0300][382.626s][info ][gc] GC(241) Pause Young (Normal) (G1 Evacuation Pause) 615M->3M(1024M) 2.464ms
[2025-03-05T13:48:53.877+0300][384.209s][info ][gc] GC(242) Pause Young (Normal) (G1 Evacuation Pause) 615M->3M(1024M) 1.600ms
[2025-03-05T13:48:55.464+0300][385.796s][info ][gc] GC(243) Pause Young (Normal) (G1 Evacuation Pause) 616M->2M(1024M) 1.134ms
[2025-03-05T13:48:57.058+0300][387.390s][info ][gc] GC(244) Pause Young (Normal) (G1 Evacuation Pause) 615M->5M(1024M) 3.312ms
[2025-03-05T13:48:58.638+0300][388.971s][info ][gc] GC(245) Pause Young (Normal) (G1 Evacuation Pause) 616M->4M(1024M) 2.690ms
[2025-03-05T13:49:00.227+0300][390.560s][info ][gc] GC(246) Pause Young (Normal) (G1 Evacuation Pause) 615M->3M(1024M) 2.698ms
[2025-03-05T13:49:01.808+0300][392.140s][info ][gc] GC(247) Pause Young (Normal) (G1 Evacuation Pause) 615M->3M(1024M) 1.756ms
[2025-03-05T13:49:03.453+0300][393.785s][info ][gc] GC(248) Pause Young (Normal) (G1 Evacuation Pause) 616M->2M(1024M) 1.102ms
[2025-03-05T13:49:05.049+0300][395.382s][info ][gc] GC(249) Pause Young (Normal) (G1 Evacuation Pause) 615M->5M(1024M) 3.471ms
[2025-03-05T13:49:06.657+0300][396.989s][info ][gc] GC(250) Pause Young (Normal) (G1 Evacuation Pause) 616M->4M(1024M) 3.038ms
[2025-03-05T13:49:08.296+0300][398.628s][info ][gc] GC(251) Pause Young (Normal) (G1 Evacuation Pause) 615M->3M(1024M) 2.243ms
[2025-03-05T13:49:09.893+0300][400.225s][info ][gc] GC(252) Pause Young (Normal) (G1 Evacuation Pause) 615M->3M(1024M) 1.580ms
[2025-03-05T13:49:11.479+0300][401.812s][info ][gc] GC(253) Pause Young (Normal) (G1 Evacuation Pause) 616M->2M(1024M) 1.034ms
[2025-03-05T13:49:13.085+0300][403.418s][info ][gc] GC(254) Pause Young (Normal) (G1 Evacuation Pause) 615M->5M(1024M) 3.102ms
[2025-03-05T13:49:14.693+0300][405.025s][info ][gc] GC(255) Pause Young (Normal) (G1 Evacuation Pause) 616M->4M(1024M) 3.237ms
[2025-03-05T13:49:16.278+0300][406.611s][info ][gc] GC(256) Pause Young (Normal) (G1 Evacuation Pause) 616M->3M(1024M) 2.191ms
[2025-03-05T13:49:17.861+0300][408.194s][info ][gc] GC(257) Pause Young (Normal) (G1 Evacuation Pause) 615M->3M(1024M) 1.404ms
[2025-03-05T13:49:19.450+0300][409.783s][info ][gc] GC(258) Pause Young (Normal) (G1 Evacuation Pause) 616M->2M(1024M) 1.206ms
[2025-03-05T13:49:21.039+0300][411.372s][info ][gc] GC(259) Pause Young (Normal) (G1 Evacuation Pause) 615M->5M(1024M) 3.220ms
[2025-03-05T13:49:22.629+0300][412.961s][info ][gc] GC(260) Pause Young (Normal) (G1 Evacuation Pause) 616M->4M(1024M) 2.585ms
[2025-03-05T13:49:24.219+0300][414.552s][info ][gc] GC(261) Pause Young (Normal) (G1 Evacuation Pause) 616M->3M(1024M) 2.248ms
[2025-03-05T13:49:25.810+0300][416.142s][info ][gc] GC(262) Pause Young (Normal) (G1 Evacuation Pause) 615M->3M(1024M) 1.759ms
[2025-03-05T13:49:27.395+0300][417.727s][info ][gc] GC(263) Pause Young (Normal) (G1 Evacuation Pause) 616M->2M(1024M) 1.462ms
[2025-03-05T13:49:28.981+0300][419.314s][info ][gc] GC(264) Pause Young (Normal) (G1 Evacuation Pause) 615M->5M(1024M) 3.470ms
[2025-03-05T13:49:30.565+0300][420.897s][info ][gc] GC(265) Pause Young (Normal) (G1 Evacuation Pause) 616M->4M(1024M) 2.963ms
[2025-03-05T13:49:32.146+0300][422.479s][info ][gc] GC(266) Pause Young (Normal) (G1 Evacuation Pause) 615M->3M(1024M) 1.971ms
[2025-03-05T13:49:33.734+0300][424.067s][info ][gc] GC(267) Pause Young (Normal) (G1 Evacuation Pause) 615M->3M(1024M) 1.526ms
[2025-03-05T13:49:35.339+0300][425.671s][info ][gc] GC(268) Pause Young (Normal) (G1 Evacuation Pause) 616M->2M(1024M) 1.121ms
[2025-03-05T13:49:36.936+0300][427.268s][info ][gc] GC(269) Pause Young (Normal) (G1 Evacuation Pause) 615M->5M(1024M) 3.471ms
[2025-03-05T13:49:38.510+0300][428.842s][info ][gc] GC(270) Pause Young (Normal) (G1 Evacuation Pause) 616M->4M(1024M) 2.609ms
[2025-03-05T13:49:40.095+0300][430.428s][info ][gc] GC(271) Pause Young (Normal) (G1 Evacuation Pause) 616M->3M(1024M) 2.001ms
[2025-03-05T13:49:41.677+0300][432.010s][info ][gc] GC(272) Pause Young (Normal) (G1 Evacuation Pause) 615M->3M(1024M) 1.422ms
[2025-03-05T13:49:43.321+0300][433.654s][info ][gc] GC(273) Pause Young (Normal) (G1 Evacuation Pause) 616M->2M(1024M) 1.227ms
[2025-03-05T13:49:44.919+0300][435.252s][info ][gc] GC(274) Pause Young (Normal) (G1 Evacuation Pause) 615M->5M(1024M) 3.143ms
[2025-03-05T13:49:46.503+0300][436.835s][info ][gc] GC(275) Pause Young (Normal) (G1 Evacuation Pause) 616M->4M(1024M) 2.565ms
[2025-03-05T13:49:48.084+0300][438.416s][info ][gc] GC(276) Pause Young (Normal) (G1 Evacuation Pause) 616M->3M(1024M) 2.285ms
[2025-03-05T13:49:49.670+0300][440.002s][info ][gc] GC(277) Pause Young (Normal) (G1 Evacuation Pause) 615M->3M(1024M) 1.541ms
[2025-03-05T13:49:51.298+0300][441.630s][info ][gc] GC(278) Pause Young (Normal) (G1 Evacuation Pause) 616M->2M(1024M) 0.952ms
[2025-03-05T13:49:52.882+0300][443.215s][info ][gc] GC(279) Pause Young (Normal) (G1 Evacuation Pause) 615M->5M(1024M) 3.206ms
[2025-03-05T13:49:54.464+0300][444.797s][info ][gc] GC(280) Pause Young (Normal) (G1 Evacuation Pause) 616M->4M(1024M) 2.479ms
[2025-03-05T13:49:56.045+0300][446.378s][info ][gc] GC(281) Pause Young (Normal) (G1 Evacuation Pause) 616M->3M(1024M) 2.262ms
