[2025-03-05T02:12:39.997+0300][0.009s][info][gc] Using G1
[2025-03-05T02:12:39.998+0300][0.010s][debug][gc] ConcGCThreads: 2 offset 16
[2025-03-05T02:12:39.998+0300][0.010s][debug][gc] ParallelGCThreads: 8
[2025-03-05T02:12:39.998+0300][0.010s][debug][gc] Initialize mark stack with 4096 chunks, maximum 524288
[2025-03-05T02:12:40.439+0300][0.452s][info ][gc] GC(0) Pause Young (Normal) (G1 Evacuation Pause) 12M->2M(256M) 3.017ms
[2025-03-05T02:12:40.501+0300][0.514s][info ][gc] GC(1) Pause Young (Normal) (G1 Evacuation Pause) 12M->3M(256M) 2.697ms
[2025-03-05T02:12:40.565+0300][0.577s][info ][gc] GC(2) Pause Young (Normal) (G1 Evacuation Pause) 13M->3M(256M) 3.535ms
[2025-03-05T02:12:40.629+0300][0.641s][info ][gc] GC(3) Pause Young (Normal) (G1 Evacuation Pause) 13M->3M(256M) 1.190ms
[2025-03-05T02:12:40.693+0300][0.706s][info ][gc] GC(4) Pause Young (Normal) (G1 Evacuation Pause) 14M->3M(256M) 2.243ms
[2025-03-05T02:12:40.751+0300][0.763s][info ][gc] GC(5) Pause Young (Normal) (G1 Evacuation Pause) 13M->3M(256M) 1.540ms
[2025-03-05T02:12:40.825+0300][0.837s][info ][gc] GC(6) Pause Young (Normal) (G1 Evacuation Pause) 18M->2M(256M) 0.549ms
[2025-03-05T02:12:40.881+0300][0.893s][info ][gc] GC(7) Pause Young (Normal) (G1 Evacuation Pause) 13M->3M(256M) 1.417ms
[2025-03-05T02:12:40.931+0300][0.944s][info ][gc] GC(8) Pause Young (Normal) (G1 Evacuation Pause) 14M->2M(256M) 0.544ms
[2025-03-05T02:12:40.981+0300][0.993s][info ][gc] GC(9) Pause Young (Normal) (G1 Evacuation Pause) 13M->3M(256M) 1.443ms
[2025-03-05T02:12:41.035+0300][1.047s][info ][gc] GC(10) Pause Young (Normal) (G1 Evacuation Pause) 14M->2M(256M) 0.735ms
[2025-03-05T02:12:41.089+0300][1.101s][info ][gc] GC(11) Pause Young (Normal) (G1 Evacuation Pause) 13M->3M(256M) 1.442ms
[2025-03-05T02:12:41.138+0300][1.150s][info ][gc] GC(12) Pause Young (Normal) (G1 Evacuation Pause) 13M->2M(256M) 0.747ms
[2025-03-05T02:12:41.192+0300][1.204s][info ][gc] GC(13) Pause Young (Normal) (G1 Evacuation Pause) 13M->3M(256M) 1.498ms
[2025-03-05T02:12:41.236+0300][1.248s][info ][gc] GC(14) Pause Young (Normal) (G1 Evacuation Pause) 13M->2M(256M) 0.683ms
[2025-03-05T02:12:41.283+0300][1.296s][info ][gc] GC(15) Pause Young (Normal) (G1 Evacuation Pause) 13M->3M(256M) 1.641ms
[2025-03-05T02:12:41.329+0300][1.341s][info ][gc] GC(16) Pause Young (Normal) (G1 Evacuation Pause) 13M->2M(256M) 0.908ms
[2025-03-05T02:12:41.378+0300][1.391s][info ][gc] GC(17) Pause Young (Normal) (G1 Evacuation Pause) 13M->3M(256M) 1.846ms
[2025-03-05T02:12:41.423+0300][1.435s][info ][gc] GC(18) Pause Young (Normal) (G1 Evacuation Pause) 13M->2M(256M) 0.755ms
[2025-03-05T02:12:41.469+0300][1.482s][info ][gc] GC(19) Pause Young (Normal) (G1 Evacuation Pause) 13M->3M(256M) 1.458ms
[2025-03-05T02:12:41.510+0300][1.522s][info ][gc] GC(20) Pause Young (Normal) (G1 Evacuation Pause) 13M->3M(256M) 0.943ms
[2025-03-05T02:12:41.555+0300][1.567s][info ][gc] GC(21) Pause Young (Normal) (G1 Evacuation Pause) 14M->3M(256M) 1.585ms
[2025-03-05T02:12:41.595+0300][1.607s][info ][gc] GC(22) Pause Young (Normal) (G1 Evacuation Pause) 13M->2M(256M) 1.189ms
[2025-03-05T02:12:41.640+0300][1.653s][info ][gc] GC(23) Pause Young (Normal) (G1 Evacuation Pause) 13M->3M(256M) 1.661ms
[2025-03-05T02:12:41.681+0300][1.693s][info ][gc] GC(24) Pause Young (Normal) (G1 Evacuation Pause) 13M->3M(256M) 0.893ms
[2025-03-05T02:12:41.727+0300][1.740s][info ][gc] GC(25) Pause Young (Normal) (G1 Evacuation Pause) 14M->3M(256M) 1.757ms
[2025-03-05T02:12:41.768+0300][1.780s][info ][gc] GC(26) Pause Young (Normal) (G1 Evacuation Pause) 13M->3M(256M) 1.136ms
[2025-03-05T02:12:41.817+0300][1.830s][info ][gc] GC(27) Pause Young (Normal) (G1 Evacuation Pause) 15M->3M(256M) 1.935ms
[2025-03-05T02:12:41.860+0300][1.872s][info ][gc] GC(28) Pause Young (Normal) (G1 Evacuation Pause) 13M->3M(256M) 1.310ms
[2025-03-05T02:12:41.904+0300][1.917s][info ][gc] GC(29) Pause Young (Normal) (G1 Evacuation Pause) 14M->4M(256M) 1.930ms
[2025-03-05T02:12:41.946+0300][1.958s][info ][gc] GC(30) Pause Young (Normal) (G1 Evacuation Pause) 14M->3M(256M) 1.292ms
[2025-03-05T02:12:41.990+0300][2.003s][info ][gc] GC(31) Pause Young (Normal) (G1 Evacuation Pause) 14M->4M(256M) 1.841ms
[2025-03-05T02:12:42.032+0300][2.044s][info ][gc] GC(32) Pause Young (Normal) (G1 Evacuation Pause) 14M->3M(256M) 1.264ms
[2025-03-05T02:12:42.078+0300][2.090s][info ][gc] GC(33) Pause Young (Normal) (G1 Evacuation Pause) 14M->4M(256M) 1.603ms
[2025-03-05T02:12:42.118+0300][2.130s][info ][gc] GC(34) Pause Young (Normal) (G1 Evacuation Pause) 14M->3M(256M) 1.188ms
[2025-03-05T02:12:42.162+0300][2.175s][info ][gc] GC(35) Pause Young (Normal) (G1 Evacuation Pause) 14M->4M(256M) 1.827ms
[2025-03-05T02:12:42.202+0300][2.215s][info ][gc] GC(36) Pause Young (Normal) (G1 Evacuation Pause) 14M->3M(256M) 1.335ms
[2025-03-05T02:12:42.247+0300][2.260s][info ][gc] GC(37) Pause Young (Normal) (G1 Evacuation Pause) 14M->4M(256M) 1.546ms
[2025-03-05T02:12:42.289+0300][2.301s][info ][gc] GC(38) Pause Young (Normal) (G1 Evacuation Pause) 14M->3M(256M) 1.272ms
[2025-03-05T02:12:42.333+0300][2.346s][info ][gc] GC(39) Pause Young (Normal) (G1 Evacuation Pause) 14M->4M(256M) 1.868ms
[2025-03-05T02:12:42.374+0300][2.387s][info ][gc] GC(40) Pause Young (Normal) (G1 Evacuation Pause) 14M->3M(256M) 1.359ms
[2025-03-05T02:12:42.421+0300][2.434s][info ][gc] GC(41) Pause Young (Normal) (G1 Evacuation Pause) 14M->4M(256M) 1.656ms
[2025-03-05T02:12:42.462+0300][2.475s][info ][gc] GC(42) Pause Young (Normal) (G1 Evacuation Pause) 14M->3M(256M) 1.549ms
[2025-03-05T02:12:42.509+0300][2.522s][info ][gc] GC(43) Pause Young (Normal) (G1 Evacuation Pause) 14M->4M(256M) 2.074ms
[2025-03-05T02:12:42.549+0300][2.562s][info ][gc] GC(44) Pause Young (Normal) (G1 Evacuation Pause) 14M->3M(256M) 1.212ms
[2025-03-05T02:12:42.594+0300][2.606s][info ][gc] GC(45) Pause Young (Normal) (G1 Evacuation Pause) 14M->4M(256M) 2.069ms
[2025-03-05T02:12:42.635+0300][2.647s][info ][gc] GC(46) Pause Young (Normal) (G1 Evacuation Pause) 14M->3M(256M) 1.495ms
[2025-03-05T02:12:42.679+0300][2.692s][info ][gc] GC(47) Pause Young (Normal) (G1 Evacuation Pause) 14M->2M(256M) 0.879ms
[2025-03-05T02:12:42.724+0300][2.737s][info ][gc] GC(48) Pause Young (Normal) (G1 Evacuation Pause) 13M->3M(256M) 1.403ms
[2025-03-05T02:12:42.769+0300][2.781s][info ][gc] GC(49) Pause Young (Normal) (G1 Evacuation Pause) 14M->2M(256M) 0.855ms
[2025-03-05T02:12:42.813+0300][2.825s][info ][gc] GC(50) Pause Young (Normal) (G1 Evacuation Pause) 13M->3M(256M) 1.327ms
[2025-03-05T02:12:42.857+0300][2.869s][info ][gc] GC(51) Pause Young (Normal) (G1 Evacuation Pause) 14M->2M(256M) 1.022ms
[2025-03-05T02:12:42.903+0300][2.915s][info ][gc] GC(52) Pause Young (Normal) (G1 Evacuation Pause) 13M->3M(256M) 1.787ms
[2025-03-05T02:12:42.943+0300][2.955s][info ][gc] GC(53) Pause Young (Normal) (G1 Evacuation Pause) 13M->2M(256M) 0.810ms
[2025-03-05T02:12:42.988+0300][3.000s][info ][gc] GC(54) Pause Young (Normal) (G1 Evacuation Pause) 13M->3M(256M) 1.489ms
[2025-03-05T02:12:43.029+0300][3.041s][info ][gc] GC(55) Pause Young (Normal) (G1 Evacuation Pause) 13M->2M(256M) 1.027ms
[2025-03-05T02:12:43.074+0300][3.087s][info ][gc] GC(56) Pause Young (Normal) (G1 Evacuation Pause) 13M->3M(256M) 1.720ms
[2025-03-05T02:12:43.115+0300][3.128s][info ][gc] GC(57) Pause Young (Normal) (G1 Evacuation Pause) 13M->2M(256M) 0.807ms
[2025-03-05T02:12:43.162+0300][3.174s][info ][gc] GC(58) Pause Young (Normal) (G1 Evacuation Pause) 13M->3M(256M) 1.449ms
[2025-03-05T02:12:43.202+0300][3.215s][info ][gc] GC(59) Pause Young (Normal) (G1 Evacuation Pause) 13M->2M(256M) 1.098ms
[2025-03-05T02:12:43.248+0300][3.261s][info ][gc] GC(60) Pause Young (Normal) (G1 Evacuation Pause) 13M->3M(256M) 2.570ms
[2025-03-05T02:12:43.289+0300][3.302s][info ][gc] GC(61) Pause Young (Normal) (G1 Evacuation Pause) 13M->2M(256M) 0.941ms
[2025-03-05T02:12:43.336+0300][3.348s][info ][gc] GC(62) Pause Young (Normal) (G1 Evacuation Pause) 13M->3M(256M) 1.696ms
[2025-03-05T02:12:43.376+0300][3.388s][info ][gc] GC(63) Pause Young (Normal) (G1 Evacuation Pause) 13M->2M(256M) 1.132ms
[2025-03-05T02:12:43.421+0300][3.434s][info ][gc] GC(64) Pause Young (Normal) (G1 Evacuation Pause) 13M->3M(256M) 1.738ms
[2025-03-05T02:12:43.463+0300][3.474s][info ][gc] GC(65) Pause Young (Normal) (G1 Evacuation Pause) 13M->2M(256M) 0.951ms
[2025-03-05T02:12:43.512+0300][3.525s][info ][gc] GC(66) Pause Young (Normal) (G1 Evacuation Pause) 13M->3M(256M) 1.531ms
[2025-03-05T02:12:43.554+0300][3.566s][info ][gc] GC(67) Pause Young (Normal) (G1 Evacuation Pause) 13M->3M(256M) 1.467ms
[2025-03-05T02:12:43.600+0300][3.612s][info ][gc] GC(68) Pause Young (Normal) (G1 Evacuation Pause) 14M->3M(256M) 1.948ms
[2025-03-05T02:12:43.641+0300][3.653s][info ][gc] GC(69) Pause Young (Normal) (G1 Evacuation Pause) 13M->3M(256M) 1.222ms
[2025-03-05T02:12:43.687+0300][3.699s][info ][gc] GC(70) Pause Young (Normal) (G1 Evacuation Pause) 14M->3M(256M) 1.841ms
[2025-03-05T02:12:43.728+0300][3.741s][info ][gc] GC(71) Pause Young (Normal) (G1 Evacuation Pause) 13M->3M(256M) 1.463ms
[2025-03-05T02:12:43.775+0300][3.787s][info ][gc] GC(72) Pause Young (Normal) (G1 Evacuation Pause) 14M->3M(256M) 1.796ms
[2025-03-05T02:12:43.818+0300][3.830s][info ][gc] GC(73) Pause Young (Normal) (G1 Evacuation Pause) 13M->3M(256M) 1.145ms
[2025-03-05T02:12:43.865+0300][3.877s][info ][gc] GC(74) Pause Young (Normal) (G1 Evacuation Pause) 14M->3M(256M) 1.743ms
[2025-03-05T02:12:43.909+0300][3.921s][info ][gc] GC(75) Pause Young (Normal) (G1 Evacuation Pause) 13M->3M(256M) 1.010ms
[2025-03-05T02:12:43.956+0300][3.968s][info ][gc] GC(76) Pause Young (Normal) (G1 Evacuation Pause) 14M->3M(256M) 1.654ms
[2025-03-05T02:12:43.999+0300][4.011s][info ][gc] GC(77) Pause Young (Normal) (G1 Evacuation Pause) 13M->3M(256M) 1.028ms
[2025-03-05T02:12:44.046+0300][4.059s][info ][gc] GC(78) Pause Young (Normal) (G1 Evacuation Pause) 14M->4M(256M) 1.785ms
[2025-03-05T02:12:44.089+0300][4.101s][info ][gc] GC(79) Pause Young (Normal) (G1 Evacuation Pause) 14M->3M(256M) 1.019ms
[2025-03-05T02:12:44.136+0300][4.149s][info ][gc] GC(80) Pause Young (Normal) (G1 Evacuation Pause) 14M->4M(256M) 1.614ms
[2025-03-05T02:12:44.178+0300][4.190s][info ][gc] GC(81) Pause Young (Normal) (G1 Evacuation Pause) 14M->3M(256M) 1.111ms
[2025-03-05T02:12:44.226+0300][4.238s][info ][gc] GC(82) Pause Young (Normal) (G1 Evacuation Pause) 14M->4M(256M) 1.693ms
[2025-03-05T02:12:44.267+0300][4.279s][info ][gc] GC(83) Pause Young (Normal) (G1 Evacuation Pause) 14M->3M(256M) 1.097ms
[2025-03-05T02:12:44.314+0300][4.326s][info ][gc] GC(84) Pause Young (Normal) (G1 Evacuation Pause) 14M->4M(256M) 1.745ms
[2025-03-05T02:12:44.355+0300][4.368s][info ][gc] GC(85) Pause Young (Normal) (G1 Evacuation Pause) 14M->3M(256M) 1.279ms
[2025-03-05T02:12:44.401+0300][4.414s][info ][gc] GC(86) Pause Young (Normal) (G1 Evacuation Pause) 14M->4M(256M) 1.594ms
[2025-03-05T02:12:44.443+0300][4.455s][info ][gc] GC(87) Pause Young (Normal) (G1 Evacuation Pause) 14M->3M(256M) 1.492ms
[2025-03-05T02:12:44.490+0300][4.503s][info ][gc] GC(88) Pause Young (Normal) (G1 Evacuation Pause) 14M->4M(256M) 1.900ms
[2025-03-05T02:12:44.531+0300][4.544s][info ][gc] GC(89) Pause Young (Normal) (G1 Evacuation Pause) 14M->3M(256M) 1.147ms
[2025-03-05T02:12:44.577+0300][4.589s][info ][gc] GC(90) Pause Young (Normal) (G1 Evacuation Pause) 14M->4M(256M) 1.892ms
[2025-03-05T02:12:44.618+0300][4.630s][info ][gc] GC(91) Pause Young (Normal) (G1 Evacuation Pause) 14M->3M(256M) 1.121ms
[2025-03-05T02:12:44.664+0300][4.677s][info ][gc] GC(92) Pause Young (Normal) (G1 Evacuation Pause) 14M->4M(256M) 1.928ms
[2025-03-05T02:12:44.708+0300][4.720s][info ][gc] GC(93) Pause Young (Normal) (G1 Evacuation Pause) 14M->3M(256M) 1.183ms
[2025-03-05T02:12:44.754+0300][4.765s][info ][gc] GC(94) Pause Young (Normal) (G1 Evacuation Pause) 14M->4M(256M) 1.983ms
