[2025-03-05T14:52:23.044+0300][0.012s][info][gc] Using G1
[2025-03-05T14:52:23.044+0300][0.012s][debug][gc] ConcGCThreads: 2 offset 16
[2025-03-05T14:52:23.045+0300][0.012s][debug][gc] ParallelGCThreads: 8
[2025-03-05T14:52:23.045+0300][0.013s][debug][gc] Initialize mark stack with 4096 chunks, maximum 524288
[2025-03-05T14:52:23.854+0300][0.822s][info ][gc] GC(0) Pause Young (Normal) (G1 Evacuation Pause) 76M->4M(1536M) 4.220ms
[2025-03-05T14:52:24.245+0300][1.213s][info ][gc] GC(1) Pause Young (Normal) (G1 Evacuation Pause) 87M->4M(1536M) 3.278ms
[2025-03-05T14:52:28.123+0300][5.090s][info ][gc] GC(2) Pause Young (Normal) (G1 Evacuation Pause) 920M->3M(1536M) 4.190ms
[2025-03-05T14:52:31.796+0300][8.763s][info ][gc] GC(3) Pause Young (Normal) (G1 Evacuation Pause) 920M->3M(1536M) 2.929ms
[2025-03-05T14:52:35.492+0300][12.460s][info ][gc] GC(4) Pause Young (Normal) (G1 Evacuation Pause) 920M->2M(1536M) 2.191ms
[2025-03-05T14:52:39.261+0300][16.229s][info ][gc] GC(5) Pause Young (Normal) (G1 Evacuation Pause) 920M->3M(1536M) 2.943ms
[2025-03-05T14:52:42.903+0300][19.872s][info ][gc] GC(6) Pause Young (Normal) (G1 Evacuation Pause) 920M->2M(1536M) 2.501ms
[2025-03-05T14:52:46.599+0300][23.567s][info ][gc] GC(7) Pause Young (Normal) (G1 Evacuation Pause) 920M->3M(1536M) 3.073ms
[2025-03-05T14:52:50.304+0300][27.271s][info ][gc] GC(8) Pause Young (Normal) (G1 Evacuation Pause) 920M->2M(1536M) 2.499ms
[2025-03-05T14:52:54.046+0300][31.014s][info ][gc] GC(9) Pause Young (Normal) (G1 Evacuation Pause) 920M->3M(1536M) 2.847ms
[2025-03-05T14:52:57.713+0300][34.681s][info ][gc] GC(10) Pause Young (Normal) (G1 Evacuation Pause) 920M->4M(1536M) 3.383ms
[2025-03-05T14:53:01.388+0300][38.355s][info ][gc] GC(11) Pause Young (Normal) (G1 Evacuation Pause) 920M->3M(1536M) 3.706ms
[2025-03-05T14:53:05.032+0300][42.000s][info ][gc] GC(12) Pause Young (Normal) (G1 Evacuation Pause) 920M->4M(1536M) 3.127ms
[2025-03-05T14:53:08.840+0300][45.809s][info ][gc] GC(13) Pause Young (Normal) (G1 Evacuation Pause) 920M->3M(1536M) 2.287ms
[2025-03-05T14:53:12.525+0300][49.493s][info ][gc] GC(14) Pause Young (Normal) (G1 Evacuation Pause) 921M->3M(1536M) 2.624ms
[2025-03-05T14:53:16.178+0300][53.146s][info ][gc] GC(15) Pause Young (Normal) (G1 Evacuation Pause) 920M->3M(1536M) 2.787ms
[2025-03-05T14:53:19.858+0300][56.825s][info ][gc] GC(16) Pause Young (Normal) (G1 Evacuation Pause) 923M->3M(1536M) 2.212ms
[2025-03-05T14:53:23.546+0300][60.514s][info ][gc] GC(17) Pause Young (Normal) (G1 Evacuation Pause) 922M->3M(1536M) 1.383ms
[2025-03-05T14:53:27.307+0300][64.275s][info ][gc] GC(18) Pause Young (Normal) (G1 Evacuation Pause) 923M->3M(1536M) 2.571ms
[2025-03-05T14:53:30.976+0300][67.944s][info ][gc] GC(19) Pause Young (Normal) (G1 Evacuation Pause) 922M->3M(1536M) 1.699ms
[2025-03-05T14:53:34.694+0300][71.662s][info ][gc] GC(20) Pause Young (Normal) (G1 Evacuation Pause) 923M->4M(1536M) 3.002ms
[2025-03-05T14:53:38.474+0300][75.441s][info ][gc] GC(21) Pause Young (Normal) (G1 Evacuation Pause) 923M->3M(1536M) 2.008ms
[2025-03-05T14:53:42.233+0300][79.201s][info ][gc] GC(22) Pause Young (Normal) (G1 Evacuation Pause) 923M->2M(1536M) 1.292ms
[2025-03-05T14:53:45.968+0300][82.936s][info ][gc] GC(23) Pause Young (Normal) (G1 Evacuation Pause) 922M->3M(1536M) 2.028ms
[2025-03-05T14:53:49.665+0300][86.633s][info ][gc] GC(24) Pause Young (Normal) (G1 Evacuation Pause) 922M->2M(1536M) 1.442ms
[2025-03-05T14:53:53.363+0300][90.331s][info ][gc] GC(25) Pause Young (Normal) (G1 Evacuation Pause) 922M->3M(1536M) 2.648ms
[2025-03-05T14:53:57.103+0300][94.072s][info ][gc] GC(26) Pause Young (Normal) (G1 Evacuation Pause) 922M->3M(1536M) 1.573ms
[2025-03-05T14:54:00.811+0300][97.779s][info ][gc] GC(27) Pause Young (Normal) (G1 Evacuation Pause) 923M->4M(1536M) 2.566ms
[2025-03-05T14:54:04.489+0300][101.456s][info ][gc] GC(28) Pause Young (Normal) (G1 Evacuation Pause) 923M->3M(1536M) 3.285ms
[2025-03-05T14:54:08.199+0300][105.166s][info ][gc] GC(29) Pause Young (Normal) (G1 Evacuation Pause) 923M->2M(1536M) 1.242ms
[2025-03-05T14:54:11.892+0300][108.861s][info ][gc] GC(30) Pause Young (Normal) (G1 Evacuation Pause) 922M->3M(1536M) 2.195ms
[2025-03-05T14:54:15.568+0300][112.536s][info ][gc] GC(31) Pause Young (Normal) (G1 Evacuation Pause) 923M->2M(1536M) 1.300ms
[2025-03-05T14:54:19.244+0300][116.212s][info ][gc] GC(32) Pause Young (Normal) (G1 Evacuation Pause) 922M->3M(1536M) 2.526ms
[2025-03-05T14:54:23.055+0300][120.023s][info ][gc] GC(33) Pause Young (Normal) (G1 Evacuation Pause) 922M->3M(1536M) 2.102ms
[2025-03-05T14:54:26.746+0300][123.715s][info ][gc] GC(34) Pause Young (Normal) (G1 Evacuation Pause) 923M->4M(1536M) 2.615ms
[2025-03-05T14:54:30.411+0300][127.379s][info ][gc] GC(35) Pause Young (Normal) (G1 Evacuation Pause) 923M->3M(1536M) 1.826ms
[2025-03-05T14:54:34.097+0300][131.065s][info ][gc] GC(36) Pause Young (Normal) (G1 Evacuation Pause) 923M->2M(1536M) 1.347ms
[2025-03-05T14:54:37.858+0300][134.825s][info ][gc] GC(37) Pause Young (Normal) (G1 Evacuation Pause) 922M->3M(1536M) 1.957ms
[2025-03-05T14:54:41.532+0300][138.499s][info ][gc] GC(38) Pause Young (Normal) (G1 Evacuation Pause) 923M->2M(1536M) 1.339ms
[2025-03-05T14:54:45.254+0300][142.223s][info ][gc] GC(39) Pause Young (Normal) (G1 Evacuation Pause) 922M->3M(1536M) 3.343ms
[2025-03-05T14:54:48.938+0300][145.906s][info ][gc] GC(40) Pause Young (Normal) (G1 Evacuation Pause) 922M->3M(1536M) 1.924ms
[2025-03-05T14:54:52.636+0300][149.604s][info ][gc] GC(41) Pause Young (Normal) (G1 Evacuation Pause) 923M->4M(1536M) 2.565ms
[2025-03-05T14:54:56.326+0300][153.293s][info ][gc] GC(42) Pause Young (Normal) (G1 Evacuation Pause) 923M->3M(1536M) 1.744ms
[2025-03-05T14:55:00.004+0300][156.971s][info ][gc] GC(43) Pause Young (Normal) (G1 Evacuation Pause) 923M->2M(1536M) 1.616ms
[2025-03-05T14:55:03.690+0300][160.657s][info ][gc] GC(44) Pause Young (Normal) (G1 Evacuation Pause) 922M->3M(1536M) 3.210ms
[2025-03-05T14:55:07.365+0300][164.333s][info ][gc] GC(45) Pause Young (Normal) (G1 Evacuation Pause) 922M->2M(1536M) 1.252ms
[2025-03-05T14:55:11.122+0300][168.090s][info ][gc] GC(46) Pause Young (Normal) (G1 Evacuation Pause) 922M->3M(1536M) 3.149ms
[2025-03-05T14:55:14.805+0300][171.774s][info ][gc] GC(47) Pause Young (Normal) (G1 Evacuation Pause) 922M->3M(1536M) 1.715ms
[2025-03-05T14:55:18.515+0300][175.483s][info ][gc] GC(48) Pause Young (Normal) (G1 Evacuation Pause) 923M->4M(1536M) 2.506ms
[2025-03-05T14:55:22.262+0300][179.229s][info ][gc] GC(49) Pause Young (Normal) (G1 Evacuation Pause) 923M->3M(1536M) 1.826ms
[2025-03-05T14:55:25.942+0300][182.909s][info ][gc] GC(50) Pause Young (Normal) (G1 Evacuation Pause) 923M->4M(1536M) 2.641ms
[2025-03-05T14:55:29.647+0300][186.615s][info ][gc] GC(51) Pause Young (Normal) (G1 Evacuation Pause) 923M->3M(1536M) 1.941ms
[2025-03-05T14:55:33.339+0300][190.306s][info ][gc] GC(52) Pause Young (Normal) (G1 Evacuation Pause) 923M->2M(1536M) 1.556ms
[2025-03-05T14:55:37.033+0300][194.001s][info ][gc] GC(53) Pause Young (Normal) (G1 Evacuation Pause) 922M->3M(1536M) 2.527ms
[2025-03-05T14:55:40.716+0300][197.684s][info ][gc] GC(54) Pause Young (Normal) (G1 Evacuation Pause) 922M->3M(1536M) 1.335ms
[2025-03-05T14:55:44.446+0300][201.413s][info ][gc] GC(55) Pause Young (Normal) (G1 Evacuation Pause) 923M->3M(1536M) 2.112ms
[2025-03-05T14:55:48.137+0300][205.104s][info ][gc] GC(56) Pause Young (Normal) (G1 Evacuation Pause) 922M->3M(1536M) 1.933ms
[2025-03-05T14:55:51.909+0300][208.876s][info ][gc] GC(57) Pause Young (Normal) (G1 Evacuation Pause) 923M->4M(1536M) 2.467ms
[2025-03-05T14:55:55.588+0300][212.556s][info ][gc] GC(58) Pause Young (Normal) (G1 Evacuation Pause) 923M->3M(1536M) 3.064ms
[2025-03-05T14:55:59.319+0300][216.287s][info ][gc] GC(59) Pause Young (Normal) (G1 Evacuation Pause) 923M->2M(1536M) 1.405ms
[2025-03-05T14:56:03.004+0300][219.972s][info ][gc] GC(60) Pause Young (Normal) (G1 Evacuation Pause) 922M->3M(1536M) 2.351ms
[2025-03-05T14:56:06.698+0300][223.665s][info ][gc] GC(61) Pause Young (Normal) (G1 Evacuation Pause) 922M->2M(1536M) 1.332ms
[2025-03-05T14:56:10.382+0300][227.350s][info ][gc] GC(62) Pause Young (Normal) (G1 Evacuation Pause) 922M->3M(1536M) 2.140ms
[2025-03-05T14:56:14.059+0300][231.026s][info ][gc] GC(63) Pause Young (Normal) (G1 Evacuation Pause) 922M->3M(1536M) 1.631ms
[2025-03-05T14:56:17.835+0300][234.803s][info ][gc] GC(64) Pause Young (Normal) (G1 Evacuation Pause) 923M->4M(1536M) 2.525ms
[2025-03-05T14:56:21.584+0300][238.552s][info ][gc] GC(65) Pause Young (Normal) (G1 Evacuation Pause) 923M->3M(1536M) 1.873ms
[2025-03-05T14:56:25.348+0300][242.316s][info ][gc] GC(66) Pause Young (Normal) (G1 Evacuation Pause) 923M->4M(1536M) 2.803ms
[2025-03-05T14:56:29.045+0300][246.013s][info ][gc] GC(67) Pause Young (Normal) (G1 Evacuation Pause) 923M->3M(1536M) 1.740ms
[2025-03-05T14:56:32.735+0300][249.703s][info ][gc] GC(68) Pause Young (Normal) (G1 Evacuation Pause) 923M->2M(1536M) 1.380ms
[2025-03-05T14:56:36.428+0300][253.396s][info ][gc] GC(69) Pause Young (Normal) (G1 Evacuation Pause) 922M->3M(1536M) 2.192ms
[2025-03-05T14:56:40.119+0300][257.087s][info ][gc] GC(70) Pause Young (Normal) (G1 Evacuation Pause) 922M->3M(1536M) 1.565ms
[2025-03-05T14:56:43.817+0300][260.785s][info ][gc] GC(71) Pause Young (Normal) (G1 Evacuation Pause) 923M->4M(1536M) 2.481ms
[2025-03-05T14:56:47.496+0300][264.464s][info ][gc] GC(72) Pause Young (Normal) (G1 Evacuation Pause) 923M->3M(1536M) 2.001ms
[2025-03-05T14:56:51.269+0300][268.236s][info ][gc] GC(73) Pause Young (Normal) (G1 Evacuation Pause) 923M->4M(1536M) 2.347ms
[2025-03-05T14:56:54.971+0300][271.938s][info ][gc] GC(74) Pause Young (Normal) (G1 Evacuation Pause) 923M->3M(1536M) 2.333ms
[2025-03-05T14:56:58.654+0300][275.621s][info ][gc] GC(75) Pause Young (Normal) (G1 Evacuation Pause) 923M->2M(1536M) 1.876ms
[2025-03-05T14:57:02.468+0300][279.436s][info ][gc] GC(76) Pause Young (Normal) (G1 Evacuation Pause) 922M->3M(1536M) 1.988ms
[2025-03-05T14:57:06.239+0300][283.206s][info ][gc] GC(77) Pause Young (Normal) (G1 Evacuation Pause) 922M->2M(1536M) 1.947ms
[2025-03-05T14:57:09.963+0300][286.931s][info ][gc] GC(78) Pause Young (Normal) (G1 Evacuation Pause) 922M->3M(1536M) 2.526ms
[2025-03-05T14:57:13.640+0300][290.608s][info ][gc] GC(79) Pause Young (Normal) (G1 Evacuation Pause) 922M->3M(1536M) 1.981ms
[2025-03-05T14:57:17.332+0300][294.299s][info ][gc] GC(80) Pause Young (Normal) (G1 Evacuation Pause) 923M->4M(1536M) 2.536ms
[2025-03-05T14:57:21.028+0300][297.996s][info ][gc] GC(81) Pause Young (Normal) (G1 Evacuation Pause) 923M->3M(1536M) 2.100ms
[2025-03-05T14:57:24.775+0300][301.742s][info ][gc] GC(82) Pause Young (Normal) (G1 Evacuation Pause) 923M->2M(1536M) 1.291ms
[2025-03-05T14:57:28.465+0300][305.433s][info ][gc] GC(83) Pause Young (Normal) (G1 Evacuation Pause) 922M->3M(1536M) 1.930ms
[2025-03-05T14:57:32.177+0300][309.144s][info ][gc] GC(84) Pause Young (Normal) (G1 Evacuation Pause) 923M->2M(1536M) 1.331ms
[2025-03-05T14:57:35.936+0300][312.904s][info ][gc] GC(85) Pause Young (Normal) (G1 Evacuation Pause) 922M->3M(1536M) 2.363ms
[2025-03-05T14:57:39.616+0300][316.583s][info ][gc] GC(86) Pause Young (Normal) (G1 Evacuation Pause) 922M->3M(1536M) 1.860ms
[2025-03-05T14:57:43.308+0300][320.276s][info ][gc] GC(87) Pause Young (Normal) (G1 Evacuation Pause) 923M->4M(1536M) 2.513ms
[2025-03-05T14:57:46.980+0300][323.948s][info ][gc] GC(88) Pause Young (Normal) (G1 Evacuation Pause) 923M->3M(1536M) 2.057ms
[2025-03-05T14:57:50.666+0300][327.633s][info ][gc] GC(89) Pause Young (Normal) (G1 Evacuation Pause) 923M->2M(1536M) 1.137ms
[2025-03-05T14:57:54.428+0300][331.396s][info ][gc] GC(90) Pause Young (Normal) (G1 Evacuation Pause) 922M->3M(1536M) 2.350ms
[2025-03-05T14:57:58.096+0300][335.065s][info ][gc] GC(91) Pause Young (Normal) (G1 Evacuation Pause) 922M->2M(1536M) 1.513ms
[2025-03-05T14:58:01.778+0300][338.746s][info ][gc] GC(92) Pause Young (Normal) (G1 Evacuation Pause) 922M->3M(1536M) 2.089ms
[2025-03-05T14:58:05.491+0300][342.459s][info ][gc] GC(93) Pause Young (Normal) (G1 Evacuation Pause) 922M->3M(1536M) 1.523ms
[2025-03-05T14:58:09.260+0300][346.228s][info ][gc] GC(94) Pause Young (Normal) (G1 Evacuation Pause) 923M->4M(1536M) 3.031ms
[2025-03-05T14:58:13.045+0300][350.013s][info ][gc] GC(95) Pause Young (Normal) (G1 Evacuation Pause) 923M->3M(1536M) 1.994ms
[2025-03-05T14:58:16.740+0300][353.708s][info ][gc] GC(96) Pause Young (Normal) (G1 Evacuation Pause) 923M->4M(1536M) 2.698ms
[2025-03-05T14:58:20.523+0300][357.491s][info ][gc] GC(97) Pause Young (Normal) (G1 Evacuation Pause) 923M->3M(1536M) 2.105ms
[2025-03-05T14:58:24.219+0300][361.187s][info ][gc] GC(98) Pause Young (Normal) (G1 Evacuation Pause) 923M->2M(1536M) 1.492ms
[2025-03-05T14:58:27.904+0300][364.872s][info ][gc] GC(99) Pause Young (Normal) (G1 Evacuation Pause) 922M->3M(1536M) 2.127ms
[2025-03-05T14:58:31.598+0300][368.566s][info ][gc] GC(100) Pause Young (Normal) (G1 Evacuation Pause) 922M->3M(1536M) 1.676ms
[2025-03-05T14:58:35.421+0300][372.389s][info ][gc] GC(101) Pause Young (Normal) (G1 Evacuation Pause) 923M->3M(1536M) 3.583ms
[2025-03-05T14:58:39.156+0300][376.123s][info ][gc] GC(102) Pause Young (Normal) (G1 Evacuation Pause) 922M->3M(1536M) 2.061ms
[2025-03-05T14:58:42.837+0300][379.805s][info ][gc] GC(103) Pause Young (Normal) (G1 Evacuation Pause) 923M->4M(1536M) 2.203ms
[2025-03-05T14:58:46.522+0300][383.489s][info ][gc] GC(104) Pause Young (Normal) (G1 Evacuation Pause) 923M->3M(1536M) 3.294ms
[2025-03-05T14:58:50.222+0300][387.190s][info ][gc] GC(105) Pause Young (Normal) (G1 Evacuation Pause) 923M->2M(1536M) 1.313ms
[2025-03-05T14:58:53.965+0300][390.933s][info ][gc] GC(106) Pause Young (Normal) (G1 Evacuation Pause) 922M->3M(1536M) 1.783ms
[2025-03-05T14:58:57.653+0300][394.621s][info ][gc] GC(107) Pause Young (Normal) (G1 Evacuation Pause) 922M->3M(1536M) 1.827ms
[2025-03-05T14:59:01.332+0300][398.299s][info ][gc] GC(108) Pause Young (Normal) (G1 Evacuation Pause) 923M->3M(1536M) 2.183ms
[2025-03-05T14:59:05.084+0300][402.053s][info ][gc] GC(109) Pause Young (Normal) (G1 Evacuation Pause) 922M->3M(1536M) 1.401ms
[2025-03-05T14:59:08.778+0300][405.746s][info ][gc] GC(110) Pause Young (Normal) (G1 Evacuation Pause) 923M->4M(1536M) 2.549ms
[2025-03-05T14:59:12.456+0300][409.424s][info ][gc] GC(111) Pause Young (Normal) (G1 Evacuation Pause) 923M->3M(1536M) 2.136ms
[2025-03-05T14:59:16.130+0300][413.098s][info ][gc] GC(112) Pause Young (Normal) (G1 Evacuation Pause) 923M->2M(1536M) 1.168ms
[2025-03-05T14:59:19.818+0300][416.786s][info ][gc] GC(113) Pause Young (Normal) (G1 Evacuation Pause) 922M->3M(1536M) 2.396ms
