[2025-03-05T13:33:37.566+0300][0.011s][info][gc] Using G1
[2025-03-05T13:33:37.566+0300][0.011s][debug][gc] ConcGCThreads: 2 offset 16
[2025-03-05T13:33:37.566+0300][0.011s][debug][gc] ParallelGCThreads: 8
[2025-03-05T13:33:37.566+0300][0.011s][debug][gc] Initialize mark stack with 4096 chunks, maximum 524288
[2025-03-05T13:33:38.029+0300][0.474s][info ][gc] GC(0) Pause Young (Normal) (G1 Evacuation Pause) 25M->3M(512M) 7.900ms
[2025-03-05T13:33:38.179+0300][0.624s][info ][gc] GC(1) Pause Young (Normal) (G1 Evacuation Pause) 36M->3M(512M) 2.438ms
[2025-03-05T13:33:39.154+0300][1.599s][info ][gc] GC(2) Pause Young (Normal) (G1 Evacuation Pause) 308M->2M(512M) 1.333ms
[2025-03-05T13:33:39.976+0300][2.421s][info ][gc] GC(3) Pause Young (Normal) (G1 Evacuation Pause) 308M->2M(512M) 0.919ms
[2025-03-05T13:33:40.771+0300][3.216s][info ][gc] GC(4) Pause Young (Normal) (G1 Evacuation Pause) 308M->5M(512M) 3.549ms
[2025-03-05T13:33:41.682+0300][4.127s][info ][gc] GC(5) Pause Young (Normal) (G1 Evacuation Pause) 308M->4M(512M) 4.152ms
[2025-03-05T13:33:42.563+0300][5.008s][info ][gc] GC(6) Pause Young (Normal) (G1 Evacuation Pause) 308M->4M(512M) 2.157ms
[2025-03-05T13:33:43.456+0300][5.902s][info ][gc] GC(7) Pause Young (Normal) (G1 Evacuation Pause) 308M->3M(512M) 2.230ms
[2025-03-05T13:33:44.346+0300][6.791s][info ][gc] GC(8) Pause Young (Normal) (G1 Evacuation Pause) 308M->3M(512M) 1.415ms
[2025-03-05T13:33:45.213+0300][7.658s][info ][gc] GC(9) Pause Young (Normal) (G1 Evacuation Pause) 308M->2M(512M) 1.154ms
[2025-03-05T13:33:46.221+0300][8.666s][info ][gc] GC(10) Pause Young (Normal) (G1 Evacuation Pause) 308M->2M(512M) 1.236ms
[2025-03-05T13:33:47.078+0300][9.523s][info ][gc] GC(11) Pause Young (Normal) (G1 Evacuation Pause) 308M->5M(512M) 3.534ms
[2025-03-05T13:33:48.006+0300][10.451s][info ][gc] GC(12) Pause Young (Normal) (G1 Evacuation Pause) 308M->4M(512M) 2.553ms
[2025-03-05T13:33:48.835+0300][11.279s][info ][gc] GC(13) Pause Young (Normal) (G1 Evacuation Pause) 308M->4M(512M) 2.188ms
[2025-03-05T13:33:49.637+0300][12.082s][info ][gc] GC(14) Pause Young (Normal) (G1 Evacuation Pause) 308M->3M(512M) 3.428ms
[2025-03-05T13:33:50.533+0300][12.978s][info ][gc] GC(15) Pause Young (Normal) (G1 Evacuation Pause) 308M->3M(512M) 1.234ms
[2025-03-05T13:33:51.409+0300][13.853s][info ][gc] GC(16) Pause Young (Normal) (G1 Evacuation Pause) 308M->3M(512M) 1.069ms
[2025-03-05T13:33:52.259+0300][14.704s][info ][gc] GC(17) Pause Young (Normal) (G1 Evacuation Pause) 309M->2M(512M) 0.910ms
[2025-03-05T13:33:53.118+0300][15.563s][info ][gc] GC(18) Pause Young (Normal) (G1 Evacuation Pause) 308M->5M(512M) 3.323ms
[2025-03-05T13:33:53.939+0300][16.384s][info ][gc] GC(19) Pause Young (Normal) (G1 Evacuation Pause) 309M->5M(512M) 2.759ms
[2025-03-05T13:33:54.788+0300][17.234s][info ][gc] GC(20) Pause Young (Normal) (G1 Evacuation Pause) 309M->4M(512M) 3.152ms
[2025-03-05T13:33:55.663+0300][18.108s][info ][gc] GC(21) Pause Young (Normal) (G1 Evacuation Pause) 308M->4M(512M) 2.106ms
[2025-03-05T13:33:56.507+0300][18.953s][info ][gc] GC(22) Pause Young (Normal) (G1 Evacuation Pause) 309M->3M(512M) 1.866ms
[2025-03-05T13:33:57.380+0300][19.826s][info ][gc] GC(23) Pause Young (Normal) (G1 Evacuation Pause) 308M->3M(512M) 1.509ms
[2025-03-05T13:33:58.249+0300][20.693s][info ][gc] GC(24) Pause Young (Normal) (G1 Evacuation Pause) 309M->2M(512M) 1.273ms
[2025-03-05T13:33:59.122+0300][21.567s][info ][gc] GC(25) Pause Young (Normal) (G1 Evacuation Pause) 308M->2M(512M) 1.398ms
[2025-03-05T13:33:59.937+0300][22.382s][info ][gc] GC(26) Pause Young (Normal) (G1 Evacuation Pause) 308M->5M(512M) 3.157ms
[2025-03-05T13:34:00.735+0300][23.180s][info ][gc] GC(27) Pause Young (Normal) (G1 Evacuation Pause) 309M->4M(512M) 2.695ms
[2025-03-05T13:34:01.526+0300][23.971s][info ][gc] GC(28) Pause Young (Normal) (G1 Evacuation Pause) 308M->4M(512M) 2.102ms
[2025-03-05T13:34:02.321+0300][24.766s][info ][gc] GC(29) Pause Young (Normal) (G1 Evacuation Pause) 308M->3M(512M) 2.597ms
[2025-03-05T13:34:03.118+0300][25.563s][info ][gc] GC(30) Pause Young (Normal) (G1 Evacuation Pause) 308M->3M(512M) 1.456ms
[2025-03-05T13:34:03.921+0300][26.366s][info ][gc] GC(31) Pause Young (Normal) (G1 Evacuation Pause) 308M->3M(512M) 1.684ms
[2025-03-05T13:34:04.722+0300][27.167s][info ][gc] GC(32) Pause Young (Normal) (G1 Evacuation Pause) 309M->2M(512M) 1.163ms
[2025-03-05T13:34:05.524+0300][27.969s][info ][gc] GC(33) Pause Young (Normal) (G1 Evacuation Pause) 308M->5M(512M) 3.475ms
[2025-03-05T13:34:06.321+0300][28.766s][info ][gc] GC(34) Pause Young (Normal) (G1 Evacuation Pause) 309M->5M(512M) 3.709ms
[2025-03-05T13:34:07.196+0300][29.641s][info ][gc] GC(35) Pause Young (Normal) (G1 Evacuation Pause) 309M->4M(512M) 3.263ms
[2025-03-05T13:34:08.039+0300][30.484s][info ][gc] GC(36) Pause Young (Normal) (G1 Evacuation Pause) 308M->4M(512M) 2.618ms
[2025-03-05T13:34:08.895+0300][31.340s][info ][gc] GC(37) Pause Young (Normal) (G1 Evacuation Pause) 309M->3M(512M) 1.931ms
[2025-03-05T13:34:09.739+0300][32.184s][info ][gc] GC(38) Pause Young (Normal) (G1 Evacuation Pause) 308M->3M(512M) 1.388ms
[2025-03-05T13:34:10.577+0300][33.021s][info ][gc] GC(39) Pause Young (Normal) (G1 Evacuation Pause) 309M->2M(512M) 1.316ms
[2025-03-05T13:34:11.507+0300][33.951s][info ][gc] GC(40) Pause Young (Normal) (G1 Evacuation Pause) 308M->2M(512M) 0.938ms
[2025-03-05T13:34:12.343+0300][34.789s][info ][gc] GC(41) Pause Young (Normal) (G1 Evacuation Pause) 308M->5M(512M) 3.199ms
[2025-03-05T13:34:13.173+0300][35.618s][info ][gc] GC(42) Pause Young (Normal) (G1 Evacuation Pause) 309M->4M(512M) 3.700ms
[2025-03-05T13:34:14.007+0300][36.452s][info ][gc] GC(43) Pause Young (Normal) (G1 Evacuation Pause) 308M->4M(512M) 3.036ms
[2025-03-05T13:34:14.831+0300][37.276s][info ][gc] GC(44) Pause Young (Normal) (G1 Evacuation Pause) 309M->3M(512M) 2.498ms
[2025-03-05T13:34:15.680+0300][38.124s][info ][gc] GC(45) Pause Young (Normal) (G1 Evacuation Pause) 308M->3M(512M) 1.894ms
[2025-03-05T13:34:16.509+0300][38.953s][info ][gc] GC(46) Pause Young (Normal) (G1 Evacuation Pause) 308M->3M(512M) 1.128ms
[2025-03-05T13:34:17.336+0300][39.781s][info ][gc] GC(47) Pause Young (Normal) (G1 Evacuation Pause) 309M->2M(512M) 1.174ms
[2025-03-05T13:34:18.189+0300][40.635s][info ][gc] GC(48) Pause Young (Normal) (G1 Evacuation Pause) 308M->5M(512M) 4.360ms
[2025-03-05T13:34:19.023+0300][41.468s][info ][gc] GC(49) Pause Young (Normal) (G1 Evacuation Pause) 308M->5M(512M) 4.910ms
[2025-03-05T13:34:19.869+0300][42.315s][info ][gc] GC(50) Pause Young (Normal) (G1 Evacuation Pause) 309M->4M(512M) 2.620ms
[2025-03-05T13:34:20.723+0300][43.168s][info ][gc] GC(51) Pause Young (Normal) (G1 Evacuation Pause) 308M->4M(512M) 2.509ms
[2025-03-05T13:34:21.607+0300][44.052s][info ][gc] GC(52) Pause Young (Normal) (G1 Evacuation Pause) 309M->3M(512M) 2.355ms
[2025-03-05T13:34:22.887+0300][45.332s][info ][gc] GC(53) Pause Young (Normal) (G1 Evacuation Pause) 308M->3M(512M) 2.093ms
[2025-03-05T13:34:23.770+0300][46.214s][info ][gc] GC(54) Pause Young (Normal) (G1 Evacuation Pause) 309M->2M(512M) 1.270ms
[2025-03-05T13:34:24.636+0300][47.081s][info ][gc] GC(55) Pause Young (Normal) (G1 Evacuation Pause) 308M->2M(512M) 1.010ms
[2025-03-05T13:34:25.533+0300][47.978s][info ][gc] GC(56) Pause Young (Normal) (G1 Evacuation Pause) 308M->5M(512M) 3.234ms
[2025-03-05T13:34:26.338+0300][48.784s][info ][gc] GC(57) Pause Young (Normal) (G1 Evacuation Pause) 309M->4M(512M) 2.805ms
[2025-03-05T13:34:27.134+0300][49.579s][info ][gc] GC(58) Pause Young (Normal) (G1 Evacuation Pause) 308M->4M(512M) 2.508ms
[2025-03-05T13:34:27.931+0300][50.377s][info ][gc] GC(59) Pause Young (Normal) (G1 Evacuation Pause) 309M->3M(512M) 2.306ms
[2025-03-05T13:34:28.777+0300][51.222s][info ][gc] GC(60) Pause Young (Normal) (G1 Evacuation Pause) 308M->3M(512M) 1.568ms
[2025-03-05T13:34:29.610+0300][52.055s][info ][gc] GC(61) Pause Young (Normal) (G1 Evacuation Pause) 308M->3M(512M) 1.631ms
[2025-03-05T13:34:30.504+0300][52.949s][info ][gc] GC(62) Pause Young (Normal) (G1 Evacuation Pause) 309M->2M(512M) 1.183ms
[2025-03-05T13:34:31.398+0300][53.843s][info ][gc] GC(63) Pause Young (Normal) (G1 Evacuation Pause) 308M->5M(512M) 4.189ms
[2025-03-05T13:34:32.477+0300][54.923s][info ][gc] GC(64) Pause Young (Normal) (G1 Evacuation Pause) 308M->5M(512M) 2.764ms
[2025-03-05T13:34:33.362+0300][55.807s][info ][gc] GC(65) Pause Young (Normal) (G1 Evacuation Pause) 309M->4M(512M) 2.276ms
[2025-03-05T13:34:34.204+0300][56.649s][info ][gc] GC(66) Pause Young (Normal) (G1 Evacuation Pause) 308M->4M(512M) 2.229ms
[2025-03-05T13:34:35.053+0300][57.499s][info ][gc] GC(67) Pause Young (Normal) (G1 Evacuation Pause) 309M->3M(512M) 2.259ms
[2025-03-05T13:34:35.853+0300][58.298s][info ][gc] GC(68) Pause Young (Normal) (G1 Evacuation Pause) 308M->3M(512M) 1.711ms
[2025-03-05T13:34:36.652+0300][59.096s][info ][gc] GC(69) Pause Young (Normal) (G1 Evacuation Pause) 309M->2M(512M) 1.159ms
[2025-03-05T13:34:37.454+0300][59.900s][info ][gc] GC(70) Pause Young (Normal) (G1 Evacuation Pause) 308M->2M(512M) 0.894ms
[2025-03-05T13:34:38.252+0300][60.697s][info ][gc] GC(71) Pause Young (Normal) (G1 Evacuation Pause) 308M->5M(512M) 3.417ms
[2025-03-05T13:34:39.066+0300][61.511s][info ][gc] GC(72) Pause Young (Normal) (G1 Evacuation Pause) 309M->4M(512M) 2.596ms
[2025-03-05T13:34:39.959+0300][62.403s][info ][gc] GC(73) Pause Young (Normal) (G1 Evacuation Pause) 308M->4M(512M) 2.567ms
[2025-03-05T13:34:40.891+0300][63.336s][info ][gc] GC(74) Pause Young (Normal) (G1 Evacuation Pause) 309M->3M(512M) 2.143ms
[2025-03-05T13:34:41.708+0300][64.153s][info ][gc] GC(75) Pause Young (Normal) (G1 Evacuation Pause) 308M->3M(512M) 2.064ms
[2025-03-05T13:34:42.662+0300][65.107s][info ][gc] GC(76) Pause Young (Normal) (G1 Evacuation Pause) 308M->3M(512M) 1.488ms
[2025-03-05T13:34:43.491+0300][65.936s][info ][gc] GC(77) Pause Young (Normal) (G1 Evacuation Pause) 309M->2M(512M) 0.955ms
[2025-03-05T13:34:44.356+0300][66.802s][info ][gc] GC(78) Pause Young (Normal) (G1 Evacuation Pause) 308M->5M(512M) 3.874ms
[2025-03-05T13:34:45.165+0300][67.611s][info ][gc] GC(79) Pause Young (Normal) (G1 Evacuation Pause) 308M->5M(512M) 3.079ms
[2025-03-05T13:34:45.978+0300][68.423s][info ][gc] GC(80) Pause Young (Normal) (G1 Evacuation Pause) 309M->4M(512M) 2.548ms
[2025-03-05T13:34:46.824+0300][69.269s][info ][gc] GC(81) Pause Young (Normal) (G1 Evacuation Pause) 308M->4M(512M) 2.151ms
[2025-03-05T13:34:47.650+0300][70.094s][info ][gc] GC(82) Pause Young (Normal) (G1 Evacuation Pause) 309M->3M(512M) 1.846ms
[2025-03-05T13:34:48.496+0300][70.941s][info ][gc] GC(83) Pause Young (Normal) (G1 Evacuation Pause) 308M->3M(512M) 1.560ms
[2025-03-05T13:34:49.364+0300][71.809s][info ][gc] GC(84) Pause Young (Normal) (G1 Evacuation Pause) 309M->2M(512M) 1.528ms
[2025-03-05T13:34:50.212+0300][72.657s][info ][gc] GC(85) Pause Young (Normal) (G1 Evacuation Pause) 308M->2M(512M) 0.658ms
[2025-03-05T13:34:51.093+0300][73.538s][info ][gc] GC(86) Pause Young (Normal) (G1 Evacuation Pause) 308M->5M(512M) 4.012ms
[2025-03-05T13:34:51.976+0300][74.422s][info ][gc] GC(87) Pause Young (Normal) (G1 Evacuation Pause) 309M->4M(512M) 3.319ms
[2025-03-05T13:34:52.824+0300][75.268s][info ][gc] GC(88) Pause Young (Normal) (G1 Evacuation Pause) 308M->4M(512M) 2.338ms
[2025-03-05T13:34:53.708+0300][76.153s][info ][gc] GC(89) Pause Young (Normal) (G1 Evacuation Pause) 308M->3M(512M) 2.006ms
[2025-03-05T13:34:54.655+0300][77.100s][info ][gc] GC(90) Pause Young (Normal) (G1 Evacuation Pause) 308M->3M(512M) 2.102ms
[2025-03-05T13:34:55.474+0300][77.918s][info ][gc] GC(91) Pause Young (Normal) (G1 Evacuation Pause) 309M->3M(512M) 1.641ms
[2025-03-05T13:34:56.298+0300][78.743s][info ][gc] GC(92) Pause Young (Normal) (G1 Evacuation Pause) 309M->2M(512M) 1.028ms
[2025-03-05T13:34:57.121+0300][79.566s][info ][gc] GC(93) Pause Young (Normal) (G1 Evacuation Pause) 308M->5M(512M) 4.397ms
[2025-03-05T13:34:58.069+0300][80.514s][info ][gc] GC(94) Pause Young (Normal) (G1 Evacuation Pause) 308M->5M(512M) 3.099ms
[2025-03-05T13:34:59.112+0300][81.557s][info ][gc] GC(95) Pause Young (Normal) (G1 Evacuation Pause) 309M->4M(512M) 2.959ms
[2025-03-05T13:35:00.020+0300][82.464s][info ][gc] GC(96) Pause Young (Normal) (G1 Evacuation Pause) 308M->4M(512M) 2.644ms
[2025-03-05T13:35:00.857+0300][83.302s][info ][gc] GC(97) Pause Young (Normal) (G1 Evacuation Pause) 309M->3M(512M) 1.776ms
[2025-03-05T13:35:01.682+0300][84.127s][info ][gc] GC(98) Pause Young (Normal) (G1 Evacuation Pause) 308M->3M(512M) 1.466ms
[2025-03-05T13:35:02.556+0300][85.001s][info ][gc] GC(99) Pause Young (Normal) (G1 Evacuation Pause) 309M->2M(512M) 1.058ms
[2025-03-05T13:35:03.392+0300][85.837s][info ][gc] GC(100) Pause Young (Normal) (G1 Evacuation Pause) 308M->2M(512M) 0.785ms
[2025-03-05T13:35:04.310+0300][86.755s][info ][gc] GC(101) Pause Young (Normal) (G1 Evacuation Pause) 308M->5M(512M) 3.583ms
[2025-03-05T13:35:05.207+0300][87.652s][info ][gc] GC(102) Pause Young (Normal) (G1 Evacuation Pause) 309M->4M(512M) 3.233ms
[2025-03-05T13:35:06.037+0300][88.482s][info ][gc] GC(103) Pause Young (Normal) (G1 Evacuation Pause) 308M->4M(512M) 2.315ms
[2025-03-05T13:35:06.915+0300][89.359s][info ][gc] GC(104) Pause Young (Normal) (G1 Evacuation Pause) 308M->3M(512M) 2.039ms
[2025-03-05T13:35:07.788+0300][90.232s][info ][gc] GC(105) Pause Young (Normal) (G1 Evacuation Pause) 308M->3M(512M) 2.312ms
[2025-03-05T13:35:08.627+0300][91.072s][info ][gc] GC(106) Pause Young (Normal) (G1 Evacuation Pause) 308M->3M(512M) 1.685ms
[2025-03-05T13:35:09.482+0300][91.927s][info ][gc] GC(107) Pause Young (Normal) (G1 Evacuation Pause) 309M->2M(512M) 1.177ms
[2025-03-05T13:35:10.369+0300][92.815s][info ][gc] GC(108) Pause Young (Normal) (G1 Evacuation Pause) 308M->5M(512M) 3.422ms
[2025-03-05T13:35:11.180+0300][93.625s][info ][gc] GC(109) Pause Young (Normal) (G1 Evacuation Pause) 308M->5M(512M) 3.008ms
[2025-03-05T13:35:12.203+0300][94.649s][info ][gc] GC(110) Pause Young (Normal) (G1 Evacuation Pause) 309M->4M(512M) 2.941ms
[2025-03-05T13:35:13.142+0300][95.587s][info ][gc] GC(111) Pause Young (Normal) (G1 Evacuation Pause) 308M->3M(512M) 2.180ms
[2025-03-05T13:35:13.966+0300][96.411s][info ][gc] GC(112) Pause Young (Normal) (G1 Evacuation Pause) 308M->3M(512M) 1.351ms
[2025-03-05T13:35:14.785+0300][97.230s][info ][gc] GC(113) Pause Young (Normal) (G1 Evacuation Pause) 308M->3M(512M) 1.440ms
[2025-03-05T13:35:15.754+0300][98.199s][info ][gc] GC(114) Pause Young (Normal) (G1 Evacuation Pause) 309M->2M(512M) 1.361ms
[2025-03-05T13:35:16.582+0300][99.026s][info ][gc] GC(115) Pause Young (Normal) (G1 Evacuation Pause) 308M->5M(512M) 3.530ms
[2025-03-05T13:35:17.484+0300][99.929s][info ][gc] GC(116) Pause Young (Normal) (G1 Evacuation Pause) 308M->5M(512M) 3.133ms
[2025-03-05T13:35:18.306+0300][100.750s][info ][gc] GC(117) Pause Young (Normal) (G1 Evacuation Pause) 309M->4M(512M) 2.568ms
[2025-03-05T13:35:19.177+0300][101.622s][info ][gc] GC(118) Pause Young (Normal) (G1 Evacuation Pause) 308M->4M(512M) 2.632ms
[2025-03-05T13:35:20.095+0300][102.539s][info ][gc] GC(119) Pause Young (Normal) (G1 Evacuation Pause) 309M->3M(512M) 1.559ms
[2025-03-05T13:35:21.052+0300][103.496s][info ][gc] GC(120) Pause Young (Normal) (G1 Evacuation Pause) 308M->3M(512M) 1.470ms
[2025-03-05T13:35:21.881+0300][104.326s][info ][gc] GC(121) Pause Young (Normal) (G1 Evacuation Pause) 309M->2M(512M) 1.449ms
[2025-03-05T13:35:22.767+0300][105.212s][info ][gc] GC(122) Pause Young (Normal) (G1 Evacuation Pause) 308M->2M(512M) 0.910ms
[2025-03-05T13:35:23.623+0300][106.067s][info ][gc] GC(123) Pause Young (Normal) (G1 Evacuation Pause) 308M->5M(512M) 4.692ms
[2025-03-05T13:35:24.542+0300][106.987s][info ][gc] GC(124) Pause Young (Normal) (G1 Evacuation Pause) 309M->4M(512M) 2.627ms
[2025-03-05T13:35:25.391+0300][107.836s][info ][gc] GC(125) Pause Young (Normal) (G1 Evacuation Pause) 308M->4M(512M) 2.594ms
[2025-03-05T13:35:26.283+0300][108.728s][info ][gc] GC(126) Pause Young (Normal) (G1 Evacuation Pause) 309M->3M(512M) 1.795ms
[2025-03-05T13:35:27.155+0300][109.599s][info ][gc] GC(127) Pause Young (Normal) (G1 Evacuation Pause) 308M->3M(512M) 2.201ms
[2025-03-05T13:35:28.033+0300][110.478s][info ][gc] GC(128) Pause Young (Normal) (G1 Evacuation Pause) 308M->3M(512M) 1.167ms
[2025-03-05T13:35:28.868+0300][111.313s][info ][gc] GC(129) Pause Young (Normal) (G1 Evacuation Pause) 309M->2M(512M) 1.265ms
[2025-03-05T13:35:29.708+0300][112.153s][info ][gc] GC(130) Pause Young (Normal) (G1 Evacuation Pause) 308M->5M(512M) 3.553ms
[2025-03-05T13:35:30.779+0300][113.225s][info ][gc] GC(131) Pause Young (Normal) (G1 Evacuation Pause) 308M->5M(512M) 3.551ms
[2025-03-05T13:35:31.579+0300][114.024s][info ][gc] GC(132) Pause Young (Normal) (G1 Evacuation Pause) 309M->4M(512M) 2.638ms
[2025-03-05T13:35:32.431+0300][114.876s][info ][gc] GC(133) Pause Young (Normal) (G1 Evacuation Pause) 308M->4M(512M) 2.448ms
[2025-03-05T13:35:33.288+0300][115.733s][info ][gc] GC(134) Pause Young (Normal) (G1 Evacuation Pause) 309M->3M(512M) 1.878ms
[2025-03-05T13:35:34.096+0300][116.540s][info ][gc] GC(135) Pause Young (Normal) (G1 Evacuation Pause) 308M->3M(512M) 1.488ms
[2025-03-05T13:35:34.947+0300][117.391s][info ][gc] GC(136) Pause Young (Normal) (G1 Evacuation Pause) 309M->2M(512M) 1.318ms
[2025-03-05T13:35:35.764+0300][118.208s][info ][gc] GC(137) Pause Young (Normal) (G1 Evacuation Pause) 308M->2M(512M) 0.996ms
[2025-03-05T13:35:36.571+0300][119.016s][info ][gc] GC(138) Pause Young (Normal) (G1 Evacuation Pause) 308M->5M(512M) 3.587ms
[2025-03-05T13:35:37.378+0300][119.824s][info ][gc] GC(139) Pause Young (Normal) (G1 Evacuation Pause) 309M->4M(512M) 2.856ms
[2025-03-05T13:35:38.173+0300][120.618s][info ][gc] GC(140) Pause Young (Normal) (G1 Evacuation Pause) 308M->4M(512M) 2.344ms
[2025-03-05T13:35:39.096+0300][121.540s][info ][gc] GC(141) Pause Young (Normal) (G1 Evacuation Pause) 308M->3M(512M) 2.184ms
[2025-03-05T13:35:39.913+0300][122.359s][info ][gc] GC(142) Pause Young (Normal) (G1 Evacuation Pause) 308M->3M(512M) 1.531ms
[2025-03-05T13:35:40.715+0300][123.160s][info ][gc] GC(143) Pause Young (Normal) (G1 Evacuation Pause) 308M->3M(512M) 1.331ms
[2025-03-05T13:35:41.516+0300][123.960s][info ][gc] GC(144) Pause Young (Normal) (G1 Evacuation Pause) 309M->2M(512M) 1.302ms
[2025-03-05T13:35:42.374+0300][124.819s][info ][gc] GC(145) Pause Young (Normal) (G1 Evacuation Pause) 308M->5M(512M) 3.355ms
[2025-03-05T13:35:43.170+0300][125.615s][info ][gc] GC(146) Pause Young (Normal) (G1 Evacuation Pause) 308M->5M(512M) 3.176ms
[2025-03-05T13:35:44.041+0300][126.486s][info ][gc] GC(147) Pause Young (Normal) (G1 Evacuation Pause) 309M->4M(512M) 2.521ms
[2025-03-05T13:35:44.931+0300][127.375s][info ][gc] GC(148) Pause Young (Normal) (G1 Evacuation Pause) 308M->4M(512M) 2.893ms
[2025-03-05T13:35:45.753+0300][128.197s][info ][gc] GC(149) Pause Young (Normal) (G1 Evacuation Pause) 309M->3M(512M) 2.044ms
[2025-03-05T13:35:46.565+0300][129.010s][info ][gc] GC(150) Pause Young (Normal) (G1 Evacuation Pause) 308M->3M(512M) 1.135ms
[2025-03-05T13:35:47.440+0300][129.885s][info ][gc] GC(151) Pause Young (Normal) (G1 Evacuation Pause) 309M->2M(512M) 1.039ms
[2025-03-05T13:35:48.240+0300][130.685s][info ][gc] GC(152) Pause Young (Normal) (G1 Evacuation Pause) 308M->5M(512M) 3.644ms
[2025-03-05T13:35:49.033+0300][131.479s][info ][gc] GC(153) Pause Young (Normal) (G1 Evacuation Pause) 308M->5M(512M) 2.807ms
[2025-03-05T13:35:49.837+0300][132.282s][info ][gc] GC(154) Pause Young (Normal) (G1 Evacuation Pause) 309M->4M(512M) 2.646ms
[2025-03-05T13:35:50.642+0300][133.087s][info ][gc] GC(155) Pause Young (Normal) (G1 Evacuation Pause) 308M->4M(512M) 2.422ms
[2025-03-05T13:35:51.435+0300][133.881s][info ][gc] GC(156) Pause Young (Normal) (G1 Evacuation Pause) 309M->3M(512M) 1.829ms
[2025-03-05T13:35:52.225+0300][134.669s][info ][gc] GC(157) Pause Young (Normal) (G1 Evacuation Pause) 308M->3M(512M) 1.571ms
[2025-03-05T13:35:53.021+0300][135.466s][info ][gc] GC(158) Pause Young (Normal) (G1 Evacuation Pause) 309M->2M(512M) 1.220ms
[2025-03-05T13:35:53.821+0300][136.265s][info ][gc] GC(159) Pause Young (Normal) (G1 Evacuation Pause) 308M->2M(512M) 0.811ms
[2025-03-05T13:35:54.618+0300][137.064s][info ][gc] GC(160) Pause Young (Normal) (G1 Evacuation Pause) 308M->5M(512M) 3.688ms
[2025-03-05T13:35:55.432+0300][137.877s][info ][gc] GC(161) Pause Young (Normal) (G1 Evacuation Pause) 309M->4M(512M) 3.184ms
[2025-03-05T13:35:56.275+0300][138.721s][info ][gc] GC(162) Pause Young (Normal) (G1 Evacuation Pause) 308M->4M(512M) 2.737ms
[2025-03-05T13:35:57.064+0300][139.509s][info ][gc] GC(163) Pause Young (Normal) (G1 Evacuation Pause) 309M->3M(512M) 2.205ms
[2025-03-05T13:35:57.863+0300][140.308s][info ][gc] GC(164) Pause Young (Normal) (G1 Evacuation Pause) 308M->3M(512M) 1.617ms
[2025-03-05T13:35:58.656+0300][141.101s][info ][gc] GC(165) Pause Young (Normal) (G1 Evacuation Pause) 308M->3M(512M) 1.176ms
[2025-03-05T13:35:59.457+0300][141.901s][info ][gc] GC(166) Pause Young (Normal) (G1 Evacuation Pause) 309M->2M(512M) 1.114ms
[2025-03-05T13:36:00.257+0300][142.702s][info ][gc] GC(167) Pause Young (Normal) (G1 Evacuation Pause) 308M->5M(512M) 3.194ms
[2025-03-05T13:36:01.150+0300][143.594s][info ][gc] GC(168) Pause Young (Normal) (G1 Evacuation Pause) 308M->5M(512M) 2.755ms
[2025-03-05T13:36:01.977+0300][144.423s][info ][gc] GC(169) Pause Young (Normal) (G1 Evacuation Pause) 309M->4M(512M) 2.577ms
[2025-03-05T13:36:02.802+0300][145.247s][info ][gc] GC(170) Pause Young (Normal) (G1 Evacuation Pause) 308M->4M(512M) 2.171ms
[2025-03-05T13:36:03.640+0300][146.085s][info ][gc] GC(171) Pause Young (Normal) (G1 Evacuation Pause) 309M->3M(512M) 2.114ms
[2025-03-05T13:36:04.450+0300][146.894s][info ][gc] GC(172) Pause Young (Normal) (G1 Evacuation Pause) 308M->3M(512M) 1.405ms
[2025-03-05T13:36:05.270+0300][147.714s][info ][gc] GC(173) Pause Young (Normal) (G1 Evacuation Pause) 309M->2M(512M) 1.042ms
[2025-03-05T13:36:06.131+0300][148.576s][info ][gc] GC(174) Pause Young (Normal) (G1 Evacuation Pause) 308M->2M(512M) 1.033ms
[2025-03-05T13:36:07.073+0300][149.519s][info ][gc] GC(175) Pause Young (Normal) (G1 Evacuation Pause) 308M->5M(512M) 3.184ms
[2025-03-05T13:36:07.902+0300][150.347s][info ][gc] GC(176) Pause Young (Normal) (G1 Evacuation Pause) 309M->4M(512M) 2.950ms
[2025-03-05T13:36:08.735+0300][151.181s][info ][gc] GC(177) Pause Young (Normal) (G1 Evacuation Pause) 308M->4M(512M) 2.560ms
[2025-03-05T13:36:09.596+0300][152.041s][info ][gc] GC(178) Pause Young (Normal) (G1 Evacuation Pause) 309M->4M(512M) 2.127ms
[2025-03-05T13:36:10.399+0300][152.846s][info ][gc] GC(179) Pause Young (Normal) (G1 Evacuation Pause) 309M->3M(512M) 2.087ms
[2025-03-05T13:36:11.274+0300][153.719s][info ][gc] GC(180) Pause Young (Normal) (G1 Evacuation Pause) 308M->3M(512M) 1.397ms
[2025-03-05T13:36:12.074+0300][154.519s][info ][gc] GC(181) Pause Young (Normal) (G1 Evacuation Pause) 309M->2M(512M) 1.179ms
[2025-03-05T13:36:12.870+0300][155.314s][info ][gc] GC(182) Pause Young (Normal) (G1 Evacuation Pause) 308M->2M(512M) 0.813ms
[2025-03-05T13:36:13.671+0300][156.115s][info ][gc] GC(183) Pause Young (Normal) (G1 Evacuation Pause) 308M->5M(512M) 3.225ms
[2025-03-05T13:36:14.457+0300][156.902s][info ][gc] GC(184) Pause Young (Normal) (G1 Evacuation Pause) 309M->4M(512M) 2.688ms
[2025-03-05T13:36:15.254+0300][157.699s][info ][gc] GC(185) Pause Young (Normal) (G1 Evacuation Pause) 308M->4M(512M) 2.672ms
[2025-03-05T13:36:16.055+0300][158.500s][info ][gc] GC(186) Pause Young (Normal) (G1 Evacuation Pause) 309M->3M(512M) 2.239ms
[2025-03-05T13:36:16.857+0300][159.302s][info ][gc] GC(187) Pause Young (Normal) (G1 Evacuation Pause) 308M->3M(512M) 1.753ms
[2025-03-05T13:36:17.658+0300][160.103s][info ][gc] GC(188) Pause Young (Normal) (G1 Evacuation Pause) 308M->3M(512M) 1.407ms
[2025-03-05T13:36:18.613+0300][161.058s][info ][gc] GC(189) Pause Young (Normal) (G1 Evacuation Pause) 309M->2M(512M) 1.025ms
[2025-03-05T13:36:19.428+0300][161.873s][info ][gc] GC(190) Pause Young (Normal) (G1 Evacuation Pause) 308M->5M(512M) 3.632ms
[2025-03-05T13:36:20.227+0300][162.671s][info ][gc] GC(191) Pause Young (Normal) (G1 Evacuation Pause) 308M->5M(512M) 3.080ms
[2025-03-05T13:36:21.016+0300][163.461s][info ][gc] GC(192) Pause Young (Normal) (G1 Evacuation Pause) 309M->4M(512M) 2.540ms
[2025-03-05T13:36:21.822+0300][164.267s][info ][gc] GC(193) Pause Young (Normal) (G1 Evacuation Pause) 308M->4M(512M) 2.190ms
[2025-03-05T13:36:22.615+0300][165.060s][info ][gc] GC(194) Pause Young (Normal) (G1 Evacuation Pause) 309M->3M(512M) 1.900ms
[2025-03-05T13:36:23.417+0300][165.861s][info ][gc] GC(195) Pause Young (Normal) (G1 Evacuation Pause) 308M->3M(512M) 1.347ms
[2025-03-05T13:36:24.226+0300][166.670s][info ][gc] GC(196) Pause Young (Normal) (G1 Evacuation Pause) 309M->2M(512M) 1.327ms
[2025-03-05T13:36:25.018+0300][167.464s][info ][gc] GC(197) Pause Young (Normal) (G1 Evacuation Pause) 308M->2M(512M) 0.983ms
[2025-03-05T13:36:25.821+0300][168.265s][info ][gc] GC(198) Pause Young (Normal) (G1 Evacuation Pause) 308M->5M(512M) 3.514ms
[2025-03-05T13:36:26.615+0300][169.060s][info ][gc] GC(199) Pause Young (Normal) (G1 Evacuation Pause) 309M->4M(512M) 3.074ms
[2025-03-05T13:36:27.444+0300][169.889s][info ][gc] GC(200) Pause Young (Normal) (G1 Evacuation Pause) 308M->4M(512M) 2.950ms
[2025-03-05T13:36:28.249+0300][170.693s][info ][gc] GC(201) Pause Young (Normal) (G1 Evacuation Pause) 309M->4M(512M) 2.329ms
[2025-03-05T13:36:29.045+0300][171.490s][info ][gc] GC(202) Pause Young (Normal) (G1 Evacuation Pause) 309M->3M(512M) 1.490ms
[2025-03-05T13:36:29.838+0300][172.283s][info ][gc] GC(203) Pause Young (Normal) (G1 Evacuation Pause) 308M->3M(512M) 1.393ms
[2025-03-05T13:36:30.629+0300][173.073s][info ][gc] GC(204) Pause Young (Normal) (G1 Evacuation Pause) 309M->2M(512M) 1.311ms
[2025-03-05T13:36:31.429+0300][173.874s][info ][gc] GC(205) Pause Young (Normal) (G1 Evacuation Pause) 308M->5M(512M) 3.542ms
[2025-03-05T13:36:32.316+0300][174.761s][info ][gc] GC(206) Pause Young (Normal) (G1 Evacuation Pause) 308M->5M(512M) 3.377ms
[2025-03-05T13:36:33.147+0300][175.592s][info ][gc] GC(207) Pause Young (Normal) (G1 Evacuation Pause) 309M->4M(512M) 2.723ms
[2025-03-05T13:36:34.009+0300][176.455s][info ][gc] GC(208) Pause Young (Normal) (G1 Evacuation Pause) 308M->4M(512M) 2.619ms
[2025-03-05T13:36:34.898+0300][177.342s][info ][gc] GC(209) Pause Young (Normal) (G1 Evacuation Pause) 309M->3M(512M) 1.972ms
[2025-03-05T13:36:35.708+0300][178.153s][info ][gc] GC(210) Pause Young (Normal) (G1 Evacuation Pause) 308M->3M(512M) 1.465ms
[2025-03-05T13:36:36.500+0300][178.944s][info ][gc] GC(211) Pause Young (Normal) (G1 Evacuation Pause) 309M->2M(512M) 1.286ms
[2025-03-05T13:36:37.305+0300][179.750s][info ][gc] GC(212) Pause Young (Normal) (G1 Evacuation Pause) 308M->2M(512M) 0.947ms
[2025-03-05T13:36:38.168+0300][180.613s][info ][gc] GC(213) Pause Young (Normal) (G1 Evacuation Pause) 308M->5M(512M) 3.200ms
[2025-03-05T13:36:39.051+0300][181.496s][info ][gc] GC(214) Pause Young (Normal) (G1 Evacuation Pause) 309M->4M(512M) 3.081ms
[2025-03-05T13:36:39.867+0300][182.312s][info ][gc] GC(215) Pause Young (Normal) (G1 Evacuation Pause) 308M->4M(512M) 2.585ms
[2025-03-05T13:36:40.661+0300][183.106s][info ][gc] GC(216) Pause Young (Normal) (G1 Evacuation Pause) 309M->3M(512M) 2.429ms
[2025-03-05T13:36:41.453+0300][183.899s][info ][gc] GC(217) Pause Young (Normal) (G1 Evacuation Pause) 308M->3M(512M) 1.791ms
[2025-03-05T13:36:42.248+0300][184.694s][info ][gc] GC(218) Pause Young (Normal) (G1 Evacuation Pause) 308M->3M(512M) 1.105ms
[2025-03-05T13:36:43.045+0300][185.489s][info ][gc] GC(219) Pause Young (Normal) (G1 Evacuation Pause) 309M->2M(512M) 1.297ms
[2025-03-05T13:36:43.844+0300][186.288s][info ][gc] GC(220) Pause Young (Normal) (G1 Evacuation Pause) 308M->5M(512M) 3.663ms
[2025-03-05T13:36:44.652+0300][187.097s][info ][gc] GC(221) Pause Young (Normal) (G1 Evacuation Pause) 308M->5M(512M) 2.918ms
[2025-03-05T13:36:45.469+0300][187.914s][info ][gc] GC(222) Pause Young (Normal) (G1 Evacuation Pause) 309M->4M(512M) 2.452ms
[2025-03-05T13:36:46.267+0300][188.712s][info ][gc] GC(223) Pause Young (Normal) (G1 Evacuation Pause) 308M->4M(512M) 2.174ms
[2025-03-05T13:36:47.062+0300][189.506s][info ][gc] GC(224) Pause Young (Normal) (G1 Evacuation Pause) 309M->3M(512M) 2.508ms
[2025-03-05T13:36:47.856+0300][190.301s][info ][gc] GC(225) Pause Young (Normal) (G1 Evacuation Pause) 308M->3M(512M) 1.431ms
[2025-03-05T13:36:48.657+0300][191.102s][info ][gc] GC(226) Pause Young (Normal) (G1 Evacuation Pause) 309M->2M(512M) 1.272ms
[2025-03-05T13:36:49.456+0300][191.901s][info ][gc] GC(227) Pause Young (Normal) (G1 Evacuation Pause) 308M->2M(512M) 0.866ms
[2025-03-05T13:36:50.253+0300][192.698s][info ][gc] GC(228) Pause Young (Normal) (G1 Evacuation Pause) 308M->5M(512M) 3.402ms
[2025-03-05T13:36:51.041+0300][193.486s][info ][gc] GC(229) Pause Young (Normal) (G1 Evacuation Pause) 309M->4M(512M) 2.994ms
[2025-03-05T13:36:51.837+0300][194.282s][info ][gc] GC(230) Pause Young (Normal) (G1 Evacuation Pause) 308M->4M(512M) 2.402ms
[2025-03-05T13:36:52.669+0300][195.114s][info ][gc] GC(231) Pause Young (Normal) (G1 Evacuation Pause) 308M->3M(512M) 1.900ms
[2025-03-05T13:36:53.461+0300][195.906s][info ][gc] GC(232) Pause Young (Normal) (G1 Evacuation Pause) 308M->3M(512M) 1.904ms
[2025-03-05T13:36:54.263+0300][196.707s][info ][gc] GC(233) Pause Young (Normal) (G1 Evacuation Pause) 309M->3M(512M) 1.177ms
[2025-03-05T13:36:55.055+0300][197.500s][info ][gc] GC(234) Pause Young (Normal) (G1 Evacuation Pause) 309M->2M(512M) 1.316ms
[2025-03-05T13:36:55.850+0300][198.296s][info ][gc] GC(235) Pause Young (Normal) (G1 Evacuation Pause) 308M->5M(512M) 3.712ms
[2025-03-05T13:36:56.638+0300][199.083s][info ][gc] GC(236) Pause Young (Normal) (G1 Evacuation Pause) 308M->4M(512M) 3.172ms
[2025-03-05T13:36:57.424+0300][199.869s][info ][gc] GC(237) Pause Young (Normal) (G1 Evacuation Pause) 308M->4M(512M) 2.600ms
[2025-03-05T13:36:58.215+0300][200.660s][info ][gc] GC(238) Pause Young (Normal) (G1 Evacuation Pause) 308M->4M(512M) 2.491ms
[2025-03-05T13:36:59.008+0300][201.454s][info ][gc] GC(239) Pause Young (Normal) (G1 Evacuation Pause) 309M->3M(512M) 1.896ms
[2025-03-05T13:36:59.803+0300][202.248s][info ][gc] GC(240) Pause Young (Normal) (G1 Evacuation Pause) 308M->3M(512M) 1.482ms
[2025-03-05T13:37:00.599+0300][203.043s][info ][gc] GC(241) Pause Young (Normal) (G1 Evacuation Pause) 309M->2M(512M) 1.239ms
[2025-03-05T13:37:01.393+0300][203.838s][info ][gc] GC(242) Pause Young (Normal) (G1 Evacuation Pause) 308M->2M(512M) 0.761ms
[2025-03-05T13:37:02.196+0300][204.641s][info ][gc] GC(243) Pause Young (Normal) (G1 Evacuation Pause) 308M->5M(512M) 3.300ms
[2025-03-05T13:37:02.989+0300][205.435s][info ][gc] GC(244) Pause Young (Normal) (G1 Evacuation Pause) 309M->4M(512M) 2.894ms
[2025-03-05T13:37:03.784+0300][206.229s][info ][gc] GC(245) Pause Young (Normal) (G1 Evacuation Pause) 308M->4M(512M) 2.283ms
[2025-03-05T13:37:04.567+0300][207.012s][info ][gc] GC(246) Pause Young (Normal) (G1 Evacuation Pause) 308M->3M(512M) 2.035ms
[2025-03-05T13:37:05.362+0300][207.807s][info ][gc] GC(247) Pause Young (Normal) (G1 Evacuation Pause) 308M->3M(512M) 1.682ms
[2025-03-05T13:37:06.156+0300][208.601s][info ][gc] GC(248) Pause Young (Normal) (G1 Evacuation Pause) 308M->3M(512M) 1.353ms
[2025-03-05T13:37:06.951+0300][209.395s][info ][gc] GC(249) Pause Young (Normal) (G1 Evacuation Pause) 309M->2M(512M) 1.019ms
[2025-03-05T13:37:07.753+0300][210.198s][info ][gc] GC(250) Pause Young (Normal) (G1 Evacuation Pause) 308M->5M(512M) 3.634ms
[2025-03-05T13:37:08.538+0300][210.982s][info ][gc] GC(251) Pause Young (Normal) (G1 Evacuation Pause) 308M->5M(512M) 2.999ms
[2025-03-05T13:37:09.326+0300][211.772s][info ][gc] GC(252) Pause Young (Normal) (G1 Evacuation Pause) 309M->4M(512M) 2.521ms
[2025-03-05T13:37:10.120+0300][212.565s][info ][gc] GC(253) Pause Young (Normal) (G1 Evacuation Pause) 308M->4M(512M) 2.253ms
[2025-03-05T13:37:10.912+0300][213.357s][info ][gc] GC(254) Pause Young (Normal) (G1 Evacuation Pause) 309M->3M(512M) 1.685ms
[2025-03-05T13:37:11.704+0300][214.148s][info ][gc] GC(255) Pause Young (Normal) (G1 Evacuation Pause) 308M->3M(512M) 1.450ms
[2025-03-05T13:37:12.492+0300][214.937s][info ][gc] GC(256) Pause Young (Normal) (G1 Evacuation Pause) 309M->2M(512M) 1.237ms
[2025-03-05T13:37:13.289+0300][215.733s][info ][gc] GC(257) Pause Young (Normal) (G1 Evacuation Pause) 308M->5M(512M) 3.695ms
[2025-03-05T13:37:14.080+0300][216.525s][info ][gc] GC(258) Pause Young (Normal) (G1 Evacuation Pause) 308M->5M(512M) 2.905ms
[2025-03-05T13:37:14.869+0300][217.314s][info ][gc] GC(259) Pause Young (Normal) (G1 Evacuation Pause) 309M->4M(512M) 2.303ms
[2025-03-05T13:37:15.661+0300][218.105s][info ][gc] GC(260) Pause Young (Normal) (G1 Evacuation Pause) 308M->4M(512M) 2.295ms
[2025-03-05T13:37:16.451+0300][218.896s][info ][gc] GC(261) Pause Young (Normal) (G1 Evacuation Pause) 309M->3M(512M) 1.626ms
[2025-03-05T13:37:17.243+0300][219.687s][info ][gc] GC(262) Pause Young (Normal) (G1 Evacuation Pause) 308M->3M(512M) 1.586ms
[2025-03-05T13:37:18.040+0300][220.485s][info ][gc] GC(263) Pause Young (Normal) (G1 Evacuation Pause) 309M->2M(512M) 1.644ms
[2025-03-05T13:37:18.850+0300][221.295s][info ][gc] GC(264) Pause Young (Normal) (G1 Evacuation Pause) 308M->2M(512M) 0.990ms
[2025-03-05T13:37:19.675+0300][222.120s][info ][gc] GC(265) Pause Young (Normal) (G1 Evacuation Pause) 308M->5M(512M) 3.530ms
[2025-03-05T13:37:20.459+0300][222.904s][info ][gc] GC(266) Pause Young (Normal) (G1 Evacuation Pause) 309M->4M(512M) 2.890ms
[2025-03-05T13:37:21.249+0300][223.694s][info ][gc] GC(267) Pause Young (Normal) (G1 Evacuation Pause) 308M->4M(512M) 2.130ms
[2025-03-05T13:37:22.039+0300][224.484s][info ][gc] GC(268) Pause Young (Normal) (G1 Evacuation Pause) 308M->3M(512M) 2.136ms
[2025-03-05T13:37:22.837+0300][225.282s][info ][gc] GC(269) Pause Young (Normal) (G1 Evacuation Pause) 308M->3M(512M) 1.537ms
[2025-03-05T13:37:23.633+0300][226.078s][info ][gc] GC(270) Pause Young (Normal) (G1 Evacuation Pause) 308M->3M(512M) 1.397ms
[2025-03-05T13:37:24.429+0300][226.873s][info ][gc] GC(271) Pause Young (Normal) (G1 Evacuation Pause) 309M->2M(512M) 1.176ms
[2025-03-05T13:37:25.229+0300][227.674s][info ][gc] GC(272) Pause Young (Normal) (G1 Evacuation Pause) 308M->5M(512M) 3.426ms
[2025-03-05T13:37:26.014+0300][228.459s][info ][gc] GC(273) Pause Young (Normal) (G1 Evacuation Pause) 308M->5M(512M) 2.933ms
[2025-03-05T13:37:26.803+0300][229.249s][info ][gc] GC(274) Pause Young (Normal) (G1 Evacuation Pause) 309M->4M(512M) 2.492ms
[2025-03-05T13:37:27.663+0300][230.108s][info ][gc] GC(275) Pause Young (Normal) (G1 Evacuation Pause) 308M->4M(512M) 2.183ms
[2025-03-05T13:37:28.454+0300][230.900s][info ][gc] GC(276) Pause Young (Normal) (G1 Evacuation Pause) 309M->3M(512M) 1.790ms
[2025-03-05T13:37:29.259+0300][231.704s][info ][gc] GC(277) Pause Young (Normal) (G1 Evacuation Pause) 308M->3M(512M) 1.290ms
[2025-03-05T13:37:30.075+0300][232.521s][info ][gc] GC(278) Pause Young (Normal) (G1 Evacuation Pause) 309M->2M(512M) 1.292ms
[2025-03-05T13:37:30.871+0300][233.316s][info ][gc] GC(279) Pause Young (Normal) (G1 Evacuation Pause) 308M->5M(512M) 3.780ms
[2025-03-05T13:37:31.661+0300][234.106s][info ][gc] GC(280) Pause Young (Normal) (G1 Evacuation Pause) 308M->5M(512M) 3.127ms
[2025-03-05T13:37:32.445+0300][234.890s][info ][gc] GC(281) Pause Young (Normal) (G1 Evacuation Pause) 309M->4M(512M) 2.548ms
[2025-03-05T13:37:33.237+0300][235.682s][info ][gc] GC(282) Pause Young (Normal) (G1 Evacuation Pause) 308M->4M(512M) 2.122ms
[2025-03-05T13:37:34.029+0300][236.473s][info ][gc] GC(283) Pause Young (Normal) (G1 Evacuation Pause) 309M->3M(512M) 1.960ms
[2025-03-05T13:37:34.817+0300][237.262s][info ][gc] GC(284) Pause Young (Normal) (G1 Evacuation Pause) 308M->3M(512M) 1.460ms
[2025-03-05T13:37:35.622+0300][238.067s][info ][gc] GC(285) Pause Young (Normal) (G1 Evacuation Pause) 309M->2M(512M) 1.278ms
[2025-03-05T13:37:36.411+0300][238.856s][info ][gc] GC(286) Pause Young (Normal) (G1 Evacuation Pause) 308M->2M(512M) 1.056ms
[2025-03-05T13:37:37.205+0300][239.651s][info ][gc] GC(287) Pause Young (Normal) (G1 Evacuation Pause) 308M->5M(512M) 3.273ms
[2025-03-05T13:37:37.998+0300][240.443s][info ][gc] GC(288) Pause Young (Normal) (G1 Evacuation Pause) 309M->4M(512M) 2.897ms
[2025-03-05T13:37:38.786+0300][241.231s][info ][gc] GC(289) Pause Young (Normal) (G1 Evacuation Pause) 308M->4M(512M) 2.389ms
[2025-03-05T13:37:39.572+0300][242.017s][info ][gc] GC(290) Pause Young (Normal) (G1 Evacuation Pause) 308M->3M(512M) 2.023ms
[2025-03-05T13:37:40.366+0300][242.811s][info ][gc] GC(291) Pause Young (Normal) (G1 Evacuation Pause) 308M->3M(512M) 1.639ms
[2025-03-05T13:37:41.157+0300][243.602s][info ][gc] GC(292) Pause Young (Normal) (G1 Evacuation Pause) 308M->3M(512M) 1.347ms
[2025-03-05T13:37:41.957+0300][244.402s][info ][gc] GC(293) Pause Young (Normal) (G1 Evacuation Pause) 309M->2M(512M) 1.105ms
[2025-03-05T13:37:42.749+0300][245.195s][info ][gc] GC(294) Pause Young (Normal) (G1 Evacuation Pause) 308M->5M(512M) 3.331ms
[2025-03-05T13:37:43.540+0300][245.985s][info ][gc] GC(295) Pause Young (Normal) (G1 Evacuation Pause) 308M->5M(512M) 2.973ms
[2025-03-05T13:37:44.327+0300][246.773s][info ][gc] GC(296) Pause Young (Normal) (G1 Evacuation Pause) 309M->4M(512M) 2.554ms
[2025-03-05T13:37:45.121+0300][247.566s][info ][gc] GC(297) Pause Young (Normal) (G1 Evacuation Pause) 308M->4M(512M) 2.196ms
[2025-03-05T13:37:45.915+0300][248.360s][info ][gc] GC(298) Pause Young (Normal) (G1 Evacuation Pause) 309M->3M(512M) 1.513ms
[2025-03-05T13:37:46.709+0300][249.154s][info ][gc] GC(299) Pause Young (Normal) (G1 Evacuation Pause) 308M->3M(512M) 1.326ms
[2025-03-05T13:37:47.547+0300][249.992s][info ][gc] GC(300) Pause Young (Normal) (G1 Evacuation Pause) 309M->2M(512M) 1.078ms
[2025-03-05T13:37:48.358+0300][250.804s][info ][gc] GC(301) Pause Young (Normal) (G1 Evacuation Pause) 308M->5M(512M) 3.291ms
[2025-03-05T13:37:49.162+0300][251.606s][info ][gc] GC(302) Pause Young (Normal) (G1 Evacuation Pause) 308M->5M(512M) 3.258ms
[2025-03-05T13:37:49.995+0300][252.441s][info ][gc] GC(303) Pause Young (Normal) (G1 Evacuation Pause) 309M->4M(512M) 2.220ms
[2025-03-05T13:37:50.794+0300][253.238s][info ][gc] GC(304) Pause Young (Normal) (G1 Evacuation Pause) 308M->4M(512M) 2.088ms
[2025-03-05T13:37:51.587+0300][254.032s][info ][gc] GC(305) Pause Young (Normal) (G1 Evacuation Pause) 309M->3M(512M) 1.891ms
[2025-03-05T13:37:52.373+0300][254.818s][info ][gc] GC(306) Pause Young (Normal) (G1 Evacuation Pause) 308M->3M(512M) 1.512ms
[2025-03-05T13:37:53.164+0300][255.609s][info ][gc] GC(307) Pause Young (Normal) (G1 Evacuation Pause) 309M->2M(512M) 1.306ms
[2025-03-05T13:37:53.962+0300][256.407s][info ][gc] GC(308) Pause Young (Normal) (G1 Evacuation Pause) 308M->2M(512M) 1.092ms
[2025-03-05T13:37:54.755+0300][257.200s][info ][gc] GC(309) Pause Young (Normal) (G1 Evacuation Pause) 308M->5M(512M) 3.356ms
[2025-03-05T13:37:55.546+0300][257.991s][info ][gc] GC(310) Pause Young (Normal) (G1 Evacuation Pause) 309M->4M(512M) 2.596ms
[2025-03-05T13:37:56.334+0300][258.779s][info ][gc] GC(311) Pause Young (Normal) (G1 Evacuation Pause) 308M->4M(512M) 2.410ms
[2025-03-05T13:37:57.125+0300][259.571s][info ][gc] GC(312) Pause Young (Normal) (G1 Evacuation Pause) 308M->3M(512M) 2.087ms
[2025-03-05T13:37:57.920+0300][260.365s][info ][gc] GC(313) Pause Young (Normal) (G1 Evacuation Pause) 308M->3M(512M) 1.793ms
[2025-03-05T13:37:58.715+0300][261.160s][info ][gc] GC(314) Pause Young (Normal) (G1 Evacuation Pause) 309M->3M(512M) 1.181ms
[2025-03-05T13:37:59.510+0300][261.954s][info ][gc] GC(315) Pause Young (Normal) (G1 Evacuation Pause) 309M->2M(512M) 0.871ms
[2025-03-05T13:38:00.303+0300][262.748s][info ][gc] GC(316) Pause Young (Normal) (G1 Evacuation Pause) 308M->5M(512M) 3.407ms
[2025-03-05T13:38:01.095+0300][263.540s][info ][gc] GC(317) Pause Young (Normal) (G1 Evacuation Pause) 308M->5M(512M) 3.129ms
[2025-03-05T13:38:01.886+0300][264.331s][info ][gc] GC(318) Pause Young (Normal) (G1 Evacuation Pause) 309M->4M(512M) 2.408ms
[2025-03-05T13:38:02.677+0300][265.122s][info ][gc] GC(319) Pause Young (Normal) (G1 Evacuation Pause) 308M->4M(512M) 1.992ms
[2025-03-05T13:38:03.469+0300][265.915s][info ][gc] GC(320) Pause Young (Normal) (G1 Evacuation Pause) 309M->3M(512M) 1.989ms
[2025-03-05T13:38:04.260+0300][266.705s][info ][gc] GC(321) Pause Young (Normal) (G1 Evacuation Pause) 308M->3M(512M) 1.558ms
[2025-03-05T13:38:05.096+0300][267.541s][info ][gc] GC(322) Pause Young (Normal) (G1 Evacuation Pause) 309M->2M(512M) 1.351ms
[2025-03-05T13:38:05.888+0300][268.333s][info ][gc] GC(323) Pause Young (Normal) (G1 Evacuation Pause) 308M->2M(512M) 0.984ms
[2025-03-05T13:38:06.684+0300][269.130s][info ][gc] GC(324) Pause Young (Normal) (G1 Evacuation Pause) 308M->5M(512M) 3.233ms
[2025-03-05T13:38:07.473+0300][269.917s][info ][gc] GC(325) Pause Young (Normal) (G1 Evacuation Pause) 309M->4M(512M) 3.575ms
[2025-03-05T13:38:08.258+0300][270.703s][info ][gc] GC(326) Pause Young (Normal) (G1 Evacuation Pause) 308M->4M(512M) 2.189ms
[2025-03-05T13:38:09.048+0300][271.492s][info ][gc] GC(327) Pause Young (Normal) (G1 Evacuation Pause) 308M->3M(512M) 1.799ms
[2025-03-05T13:38:09.841+0300][272.287s][info ][gc] GC(328) Pause Young (Normal) (G1 Evacuation Pause) 308M->3M(512M) 1.889ms
[2025-03-05T13:38:10.630+0300][273.076s][info ][gc] GC(329) Pause Young (Normal) (G1 Evacuation Pause) 308M->3M(512M) 1.459ms
[2025-03-05T13:38:11.423+0300][273.868s][info ][gc] GC(330) Pause Young (Normal) (G1 Evacuation Pause) 309M->2M(512M) 0.857ms
[2025-03-05T13:38:12.221+0300][274.666s][info ][gc] GC(331) Pause Young (Normal) (G1 Evacuation Pause) 308M->5M(512M) 3.561ms
[2025-03-05T13:38:13.009+0300][275.454s][info ][gc] GC(332) Pause Young (Normal) (G1 Evacuation Pause) 308M->5M(512M) 3.499ms
[2025-03-05T13:38:13.816+0300][276.260s][info ][gc] GC(333) Pause Young (Normal) (G1 Evacuation Pause) 309M->4M(512M) 2.441ms
[2025-03-05T13:38:14.605+0300][277.049s][info ][gc] GC(334) Pause Young (Normal) (G1 Evacuation Pause) 308M->3M(512M) 2.560ms
[2025-03-05T13:38:15.393+0300][277.838s][info ][gc] GC(335) Pause Young (Normal) (G1 Evacuation Pause) 308M->3M(512M) 1.555ms
[2025-03-05T13:38:16.183+0300][278.629s][info ][gc] GC(336) Pause Young (Normal) (G1 Evacuation Pause) 308M->3M(512M) 1.401ms
[2025-03-05T13:38:16.975+0300][279.420s][info ][gc] GC(337) Pause Young (Normal) (G1 Evacuation Pause) 309M->2M(512M) 1.138ms
[2025-03-05T13:38:17.777+0300][280.222s][info ][gc] GC(338) Pause Young (Normal) (G1 Evacuation Pause) 308M->5M(512M) 3.940ms
[2025-03-05T13:38:18.559+0300][281.004s][info ][gc] GC(339) Pause Young (Normal) (G1 Evacuation Pause) 308M->5M(512M) 2.828ms
[2025-03-05T13:38:19.348+0300][281.793s][info ][gc] GC(340) Pause Young (Normal) (G1 Evacuation Pause) 309M->4M(512M) 2.692ms
[2025-03-05T13:38:20.148+0300][282.593s][info ][gc] GC(341) Pause Young (Normal) (G1 Evacuation Pause) 308M->4M(512M) 2.317ms
[2025-03-05T13:38:20.960+0300][283.406s][info ][gc] GC(342) Pause Young (Normal) (G1 Evacuation Pause) 309M->3M(512M) 1.976ms
[2025-03-05T13:38:21.751+0300][284.196s][info ][gc] GC(343) Pause Young (Normal) (G1 Evacuation Pause) 308M->3M(512M) 1.477ms
[2025-03-05T13:38:22.548+0300][284.993s][info ][gc] GC(344) Pause Young (Normal) (G1 Evacuation Pause) 309M->2M(512M) 1.269ms
[2025-03-05T13:38:23.346+0300][285.791s][info ][gc] GC(345) Pause Young (Normal) (G1 Evacuation Pause) 308M->2M(512M) 0.982ms
[2025-03-05T13:38:24.139+0300][286.585s][info ][gc] GC(346) Pause Young (Normal) (G1 Evacuation Pause) 308M->5M(512M) 3.357ms
[2025-03-05T13:38:24.933+0300][287.377s][info ][gc] GC(347) Pause Young (Normal) (G1 Evacuation Pause) 309M->4M(512M) 2.965ms
[2025-03-05T13:38:25.718+0300][288.163s][info ][gc] GC(348) Pause Young (Normal) (G1 Evacuation Pause) 308M->4M(512M) 2.604ms
[2025-03-05T13:38:26.508+0300][288.953s][info ][gc] GC(349) Pause Young (Normal) (G1 Evacuation Pause) 308M->3M(512M) 2.235ms
[2025-03-05T13:38:27.308+0300][289.753s][info ][gc] GC(350) Pause Young (Normal) (G1 Evacuation Pause) 308M->3M(512M) 1.765ms
[2025-03-05T13:38:28.104+0300][290.548s][info ][gc] GC(351) Pause Young (Normal) (G1 Evacuation Pause) 308M->3M(512M) 1.493ms
[2025-03-05T13:38:28.897+0300][291.342s][info ][gc] GC(352) Pause Young (Normal) (G1 Evacuation Pause) 309M->2M(512M) 1.214ms
[2025-03-05T13:38:29.689+0300][292.135s][info ][gc] GC(353) Pause Young (Normal) (G1 Evacuation Pause) 308M->5M(512M) 3.506ms
[2025-03-05T13:38:30.475+0300][292.920s][info ][gc] GC(354) Pause Young (Normal) (G1 Evacuation Pause) 308M->5M(512M) 3.134ms
[2025-03-05T13:38:31.263+0300][293.707s][info ][gc] GC(355) Pause Young (Normal) (G1 Evacuation Pause) 309M->4M(512M) 2.138ms
[2025-03-05T13:38:32.055+0300][294.500s][info ][gc] GC(356) Pause Young (Normal) (G1 Evacuation Pause) 308M->4M(512M) 1.964ms
[2025-03-05T13:38:32.908+0300][295.353s][info ][gc] GC(357) Pause Young (Normal) (G1 Evacuation Pause) 309M->3M(512M) 2.127ms
[2025-03-05T13:38:33.703+0300][296.147s][info ][gc] GC(358) Pause Young (Normal) (G1 Evacuation Pause) 308M->3M(512M) 1.360ms
[2025-03-05T13:38:34.491+0300][296.935s][info ][gc] GC(359) Pause Young (Normal) (G1 Evacuation Pause) 309M->2M(512M) 1.014ms
[2025-03-05T13:38:35.302+0300][297.747s][info ][gc] GC(360) Pause Young (Normal) (G1 Evacuation Pause) 308M->5M(512M) 3.836ms
[2025-03-05T13:38:36.091+0300][298.535s][info ][gc] GC(361) Pause Young (Normal) (G1 Evacuation Pause) 308M->5M(512M) 3.145ms
[2025-03-05T13:38:36.878+0300][299.323s][info ][gc] GC(362) Pause Young (Normal) (G1 Evacuation Pause) 309M->4M(512M) 2.416ms
[2025-03-05T13:38:37.667+0300][300.113s][info ][gc] GC(363) Pause Young (Normal) (G1 Evacuation Pause) 308M->4M(512M) 2.216ms
[2025-03-05T13:38:38.464+0300][300.909s][info ][gc] GC(364) Pause Young (Normal) (G1 Evacuation Pause) 309M->3M(512M) 2.034ms
[2025-03-05T13:38:39.253+0300][301.697s][info ][gc] GC(365) Pause Young (Normal) (G1 Evacuation Pause) 308M->3M(512M) 1.232ms
[2025-03-05T13:38:40.048+0300][302.492s][info ][gc] GC(366) Pause Young (Normal) (G1 Evacuation Pause) 309M->2M(512M) 1.076ms
[2025-03-05T13:38:40.844+0300][303.289s][info ][gc] GC(367) Pause Young (Normal) (G1 Evacuation Pause) 308M->2M(512M) 0.803ms
[2025-03-05T13:38:41.643+0300][304.088s][info ][gc] GC(368) Pause Young (Normal) (G1 Evacuation Pause) 308M->5M(512M) 3.024ms
[2025-03-05T13:38:42.437+0300][304.881s][info ][gc] GC(369) Pause Young (Normal) (G1 Evacuation Pause) 309M->4M(512M) 2.922ms
[2025-03-05T13:38:43.234+0300][305.679s][info ][gc] GC(370) Pause Young (Normal) (G1 Evacuation Pause) 308M->4M(512M) 2.222ms
[2025-03-05T13:38:44.025+0300][306.471s][info ][gc] GC(371) Pause Young (Normal) (G1 Evacuation Pause) 308M->3M(512M) 2.085ms
[2025-03-05T13:38:44.816+0300][307.261s][info ][gc] GC(372) Pause Young (Normal) (G1 Evacuation Pause) 308M->3M(512M) 1.557ms
[2025-03-05T13:38:45.606+0300][308.051s][info ][gc] GC(373) Pause Young (Normal) (G1 Evacuation Pause) 308M->2M(512M) 1.357ms
[2025-03-05T13:38:46.408+0300][308.854s][info ][gc] GC(374) Pause Young (Normal) (G1 Evacuation Pause) 308M->2M(512M) 1.217ms
[2025-03-05T13:38:47.210+0300][309.655s][info ][gc] GC(375) Pause Young (Normal) (G1 Evacuation Pause) 308M->5M(512M) 4.419ms
[2025-03-05T13:38:47.992+0300][310.437s][info ][gc] GC(376) Pause Young (Normal) (G1 Evacuation Pause) 308M->4M(512M) 3.031ms
[2025-03-05T13:38:48.781+0300][311.226s][info ][gc] GC(377) Pause Young (Normal) (G1 Evacuation Pause) 308M->4M(512M) 2.471ms
[2025-03-05T13:38:49.577+0300][312.022s][info ][gc] GC(378) Pause Young (Normal) (G1 Evacuation Pause) 308M->3M(512M) 2.579ms
[2025-03-05T13:38:50.369+0300][312.814s][info ][gc] GC(379) Pause Young (Normal) (G1 Evacuation Pause) 308M->3M(512M) 1.568ms
[2025-03-05T13:38:51.175+0300][313.620s][info ][gc] GC(380) Pause Young (Normal) (G1 Evacuation Pause) 308M->3M(512M) 1.474ms
[2025-03-05T13:38:51.968+0300][314.413s][info ][gc] GC(381) Pause Young (Normal) (G1 Evacuation Pause) 309M->2M(512M) 1.145ms
[2025-03-05T13:38:52.768+0300][315.212s][info ][gc] GC(382) Pause Young (Normal) (G1 Evacuation Pause) 308M->5M(512M) 3.576ms
[2025-03-05T13:38:53.556+0300][316.002s][info ][gc] GC(383) Pause Young (Normal) (G1 Evacuation Pause) 308M->5M(512M) 2.803ms
[2025-03-05T13:38:54.346+0300][316.792s][info ][gc] GC(384) Pause Young (Normal) (G1 Evacuation Pause) 309M->4M(512M) 2.497ms
[2025-03-05T13:38:55.143+0300][317.588s][info ][gc] GC(385) Pause Young (Normal) (G1 Evacuation Pause) 308M->4M(512M) 2.415ms
[2025-03-05T13:38:55.934+0300][318.379s][info ][gc] GC(386) Pause Young (Normal) (G1 Evacuation Pause) 309M->3M(512M) 1.864ms
[2025-03-05T13:38:56.726+0300][319.171s][info ][gc] GC(387) Pause Young (Normal) (G1 Evacuation Pause) 308M->3M(512M) 1.392ms
[2025-03-05T13:38:57.516+0300][319.960s][info ][gc] GC(388) Pause Young (Normal) (G1 Evacuation Pause) 309M->2M(512M) 1.044ms
[2025-03-05T13:38:58.312+0300][320.757s][info ][gc] GC(389) Pause Young (Normal) (G1 Evacuation Pause) 308M->2M(512M) 0.699ms
[2025-03-05T13:38:59.109+0300][321.554s][info ][gc] GC(390) Pause Young (Normal) (G1 Evacuation Pause) 308M->5M(512M) 3.518ms
[2025-03-05T13:38:59.905+0300][322.349s][info ][gc] GC(391) Pause Young (Normal) (G1 Evacuation Pause) 309M->4M(512M) 3.005ms
[2025-03-05T13:39:00.698+0300][323.143s][info ][gc] GC(392) Pause Young (Normal) (G1 Evacuation Pause) 308M->4M(512M) 2.342ms
[2025-03-05T13:39:01.491+0300][323.936s][info ][gc] GC(393) Pause Young (Normal) (G1 Evacuation Pause) 308M->3M(512M) 2.139ms
[2025-03-05T13:39:02.287+0300][324.732s][info ][gc] GC(394) Pause Young (Normal) (G1 Evacuation Pause) 308M->3M(512M) 1.857ms
[2025-03-05T13:39:03.086+0300][325.531s][info ][gc] GC(395) Pause Young (Normal) (G1 Evacuation Pause) 309M->3M(512M) 1.351ms
[2025-03-05T13:39:03.882+0300][326.327s][info ][gc] GC(396) Pause Young (Normal) (G1 Evacuation Pause) 309M->2M(512M) 1.274ms
[2025-03-05T13:39:04.679+0300][327.124s][info ][gc] GC(397) Pause Young (Normal) (G1 Evacuation Pause) 308M->5M(512M) 3.318ms
[2025-03-05T13:39:05.466+0300][327.911s][info ][gc] GC(398) Pause Young (Normal) (G1 Evacuation Pause) 308M->5M(512M) 3.059ms
[2025-03-05T13:39:06.255+0300][328.701s][info ][gc] GC(399) Pause Young (Normal) (G1 Evacuation Pause) 309M->4M(512M) 2.319ms
[2025-03-05T13:39:07.040+0300][329.485s][info ][gc] GC(400) Pause Young (Normal) (G1 Evacuation Pause) 308M->4M(512M) 2.436ms
[2025-03-05T13:39:07.833+0300][330.278s][info ][gc] GC(401) Pause Young (Normal) (G1 Evacuation Pause) 309M->3M(512M) 2.029ms
[2025-03-05T13:39:08.624+0300][331.070s][info ][gc] GC(402) Pause Young (Normal) (G1 Evacuation Pause) 308M->3M(512M) 1.394ms
[2025-03-05T13:39:09.415+0300][331.860s][info ][gc] GC(403) Pause Young (Normal) (G1 Evacuation Pause) 309M->2M(512M) 1.073ms
[2025-03-05T13:39:10.205+0300][332.651s][info ][gc] GC(404) Pause Young (Normal) (G1 Evacuation Pause) 308M->2M(512M) 0.868ms
[2025-03-05T13:39:10.998+0300][333.444s][info ][gc] GC(405) Pause Young (Normal) (G1 Evacuation Pause) 308M->5M(512M) 3.209ms
[2025-03-05T13:39:11.787+0300][334.232s][info ][gc] GC(406) Pause Young (Normal) (G1 Evacuation Pause) 309M->4M(512M) 3.000ms
[2025-03-05T13:39:12.578+0300][335.024s][info ][gc] GC(407) Pause Young (Normal) (G1 Evacuation Pause) 308M->4M(512M) 2.294ms
[2025-03-05T13:39:13.583+0300][336.028s][info ][gc] GC(408) Pause Young (Normal) (G1 Evacuation Pause) 308M->3M(512M) 2.104ms
[2025-03-05T13:39:14.554+0300][336.999s][info ][gc] GC(409) Pause Young (Normal) (G1 Evacuation Pause) 308M->3M(512M) 1.803ms
[2025-03-05T13:39:15.399+0300][337.844s][info ][gc] GC(410) Pause Young (Normal) (G1 Evacuation Pause) 309M->3M(512M) 1.136ms
[2025-03-05T13:39:16.239+0300][338.685s][info ][gc] GC(411) Pause Young (Normal) (G1 Evacuation Pause) 309M->2M(512M) 1.116ms
[2025-03-05T13:39:17.115+0300][339.560s][info ][gc] GC(412) Pause Young (Normal) (G1 Evacuation Pause) 308M->5M(512M) 3.678ms
[2025-03-05T13:39:17.938+0300][340.383s][info ][gc] GC(413) Pause Young (Normal) (G1 Evacuation Pause) 308M->5M(512M) 2.960ms
[2025-03-05T13:39:18.797+0300][341.241s][info ][gc] GC(414) Pause Young (Normal) (G1 Evacuation Pause) 309M->4M(512M) 2.764ms
[2025-03-05T13:39:19.619+0300][342.064s][info ][gc] GC(415) Pause Young (Normal) (G1 Evacuation Pause) 308M->4M(512M) 2.146ms
[2025-03-05T13:39:20.474+0300][342.919s][info ][gc] GC(416) Pause Young (Normal) (G1 Evacuation Pause) 309M->3M(512M) 2.232ms
[2025-03-05T13:39:21.345+0300][343.790s][info ][gc] GC(417) Pause Young (Normal) (G1 Evacuation Pause) 308M->3M(512M) 1.429ms
[2025-03-05T13:39:22.170+0300][344.614s][info ][gc] GC(418) Pause Young (Normal) (G1 Evacuation Pause) 309M->2M(512M) 1.247ms
[2025-03-05T13:39:22.973+0300][345.418s][info ][gc] GC(419) Pause Young (Normal) (G1 Evacuation Pause) 308M->2M(512M) 0.884ms
[2025-03-05T13:39:23.767+0300][346.212s][info ][gc] GC(420) Pause Young (Normal) (G1 Evacuation Pause) 308M->5M(512M) 3.245ms
[2025-03-05T13:39:24.562+0300][347.007s][info ][gc] GC(421) Pause Young (Normal) (G1 Evacuation Pause) 309M->4M(512M) 3.252ms
[2025-03-05T13:39:25.354+0300][347.799s][info ][gc] GC(422) Pause Young (Normal) (G1 Evacuation Pause) 308M->4M(512M) 2.393ms
[2025-03-05T13:39:26.150+0300][348.594s][info ][gc] GC(423) Pause Young (Normal) (G1 Evacuation Pause) 309M->4M(512M) 2.106ms
[2025-03-05T13:39:26.951+0300][349.396s][info ][gc] GC(424) Pause Young (Normal) (G1 Evacuation Pause) 309M->3M(512M) 1.976ms
[2025-03-05T13:39:27.750+0300][350.194s][info ][gc] GC(425) Pause Young (Normal) (G1 Evacuation Pause) 308M->3M(512M) 1.461ms
[2025-03-05T13:39:28.541+0300][350.985s][info ][gc] GC(426) Pause Young (Normal) (G1 Evacuation Pause) 309M->2M(512M) 1.444ms
[2025-03-05T13:39:29.338+0300][351.784s][info ][gc] GC(427) Pause Young (Normal) (G1 Evacuation Pause) 308M->5M(512M) 3.397ms
[2025-03-05T13:39:30.131+0300][352.576s][info ][gc] GC(428) Pause Young (Normal) (G1 Evacuation Pause) 308M->5M(512M) 3.136ms
[2025-03-05T13:39:30.922+0300][353.367s][info ][gc] GC(429) Pause Young (Normal) (G1 Evacuation Pause) 309M->4M(512M) 2.755ms
[2025-03-05T13:39:31.710+0300][354.155s][info ][gc] GC(430) Pause Young (Normal) (G1 Evacuation Pause) 308M->4M(512M) 2.134ms
[2025-03-05T13:39:32.497+0300][354.943s][info ][gc] GC(431) Pause Young (Normal) (G1 Evacuation Pause) 309M->3M(512M) 1.798ms
[2025-03-05T13:39:33.303+0300][355.748s][info ][gc] GC(432) Pause Young (Normal) (G1 Evacuation Pause) 308M->3M(512M) 1.428ms
[2025-03-05T13:39:34.112+0300][356.556s][info ][gc] GC(433) Pause Young (Normal) (G1 Evacuation Pause) 309M->2M(512M) 1.170ms
[2025-03-05T13:39:34.914+0300][357.359s][info ][gc] GC(434) Pause Young (Normal) (G1 Evacuation Pause) 308M->2M(512M) 0.767ms
[2025-03-05T13:39:35.733+0300][358.178s][info ][gc] GC(435) Pause Young (Normal) (G1 Evacuation Pause) 308M->5M(512M) 3.249ms
[2025-03-05T13:39:36.523+0300][358.967s][info ][gc] GC(436) Pause Young (Normal) (G1 Evacuation Pause) 309M->4M(512M) 2.885ms
[2025-03-05T13:39:37.313+0300][359.758s][info ][gc] GC(437) Pause Young (Normal) (G1 Evacuation Pause) 308M->4M(512M) 2.466ms
[2025-03-05T13:39:38.106+0300][360.551s][info ][gc] GC(438) Pause Young (Normal) (G1 Evacuation Pause) 308M->3M(512M) 2.226ms
[2025-03-05T13:39:38.898+0300][361.342s][info ][gc] GC(439) Pause Young (Normal) (G1 Evacuation Pause) 308M->3M(512M) 1.558ms
[2025-03-05T13:39:39.693+0300][362.138s][info ][gc] GC(440) Pause Young (Normal) (G1 Evacuation Pause) 308M->3M(512M) 1.392ms
[2025-03-05T13:39:40.492+0300][362.937s][info ][gc] GC(441) Pause Young (Normal) (G1 Evacuation Pause) 309M->2M(512M) 1.183ms
[2025-03-05T13:39:41.288+0300][363.732s][info ][gc] GC(442) Pause Young (Normal) (G1 Evacuation Pause) 308M->5M(512M) 3.634ms
[2025-03-05T13:39:42.085+0300][364.530s][info ][gc] GC(443) Pause Young (Normal) (G1 Evacuation Pause) 308M->4M(512M) 3.095ms
[2025-03-05T13:39:42.875+0300][365.320s][info ][gc] GC(444) Pause Young (Normal) (G1 Evacuation Pause) 308M->4M(512M) 2.919ms
[2025-03-05T13:39:43.669+0300][366.113s][info ][gc] GC(445) Pause Young (Normal) (G1 Evacuation Pause) 308M->4M(512M) 2.032ms
[2025-03-05T13:39:44.462+0300][366.907s][info ][gc] GC(446) Pause Young (Normal) (G1 Evacuation Pause) 309M->3M(512M) 1.688ms
[2025-03-05T13:39:45.260+0300][367.705s][info ][gc] GC(447) Pause Young (Normal) (G1 Evacuation Pause) 308M->3M(512M) 1.544ms
[2025-03-05T13:39:46.057+0300][368.502s][info ][gc] GC(448) Pause Young (Normal) (G1 Evacuation Pause) 309M->2M(512M) 1.226ms
[2025-03-05T13:39:46.855+0300][369.300s][info ][gc] GC(449) Pause Young (Normal) (G1 Evacuation Pause) 308M->5M(512M) 3.646ms
[2025-03-05T13:39:47.645+0300][370.090s][info ][gc] GC(450) Pause Young (Normal) (G1 Evacuation Pause) 308M->5M(512M) 3.186ms
[2025-03-05T13:39:48.434+0300][370.879s][info ][gc] GC(451) Pause Young (Normal) (G1 Evacuation Pause) 309M->4M(512M) 2.439ms
[2025-03-05T13:39:49.250+0300][371.695s][info ][gc] GC(452) Pause Young (Normal) (G1 Evacuation Pause) 308M->4M(512M) 2.164ms
[2025-03-05T13:39:50.057+0300][372.503s][info ][gc] GC(453) Pause Young (Normal) (G1 Evacuation Pause) 309M->3M(512M) 1.760ms
[2025-03-05T13:39:50.845+0300][373.289s][info ][gc] GC(454) Pause Young (Normal) (G1 Evacuation Pause) 308M->3M(512M) 1.340ms
[2025-03-05T13:39:51.638+0300][374.083s][info ][gc] GC(455) Pause Young (Normal) (G1 Evacuation Pause) 309M->2M(512M) 1.211ms
[2025-03-05T13:39:52.431+0300][374.875s][info ][gc] GC(456) Pause Young (Normal) (G1 Evacuation Pause) 308M->2M(512M) 0.943ms
[2025-03-05T13:39:53.225+0300][375.669s][info ][gc] GC(457) Pause Young (Normal) (G1 Evacuation Pause) 308M->5M(512M) 3.242ms
[2025-03-05T13:39:54.016+0300][376.460s][info ][gc] GC(458) Pause Young (Normal) (G1 Evacuation Pause) 309M->4M(512M) 3.628ms
[2025-03-05T13:39:54.804+0300][377.249s][info ][gc] GC(459) Pause Young (Normal) (G1 Evacuation Pause) 308M->4M(512M) 2.520ms
[2025-03-05T13:39:55.601+0300][378.047s][info ][gc] GC(460) Pause Young (Normal) (G1 Evacuation Pause) 308M->3M(512M) 2.468ms
[2025-03-05T13:39:56.396+0300][378.842s][info ][gc] GC(461) Pause Young (Normal) (G1 Evacuation Pause) 308M->3M(512M) 1.591ms
[2025-03-05T13:39:57.188+0300][379.632s][info ][gc] GC(462) Pause Young (Normal) (G1 Evacuation Pause) 308M->3M(512M) 1.336ms
[2025-03-05T13:39:57.985+0300][380.430s][info ][gc] GC(463) Pause Young (Normal) (G1 Evacuation Pause) 309M->2M(512M) 1.347ms
[2025-03-05T13:39:58.827+0300][381.272s][info ][gc] GC(464) Pause Young (Normal) (G1 Evacuation Pause) 308M->5M(512M) 3.734ms
[2025-03-05T13:39:59.621+0300][382.066s][info ][gc] GC(465) Pause Young (Normal) (G1 Evacuation Pause) 309M->5M(512M) 3.602ms
[2025-03-05T13:40:00.409+0300][382.854s][info ][gc] GC(466) Pause Young (Normal) (G1 Evacuation Pause) 309M->4M(512M) 2.832ms
[2025-03-05T13:40:01.203+0300][383.648s][info ][gc] GC(467) Pause Young (Normal) (G1 Evacuation Pause) 308M->4M(512M) 2.222ms
[2025-03-05T13:40:01.997+0300][384.442s][info ][gc] GC(468) Pause Young (Normal) (G1 Evacuation Pause) 309M->3M(512M) 1.737ms
[2025-03-05T13:40:02.791+0300][385.236s][info ][gc] GC(469) Pause Young (Normal) (G1 Evacuation Pause) 308M->3M(512M) 1.127ms
[2025-03-05T13:40:03.582+0300][386.027s][info ][gc] GC(470) Pause Young (Normal) (G1 Evacuation Pause) 309M->2M(512M) 1.123ms
[2025-03-05T13:40:04.381+0300][386.826s][info ][gc] GC(471) Pause Young (Normal) (G1 Evacuation Pause) 308M->2M(512M) 0.926ms
[2025-03-05T13:40:05.183+0300][387.628s][info ][gc] GC(472) Pause Young (Normal) (G1 Evacuation Pause) 308M->5M(512M) 3.191ms
[2025-03-05T13:40:05.977+0300][388.422s][info ][gc] GC(473) Pause Young (Normal) (G1 Evacuation Pause) 309M->4M(512M) 3.324ms
[2025-03-05T13:40:06.774+0300][389.220s][info ][gc] GC(474) Pause Young (Normal) (G1 Evacuation Pause) 308M->4M(512M) 2.995ms
[2025-03-05T13:40:07.565+0300][390.009s][info ][gc] GC(475) Pause Young (Normal) (G1 Evacuation Pause) 308M->3M(512M) 2.116ms
[2025-03-05T13:40:08.362+0300][390.806s][info ][gc] GC(476) Pause Young (Normal) (G1 Evacuation Pause) 308M->3M(512M) 1.827ms
[2025-03-05T13:40:09.151+0300][391.596s][info ][gc] GC(477) Pause Young (Normal) (G1 Evacuation Pause) 308M->3M(512M) 1.400ms
[2025-03-05T13:40:09.947+0300][392.392s][info ][gc] GC(478) Pause Young (Normal) (G1 Evacuation Pause) 309M->2M(512M) 1.137ms
[2025-03-05T13:40:10.746+0300][393.191s][info ][gc] GC(479) Pause Young (Normal) (G1 Evacuation Pause) 308M->5M(512M) 3.306ms
[2025-03-05T13:40:11.536+0300][393.981s][info ][gc] GC(480) Pause Young (Normal) (G1 Evacuation Pause) 308M->5M(512M) 3.074ms
[2025-03-05T13:40:12.334+0300][394.779s][info ][gc] GC(481) Pause Young (Normal) (G1 Evacuation Pause) 309M->4M(512M) 2.450ms
[2025-03-05T13:40:13.131+0300][395.577s][info ][gc] GC(482) Pause Young (Normal) (G1 Evacuation Pause) 308M->4M(512M) 2.193ms
[2025-03-05T13:40:13.928+0300][396.373s][info ][gc] GC(483) Pause Young (Normal) (G1 Evacuation Pause) 309M->3M(512M) 1.614ms
[2025-03-05T13:40:14.721+0300][397.166s][info ][gc] GC(484) Pause Young (Normal) (G1 Evacuation Pause) 308M->3M(512M) 1.541ms
[2025-03-05T13:40:15.518+0300][397.962s][info ][gc] GC(485) Pause Young (Normal) (G1 Evacuation Pause) 309M->2M(512M) 1.345ms
[2025-03-05T13:40:16.396+0300][398.841s][info ][gc] GC(486) Pause Young (Normal) (G1 Evacuation Pause) 308M->5M(512M) 3.631ms
[2025-03-05T13:40:17.193+0300][399.637s][info ][gc] GC(487) Pause Young (Normal) (G1 Evacuation Pause) 308M->5M(512M) 2.700ms
[2025-03-05T13:40:17.991+0300][400.436s][info ][gc] GC(488) Pause Young (Normal) (G1 Evacuation Pause) 309M->4M(512M) 2.697ms
[2025-03-05T13:40:18.785+0300][401.230s][info ][gc] GC(489) Pause Young (Normal) (G1 Evacuation Pause) 308M->4M(512M) 2.325ms
[2025-03-05T13:40:19.578+0300][402.024s][info ][gc] GC(490) Pause Young (Normal) (G1 Evacuation Pause) 309M->3M(512M) 1.621ms
[2025-03-05T13:40:20.386+0300][402.831s][info ][gc] GC(491) Pause Young (Normal) (G1 Evacuation Pause) 308M->3M(512M) 1.653ms
[2025-03-05T13:40:21.186+0300][403.630s][info ][gc] GC(492) Pause Young (Normal) (G1 Evacuation Pause) 309M->2M(512M) 1.322ms
[2025-03-05T13:40:21.983+0300][404.428s][info ][gc] GC(493) Pause Young (Normal) (G1 Evacuation Pause) 308M->2M(512M) 1.005ms
[2025-03-05T13:40:22.782+0300][405.227s][info ][gc] GC(494) Pause Young (Normal) (G1 Evacuation Pause) 308M->5M(512M) 3.673ms
[2025-03-05T13:40:23.571+0300][406.016s][info ][gc] GC(495) Pause Young (Normal) (G1 Evacuation Pause) 309M->4M(512M) 3.324ms
[2025-03-05T13:40:24.363+0300][406.808s][info ][gc] GC(496) Pause Young (Normal) (G1 Evacuation Pause) 308M->4M(512M) 2.361ms
[2025-03-05T13:40:25.151+0300][407.596s][info ][gc] GC(497) Pause Young (Normal) (G1 Evacuation Pause) 308M->3M(512M) 1.814ms
[2025-03-05T13:40:25.954+0300][408.399s][info ][gc] GC(498) Pause Young (Normal) (G1 Evacuation Pause) 308M->3M(512M) 1.739ms
[2025-03-05T13:40:26.751+0300][409.197s][info ][gc] GC(499) Pause Young (Normal) (G1 Evacuation Pause) 308M->3M(512M) 1.439ms
[2025-03-05T13:40:27.547+0300][409.991s][info ][gc] GC(500) Pause Young (Normal) (G1 Evacuation Pause) 309M->2M(512M) 1.151ms
[2025-03-05T13:40:28.345+0300][410.790s][info ][gc] GC(501) Pause Young (Normal) (G1 Evacuation Pause) 308M->5M(512M) 3.371ms
[2025-03-05T13:40:29.135+0300][411.580s][info ][gc] GC(502) Pause Young (Normal) (G1 Evacuation Pause) 308M->5M(512M) 2.898ms
[2025-03-05T13:40:29.928+0300][412.373s][info ][gc] GC(503) Pause Young (Normal) (G1 Evacuation Pause) 309M->4M(512M) 2.640ms
[2025-03-05T13:40:30.726+0300][413.171s][info ][gc] GC(504) Pause Young (Normal) (G1 Evacuation Pause) 308M->4M(512M) 2.135ms
[2025-03-05T13:40:31.514+0300][413.958s][info ][gc] GC(505) Pause Young (Normal) (G1 Evacuation Pause) 309M->3M(512M) 1.510ms
[2025-03-05T13:40:32.301+0300][414.746s][info ][gc] GC(506) Pause Young (Normal) (G1 Evacuation Pause) 308M->3M(512M) 1.394ms
[2025-03-05T13:40:33.099+0300][415.544s][info ][gc] GC(507) Pause Young (Normal) (G1 Evacuation Pause) 309M->2M(512M) 1.264ms
[2025-03-05T13:40:33.896+0300][416.341s][info ][gc] GC(508) Pause Young (Normal) (G1 Evacuation Pause) 308M->5M(512M) 3.243ms
[2025-03-05T13:40:34.686+0300][417.131s][info ][gc] GC(509) Pause Young (Normal) (G1 Evacuation Pause) 308M->4M(512M) 3.151ms
[2025-03-05T13:40:35.483+0300][417.928s][info ][gc] GC(510) Pause Young (Normal) (G1 Evacuation Pause) 308M->4M(512M) 2.446ms
[2025-03-05T13:40:36.273+0300][418.719s][info ][gc] GC(511) Pause Young (Normal) (G1 Evacuation Pause) 308M->4M(512M) 2.438ms
[2025-03-05T13:40:37.068+0300][419.514s][info ][gc] GC(512) Pause Young (Normal) (G1 Evacuation Pause) 309M->3M(512M) 1.751ms
[2025-03-05T13:40:37.861+0300][420.306s][info ][gc] GC(513) Pause Young (Normal) (G1 Evacuation Pause) 308M->3M(512M) 1.476ms
[2025-03-05T13:40:38.656+0300][421.102s][info ][gc] GC(514) Pause Young (Normal) (G1 Evacuation Pause) 309M->2M(512M) 1.102ms
[2025-03-05T13:40:39.451+0300][421.895s][info ][gc] GC(515) Pause Young (Normal) (G1 Evacuation Pause) 308M->2M(512M) 0.769ms
[2025-03-05T13:40:40.245+0300][422.690s][info ][gc] GC(516) Pause Young (Normal) (G1 Evacuation Pause) 308M->5M(512M) 3.406ms
[2025-03-05T13:40:41.037+0300][423.483s][info ][gc] GC(517) Pause Young (Normal) (G1 Evacuation Pause) 309M->4M(512M) 2.919ms
[2025-03-05T13:40:41.829+0300][424.274s][info ][gc] GC(518) Pause Young (Normal) (G1 Evacuation Pause) 308M->4M(512M) 2.330ms
[2025-03-05T13:40:42.623+0300][425.068s][info ][gc] GC(519) Pause Young (Normal) (G1 Evacuation Pause) 308M->3M(512M) 2.197ms
[2025-03-05T13:40:43.414+0300][425.859s][info ][gc] GC(520) Pause Young (Normal) (G1 Evacuation Pause) 308M->3M(512M) 2.146ms
[2025-03-05T13:40:44.213+0300][426.657s][info ][gc] GC(521) Pause Young (Normal) (G1 Evacuation Pause) 309M->3M(512M) 1.433ms
[2025-03-05T13:40:45.007+0300][427.452s][info ][gc] GC(522) Pause Young (Normal) (G1 Evacuation Pause) 309M->2M(512M) 1.325ms
[2025-03-05T13:40:45.811+0300][428.256s][info ][gc] GC(523) Pause Young (Normal) (G1 Evacuation Pause) 308M->5M(512M) 3.656ms
[2025-03-05T13:40:46.604+0300][429.049s][info ][gc] GC(524) Pause Young (Normal) (G1 Evacuation Pause) 308M->5M(512M) 3.063ms
[2025-03-05T13:40:47.393+0300][429.838s][info ][gc] GC(525) Pause Young (Normal) (G1 Evacuation Pause) 309M->4M(512M) 2.685ms
[2025-03-05T13:40:48.182+0300][430.626s][info ][gc] GC(526) Pause Young (Normal) (G1 Evacuation Pause) 308M->4M(512M) 2.260ms
[2025-03-05T13:40:48.979+0300][431.425s][info ][gc] GC(527) Pause Young (Normal) (G1 Evacuation Pause) 309M->3M(512M) 1.818ms
[2025-03-05T13:40:49.809+0300][432.254s][info ][gc] GC(528) Pause Young (Normal) (G1 Evacuation Pause) 308M->3M(512M) 1.523ms
[2025-03-05T13:40:50.609+0300][433.055s][info ][gc] GC(529) Pause Young (Normal) (G1 Evacuation Pause) 309M->2M(512M) 1.276ms
[2025-03-05T13:40:51.403+0300][433.848s][info ][gc] GC(530) Pause Young (Normal) (G1 Evacuation Pause) 308M->2M(512M) 1.032ms
[2025-03-05T13:40:52.202+0300][434.647s][info ][gc] GC(531) Pause Young (Normal) (G1 Evacuation Pause) 308M->5M(512M) 3.312ms
[2025-03-05T13:40:52.993+0300][435.438s][info ][gc] GC(532) Pause Young (Normal) (G1 Evacuation Pause) 309M->4M(512M) 2.755ms
[2025-03-05T13:40:53.790+0300][436.235s][info ][gc] GC(533) Pause Young (Normal) (G1 Evacuation Pause) 308M->4M(512M) 2.648ms
[2025-03-05T13:40:54.580+0300][437.025s][info ][gc] GC(534) Pause Young (Normal) (G1 Evacuation Pause) 309M->4M(512M) 2.135ms
[2025-03-05T13:40:55.376+0300][437.821s][info ][gc] GC(535) Pause Young (Normal) (G1 Evacuation Pause) 309M->3M(512M) 1.709ms
[2025-03-05T13:40:56.171+0300][438.616s][info ][gc] GC(536) Pause Young (Normal) (G1 Evacuation Pause) 308M->3M(512M) 1.399ms
[2025-03-05T13:40:56.969+0300][439.414s][info ][gc] GC(537) Pause Young (Normal) (G1 Evacuation Pause) 309M->2M(512M) 1.398ms
[2025-03-05T13:40:57.836+0300][440.281s][info ][gc] GC(538) Pause Young (Normal) (G1 Evacuation Pause) 308M->5M(512M) 3.510ms
[2025-03-05T13:40:58.633+0300][441.077s][info ][gc] GC(539) Pause Young (Normal) (G1 Evacuation Pause) 308M->5M(512M) 3.199ms
[2025-03-05T13:40:59.422+0300][441.866s][info ][gc] GC(540) Pause Young (Normal) (G1 Evacuation Pause) 309M->4M(512M) 2.997ms
[2025-03-05T13:41:00.215+0300][442.661s][info ][gc] GC(541) Pause Young (Normal) (G1 Evacuation Pause) 308M->4M(512M) 2.167ms
[2025-03-05T13:41:01.013+0300][443.458s][info ][gc] GC(542) Pause Young (Normal) (G1 Evacuation Pause) 309M->3M(512M) 2.123ms
[2025-03-05T13:41:01.811+0300][444.257s][info ][gc] GC(543) Pause Young (Normal) (G1 Evacuation Pause) 308M->3M(512M) 1.448ms
[2025-03-05T13:41:02.606+0300][445.050s][info ][gc] GC(544) Pause Young (Normal) (G1 Evacuation Pause) 309M->2M(512M) 1.374ms
[2025-03-05T13:41:03.402+0300][445.847s][info ][gc] GC(545) Pause Young (Normal) (G1 Evacuation Pause) 308M->2M(512M) 0.769ms
[2025-03-05T13:41:04.203+0300][446.647s][info ][gc] GC(546) Pause Young (Normal) (G1 Evacuation Pause) 308M->5M(512M) 3.272ms
[2025-03-05T13:41:04.999+0300][447.445s][info ][gc] GC(547) Pause Young (Normal) (G1 Evacuation Pause) 309M->4M(512M) 2.691ms
[2025-03-05T13:41:05.797+0300][448.242s][info ][gc] GC(548) Pause Young (Normal) (G1 Evacuation Pause) 308M->4M(512M) 2.158ms
[2025-03-05T13:41:06.587+0300][449.032s][info ][gc] GC(549) Pause Young (Normal) (G1 Evacuation Pause) 308M->4M(512M) 2.256ms
[2025-03-05T13:41:07.380+0300][449.824s][info ][gc] GC(550) Pause Young (Normal) (G1 Evacuation Pause) 309M->3M(512M) 1.300ms
[2025-03-05T13:41:08.171+0300][450.616s][info ][gc] GC(551) Pause Young (Normal) (G1 Evacuation Pause) 308M->3M(512M) 1.412ms
[2025-03-05T13:41:08.963+0300][451.407s][info ][gc] GC(552) Pause Young (Normal) (G1 Evacuation Pause) 309M->2M(512M) 1.153ms
[2025-03-05T13:41:09.761+0300][452.206s][info ][gc] GC(553) Pause Young (Normal) (G1 Evacuation Pause) 308M->5M(512M) 3.716ms
[2025-03-05T13:41:10.548+0300][452.993s][info ][gc] GC(554) Pause Young (Normal) (G1 Evacuation Pause) 308M->5M(512M) 3.247ms
[2025-03-05T13:41:11.338+0300][453.783s][info ][gc] GC(555) Pause Young (Normal) (G1 Evacuation Pause) 309M->4M(512M) 2.272ms
[2025-03-05T13:41:12.134+0300][454.579s][info ][gc] GC(556) Pause Young (Normal) (G1 Evacuation Pause) 308M->3M(512M) 2.188ms
[2025-03-05T13:41:12.934+0300][455.378s][info ][gc] GC(557) Pause Young (Normal) (G1 Evacuation Pause) 308M->3M(512M) 1.699ms
[2025-03-05T13:41:13.730+0300][456.175s][info ][gc] GC(558) Pause Young (Normal) (G1 Evacuation Pause) 308M->3M(512M) 1.477ms
[2025-03-05T13:41:14.518+0300][456.963s][info ][gc] GC(559) Pause Young (Normal) (G1 Evacuation Pause) 309M->2M(512M) 1.189ms
[2025-03-05T13:41:15.317+0300][457.762s][info ][gc] GC(560) Pause Young (Normal) (G1 Evacuation Pause) 308M->5M(512M) 3.887ms
[2025-03-05T13:41:16.105+0300][458.550s][info ][gc] GC(561) Pause Young (Normal) (G1 Evacuation Pause) 308M->5M(512M) 2.982ms
[2025-03-05T13:41:16.901+0300][459.345s][info ][gc] GC(562) Pause Young (Normal) (G1 Evacuation Pause) 309M->4M(512M) 2.474ms
[2025-03-05T13:41:17.687+0300][460.133s][info ][gc] GC(563) Pause Young (Normal) (G1 Evacuation Pause) 308M->4M(512M) 2.226ms
[2025-03-05T13:41:18.475+0300][460.920s][info ][gc] GC(564) Pause Young (Normal) (G1 Evacuation Pause) 309M->3M(512M) 1.869ms
