[2025-03-05T13:58:24.468+0300][0.010s][info][gc] Using G1
[2025-03-05T13:58:24.468+0300][0.011s][debug][gc] ConcGCThreads: 2 offset 16
[2025-03-05T13:58:24.468+0300][0.011s][debug][gc] ParallelGCThreads: 8
[2025-03-05T13:58:24.468+0300][0.011s][debug][gc] Initialize mark stack with 4096 chunks, maximum 524288
[2025-03-05T13:58:25.172+0300][0.714s][info ][gc] GC(0) Pause Young (Normal) (G1 Evacuation Pause) 76M->5M(1536M) 5.391ms
[2025-03-05T13:58:25.436+0300][0.978s][info ][gc] GC(1) Pause Young (Normal) (G1 Evacuation Pause) 86M->3M(1536M) 2.099ms
[2025-03-05T13:58:27.908+0300][3.451s][info ][gc] GC(2) Pause Young (Normal) (G1 Evacuation Pause) 920M->5M(1536M) 4.810ms
[2025-03-05T13:58:30.203+0300][5.746s][info ][gc] GC(3) Pause Young (Normal) (G1 Evacuation Pause) 920M->3M(1536M) 3.181ms
[2025-03-05T13:58:32.451+0300][7.993s][info ][gc] GC(4) Pause Young (Normal) (G1 Evacuation Pause) 920M->2M(1536M) 2.285ms
[2025-03-05T13:58:34.714+0300][10.256s][info ][gc] GC(5) Pause Young (Normal) (G1 Evacuation Pause) 920M->4M(1536M) 3.908ms
[2025-03-05T13:58:36.959+0300][12.501s][info ][gc] GC(6) Pause Young (Normal) (G1 Evacuation Pause) 920M->3M(1536M) 2.938ms
[2025-03-05T13:58:39.208+0300][14.751s][info ][gc] GC(7) Pause Young (Normal) (G1 Evacuation Pause) 920M->2M(1536M) 2.460ms
[2025-03-05T13:58:41.448+0300][16.990s][info ][gc] GC(8) Pause Young (Normal) (G1 Evacuation Pause) 920M->4M(1536M) 4.076ms
[2025-03-05T13:58:43.705+0300][19.248s][info ][gc] GC(9) Pause Young (Normal) (G1 Evacuation Pause) 920M->3M(1536M) 3.134ms
[2025-03-05T13:58:45.946+0300][21.488s][info ][gc] GC(10) Pause Young (Normal) (G1 Evacuation Pause) 920M->2M(1536M) 2.332ms
[2025-03-05T13:58:48.199+0300][23.742s][info ][gc] GC(11) Pause Young (Normal) (G1 Evacuation Pause) 920M->5M(1536M) 4.615ms
[2025-03-05T13:58:50.479+0300][26.023s][info ][gc] GC(12) Pause Young (Normal) (G1 Evacuation Pause) 920M->3M(1536M) 2.879ms
[2025-03-05T13:58:52.729+0300][28.271s][info ][gc] GC(13) Pause Young (Normal) (G1 Evacuation Pause) 920M->2M(1536M) 2.655ms
[2025-03-05T13:58:54.974+0300][30.516s][info ][gc] GC(14) Pause Young (Normal) (G1 Evacuation Pause) 920M->4M(1536M) 3.759ms
[2025-03-05T13:58:57.217+0300][32.760s][info ][gc] GC(15) Pause Young (Normal) (G1 Evacuation Pause) 920M->4M(1536M) 3.124ms
[2025-03-05T13:58:59.600+0300][35.143s][info ][gc] GC(16) Pause Young (Normal) (G1 Evacuation Pause) 923M->2M(1536M) 1.764ms
[2025-03-05T13:59:01.994+0300][37.537s][info ][gc] GC(17) Pause Young (Normal) (G1 Evacuation Pause) 922M->5M(1536M) 3.964ms
[2025-03-05T13:59:04.372+0300][39.915s][info ][gc] GC(18) Pause Young (Normal) (G1 Evacuation Pause) 923M->4M(1536M) 2.730ms
[2025-03-05T13:59:06.755+0300][42.297s][info ][gc] GC(19) Pause Young (Normal) (G1 Evacuation Pause) 923M->3M(1536M) 1.846ms
[2025-03-05T13:59:09.139+0300][44.681s][info ][gc] GC(20) Pause Young (Normal) (G1 Evacuation Pause) 923M->2M(1536M) 1.312ms
[2025-03-05T13:59:11.561+0300][47.103s][info ][gc] GC(21) Pause Young (Normal) (G1 Evacuation Pause) 922M->5M(1536M) 3.498ms
[2025-03-05T13:59:13.944+0300][49.486s][info ][gc] GC(22) Pause Young (Normal) (G1 Evacuation Pause) 923M->4M(1536M) 2.325ms
[2025-03-05T13:59:16.322+0300][51.864s][info ][gc] GC(23) Pause Young (Normal) (G1 Evacuation Pause) 923M->3M(1536M) 1.840ms
[2025-03-05T13:59:18.721+0300][54.264s][info ][gc] GC(24) Pause Young (Normal) (G1 Evacuation Pause) 923M->5M(1536M) 4.359ms
[2025-03-05T13:59:21.123+0300][56.665s][info ][gc] GC(25) Pause Young (Normal) (G1 Evacuation Pause) 923M->4M(1536M) 2.822ms
[2025-03-05T13:59:23.531+0300][59.073s][info ][gc] GC(26) Pause Young (Normal) (G1 Evacuation Pause) 922M->3M(1536M) 2.371ms
[2025-03-05T13:59:25.944+0300][61.486s][info ][gc] GC(27) Pause Young (Normal) (G1 Evacuation Pause) 922M->2M(1536M) 1.453ms
[2025-03-05T13:59:28.325+0300][63.868s][info ][gc] GC(28) Pause Young (Normal) (G1 Evacuation Pause) 922M->5M(1536M) 3.472ms
[2025-03-05T13:59:30.702+0300][66.243s][info ][gc] GC(29) Pause Young (Normal) (G1 Evacuation Pause) 923M->4M(1536M) 2.422ms
[2025-03-05T13:59:33.091+0300][68.634s][info ][gc] GC(30) Pause Young (Normal) (G1 Evacuation Pause) 923M->3M(1536M) 1.781ms
[2025-03-05T13:59:35.488+0300][71.031s][info ][gc] GC(31) Pause Young (Normal) (G1 Evacuation Pause) 923M->5M(1536M) 4.029ms
[2025-03-05T13:59:37.897+0300][73.440s][info ][gc] GC(32) Pause Young (Normal) (G1 Evacuation Pause) 922M->4M(1536M) 3.246ms
[2025-03-05T13:59:40.296+0300][75.839s][info ][gc] GC(33) Pause Young (Normal) (G1 Evacuation Pause) 923M->3M(1536M) 2.125ms
[2025-03-05T13:59:42.684+0300][78.227s][info ][gc] GC(34) Pause Young (Normal) (G1 Evacuation Pause) 922M->2M(1536M) 1.583ms
[2025-03-05T13:59:45.073+0300][80.616s][info ][gc] GC(35) Pause Young (Normal) (G1 Evacuation Pause) 922M->5M(1536M) 3.310ms
[2025-03-05T13:59:47.456+0300][82.999s][info ][gc] GC(36) Pause Young (Normal) (G1 Evacuation Pause) 923M->4M(1536M) 2.759ms
[2025-03-05T13:59:49.878+0300][85.420s][info ][gc] GC(37) Pause Young (Normal) (G1 Evacuation Pause) 923M->3M(1536M) 1.805ms
[2025-03-05T13:59:52.272+0300][87.814s][info ][gc] GC(38) Pause Young (Normal) (G1 Evacuation Pause) 923M->5M(1536M) 3.848ms
[2025-03-05T13:59:54.650+0300][90.193s][info ][gc] GC(39) Pause Young (Normal) (G1 Evacuation Pause) 922M->4M(1536M) 3.118ms
[2025-03-05T13:59:57.022+0300][92.564s][info ][gc] GC(40) Pause Young (Normal) (G1 Evacuation Pause) 922M->3M(1536M) 1.875ms
[2025-03-05T13:59:59.397+0300][94.938s][info ][gc] GC(41) Pause Young (Normal) (G1 Evacuation Pause) 922M->2M(1536M) 1.611ms
[2025-03-05T14:00:01.786+0300][97.329s][info ][gc] GC(42) Pause Young (Normal) (G1 Evacuation Pause) 922M->5M(1536M) 3.590ms
[2025-03-05T14:00:04.163+0300][99.706s][info ][gc] GC(43) Pause Young (Normal) (G1 Evacuation Pause) 923M->4M(1536M) 2.892ms
[2025-03-05T14:00:06.537+0300][102.079s][info ][gc] GC(44) Pause Young (Normal) (G1 Evacuation Pause) 923M->3M(1536M) 1.982ms
[2025-03-05T14:00:08.923+0300][104.465s][info ][gc] GC(45) Pause Young (Normal) (G1 Evacuation Pause) 923M->5M(1536M) 3.926ms
[2025-03-05T14:00:11.333+0300][106.875s][info ][gc] GC(46) Pause Young (Normal) (G1 Evacuation Pause) 922M->4M(1536M) 2.600ms
[2025-03-05T14:00:13.717+0300][109.260s][info ][gc] GC(47) Pause Young (Normal) (G1 Evacuation Pause) 922M->3M(1536M) 2.205ms
[2025-03-05T14:00:16.091+0300][111.634s][info ][gc] GC(48) Pause Young (Normal) (G1 Evacuation Pause) 922M->2M(1536M) 1.424ms
[2025-03-05T14:00:18.483+0300][114.025s][info ][gc] GC(49) Pause Young (Normal) (G1 Evacuation Pause) 922M->5M(1536M) 3.453ms
[2025-03-05T14:00:20.873+0300][116.415s][info ][gc] GC(50) Pause Young (Normal) (G1 Evacuation Pause) 923M->4M(1536M) 2.712ms
[2025-03-05T14:00:23.265+0300][118.806s][info ][gc] GC(51) Pause Young (Normal) (G1 Evacuation Pause) 923M->3M(1536M) 2.132ms
[2025-03-05T14:00:25.646+0300][121.189s][info ][gc] GC(52) Pause Young (Normal) (G1 Evacuation Pause) 923M->5M(1536M) 3.823ms
[2025-03-05T14:00:28.019+0300][123.561s][info ][gc] GC(53) Pause Young (Normal) (G1 Evacuation Pause) 922M->4M(1536M) 3.471ms
[2025-03-05T14:00:30.398+0300][125.940s][info ][gc] GC(54) Pause Young (Normal) (G1 Evacuation Pause) 922M->3M(1536M) 1.804ms
[2025-03-05T14:00:32.777+0300][128.319s][info ][gc] GC(55) Pause Young (Normal) (G1 Evacuation Pause) 922M->2M(1536M) 1.418ms
[2025-03-05T14:00:35.172+0300][130.713s][info ][gc] GC(56) Pause Young (Normal) (G1 Evacuation Pause) 922M->5M(1536M) 3.524ms
[2025-03-05T14:00:37.549+0300][133.091s][info ][gc] GC(57) Pause Young (Normal) (G1 Evacuation Pause) 923M->4M(1536M) 2.708ms
[2025-03-05T14:00:39.941+0300][135.483s][info ][gc] GC(58) Pause Young (Normal) (G1 Evacuation Pause) 923M->3M(1536M) 2.078ms
[2025-03-05T14:00:42.372+0300][137.914s][info ][gc] GC(59) Pause Young (Normal) (G1 Evacuation Pause) 923M->5M(1536M) 4.090ms
[2025-03-05T14:00:44.783+0300][140.325s][info ][gc] GC(60) Pause Young (Normal) (G1 Evacuation Pause) 922M->4M(1536M) 2.811ms
[2025-03-05T14:00:47.153+0300][142.695s][info ][gc] GC(61) Pause Young (Normal) (G1 Evacuation Pause) 922M->3M(1536M) 2.102ms
[2025-03-05T14:00:49.533+0300][145.075s][info ][gc] GC(62) Pause Young (Normal) (G1 Evacuation Pause) 922M->2M(1536M) 1.510ms
[2025-03-05T14:00:51.961+0300][147.503s][info ][gc] GC(63) Pause Young (Normal) (G1 Evacuation Pause) 922M->5M(1536M) 3.694ms
[2025-03-05T14:00:54.338+0300][149.881s][info ][gc] GC(64) Pause Young (Normal) (G1 Evacuation Pause) 923M->4M(1536M) 2.674ms
[2025-03-05T14:00:56.723+0300][152.265s][info ][gc] GC(65) Pause Young (Normal) (G1 Evacuation Pause) 923M->3M(1536M) 1.879ms
[2025-03-05T14:00:59.100+0300][154.643s][info ][gc] GC(66) Pause Young (Normal) (G1 Evacuation Pause) 923M->5M(1536M) 3.696ms
[2025-03-05T14:01:01.474+0300][157.017s][info ][gc] GC(67) Pause Young (Normal) (G1 Evacuation Pause) 922M->4M(1536M) 2.783ms
[2025-03-05T14:01:03.855+0300][159.397s][info ][gc] GC(68) Pause Young (Normal) (G1 Evacuation Pause) 922M->3M(1536M) 1.804ms
[2025-03-05T14:01:06.240+0300][161.782s][info ][gc] GC(69) Pause Young (Normal) (G1 Evacuation Pause) 922M->2M(1536M) 1.590ms
[2025-03-05T14:01:08.625+0300][164.167s][info ][gc] GC(70) Pause Young (Normal) (G1 Evacuation Pause) 922M->5M(1536M) 3.814ms
[2025-03-05T14:01:11.002+0300][166.543s][info ][gc] GC(71) Pause Young (Normal) (G1 Evacuation Pause) 923M->4M(1536M) 2.804ms
[2025-03-05T14:01:13.383+0300][168.925s][info ][gc] GC(72) Pause Young (Normal) (G1 Evacuation Pause) 923M->3M(1536M) 1.774ms
[2025-03-05T14:01:15.772+0300][171.313s][info ][gc] GC(73) Pause Young (Normal) (G1 Evacuation Pause) 923M->5M(1536M) 3.911ms
[2025-03-05T14:01:18.154+0300][173.696s][info ][gc] GC(74) Pause Young (Normal) (G1 Evacuation Pause) 922M->4M(1536M) 3.278ms
[2025-03-05T14:01:20.546+0300][176.088s][info ][gc] GC(75) Pause Young (Normal) (G1 Evacuation Pause) 922M->3M(1536M) 2.154ms
[2025-03-05T14:01:22.961+0300][178.504s][info ][gc] GC(76) Pause Young (Normal) (G1 Evacuation Pause) 922M->2M(1536M) 1.703ms
[2025-03-05T14:01:25.343+0300][180.886s][info ][gc] GC(77) Pause Young (Normal) (G1 Evacuation Pause) 922M->5M(1536M) 3.386ms
[2025-03-05T14:01:27.728+0300][183.270s][info ][gc] GC(78) Pause Young (Normal) (G1 Evacuation Pause) 923M->4M(1536M) 2.824ms
[2025-03-05T14:01:30.105+0300][185.646s][info ][gc] GC(79) Pause Young (Normal) (G1 Evacuation Pause) 923M->3M(1536M) 1.803ms
[2025-03-05T14:01:32.493+0300][188.035s][info ][gc] GC(80) Pause Young (Normal) (G1 Evacuation Pause) 923M->5M(1536M) 4.001ms
[2025-03-05T14:01:34.882+0300][190.424s][info ][gc] GC(81) Pause Young (Normal) (G1 Evacuation Pause) 922M->4M(1536M) 2.513ms
[2025-03-05T14:01:37.262+0300][192.804s][info ][gc] GC(82) Pause Young (Normal) (G1 Evacuation Pause) 922M->3M(1536M) 2.129ms
[2025-03-05T14:01:39.651+0300][195.193s][info ][gc] GC(83) Pause Young (Normal) (G1 Evacuation Pause) 922M->2M(1536M) 1.511ms
[2025-03-05T14:01:42.035+0300][197.577s][info ][gc] GC(84) Pause Young (Normal) (G1 Evacuation Pause) 922M->5M(1536M) 3.232ms
[2025-03-05T14:01:44.489+0300][200.031s][info ][gc] GC(85) Pause Young (Normal) (G1 Evacuation Pause) 923M->4M(1536M) 2.582ms
[2025-03-05T14:01:46.886+0300][202.428s][info ][gc] GC(86) Pause Young (Normal) (G1 Evacuation Pause) 923M->3M(1536M) 1.961ms
[2025-03-05T14:01:49.278+0300][204.820s][info ][gc] GC(87) Pause Young (Normal) (G1 Evacuation Pause) 923M->5M(1536M) 3.867ms
[2025-03-05T14:01:51.656+0300][207.199s][info ][gc] GC(88) Pause Young (Normal) (G1 Evacuation Pause) 922M->4M(1536M) 2.993ms
[2025-03-05T14:01:54.075+0300][209.618s][info ][gc] GC(89) Pause Young (Normal) (G1 Evacuation Pause) 922M->3M(1536M) 1.992ms
[2025-03-05T14:01:56.455+0300][211.997s][info ][gc] GC(90) Pause Young (Normal) (G1 Evacuation Pause) 922M->2M(1536M) 1.463ms
[2025-03-05T14:01:58.840+0300][214.383s][info ][gc] GC(91) Pause Young (Normal) (G1 Evacuation Pause) 922M->5M(1536M) 3.650ms
[2025-03-05T14:02:01.221+0300][216.763s][info ][gc] GC(92) Pause Young (Normal) (G1 Evacuation Pause) 923M->4M(1536M) 2.851ms
[2025-03-05T14:02:03.595+0300][219.137s][info ][gc] GC(93) Pause Young (Normal) (G1 Evacuation Pause) 923M->3M(1536M) 2.067ms
[2025-03-05T14:02:05.978+0300][221.520s][info ][gc] GC(94) Pause Young (Normal) (G1 Evacuation Pause) 923M->5M(1536M) 3.811ms
[2025-03-05T14:02:08.354+0300][223.897s][info ][gc] GC(95) Pause Young (Normal) (G1 Evacuation Pause) 922M->4M(1536M) 3.163ms
[2025-03-05T14:02:10.726+0300][226.269s][info ][gc] GC(96) Pause Young (Normal) (G1 Evacuation Pause) 922M->3M(1536M) 2.272ms
[2025-03-05T14:02:13.113+0300][228.656s][info ][gc] GC(97) Pause Young (Normal) (G1 Evacuation Pause) 922M->2M(1536M) 1.383ms
[2025-03-05T14:02:15.494+0300][231.036s][info ][gc] GC(98) Pause Young (Normal) (G1 Evacuation Pause) 922M->5M(1536M) 3.356ms
[2025-03-05T14:02:17.935+0300][233.477s][info ][gc] GC(99) Pause Young (Normal) (G1 Evacuation Pause) 923M->4M(1536M) 2.717ms
[2025-03-05T14:02:20.339+0300][235.881s][info ][gc] GC(100) Pause Young (Normal) (G1 Evacuation Pause) 923M->3M(1536M) 1.846ms
[2025-03-05T14:02:22.723+0300][238.266s][info ][gc] GC(101) Pause Young (Normal) (G1 Evacuation Pause) 923M->5M(1536M) 3.759ms
[2025-03-05T14:02:25.153+0300][240.696s][info ][gc] GC(102) Pause Young (Normal) (G1 Evacuation Pause) 922M->4M(1536M) 3.336ms
[2025-03-05T14:02:27.529+0300][243.071s][info ][gc] GC(103) Pause Young (Normal) (G1 Evacuation Pause) 922M->3M(1536M) 1.918ms
[2025-03-05T14:02:29.905+0300][245.447s][info ][gc] GC(104) Pause Young (Normal) (G1 Evacuation Pause) 922M->2M(1536M) 1.435ms
[2025-03-05T14:02:32.293+0300][247.836s][info ][gc] GC(105) Pause Young (Normal) (G1 Evacuation Pause) 922M->5M(1536M) 3.475ms
[2025-03-05T14:02:34.667+0300][250.210s][info ][gc] GC(106) Pause Young (Normal) (G1 Evacuation Pause) 923M->4M(1536M) 2.519ms
[2025-03-05T14:02:37.073+0300][252.615s][info ][gc] GC(107) Pause Young (Normal) (G1 Evacuation Pause) 923M->3M(1536M) 1.887ms
[2025-03-05T14:02:39.456+0300][254.998s][info ][gc] GC(108) Pause Young (Normal) (G1 Evacuation Pause) 923M->5M(1536M) 4.029ms
[2025-03-05T14:02:41.855+0300][257.398s][info ][gc] GC(109) Pause Young (Normal) (G1 Evacuation Pause) 922M->4M(1536M) 3.087ms
[2025-03-05T14:02:44.231+0300][259.774s][info ][gc] GC(110) Pause Young (Normal) (G1 Evacuation Pause) 922M->3M(1536M) 2.083ms
[2025-03-05T14:02:46.623+0300][262.165s][info ][gc] GC(111) Pause Young (Normal) (G1 Evacuation Pause) 922M->2M(1536M) 1.591ms
[2025-03-05T14:02:49.005+0300][264.547s][info ][gc] GC(112) Pause Young (Normal) (G1 Evacuation Pause) 922M->5M(1536M) 3.410ms
[2025-03-05T14:02:51.388+0300][266.930s][info ][gc] GC(113) Pause Young (Normal) (G1 Evacuation Pause) 923M->4M(1536M) 3.134ms
[2025-03-05T14:02:53.764+0300][269.307s][info ][gc] GC(114) Pause Young (Normal) (G1 Evacuation Pause) 923M->3M(1536M) 2.111ms
[2025-03-05T14:02:56.150+0300][271.693s][info ][gc] GC(115) Pause Young (Normal) (G1 Evacuation Pause) 923M->5M(1536M) 3.881ms
[2025-03-05T14:02:58.532+0300][274.074s][info ][gc] GC(116) Pause Young (Normal) (G1 Evacuation Pause) 922M->4M(1536M) 3.830ms
[2025-03-05T14:03:00.918+0300][276.461s][info ][gc] GC(117) Pause Young (Normal) (G1 Evacuation Pause) 922M->3M(1536M) 2.327ms
[2025-03-05T14:03:03.303+0300][278.845s][info ][gc] GC(118) Pause Young (Normal) (G1 Evacuation Pause) 922M->2M(1536M) 1.230ms
[2025-03-05T14:03:05.695+0300][281.237s][info ][gc] GC(119) Pause Young (Normal) (G1 Evacuation Pause) 922M->5M(1536M) 3.708ms
[2025-03-05T14:03:08.071+0300][283.614s][info ][gc] GC(120) Pause Young (Normal) (G1 Evacuation Pause) 923M->4M(1536M) 2.612ms
[2025-03-05T14:03:10.482+0300][286.024s][info ][gc] GC(121) Pause Young (Normal) (G1 Evacuation Pause) 923M->3M(1536M) 1.917ms
[2025-03-05T14:03:12.885+0300][288.427s][info ][gc] GC(122) Pause Young (Normal) (G1 Evacuation Pause) 923M->5M(1536M) 3.840ms
[2025-03-05T14:03:15.259+0300][290.801s][info ][gc] GC(123) Pause Young (Normal) (G1 Evacuation Pause) 922M->4M(1536M) 2.860ms
[2025-03-05T14:03:17.632+0300][293.174s][info ][gc] GC(124) Pause Young (Normal) (G1 Evacuation Pause) 922M->3M(1536M) 2.124ms
[2025-03-05T14:03:20.207+0300][295.749s][info ][gc] GC(125) Pause Young (Normal) (G1 Evacuation Pause) 922M->2M(1536M) 1.444ms
[2025-03-05T14:03:22.595+0300][298.138s][info ][gc] GC(126) Pause Young (Normal) (G1 Evacuation Pause) 922M->5M(1536M) 3.854ms
[2025-03-05T14:03:25.000+0300][300.542s][info ][gc] GC(127) Pause Young (Normal) (G1 Evacuation Pause) 923M->4M(1536M) 2.554ms
[2025-03-05T14:03:27.384+0300][302.926s][info ][gc] GC(128) Pause Young (Normal) (G1 Evacuation Pause) 923M->3M(1536M) 1.949ms
[2025-03-05T14:03:29.849+0300][305.392s][info ][gc] GC(129) Pause Young (Normal) (G1 Evacuation Pause) 923M->5M(1536M) 3.926ms
[2025-03-05T14:03:32.238+0300][307.780s][info ][gc] GC(130) Pause Young (Normal) (G1 Evacuation Pause) 922M->4M(1536M) 2.549ms
[2025-03-05T14:03:34.623+0300][310.165s][info ][gc] GC(131) Pause Young (Normal) (G1 Evacuation Pause) 922M->3M(1536M) 2.335ms
[2025-03-05T14:03:37.014+0300][312.556s][info ][gc] GC(132) Pause Young (Normal) (G1 Evacuation Pause) 922M->2M(1536M) 1.631ms
[2025-03-05T14:03:39.394+0300][314.936s][info ][gc] GC(133) Pause Young (Normal) (G1 Evacuation Pause) 922M->5M(1536M) 4.193ms
[2025-03-05T14:03:41.782+0300][317.324s][info ][gc] GC(134) Pause Young (Normal) (G1 Evacuation Pause) 923M->4M(1536M) 2.912ms
[2025-03-05T14:03:44.157+0300][319.699s][info ][gc] GC(135) Pause Young (Normal) (G1 Evacuation Pause) 923M->3M(1536M) 1.803ms
[2025-03-05T14:03:46.537+0300][322.080s][info ][gc] GC(136) Pause Young (Normal) (G1 Evacuation Pause) 923M->5M(1536M) 3.570ms
[2025-03-05T14:03:48.907+0300][324.449s][info ][gc] GC(137) Pause Young (Normal) (G1 Evacuation Pause) 922M->4M(1536M) 2.587ms
[2025-03-05T14:03:51.336+0300][326.877s][info ][gc] GC(138) Pause Young (Normal) (G1 Evacuation Pause) 922M->3M(1536M) 1.768ms
[2025-03-05T14:03:53.723+0300][329.265s][info ][gc] GC(139) Pause Young (Normal) (G1 Evacuation Pause) 922M->2M(1536M) 1.618ms
[2025-03-05T14:03:56.109+0300][331.651s][info ][gc] GC(140) Pause Young (Normal) (G1 Evacuation Pause) 922M->5M(1536M) 3.608ms
[2025-03-05T14:03:58.553+0300][334.096s][info ][gc] GC(141) Pause Young (Normal) (G1 Evacuation Pause) 923M->4M(1536M) 2.621ms
[2025-03-05T14:04:01.008+0300][336.551s][info ][gc] GC(142) Pause Young (Normal) (G1 Evacuation Pause) 923M->3M(1536M) 2.045ms
[2025-03-05T14:04:03.405+0300][338.947s][info ][gc] GC(143) Pause Young (Normal) (G1 Evacuation Pause) 923M->5M(1536M) 3.615ms
[2025-03-05T14:04:05.787+0300][341.329s][info ][gc] GC(144) Pause Young (Normal) (G1 Evacuation Pause) 922M->4M(1536M) 3.021ms
[2025-03-05T14:04:08.184+0300][343.726s][info ][gc] GC(145) Pause Young (Normal) (G1 Evacuation Pause) 922M->3M(1536M) 2.056ms
[2025-03-05T14:04:10.624+0300][346.166s][info ][gc] GC(146) Pause Young (Normal) (G1 Evacuation Pause) 922M->2M(1536M) 1.913ms
[2025-03-05T14:04:13.088+0300][348.631s][info ][gc] GC(147) Pause Young (Normal) (G1 Evacuation Pause) 922M->5M(1536M) 3.623ms
[2025-03-05T14:04:15.472+0300][351.014s][info ][gc] GC(148) Pause Young (Normal) (G1 Evacuation Pause) 923M->4M(1536M) 2.961ms
[2025-03-05T14:04:17.866+0300][353.409s][info ][gc] GC(149) Pause Young (Normal) (G1 Evacuation Pause) 923M->3M(1536M) 1.614ms
[2025-03-05T14:04:20.266+0300][355.808s][info ][gc] GC(150) Pause Young (Normal) (G1 Evacuation Pause) 923M->5M(1536M) 4.403ms
[2025-03-05T14:04:22.742+0300][358.285s][info ][gc] GC(151) Pause Young (Normal) (G1 Evacuation Pause) 922M->4M(1536M) 2.688ms
[2025-03-05T14:04:25.121+0300][360.664s][info ][gc] GC(152) Pause Young (Normal) (G1 Evacuation Pause) 922M->3M(1536M) 2.411ms
[2025-03-05T14:04:27.529+0300][363.072s][info ][gc] GC(153) Pause Young (Normal) (G1 Evacuation Pause) 922M->2M(1536M) 1.900ms
[2025-03-05T14:04:29.948+0300][365.491s][info ][gc] GC(154) Pause Young (Normal) (G1 Evacuation Pause) 922M->5M(1536M) 3.419ms
[2025-03-05T14:04:32.332+0300][367.874s][info ][gc] GC(155) Pause Young (Normal) (G1 Evacuation Pause) 923M->4M(1536M) 3.360ms
[2025-03-05T14:04:34.784+0300][370.326s][info ][gc] GC(156) Pause Young (Normal) (G1 Evacuation Pause) 923M->3M(1536M) 1.836ms
[2025-03-05T14:04:37.189+0300][372.731s][info ][gc] GC(157) Pause Young (Normal) (G1 Evacuation Pause) 923M->5M(1536M) 4.083ms
[2025-03-05T14:04:39.576+0300][375.118s][info ][gc] GC(158) Pause Young (Normal) (G1 Evacuation Pause) 922M->4M(1536M) 2.889ms
[2025-03-05T14:04:41.955+0300][377.498s][info ][gc] GC(159) Pause Young (Normal) (G1 Evacuation Pause) 922M->3M(1536M) 2.104ms
[2025-03-05T14:04:44.342+0300][379.884s][info ][gc] GC(160) Pause Young (Normal) (G1 Evacuation Pause) 922M->2M(1536M) 1.550ms
[2025-03-05T14:04:46.742+0300][382.285s][info ][gc] GC(161) Pause Young (Normal) (G1 Evacuation Pause) 922M->5M(1536M) 3.377ms
[2025-03-05T14:04:49.125+0300][384.668s][info ][gc] GC(162) Pause Young (Normal) (G1 Evacuation Pause) 923M->4M(1536M) 2.590ms
[2025-03-05T14:04:51.507+0300][387.049s][info ][gc] GC(163) Pause Young (Normal) (G1 Evacuation Pause) 923M->3M(1536M) 1.916ms
[2025-03-05T14:04:53.929+0300][389.472s][info ][gc] GC(164) Pause Young (Normal) (G1 Evacuation Pause) 923M->5M(1536M) 4.402ms
[2025-03-05T14:04:56.379+0300][391.921s][info ][gc] GC(165) Pause Young (Normal) (G1 Evacuation Pause) 922M->4M(1536M) 2.748ms
[2025-03-05T14:04:58.763+0300][394.306s][info ][gc] GC(166) Pause Young (Normal) (G1 Evacuation Pause) 922M->3M(1536M) 2.410ms
[2025-03-05T14:05:01.149+0300][396.692s][info ][gc] GC(167) Pause Young (Normal) (G1 Evacuation Pause) 922M->2M(1536M) 1.575ms
[2025-03-05T14:05:03.532+0300][399.075s][info ][gc] GC(168) Pause Young (Normal) (G1 Evacuation Pause) 922M->5M(1536M) 4.107ms
[2025-03-05T14:05:05.918+0300][401.461s][info ][gc] GC(169) Pause Young (Normal) (G1 Evacuation Pause) 923M->4M(1536M) 2.542ms
[2025-03-05T14:05:08.300+0300][403.842s][info ][gc] GC(170) Pause Young (Normal) (G1 Evacuation Pause) 923M->3M(1536M) 1.777ms
[2025-03-05T14:05:10.683+0300][406.225s][info ][gc] GC(171) Pause Young (Normal) (G1 Evacuation Pause) 923M->5M(1536M) 3.916ms
[2025-03-05T14:05:13.053+0300][408.595s][info ][gc] GC(172) Pause Young (Normal) (G1 Evacuation Pause) 922M->4M(1536M) 2.858ms
[2025-03-05T14:05:15.477+0300][411.020s][info ][gc] GC(173) Pause Young (Normal) (G1 Evacuation Pause) 922M->3M(1536M) 2.043ms
[2025-03-05T14:05:17.858+0300][413.400s][info ][gc] GC(174) Pause Young (Normal) (G1 Evacuation Pause) 922M->2M(1536M) 1.484ms
[2025-03-05T14:05:20.282+0300][415.824s][info ][gc] GC(175) Pause Young (Normal) (G1 Evacuation Pause) 922M->5M(1536M) 3.627ms
[2025-03-05T14:05:22.663+0300][418.205s][info ][gc] GC(176) Pause Young (Normal) (G1 Evacuation Pause) 923M->4M(1536M) 2.601ms
[2025-03-05T14:05:25.044+0300][420.586s][info ][gc] GC(177) Pause Young (Normal) (G1 Evacuation Pause) 923M->3M(1536M) 1.857ms
[2025-03-05T14:05:27.435+0300][422.977s][info ][gc] GC(178) Pause Young (Normal) (G1 Evacuation Pause) 923M->5M(1536M) 4.867ms
[2025-03-05T14:05:29.818+0300][425.361s][info ][gc] GC(179) Pause Young (Normal) (G1 Evacuation Pause) 922M->4M(1536M) 2.792ms
[2025-03-05T14:05:32.191+0300][427.732s][info ][gc] GC(180) Pause Young (Normal) (G1 Evacuation Pause) 922M->3M(1536M) 2.256ms
[2025-03-05T14:05:34.575+0300][430.118s][info ][gc] GC(181) Pause Young (Normal) (G1 Evacuation Pause) 922M->2M(1536M) 1.333ms
[2025-03-05T14:05:36.985+0300][432.528s][info ][gc] GC(182) Pause Young (Normal) (G1 Evacuation Pause) 922M->5M(1536M) 3.393ms
[2025-03-05T14:05:39.363+0300][434.904s][info ][gc] GC(183) Pause Young (Normal) (G1 Evacuation Pause) 923M->4M(1536M) 2.584ms
[2025-03-05T14:05:41.789+0300][437.331s][info ][gc] GC(184) Pause Young (Normal) (G1 Evacuation Pause) 923M->3M(1536M) 1.680ms
[2025-03-05T14:05:44.197+0300][439.739s][info ][gc] GC(185) Pause Young (Normal) (G1 Evacuation Pause) 923M->5M(1536M) 3.911ms
[2025-03-05T14:05:46.585+0300][442.127s][info ][gc] GC(186) Pause Young (Normal) (G1 Evacuation Pause) 922M->4M(1536M) 3.111ms
[2025-03-05T14:05:48.971+0300][444.514s][info ][gc] GC(187) Pause Young (Normal) (G1 Evacuation Pause) 922M->3M(1536M) 1.966ms
[2025-03-05T14:05:51.477+0300][447.020s][info ][gc] GC(188) Pause Young (Normal) (G1 Evacuation Pause) 922M->2M(1536M) 1.459ms
