[2025-03-05T02:22:58.673+0300][0.011s][info][gc] Using G1
[2025-03-05T02:22:58.673+0300][0.012s][debug][gc] ConcGCThreads: 2 offset 16
[2025-03-05T02:22:58.673+0300][0.012s][debug][gc] ParallelGCThreads: 8
[2025-03-05T02:22:58.673+0300][0.012s][debug][gc] Initialize mark stack with 4096 chunks, maximum 524288
[2025-03-05T02:22:59.059+0300][0.398s][info ][gc] GC(0) Pause Young (Normal) (G1 Evacuation Pause) 12M->2M(256M) 2.960ms
[2025-03-05T02:22:59.120+0300][0.458s][info ][gc] GC(1) Pause Young (Normal) (G1 Evacuation Pause) 12M->3M(256M) 2.323ms
[2025-03-05T02:22:59.184+0300][0.522s][info ][gc] GC(2) Pause Young (Normal) (G1 Evacuation Pause) 14M->3M(256M) 4.288ms
[2025-03-05T02:22:59.244+0300][0.582s][info ][gc] GC(3) Pause Young (Normal) (G1 Evacuation Pause) 13M->3M(256M) 1.492ms
[2025-03-05T02:22:59.304+0300][0.642s][info ][gc] GC(4) Pause Young (Normal) (G1 Evacuation Pause) 14M->4M(256M) 1.999ms
[2025-03-05T02:22:59.351+0300][0.689s][info ][gc] GC(5) Pause Young (Normal) (G1 Evacuation Pause) 14M->3M(256M) 1.007ms
[2025-03-05T02:22:59.406+0300][0.744s][info ][gc] GC(6) Pause Young (Normal) (G1 Evacuation Pause) 14M->4M(256M) 1.760ms
[2025-03-05T02:22:59.453+0300][0.791s][info ][gc] GC(7) Pause Young (Normal) (G1 Evacuation Pause) 14M->3M(256M) 1.260ms
[2025-03-05T02:22:59.511+0300][0.849s][info ][gc] GC(8) Pause Young (Normal) (G1 Evacuation Pause) 14M->4M(256M) 1.990ms
[2025-03-05T02:22:59.559+0300][0.897s][info ][gc] GC(9) Pause Young (Normal) (G1 Evacuation Pause) 14M->3M(256M) 1.087ms
[2025-03-05T02:22:59.608+0300][0.946s][info ][gc] GC(10) Pause Young (Normal) (G1 Evacuation Pause) 14M->4M(256M) 1.731ms
[2025-03-05T02:22:59.660+0300][0.999s][info ][gc] GC(11) Pause Young (Normal) (G1 Evacuation Pause) 14M->3M(256M) 1.131ms
[2025-03-05T02:22:59.710+0300][1.048s][info ][gc] GC(12) Pause Young (Normal) (G1 Evacuation Pause) 14M->4M(256M) 1.803ms
[2025-03-05T02:22:59.756+0300][1.093s][info ][gc] GC(13) Pause Young (Normal) (G1 Evacuation Pause) 14M->3M(256M) 1.110ms
[2025-03-05T02:22:59.804+0300][1.141s][info ][gc] GC(14) Pause Young (Normal) (G1 Evacuation Pause) 14M->4M(256M) 1.862ms
[2025-03-05T02:22:59.849+0300][1.187s][info ][gc] GC(15) Pause Young (Normal) (G1 Evacuation Pause) 14M->3M(256M) 1.350ms
[2025-03-05T02:22:59.904+0300][1.242s][info ][gc] GC(16) Pause Young (Normal) (G1 Evacuation Pause) 14M->4M(256M) 1.833ms
[2025-03-05T02:22:59.950+0300][1.288s][info ][gc] GC(17) Pause Young (Normal) (G1 Evacuation Pause) 14M->3M(256M) 1.220ms
[2025-03-05T02:22:59.995+0300][1.333s][info ][gc] GC(18) Pause Young (Normal) (G1 Evacuation Pause) 14M->2M(256M) 0.516ms
[2025-03-05T02:23:00.044+0300][1.382s][info ][gc] GC(19) Pause Young (Normal) (G1 Evacuation Pause) 13M->3M(256M) 1.731ms
[2025-03-05T02:23:00.088+0300][1.426s][info ][gc] GC(20) Pause Young (Normal) (G1 Evacuation Pause) 14M->2M(256M) 0.845ms
[2025-03-05T02:23:00.134+0300][1.472s][info ][gc] GC(21) Pause Young (Normal) (G1 Evacuation Pause) 13M->3M(256M) 1.672ms
[2025-03-05T02:23:00.178+0300][1.517s][info ][gc] GC(22) Pause Young (Normal) (G1 Evacuation Pause) 14M->2M(256M) 0.979ms
[2025-03-05T02:23:00.224+0300][1.563s][info ][gc] GC(23) Pause Young (Normal) (G1 Evacuation Pause) 13M->3M(256M) 1.697ms
[2025-03-05T02:23:00.265+0300][1.603s][info ][gc] GC(24) Pause Young (Normal) (G1 Evacuation Pause) 13M->2M(256M) 1.236ms
[2025-03-05T02:23:00.314+0300][1.652s][info ][gc] GC(25) Pause Young (Normal) (G1 Evacuation Pause) 13M->3M(256M) 1.870ms
[2025-03-05T02:23:00.356+0300][1.694s][info ][gc] GC(26) Pause Young (Normal) (G1 Evacuation Pause) 13M->2M(256M) 0.895ms
[2025-03-05T02:23:00.401+0300][1.739s][info ][gc] GC(27) Pause Young (Normal) (G1 Evacuation Pause) 13M->3M(256M) 1.637ms
[2025-03-05T02:23:00.441+0300][1.779s][info ][gc] GC(28) Pause Young (Normal) (G1 Evacuation Pause) 13M->3M(256M) 1.062ms
[2025-03-05T02:23:00.485+0300][1.823s][info ][gc] GC(29) Pause Young (Normal) (G1 Evacuation Pause) 14M->3M(256M) 1.857ms
[2025-03-05T02:23:00.525+0300][1.863s][info ][gc] GC(30) Pause Young (Normal) (G1 Evacuation Pause) 13M->3M(256M) 1.043ms
[2025-03-05T02:23:00.571+0300][1.908s][info ][gc] GC(31) Pause Young (Normal) (G1 Evacuation Pause) 14M->3M(256M) 1.699ms
[2025-03-05T02:23:00.611+0300][1.948s][info ][gc] GC(32) Pause Young (Normal) (G1 Evacuation Pause) 13M->3M(256M) 0.994ms
[2025-03-05T02:23:00.655+0300][1.994s][info ][gc] GC(33) Pause Young (Normal) (G1 Evacuation Pause) 14M->3M(256M) 1.735ms
[2025-03-05T02:23:00.696+0300][2.034s][info ][gc] GC(34) Pause Young (Normal) (G1 Evacuation Pause) 13M->3M(256M) 1.119ms
[2025-03-05T02:23:00.741+0300][2.080s][info ][gc] GC(35) Pause Young (Normal) (G1 Evacuation Pause) 14M->3M(256M) 1.855ms
[2025-03-05T02:23:00.786+0300][2.124s][info ][gc] GC(36) Pause Young (Normal) (G1 Evacuation Pause) 13M->3M(256M) 1.138ms
[2025-03-05T02:23:00.831+0300][2.169s][info ][gc] GC(37) Pause Young (Normal) (G1 Evacuation Pause) 14M->3M(256M) 1.654ms
[2025-03-05T02:23:00.872+0300][2.210s][info ][gc] GC(38) Pause Young (Normal) (G1 Evacuation Pause) 13M->3M(256M) 1.173ms
[2025-03-05T02:23:00.916+0300][2.255s][info ][gc] GC(39) Pause Young (Normal) (G1 Evacuation Pause) 14M->4M(256M) 1.528ms
[2025-03-05T02:23:00.958+0300][2.295s][info ][gc] GC(40) Pause Young (Normal) (G1 Evacuation Pause) 14M->3M(256M) 0.999ms
[2025-03-05T02:23:01.002+0300][2.341s][info ][gc] GC(41) Pause Young (Normal) (G1 Evacuation Pause) 14M->4M(256M) 1.748ms
[2025-03-05T02:23:01.045+0300][2.383s][info ][gc] GC(42) Pause Young (Normal) (G1 Evacuation Pause) 14M->3M(256M) 1.310ms
[2025-03-05T02:23:01.090+0300][2.428s][info ][gc] GC(43) Pause Young (Normal) (G1 Evacuation Pause) 14M->4M(256M) 1.870ms
[2025-03-05T02:23:01.130+0300][2.469s][info ][gc] GC(44) Pause Young (Normal) (G1 Evacuation Pause) 14M->3M(256M) 1.237ms
[2025-03-05T02:23:01.176+0300][2.514s][info ][gc] GC(45) Pause Young (Normal) (G1 Evacuation Pause) 14M->4M(256M) 1.896ms
[2025-03-05T02:23:01.217+0300][2.555s][info ][gc] GC(46) Pause Young (Normal) (G1 Evacuation Pause) 14M->3M(256M) 1.296ms
[2025-03-05T02:23:01.263+0300][2.601s][info ][gc] GC(47) Pause Young (Normal) (G1 Evacuation Pause) 14M->4M(256M) 1.829ms
[2025-03-05T02:23:01.302+0300][2.641s][info ][gc] GC(48) Pause Young (Normal) (G1 Evacuation Pause) 14M->3M(256M) 1.264ms
[2025-03-05T02:23:01.348+0300][2.685s][info ][gc] GC(49) Pause Young (Normal) (G1 Evacuation Pause) 14M->4M(256M) 1.816ms
[2025-03-05T02:23:01.388+0300][2.726s][info ][gc] GC(50) Pause Young (Normal) (G1 Evacuation Pause) 14M->3M(256M) 1.323ms
[2025-03-05T02:23:01.434+0300][2.772s][info ][gc] GC(51) Pause Young (Normal) (G1 Evacuation Pause) 14M->4M(256M) 2.039ms
[2025-03-05T02:23:01.475+0300][2.813s][info ][gc] GC(52) Pause Young (Normal) (G1 Evacuation Pause) 14M->3M(256M) 1.330ms
[2025-03-05T02:23:01.520+0300][2.858s][info ][gc] GC(53) Pause Young (Normal) (G1 Evacuation Pause) 14M->4M(256M) 1.824ms
[2025-03-05T02:23:01.564+0300][2.902s][info ][gc] GC(54) Pause Young (Normal) (G1 Evacuation Pause) 14M->3M(256M) 1.335ms
[2025-03-05T02:23:01.610+0300][2.947s][info ][gc] GC(55) Pause Young (Normal) (G1 Evacuation Pause) 14M->4M(256M) 1.965ms
[2025-03-05T02:23:01.650+0300][2.988s][info ][gc] GC(56) Pause Young (Normal) (G1 Evacuation Pause) 14M->3M(256M) 1.558ms
[2025-03-05T02:23:01.697+0300][3.034s][info ][gc] GC(57) Pause Young (Normal) (G1 Evacuation Pause) 14M->4M(256M) 1.948ms
[2025-03-05T02:23:01.737+0300][3.075s][info ][gc] GC(58) Pause Young (Normal) (G1 Evacuation Pause) 14M->3M(256M) 1.441ms
[2025-03-05T02:23:01.783+0300][3.121s][info ][gc] GC(59) Pause Young (Normal) (G1 Evacuation Pause) 14M->4M(256M) 1.812ms
[2025-03-05T02:23:01.824+0300][3.162s][info ][gc] GC(60) Pause Young (Normal) (G1 Evacuation Pause) 14M->3M(256M) 1.451ms
[2025-03-05T02:23:01.869+0300][3.207s][info ][gc] GC(61) Pause Young (Normal) (G1 Evacuation Pause) 14M->4M(256M) 1.868ms
[2025-03-05T02:23:01.910+0300][3.248s][info ][gc] GC(62) Pause Young (Normal) (G1 Evacuation Pause) 14M->3M(256M) 1.572ms
[2025-03-05T02:23:01.955+0300][3.294s][info ][gc] GC(63) Pause Young (Normal) (G1 Evacuation Pause) 14M->4M(256M) 1.959ms
[2025-03-05T02:23:01.996+0300][3.334s][info ][gc] GC(64) Pause Young (Normal) (G1 Evacuation Pause) 14M->3M(256M) 1.474ms
[2025-03-05T02:23:02.041+0300][3.379s][info ][gc] GC(65) Pause Young (Normal) (G1 Evacuation Pause) 14M->4M(256M) 1.935ms
[2025-03-05T02:23:02.083+0300][3.421s][info ][gc] GC(66) Pause Young (Normal) (G1 Evacuation Pause) 14M->3M(256M) 1.553ms
[2025-03-05T02:23:02.128+0300][3.466s][info ][gc] GC(67) Pause Young (Normal) (G1 Evacuation Pause) 14M->4M(256M) 1.971ms
[2025-03-05T02:23:02.168+0300][3.506s][info ][gc] GC(68) Pause Young (Normal) (G1 Evacuation Pause) 14M->3M(256M) 1.454ms
[2025-03-05T02:23:02.212+0300][3.551s][info ][gc] GC(69) Pause Young (Normal) (G1 Evacuation Pause) 14M->2M(256M) 0.654ms
[2025-03-05T02:23:02.258+0300][3.596s][info ][gc] GC(70) Pause Young (Normal) (G1 Evacuation Pause) 13M->3M(256M) 1.700ms
[2025-03-05T02:23:02.304+0300][3.641s][info ][gc] GC(71) Pause Young (Normal) (G1 Evacuation Pause) 14M->2M(256M) 0.922ms
[2025-03-05T02:23:02.348+0300][3.686s][info ][gc] GC(72) Pause Young (Normal) (G1 Evacuation Pause) 13M->3M(256M) 1.688ms
[2025-03-05T02:23:02.392+0300][3.730s][info ][gc] GC(73) Pause Young (Normal) (G1 Evacuation Pause) 14M->2M(256M) 0.922ms
[2025-03-05T02:23:02.436+0300][3.774s][info ][gc] GC(74) Pause Young (Normal) (G1 Evacuation Pause) 13M->3M(256M) 1.701ms
[2025-03-05T02:23:02.476+0300][3.815s][info ][gc] GC(75) Pause Young (Normal) (G1 Evacuation Pause) 13M->3M(256M) 0.896ms
[2025-03-05T02:23:02.526+0300][3.864s][info ][gc] GC(76) Pause Young (Normal) (G1 Evacuation Pause) 14M->3M(256M) 1.676ms
[2025-03-05T02:23:02.569+0300][3.907s][info ][gc] GC(77) Pause Young (Normal) (G1 Evacuation Pause) 13M->3M(256M) 0.732ms
[2025-03-05T02:23:02.623+0300][3.961s][info ][gc] GC(78) Pause Young (Normal) (G1 Evacuation Pause) 14M->3M(256M) 1.574ms
[2025-03-05T02:23:02.665+0300][4.003s][info ][gc] GC(79) Pause Young (Normal) (G1 Evacuation Pause) 13M->3M(256M) 0.870ms
[2025-03-05T02:23:02.712+0300][4.050s][info ][gc] GC(80) Pause Young (Normal) (G1 Evacuation Pause) 14M->3M(256M) 1.741ms
[2025-03-05T02:23:02.756+0300][4.095s][info ][gc] GC(81) Pause Young (Normal) (G1 Evacuation Pause) 13M->3M(256M) 0.992ms
[2025-03-05T02:23:02.807+0300][4.145s][info ][gc] GC(82) Pause Young (Normal) (G1 Evacuation Pause) 14M->3M(256M) 1.750ms
[2025-03-05T02:23:02.852+0300][4.189s][info ][gc] GC(83) Pause Young (Normal) (G1 Evacuation Pause) 13M->3M(256M) 0.780ms
[2025-03-05T02:23:02.902+0300][4.240s][info ][gc] GC(84) Pause Young (Normal) (G1 Evacuation Pause) 14M->3M(256M) 1.890ms
[2025-03-05T02:23:02.947+0300][4.285s][info ][gc] GC(85) Pause Young (Normal) (G1 Evacuation Pause) 13M->3M(256M) 1.310ms
[2025-03-05T02:23:03.000+0300][4.338s][info ][gc] GC(86) Pause Young (Normal) (G1 Evacuation Pause) 14M->3M(256M) 1.684ms
[2025-03-05T02:23:03.045+0300][4.383s][info ][gc] GC(87) Pause Young (Normal) (G1 Evacuation Pause) 13M->3M(256M) 0.895ms
[2025-03-05T02:23:03.091+0300][4.429s][info ][gc] GC(88) Pause Young (Normal) (G1 Evacuation Pause) 14M->4M(256M) 1.830ms
[2025-03-05T02:23:03.133+0300][4.471s][info ][gc] GC(89) Pause Young (Normal) (G1 Evacuation Pause) 14M->3M(256M) 0.959ms
[2025-03-05T02:23:03.180+0300][4.519s][info ][gc] GC(90) Pause Young (Normal) (G1 Evacuation Pause) 14M->4M(256M) 1.871ms
[2025-03-05T02:23:03.226+0300][4.564s][info ][gc] GC(91) Pause Young (Normal) (G1 Evacuation Pause) 14M->3M(256M) 1.130ms
