[2025-03-05T14:06:21.799+0300][0.013s][info][gc] Using G1
[2025-03-05T14:06:21.799+0300][0.014s][debug][gc] ConcGCThreads: 2 offset 16
[2025-03-05T14:06:21.799+0300][0.014s][debug][gc] ParallelGCThreads: 8
[2025-03-05T14:06:21.799+0300][0.014s][debug][gc] Initialize mark stack with 4096 chunks, maximum 524288
[2025-03-05T14:06:22.742+0300][0.956s][info ][gc] GC(0) Pause Young (Normal) (G1 Evacuation Pause) 102M->4M(2048M) 3.837ms
[2025-03-05T14:06:23.061+0300][1.276s][info ][gc] GC(1) Pause Young (Normal) (G1 Evacuation Pause) 113M->4M(2048M) 3.687ms
[2025-03-05T14:06:26.327+0300][4.542s][info ][gc] GC(2) Pause Young (Normal) (G1 Evacuation Pause) 1227M->3M(2048M) 3.260ms
[2025-03-05T14:06:29.353+0300][7.568s][info ][gc] GC(3) Pause Young (Normal) (G1 Evacuation Pause) 1227M->5M(2048M) 4.582ms
[2025-03-05T14:06:32.362+0300][10.577s][info ][gc] GC(4) Pause Young (Normal) (G1 Evacuation Pause) 1228M->3M(2048M) 3.214ms
[2025-03-05T14:06:35.443+0300][13.657s][info ][gc] GC(5) Pause Young (Normal) (G1 Evacuation Pause) 1227M->5M(2048M) 4.957ms
[2025-03-05T14:06:38.529+0300][16.743s][info ][gc] GC(6) Pause Young (Normal) (G1 Evacuation Pause) 1227M->4M(2048M) 3.834ms
[2025-03-05T14:06:41.549+0300][19.764s][info ][gc] GC(7) Pause Young (Normal) (G1 Evacuation Pause) 1228M->2M(2048M) 2.880ms
[2025-03-05T14:06:44.569+0300][22.783s][info ][gc] GC(8) Pause Young (Normal) (G1 Evacuation Pause) 1227M->4M(2048M) 3.748ms
[2025-03-05T14:06:47.605+0300][25.819s][info ][gc] GC(9) Pause Young (Normal) (G1 Evacuation Pause) 1227M->3M(2048M) 3.075ms
[2025-03-05T14:06:50.614+0300][28.829s][info ][gc] GC(10) Pause Young (Normal) (G1 Evacuation Pause) 1227M->5M(2048M) 5.496ms
[2025-03-05T14:06:53.669+0300][31.884s][info ][gc] GC(11) Pause Young (Normal) (G1 Evacuation Pause) 1227M->3M(2048M) 3.233ms
[2025-03-05T14:06:56.733+0300][34.947s][info ][gc] GC(12) Pause Young (Normal) (G1 Evacuation Pause) 1227M->5M(2048M) 4.980ms
[2025-03-05T14:06:59.749+0300][37.963s][info ][gc] GC(13) Pause Young (Normal) (G1 Evacuation Pause) 1227M->4M(2048M) 4.456ms
[2025-03-05T14:07:02.746+0300][40.960s][info ][gc] GC(14) Pause Young (Normal) (G1 Evacuation Pause) 1227M->2M(2048M) 2.940ms
[2025-03-05T14:07:05.767+0300][43.981s][info ][gc] GC(15) Pause Young (Normal) (G1 Evacuation Pause) 1227M->4M(2048M) 4.034ms
[2025-03-05T14:07:08.972+0300][47.186s][info ][gc] GC(16) Pause Young (Normal) (G1 Evacuation Pause) 1229M->3M(2048M) 2.427ms
[2025-03-05T14:07:12.169+0300][50.384s][info ][gc] GC(17) Pause Young (Normal) (G1 Evacuation Pause) 1229M->5M(2048M) 4.206ms
[2025-03-05T14:07:15.469+0300][53.684s][info ][gc] GC(18) Pause Young (Normal) (G1 Evacuation Pause) 1229M->4M(2048M) 3.040ms
[2025-03-05T14:07:18.651+0300][56.866s][info ][gc] GC(19) Pause Young (Normal) (G1 Evacuation Pause) 1230M->3M(2048M) 2.167ms
[2025-03-05T14:07:21.867+0300][60.080s][info ][gc] GC(20) Pause Young (Normal) (G1 Evacuation Pause) 1230M->5M(2048M) 3.801ms
[2025-03-05T14:07:25.111+0300][63.326s][info ][gc] GC(21) Pause Young (Normal) (G1 Evacuation Pause) 1230M->4M(2048M) 2.965ms
[2025-03-05T14:07:28.293+0300][66.508s][info ][gc] GC(22) Pause Young (Normal) (G1 Evacuation Pause) 1230M->2M(2048M) 2.056ms
[2025-03-05T14:07:31.475+0300][69.689s][info ][gc] GC(23) Pause Young (Normal) (G1 Evacuation Pause) 1229M->5M(2048M) 3.781ms
[2025-03-05T14:07:34.674+0300][72.888s][info ][gc] GC(24) Pause Young (Normal) (G1 Evacuation Pause) 1230M->3M(2048M) 2.781ms
[2025-03-05T14:07:37.866+0300][76.081s][info ][gc] GC(25) Pause Young (Normal) (G1 Evacuation Pause) 1229M->2M(2048M) 1.654ms
[2025-03-05T14:07:41.133+0300][79.348s][info ][gc] GC(26) Pause Young (Normal) (G1 Evacuation Pause) 1229M->4M(2048M) 3.856ms
[2025-03-05T14:07:44.300+0300][82.514s][info ][gc] GC(27) Pause Young (Normal) (G1 Evacuation Pause) 1229M->3M(2048M) 2.781ms
[2025-03-05T14:07:47.467+0300][85.682s][info ][gc] GC(28) Pause Young (Normal) (G1 Evacuation Pause) 1229M->2M(2048M) 1.714ms
[2025-03-05T14:07:50.797+0300][89.012s][info ][gc] GC(29) Pause Young (Normal) (G1 Evacuation Pause) 1229M->4M(2048M) 3.667ms
[2025-03-05T14:07:53.982+0300][92.196s][info ][gc] GC(30) Pause Young (Normal) (G1 Evacuation Pause) 1229M->3M(2048M) 2.425ms
[2025-03-05T14:07:57.184+0300][95.398s][info ][gc] GC(31) Pause Young (Normal) (G1 Evacuation Pause) 1229M->2M(2048M) 1.854ms
[2025-03-05T14:08:00.422+0300][98.636s][info ][gc] GC(32) Pause Young (Normal) (G1 Evacuation Pause) 1229M->4M(2048M) 4.586ms
[2025-03-05T14:08:03.586+0300][101.801s][info ][gc] GC(33) Pause Young (Normal) (G1 Evacuation Pause) 1229M->3M(2048M) 2.142ms
[2025-03-05T14:08:06.768+0300][104.983s][info ][gc] GC(34) Pause Young (Normal) (G1 Evacuation Pause) 1229M->5M(2048M) 4.562ms
[2025-03-05T14:08:09.959+0300][108.173s][info ][gc] GC(35) Pause Young (Normal) (G1 Evacuation Pause) 1229M->4M(2048M) 2.750ms
[2025-03-05T14:08:13.151+0300][111.366s][info ][gc] GC(36) Pause Young (Normal) (G1 Evacuation Pause) 1230M->3M(2048M) 1.949ms
[2025-03-05T14:08:16.318+0300][114.532s][info ][gc] GC(37) Pause Young (Normal) (G1 Evacuation Pause) 1230M->5M(2048M) 4.275ms
[2025-03-05T14:08:19.514+0300][117.729s][info ][gc] GC(38) Pause Young (Normal) (G1 Evacuation Pause) 1230M->4M(2048M) 3.109ms
[2025-03-05T14:08:22.794+0300][121.008s][info ][gc] GC(39) Pause Young (Normal) (G1 Evacuation Pause) 1230M->2M(2048M) 1.828ms
[2025-03-05T14:08:25.969+0300][124.183s][info ][gc] GC(40) Pause Young (Normal) (G1 Evacuation Pause) 1229M->5M(2048M) 3.584ms
[2025-03-05T14:08:29.159+0300][127.374s][info ][gc] GC(41) Pause Young (Normal) (G1 Evacuation Pause) 1230M->3M(2048M) 3.030ms
[2025-03-05T14:08:32.324+0300][130.539s][info ][gc] GC(42) Pause Young (Normal) (G1 Evacuation Pause) 1229M->2M(2048M) 2.034ms
[2025-03-05T14:08:35.520+0300][133.733s][info ][gc] GC(43) Pause Young (Normal) (G1 Evacuation Pause) 1229M->4M(2048M) 3.609ms
[2025-03-05T14:08:38.689+0300][136.903s][info ][gc] GC(44) Pause Young (Normal) (G1 Evacuation Pause) 1229M->3M(2048M) 3.276ms
[2025-03-05T14:08:41.868+0300][140.082s][info ][gc] GC(45) Pause Young (Normal) (G1 Evacuation Pause) 1229M->2M(2048M) 1.621ms
[2025-03-05T14:08:45.060+0300][143.275s][info ][gc] GC(46) Pause Young (Normal) (G1 Evacuation Pause) 1229M->4M(2048M) 3.832ms
[2025-03-05T14:08:48.293+0300][146.508s][info ][gc] GC(47) Pause Young (Normal) (G1 Evacuation Pause) 1229M->3M(2048M) 2.288ms
[2025-03-05T14:08:51.527+0300][149.742s][info ][gc] GC(48) Pause Young (Normal) (G1 Evacuation Pause) 1229M->2M(2048M) 1.566ms
[2025-03-05T14:08:54.723+0300][152.937s][info ][gc] GC(49) Pause Young (Normal) (G1 Evacuation Pause) 1229M->4M(2048M) 4.219ms
[2025-03-05T14:08:57.892+0300][156.106s][info ][gc] GC(50) Pause Young (Normal) (G1 Evacuation Pause) 1229M->3M(2048M) 2.246ms
[2025-03-05T14:09:01.148+0300][159.362s][info ][gc] GC(51) Pause Young (Normal) (G1 Evacuation Pause) 1229M->5M(2048M) 4.198ms
[2025-03-05T14:09:04.308+0300][162.522s][info ][gc] GC(52) Pause Young (Normal) (G1 Evacuation Pause) 1229M->4M(2048M) 2.997ms
[2025-03-05T14:09:07.558+0300][165.774s][info ][gc] GC(53) Pause Young (Normal) (G1 Evacuation Pause) 1230M->3M(2048M) 2.120ms
[2025-03-05T14:09:10.735+0300][168.950s][info ][gc] GC(54) Pause Young (Normal) (G1 Evacuation Pause) 1230M->5M(2048M) 3.899ms
[2025-03-05T14:09:13.921+0300][172.136s][info ][gc] GC(55) Pause Young (Normal) (G1 Evacuation Pause) 1230M->4M(2048M) 3.554ms
[2025-03-05T14:09:17.096+0300][175.311s][info ][gc] GC(56) Pause Young (Normal) (G1 Evacuation Pause) 1230M->2M(2048M) 2.332ms
[2025-03-05T14:09:20.284+0300][178.498s][info ][gc] GC(57) Pause Young (Normal) (G1 Evacuation Pause) 1229M->5M(2048M) 4.181ms
[2025-03-05T14:09:23.483+0300][181.698s][info ][gc] GC(58) Pause Young (Normal) (G1 Evacuation Pause) 1230M->3M(2048M) 2.820ms
[2025-03-05T14:09:26.650+0300][184.865s][info ][gc] GC(59) Pause Young (Normal) (G1 Evacuation Pause) 1229M->2M(2048M) 2.369ms
[2025-03-05T14:09:29.879+0300][188.093s][info ][gc] GC(60) Pause Young (Normal) (G1 Evacuation Pause) 1229M->4M(2048M) 3.336ms
[2025-03-05T14:09:33.117+0300][191.331s][info ][gc] GC(61) Pause Young (Normal) (G1 Evacuation Pause) 1229M->3M(2048M) 2.710ms
[2025-03-05T14:09:36.295+0300][194.510s][info ][gc] GC(62) Pause Young (Normal) (G1 Evacuation Pause) 1229M->2M(2048M) 1.786ms
[2025-03-05T14:09:39.498+0300][197.712s][info ][gc] GC(63) Pause Young (Normal) (G1 Evacuation Pause) 1229M->4M(2048M) 3.624ms
[2025-03-05T14:09:42.676+0300][200.890s][info ][gc] GC(64) Pause Young (Normal) (G1 Evacuation Pause) 1229M->3M(2048M) 2.330ms
[2025-03-05T14:09:45.860+0300][204.075s][info ][gc] GC(65) Pause Young (Normal) (G1 Evacuation Pause) 1229M->5M(2048M) 4.093ms
[2025-03-05T14:09:49.033+0300][207.247s][info ][gc] GC(66) Pause Young (Normal) (G1 Evacuation Pause) 1229M->4M(2048M) 3.494ms
[2025-03-05T14:09:52.226+0300][210.441s][info ][gc] GC(67) Pause Young (Normal) (G1 Evacuation Pause) 1229M->3M(2048M) 2.050ms
[2025-03-05T14:09:55.479+0300][213.693s][info ][gc] GC(68) Pause Young (Normal) (G1 Evacuation Pause) 1230M->5M(2048M) 3.831ms
[2025-03-05T14:09:58.654+0300][216.868s][info ][gc] GC(69) Pause Young (Normal) (G1 Evacuation Pause) 1230M->4M(2048M) 3.332ms
[2025-03-05T14:10:01.859+0300][220.074s][info ][gc] GC(70) Pause Young (Normal) (G1 Evacuation Pause) 1230M->3M(2048M) 2.142ms
[2025-03-05T14:10:05.037+0300][223.251s][info ][gc] GC(71) Pause Young (Normal) (G1 Evacuation Pause) 1230M->5M(2048M) 3.763ms
[2025-03-05T14:10:08.222+0300][226.436s][info ][gc] GC(72) Pause Young (Normal) (G1 Evacuation Pause) 1230M->3M(2048M) 3.392ms
[2025-03-05T14:10:11.390+0300][229.605s][info ][gc] GC(73) Pause Young (Normal) (G1 Evacuation Pause) 1229M->2M(2048M) 1.844ms
[2025-03-05T14:10:14.567+0300][232.781s][info ][gc] GC(74) Pause Young (Normal) (G1 Evacuation Pause) 1229M->4M(2048M) 4.141ms
[2025-03-05T14:10:17.749+0300][235.964s][info ][gc] GC(75) Pause Young (Normal) (G1 Evacuation Pause) 1229M->3M(2048M) 2.485ms
[2025-03-05T14:10:20.965+0300][239.179s][info ][gc] GC(76) Pause Young (Normal) (G1 Evacuation Pause) 1229M->2M(2048M) 1.686ms
[2025-03-05T14:10:24.337+0300][242.551s][info ][gc] GC(77) Pause Young (Normal) (G1 Evacuation Pause) 1229M->4M(2048M) 3.279ms
[2025-03-05T14:10:27.516+0300][245.730s][info ][gc] GC(78) Pause Young (Normal) (G1 Evacuation Pause) 1229M->3M(2048M) 3.056ms
[2025-03-05T14:10:30.705+0300][248.919s][info ][gc] GC(79) Pause Young (Normal) (G1 Evacuation Pause) 1229M->5M(2048M) 4.152ms
[2025-03-05T14:10:33.873+0300][252.088s][info ][gc] GC(80) Pause Young (Normal) (G1 Evacuation Pause) 1229M->4M(2048M) 2.943ms
[2025-03-05T14:10:37.055+0300][255.269s][info ][gc] GC(81) Pause Young (Normal) (G1 Evacuation Pause) 1230M->3M(2048M) 2.931ms
[2025-03-05T14:10:40.227+0300][258.441s][info ][gc] GC(82) Pause Young (Normal) (G1 Evacuation Pause) 1230M->5M(2048M) 3.687ms
[2025-03-05T14:10:43.441+0300][261.655s][info ][gc] GC(83) Pause Young (Normal) (G1 Evacuation Pause) 1230M->4M(2048M) 3.219ms
[2025-03-05T14:10:46.629+0300][264.844s][info ][gc] GC(84) Pause Young (Normal) (G1 Evacuation Pause) 1230M->3M(2048M) 2.555ms
[2025-03-05T14:10:49.825+0300][268.039s][info ][gc] GC(85) Pause Young (Normal) (G1 Evacuation Pause) 1230M->5M(2048M) 3.916ms
[2025-03-05T14:10:53.006+0300][271.221s][info ][gc] GC(86) Pause Young (Normal) (G1 Evacuation Pause) 1230M->4M(2048M) 3.337ms
[2025-03-05T14:10:56.184+0300][274.399s][info ][gc] GC(87) Pause Young (Normal) (G1 Evacuation Pause) 1230M->2M(2048M) 1.836ms
[2025-03-05T14:10:59.411+0300][277.625s][info ][gc] GC(88) Pause Young (Normal) (G1 Evacuation Pause) 1229M->5M(2048M) 3.797ms
[2025-03-05T14:11:02.590+0300][280.804s][info ][gc] GC(89) Pause Young (Normal) (G1 Evacuation Pause) 1230M->3M(2048M) 3.530ms
[2025-03-05T14:11:05.821+0300][284.035s][info ][gc] GC(90) Pause Young (Normal) (G1 Evacuation Pause) 1229M->2M(2048M) 2.318ms
[2025-03-05T14:11:08.987+0300][287.202s][info ][gc] GC(91) Pause Young (Normal) (G1 Evacuation Pause) 1229M->4M(2048M) 3.998ms
[2025-03-05T14:11:12.156+0300][290.370s][info ][gc] GC(92) Pause Young (Normal) (G1 Evacuation Pause) 1229M->3M(2048M) 2.829ms
[2025-03-05T14:11:15.346+0300][293.561s][info ][gc] GC(93) Pause Young (Normal) (G1 Evacuation Pause) 1229M->2M(2048M) 1.570ms
[2025-03-05T14:11:18.540+0300][296.755s][info ][gc] GC(94) Pause Young (Normal) (G1 Evacuation Pause) 1229M->4M(2048M) 3.542ms
[2025-03-05T14:11:21.811+0300][300.026s][info ][gc] GC(95) Pause Young (Normal) (G1 Evacuation Pause) 1229M->3M(2048M) 2.628ms
[2025-03-05T14:11:24.980+0300][303.195s][info ][gc] GC(96) Pause Young (Normal) (G1 Evacuation Pause) 1229M->5M(2048M) 4.665ms
[2025-03-05T14:11:28.151+0300][306.365s][info ][gc] GC(97) Pause Young (Normal) (G1 Evacuation Pause) 1229M->4M(2048M) 3.343ms
[2025-03-05T14:11:31.329+0300][309.545s][info ][gc] GC(98) Pause Young (Normal) (G1 Evacuation Pause) 1230M->3M(2048M) 2.533ms
[2025-03-05T14:11:34.519+0300][312.733s][info ][gc] GC(99) Pause Young (Normal) (G1 Evacuation Pause) 1230M->5M(2048M) 3.607ms
[2025-03-05T14:11:37.694+0300][315.908s][info ][gc] GC(100) Pause Young (Normal) (G1 Evacuation Pause) 1230M->4M(2048M) 3.098ms
[2025-03-05T14:11:40.881+0300][319.095s][info ][gc] GC(101) Pause Young (Normal) (G1 Evacuation Pause) 1230M->3M(2048M) 2.335ms
[2025-03-05T14:11:44.063+0300][322.277s][info ][gc] GC(102) Pause Young (Normal) (G1 Evacuation Pause) 1230M->5M(2048M) 4.043ms
[2025-03-05T14:11:47.223+0300][325.438s][info ][gc] GC(103) Pause Young (Normal) (G1 Evacuation Pause) 1230M->4M(2048M) 3.221ms
[2025-03-05T14:11:50.425+0300][328.640s][info ][gc] GC(104) Pause Young (Normal) (G1 Evacuation Pause) 1230M->2M(2048M) 2.006ms
[2025-03-05T14:11:53.690+0300][331.905s][info ][gc] GC(105) Pause Young (Normal) (G1 Evacuation Pause) 1229M->4M(2048M) 4.488ms
[2025-03-05T14:11:56.856+0300][335.071s][info ][gc] GC(106) Pause Young (Normal) (G1 Evacuation Pause) 1229M->3M(2048M) 2.729ms
[2025-03-05T14:12:00.024+0300][338.238s][info ][gc] GC(107) Pause Young (Normal) (G1 Evacuation Pause) 1229M->2M(2048M) 1.907ms
[2025-03-05T14:12:03.293+0300][341.508s][info ][gc] GC(108) Pause Young (Normal) (G1 Evacuation Pause) 1229M->4M(2048M) 3.458ms
[2025-03-05T14:12:06.480+0300][344.694s][info ][gc] GC(109) Pause Young (Normal) (G1 Evacuation Pause) 1229M->3M(2048M) 3.165ms
[2025-03-05T14:12:09.645+0300][347.859s][info ][gc] GC(110) Pause Young (Normal) (G1 Evacuation Pause) 1229M->2M(2048M) 1.905ms
[2025-03-05T14:12:12.842+0300][351.056s][info ][gc] GC(111) Pause Young (Normal) (G1 Evacuation Pause) 1229M->4M(2048M) 3.815ms
[2025-03-05T14:12:16.019+0300][354.233s][info ][gc] GC(112) Pause Young (Normal) (G1 Evacuation Pause) 1229M->3M(2048M) 2.090ms
[2025-03-05T14:12:19.205+0300][357.420s][info ][gc] GC(113) Pause Young (Normal) (G1 Evacuation Pause) 1229M->5M(2048M) 4.223ms
[2025-03-05T14:12:22.392+0300][360.606s][info ][gc] GC(114) Pause Young (Normal) (G1 Evacuation Pause) 1229M->4M(2048M) 3.074ms
[2025-03-05T14:12:25.560+0300][363.775s][info ][gc] GC(115) Pause Young (Normal) (G1 Evacuation Pause) 1230M->3M(2048M) 2.317ms
[2025-03-05T14:12:28.830+0300][367.044s][info ][gc] GC(116) Pause Young (Normal) (G1 Evacuation Pause) 1230M->5M(2048M) 4.083ms
[2025-03-05T14:12:32.002+0300][370.217s][info ][gc] GC(117) Pause Young (Normal) (G1 Evacuation Pause) 1230M->4M(2048M) 2.975ms
[2025-03-05T14:12:35.193+0300][373.407s][info ][gc] GC(118) Pause Young (Normal) (G1 Evacuation Pause) 1230M->2M(2048M) 1.861ms
[2025-03-05T14:12:38.406+0300][376.620s][info ][gc] GC(119) Pause Young (Normal) (G1 Evacuation Pause) 1229M->5M(2048M) 3.759ms
[2025-03-05T14:12:41.656+0300][379.871s][info ][gc] GC(120) Pause Young (Normal) (G1 Evacuation Pause) 1230M->3M(2048M) 2.896ms
[2025-03-05T14:12:44.840+0300][383.055s][info ][gc] GC(121) Pause Young (Normal) (G1 Evacuation Pause) 1229M->2M(2048M) 2.066ms
[2025-03-05T14:12:48.043+0300][386.257s][info ][gc] GC(122) Pause Young (Normal) (G1 Evacuation Pause) 1229M->4M(2048M) 4.046ms
[2025-03-05T14:12:51.252+0300][389.467s][info ][gc] GC(123) Pause Young (Normal) (G1 Evacuation Pause) 1229M->3M(2048M) 2.425ms
[2025-03-05T14:12:54.426+0300][392.640s][info ][gc] GC(124) Pause Young (Normal) (G1 Evacuation Pause) 1229M->2M(2048M) 1.652ms
[2025-03-05T14:12:57.626+0300][395.840s][info ][gc] GC(125) Pause Young (Normal) (G1 Evacuation Pause) 1229M->4M(2048M) 3.890ms
[2025-03-05T14:13:00.874+0300][399.088s][info ][gc] GC(126) Pause Young (Normal) (G1 Evacuation Pause) 1229M->3M(2048M) 2.520ms
[2025-03-05T14:13:04.104+0300][402.319s][info ][gc] GC(127) Pause Young (Normal) (G1 Evacuation Pause) 1229M->2M(2048M) 1.734ms
[2025-03-05T14:13:07.368+0300][405.582s][info ][gc] GC(128) Pause Young (Normal) (G1 Evacuation Pause) 1229M->4M(2048M) 3.526ms
[2025-03-05T14:13:10.575+0300][408.790s][info ][gc] GC(129) Pause Young (Normal) (G1 Evacuation Pause) 1229M->3M(2048M) 2.266ms
[2025-03-05T14:13:13.753+0300][411.968s][info ][gc] GC(130) Pause Young (Normal) (G1 Evacuation Pause) 1229M->5M(2048M) 4.053ms
[2025-03-05T14:13:16.912+0300][415.126s][info ][gc] GC(131) Pause Young (Normal) (G1 Evacuation Pause) 1229M->4M(2048M) 3.427ms
[2025-03-05T14:13:20.099+0300][418.314s][info ][gc] GC(132) Pause Young (Normal) (G1 Evacuation Pause) 1230M->3M(2048M) 2.209ms
[2025-03-05T14:13:23.293+0300][421.508s][info ][gc] GC(133) Pause Young (Normal) (G1 Evacuation Pause) 1230M->5M(2048M) 3.872ms
[2025-03-05T14:13:26.459+0300][424.673s][info ][gc] GC(134) Pause Young (Normal) (G1 Evacuation Pause) 1230M->4M(2048M) 2.717ms
[2025-03-05T14:13:29.646+0300][427.860s][info ][gc] GC(135) Pause Young (Normal) (G1 Evacuation Pause) 1230M->3M(2048M) 2.538ms
[2025-03-05T14:13:32.862+0300][431.076s][info ][gc] GC(136) Pause Young (Normal) (G1 Evacuation Pause) 1230M->5M(2048M) 3.901ms
[2025-03-05T14:13:36.119+0300][434.334s][info ][gc] GC(137) Pause Young (Normal) (G1 Evacuation Pause) 1230M->3M(2048M) 2.883ms
[2025-03-05T14:13:39.309+0300][437.524s][info ][gc] GC(138) Pause Young (Normal) (G1 Evacuation Pause) 1229M->2M(2048M) 2.037ms
[2025-03-05T14:13:42.491+0300][440.705s][info ][gc] GC(139) Pause Young (Normal) (G1 Evacuation Pause) 1229M->4M(2048M) 4.128ms
[2025-03-05T14:13:45.702+0300][443.916s][info ][gc] GC(140) Pause Young (Normal) (G1 Evacuation Pause) 1229M->3M(2048M) 2.798ms
[2025-03-05T14:13:48.929+0300][447.144s][info ][gc] GC(141) Pause Young (Normal) (G1 Evacuation Pause) 1229M->2M(2048M) 1.881ms
