[2025-03-05T02:13:34.856+0300][0.011s][info][gc] Using G1
[2025-03-05T02:13:34.856+0300][0.012s][debug][gc] ConcGCThreads: 2 offset 16
[2025-03-05T02:13:34.856+0300][0.012s][debug][gc] ParallelGCThreads: 8
[2025-03-05T02:13:34.856+0300][0.012s][debug][gc] Initialize mark stack with 4096 chunks, maximum 524288
[2025-03-05T02:13:35.215+0300][0.372s][info ][gc] GC(0) Pause Young (Normal) (G1 Evacuation Pause) 12M->2M(256M) 2.814ms
[2025-03-05T02:13:35.267+0300][0.423s][info ][gc] GC(1) Pause Young (Normal) (G1 Evacuation Pause) 12M->3M(256M) 2.797ms
[2025-03-05T02:13:35.315+0300][0.472s][info ][gc] GC(2) Pause Young (Normal) (G1 Evacuation Pause) 13M->4M(256M) 1.697ms
[2025-03-05T02:13:35.357+0300][0.513s][info ][gc] GC(3) Pause Young (Normal) (G1 Evacuation Pause) 14M->5M(256M) 3.516ms
[2025-03-05T02:13:35.396+0300][0.553s][info ][gc] GC(4) Pause Young (Normal) (G1 Evacuation Pause) 15M->4M(256M) 0.819ms
[2025-03-05T02:13:35.445+0300][0.601s][info ][gc] GC(5) Pause Young (Normal) (G1 Evacuation Pause) 15M->5M(256M) 2.082ms
[2025-03-05T02:13:35.491+0300][0.646s][info ][gc] GC(6) Pause Young (Normal) (G1 Evacuation Pause) 15M->6M(256M) 2.491ms
[2025-03-05T02:13:35.534+0300][0.689s][info ][gc] GC(7) Pause Young (Normal) (G1 Evacuation Pause) 16M->7M(256M) 2.695ms
[2025-03-05T02:13:35.577+0300][0.733s][info ][gc] GC(8) Pause Young (Normal) (G1 Evacuation Pause) 17M->6M(256M) 1.421ms
[2025-03-05T02:13:35.611+0300][0.766s][info ][gc] GC(9) Pause Young (Normal) (G1 Evacuation Pause) 16M->7M(256M) 1.963ms
[2025-03-05T02:13:35.646+0300][0.802s][info ][gc] GC(10) Pause Young (Normal) (G1 Evacuation Pause) 17M->8M(256M) 2.473ms
[2025-03-05T02:13:35.683+0300][0.839s][info ][gc] GC(11) Pause Young (Normal) (G1 Evacuation Pause) 18M->7M(256M) 1.023ms
[2025-03-05T02:13:35.724+0300][0.880s][info ][gc] GC(12) Pause Young (Normal) (G1 Evacuation Pause) 18M->8M(256M) 1.938ms
[2025-03-05T02:13:35.755+0300][0.911s][info ][gc] GC(13) Pause Young (Normal) (G1 Evacuation Pause) 18M->9M(256M) 2.303ms
[2025-03-05T02:13:35.787+0300][0.943s][info ][gc] GC(14) Pause Young (Normal) (G1 Evacuation Pause) 19M->7M(256M) 0.674ms
[2025-03-05T02:13:35.827+0300][0.983s][info ][gc] GC(15) Pause Young (Normal) (G1 Evacuation Pause) 18M->8M(256M) 1.733ms
[2025-03-05T02:13:35.867+0300][1.022s][info ][gc] GC(16) Pause Young (Normal) (G1 Evacuation Pause) 18M->9M(256M) 2.179ms
[2025-03-05T02:13:35.901+0300][1.056s][info ][gc] GC(17) Pause Young (Normal) (G1 Evacuation Pause) 19M->10M(256M) 2.856ms
[2025-03-05T02:13:35.931+0300][1.087s][info ][gc] GC(18) Pause Young (Normal) (G1 Evacuation Pause) 20M->9M(256M) 1.066ms
[2025-03-05T02:13:35.963+0300][1.119s][info ][gc] GC(19) Pause Young (Normal) (G1 Evacuation Pause) 20M->10M(256M) 1.877ms
[2025-03-05T02:13:35.992+0300][1.148s][info ][gc] GC(20) Pause Young (Normal) (G1 Evacuation Pause) 20M->11M(256M) 2.457ms
[2025-03-05T02:13:36.022+0300][1.179s][info ][gc] GC(21) Pause Young (Normal) (G1 Evacuation Pause) 21M->9M(256M) 1.141ms
[2025-03-05T02:13:36.057+0300][1.212s][info ][gc] GC(22) Pause Young (Normal) (G1 Evacuation Pause) 20M->10M(256M) 1.817ms
[2025-03-05T02:13:36.087+0300][1.244s][info ][gc] GC(23) Pause Young (Normal) (G1 Evacuation Pause) 20M->11M(256M) 2.289ms
[2025-03-05T02:13:36.119+0300][1.275s][info ][gc] GC(24) Pause Young (Normal) (G1 Evacuation Pause) 21M->10M(256M) 0.750ms
[2025-03-05T02:13:36.155+0300][1.311s][info ][gc] GC(25) Pause Young (Normal) (G1 Evacuation Pause) 21M->10M(256M) 1.633ms
[2025-03-05T02:13:36.187+0300][1.344s][info ][gc] GC(26) Pause Young (Normal) (G1 Evacuation Pause) 20M->11M(256M) 2.120ms
[2025-03-05T02:13:36.227+0300][1.383s][info ][gc] GC(27) Pause Young (Normal) (G1 Evacuation Pause) 21M->12M(256M) 2.664ms
[2025-03-05T02:13:36.255+0300][1.411s][info ][gc] GC(28) Pause Young (Normal) (G1 Evacuation Pause) 22M->11M(256M) 1.286ms
[2025-03-05T02:13:36.286+0300][1.442s][info ][gc] GC(29) Pause Young (Normal) (G1 Evacuation Pause) 22M->12M(256M) 2.096ms
[2025-03-05T02:13:36.315+0300][1.471s][info ][gc] GC(30) Pause Young (Normal) (G1 Evacuation Pause) 22M->13M(256M) 2.553ms
[2025-03-05T02:13:36.343+0300][1.498s][info ][gc] GC(31) Pause Young (Normal) (G1 Evacuation Pause) 23M->12M(256M) 1.286ms
[2025-03-05T02:13:36.373+0300][1.530s][info ][gc] GC(32) Pause Young (Normal) (G1 Evacuation Pause) 23M->13M(256M) 1.847ms
[2025-03-05T02:13:36.403+0300][1.559s][info ][gc] GC(33) Pause Young (Normal) (G1 Evacuation Pause) 23M->14M(256M) 2.541ms
[2025-03-05T02:13:36.429+0300][1.585s][info ][gc] GC(34) Pause Young (Normal) (G1 Evacuation Pause) 24M->12M(256M) 0.655ms
[2025-03-05T02:13:36.459+0300][1.615s][info ][gc] GC(35) Pause Young (Normal) (G1 Evacuation Pause) 23M->13M(256M) 1.740ms
[2025-03-05T02:13:36.488+0300][1.644s][info ][gc] GC(36) Pause Young (Normal) (G1 Evacuation Pause) 23M->14M(256M) 2.230ms
[2025-03-05T02:13:36.517+0300][1.673s][info ][gc] GC(37) Pause Young (Normal) (G1 Evacuation Pause) 24M->15M(256M) 2.668ms
[2025-03-05T02:13:36.544+0300][1.700s][info ][gc] GC(38) Pause Young (Normal) (G1 Evacuation Pause) 25M->13M(256M) 1.358ms
[2025-03-05T02:13:36.576+0300][1.731s][info ][gc] GC(39) Pause Young (Normal) (G1 Evacuation Pause) 24M->14M(256M) 2.092ms
[2025-03-05T02:13:36.604+0300][1.759s][info ][gc] GC(40) Pause Young (Normal) (G1 Evacuation Pause) 24M->15M(256M) 2.296ms
[2025-03-05T02:13:36.631+0300][1.787s][info ][gc] GC(41) Pause Young (Normal) (G1 Evacuation Pause) 25M->14M(256M) 1.269ms
[2025-03-05T02:13:36.662+0300][1.818s][info ][gc] GC(42) Pause Young (Normal) (G1 Evacuation Pause) 25M->15M(256M) 1.848ms
[2025-03-05T02:13:36.689+0300][1.846s][info ][gc] GC(43) Pause Young (Normal) (G1 Evacuation Pause) 25M->16M(256M) 2.274ms
[2025-03-05T02:13:36.717+0300][1.872s][info ][gc] GC(44) Pause Young (Normal) (G1 Evacuation Pause) 26M->14M(256M) 0.760ms
[2025-03-05T02:13:36.746+0300][1.902s][info ][gc] GC(45) Pause Young (Normal) (G1 Evacuation Pause) 25M->15M(256M) 1.828ms
[2025-03-05T02:13:36.774+0300][1.931s][info ][gc] GC(46) Pause Young (Normal) (G1 Evacuation Pause) 25M->16M(256M) 2.339ms
[2025-03-05T02:13:36.804+0300][1.960s][info ][gc] GC(47) Pause Young (Normal) (G1 Evacuation Pause) 26M->17M(256M) 2.767ms
[2025-03-05T02:13:36.833+0300][1.989s][info ][gc] GC(48) Pause Young (Normal) (G1 Evacuation Pause) 27M->16M(256M) 1.508ms
[2025-03-05T02:13:36.864+0300][2.020s][info ][gc] GC(49) Pause Young (Normal) (G1 Evacuation Pause) 27M->17M(256M) 2.217ms
[2025-03-05T02:13:36.894+0300][2.049s][info ][gc] GC(50) Pause Young (Normal) (G1 Evacuation Pause) 27M->18M(256M) 2.504ms
[2025-03-05T02:13:36.921+0300][2.077s][info ][gc] GC(51) Pause Young (Normal) (G1 Evacuation Pause) 28M->16M(256M) 1.117ms
[2025-03-05T02:13:36.952+0300][2.108s][info ][gc] GC(52) Pause Young (Normal) (G1 Evacuation Pause) 27M->17M(256M) 1.970ms
[2025-03-05T02:13:36.980+0300][2.136s][info ][gc] GC(53) Pause Young (Normal) (G1 Evacuation Pause) 27M->18M(256M) 2.117ms
[2025-03-05T02:13:37.007+0300][2.163s][info ][gc] GC(54) Pause Young (Normal) (G1 Evacuation Pause) 28M->16M(256M) 0.464ms
[2025-03-05T02:13:37.038+0300][2.194s][info ][gc] GC(55) Pause Young (Normal) (G1 Evacuation Pause) 27M->17M(256M) 1.731ms
[2025-03-05T02:13:37.066+0300][2.222s][info ][gc] GC(56) Pause Young (Normal) (G1 Evacuation Pause) 27M->18M(256M) 2.194ms
[2025-03-05T02:13:37.095+0300][2.251s][info ][gc] GC(57) Pause Young (Normal) (G1 Evacuation Pause) 28M->19M(256M) 2.739ms
[2025-03-05T02:13:37.123+0300][2.279s][info ][gc] GC(58) Pause Young (Normal) (G1 Evacuation Pause) 29M->18M(256M) 1.315ms
[2025-03-05T02:13:37.153+0300][2.309s][info ][gc] GC(59) Pause Young (Normal) (G1 Evacuation Pause) 29M->19M(256M) 1.978ms
[2025-03-05T02:13:37.183+0300][2.338s][info ][gc] GC(60) Pause Young (Normal) (G1 Evacuation Pause) 29M->19M(256M) 2.525ms
[2025-03-05T02:13:37.210+0300][2.366s][info ][gc] GC(61) Pause Young (Normal) (G1 Evacuation Pause) 29M->18M(256M) 1.098ms
[2025-03-05T02:13:37.241+0300][2.397s][info ][gc] GC(62) Pause Young (Normal) (G1 Evacuation Pause) 29M->19M(256M) 1.889ms
[2025-03-05T02:13:37.271+0300][2.427s][info ][gc] GC(63) Pause Young (Normal) (G1 Evacuation Pause) 29M->20M(256M) 2.448ms
[2025-03-05T02:13:37.300+0300][2.457s][info ][gc] GC(64) Pause Young (Normal) (G1 Evacuation Pause) 30M->21M(256M) 2.543ms
[2025-03-05T02:13:37.329+0300][2.485s][info ][gc] GC(65) Pause Young (Normal) (G1 Evacuation Pause) 31M->20M(256M) 1.566ms
[2025-03-05T02:13:37.357+0300][2.513s][info ][gc] GC(66) Pause Young (Normal) (G1 Evacuation Pause) 30M->21M(256M) 1.952ms
[2025-03-05T02:13:37.385+0300][2.541s][info ][gc] GC(67) Pause Young (Normal) (G1 Evacuation Pause) 31M->22M(256M) 2.637ms
[2025-03-05T02:13:37.413+0300][2.568s][info ][gc] GC(68) Pause Young (Normal) (G1 Evacuation Pause) 32M->20M(256M) 1.062ms
[2025-03-05T02:13:37.444+0300][2.600s][info ][gc] GC(69) Pause Young (Normal) (G1 Evacuation Pause) 31M->21M(256M) 1.981ms
[2025-03-05T02:13:37.472+0300][2.628s][info ][gc] GC(70) Pause Young (Normal) (G1 Evacuation Pause) 31M->22M(256M) 2.329ms
[2025-03-05T02:13:37.500+0300][2.656s][info ][gc] GC(71) Pause Young (Normal) (G1 Evacuation Pause) 32M->21M(256M) 0.743ms
[2025-03-05T02:13:37.533+0300][2.689s][info ][gc] GC(72) Pause Young (Normal) (G1 Evacuation Pause) 32M->21M(256M) 1.649ms
[2025-03-05T02:13:37.564+0300][2.720s][info ][gc] GC(73) Pause Young (Normal) (G1 Evacuation Pause) 31M->22M(256M) 2.308ms
[2025-03-05T02:13:37.593+0300][2.750s][info ][gc] GC(74) Pause Young (Normal) (G1 Evacuation Pause) 32M->23M(256M) 3.159ms
[2025-03-05T02:13:37.622+0300][2.778s][info ][gc] GC(75) Pause Young (Normal) (G1 Evacuation Pause) 33M->22M(256M) 1.158ms
[2025-03-05T02:13:37.653+0300][2.809s][info ][gc] GC(76) Pause Young (Normal) (G1 Evacuation Pause) 33M->23M(256M) 1.978ms
[2025-03-05T02:13:37.683+0300][2.838s][info ][gc] GC(77) Pause Young (Normal) (G1 Evacuation Pause) 33M->24M(256M) 2.611ms
[2025-03-05T02:13:37.711+0300][2.866s][info ][gc] GC(78) Pause Young (Normal) (G1 Evacuation Pause) 34M->23M(256M) 1.296ms
[2025-03-05T02:13:37.744+0300][2.900s][info ][gc] GC(79) Pause Young (Normal) (G1 Evacuation Pause) 34M->24M(256M) 2.001ms
[2025-03-05T02:13:37.775+0300][2.931s][info ][gc] GC(80) Pause Young (Normal) (G1 Evacuation Pause) 34M->25M(256M) 2.347ms
[2025-03-05T02:13:37.805+0300][2.961s][info ][gc] GC(81) Pause Young (Normal) (G1 Evacuation Pause) 35M->23M(256M) 0.565ms
[2025-03-05T02:13:37.837+0300][2.993s][info ][gc] GC(82) Pause Young (Normal) (G1 Evacuation Pause) 34M->24M(256M) 1.649ms
[2025-03-05T02:13:37.867+0300][3.022s][info ][gc] GC(83) Pause Young (Normal) (G1 Evacuation Pause) 34M->25M(256M) 1.978ms
[2025-03-05T02:13:37.896+0300][3.052s][info ][gc] GC(84) Pause Young (Normal) (G1 Evacuation Pause) 35M->26M(256M) 2.492ms
[2025-03-05T02:13:37.926+0300][3.082s][info ][gc] GC(85) Pause Young (Normal) (G1 Evacuation Pause) 36M->25M(256M) 1.327ms
[2025-03-05T02:13:37.958+0300][3.115s][info ][gc] GC(86) Pause Young (Normal) (G1 Evacuation Pause) 36M->26M(256M) 2.186ms
[2025-03-05T02:13:37.989+0300][3.145s][info ][gc] GC(87) Pause Young (Normal) (G1 Evacuation Pause) 36M->26M(256M) 2.516ms
[2025-03-05T02:13:38.018+0300][3.174s][info ][gc] GC(88) Pause Young (Normal) (G1 Evacuation Pause) 36M->25M(256M) 1.016ms
[2025-03-05T02:13:38.050+0300][3.205s][info ][gc] GC(89) Pause Young (Normal) (G1 Evacuation Pause) 36M->26M(256M) 1.761ms
[2025-03-05T02:13:38.078+0300][3.235s][info ][gc] GC(90) Pause Young (Normal) (G1 Evacuation Pause) 36M->27M(256M) 2.035ms
[2025-03-05T02:13:38.105+0300][3.262s][info ][gc] GC(91) Pause Young (Normal) (G1 Evacuation Pause) 37M->25M(256M) 0.491ms
[2025-03-05T02:13:38.137+0300][3.293s][info ][gc] GC(92) Pause Young (Normal) (G1 Evacuation Pause) 36M->26M(256M) 1.436ms
[2025-03-05T02:13:38.167+0300][3.322s][info ][gc] GC(93) Pause Young (Normal) (G1 Evacuation Pause) 36M->27M(256M) 2.046ms
[2025-03-05T02:13:38.196+0300][3.352s][info ][gc] GC(94) Pause Young (Normal) (G1 Evacuation Pause) 37M->28M(256M) 2.924ms
[2025-03-05T02:13:38.223+0300][3.380s][info ][gc] GC(95) Pause Young (Normal) (G1 Evacuation Pause) 38M->27M(256M) 1.346ms
[2025-03-05T02:13:38.257+0300][3.413s][info ][gc] GC(96) Pause Young (Normal) (G1 Evacuation Pause) 38M->28M(256M) 1.823ms
[2025-03-05T02:13:38.287+0300][3.443s][info ][gc] GC(97) Pause Young (Normal) (G1 Evacuation Pause) 38M->29M(256M) 2.378ms
[2025-03-05T02:13:38.315+0300][3.471s][info ][gc] GC(98) Pause Young (Normal) (G1 Evacuation Pause) 39M->27M(256M) 0.878ms
[2025-03-05T02:13:38.346+0300][3.502s][info ][gc] GC(99) Pause Young (Normal) (G1 Evacuation Pause) 38M->28M(256M) 1.703ms
[2025-03-05T02:13:38.375+0300][3.531s][info ][gc] GC(100) Pause Young (Normal) (G1 Evacuation Pause) 38M->29M(256M) 2.428ms
[2025-03-05T02:13:38.402+0300][3.558s][info ][gc] GC(101) Pause Young (Normal) (G1 Evacuation Pause) 39M->27M(256M) 0.688ms
[2025-03-05T02:13:38.434+0300][3.590s][info ][gc] GC(102) Pause Young (Normal) (G1 Evacuation Pause) 38M->28M(256M) 1.701ms
[2025-03-05T02:13:38.464+0300][3.620s][info ][gc] GC(103) Pause Young (Normal) (G1 Evacuation Pause) 38M->29M(256M) 2.135ms
[2025-03-05T02:13:38.494+0300][3.649s][info ][gc] GC(104) Pause Young (Normal) (G1 Evacuation Pause) 39M->30M(256M) 2.739ms
[2025-03-05T02:13:38.521+0300][3.677s][info ][gc] GC(105) Pause Young (Normal) (G1 Evacuation Pause) 40M->29M(256M) 1.277ms
[2025-03-05T02:13:38.553+0300][3.708s][info ][gc] GC(106) Pause Young (Normal) (G1 Evacuation Pause) 40M->30M(256M) 2.107ms
[2025-03-05T02:13:38.582+0300][3.738s][info ][gc] GC(107) Pause Young (Normal) (G1 Evacuation Pause) 40M->31M(256M) 2.368ms
[2025-03-05T02:13:38.609+0300][3.765s][info ][gc] GC(108) Pause Young (Normal) (G1 Evacuation Pause) 41M->29M(256M) 0.868ms
[2025-03-05T02:13:38.641+0300][3.796s][info ][gc] GC(109) Pause Young (Normal) (G1 Evacuation Pause) 40M->30M(256M) 1.729ms
[2025-03-05T02:13:38.675+0300][3.831s][info ][gc] GC(110) Pause Young (Normal) (G1 Evacuation Pause) 40M->31M(256M) 2.628ms
