[2025-03-04T23:46:06.535+0300][0.016s][info][gc] Using G1
[2025-03-04T23:46:06.536+0300][0.017s][debug][gc] ConcGCThreads: 2 offset 16
[2025-03-04T23:46:06.536+0300][0.017s][debug][gc] ParallelGCThreads: 8
[2025-03-04T23:46:06.536+0300][0.017s][debug][gc] Initialize mark stack with 4096 chunks, maximum 524288
[2025-03-04T23:46:07.136+0300][0.617s][info ][gc] GC(0) Pause Young (Normal) (G1 Evacuation Pause) 23M->3M(256M) 5.554ms
[2025-03-04T23:46:07.287+0300][0.768s][info ][gc] GC(1) Pause Young (Normal) (G1 Evacuation Pause) 35M->2M(256M) 2.085ms
[2025-03-04T23:46:07.801+0300][1.282s][info ][gc] GC(2) Pause Young (Normal) (G1 Evacuation Pause) 153M->4M(256M) 7.538ms
[2025-03-04T23:46:08.209+0300][1.690s][info ][gc] GC(3) Pause Young (Normal) (G1 Evacuation Pause) 154M->5M(256M) 4.564ms
[2025-03-04T23:46:08.591+0300][2.072s][info ][gc] GC(4) Pause Young (Normal) (G1 Evacuation Pause) 154M->3M(256M) 1.476ms
[2025-03-04T23:46:08.992+0300][2.473s][info ][gc] GC(5) Pause Young (Normal) (G1 Evacuation Pause) 154M->4M(256M) 3.689ms
[2025-03-04T23:46:09.378+0300][2.859s][info ][gc] GC(6) Pause Young (Normal) (G1 Evacuation Pause) 154M->5M(256M) 3.669ms
[2025-03-04T23:46:09.763+0300][3.245s][info ][gc] GC(7) Pause Young (Normal) (G1 Evacuation Pause) 154M->3M(256M) 1.750ms
[2025-03-04T23:46:10.150+0300][3.630s][info ][gc] GC(8) Pause Young (Normal) (G1 Evacuation Pause) 154M->4M(256M) 2.963ms
[2025-03-04T23:46:10.538+0300][4.019s][info ][gc] GC(9) Pause Young (Normal) (G1 Evacuation Pause) 154M->2M(256M) 1.160ms
[2025-03-04T23:46:10.928+0300][4.408s][info ][gc] GC(10) Pause Young (Normal) (G1 Evacuation Pause) 154M->3M(256M) 2.154ms
[2025-03-04T23:46:11.315+0300][4.795s][info ][gc] GC(11) Pause Young (Normal) (G1 Evacuation Pause) 153M->5M(256M) 6.002ms
[2025-03-04T23:46:11.698+0300][5.179s][info ][gc] GC(12) Pause Young (Normal) (G1 Evacuation Pause) 154M->3M(256M) 1.516ms
[2025-03-04T23:46:12.090+0300][5.571s][info ][gc] GC(13) Pause Young (Normal) (G1 Evacuation Pause) 154M->4M(256M) 2.459ms
[2025-03-04T23:46:12.475+0300][5.956s][info ][gc] GC(14) Pause Young (Normal) (G1 Evacuation Pause) 154M->5M(256M) 3.873ms
[2025-03-04T23:46:12.867+0300][6.349s][info ][gc] GC(15) Pause Young (Normal) (G1 Evacuation Pause) 154M->3M(256M) 1.734ms
[2025-03-04T23:46:13.254+0300][6.735s][info ][gc] GC(16) Pause Young (Normal) (G1 Evacuation Pause) 154M->4M(256M) 2.799ms
[2025-03-04T23:46:13.645+0300][7.126s][info ][gc] GC(17) Pause Young (Normal) (G1 Evacuation Pause) 154M->2M(256M) 0.891ms
[2025-03-04T23:46:14.037+0300][7.518s][info ][gc] GC(18) Pause Young (Normal) (G1 Evacuation Pause) 154M->3M(256M) 2.474ms
[2025-03-04T23:46:14.425+0300][7.906s][info ][gc] GC(19) Pause Young (Normal) (G1 Evacuation Pause) 154M->5M(256M) 3.154ms
[2025-03-04T23:46:14.810+0300][8.290s][info ][gc] GC(20) Pause Young (Normal) (G1 Evacuation Pause) 155M->3M(256M) 1.258ms
[2025-03-04T23:46:15.201+0300][8.683s][info ][gc] GC(21) Pause Young (Normal) (G1 Evacuation Pause) 155M->4M(256M) 2.868ms
[2025-03-04T23:46:15.589+0300][9.070s][info ][gc] GC(22) Pause Young (Normal) (G1 Evacuation Pause) 154M->5M(256M) 3.690ms
[2025-03-04T23:46:15.972+0300][9.454s][info ][gc] GC(23) Pause Young (Normal) (G1 Evacuation Pause) 154M->3M(256M) 1.744ms
[2025-03-04T23:46:16.365+0300][9.846s][info ][gc] GC(24) Pause Young (Normal) (G1 Evacuation Pause) 154M->4M(256M) 3.212ms
[2025-03-04T23:46:16.766+0300][10.247s][info ][gc] GC(25) Pause Young (Normal) (G1 Evacuation Pause) 154M->2M(256M) 0.730ms
[2025-03-04T23:46:17.165+0300][10.647s][info ][gc] GC(26) Pause Young (Normal) (G1 Evacuation Pause) 154M->4M(256M) 2.243ms
[2025-03-04T23:46:17.558+0300][11.039s][info ][gc] GC(27) Pause Young (Normal) (G1 Evacuation Pause) 155M->5M(256M) 3.443ms
[2025-03-04T23:46:17.947+0300][11.428s][info ][gc] GC(28) Pause Young (Normal) (G1 Evacuation Pause) 155M->3M(256M) 1.470ms
[2025-03-04T23:46:18.340+0300][11.821s][info ][gc] GC(29) Pause Young (Normal) (G1 Evacuation Pause) 155M->4M(256M) 3.394ms
[2025-03-04T23:46:18.729+0300][12.210s][info ][gc] GC(30) Pause Young (Normal) (G1 Evacuation Pause) 154M->2M(256M) 0.925ms
[2025-03-04T23:46:19.121+0300][12.601s][info ][gc] GC(31) Pause Young (Normal) (G1 Evacuation Pause) 154M->3M(256M) 2.038ms
[2025-03-04T23:46:19.515+0300][12.996s][info ][gc] GC(32) Pause Young (Normal) (G1 Evacuation Pause) 154M->5M(256M) 3.302ms
[2025-03-04T23:46:19.902+0300][13.383s][info ][gc] GC(33) Pause Young (Normal) (G1 Evacuation Pause) 155M->3M(256M) 1.465ms
[2025-03-04T23:46:20.294+0300][13.775s][info ][gc] GC(34) Pause Young (Normal) (G1 Evacuation Pause) 155M->4M(256M) 2.590ms
[2025-03-04T23:46:20.692+0300][14.173s][info ][gc] GC(35) Pause Young (Normal) (G1 Evacuation Pause) 154M->5M(256M) 3.742ms
[2025-03-04T23:46:21.081+0300][14.562s][info ][gc] GC(36) Pause Young (Normal) (G1 Evacuation Pause) 154M->3M(256M) 1.726ms
[2025-03-04T23:46:21.514+0300][14.994s][info ][gc] GC(37) Pause Young (Normal) (G1 Evacuation Pause) 154M->4M(256M) 2.580ms
[2025-03-04T23:46:21.925+0300][15.407s][info ][gc] GC(38) Pause Young (Normal) (G1 Evacuation Pause) 154M->2M(256M) 0.943ms
[2025-03-04T23:46:22.410+0300][15.891s][info ][gc] GC(39) Pause Young (Normal) (G1 Evacuation Pause) 154M->4M(256M) 2.219ms
[2025-03-04T23:46:22.891+0300][16.372s][info ][gc] GC(40) Pause Young (Normal) (G1 Evacuation Pause) 155M->5M(256M) 3.548ms
[2025-03-04T23:46:23.353+0300][16.833s][info ][gc] GC(41) Pause Young (Normal) (G1 Evacuation Pause) 155M->3M(256M) 1.065ms
[2025-03-04T23:46:23.846+0300][17.326s][info ][gc] GC(42) Pause Young (Normal) (G1 Evacuation Pause) 155M->4M(256M) 2.890ms
[2025-03-04T23:46:24.346+0300][17.827s][info ][gc] GC(43) Pause Young (Normal) (G1 Evacuation Pause) 154M->2M(256M) 0.567ms
[2025-03-04T23:46:24.802+0300][18.283s][info ][gc] GC(44) Pause Young (Normal) (G1 Evacuation Pause) 154M->3M(256M) 1.795ms
[2025-03-04T23:46:25.231+0300][18.713s][info ][gc] GC(45) Pause Young (Normal) (G1 Evacuation Pause) 154M->5M(256M) 3.609ms
[2025-03-04T23:46:25.650+0300][19.131s][info ][gc] GC(46) Pause Young (Normal) (G1 Evacuation Pause) 155M->3M(256M) 1.275ms
[2025-03-04T23:46:26.129+0300][19.609s][info ][gc] GC(47) Pause Young (Normal) (G1 Evacuation Pause) 155M->4M(256M) 2.728ms
[2025-03-04T23:46:26.577+0300][20.058s][info ][gc] GC(48) Pause Young (Normal) (G1 Evacuation Pause) 155M->5M(256M) 3.639ms
[2025-03-04T23:46:26.983+0300][20.464s][info ][gc] GC(49) Pause Young (Normal) (G1 Evacuation Pause) 154M->3M(256M) 1.725ms
[2025-03-04T23:46:27.389+0300][20.869s][info ][gc] GC(50) Pause Young (Normal) (G1 Evacuation Pause) 154M->4M(256M) 2.963ms
[2025-03-04T23:46:27.839+0300][21.319s][info ][gc] GC(51) Pause Young (Normal) (G1 Evacuation Pause) 154M->2M(256M) 1.053ms
[2025-03-04T23:46:28.243+0300][21.725s][info ][gc] GC(52) Pause Young (Normal) (G1 Evacuation Pause) 154M->4M(256M) 2.211ms
[2025-03-04T23:46:28.690+0300][22.171s][info ][gc] GC(53) Pause Young (Normal) (G1 Evacuation Pause) 155M->5M(256M) 3.853ms
[2025-03-04T23:46:29.132+0300][22.613s][info ][gc] GC(54) Pause Young (Normal) (G1 Evacuation Pause) 155M->3M(256M) 1.513ms
[2025-03-04T23:46:29.541+0300][23.022s][info ][gc] GC(55) Pause Young (Normal) (G1 Evacuation Pause) 155M->4M(256M) 3.086ms
[2025-03-04T23:46:29.963+0300][23.443s][info ][gc] GC(56) Pause Young (Normal) (G1 Evacuation Pause) 154M->2M(256M) 0.698ms
[2025-03-04T23:46:30.378+0300][23.858s][info ][gc] GC(57) Pause Young (Normal) (G1 Evacuation Pause) 154M->3M(256M) 2.305ms
[2025-03-04T23:46:30.780+0300][24.261s][info ][gc] GC(58) Pause Young (Normal) (G1 Evacuation Pause) 154M->5M(256M) 3.417ms
[2025-03-04T23:46:31.172+0300][24.652s][info ][gc] GC(59) Pause Young (Normal) (G1 Evacuation Pause) 155M->3M(256M) 1.450ms
[2025-03-04T23:46:31.564+0300][25.045s][info ][gc] GC(60) Pause Young (Normal) (G1 Evacuation Pause) 155M->4M(256M) 2.679ms
[2025-03-04T23:46:31.970+0300][25.451s][info ][gc] GC(61) Pause Young (Normal) (G1 Evacuation Pause) 154M->5M(256M) 3.945ms
[2025-03-04T23:46:32.382+0300][25.863s][info ][gc] GC(62) Pause Young (Normal) (G1 Evacuation Pause) 154M->3M(256M) 2.013ms
[2025-03-04T23:46:32.803+0300][26.284s][info ][gc] GC(63) Pause Young (Normal) (G1 Evacuation Pause) 154M->4M(256M) 3.066ms
[2025-03-04T23:46:33.204+0300][26.685s][info ][gc] GC(64) Pause Young (Normal) (G1 Evacuation Pause) 154M->2M(256M) 1.139ms
[2025-03-04T23:46:33.600+0300][27.080s][info ][gc] GC(65) Pause Young (Normal) (G1 Evacuation Pause) 154M->4M(256M) 2.398ms
[2025-03-04T23:46:33.998+0300][27.479s][info ][gc] GC(66) Pause Young (Normal) (G1 Evacuation Pause) 155M->5M(256M) 3.416ms
[2025-03-04T23:46:34.390+0300][27.871s][info ][gc] GC(67) Pause Young (Normal) (G1 Evacuation Pause) 155M->3M(256M) 1.661ms
[2025-03-04T23:46:34.791+0300][28.272s][info ][gc] GC(68) Pause Young (Normal) (G1 Evacuation Pause) 155M->4M(256M) 2.740ms
[2025-03-04T23:46:35.194+0300][28.674s][info ][gc] GC(69) Pause Young (Normal) (G1 Evacuation Pause) 154M->2M(256M) 0.946ms
[2025-03-04T23:46:35.652+0300][29.133s][info ][gc] GC(70) Pause Young (Normal) (G1 Evacuation Pause) 154M->3M(256M) 1.982ms
[2025-03-04T23:46:36.077+0300][29.558s][info ][gc] GC(71) Pause Young (Normal) (G1 Evacuation Pause) 154M->5M(256M) 3.357ms
[2025-03-04T23:46:36.469+0300][29.950s][info ][gc] GC(72) Pause Young (Normal) (G1 Evacuation Pause) 155M->3M(256M) 1.062ms
[2025-03-04T23:46:36.865+0300][30.345s][info ][gc] GC(73) Pause Young (Normal) (G1 Evacuation Pause) 155M->4M(256M) 2.638ms
[2025-03-04T23:46:37.262+0300][30.743s][info ][gc] GC(74) Pause Young (Normal) (G1 Evacuation Pause) 154M->5M(256M) 3.757ms
[2025-03-04T23:46:37.668+0300][31.148s][info ][gc] GC(75) Pause Young (Normal) (G1 Evacuation Pause) 154M->3M(256M) 2.118ms
[2025-03-04T23:46:38.085+0300][31.567s][info ][gc] GC(76) Pause Young (Normal) (G1 Evacuation Pause) 154M->4M(256M) 2.853ms
[2025-03-04T23:46:38.500+0300][31.980s][info ][gc] GC(77) Pause Young (Normal) (G1 Evacuation Pause) 154M->2M(256M) 0.831ms
[2025-03-04T23:46:38.926+0300][32.408s][info ][gc] GC(78) Pause Young (Normal) (G1 Evacuation Pause) 154M->4M(256M) 2.445ms
[2025-03-04T23:46:39.535+0300][33.016s][info ][gc] GC(79) Pause Young (Normal) (G1 Evacuation Pause) 155M->5M(256M) 4.189ms
[2025-03-04T23:46:40.001+0300][33.482s][info ][gc] GC(80) Pause Young (Normal) (G1 Evacuation Pause) 155M->3M(256M) 1.296ms
[2025-03-04T23:46:40.533+0300][34.013s][info ][gc] GC(81) Pause Young (Normal) (G1 Evacuation Pause) 155M->4M(256M) 3.019ms
[2025-03-04T23:46:40.951+0300][34.431s][info ][gc] GC(82) Pause Young (Normal) (G1 Evacuation Pause) 154M->2M(256M) 0.739ms
[2025-03-04T23:46:41.355+0300][34.836s][info ][gc] GC(83) Pause Young (Normal) (G1 Evacuation Pause) 154M->3M(256M) 1.852ms
[2025-03-04T23:46:41.773+0300][35.254s][info ][gc] GC(84) Pause Young (Normal) (G1 Evacuation Pause) 154M->5M(256M) 2.930ms
[2025-03-04T23:46:42.216+0300][35.698s][info ][gc] GC(85) Pause Young (Normal) (G1 Evacuation Pause) 155M->3M(256M) 1.402ms
[2025-03-04T23:46:42.623+0300][36.104s][info ][gc] GC(86) Pause Young (Normal) (G1 Evacuation Pause) 155M->4M(256M) 2.802ms
[2025-03-04T23:46:43.015+0300][36.496s][info ][gc] GC(87) Pause Young (Normal) (G1 Evacuation Pause) 154M->5M(256M) 3.711ms
[2025-03-04T23:46:43.406+0300][36.887s][info ][gc] GC(88) Pause Young (Normal) (G1 Evacuation Pause) 154M->3M(256M) 2.102ms
[2025-03-04T23:46:43.802+0300][37.283s][info ][gc] GC(89) Pause Young (Normal) (G1 Evacuation Pause) 154M->4M(256M) 2.923ms
[2025-03-04T23:46:44.216+0300][37.697s][info ][gc] GC(90) Pause Young (Normal) (G1 Evacuation Pause) 154M->2M(256M) 1.078ms
[2025-03-04T23:46:44.615+0300][38.097s][info ][gc] GC(91) Pause Young (Normal) (G1 Evacuation Pause) 154M->3M(256M) 2.195ms
[2025-03-04T23:46:45.013+0300][38.494s][info ][gc] GC(92) Pause Young (Normal) (G1 Evacuation Pause) 154M->5M(256M) 3.479ms
[2025-03-04T23:46:45.418+0300][38.898s][info ][gc] GC(93) Pause Young (Normal) (G1 Evacuation Pause) 155M->3M(256M) 1.605ms
[2025-03-04T23:46:45.815+0300][39.296s][info ][gc] GC(94) Pause Young (Normal) (G1 Evacuation Pause) 155M->4M(256M) 2.387ms
[2025-03-04T23:46:46.207+0300][39.688s][info ][gc] GC(95) Pause Young (Normal) (G1 Evacuation Pause) 154M->2M(256M) 0.731ms
[2025-03-04T23:46:46.601+0300][40.082s][info ][gc] GC(96) Pause Young (Normal) (G1 Evacuation Pause) 154M->3M(256M) 2.103ms
[2025-03-04T23:46:46.997+0300][40.478s][info ][gc] GC(97) Pause Young (Normal) (G1 Evacuation Pause) 154M->5M(256M) 3.155ms
[2025-03-04T23:46:47.394+0300][40.875s][info ][gc] GC(98) Pause Young (Normal) (G1 Evacuation Pause) 155M->3M(256M) 1.161ms
[2025-03-04T23:46:47.793+0300][41.274s][info ][gc] GC(99) Pause Young (Normal) (G1 Evacuation Pause) 155M->4M(256M) 2.733ms
[2025-03-04T23:46:48.187+0300][41.668s][info ][gc] GC(100) Pause Young (Normal) (G1 Evacuation Pause) 154M->5M(256M) 3.599ms
[2025-03-04T23:46:48.576+0300][42.057s][info ][gc] GC(101) Pause Young (Normal) (G1 Evacuation Pause) 154M->3M(256M) 1.893ms
[2025-03-04T23:46:48.973+0300][42.453s][info ][gc] GC(102) Pause Young (Normal) (G1 Evacuation Pause) 154M->4M(256M) 2.967ms
[2025-03-04T23:46:49.366+0300][42.847s][info ][gc] GC(103) Pause Young (Normal) (G1 Evacuation Pause) 154M->2M(256M) 1.056ms
[2025-03-04T23:46:49.765+0300][43.245s][info ][gc] GC(104) Pause Young (Normal) (G1 Evacuation Pause) 154M->3M(256M) 1.992ms
[2025-03-04T23:46:50.163+0300][43.644s][info ][gc] GC(105) Pause Young (Normal) (G1 Evacuation Pause) 154M->5M(256M) 3.315ms
[2025-03-04T23:46:50.552+0300][44.033s][info ][gc] GC(106) Pause Young (Normal) (G1 Evacuation Pause) 155M->3M(256M) 1.151ms
[2025-03-04T23:46:50.947+0300][44.428s][info ][gc] GC(107) Pause Young (Normal) (G1 Evacuation Pause) 155M->4M(256M) 2.684ms
[2025-03-04T23:46:51.342+0300][44.823s][info ][gc] GC(108) Pause Young (Normal) (G1 Evacuation Pause) 154M->2M(256M) 0.829ms
[2025-03-04T23:46:51.737+0300][45.218s][info ][gc] GC(109) Pause Young (Normal) (G1 Evacuation Pause) 154M->3M(256M) 2.055ms
[2025-03-04T23:46:52.132+0300][45.613s][info ][gc] GC(110) Pause Young (Normal) (G1 Evacuation Pause) 154M->5M(256M) 3.398ms
[2025-03-04T23:46:52.528+0300][46.008s][info ][gc] GC(111) Pause Young (Normal) (G1 Evacuation Pause) 155M->3M(256M) 1.170ms
[2025-03-04T23:46:52.986+0300][46.467s][info ][gc] GC(112) Pause Young (Normal) (G1 Evacuation Pause) 155M->4M(256M) 3.011ms
[2025-03-04T23:46:53.382+0300][46.862s][info ][gc] GC(113) Pause Young (Normal) (G1 Evacuation Pause) 154M->5M(256M) 3.705ms
[2025-03-04T23:46:53.771+0300][47.251s][info ][gc] GC(114) Pause Young (Normal) (G1 Evacuation Pause) 154M->3M(256M) 2.017ms
[2025-03-04T23:46:54.201+0300][47.681s][info ][gc] GC(115) Pause Young (Normal) (G1 Evacuation Pause) 154M->4M(256M) 3.082ms
[2025-03-04T23:46:54.756+0300][48.237s][info ][gc] GC(116) Pause Young (Normal) (G1 Evacuation Pause) 154M->2M(256M) 1.170ms
[2025-03-04T23:46:55.181+0300][48.662s][info ][gc] GC(117) Pause Young (Normal) (G1 Evacuation Pause) 154M->3M(256M) 2.314ms
[2025-03-04T23:46:55.577+0300][49.058s][info ][gc] GC(118) Pause Young (Normal) (G1 Evacuation Pause) 154M->5M(256M) 3.929ms
[2025-03-04T23:46:55.971+0300][49.452s][info ][gc] GC(119) Pause Young (Normal) (G1 Evacuation Pause) 155M->3M(256M) 1.240ms
[2025-03-04T23:46:56.366+0300][49.847s][info ][gc] GC(120) Pause Young (Normal) (G1 Evacuation Pause) 155M->4M(256M) 2.436ms
[2025-03-04T23:46:56.759+0300][50.240s][info ][gc] GC(121) Pause Young (Normal) (G1 Evacuation Pause) 154M->2M(256M) 0.794ms
[2025-03-04T23:46:57.156+0300][50.637s][info ][gc] GC(122) Pause Young (Normal) (G1 Evacuation Pause) 154M->3M(256M) 1.943ms
[2025-03-04T23:46:57.551+0300][51.032s][info ][gc] GC(123) Pause Young (Normal) (G1 Evacuation Pause) 154M->5M(256M) 3.461ms
[2025-03-04T23:46:57.944+0300][51.426s][info ][gc] GC(124) Pause Young (Normal) (G1 Evacuation Pause) 155M->3M(256M) 1.606ms
[2025-03-04T23:46:58.343+0300][51.824s][info ][gc] GC(125) Pause Young (Normal) (G1 Evacuation Pause) 155M->4M(256M) 2.258ms
[2025-03-04T23:46:58.737+0300][52.219s][info ][gc] GC(126) Pause Young (Normal) (G1 Evacuation Pause) 155M->5M(256M) 3.778ms
[2025-03-04T23:46:59.127+0300][52.608s][info ][gc] GC(127) Pause Young (Normal) (G1 Evacuation Pause) 154M->3M(256M) 1.812ms
[2025-03-04T23:46:59.523+0300][53.003s][info ][gc] GC(128) Pause Young (Normal) (G1 Evacuation Pause) 154M->4M(256M) 2.826ms
[2025-03-04T23:46:59.915+0300][53.396s][info ][gc] GC(129) Pause Young (Normal) (G1 Evacuation Pause) 154M->2M(256M) 0.849ms
[2025-03-04T23:47:00.315+0300][53.796s][info ][gc] GC(130) Pause Young (Normal) (G1 Evacuation Pause) 154M->4M(256M) 2.209ms
[2025-03-04T23:47:00.713+0300][54.194s][info ][gc] GC(131) Pause Young (Normal) (G1 Evacuation Pause) 155M->5M(256M) 3.204ms
[2025-03-04T23:47:01.158+0300][54.639s][info ][gc] GC(132) Pause Young (Normal) (G1 Evacuation Pause) 155M->3M(256M) 1.591ms
[2025-03-04T23:47:01.597+0300][55.078s][info ][gc] GC(133) Pause Young (Normal) (G1 Evacuation Pause) 155M->4M(256M) 2.628ms
[2025-03-04T23:47:01.990+0300][55.470s][info ][gc] GC(134) Pause Young (Normal) (G1 Evacuation Pause) 154M->2M(256M) 0.913ms
[2025-03-04T23:47:02.390+0300][55.871s][info ][gc] GC(135) Pause Young (Normal) (G1 Evacuation Pause) 154M->3M(256M) 1.968ms
[2025-03-04T23:47:02.796+0300][56.277s][info ][gc] GC(136) Pause Young (Normal) (G1 Evacuation Pause) 154M->5M(256M) 3.164ms
[2025-03-04T23:47:03.187+0300][56.668s][info ][gc] GC(137) Pause Young (Normal) (G1 Evacuation Pause) 155M->3M(256M) 1.288ms
[2025-03-04T23:47:03.585+0300][57.066s][info ][gc] GC(138) Pause Young (Normal) (G1 Evacuation Pause) 155M->4M(256M) 2.609ms
[2025-03-04T23:47:03.982+0300][57.463s][info ][gc] GC(139) Pause Young (Normal) (G1 Evacuation Pause) 154M->5M(256M) 3.933ms
[2025-03-04T23:47:04.370+0300][57.851s][info ][gc] GC(140) Pause Young (Normal) (G1 Evacuation Pause) 154M->3M(256M) 1.656ms
[2025-03-04T23:47:04.767+0300][58.248s][info ][gc] GC(141) Pause Young (Normal) (G1 Evacuation Pause) 154M->4M(256M) 2.950ms
[2025-03-04T23:47:05.159+0300][58.640s][info ][gc] GC(142) Pause Young (Normal) (G1 Evacuation Pause) 154M->2M(256M) 1.004ms
[2025-03-04T23:47:05.555+0300][59.037s][info ][gc] GC(143) Pause Young (Normal) (G1 Evacuation Pause) 154M->3M(256M) 2.423ms
[2025-03-04T23:47:05.953+0300][59.434s][info ][gc] GC(144) Pause Young (Normal) (G1 Evacuation Pause) 154M->5M(256M) 3.311ms
[2025-03-04T23:47:06.347+0300][59.828s][info ][gc] GC(145) Pause Young (Normal) (G1 Evacuation Pause) 155M->3M(256M) 1.304ms
[2025-03-04T23:47:06.746+0300][60.228s][info ][gc] GC(146) Pause Young (Normal) (G1 Evacuation Pause) 155M->4M(256M) 2.919ms
[2025-03-04T23:47:07.137+0300][60.618s][info ][gc] GC(147) Pause Young (Normal) (G1 Evacuation Pause) 154M->2M(256M) 0.899ms
[2025-03-04T23:47:07.532+0300][61.014s][info ][gc] GC(148) Pause Young (Normal) (G1 Evacuation Pause) 154M->3M(256M) 2.273ms
[2025-03-04T23:47:07.933+0300][61.414s][info ][gc] GC(149) Pause Young (Normal) (G1 Evacuation Pause) 154M->5M(256M) 3.302ms
[2025-03-04T23:47:08.327+0300][61.810s][info ][gc] GC(150) Pause Young (Normal) (G1 Evacuation Pause) 155M->3M(256M) 1.398ms
[2025-03-04T23:47:08.727+0300][62.208s][info ][gc] GC(151) Pause Young (Normal) (G1 Evacuation Pause) 155M->4M(256M) 2.651ms
[2025-03-04T23:47:09.121+0300][62.602s][info ][gc] GC(152) Pause Young (Normal) (G1 Evacuation Pause) 154M->5M(256M) 3.711ms
[2025-03-04T23:47:09.539+0300][63.020s][info ][gc] GC(153) Pause Young (Normal) (G1 Evacuation Pause) 154M->3M(256M) 1.811ms
[2025-03-04T23:47:09.973+0300][63.454s][info ][gc] GC(154) Pause Young (Normal) (G1 Evacuation Pause) 154M->4M(256M) 2.780ms
[2025-03-04T23:47:10.366+0300][63.847s][info ][gc] GC(155) Pause Young (Normal) (G1 Evacuation Pause) 154M->2M(256M) 1.023ms
[2025-03-04T23:47:10.765+0300][64.245s][info ][gc] GC(156) Pause Young (Normal) (G1 Evacuation Pause) 154M->3M(256M) 2.171ms
[2025-03-04T23:47:11.164+0300][64.645s][info ][gc] GC(157) Pause Young (Normal) (G1 Evacuation Pause) 154M->5M(256M) 3.371ms
[2025-03-04T23:47:11.559+0300][65.040s][info ][gc] GC(158) Pause Young (Normal) (G1 Evacuation Pause) 155M->3M(256M) 1.455ms
[2025-03-04T23:47:11.955+0300][65.435s][info ][gc] GC(159) Pause Young (Normal) (G1 Evacuation Pause) 155M->4M(256M) 2.671ms
[2025-03-04T23:47:12.347+0300][65.828s][info ][gc] GC(160) Pause Young (Normal) (G1 Evacuation Pause) 154M->2M(256M) 0.822ms
[2025-03-04T23:47:12.749+0300][66.229s][info ][gc] GC(161) Pause Young (Normal) (G1 Evacuation Pause) 154M->3M(256M) 2.422ms
[2025-03-04T23:47:13.143+0300][66.625s][info ][gc] GC(162) Pause Young (Normal) (G1 Evacuation Pause) 154M->5M(256M) 3.429ms
[2025-03-04T23:47:13.534+0300][67.015s][info ][gc] GC(163) Pause Young (Normal) (G1 Evacuation Pause) 155M->3M(256M) 1.136ms
[2025-03-04T23:47:13.934+0300][67.415s][info ][gc] GC(164) Pause Young (Normal) (G1 Evacuation Pause) 155M->4M(256M) 2.348ms
[2025-03-04T23:47:14.339+0300][67.819s][info ][gc] GC(165) Pause Young (Normal) (G1 Evacuation Pause) 154M->5M(256M) 3.718ms
[2025-03-04T23:47:14.727+0300][68.207s][info ][gc] GC(166) Pause Young (Normal) (G1 Evacuation Pause) 154M->3M(256M) 1.734ms
[2025-03-04T23:47:15.125+0300][68.606s][info ][gc] GC(167) Pause Young (Normal) (G1 Evacuation Pause) 154M->4M(256M) 2.783ms
[2025-03-04T23:47:15.516+0300][68.997s][info ][gc] GC(168) Pause Young (Normal) (G1 Evacuation Pause) 154M->2M(256M) 1.079ms
[2025-03-04T23:47:15.914+0300][69.395s][info ][gc] GC(169) Pause Young (Normal) (G1 Evacuation Pause) 154M->4M(256M) 2.275ms
[2025-03-04T23:47:16.315+0300][69.795s][info ][gc] GC(170) Pause Young (Normal) (G1 Evacuation Pause) 155M->5M(256M) 3.389ms
[2025-03-04T23:47:16.706+0300][70.187s][info ][gc] GC(171) Pause Young (Normal) (G1 Evacuation Pause) 155M->3M(256M) 1.447ms
[2025-03-04T23:47:17.126+0300][70.607s][info ][gc] GC(172) Pause Young (Normal) (G1 Evacuation Pause) 155M->4M(256M) 2.679ms
[2025-03-04T23:47:17.517+0300][70.997s][info ][gc] GC(173) Pause Young (Normal) (G1 Evacuation Pause) 154M->2M(256M) 0.766ms
[2025-03-04T23:47:17.913+0300][71.394s][info ][gc] GC(174) Pause Young (Normal) (G1 Evacuation Pause) 154M->3M(256M) 1.920ms
[2025-03-04T23:47:18.309+0300][71.789s][info ][gc] GC(175) Pause Young (Normal) (G1 Evacuation Pause) 154M->5M(256M) 3.892ms
[2025-03-04T23:47:18.700+0300][72.181s][info ][gc] GC(176) Pause Young (Normal) (G1 Evacuation Pause) 155M->3M(256M) 1.034ms
[2025-03-04T23:47:19.097+0300][72.579s][info ][gc] GC(177) Pause Young (Normal) (G1 Evacuation Pause) 155M->4M(256M) 2.500ms
[2025-03-04T23:47:19.496+0300][72.977s][info ][gc] GC(178) Pause Young (Normal) (G1 Evacuation Pause) 155M->5M(256M) 3.790ms
[2025-03-04T23:47:19.937+0300][73.418s][info ][gc] GC(179) Pause Young (Normal) (G1 Evacuation Pause) 154M->3M(256M) 1.521ms
[2025-03-04T23:47:20.332+0300][73.813s][info ][gc] GC(180) Pause Young (Normal) (G1 Evacuation Pause) 154M->4M(256M) 2.943ms
[2025-03-04T23:47:20.721+0300][74.203s][info ][gc] GC(181) Pause Young (Normal) (G1 Evacuation Pause) 154M->2M(256M) 0.883ms
[2025-03-04T23:47:21.120+0300][74.601s][info ][gc] GC(182) Pause Young (Normal) (G1 Evacuation Pause) 154M->4M(256M) 2.379ms
[2025-03-04T23:47:21.519+0300][74.999s][info ][gc] GC(183) Pause Young (Normal) (G1 Evacuation Pause) 155M->5M(256M) 3.273ms
[2025-03-04T23:47:21.910+0300][75.391s][info ][gc] GC(184) Pause Young (Normal) (G1 Evacuation Pause) 155M->3M(256M) 1.526ms
[2025-03-04T23:47:22.310+0300][75.791s][info ][gc] GC(185) Pause Young (Normal) (G1 Evacuation Pause) 155M->4M(256M) 3.336ms
[2025-03-04T23:47:22.704+0300][76.184s][info ][gc] GC(186) Pause Young (Normal) (G1 Evacuation Pause) 154M->2M(256M) 0.907ms
[2025-03-04T23:47:23.101+0300][76.582s][info ][gc] GC(187) Pause Young (Normal) (G1 Evacuation Pause) 154M->3M(256M) 2.252ms
[2025-03-04T23:47:23.496+0300][76.978s][info ][gc] GC(188) Pause Young (Normal) (G1 Evacuation Pause) 154M->5M(256M) 3.179ms
[2025-03-04T23:47:23.933+0300][77.414s][info ][gc] GC(189) Pause Young (Normal) (G1 Evacuation Pause) 155M->3M(256M) 1.128ms
[2025-03-04T23:47:24.376+0300][77.856s][info ][gc] GC(190) Pause Young (Normal) (G1 Evacuation Pause) 155M->4M(256M) 2.989ms
[2025-03-04T23:47:24.867+0300][78.348s][info ][gc] GC(191) Pause Young (Normal) (G1 Evacuation Pause) 154M->5M(256M) 3.572ms
[2025-03-04T23:47:25.260+0300][78.740s][info ][gc] GC(192) Pause Young (Normal) (G1 Evacuation Pause) 154M->3M(256M) 1.627ms
[2025-03-04T23:47:25.664+0300][79.144s][info ][gc] GC(193) Pause Young (Normal) (G1 Evacuation Pause) 154M->4M(256M) 2.856ms
[2025-03-04T23:47:26.070+0300][79.551s][info ][gc] GC(194) Pause Young (Normal) (G1 Evacuation Pause) 154M->2M(256M) 1.069ms
[2025-03-04T23:47:26.468+0300][79.948s][info ][gc] GC(195) Pause Young (Normal) (G1 Evacuation Pause) 154M->4M(256M) 2.193ms
[2025-03-04T23:47:26.863+0300][80.344s][info ][gc] GC(196) Pause Young (Normal) (G1 Evacuation Pause) 155M->5M(256M) 3.301ms
[2025-03-04T23:47:27.256+0300][80.736s][info ][gc] GC(197) Pause Young (Normal) (G1 Evacuation Pause) 155M->3M(256M) 1.207ms
[2025-03-04T23:47:27.653+0300][81.134s][info ][gc] GC(198) Pause Young (Normal) (G1 Evacuation Pause) 155M->4M(256M) 2.728ms
[2025-03-04T23:47:28.046+0300][81.527s][info ][gc] GC(199) Pause Young (Normal) (G1 Evacuation Pause) 154M->2M(256M) 0.744ms
[2025-03-04T23:47:28.444+0300][81.924s][info ][gc] GC(200) Pause Young (Normal) (G1 Evacuation Pause) 154M->3M(256M) 2.056ms
[2025-03-04T23:47:28.841+0300][82.322s][info ][gc] GC(201) Pause Young (Normal) (G1 Evacuation Pause) 154M->5M(256M) 3.618ms
[2025-03-04T23:47:29.237+0300][82.718s][info ][gc] GC(202) Pause Young (Normal) (G1 Evacuation Pause) 155M->3M(256M) 1.359ms
[2025-03-04T23:47:29.639+0300][83.120s][info ][gc] GC(203) Pause Young (Normal) (G1 Evacuation Pause) 155M->4M(256M) 2.828ms
[2025-03-04T23:47:30.033+0300][83.514s][info ][gc] GC(204) Pause Young (Normal) (G1 Evacuation Pause) 155M->2M(256M) 0.866ms
[2025-03-04T23:47:30.432+0300][83.913s][info ][gc] GC(205) Pause Young (Normal) (G1 Evacuation Pause) 154M->3M(256M) 2.061ms
[2025-03-04T23:47:30.832+0300][84.313s][info ][gc] GC(206) Pause Young (Normal) (G1 Evacuation Pause) 154M->5M(256M) 3.511ms
[2025-03-04T23:47:31.225+0300][84.706s][info ][gc] GC(207) Pause Young (Normal) (G1 Evacuation Pause) 155M->3M(256M) 1.207ms
[2025-03-04T23:47:31.622+0300][85.103s][info ][gc] GC(208) Pause Young (Normal) (G1 Evacuation Pause) 155M->4M(256M) 2.619ms
[2025-03-04T23:47:32.020+0300][85.500s][info ][gc] GC(209) Pause Young (Normal) (G1 Evacuation Pause) 155M->5M(256M) 3.813ms
[2025-03-04T23:47:32.405+0300][85.887s][info ][gc] GC(210) Pause Young (Normal) (G1 Evacuation Pause) 154M->3M(256M) 1.833ms
[2025-03-04T23:47:32.802+0300][86.283s][info ][gc] GC(211) Pause Young (Normal) (G1 Evacuation Pause) 154M->4M(256M) 2.821ms
[2025-03-04T23:47:33.194+0300][86.675s][info ][gc] GC(212) Pause Young (Normal) (G1 Evacuation Pause) 154M->2M(256M) 1.113ms
[2025-03-04T23:47:33.593+0300][87.074s][info ][gc] GC(213) Pause Young (Normal) (G1 Evacuation Pause) 154M->4M(256M) 2.066ms
[2025-03-04T23:47:33.990+0300][87.471s][info ][gc] GC(214) Pause Young (Normal) (G1 Evacuation Pause) 155M->5M(256M) 3.612ms
[2025-03-04T23:47:34.383+0300][87.864s][info ][gc] GC(215) Pause Young (Normal) (G1 Evacuation Pause) 155M->3M(256M) 1.228ms
[2025-03-04T23:47:34.781+0300][88.263s][info ][gc] GC(216) Pause Young (Normal) (G1 Evacuation Pause) 155M->4M(256M) 3.295ms
[2025-03-04T23:47:35.177+0300][88.657s][info ][gc] GC(217) Pause Young (Normal) (G1 Evacuation Pause) 154M->2M(256M) 0.907ms
[2025-03-04T23:47:35.574+0300][89.055s][info ][gc] GC(218) Pause Young (Normal) (G1 Evacuation Pause) 154M->3M(256M) 2.169ms
[2025-03-04T23:47:35.972+0300][89.453s][info ][gc] GC(219) Pause Young (Normal) (G1 Evacuation Pause) 154M->5M(256M) 3.287ms
[2025-03-04T23:47:36.365+0300][89.845s][info ][gc] GC(220) Pause Young (Normal) (G1 Evacuation Pause) 155M->3M(256M) 1.382ms
[2025-03-04T23:47:36.765+0300][90.246s][info ][gc] GC(221) Pause Young (Normal) (G1 Evacuation Pause) 155M->4M(256M) 2.619ms
[2025-03-04T23:47:37.156+0300][90.637s][info ][gc] GC(222) Pause Young (Normal) (G1 Evacuation Pause) 154M->5M(256M) 3.716ms
[2025-03-04T23:47:37.543+0300][91.024s][info ][gc] GC(223) Pause Young (Normal) (G1 Evacuation Pause) 154M->3M(256M) 1.913ms
[2025-03-04T23:47:37.942+0300][91.422s][info ][gc] GC(224) Pause Young (Normal) (G1 Evacuation Pause) 154M->4M(256M) 3.353ms
[2025-03-04T23:47:38.334+0300][91.815s][info ][gc] GC(225) Pause Young (Normal) (G1 Evacuation Pause) 154M->2M(256M) 1.101ms
[2025-03-04T23:47:38.729+0300][92.211s][info ][gc] GC(226) Pause Young (Normal) (G1 Evacuation Pause) 154M->4M(256M) 2.115ms
[2025-03-04T23:47:39.127+0300][92.608s][info ][gc] GC(227) Pause Young (Normal) (G1 Evacuation Pause) 155M->5M(256M) 3.544ms
[2025-03-04T23:47:39.543+0300][93.024s][info ][gc] GC(228) Pause Young (Normal) (G1 Evacuation Pause) 155M->3M(256M) 1.511ms
[2025-03-04T23:47:39.990+0300][93.470s][info ][gc] GC(229) Pause Young (Normal) (G1 Evacuation Pause) 155M->4M(256M) 2.915ms
[2025-03-04T23:47:40.382+0300][93.863s][info ][gc] GC(230) Pause Young (Normal) (G1 Evacuation Pause) 154M->2M(256M) 0.686ms
[2025-03-04T23:47:40.782+0300][94.263s][info ][gc] GC(231) Pause Young (Normal) (G1 Evacuation Pause) 154M->3M(256M) 2.013ms
[2025-03-04T23:47:41.180+0300][94.662s][info ][gc] GC(232) Pause Young (Normal) (G1 Evacuation Pause) 154M->5M(256M) 3.830ms
[2025-03-04T23:47:41.569+0300][95.050s][info ][gc] GC(233) Pause Young (Normal) (G1 Evacuation Pause) 155M->3M(256M) 1.316ms
[2025-03-04T23:47:41.966+0300][95.447s][info ][gc] GC(234) Pause Young (Normal) (G1 Evacuation Pause) 155M->4M(256M) 2.586ms
[2025-03-04T23:47:42.359+0300][95.840s][info ][gc] GC(235) Pause Young (Normal) (G1 Evacuation Pause) 154M->5M(256M) 3.735ms
[2025-03-04T23:47:42.746+0300][96.227s][info ][gc] GC(236) Pause Young (Normal) (G1 Evacuation Pause) 154M->3M(256M) 1.889ms
[2025-03-04T23:47:43.139+0300][96.620s][info ][gc] GC(237) Pause Young (Normal) (G1 Evacuation Pause) 154M->4M(256M) 3.312ms
[2025-03-04T23:47:43.529+0300][97.010s][info ][gc] GC(238) Pause Young (Normal) (G1 Evacuation Pause) 154M->2M(256M) 1.199ms
[2025-03-04T23:47:43.927+0300][97.408s][info ][gc] GC(239) Pause Young (Normal) (G1 Evacuation Pause) 154M->4M(256M) 2.197ms
[2025-03-04T23:47:44.330+0300][97.811s][info ][gc] GC(240) Pause Young (Normal) (G1 Evacuation Pause) 155M->5M(256M) 3.520ms
[2025-03-04T23:47:44.720+0300][98.201s][info ][gc] GC(241) Pause Young (Normal) (G1 Evacuation Pause) 155M->3M(256M) 1.659ms
[2025-03-04T23:47:45.116+0300][98.597s][info ][gc] GC(242) Pause Young (Normal) (G1 Evacuation Pause) 155M->4M(256M) 3.038ms
[2025-03-04T23:47:45.504+0300][98.985s][info ][gc] GC(243) Pause Young (Normal) (G1 Evacuation Pause) 154M->2M(256M) 0.811ms
[2025-03-04T23:47:45.899+0300][99.380s][info ][gc] GC(244) Pause Young (Normal) (G1 Evacuation Pause) 154M->3M(256M) 2.101ms
[2025-03-04T23:47:46.292+0300][99.773s][info ][gc] GC(245) Pause Young (Normal) (G1 Evacuation Pause) 154M->5M(256M) 3.485ms
[2025-03-04T23:47:46.684+0300][100.165s][info ][gc] GC(246) Pause Young (Normal) (G1 Evacuation Pause) 155M->3M(256M) 1.324ms
[2025-03-04T23:47:47.082+0300][100.563s][info ][gc] GC(247) Pause Young (Normal) (G1 Evacuation Pause) 155M->4M(256M) 2.631ms
[2025-03-04T23:47:47.523+0300][101.005s][info ][gc] GC(248) Pause Young (Normal) (G1 Evacuation Pause) 154M->5M(256M) 3.596ms
[2025-03-04T23:47:47.912+0300][101.393s][info ][gc] GC(249) Pause Young (Normal) (G1 Evacuation Pause) 154M->3M(256M) 1.879ms
[2025-03-04T23:47:48.311+0300][101.791s][info ][gc] GC(250) Pause Young (Normal) (G1 Evacuation Pause) 154M->4M(256M) 2.845ms
[2025-03-04T23:47:48.707+0300][102.188s][info ][gc] GC(251) Pause Young (Normal) (G1 Evacuation Pause) 154M->2M(256M) 1.025ms
[2025-03-04T23:47:49.104+0300][102.586s][info ][gc] GC(252) Pause Young (Normal) (G1 Evacuation Pause) 154M->3M(256M) 2.134ms
[2025-03-04T23:47:49.510+0300][102.991s][info ][gc] GC(253) Pause Young (Normal) (G1 Evacuation Pause) 154M->5M(256M) 3.542ms
[2025-03-04T23:47:49.901+0300][103.381s][info ][gc] GC(254) Pause Young (Normal) (G1 Evacuation Pause) 155M->3M(256M) 1.525ms
[2025-03-04T23:47:50.299+0300][103.779s][info ][gc] GC(255) Pause Young (Normal) (G1 Evacuation Pause) 155M->4M(256M) 2.677ms
[2025-03-04T23:47:50.702+0300][104.183s][info ][gc] GC(256) Pause Young (Normal) (G1 Evacuation Pause) 154M->2M(256M) 0.442ms
[2025-03-04T23:47:51.122+0300][104.604s][info ][gc] GC(257) Pause Young (Normal) (G1 Evacuation Pause) 154M->3M(256M) 1.845ms
[2025-03-04T23:47:51.541+0300][105.022s][info ][gc] GC(258) Pause Young (Normal) (G1 Evacuation Pause) 154M->5M(256M) 3.716ms
[2025-03-04T23:47:51.954+0300][105.434s][info ][gc] GC(259) Pause Young (Normal) (G1 Evacuation Pause) 155M->3M(256M) 1.180ms
