[2025-03-05T13:03:17.538+0300][0.013s][info][gc] Using G1
[2025-03-05T13:03:17.538+0300][0.014s][debug][gc] ConcGCThreads: 2 offset 16
[2025-03-05T13:03:17.538+0300][0.014s][debug][gc] ParallelGCThreads: 8
[2025-03-05T13:03:17.538+0300][0.014s][debug][gc] Initialize mark stack with 4096 chunks, maximum 524288
[2025-03-05T13:03:18.055+0300][0.529s][info ][gc] GC(0) Pause Young (Normal) (G1 Evacuation Pause) 23M->3M(256M) 3.456ms
[2025-03-05T13:03:18.233+0300][0.708s][info ][gc] GC(1) Pause Young (Normal) (G1 Evacuation Pause) 35M->3M(256M) 2.083ms
[2025-03-05T13:03:18.768+0300][1.243s][info ][gc] GC(2) Pause Young (Normal) (G1 Evacuation Pause) 154M->4M(256M) 2.677ms
[2025-03-05T13:03:19.199+0300][1.674s][info ][gc] GC(3) Pause Young (Normal) (G1 Evacuation Pause) 154M->5M(256M) 3.371ms
[2025-03-05T13:03:19.591+0300][2.067s][info ][gc] GC(4) Pause Young (Normal) (G1 Evacuation Pause) 154M->3M(256M) 1.593ms
[2025-03-05T13:03:19.985+0300][2.460s][info ][gc] GC(5) Pause Young (Normal) (G1 Evacuation Pause) 154M->4M(256M) 2.678ms
[2025-03-05T13:03:20.377+0300][2.853s][info ][gc] GC(6) Pause Young (Normal) (G1 Evacuation Pause) 154M->5M(256M) 3.511ms
[2025-03-05T13:03:20.761+0300][3.236s][info ][gc] GC(7) Pause Young (Normal) (G1 Evacuation Pause) 154M->3M(256M) 2.236ms
[2025-03-05T13:03:21.152+0300][3.628s][info ][gc] GC(8) Pause Young (Normal) (G1 Evacuation Pause) 154M->4M(256M) 4.622ms
[2025-03-05T13:03:21.540+0300][4.015s][info ][gc] GC(9) Pause Young (Normal) (G1 Evacuation Pause) 154M->2M(256M) 1.032ms
[2025-03-05T13:03:21.932+0300][4.407s][info ][gc] GC(10) Pause Young (Normal) (G1 Evacuation Pause) 154M->3M(256M) 2.965ms
[2025-03-05T13:03:22.325+0300][4.800s][info ][gc] GC(11) Pause Young (Normal) (G1 Evacuation Pause) 154M->5M(256M) 3.331ms
[2025-03-05T13:03:22.712+0300][5.187s][info ][gc] GC(12) Pause Young (Normal) (G1 Evacuation Pause) 154M->3M(256M) 1.457ms
[2025-03-05T13:03:23.102+0300][5.577s][info ][gc] GC(13) Pause Young (Normal) (G1 Evacuation Pause) 154M->4M(256M) 2.656ms
[2025-03-05T13:03:23.494+0300][5.969s][info ][gc] GC(14) Pause Young (Normal) (G1 Evacuation Pause) 154M->5M(256M) 3.435ms
[2025-03-05T13:03:23.878+0300][6.353s][info ][gc] GC(15) Pause Young (Normal) (G1 Evacuation Pause) 154M->3M(256M) 1.679ms
[2025-03-05T13:03:24.270+0300][6.745s][info ][gc] GC(16) Pause Young (Normal) (G1 Evacuation Pause) 154M->4M(256M) 2.865ms
[2025-03-05T13:03:24.658+0300][7.133s][info ][gc] GC(17) Pause Young (Normal) (G1 Evacuation Pause) 154M->2M(256M) 1.155ms
[2025-03-05T13:03:25.054+0300][7.529s][info ][gc] GC(18) Pause Young (Normal) (G1 Evacuation Pause) 154M->3M(256M) 2.216ms
[2025-03-05T13:03:25.449+0300][7.924s][info ][gc] GC(19) Pause Young (Normal) (G1 Evacuation Pause) 154M->5M(256M) 3.295ms
[2025-03-05T13:03:25.838+0300][8.313s][info ][gc] GC(20) Pause Young (Normal) (G1 Evacuation Pause) 155M->3M(256M) 1.363ms
[2025-03-05T13:03:26.234+0300][8.709s][info ][gc] GC(21) Pause Young (Normal) (G1 Evacuation Pause) 155M->4M(256M) 2.436ms
[2025-03-05T13:03:26.628+0300][9.103s][info ][gc] GC(22) Pause Young (Normal) (G1 Evacuation Pause) 154M->5M(256M) 3.861ms
[2025-03-05T13:03:27.017+0300][9.492s][info ][gc] GC(23) Pause Young (Normal) (G1 Evacuation Pause) 154M->3M(256M) 1.977ms
[2025-03-05T13:03:27.415+0300][9.890s][info ][gc] GC(24) Pause Young (Normal) (G1 Evacuation Pause) 154M->4M(256M) 2.926ms
[2025-03-05T13:03:27.803+0300][10.278s][info ][gc] GC(25) Pause Young (Normal) (G1 Evacuation Pause) 154M->2M(256M) 0.898ms
[2025-03-05T13:03:28.204+0300][10.679s][info ][gc] GC(26) Pause Young (Normal) (G1 Evacuation Pause) 154M->4M(256M) 2.361ms
[2025-03-05T13:03:28.596+0300][11.071s][info ][gc] GC(27) Pause Young (Normal) (G1 Evacuation Pause) 155M->5M(256M) 3.785ms
[2025-03-05T13:03:28.985+0300][11.460s][info ][gc] GC(28) Pause Young (Normal) (G1 Evacuation Pause) 155M->3M(256M) 1.556ms
[2025-03-05T13:03:29.385+0300][11.860s][info ][gc] GC(29) Pause Young (Normal) (G1 Evacuation Pause) 155M->4M(256M) 2.836ms
[2025-03-05T13:03:29.772+0300][12.246s][info ][gc] GC(30) Pause Young (Normal) (G1 Evacuation Pause) 154M->2M(256M) 1.029ms
[2025-03-05T13:03:30.166+0300][12.640s][info ][gc] GC(31) Pause Young (Normal) (G1 Evacuation Pause) 154M->3M(256M) 1.963ms
[2025-03-05T13:03:30.559+0300][13.035s][info ][gc] GC(32) Pause Young (Normal) (G1 Evacuation Pause) 154M->5M(256M) 3.348ms
[2025-03-05T13:03:30.948+0300][13.422s][info ][gc] GC(33) Pause Young (Normal) (G1 Evacuation Pause) 155M->3M(256M) 1.242ms
[2025-03-05T13:03:31.349+0300][13.824s][info ][gc] GC(34) Pause Young (Normal) (G1 Evacuation Pause) 155M->4M(256M) 2.618ms
[2025-03-05T13:03:31.742+0300][14.217s][info ][gc] GC(35) Pause Young (Normal) (G1 Evacuation Pause) 154M->5M(256M) 3.789ms
[2025-03-05T13:03:32.129+0300][14.604s][info ][gc] GC(36) Pause Young (Normal) (G1 Evacuation Pause) 154M->3M(256M) 1.623ms
[2025-03-05T13:03:32.522+0300][14.998s][info ][gc] GC(37) Pause Young (Normal) (G1 Evacuation Pause) 154M->4M(256M) 2.820ms
[2025-03-05T13:03:32.910+0300][15.385s][info ][gc] GC(38) Pause Young (Normal) (G1 Evacuation Pause) 154M->2M(256M) 1.149ms
[2025-03-05T13:03:33.305+0300][15.780s][info ][gc] GC(39) Pause Young (Normal) (G1 Evacuation Pause) 154M->4M(256M) 2.255ms
[2025-03-05T13:03:33.697+0300][16.172s][info ][gc] GC(40) Pause Young (Normal) (G1 Evacuation Pause) 155M->5M(256M) 3.799ms
[2025-03-05T13:03:34.101+0300][16.576s][info ][gc] GC(41) Pause Young (Normal) (G1 Evacuation Pause) 155M->3M(256M) 1.728ms
[2025-03-05T13:03:34.504+0300][16.978s][info ][gc] GC(42) Pause Young (Normal) (G1 Evacuation Pause) 155M->4M(256M) 2.824ms
[2025-03-05T13:03:34.893+0300][17.368s][info ][gc] GC(43) Pause Young (Normal) (G1 Evacuation Pause) 154M->2M(256M) 0.917ms
[2025-03-05T13:03:35.292+0300][17.768s][info ][gc] GC(44) Pause Young (Normal) (G1 Evacuation Pause) 154M->3M(256M) 2.073ms
[2025-03-05T13:03:35.685+0300][18.160s][info ][gc] GC(45) Pause Young (Normal) (G1 Evacuation Pause) 154M->5M(256M) 3.285ms
[2025-03-05T13:03:36.130+0300][18.605s][info ][gc] GC(46) Pause Young (Normal) (G1 Evacuation Pause) 155M->3M(256M) 1.415ms
[2025-03-05T13:03:36.526+0300][19.001s][info ][gc] GC(47) Pause Young (Normal) (G1 Evacuation Pause) 155M->4M(256M) 2.732ms
[2025-03-05T13:03:36.921+0300][19.396s][info ][gc] GC(48) Pause Young (Normal) (G1 Evacuation Pause) 154M->5M(256M) 3.841ms
[2025-03-05T13:03:37.312+0300][19.787s][info ][gc] GC(49) Pause Young (Normal) (G1 Evacuation Pause) 154M->3M(256M) 1.764ms
[2025-03-05T13:03:37.704+0300][20.178s][info ][gc] GC(50) Pause Young (Normal) (G1 Evacuation Pause) 154M->4M(256M) 2.678ms
[2025-03-05T13:03:38.094+0300][20.568s][info ][gc] GC(51) Pause Young (Normal) (G1 Evacuation Pause) 154M->2M(256M) 1.068ms
[2025-03-05T13:03:38.490+0300][20.966s][info ][gc] GC(52) Pause Young (Normal) (G1 Evacuation Pause) 154M->4M(256M) 2.278ms
[2025-03-05T13:03:38.884+0300][21.359s][info ][gc] GC(53) Pause Young (Normal) (G1 Evacuation Pause) 155M->5M(256M) 3.283ms
[2025-03-05T13:03:39.275+0300][21.751s][info ][gc] GC(54) Pause Young (Normal) (G1 Evacuation Pause) 155M->3M(256M) 1.503ms
[2025-03-05T13:03:39.690+0300][22.166s][info ][gc] GC(55) Pause Young (Normal) (G1 Evacuation Pause) 155M->4M(256M) 2.935ms
[2025-03-05T13:03:40.084+0300][22.559s][info ][gc] GC(56) Pause Young (Normal) (G1 Evacuation Pause) 154M->2M(256M) 0.920ms
[2025-03-05T13:03:40.480+0300][22.956s][info ][gc] GC(57) Pause Young (Normal) (G1 Evacuation Pause) 154M->3M(256M) 2.235ms
[2025-03-05T13:03:40.874+0300][23.348s][info ][gc] GC(58) Pause Young (Normal) (G1 Evacuation Pause) 154M->5M(256M) 3.441ms
[2025-03-05T13:03:41.264+0300][23.739s][info ][gc] GC(59) Pause Young (Normal) (G1 Evacuation Pause) 155M->3M(256M) 1.183ms
[2025-03-05T13:03:41.658+0300][24.134s][info ][gc] GC(60) Pause Young (Normal) (G1 Evacuation Pause) 155M->4M(256M) 2.723ms
[2025-03-05T13:03:42.051+0300][24.526s][info ][gc] GC(61) Pause Young (Normal) (G1 Evacuation Pause) 154M->5M(256M) 3.779ms
[2025-03-05T13:03:42.436+0300][24.911s][info ][gc] GC(62) Pause Young (Normal) (G1 Evacuation Pause) 154M->3M(256M) 1.700ms
[2025-03-05T13:03:42.842+0300][25.317s][info ][gc] GC(63) Pause Young (Normal) (G1 Evacuation Pause) 154M->4M(256M) 2.891ms
[2025-03-05T13:03:43.256+0300][25.731s][info ][gc] GC(64) Pause Young (Normal) (G1 Evacuation Pause) 154M->2M(256M) 0.775ms
[2025-03-05T13:03:43.674+0300][26.150s][info ][gc] GC(65) Pause Young (Normal) (G1 Evacuation Pause) 154M->4M(256M) 2.356ms
[2025-03-05T13:03:44.090+0300][26.564s][info ][gc] GC(66) Pause Young (Normal) (G1 Evacuation Pause) 155M->5M(256M) 3.448ms
[2025-03-05T13:03:44.489+0300][26.963s][info ][gc] GC(67) Pause Young (Normal) (G1 Evacuation Pause) 155M->3M(256M) 1.197ms
[2025-03-05T13:03:44.892+0300][27.367s][info ][gc] GC(68) Pause Young (Normal) (G1 Evacuation Pause) 155M->4M(256M) 2.927ms
[2025-03-05T13:03:45.306+0300][27.780s][info ][gc] GC(69) Pause Young (Normal) (G1 Evacuation Pause) 154M->2M(256M) 0.742ms
[2025-03-05T13:03:45.719+0300][28.194s][info ][gc] GC(70) Pause Young (Normal) (G1 Evacuation Pause) 154M->3M(256M) 1.943ms
[2025-03-05T13:03:46.159+0300][28.634s][info ][gc] GC(71) Pause Young (Normal) (G1 Evacuation Pause) 154M->5M(256M) 3.694ms
[2025-03-05T13:03:46.560+0300][29.034s][info ][gc] GC(72) Pause Young (Normal) (G1 Evacuation Pause) 155M->3M(256M) 1.253ms
[2025-03-05T13:03:46.958+0300][29.433s][info ][gc] GC(73) Pause Young (Normal) (G1 Evacuation Pause) 155M->4M(256M) 2.436ms
[2025-03-05T13:03:47.367+0300][29.842s][info ][gc] GC(74) Pause Young (Normal) (G1 Evacuation Pause) 155M->5M(256M) 3.796ms
[2025-03-05T13:03:47.756+0300][30.231s][info ][gc] GC(75) Pause Young (Normal) (G1 Evacuation Pause) 154M->3M(256M) 1.899ms
[2025-03-05T13:03:48.157+0300][30.632s][info ][gc] GC(76) Pause Young (Normal) (G1 Evacuation Pause) 154M->4M(256M) 2.988ms
[2025-03-05T13:03:48.568+0300][31.043s][info ][gc] GC(77) Pause Young (Normal) (G1 Evacuation Pause) 154M->2M(256M) 1.040ms
[2025-03-05T13:03:48.996+0300][31.470s][info ][gc] GC(78) Pause Young (Normal) (G1 Evacuation Pause) 154M->4M(256M) 2.609ms
[2025-03-05T13:03:49.402+0300][31.877s][info ][gc] GC(79) Pause Young (Normal) (G1 Evacuation Pause) 155M->5M(256M) 3.668ms
[2025-03-05T13:03:49.796+0300][32.271s][info ][gc] GC(80) Pause Young (Normal) (G1 Evacuation Pause) 155M->3M(256M) 1.429ms
[2025-03-05T13:03:50.204+0300][32.678s][info ][gc] GC(81) Pause Young (Normal) (G1 Evacuation Pause) 155M->4M(256M) 2.894ms
[2025-03-05T13:03:50.617+0300][33.092s][info ][gc] GC(82) Pause Young (Normal) (G1 Evacuation Pause) 154M->2M(256M) 0.994ms
[2025-03-05T13:03:51.030+0300][33.505s][info ][gc] GC(83) Pause Young (Normal) (G1 Evacuation Pause) 154M->3M(256M) 2.178ms
[2025-03-05T13:03:51.428+0300][33.902s][info ][gc] GC(84) Pause Young (Normal) (G1 Evacuation Pause) 154M->5M(256M) 3.040ms
[2025-03-05T13:03:51.827+0300][34.302s][info ][gc] GC(85) Pause Young (Normal) (G1 Evacuation Pause) 155M->3M(256M) 1.117ms
[2025-03-05T13:03:52.241+0300][34.717s][info ][gc] GC(86) Pause Young (Normal) (G1 Evacuation Pause) 155M->4M(256M) 2.904ms
[2025-03-05T13:03:52.647+0300][35.122s][info ][gc] GC(87) Pause Young (Normal) (G1 Evacuation Pause) 154M->5M(256M) 3.995ms
[2025-03-05T13:03:53.057+0300][35.532s][info ][gc] GC(88) Pause Young (Normal) (G1 Evacuation Pause) 154M->3M(256M) 1.625ms
[2025-03-05T13:03:53.457+0300][35.931s][info ][gc] GC(89) Pause Young (Normal) (G1 Evacuation Pause) 154M->4M(256M) 2.990ms
[2025-03-05T13:03:53.920+0300][36.395s][info ][gc] GC(90) Pause Young (Normal) (G1 Evacuation Pause) 154M->2M(256M) 1.319ms
[2025-03-05T13:03:54.424+0300][36.899s][info ][gc] GC(91) Pause Young (Normal) (G1 Evacuation Pause) 154M->4M(256M) 2.425ms
[2025-03-05T13:03:54.839+0300][37.314s][info ][gc] GC(92) Pause Young (Normal) (G1 Evacuation Pause) 155M->5M(256M) 4.264ms
[2025-03-05T13:03:55.272+0300][37.747s][info ][gc] GC(93) Pause Young (Normal) (G1 Evacuation Pause) 155M->3M(256M) 1.332ms
[2025-03-05T13:03:55.688+0300][38.163s][info ][gc] GC(94) Pause Young (Normal) (G1 Evacuation Pause) 155M->4M(256M) 2.752ms
[2025-03-05T13:03:56.088+0300][38.563s][info ][gc] GC(95) Pause Young (Normal) (G1 Evacuation Pause) 154M->2M(256M) 0.910ms
[2025-03-05T13:03:56.549+0300][39.024s][info ][gc] GC(96) Pause Young (Normal) (G1 Evacuation Pause) 154M->3M(256M) 2.245ms
[2025-03-05T13:03:56.954+0300][39.429s][info ][gc] GC(97) Pause Young (Normal) (G1 Evacuation Pause) 154M->5M(256M) 3.210ms
[2025-03-05T13:03:57.346+0300][39.821s][info ][gc] GC(98) Pause Young (Normal) (G1 Evacuation Pause) 155M->3M(256M) 1.391ms
[2025-03-05T13:03:57.742+0300][40.216s][info ][gc] GC(99) Pause Young (Normal) (G1 Evacuation Pause) 155M->4M(256M) 2.691ms
[2025-03-05T13:03:58.145+0300][40.620s][info ][gc] GC(100) Pause Young (Normal) (G1 Evacuation Pause) 154M->5M(256M) 3.525ms
[2025-03-05T13:03:58.534+0300][41.010s][info ][gc] GC(101) Pause Young (Normal) (G1 Evacuation Pause) 154M->3M(256M) 1.799ms
[2025-03-05T13:03:58.934+0300][41.410s][info ][gc] GC(102) Pause Young (Normal) (G1 Evacuation Pause) 154M->4M(256M) 2.818ms
[2025-03-05T13:03:59.329+0300][41.803s][info ][gc] GC(103) Pause Young (Normal) (G1 Evacuation Pause) 154M->2M(256M) 1.115ms
[2025-03-05T13:03:59.725+0300][42.200s][info ][gc] GC(104) Pause Young (Normal) (G1 Evacuation Pause) 154M->4M(256M) 2.287ms
[2025-03-05T13:04:00.123+0300][42.598s][info ][gc] GC(105) Pause Young (Normal) (G1 Evacuation Pause) 155M->5M(256M) 3.586ms
[2025-03-05T13:04:00.516+0300][42.991s][info ][gc] GC(106) Pause Young (Normal) (G1 Evacuation Pause) 155M->3M(256M) 1.458ms
[2025-03-05T13:04:00.915+0300][43.390s][info ][gc] GC(107) Pause Young (Normal) (G1 Evacuation Pause) 155M->4M(256M) 2.820ms
[2025-03-05T13:04:01.306+0300][43.781s][info ][gc] GC(108) Pause Young (Normal) (G1 Evacuation Pause) 154M->2M(256M) 1.039ms
[2025-03-05T13:04:01.707+0300][44.183s][info ][gc] GC(109) Pause Young (Normal) (G1 Evacuation Pause) 154M->3M(256M) 2.254ms
[2025-03-05T13:04:02.106+0300][44.581s][info ][gc] GC(110) Pause Young (Normal) (G1 Evacuation Pause) 154M->5M(256M) 3.186ms
[2025-03-05T13:04:02.497+0300][44.972s][info ][gc] GC(111) Pause Young (Normal) (G1 Evacuation Pause) 155M->3M(256M) 1.374ms
[2025-03-05T13:04:02.896+0300][45.371s][info ][gc] GC(112) Pause Young (Normal) (G1 Evacuation Pause) 155M->4M(256M) 3.002ms
[2025-03-05T13:04:03.290+0300][45.766s][info ][gc] GC(113) Pause Young (Normal) (G1 Evacuation Pause) 154M->5M(256M) 4.330ms
[2025-03-05T13:04:03.716+0300][46.191s][info ][gc] GC(114) Pause Young (Normal) (G1 Evacuation Pause) 154M->3M(256M) 1.562ms
[2025-03-05T13:04:04.128+0300][46.603s][info ][gc] GC(115) Pause Young (Normal) (G1 Evacuation Pause) 154M->4M(256M) 2.856ms
[2025-03-05T13:04:04.545+0300][47.020s][info ][gc] GC(116) Pause Young (Normal) (G1 Evacuation Pause) 154M->2M(256M) 0.714ms
[2025-03-05T13:04:04.952+0300][47.427s][info ][gc] GC(117) Pause Young (Normal) (G1 Evacuation Pause) 154M->3M(256M) 2.509ms
[2025-03-05T13:04:05.372+0300][47.848s][info ][gc] GC(118) Pause Young (Normal) (G1 Evacuation Pause) 154M->5M(256M) 3.391ms
[2025-03-05T13:04:05.786+0300][48.261s][info ][gc] GC(119) Pause Young (Normal) (G1 Evacuation Pause) 155M->3M(256M) 1.195ms
[2025-03-05T13:04:06.204+0300][48.679s][info ][gc] GC(120) Pause Young (Normal) (G1 Evacuation Pause) 155M->4M(256M) 2.597ms
[2025-03-05T13:04:06.607+0300][49.082s][info ][gc] GC(121) Pause Young (Normal) (G1 Evacuation Pause) 154M->2M(256M) 0.923ms
[2025-03-05T13:04:07.011+0300][49.486s][info ][gc] GC(122) Pause Young (Normal) (G1 Evacuation Pause) 154M->3M(256M) 2.013ms
[2025-03-05T13:04:07.425+0300][49.899s][info ][gc] GC(123) Pause Young (Normal) (G1 Evacuation Pause) 154M->5M(256M) 3.590ms
[2025-03-05T13:04:07.834+0300][50.309s][info ][gc] GC(124) Pause Young (Normal) (G1 Evacuation Pause) 155M->3M(256M) 1.318ms
[2025-03-05T13:04:08.244+0300][50.719s][info ][gc] GC(125) Pause Young (Normal) (G1 Evacuation Pause) 155M->4M(256M) 2.361ms
[2025-03-05T13:04:08.640+0300][51.116s][info ][gc] GC(126) Pause Young (Normal) (G1 Evacuation Pause) 154M->5M(256M) 3.885ms
[2025-03-05T13:04:09.037+0300][51.512s][info ][gc] GC(127) Pause Young (Normal) (G1 Evacuation Pause) 154M->3M(256M) 1.724ms
[2025-03-05T13:04:09.444+0300][51.919s][info ][gc] GC(128) Pause Young (Normal) (G1 Evacuation Pause) 154M->4M(256M) 2.884ms
[2025-03-05T13:04:09.872+0300][52.347s][info ][gc] GC(129) Pause Young (Normal) (G1 Evacuation Pause) 154M->2M(256M) 0.814ms
[2025-03-05T13:04:10.292+0300][52.767s][info ][gc] GC(130) Pause Young (Normal) (G1 Evacuation Pause) 154M->4M(256M) 2.076ms
[2025-03-05T13:04:10.724+0300][53.199s][info ][gc] GC(131) Pause Young (Normal) (G1 Evacuation Pause) 155M->5M(256M) 3.441ms
[2025-03-05T13:04:11.129+0300][53.604s][info ][gc] GC(132) Pause Young (Normal) (G1 Evacuation Pause) 155M->3M(256M) 1.590ms
[2025-03-05T13:04:11.527+0300][54.001s][info ][gc] GC(133) Pause Young (Normal) (G1 Evacuation Pause) 155M->4M(256M) 2.417ms
[2025-03-05T13:04:11.935+0300][54.410s][info ][gc] GC(134) Pause Young (Normal) (G1 Evacuation Pause) 154M->2M(256M) 0.877ms
[2025-03-05T13:04:12.396+0300][54.871s][info ][gc] GC(135) Pause Young (Normal) (G1 Evacuation Pause) 154M->3M(256M) 2.291ms
[2025-03-05T13:04:13.028+0300][55.502s][info ][gc] GC(136) Pause Young (Normal) (G1 Evacuation Pause) 154M->5M(256M) 3.581ms
[2025-03-05T13:04:13.433+0300][55.908s][info ][gc] GC(137) Pause Young (Normal) (G1 Evacuation Pause) 155M->3M(256M) 1.318ms
[2025-03-05T13:04:13.831+0300][56.307s][info ][gc] GC(138) Pause Young (Normal) (G1 Evacuation Pause) 155M->4M(256M) 2.858ms
[2025-03-05T13:04:14.249+0300][56.723s][info ][gc] GC(139) Pause Young (Normal) (G1 Evacuation Pause) 154M->5M(256M) 4.027ms
[2025-03-05T13:04:14.649+0300][57.123s][info ][gc] GC(140) Pause Young (Normal) (G1 Evacuation Pause) 154M->3M(256M) 1.735ms
[2025-03-05T13:04:15.052+0300][57.526s][info ][gc] GC(141) Pause Young (Normal) (G1 Evacuation Pause) 154M->4M(256M) 3.031ms
[2025-03-05T13:04:15.493+0300][57.967s][info ][gc] GC(142) Pause Young (Normal) (G1 Evacuation Pause) 154M->2M(256M) 0.790ms
[2025-03-05T13:04:16.108+0300][58.583s][info ][gc] GC(143) Pause Young (Normal) (G1 Evacuation Pause) 154M->4M(256M) 2.353ms
[2025-03-05T13:04:16.636+0300][59.111s][info ][gc] GC(144) Pause Young (Normal) (G1 Evacuation Pause) 155M->5M(256M) 3.791ms
[2025-03-05T13:04:17.027+0300][59.502s][info ][gc] GC(145) Pause Young (Normal) (G1 Evacuation Pause) 155M->3M(256M) 1.461ms
[2025-03-05T13:04:17.426+0300][59.902s][info ][gc] GC(146) Pause Young (Normal) (G1 Evacuation Pause) 155M->4M(256M) 2.819ms
[2025-03-05T13:04:17.826+0300][60.301s][info ][gc] GC(147) Pause Young (Normal) (G1 Evacuation Pause) 154M->2M(256M) 0.508ms
[2025-03-05T13:04:18.220+0300][60.696s][info ][gc] GC(148) Pause Young (Normal) (G1 Evacuation Pause) 154M->3M(256M) 2.057ms
[2025-03-05T13:04:18.619+0300][61.095s][info ][gc] GC(149) Pause Young (Normal) (G1 Evacuation Pause) 154M->5M(256M) 2.998ms
[2025-03-05T13:04:19.007+0300][61.482s][info ][gc] GC(150) Pause Young (Normal) (G1 Evacuation Pause) 155M->3M(256M) 1.050ms
[2025-03-05T13:04:19.399+0300][61.874s][info ][gc] GC(151) Pause Young (Normal) (G1 Evacuation Pause) 155M->4M(256M) 2.250ms
[2025-03-05T13:04:19.831+0300][62.307s][info ][gc] GC(152) Pause Young (Normal) (G1 Evacuation Pause) 155M->5M(256M) 4.261ms
[2025-03-05T13:04:20.302+0300][62.777s][info ][gc] GC(153) Pause Young (Normal) (G1 Evacuation Pause) 154M->3M(256M) 2.037ms
[2025-03-05T13:04:20.909+0300][63.384s][info ][gc] GC(154) Pause Young (Normal) (G1 Evacuation Pause) 154M->4M(256M) 2.792ms
[2025-03-05T13:04:21.311+0300][63.786s][info ][gc] GC(155) Pause Young (Normal) (G1 Evacuation Pause) 154M->2M(256M) 1.105ms
[2025-03-05T13:04:21.710+0300][64.185s][info ][gc] GC(156) Pause Young (Normal) (G1 Evacuation Pause) 154M->3M(256M) 2.279ms
[2025-03-05T13:04:22.247+0300][64.722s][info ][gc] GC(157) Pause Young (Normal) (G1 Evacuation Pause) 154M->5M(256M) 3.188ms
[2025-03-05T13:04:22.637+0300][65.112s][info ][gc] GC(158) Pause Young (Normal) (G1 Evacuation Pause) 155M->3M(256M) 1.423ms
[2025-03-05T13:04:23.044+0300][65.519s][info ][gc] GC(159) Pause Young (Normal) (G1 Evacuation Pause) 155M->4M(256M) 2.857ms
[2025-03-05T13:04:23.458+0300][65.933s][info ][gc] GC(160) Pause Young (Normal) (G1 Evacuation Pause) 154M->2M(256M) 0.804ms
[2025-03-05T13:04:23.854+0300][66.328s][info ][gc] GC(161) Pause Young (Normal) (G1 Evacuation Pause) 154M->3M(256M) 2.036ms
[2025-03-05T13:04:24.246+0300][66.721s][info ][gc] GC(162) Pause Young (Normal) (G1 Evacuation Pause) 154M->5M(256M) 3.275ms
[2025-03-05T13:04:24.636+0300][67.111s][info ][gc] GC(163) Pause Young (Normal) (G1 Evacuation Pause) 155M->3M(256M) 1.284ms
[2025-03-05T13:04:25.036+0300][67.511s][info ][gc] GC(164) Pause Young (Normal) (G1 Evacuation Pause) 155M->4M(256M) 2.669ms
[2025-03-05T13:04:25.428+0300][67.903s][info ][gc] GC(165) Pause Young (Normal) (G1 Evacuation Pause) 154M->5M(256M) 3.638ms
[2025-03-05T13:04:25.816+0300][68.291s][info ][gc] GC(166) Pause Young (Normal) (G1 Evacuation Pause) 154M->3M(256M) 1.762ms
[2025-03-05T13:04:26.212+0300][68.686s][info ][gc] GC(167) Pause Young (Normal) (G1 Evacuation Pause) 154M->4M(256M) 3.062ms
[2025-03-05T13:04:26.599+0300][69.074s][info ][gc] GC(168) Pause Young (Normal) (G1 Evacuation Pause) 154M->2M(256M) 0.845ms
[2025-03-05T13:04:27.002+0300][69.477s][info ][gc] GC(169) Pause Young (Normal) (G1 Evacuation Pause) 154M->3M(256M) 2.161ms
[2025-03-05T13:04:27.397+0300][69.873s][info ][gc] GC(170) Pause Young (Normal) (G1 Evacuation Pause) 154M->5M(256M) 3.970ms
[2025-03-05T13:04:27.792+0300][70.267s][info ][gc] GC(171) Pause Young (Normal) (G1 Evacuation Pause) 155M->3M(256M) 1.270ms
[2025-03-05T13:04:28.186+0300][70.661s][info ][gc] GC(172) Pause Young (Normal) (G1 Evacuation Pause) 155M->4M(256M) 2.825ms
[2025-03-05T13:04:28.574+0300][71.049s][info ][gc] GC(173) Pause Young (Normal) (G1 Evacuation Pause) 154M->2M(256M) 0.797ms
[2025-03-05T13:04:28.974+0300][71.449s][info ][gc] GC(174) Pause Young (Normal) (G1 Evacuation Pause) 154M->3M(256M) 1.975ms
[2025-03-05T13:04:29.369+0300][71.843s][info ][gc] GC(175) Pause Young (Normal) (G1 Evacuation Pause) 154M->5M(256M) 3.316ms
[2025-03-05T13:04:29.758+0300][72.233s][info ][gc] GC(176) Pause Young (Normal) (G1 Evacuation Pause) 155M->3M(256M) 1.138ms
[2025-03-05T13:04:30.160+0300][72.634s][info ][gc] GC(177) Pause Young (Normal) (G1 Evacuation Pause) 155M->4M(256M) 2.408ms
[2025-03-05T13:04:30.556+0300][73.031s][info ][gc] GC(178) Pause Young (Normal) (G1 Evacuation Pause) 155M->5M(256M) 3.770ms
[2025-03-05T13:04:30.943+0300][73.417s][info ][gc] GC(179) Pause Young (Normal) (G1 Evacuation Pause) 154M->3M(256M) 1.673ms
[2025-03-05T13:04:31.336+0300][73.811s][info ][gc] GC(180) Pause Young (Normal) (G1 Evacuation Pause) 154M->4M(256M) 2.944ms
[2025-03-05T13:04:31.727+0300][74.202s][info ][gc] GC(181) Pause Young (Normal) (G1 Evacuation Pause) 154M->2M(256M) 0.992ms
[2025-03-05T13:04:32.122+0300][74.597s][info ][gc] GC(182) Pause Young (Normal) (G1 Evacuation Pause) 154M->4M(256M) 2.214ms
[2025-03-05T13:04:32.516+0300][74.991s][info ][gc] GC(183) Pause Young (Normal) (G1 Evacuation Pause) 155M->5M(256M) 3.450ms
[2025-03-05T13:04:32.908+0300][75.383s][info ][gc] GC(184) Pause Young (Normal) (G1 Evacuation Pause) 155M->3M(256M) 1.090ms
[2025-03-05T13:04:33.304+0300][75.780s][info ][gc] GC(185) Pause Young (Normal) (G1 Evacuation Pause) 155M->4M(256M) 2.773ms
[2025-03-05T13:04:33.692+0300][76.167s][info ][gc] GC(186) Pause Young (Normal) (G1 Evacuation Pause) 154M->2M(256M) 1.016ms
[2025-03-05T13:04:34.091+0300][76.566s][info ][gc] GC(187) Pause Young (Normal) (G1 Evacuation Pause) 154M->3M(256M) 2.344ms
[2025-03-05T13:04:34.484+0300][76.960s][info ][gc] GC(188) Pause Young (Normal) (G1 Evacuation Pause) 154M->5M(256M) 3.216ms
[2025-03-05T13:04:34.875+0300][77.349s][info ][gc] GC(189) Pause Young (Normal) (G1 Evacuation Pause) 155M->3M(256M) 1.355ms
[2025-03-05T13:04:35.272+0300][77.748s][info ][gc] GC(190) Pause Young (Normal) (G1 Evacuation Pause) 155M->4M(256M) 2.485ms
[2025-03-05T13:04:35.663+0300][78.138s][info ][gc] GC(191) Pause Young (Normal) (G1 Evacuation Pause) 154M->5M(256M) 3.843ms
[2025-03-05T13:04:36.050+0300][78.525s][info ][gc] GC(192) Pause Young (Normal) (G1 Evacuation Pause) 154M->3M(256M) 1.786ms
[2025-03-05T13:04:36.440+0300][78.915s][info ][gc] GC(193) Pause Young (Normal) (G1 Evacuation Pause) 154M->4M(256M) 3.141ms
[2025-03-05T13:04:36.827+0300][79.301s][info ][gc] GC(194) Pause Young (Normal) (G1 Evacuation Pause) 154M->2M(256M) 1.045ms
[2025-03-05T13:04:37.223+0300][79.698s][info ][gc] GC(195) Pause Young (Normal) (G1 Evacuation Pause) 154M->4M(256M) 2.162ms
[2025-03-05T13:04:37.617+0300][80.093s][info ][gc] GC(196) Pause Young (Normal) (G1 Evacuation Pause) 155M->5M(256M) 3.546ms
[2025-03-05T13:04:38.010+0300][80.485s][info ][gc] GC(197) Pause Young (Normal) (G1 Evacuation Pause) 155M->3M(256M) 1.577ms
[2025-03-05T13:04:38.452+0300][80.927s][info ][gc] GC(198) Pause Young (Normal) (G1 Evacuation Pause) 155M->4M(256M) 3.090ms
[2025-03-05T13:04:38.840+0300][81.314s][info ][gc] GC(199) Pause Young (Normal) (G1 Evacuation Pause) 154M->2M(256M) 0.855ms
[2025-03-05T13:04:39.238+0300][81.712s][info ][gc] GC(200) Pause Young (Normal) (G1 Evacuation Pause) 154M->3M(256M) 2.098ms
[2025-03-05T13:04:39.654+0300][82.129s][info ][gc] GC(201) Pause Young (Normal) (G1 Evacuation Pause) 154M->5M(256M) 3.257ms
[2025-03-05T13:04:40.045+0300][82.519s][info ][gc] GC(202) Pause Young (Normal) (G1 Evacuation Pause) 155M->3M(256M) 1.292ms
[2025-03-05T13:04:40.438+0300][82.913s][info ][gc] GC(203) Pause Young (Normal) (G1 Evacuation Pause) 155M->4M(256M) 2.368ms
[2025-03-05T13:04:40.827+0300][83.302s][info ][gc] GC(204) Pause Young (Normal) (G1 Evacuation Pause) 154M->5M(256M) 3.583ms
[2025-03-05T13:04:41.213+0300][83.688s][info ][gc] GC(205) Pause Young (Normal) (G1 Evacuation Pause) 154M->3M(256M) 1.793ms
[2025-03-05T13:04:41.605+0300][84.081s][info ][gc] GC(206) Pause Young (Normal) (G1 Evacuation Pause) 154M->4M(256M) 2.972ms
[2025-03-05T13:04:41.995+0300][84.471s][info ][gc] GC(207) Pause Young (Normal) (G1 Evacuation Pause) 154M->2M(256M) 0.945ms
[2025-03-05T13:04:42.389+0300][84.864s][info ][gc] GC(208) Pause Young (Normal) (G1 Evacuation Pause) 154M->4M(256M) 2.240ms
[2025-03-05T13:04:42.787+0300][85.262s][info ][gc] GC(209) Pause Young (Normal) (G1 Evacuation Pause) 155M->5M(256M) 3.225ms
[2025-03-05T13:04:43.176+0300][85.651s][info ][gc] GC(210) Pause Young (Normal) (G1 Evacuation Pause) 155M->3M(256M) 1.482ms
[2025-03-05T13:04:43.573+0300][86.049s][info ][gc] GC(211) Pause Young (Normal) (G1 Evacuation Pause) 155M->4M(256M) 2.736ms
[2025-03-05T13:04:43.962+0300][86.436s][info ][gc] GC(212) Pause Young (Normal) (G1 Evacuation Pause) 154M->2M(256M) 0.921ms
[2025-03-05T13:04:44.358+0300][86.832s][info ][gc] GC(213) Pause Young (Normal) (G1 Evacuation Pause) 154M->3M(256M) 2.071ms
[2025-03-05T13:04:44.753+0300][87.229s][info ][gc] GC(214) Pause Young (Normal) (G1 Evacuation Pause) 154M->5M(256M) 3.329ms
[2025-03-05T13:04:45.146+0300][87.621s][info ][gc] GC(215) Pause Young (Normal) (G1 Evacuation Pause) 155M->3M(256M) 1.276ms
[2025-03-05T13:04:45.539+0300][88.014s][info ][gc] GC(216) Pause Young (Normal) (G1 Evacuation Pause) 155M->4M(256M) 2.359ms
[2025-03-05T13:04:45.930+0300][88.406s][info ][gc] GC(217) Pause Young (Normal) (G1 Evacuation Pause) 154M->5M(256M) 3.978ms
[2025-03-05T13:04:46.322+0300][88.797s][info ][gc] GC(218) Pause Young (Normal) (G1 Evacuation Pause) 154M->3M(256M) 1.906ms
[2025-03-05T13:04:46.714+0300][89.189s][info ][gc] GC(219) Pause Young (Normal) (G1 Evacuation Pause) 154M->4M(256M) 2.782ms
[2025-03-05T13:04:47.102+0300][89.576s][info ][gc] GC(220) Pause Young (Normal) (G1 Evacuation Pause) 154M->2M(256M) 1.008ms
[2025-03-05T13:04:47.495+0300][89.969s][info ][gc] GC(221) Pause Young (Normal) (G1 Evacuation Pause) 154M->3M(256M) 2.236ms
[2025-03-05T13:04:47.889+0300][90.363s][info ][gc] GC(222) Pause Young (Normal) (G1 Evacuation Pause) 154M->5M(256M) 3.439ms
[2025-03-05T13:04:48.281+0300][90.756s][info ][gc] GC(223) Pause Young (Normal) (G1 Evacuation Pause) 155M->3M(256M) 1.403ms
[2025-03-05T13:04:48.676+0300][91.152s][info ][gc] GC(224) Pause Young (Normal) (G1 Evacuation Pause) 155M->4M(256M) 2.663ms
[2025-03-05T13:04:49.065+0300][91.540s][info ][gc] GC(225) Pause Young (Normal) (G1 Evacuation Pause) 154M->2M(256M) 0.584ms
[2025-03-05T13:04:49.460+0300][91.934s][info ][gc] GC(226) Pause Young (Normal) (G1 Evacuation Pause) 154M->3M(256M) 2.108ms
[2025-03-05T13:04:49.856+0300][92.332s][info ][gc] GC(227) Pause Young (Normal) (G1 Evacuation Pause) 154M->5M(256M) 3.268ms
[2025-03-05T13:04:50.248+0300][92.723s][info ][gc] GC(228) Pause Young (Normal) (G1 Evacuation Pause) 155M->3M(256M) 1.084ms
[2025-03-05T13:04:50.644+0300][93.120s][info ][gc] GC(229) Pause Young (Normal) (G1 Evacuation Pause) 155M->4M(256M) 2.729ms
[2025-03-05T13:04:51.041+0300][93.516s][info ][gc] GC(230) Pause Young (Normal) (G1 Evacuation Pause) 155M->5M(256M) 4.430ms
[2025-03-05T13:04:51.427+0300][93.901s][info ][gc] GC(231) Pause Young (Normal) (G1 Evacuation Pause) 154M->3M(256M) 1.813ms
[2025-03-05T13:04:51.817+0300][94.292s][info ][gc] GC(232) Pause Young (Normal) (G1 Evacuation Pause) 154M->4M(256M) 3.156ms
[2025-03-05T13:04:52.206+0300][94.680s][info ][gc] GC(233) Pause Young (Normal) (G1 Evacuation Pause) 154M->2M(256M) 1.332ms
[2025-03-05T13:04:52.600+0300][95.074s][info ][gc] GC(234) Pause Young (Normal) (G1 Evacuation Pause) 154M->4M(256M) 2.245ms
[2025-03-05T13:04:52.996+0300][95.471s][info ][gc] GC(235) Pause Young (Normal) (G1 Evacuation Pause) 155M->5M(256M) 3.354ms
[2025-03-05T13:04:53.384+0300][95.859s][info ][gc] GC(236) Pause Young (Normal) (G1 Evacuation Pause) 155M->3M(256M) 1.731ms
[2025-03-05T13:04:53.778+0300][96.253s][info ][gc] GC(237) Pause Young (Normal) (G1 Evacuation Pause) 155M->4M(256M) 2.679ms
[2025-03-05T13:04:54.164+0300][96.639s][info ][gc] GC(238) Pause Young (Normal) (G1 Evacuation Pause) 154M->2M(256M) 0.918ms
[2025-03-05T13:04:54.560+0300][97.035s][info ][gc] GC(239) Pause Young (Normal) (G1 Evacuation Pause) 154M->3M(256M) 2.021ms
[2025-03-05T13:04:54.957+0300][97.432s][info ][gc] GC(240) Pause Young (Normal) (G1 Evacuation Pause) 154M->5M(256M) 3.195ms
[2025-03-05T13:04:55.348+0300][97.823s][info ][gc] GC(241) Pause Young (Normal) (G1 Evacuation Pause) 155M->3M(256M) 1.397ms
[2025-03-05T13:04:55.743+0300][98.219s][info ][gc] GC(242) Pause Young (Normal) (G1 Evacuation Pause) 155M->4M(256M) 2.516ms
[2025-03-05T13:04:56.138+0300][98.612s][info ][gc] GC(243) Pause Young (Normal) (G1 Evacuation Pause) 154M->5M(256M) 4.034ms
[2025-03-05T13:04:56.524+0300][98.998s][info ][gc] GC(244) Pause Young (Normal) (G1 Evacuation Pause) 154M->3M(256M) 1.635ms
[2025-03-05T13:04:56.918+0300][99.393s][info ][gc] GC(245) Pause Young (Normal) (G1 Evacuation Pause) 154M->4M(256M) 2.956ms
[2025-03-05T13:04:57.310+0300][99.786s][info ][gc] GC(246) Pause Young (Normal) (G1 Evacuation Pause) 154M->2M(256M) 0.954ms
[2025-03-05T13:04:57.705+0300][100.179s][info ][gc] GC(247) Pause Young (Normal) (G1 Evacuation Pause) 154M->4M(256M) 2.181ms
[2025-03-05T13:04:58.100+0300][100.575s][info ][gc] GC(248) Pause Young (Normal) (G1 Evacuation Pause) 155M->5M(256M) 3.415ms
[2025-03-05T13:04:58.488+0300][100.963s][info ][gc] GC(249) Pause Young (Normal) (G1 Evacuation Pause) 155M->3M(256M) 1.473ms
[2025-03-05T13:04:58.884+0300][101.358s][info ][gc] GC(250) Pause Young (Normal) (G1 Evacuation Pause) 155M->4M(256M) 2.793ms
[2025-03-05T13:04:59.275+0300][101.749s][info ][gc] GC(251) Pause Young (Normal) (G1 Evacuation Pause) 154M->2M(256M) 0.749ms
[2025-03-05T13:04:59.669+0300][102.144s][info ][gc] GC(252) Pause Young (Normal) (G1 Evacuation Pause) 154M->3M(256M) 2.008ms
[2025-03-05T13:05:00.064+0300][102.539s][info ][gc] GC(253) Pause Young (Normal) (G1 Evacuation Pause) 154M->5M(256M) 3.278ms
[2025-03-05T13:05:00.460+0300][102.935s][info ][gc] GC(254) Pause Young (Normal) (G1 Evacuation Pause) 155M->3M(256M) 1.368ms
[2025-03-05T13:05:00.869+0300][103.344s][info ][gc] GC(255) Pause Young (Normal) (G1 Evacuation Pause) 155M->4M(256M) 2.786ms
[2025-03-05T13:05:01.284+0300][103.759s][info ][gc] GC(256) Pause Young (Normal) (G1 Evacuation Pause) 154M->5M(256M) 3.892ms
[2025-03-05T13:05:01.671+0300][104.146s][info ][gc] GC(257) Pause Young (Normal) (G1 Evacuation Pause) 154M->3M(256M) 1.925ms
[2025-03-05T13:05:02.066+0300][104.541s][info ][gc] GC(258) Pause Young (Normal) (G1 Evacuation Pause) 154M->4M(256M) 2.862ms
[2025-03-05T13:05:02.458+0300][104.933s][info ][gc] GC(259) Pause Young (Normal) (G1 Evacuation Pause) 154M->2M(256M) 1.073ms
[2025-03-05T13:05:02.852+0300][105.327s][info ][gc] GC(260) Pause Young (Normal) (G1 Evacuation Pause) 154M->3M(256M) 2.405ms
[2025-03-05T13:05:03.244+0300][105.719s][info ][gc] GC(261) Pause Young (Normal) (G1 Evacuation Pause) 154M->5M(256M) 3.239ms
[2025-03-05T13:05:03.637+0300][106.111s][info ][gc] GC(262) Pause Young (Normal) (G1 Evacuation Pause) 155M->3M(256M) 1.592ms
[2025-03-05T13:05:04.036+0300][106.510s][info ][gc] GC(263) Pause Young (Normal) (G1 Evacuation Pause) 155M->4M(256M) 2.920ms
[2025-03-05T13:05:04.421+0300][106.896s][info ][gc] GC(264) Pause Young (Normal) (G1 Evacuation Pause) 154M->2M(256M) 0.873ms
[2025-03-05T13:05:04.817+0300][107.292s][info ][gc] GC(265) Pause Young (Normal) (G1 Evacuation Pause) 154M->3M(256M) 2.032ms
[2025-03-05T13:05:05.211+0300][107.686s][info ][gc] GC(266) Pause Young (Normal) (G1 Evacuation Pause) 154M->5M(256M) 3.229ms
[2025-03-05T13:05:05.600+0300][108.074s][info ][gc] GC(267) Pause Young (Normal) (G1 Evacuation Pause) 155M->3M(256M) 1.291ms
[2025-03-05T13:05:05.994+0300][108.469s][info ][gc] GC(268) Pause Young (Normal) (G1 Evacuation Pause) 155M->4M(256M) 2.574ms
[2025-03-05T13:05:06.385+0300][108.860s][info ][gc] GC(269) Pause Young (Normal) (G1 Evacuation Pause) 154M->5M(256M) 3.706ms
[2025-03-05T13:05:06.774+0300][109.249s][info ][gc] GC(270) Pause Young (Normal) (G1 Evacuation Pause) 154M->3M(256M) 1.803ms
[2025-03-05T13:05:07.166+0300][109.641s][info ][gc] GC(271) Pause Young (Normal) (G1 Evacuation Pause) 154M->4M(256M) 2.755ms
[2025-03-05T13:05:07.554+0300][110.029s][info ][gc] GC(272) Pause Young (Normal) (G1 Evacuation Pause) 154M->2M(256M) 1.115ms
[2025-03-05T13:05:07.949+0300][110.424s][info ][gc] GC(273) Pause Young (Normal) (G1 Evacuation Pause) 154M->4M(256M) 2.172ms
[2025-03-05T13:05:08.347+0300][110.822s][info ][gc] GC(274) Pause Young (Normal) (G1 Evacuation Pause) 155M->5M(256M) 3.488ms
[2025-03-05T13:05:08.737+0300][111.213s][info ][gc] GC(275) Pause Young (Normal) (G1 Evacuation Pause) 155M->3M(256M) 1.432ms
[2025-03-05T13:05:09.133+0300][111.607s][info ][gc] GC(276) Pause Young (Normal) (G1 Evacuation Pause) 155M->4M(256M) 2.849ms
[2025-03-05T13:05:09.523+0300][111.998s][info ][gc] GC(277) Pause Young (Normal) (G1 Evacuation Pause) 154M->2M(256M) 0.636ms
[2025-03-05T13:05:09.917+0300][112.392s][info ][gc] GC(278) Pause Young (Normal) (G1 Evacuation Pause) 154M->3M(256M) 2.120ms
[2025-03-05T13:05:10.313+0300][112.787s][info ][gc] GC(279) Pause Young (Normal) (G1 Evacuation Pause) 154M->5M(256M) 3.530ms
[2025-03-05T13:05:10.700+0300][113.174s][info ][gc] GC(280) Pause Young (Normal) (G1 Evacuation Pause) 155M->3M(256M) 1.344ms
[2025-03-05T13:05:11.100+0300][113.574s][info ][gc] GC(281) Pause Young (Normal) (G1 Evacuation Pause) 155M->4M(256M) 2.633ms
[2025-03-05T13:05:11.490+0300][113.966s][info ][gc] GC(282) Pause Young (Normal) (G1 Evacuation Pause) 154M->5M(256M) 3.675ms
[2025-03-05T13:05:11.880+0300][114.354s][info ][gc] GC(283) Pause Young (Normal) (G1 Evacuation Pause) 154M->3M(256M) 1.732ms
[2025-03-05T13:05:12.287+0300][114.762s][info ][gc] GC(284) Pause Young (Normal) (G1 Evacuation Pause) 154M->4M(256M) 2.963ms
[2025-03-05T13:05:12.680+0300][115.155s][info ][gc] GC(285) Pause Young (Normal) (G1 Evacuation Pause) 154M->2M(256M) 1.022ms
[2025-03-05T13:05:13.076+0300][115.551s][info ][gc] GC(286) Pause Young (Normal) (G1 Evacuation Pause) 154M->3M(256M) 2.234ms
[2025-03-05T13:05:13.473+0300][115.947s][info ][gc] GC(287) Pause Young (Normal) (G1 Evacuation Pause) 154M->5M(256M) 3.540ms
[2025-03-05T13:05:13.871+0300][116.346s][info ][gc] GC(288) Pause Young (Normal) (G1 Evacuation Pause) 155M->3M(256M) 1.441ms
[2025-03-05T13:05:14.266+0300][116.740s][info ][gc] GC(289) Pause Young (Normal) (G1 Evacuation Pause) 155M->4M(256M) 2.841ms
[2025-03-05T13:05:14.653+0300][117.127s][info ][gc] GC(290) Pause Young (Normal) (G1 Evacuation Pause) 154M->2M(256M) 0.819ms
[2025-03-05T13:05:15.048+0300][117.523s][info ][gc] GC(291) Pause Young (Normal) (G1 Evacuation Pause) 154M->3M(256M) 2.062ms
[2025-03-05T13:05:15.442+0300][117.917s][info ][gc] GC(292) Pause Young (Normal) (G1 Evacuation Pause) 154M->5M(256M) 3.474ms
[2025-03-05T13:05:15.832+0300][118.307s][info ][gc] GC(293) Pause Young (Normal) (G1 Evacuation Pause) 155M->3M(256M) 1.274ms
[2025-03-05T13:05:16.228+0300][118.702s][info ][gc] GC(294) Pause Young (Normal) (G1 Evacuation Pause) 155M->4M(256M) 2.388ms
[2025-03-05T13:05:16.621+0300][119.096s][info ][gc] GC(295) Pause Young (Normal) (G1 Evacuation Pause) 155M->5M(256M) 4.042ms
[2025-03-05T13:05:17.012+0300][119.487s][info ][gc] GC(296) Pause Young (Normal) (G1 Evacuation Pause) 154M->3M(256M) 1.903ms
[2025-03-05T13:05:17.405+0300][119.880s][info ][gc] GC(297) Pause Young (Normal) (G1 Evacuation Pause) 154M->4M(256M) 3.004ms
[2025-03-05T13:05:17.796+0300][120.270s][info ][gc] GC(298) Pause Young (Normal) (G1 Evacuation Pause) 154M->2M(256M) 1.086ms
[2025-03-05T13:05:18.240+0300][120.715s][info ][gc] GC(299) Pause Young (Normal) (G1 Evacuation Pause) 154M->4M(256M) 2.142ms
[2025-03-05T13:05:18.633+0300][121.109s][info ][gc] GC(300) Pause Young (Normal) (G1 Evacuation Pause) 155M->5M(256M) 3.602ms
[2025-03-05T13:05:19.025+0300][121.499s][info ][gc] GC(301) Pause Young (Normal) (G1 Evacuation Pause) 155M->3M(256M) 1.189ms
[2025-03-05T13:05:19.422+0300][121.897s][info ][gc] GC(302) Pause Young (Normal) (G1 Evacuation Pause) 155M->4M(256M) 3.120ms
[2025-03-05T13:05:19.812+0300][122.287s][info ][gc] GC(303) Pause Young (Normal) (G1 Evacuation Pause) 154M->2M(256M) 0.831ms
[2025-03-05T13:05:20.209+0300][122.685s][info ][gc] GC(304) Pause Young (Normal) (G1 Evacuation Pause) 154M->3M(256M) 2.025ms
[2025-03-05T13:05:20.602+0300][123.077s][info ][gc] GC(305) Pause Young (Normal) (G1 Evacuation Pause) 154M->5M(256M) 3.224ms
[2025-03-05T13:05:20.993+0300][123.468s][info ][gc] GC(306) Pause Young (Normal) (G1 Evacuation Pause) 155M->3M(256M) 1.217ms
[2025-03-05T13:05:21.391+0300][123.867s][info ][gc] GC(307) Pause Young (Normal) (G1 Evacuation Pause) 155M->4M(256M) 3.196ms
[2025-03-05T13:05:21.800+0300][124.275s][info ][gc] GC(308) Pause Young (Normal) (G1 Evacuation Pause) 155M->5M(256M) 4.284ms
[2025-03-05T13:05:22.189+0300][124.663s][info ][gc] GC(309) Pause Young (Normal) (G1 Evacuation Pause) 154M->3M(256M) 1.727ms
[2025-03-05T13:05:22.584+0300][125.058s][info ][gc] GC(310) Pause Young (Normal) (G1 Evacuation Pause) 154M->4M(256M) 2.916ms
[2025-03-05T13:05:22.975+0300][125.450s][info ][gc] GC(311) Pause Young (Normal) (G1 Evacuation Pause) 154M->2M(256M) 1.046ms
[2025-03-05T13:05:23.370+0300][125.845s][info ][gc] GC(312) Pause Young (Normal) (G1 Evacuation Pause) 154M->4M(256M) 2.242ms
[2025-03-05T13:05:23.769+0300][126.245s][info ][gc] GC(313) Pause Young (Normal) (G1 Evacuation Pause) 155M->5M(256M) 3.441ms
[2025-03-05T13:05:24.160+0300][126.635s][info ][gc] GC(314) Pause Young (Normal) (G1 Evacuation Pause) 155M->3M(256M) 1.531ms
[2025-03-05T13:05:24.554+0300][127.030s][info ][gc] GC(315) Pause Young (Normal) (G1 Evacuation Pause) 155M->4M(256M) 3.157ms
[2025-03-05T13:05:24.944+0300][127.418s][info ][gc] GC(316) Pause Young (Normal) (G1 Evacuation Pause) 154M->2M(256M) 1.074ms
[2025-03-05T13:05:25.344+0300][127.818s][info ][gc] GC(317) Pause Young (Normal) (G1 Evacuation Pause) 154M->4M(256M) 2.168ms
[2025-03-05T13:05:25.737+0300][128.212s][info ][gc] GC(318) Pause Young (Normal) (G1 Evacuation Pause) 155M->5M(256M) 3.288ms
[2025-03-05T13:05:26.126+0300][128.601s][info ][gc] GC(319) Pause Young (Normal) (G1 Evacuation Pause) 155M->3M(256M) 1.294ms
[2025-03-05T13:05:26.521+0300][128.996s][info ][gc] GC(320) Pause Young (Normal) (G1 Evacuation Pause) 155M->4M(256M) 2.730ms
[2025-03-05T13:05:26.913+0300][129.388s][info ][gc] GC(321) Pause Young (Normal) (G1 Evacuation Pause) 154M->5M(256M) 3.866ms
[2025-03-05T13:05:27.299+0300][129.775s][info ][gc] GC(322) Pause Young (Normal) (G1 Evacuation Pause) 154M->3M(256M) 1.844ms
[2025-03-05T13:05:27.693+0300][130.168s][info ][gc] GC(323) Pause Young (Normal) (G1 Evacuation Pause) 154M->4M(256M) 2.764ms
[2025-03-05T13:05:28.083+0300][130.559s][info ][gc] GC(324) Pause Young (Normal) (G1 Evacuation Pause) 154M->2M(256M) 1.055ms
[2025-03-05T13:05:28.484+0300][130.958s][info ][gc] GC(325) Pause Young (Normal) (G1 Evacuation Pause) 154M->4M(256M) 2.204ms
[2025-03-05T13:05:28.923+0300][131.397s][info ][gc] GC(326) Pause Young (Normal) (G1 Evacuation Pause) 155M->5M(256M) 3.968ms
[2025-03-05T13:05:29.315+0300][131.790s][info ][gc] GC(327) Pause Young (Normal) (G1 Evacuation Pause) 155M->3M(256M) 1.415ms
[2025-03-05T13:05:29.713+0300][132.188s][info ][gc] GC(328) Pause Young (Normal) (G1 Evacuation Pause) 155M->4M(256M) 2.929ms
[2025-03-05T13:05:30.104+0300][132.579s][info ][gc] GC(329) Pause Young (Normal) (G1 Evacuation Pause) 154M->2M(256M) 0.873ms
[2025-03-05T13:05:30.497+0300][132.972s][info ][gc] GC(330) Pause Young (Normal) (G1 Evacuation Pause) 154M->3M(256M) 2.085ms
[2025-03-05T13:05:30.901+0300][133.376s][info ][gc] GC(331) Pause Young (Normal) (G1 Evacuation Pause) 154M->5M(256M) 3.572ms
[2025-03-05T13:05:31.291+0300][133.766s][info ][gc] GC(332) Pause Young (Normal) (G1 Evacuation Pause) 155M->3M(256M) 1.178ms
[2025-03-05T13:05:31.684+0300][134.160s][info ][gc] GC(333) Pause Young (Normal) (G1 Evacuation Pause) 155M->4M(256M) 2.657ms
[2025-03-05T13:05:32.077+0300][134.552s][info ][gc] GC(334) Pause Young (Normal) (G1 Evacuation Pause) 154M->5M(256M) 3.773ms
[2025-03-05T13:05:32.464+0300][134.939s][info ][gc] GC(335) Pause Young (Normal) (G1 Evacuation Pause) 154M->3M(256M) 1.553ms
[2025-03-05T13:05:32.859+0300][135.333s][info ][gc] GC(336) Pause Young (Normal) (G1 Evacuation Pause) 154M->4M(256M) 3.121ms
[2025-03-05T13:05:33.247+0300][135.722s][info ][gc] GC(337) Pause Young (Normal) (G1 Evacuation Pause) 154M->2M(256M) 1.104ms
[2025-03-05T13:05:33.647+0300][136.122s][info ][gc] GC(338) Pause Young (Normal) (G1 Evacuation Pause) 154M->4M(256M) 2.233ms
[2025-03-05T13:05:34.043+0300][136.519s][info ][gc] GC(339) Pause Young (Normal) (G1 Evacuation Pause) 155M->5M(256M) 3.412ms
[2025-03-05T13:05:34.433+0300][136.907s][info ][gc] GC(340) Pause Young (Normal) (G1 Evacuation Pause) 155M->3M(256M) 1.518ms
[2025-03-05T13:05:34.830+0300][137.305s][info ][gc] GC(341) Pause Young (Normal) (G1 Evacuation Pause) 155M->4M(256M) 2.808ms
[2025-03-05T13:05:35.224+0300][137.698s][info ][gc] GC(342) Pause Young (Normal) (G1 Evacuation Pause) 154M->2M(256M) 0.797ms
[2025-03-05T13:05:35.617+0300][138.092s][info ][gc] GC(343) Pause Young (Normal) (G1 Evacuation Pause) 154M->3M(256M) 2.092ms
[2025-03-05T13:05:36.012+0300][138.487s][info ][gc] GC(344) Pause Young (Normal) (G1 Evacuation Pause) 154M->5M(256M) 3.625ms
[2025-03-05T13:05:36.402+0300][138.877s][info ][gc] GC(345) Pause Young (Normal) (G1 Evacuation Pause) 155M->3M(256M) 1.362ms
[2025-03-05T13:05:36.803+0300][139.278s][info ][gc] GC(346) Pause Young (Normal) (G1 Evacuation Pause) 155M->4M(256M) 2.848ms
[2025-03-05T13:05:37.193+0300][139.667s][info ][gc] GC(347) Pause Young (Normal) (G1 Evacuation Pause) 154M->5M(256M) 3.749ms
[2025-03-05T13:05:37.580+0300][140.054s][info ][gc] GC(348) Pause Young (Normal) (G1 Evacuation Pause) 154M->3M(256M) 1.828ms
[2025-03-05T13:05:37.972+0300][140.448s][info ][gc] GC(349) Pause Young (Normal) (G1 Evacuation Pause) 154M->4M(256M) 2.970ms
[2025-03-05T13:05:38.360+0300][140.835s][info ][gc] GC(350) Pause Young (Normal) (G1 Evacuation Pause) 154M->2M(256M) 0.899ms
[2025-03-05T13:05:38.756+0300][141.230s][info ][gc] GC(351) Pause Young (Normal) (G1 Evacuation Pause) 154M->3M(256M) 2.364ms
[2025-03-05T13:05:39.148+0300][141.623s][info ][gc] GC(352) Pause Young (Normal) (G1 Evacuation Pause) 154M->5M(256M) 3.412ms
[2025-03-05T13:05:39.538+0300][142.013s][info ][gc] GC(353) Pause Young (Normal) (G1 Evacuation Pause) 155M->3M(256M) 1.457ms
[2025-03-05T13:05:39.935+0300][142.409s][info ][gc] GC(354) Pause Young (Normal) (G1 Evacuation Pause) 155M->4M(256M) 2.786ms
[2025-03-05T13:05:40.324+0300][142.799s][info ][gc] GC(355) Pause Young (Normal) (G1 Evacuation Pause) 154M->2M(256M) 0.814ms
[2025-03-05T13:05:40.720+0300][143.194s][info ][gc] GC(356) Pause Young (Normal) (G1 Evacuation Pause) 154M->3M(256M) 2.344ms
[2025-03-05T13:05:41.115+0300][143.590s][info ][gc] GC(357) Pause Young (Normal) (G1 Evacuation Pause) 154M->5M(256M) 3.171ms
[2025-03-05T13:05:41.506+0300][143.980s][info ][gc] GC(358) Pause Young (Normal) (G1 Evacuation Pause) 155M->3M(256M) 1.203ms
[2025-03-05T13:05:41.902+0300][144.376s][info ][gc] GC(359) Pause Young (Normal) (G1 Evacuation Pause) 155M->4M(256M) 2.709ms
[2025-03-05T13:05:42.292+0300][144.767s][info ][gc] GC(360) Pause Young (Normal) (G1 Evacuation Pause) 154M->5M(256M) 3.872ms
[2025-03-05T13:05:42.680+0300][145.155s][info ][gc] GC(361) Pause Young (Normal) (G1 Evacuation Pause) 154M->3M(256M) 1.864ms
[2025-03-05T13:05:43.074+0300][145.548s][info ][gc] GC(362) Pause Young (Normal) (G1 Evacuation Pause) 154M->4M(256M) 2.748ms
[2025-03-05T13:05:43.464+0300][145.939s][info ][gc] GC(363) Pause Young (Normal) (G1 Evacuation Pause) 154M->2M(256M) 0.985ms
[2025-03-05T13:05:43.860+0300][146.334s][info ][gc] GC(364) Pause Young (Normal) (G1 Evacuation Pause) 154M->4M(256M) 1.860ms
[2025-03-05T13:05:44.254+0300][146.729s][info ][gc] GC(365) Pause Young (Normal) (G1 Evacuation Pause) 155M->5M(256M) 3.535ms
[2025-03-05T13:05:44.645+0300][147.120s][info ][gc] GC(366) Pause Young (Normal) (G1 Evacuation Pause) 155M->3M(256M) 1.352ms
[2025-03-05T13:05:45.050+0300][147.525s][info ][gc] GC(367) Pause Young (Normal) (G1 Evacuation Pause) 155M->4M(256M) 2.867ms
[2025-03-05T13:05:45.444+0300][147.919s][info ][gc] GC(368) Pause Young (Normal) (G1 Evacuation Pause) 154M->2M(256M) 0.870ms
[2025-03-05T13:05:45.838+0300][148.313s][info ][gc] GC(369) Pause Young (Normal) (G1 Evacuation Pause) 154M->3M(256M) 2.115ms
[2025-03-05T13:05:46.233+0300][148.707s][info ][gc] GC(370) Pause Young (Normal) (G1 Evacuation Pause) 154M->5M(256M) 3.492ms
[2025-03-05T13:05:46.620+0300][149.095s][info ][gc] GC(371) Pause Young (Normal) (G1 Evacuation Pause) 155M->3M(256M) 1.400ms
[2025-03-05T13:05:47.017+0300][149.492s][info ][gc] GC(372) Pause Young (Normal) (G1 Evacuation Pause) 155M->4M(256M) 2.796ms
[2025-03-05T13:05:47.410+0300][149.886s][info ][gc] GC(373) Pause Young (Normal) (G1 Evacuation Pause) 155M->5M(256M) 3.958ms
[2025-03-05T13:05:47.798+0300][150.272s][info ][gc] GC(374) Pause Young (Normal) (G1 Evacuation Pause) 154M->3M(256M) 1.656ms
[2025-03-05T13:05:48.191+0300][150.667s][info ][gc] GC(375) Pause Young (Normal) (G1 Evacuation Pause) 154M->4M(256M) 3.257ms
[2025-03-05T13:05:48.580+0300][151.055s][info ][gc] GC(376) Pause Young (Normal) (G1 Evacuation Pause) 154M->2M(256M) 1.050ms
[2025-03-05T13:05:48.976+0300][151.451s][info ][gc] GC(377) Pause Young (Normal) (G1 Evacuation Pause) 154M->4M(256M) 2.264ms
[2025-03-05T13:05:49.369+0300][151.843s][info ][gc] GC(378) Pause Young (Normal) (G1 Evacuation Pause) 155M->5M(256M) 3.371ms
[2025-03-05T13:05:49.757+0300][152.232s][info ][gc] GC(379) Pause Young (Normal) (G1 Evacuation Pause) 155M->3M(256M) 1.401ms
[2025-03-05T13:05:50.154+0300][152.628s][info ][gc] GC(380) Pause Young (Normal) (G1 Evacuation Pause) 155M->4M(256M) 2.960ms
[2025-03-05T13:05:50.542+0300][153.017s][info ][gc] GC(381) Pause Young (Normal) (G1 Evacuation Pause) 154M->2M(256M) 0.873ms
[2025-03-05T13:05:50.939+0300][153.415s][info ][gc] GC(382) Pause Young (Normal) (G1 Evacuation Pause) 154M->3M(256M) 2.217ms
[2025-03-05T13:05:51.353+0300][153.828s][info ][gc] GC(383) Pause Young (Normal) (G1 Evacuation Pause) 154M->5M(256M) 3.352ms
[2025-03-05T13:05:51.765+0300][154.240s][info ][gc] GC(384) Pause Young (Normal) (G1 Evacuation Pause) 155M->3M(256M) 1.149ms
[2025-03-05T13:05:52.160+0300][154.635s][info ][gc] GC(385) Pause Young (Normal) (G1 Evacuation Pause) 155M->4M(256M) 2.631ms
[2025-03-05T13:05:52.552+0300][155.027s][info ][gc] GC(386) Pause Young (Normal) (G1 Evacuation Pause) 154M->5M(256M) 3.735ms
[2025-03-05T13:05:52.939+0300][155.414s][info ][gc] GC(387) Pause Young (Normal) (G1 Evacuation Pause) 154M->3M(256M) 1.693ms
[2025-03-05T13:05:53.337+0300][155.812s][info ][gc] GC(388) Pause Young (Normal) (G1 Evacuation Pause) 154M->4M(256M) 2.960ms
[2025-03-05T13:05:53.736+0300][156.211s][info ][gc] GC(389) Pause Young (Normal) (G1 Evacuation Pause) 154M->2M(256M) 1.062ms
[2025-03-05T13:05:54.133+0300][156.607s][info ][gc] GC(390) Pause Young (Normal) (G1 Evacuation Pause) 154M->4M(256M) 2.209ms
[2025-03-05T13:05:54.575+0300][157.050s][info ][gc] GC(391) Pause Young (Normal) (G1 Evacuation Pause) 155M->5M(256M) 3.744ms
[2025-03-05T13:05:54.975+0300][157.450s][info ][gc] GC(392) Pause Young (Normal) (G1 Evacuation Pause) 155M->3M(256M) 1.472ms
[2025-03-05T13:05:55.372+0300][157.847s][info ][gc] GC(393) Pause Young (Normal) (G1 Evacuation Pause) 155M->4M(256M) 2.969ms
[2025-03-05T13:05:55.761+0300][158.236s][info ][gc] GC(394) Pause Young (Normal) (G1 Evacuation Pause) 154M->2M(256M) 0.780ms
[2025-03-05T13:05:56.157+0300][158.632s][info ][gc] GC(395) Pause Young (Normal) (G1 Evacuation Pause) 154M->3M(256M) 1.985ms
[2025-03-05T13:05:56.548+0300][159.024s][info ][gc] GC(396) Pause Young (Normal) (G1 Evacuation Pause) 154M->5M(256M) 3.292ms
[2025-03-05T13:05:56.945+0300][159.420s][info ][gc] GC(397) Pause Young (Normal) (G1 Evacuation Pause) 155M->3M(256M) 1.416ms
[2025-03-05T13:05:57.340+0300][159.815s][info ][gc] GC(398) Pause Young (Normal) (G1 Evacuation Pause) 155M->4M(256M) 2.521ms
[2025-03-05T13:05:57.730+0300][160.206s][info ][gc] GC(399) Pause Young (Normal) (G1 Evacuation Pause) 154M->5M(256M) 3.788ms
[2025-03-05T13:05:58.119+0300][160.593s][info ][gc] GC(400) Pause Young (Normal) (G1 Evacuation Pause) 154M->3M(256M) 1.713ms
[2025-03-05T13:05:58.512+0300][160.988s][info ][gc] GC(401) Pause Young (Normal) (G1 Evacuation Pause) 154M->4M(256M) 2.998ms
[2025-03-05T13:05:58.902+0300][161.377s][info ][gc] GC(402) Pause Young (Normal) (G1 Evacuation Pause) 154M->2M(256M) 0.923ms
[2025-03-05T13:05:59.295+0300][161.770s][info ][gc] GC(403) Pause Young (Normal) (G1 Evacuation Pause) 154M->4M(256M) 1.951ms
[2025-03-05T13:05:59.688+0300][162.163s][info ][gc] GC(404) Pause Young (Normal) (G1 Evacuation Pause) 155M->5M(256M) 3.800ms
[2025-03-05T13:06:00.080+0300][162.555s][info ][gc] GC(405) Pause Young (Normal) (G1 Evacuation Pause) 155M->3M(256M) 1.432ms
[2025-03-05T13:06:00.505+0300][162.981s][info ][gc] GC(406) Pause Young (Normal) (G1 Evacuation Pause) 155M->4M(256M) 2.933ms
[2025-03-05T13:06:00.926+0300][163.401s][info ][gc] GC(407) Pause Young (Normal) (G1 Evacuation Pause) 154M->2M(256M) 0.827ms
[2025-03-05T13:06:01.331+0300][163.806s][info ][gc] GC(408) Pause Young (Normal) (G1 Evacuation Pause) 154M->3M(256M) 2.035ms
[2025-03-05T13:06:01.802+0300][164.277s][info ][gc] GC(409) Pause Young (Normal) (G1 Evacuation Pause) 154M->5M(256M) 3.466ms
[2025-03-05T13:06:02.194+0300][164.669s][info ][gc] GC(410) Pause Young (Normal) (G1 Evacuation Pause) 155M->3M(256M) 1.322ms
[2025-03-05T13:06:02.595+0300][165.070s][info ][gc] GC(411) Pause Young (Normal) (G1 Evacuation Pause) 155M->4M(256M) 2.643ms
[2025-03-05T13:06:02.993+0300][165.467s][info ][gc] GC(412) Pause Young (Normal) (G1 Evacuation Pause) 154M->5M(256M) 3.721ms
[2025-03-05T13:06:03.411+0300][165.886s][info ][gc] GC(413) Pause Young (Normal) (G1 Evacuation Pause) 154M->3M(256M) 1.560ms
[2025-03-05T13:06:03.823+0300][166.298s][info ][gc] GC(414) Pause Young (Normal) (G1 Evacuation Pause) 154M->4M(256M) 2.814ms
[2025-03-05T13:06:04.241+0300][166.716s][info ][gc] GC(415) Pause Young (Normal) (G1 Evacuation Pause) 154M->2M(256M) 1.316ms
[2025-03-05T13:06:04.641+0300][167.117s][info ][gc] GC(416) Pause Young (Normal) (G1 Evacuation Pause) 154M->4M(256M) 2.301ms
[2025-03-05T13:06:05.073+0300][167.547s][info ][gc] GC(417) Pause Young (Normal) (G1 Evacuation Pause) 155M->5M(256M) 3.724ms
[2025-03-05T13:06:05.476+0300][167.950s][info ][gc] GC(418) Pause Young (Normal) (G1 Evacuation Pause) 155M->3M(256M) 1.398ms
[2025-03-05T13:06:05.885+0300][168.359s][info ][gc] GC(419) Pause Young (Normal) (G1 Evacuation Pause) 155M->4M(256M) 2.695ms
[2025-03-05T13:06:06.280+0300][168.755s][info ][gc] GC(420) Pause Young (Normal) (G1 Evacuation Pause) 154M->2M(256M) 0.820ms
[2025-03-05T13:06:06.680+0300][169.155s][info ][gc] GC(421) Pause Young (Normal) (G1 Evacuation Pause) 154M->3M(256M) 1.803ms
[2025-03-05T13:06:07.080+0300][169.555s][info ][gc] GC(422) Pause Young (Normal) (G1 Evacuation Pause) 154M->5M(256M) 3.149ms
[2025-03-05T13:06:07.506+0300][169.981s][info ][gc] GC(423) Pause Young (Normal) (G1 Evacuation Pause) 155M->3M(256M) 1.522ms
[2025-03-05T13:06:08.103+0300][170.578s][info ][gc] GC(424) Pause Young (Normal) (G1 Evacuation Pause) 155M->4M(256M) 3.058ms
[2025-03-05T13:06:08.588+0300][171.063s][info ][gc] GC(425) Pause Young (Normal) (G1 Evacuation Pause) 155M->5M(256M) 4.064ms
[2025-03-05T13:06:09.002+0300][171.477s][info ][gc] GC(426) Pause Young (Normal) (G1 Evacuation Pause) 154M->3M(256M) 2.097ms
[2025-03-05T13:06:09.430+0300][171.906s][info ][gc] GC(427) Pause Young (Normal) (G1 Evacuation Pause) 154M->5M(256M) 3.077ms
[2025-03-05T13:06:09.967+0300][172.441s][info ][gc] GC(428) Pause Young (Normal) (G1 Evacuation Pause) 155M->2M(256M) 1.306ms
[2025-03-05T13:06:10.615+0300][173.090s][info ][gc] GC(429) Pause Young (Normal) (G1 Evacuation Pause) 154M->4M(256M) 2.567ms
[2025-03-05T13:06:11.104+0300][173.579s][info ][gc] GC(430) Pause Young (Normal) (G1 Evacuation Pause) 155M->5M(256M) 3.735ms
[2025-03-05T13:06:11.580+0300][174.056s][info ][gc] GC(431) Pause Young (Normal) (G1 Evacuation Pause) 155M->3M(256M) 1.348ms
[2025-03-05T13:06:12.059+0300][174.534s][info ][gc] GC(432) Pause Young (Normal) (G1 Evacuation Pause) 155M->4M(256M) 3.236ms
[2025-03-05T13:06:12.538+0300][175.013s][info ][gc] GC(433) Pause Young (Normal) (G1 Evacuation Pause) 154M->2M(256M) 0.791ms
[2025-03-05T13:06:13.011+0300][175.486s][info ][gc] GC(434) Pause Young (Normal) (G1 Evacuation Pause) 154M->3M(256M) 2.330ms
[2025-03-05T13:06:13.472+0300][175.947s][info ][gc] GC(435) Pause Young (Normal) (G1 Evacuation Pause) 154M->5M(256M) 3.733ms
[2025-03-05T13:06:13.940+0300][176.415s][info ][gc] GC(436) Pause Young (Normal) (G1 Evacuation Pause) 155M->3M(256M) 1.258ms
[2025-03-05T13:06:14.385+0300][176.860s][info ][gc] GC(437) Pause Young (Normal) (G1 Evacuation Pause) 155M->4M(256M) 3.188ms
[2025-03-05T13:06:14.827+0300][177.302s][info ][gc] GC(438) Pause Young (Normal) (G1 Evacuation Pause) 154M->5M(256M) 4.018ms
[2025-03-05T13:06:15.310+0300][177.785s][info ][gc] GC(439) Pause Young (Normal) (G1 Evacuation Pause) 154M->3M(256M) 1.772ms
[2025-03-05T13:06:15.792+0300][178.267s][info ][gc] GC(440) Pause Young (Normal) (G1 Evacuation Pause) 154M->4M(256M) 3.763ms
[2025-03-05T13:06:16.225+0300][178.700s][info ][gc] GC(441) Pause Young (Normal) (G1 Evacuation Pause) 154M->2M(256M) 1.015ms
[2025-03-05T13:06:16.725+0300][179.200s][info ][gc] GC(442) Pause Young (Normal) (G1 Evacuation Pause) 154M->4M(256M) 3.103ms
[2025-03-05T13:06:17.164+0300][179.638s][info ][gc] GC(443) Pause Young (Normal) (G1 Evacuation Pause) 155M->5M(256M) 4.174ms
[2025-03-05T13:06:17.583+0300][180.058s][info ][gc] GC(444) Pause Young (Normal) (G1 Evacuation Pause) 155M->3M(256M) 1.529ms
[2025-03-05T13:06:18.084+0300][180.558s][info ][gc] GC(445) Pause Young (Normal) (G1 Evacuation Pause) 155M->4M(256M) 2.848ms
[2025-03-05T13:06:18.668+0300][181.143s][info ][gc] GC(446) Pause Young (Normal) (G1 Evacuation Pause) 154M->2M(256M) 1.050ms
[2025-03-05T13:06:19.171+0300][181.646s][info ][gc] GC(447) Pause Young (Normal) (G1 Evacuation Pause) 154M->3M(256M) 2.342ms
[2025-03-05T13:06:19.626+0300][182.101s][info ][gc] GC(448) Pause Young (Normal) (G1 Evacuation Pause) 154M->5M(256M) 3.849ms
[2025-03-05T13:06:20.166+0300][182.641s][info ][gc] GC(449) Pause Young (Normal) (G1 Evacuation Pause) 155M->3M(256M) 1.881ms
[2025-03-05T13:06:20.672+0300][183.147s][info ][gc] GC(450) Pause Young (Normal) (G1 Evacuation Pause) 155M->4M(256M) 2.719ms
[2025-03-05T13:06:21.265+0300][183.739s][info ][gc] GC(451) Pause Young (Normal) (G1 Evacuation Pause) 155M->2M(256M) 0.533ms
[2025-03-05T13:06:21.900+0300][184.375s][info ][gc] GC(452) Pause Young (Normal) (G1 Evacuation Pause) 154M->3M(256M) 2.540ms
[2025-03-05T13:06:22.365+0300][184.840s][info ][gc] GC(453) Pause Young (Normal) (G1 Evacuation Pause) 154M->5M(256M) 3.177ms
[2025-03-05T13:06:22.812+0300][185.287s][info ][gc] GC(454) Pause Young (Normal) (G1 Evacuation Pause) 155M->3M(256M) 1.195ms
[2025-03-05T13:06:23.368+0300][185.843s][info ][gc] GC(455) Pause Young (Normal) (G1 Evacuation Pause) 155M->4M(256M) 3.160ms
[2025-03-05T13:06:23.978+0300][186.454s][info ][gc] GC(456) Pause Young (Normal) (G1 Evacuation Pause) 155M->5M(256M) 3.981ms
[2025-03-05T13:06:24.440+0300][186.915s][info ][gc] GC(457) Pause Young (Normal) (G1 Evacuation Pause) 154M->3M(256M) 2.097ms
[2025-03-05T13:06:24.920+0300][187.395s][info ][gc] GC(458) Pause Young (Normal) (G1 Evacuation Pause) 154M->4M(256M) 3.435ms
[2025-03-05T13:06:25.359+0300][187.834s][info ][gc] GC(459) Pause Young (Normal) (G1 Evacuation Pause) 154M->2M(256M) 1.001ms
[2025-03-05T13:06:25.804+0300][188.278s][info ][gc] GC(460) Pause Young (Normal) (G1 Evacuation Pause) 154M->4M(256M) 2.800ms
[2025-03-05T13:06:26.249+0300][188.723s][info ][gc] GC(461) Pause Young (Normal) (G1 Evacuation Pause) 155M->5M(256M) 3.672ms
[2025-03-05T13:06:26.681+0300][189.156s][info ][gc] GC(462) Pause Young (Normal) (G1 Evacuation Pause) 155M->3M(256M) 1.700ms
[2025-03-05T13:06:27.091+0300][189.566s][info ][gc] GC(463) Pause Young (Normal) (G1 Evacuation Pause) 155M->4M(256M) 2.662ms
[2025-03-05T13:06:27.487+0300][189.962s][info ][gc] GC(464) Pause Young (Normal) (G1 Evacuation Pause) 154M->2M(256M) 0.793ms
[2025-03-05T13:06:27.894+0300][190.369s][info ][gc] GC(465) Pause Young (Normal) (G1 Evacuation Pause) 154M->3M(256M) 2.133ms
[2025-03-05T13:06:28.298+0300][190.773s][info ][gc] GC(466) Pause Young (Normal) (G1 Evacuation Pause) 154M->5M(256M) 3.254ms
[2025-03-05T13:06:28.704+0300][191.179s][info ][gc] GC(467) Pause Young (Normal) (G1 Evacuation Pause) 155M->3M(256M) 1.469ms
[2025-03-05T13:06:29.109+0300][191.584s][info ][gc] GC(468) Pause Young (Normal) (G1 Evacuation Pause) 155M->4M(256M) 2.626ms
[2025-03-05T13:06:29.521+0300][191.997s][info ][gc] GC(469) Pause Young (Normal) (G1 Evacuation Pause) 154M->5M(256M) 4.549ms
[2025-03-05T13:06:29.917+0300][192.392s][info ][gc] GC(470) Pause Young (Normal) (G1 Evacuation Pause) 154M->3M(256M) 1.897ms
[2025-03-05T13:06:30.322+0300][192.798s][info ][gc] GC(471) Pause Young (Normal) (G1 Evacuation Pause) 154M->4M(256M) 2.907ms
[2025-03-05T13:06:30.732+0300][193.207s][info ][gc] GC(472) Pause Young (Normal) (G1 Evacuation Pause) 154M->2M(256M) 1.099ms
[2025-03-05T13:06:31.139+0300][193.613s][info ][gc] GC(473) Pause Young (Normal) (G1 Evacuation Pause) 154M->4M(256M) 2.304ms
[2025-03-05T13:06:31.539+0300][194.014s][info ][gc] GC(474) Pause Young (Normal) (G1 Evacuation Pause) 155M->5M(256M) 3.448ms
[2025-03-05T13:06:31.936+0300][194.411s][info ][gc] GC(475) Pause Young (Normal) (G1 Evacuation Pause) 155M->3M(256M) 1.603ms
[2025-03-05T13:06:32.335+0300][194.810s][info ][gc] GC(476) Pause Young (Normal) (G1 Evacuation Pause) 155M->4M(256M) 2.952ms
[2025-03-05T13:06:32.740+0300][195.216s][info ][gc] GC(477) Pause Young (Normal) (G1 Evacuation Pause) 154M->2M(256M) 0.682ms
[2025-03-05T13:06:33.154+0300][195.629s][info ][gc] GC(478) Pause Young (Normal) (G1 Evacuation Pause) 154M->3M(256M) 2.260ms
[2025-03-05T13:06:33.557+0300][196.031s][info ][gc] GC(479) Pause Young (Normal) (G1 Evacuation Pause) 154M->5M(256M) 3.684ms
[2025-03-05T13:06:33.954+0300][196.429s][info ][gc] GC(480) Pause Young (Normal) (G1 Evacuation Pause) 155M->3M(256M) 1.482ms
[2025-03-05T13:06:34.356+0300][196.832s][info ][gc] GC(481) Pause Young (Normal) (G1 Evacuation Pause) 155M->4M(256M) 2.632ms
[2025-03-05T13:06:34.758+0300][197.233s][info ][gc] GC(482) Pause Young (Normal) (G1 Evacuation Pause) 154M->5M(256M) 3.700ms
[2025-03-05T13:06:35.276+0300][197.751s][info ][gc] GC(483) Pause Young (Normal) (G1 Evacuation Pause) 154M->3M(256M) 1.584ms
[2025-03-05T13:06:35.678+0300][198.153s][info ][gc] GC(484) Pause Young (Normal) (G1 Evacuation Pause) 154M->4M(256M) 2.805ms
[2025-03-05T13:06:36.180+0300][198.656s][info ][gc] GC(485) Pause Young (Normal) (G1 Evacuation Pause) 154M->2M(256M) 0.929ms
[2025-03-05T13:06:36.580+0300][199.055s][info ][gc] GC(486) Pause Young (Normal) (G1 Evacuation Pause) 154M->4M(256M) 2.103ms
[2025-03-05T13:06:36.985+0300][199.460s][info ][gc] GC(487) Pause Young (Normal) (G1 Evacuation Pause) 155M->5M(256M) 3.989ms
[2025-03-05T13:06:37.380+0300][199.854s][info ][gc] GC(488) Pause Young (Normal) (G1 Evacuation Pause) 155M->3M(256M) 1.354ms
[2025-03-05T13:06:37.782+0300][200.258s][info ][gc] GC(489) Pause Young (Normal) (G1 Evacuation Pause) 155M->4M(256M) 2.651ms
[2025-03-05T13:06:38.197+0300][200.672s][info ][gc] GC(490) Pause Young (Normal) (G1 Evacuation Pause) 154M->2M(256M) 0.783ms
[2025-03-05T13:06:38.859+0300][201.334s][info ][gc] GC(491) Pause Young (Normal) (G1 Evacuation Pause) 154M->3M(256M) 1.673ms
[2025-03-05T13:06:39.264+0300][201.739s][info ][gc] GC(492) Pause Young (Normal) (G1 Evacuation Pause) 154M->5M(256M) 3.566ms
[2025-03-05T13:06:39.666+0300][202.141s][info ][gc] GC(493) Pause Young (Normal) (G1 Evacuation Pause) 155M->3M(256M) 1.178ms
[2025-03-05T13:06:40.067+0300][202.542s][info ][gc] GC(494) Pause Young (Normal) (G1 Evacuation Pause) 155M->4M(256M) 2.589ms
[2025-03-05T13:06:40.470+0300][202.945s][info ][gc] GC(495) Pause Young (Normal) (G1 Evacuation Pause) 155M->5M(256M) 4.068ms
[2025-03-05T13:06:40.871+0300][203.346s][info ][gc] GC(496) Pause Young (Normal) (G1 Evacuation Pause) 154M->3M(256M) 1.785ms
[2025-03-05T13:06:41.272+0300][203.746s][info ][gc] GC(497) Pause Young (Normal) (G1 Evacuation Pause) 154M->4M(256M) 3.210ms
[2025-03-05T13:06:41.667+0300][204.142s][info ][gc] GC(498) Pause Young (Normal) (G1 Evacuation Pause) 154M->2M(256M) 0.963ms
[2025-03-05T13:06:42.070+0300][204.545s][info ][gc] GC(499) Pause Young (Normal) (G1 Evacuation Pause) 154M->4M(256M) 2.425ms
[2025-03-05T13:06:42.469+0300][204.944s][info ][gc] GC(500) Pause Young (Normal) (G1 Evacuation Pause) 155M->5M(256M) 3.701ms
[2025-03-05T13:06:42.866+0300][205.340s][info ][gc] GC(501) Pause Young (Normal) (G1 Evacuation Pause) 155M->3M(256M) 1.256ms
[2025-03-05T13:06:43.274+0300][205.748s][info ][gc] GC(502) Pause Young (Normal) (G1 Evacuation Pause) 155M->4M(256M) 2.757ms
[2025-03-05T13:06:43.669+0300][206.144s][info ][gc] GC(503) Pause Young (Normal) (G1 Evacuation Pause) 154M->2M(256M) 1.078ms
[2025-03-05T13:06:44.071+0300][206.546s][info ][gc] GC(504) Pause Young (Normal) (G1 Evacuation Pause) 154M->3M(256M) 2.150ms
[2025-03-05T13:06:44.468+0300][206.943s][info ][gc] GC(505) Pause Young (Normal) (G1 Evacuation Pause) 154M->5M(256M) 3.452ms
[2025-03-05T13:06:44.865+0300][207.340s][info ][gc] GC(506) Pause Young (Normal) (G1 Evacuation Pause) 155M->3M(256M) 1.263ms
[2025-03-05T13:06:45.266+0300][207.740s][info ][gc] GC(507) Pause Young (Normal) (G1 Evacuation Pause) 155M->4M(256M) 2.774ms
[2025-03-05T13:06:45.663+0300][208.137s][info ][gc] GC(508) Pause Young (Normal) (G1 Evacuation Pause) 154M->5M(256M) 3.809ms
[2025-03-05T13:06:46.053+0300][208.528s][info ][gc] GC(509) Pause Young (Normal) (G1 Evacuation Pause) 154M->3M(256M) 1.595ms
[2025-03-05T13:06:46.450+0300][208.925s][info ][gc] GC(510) Pause Young (Normal) (G1 Evacuation Pause) 154M->4M(256M) 2.889ms
[2025-03-05T13:06:46.848+0300][209.324s][info ][gc] GC(511) Pause Young (Normal) (G1 Evacuation Pause) 154M->2M(256M) 1.072ms
[2025-03-05T13:06:47.252+0300][209.727s][info ][gc] GC(512) Pause Young (Normal) (G1 Evacuation Pause) 154M->4M(256M) 2.707ms
[2025-03-05T13:06:47.653+0300][210.128s][info ][gc] GC(513) Pause Young (Normal) (G1 Evacuation Pause) 155M->5M(256M) 3.990ms
[2025-03-05T13:06:48.049+0300][210.524s][info ][gc] GC(514) Pause Young (Normal) (G1 Evacuation Pause) 155M->3M(256M) 1.506ms
[2025-03-05T13:06:48.448+0300][210.923s][info ][gc] GC(515) Pause Young (Normal) (G1 Evacuation Pause) 155M->4M(256M) 2.687ms
[2025-03-05T13:06:48.857+0300][211.331s][info ][gc] GC(516) Pause Young (Normal) (G1 Evacuation Pause) 154M->2M(256M) 0.877ms
[2025-03-05T13:06:49.260+0300][211.735s][info ][gc] GC(517) Pause Young (Normal) (G1 Evacuation Pause) 154M->3M(256M) 2.048ms
[2025-03-05T13:06:49.659+0300][212.134s][info ][gc] GC(518) Pause Young (Normal) (G1 Evacuation Pause) 154M->5M(256M) 3.627ms
[2025-03-05T13:06:50.062+0300][212.538s][info ][gc] GC(519) Pause Young (Normal) (G1 Evacuation Pause) 155M->3M(256M) 1.160ms
[2025-03-05T13:06:50.462+0300][212.937s][info ][gc] GC(520) Pause Young (Normal) (G1 Evacuation Pause) 155M->4M(256M) 2.795ms
[2025-03-05T13:06:50.862+0300][213.337s][info ][gc] GC(521) Pause Young (Normal) (G1 Evacuation Pause) 154M->5M(256M) 3.819ms
[2025-03-05T13:06:51.257+0300][213.731s][info ][gc] GC(522) Pause Young (Normal) (G1 Evacuation Pause) 154M->3M(256M) 1.944ms
[2025-03-05T13:06:51.808+0300][214.283s][info ][gc] GC(523) Pause Young (Normal) (G1 Evacuation Pause) 154M->4M(256M) 3.239ms
[2025-03-05T13:06:52.247+0300][214.722s][info ][gc] GC(524) Pause Young (Normal) (G1 Evacuation Pause) 154M->2M(256M) 0.937ms
[2025-03-05T13:06:52.692+0300][215.168s][info ][gc] GC(525) Pause Young (Normal) (G1 Evacuation Pause) 154M->4M(256M) 2.624ms
[2025-03-05T13:06:53.166+0300][215.641s][info ][gc] GC(526) Pause Young (Normal) (G1 Evacuation Pause) 155M->5M(256M) 3.624ms
[2025-03-05T13:06:53.807+0300][216.282s][info ][gc] GC(527) Pause Young (Normal) (G1 Evacuation Pause) 155M->3M(256M) 1.489ms
[2025-03-05T13:06:54.254+0300][216.729s][info ][gc] GC(528) Pause Young (Normal) (G1 Evacuation Pause) 155M->4M(256M) 2.937ms
[2025-03-05T13:06:54.696+0300][217.171s][info ][gc] GC(529) Pause Young (Normal) (G1 Evacuation Pause) 154M->2M(256M) 0.825ms
[2025-03-05T13:06:55.137+0300][217.611s][info ][gc] GC(530) Pause Young (Normal) (G1 Evacuation Pause) 154M->3M(256M) 2.545ms
[2025-03-05T13:06:55.569+0300][218.044s][info ][gc] GC(531) Pause Young (Normal) (G1 Evacuation Pause) 154M->5M(256M) 3.558ms
[2025-03-05T13:06:56.001+0300][218.476s][info ][gc] GC(532) Pause Young (Normal) (G1 Evacuation Pause) 155M->3M(256M) 1.394ms
[2025-03-05T13:06:56.445+0300][218.920s][info ][gc] GC(533) Pause Young (Normal) (G1 Evacuation Pause) 155M->4M(256M) 3.280ms
[2025-03-05T13:06:56.859+0300][219.334s][info ][gc] GC(534) Pause Young (Normal) (G1 Evacuation Pause) 155M->2M(256M) 0.593ms
[2025-03-05T13:06:57.267+0300][219.742s][info ][gc] GC(535) Pause Young (Normal) (G1 Evacuation Pause) 154M->3M(256M) 2.153ms
[2025-03-05T13:06:57.671+0300][220.146s][info ][gc] GC(536) Pause Young (Normal) (G1 Evacuation Pause) 154M->5M(256M) 3.697ms
[2025-03-05T13:06:58.067+0300][220.542s][info ][gc] GC(537) Pause Young (Normal) (G1 Evacuation Pause) 155M->3M(256M) 1.292ms
[2025-03-05T13:06:58.468+0300][220.944s][info ][gc] GC(538) Pause Young (Normal) (G1 Evacuation Pause) 155M->4M(256M) 2.880ms
[2025-03-05T13:06:58.871+0300][221.346s][info ][gc] GC(539) Pause Young (Normal) (G1 Evacuation Pause) 154M->5M(256M) 4.303ms
[2025-03-05T13:06:59.272+0300][221.746s][info ][gc] GC(540) Pause Young (Normal) (G1 Evacuation Pause) 154M->3M(256M) 1.531ms
[2025-03-05T13:06:59.684+0300][222.159s][info ][gc] GC(541) Pause Young (Normal) (G1 Evacuation Pause) 154M->4M(256M) 2.789ms
[2025-03-05T13:07:00.081+0300][222.556s][info ][gc] GC(542) Pause Young (Normal) (G1 Evacuation Pause) 154M->2M(256M) 0.963ms
[2025-03-05T13:07:00.487+0300][222.962s][info ][gc] GC(543) Pause Young (Normal) (G1 Evacuation Pause) 154M->3M(256M) 2.516ms
[2025-03-05T13:07:00.897+0300][223.373s][info ][gc] GC(544) Pause Young (Normal) (G1 Evacuation Pause) 154M->5M(256M) 3.334ms
[2025-03-05T13:07:01.351+0300][223.826s][info ][gc] GC(545) Pause Young (Normal) (G1 Evacuation Pause) 155M->3M(256M) 1.402ms
[2025-03-05T13:07:01.766+0300][224.241s][info ][gc] GC(546) Pause Young (Normal) (G1 Evacuation Pause) 155M->4M(256M) 2.764ms
[2025-03-05T13:07:02.164+0300][224.640s][info ][gc] GC(547) Pause Young (Normal) (G1 Evacuation Pause) 154M->5M(256M) 3.782ms
[2025-03-05T13:07:02.573+0300][225.048s][info ][gc] GC(548) Pause Young (Normal) (G1 Evacuation Pause) 154M->3M(256M) 2.010ms
[2025-03-05T13:07:02.977+0300][225.452s][info ][gc] GC(549) Pause Young (Normal) (G1 Evacuation Pause) 154M->4M(256M) 3.262ms
[2025-03-05T13:07:03.374+0300][225.848s][info ][gc] GC(550) Pause Young (Normal) (G1 Evacuation Pause) 154M->2M(256M) 1.169ms
[2025-03-05T13:07:03.786+0300][226.261s][info ][gc] GC(551) Pause Young (Normal) (G1 Evacuation Pause) 154M->4M(256M) 2.284ms
[2025-03-05T13:07:04.184+0300][226.659s][info ][gc] GC(552) Pause Young (Normal) (G1 Evacuation Pause) 155M->5M(256M) 3.608ms
[2025-03-05T13:07:04.586+0300][227.061s][info ][gc] GC(553) Pause Young (Normal) (G1 Evacuation Pause) 155M->3M(256M) 1.502ms
[2025-03-05T13:07:04.990+0300][227.465s][info ][gc] GC(554) Pause Young (Normal) (G1 Evacuation Pause) 155M->4M(256M) 3.289ms
[2025-03-05T13:07:05.384+0300][227.859s][info ][gc] GC(555) Pause Young (Normal) (G1 Evacuation Pause) 154M->2M(256M) 0.985ms
[2025-03-05T13:07:05.789+0300][228.264s][info ][gc] GC(556) Pause Young (Normal) (G1 Evacuation Pause) 154M->3M(256M) 2.336ms
[2025-03-05T13:07:06.191+0300][228.666s][info ][gc] GC(557) Pause Young (Normal) (G1 Evacuation Pause) 154M->5M(256M) 3.746ms
[2025-03-05T13:07:06.586+0300][229.061s][info ][gc] GC(558) Pause Young (Normal) (G1 Evacuation Pause) 155M->3M(256M) 1.151ms
[2025-03-05T13:07:06.985+0300][229.460s][info ][gc] GC(559) Pause Young (Normal) (G1 Evacuation Pause) 155M->4M(256M) 3.043ms
[2025-03-05T13:07:07.390+0300][229.864s][info ][gc] GC(560) Pause Young (Normal) (G1 Evacuation Pause) 154M->5M(256M) 4.198ms
[2025-03-05T13:07:07.789+0300][230.264s][info ][gc] GC(561) Pause Young (Normal) (G1 Evacuation Pause) 154M->3M(256M) 1.928ms
[2025-03-05T13:07:08.207+0300][230.682s][info ][gc] GC(562) Pause Young (Normal) (G1 Evacuation Pause) 154M->4M(256M) 3.008ms
[2025-03-05T13:07:08.717+0300][231.192s][info ][gc] GC(563) Pause Young (Normal) (G1 Evacuation Pause) 154M->2M(256M) 1.033ms
[2025-03-05T13:07:09.130+0300][231.605s][info ][gc] GC(564) Pause Young (Normal) (G1 Evacuation Pause) 154M->4M(256M) 1.997ms
[2025-03-05T13:07:09.643+0300][232.118s][info ][gc] GC(565) Pause Young (Normal) (G1 Evacuation Pause) 155M->5M(256M) 3.481ms
[2025-03-05T13:07:10.036+0300][232.511s][info ][gc] GC(566) Pause Young (Normal) (G1 Evacuation Pause) 155M->3M(256M) 1.440ms
[2025-03-05T13:07:10.438+0300][232.913s][info ][gc] GC(567) Pause Young (Normal) (G1 Evacuation Pause) 155M->4M(256M) 2.934ms
[2025-03-05T13:07:10.841+0300][233.315s][info ][gc] GC(568) Pause Young (Normal) (G1 Evacuation Pause) 154M->2M(256M) 0.786ms
[2025-03-05T13:07:11.242+0300][233.717s][info ][gc] GC(569) Pause Young (Normal) (G1 Evacuation Pause) 154M->3M(256M) 2.075ms
[2025-03-05T13:07:11.643+0300][234.118s][info ][gc] GC(570) Pause Young (Normal) (G1 Evacuation Pause) 154M->5M(256M) 3.297ms
[2025-03-05T13:07:12.057+0300][234.532s][info ][gc] GC(571) Pause Young (Normal) (G1 Evacuation Pause) 155M->3M(256M) 1.470ms
[2025-03-05T13:07:12.465+0300][234.941s][info ][gc] GC(572) Pause Young (Normal) (G1 Evacuation Pause) 155M->4M(256M) 2.703ms
[2025-03-05T13:07:12.867+0300][235.341s][info ][gc] GC(573) Pause Young (Normal) (G1 Evacuation Pause) 154M->5M(256M) 3.583ms
[2025-03-05T13:07:13.279+0300][235.755s][info ][gc] GC(574) Pause Young (Normal) (G1 Evacuation Pause) 154M->3M(256M) 1.884ms
[2025-03-05T13:07:13.676+0300][236.151s][info ][gc] GC(575) Pause Young (Normal) (G1 Evacuation Pause) 154M->4M(256M) 2.803ms
[2025-03-05T13:07:14.076+0300][236.551s][info ][gc] GC(576) Pause Young (Normal) (G1 Evacuation Pause) 154M->2M(256M) 0.935ms
[2025-03-05T13:07:14.476+0300][236.951s][info ][gc] GC(577) Pause Young (Normal) (G1 Evacuation Pause) 154M->4M(256M) 1.985ms
[2025-03-05T13:07:14.885+0300][237.359s][info ][gc] GC(578) Pause Young (Normal) (G1 Evacuation Pause) 155M->5M(256M) 3.281ms
[2025-03-05T13:07:15.278+0300][237.752s][info ][gc] GC(579) Pause Young (Normal) (G1 Evacuation Pause) 155M->3M(256M) 1.331ms
[2025-03-05T13:07:15.694+0300][238.169s][info ][gc] GC(580) Pause Young (Normal) (G1 Evacuation Pause) 155M->4M(256M) 2.534ms
[2025-03-05T13:07:16.090+0300][238.565s][info ][gc] GC(581) Pause Young (Normal) (G1 Evacuation Pause) 154M->2M(256M) 0.986ms
[2025-03-05T13:07:16.497+0300][238.972s][info ][gc] GC(582) Pause Young (Normal) (G1 Evacuation Pause) 154M->3M(256M) 1.984ms
[2025-03-05T13:07:16.907+0300][239.382s][info ][gc] GC(583) Pause Young (Normal) (G1 Evacuation Pause) 154M->5M(256M) 3.472ms
[2025-03-05T13:07:17.304+0300][239.779s][info ][gc] GC(584) Pause Young (Normal) (G1 Evacuation Pause) 155M->3M(256M) 1.432ms
[2025-03-05T13:07:17.707+0300][240.182s][info ][gc] GC(585) Pause Young (Normal) (G1 Evacuation Pause) 155M->4M(256M) 2.773ms
[2025-03-05T13:07:18.104+0300][240.579s][info ][gc] GC(586) Pause Young (Normal) (G1 Evacuation Pause) 154M->5M(256M) 3.863ms
[2025-03-05T13:07:18.496+0300][240.971s][info ][gc] GC(587) Pause Young (Normal) (G1 Evacuation Pause) 154M->3M(256M) 1.595ms
[2025-03-05T13:07:18.908+0300][241.383s][info ][gc] GC(588) Pause Young (Normal) (G1 Evacuation Pause) 154M->4M(256M) 2.919ms
[2025-03-05T13:07:19.318+0300][241.793s][info ][gc] GC(589) Pause Young (Normal) (G1 Evacuation Pause) 154M->2M(256M) 1.068ms
[2025-03-05T13:07:19.754+0300][242.230s][info ][gc] GC(590) Pause Young (Normal) (G1 Evacuation Pause) 154M->4M(256M) 2.589ms
[2025-03-05T13:07:20.197+0300][242.671s][info ][gc] GC(591) Pause Young (Normal) (G1 Evacuation Pause) 155M->5M(256M) 3.786ms
[2025-03-05T13:07:20.637+0300][243.111s][info ][gc] GC(592) Pause Young (Normal) (G1 Evacuation Pause) 155M->3M(256M) 1.427ms
[2025-03-05T13:07:21.244+0300][243.719s][info ][gc] GC(593) Pause Young (Normal) (G1 Evacuation Pause) 155M->4M(256M) 2.926ms
[2025-03-05T13:07:21.680+0300][244.155s][info ][gc] GC(594) Pause Young (Normal) (G1 Evacuation Pause) 154M->2M(256M) 0.916ms
[2025-03-05T13:07:22.132+0300][244.607s][info ][gc] GC(595) Pause Young (Normal) (G1 Evacuation Pause) 154M->3M(256M) 1.940ms
[2025-03-05T13:07:22.575+0300][245.050s][info ][gc] GC(596) Pause Young (Normal) (G1 Evacuation Pause) 154M->5M(256M) 3.563ms
[2025-03-05T13:07:23.010+0300][245.486s][info ][gc] GC(597) Pause Young (Normal) (G1 Evacuation Pause) 155M->3M(256M) 1.361ms
[2025-03-05T13:07:23.651+0300][246.126s][info ][gc] GC(598) Pause Young (Normal) (G1 Evacuation Pause) 155M->4M(256M) 2.955ms
[2025-03-05T13:07:24.135+0300][246.610s][info ][gc] GC(599) Pause Young (Normal) (G1 Evacuation Pause) 154M->5M(256M) 4.037ms
[2025-03-05T13:07:24.559+0300][247.035s][info ][gc] GC(600) Pause Young (Normal) (G1 Evacuation Pause) 154M->3M(256M) 1.601ms
[2025-03-05T13:07:24.959+0300][247.434s][info ][gc] GC(601) Pause Young (Normal) (G1 Evacuation Pause) 154M->4M(256M) 3.040ms
[2025-03-05T13:07:25.351+0300][247.826s][info ][gc] GC(602) Pause Young (Normal) (G1 Evacuation Pause) 154M->2M(256M) 0.993ms
[2025-03-05T13:07:25.756+0300][248.231s][info ][gc] GC(603) Pause Young (Normal) (G1 Evacuation Pause) 154M->4M(256M) 2.139ms
[2025-03-05T13:07:26.155+0300][248.630s][info ][gc] GC(604) Pause Young (Normal) (G1 Evacuation Pause) 155M->5M(256M) 3.857ms
[2025-03-05T13:07:26.565+0300][249.039s][info ][gc] GC(605) Pause Young (Normal) (G1 Evacuation Pause) 155M->3M(256M) 1.275ms
[2025-03-05T13:07:26.999+0300][249.475s][info ][gc] GC(606) Pause Young (Normal) (G1 Evacuation Pause) 155M->4M(256M) 2.987ms
[2025-03-05T13:07:27.411+0300][249.887s][info ][gc] GC(607) Pause Young (Normal) (G1 Evacuation Pause) 154M->2M(256M) 0.371ms
[2025-03-05T13:07:27.832+0300][250.307s][info ][gc] GC(608) Pause Young (Normal) (G1 Evacuation Pause) 154M->3M(256M) 2.310ms
[2025-03-05T13:07:28.244+0300][250.720s][info ][gc] GC(609) Pause Young (Normal) (G1 Evacuation Pause) 154M->5M(256M) 3.557ms
[2025-03-05T13:07:28.669+0300][251.143s][info ][gc] GC(610) Pause Young (Normal) (G1 Evacuation Pause) 155M->3M(256M) 1.153ms
[2025-03-05T13:07:29.072+0300][251.547s][info ][gc] GC(611) Pause Young (Normal) (G1 Evacuation Pause) 155M->4M(256M) 2.612ms
[2025-03-05T13:07:29.478+0300][251.952s][info ][gc] GC(612) Pause Young (Normal) (G1 Evacuation Pause) 155M->5M(256M) 3.539ms
[2025-03-05T13:07:29.874+0300][252.349s][info ][gc] GC(613) Pause Young (Normal) (G1 Evacuation Pause) 154M->3M(256M) 1.961ms
[2025-03-05T13:07:30.299+0300][252.773s][info ][gc] GC(614) Pause Young (Normal) (G1 Evacuation Pause) 154M->4M(256M) 4.274ms
[2025-03-05T13:07:30.718+0300][253.193s][info ][gc] GC(615) Pause Young (Normal) (G1 Evacuation Pause) 154M->2M(256M) 0.931ms
[2025-03-05T13:07:31.216+0300][253.690s][info ][gc] GC(616) Pause Young (Normal) (G1 Evacuation Pause) 154M->4M(256M) 2.226ms
[2025-03-05T13:07:31.654+0300][254.130s][info ][gc] GC(617) Pause Young (Normal) (G1 Evacuation Pause) 155M->5M(256M) 3.451ms
[2025-03-05T13:07:32.059+0300][254.534s][info ][gc] GC(618) Pause Young (Normal) (G1 Evacuation Pause) 155M->3M(256M) 1.501ms
[2025-03-05T13:07:32.456+0300][254.930s][info ][gc] GC(619) Pause Young (Normal) (G1 Evacuation Pause) 155M->4M(256M) 2.633ms
[2025-03-05T13:07:32.853+0300][255.328s][info ][gc] GC(620) Pause Young (Normal) (G1 Evacuation Pause) 154M->2M(256M) 0.912ms
[2025-03-05T13:07:33.247+0300][255.722s][info ][gc] GC(621) Pause Young (Normal) (G1 Evacuation Pause) 154M->3M(256M) 2.080ms
[2025-03-05T13:07:33.640+0300][256.114s][info ][gc] GC(622) Pause Young (Normal) (G1 Evacuation Pause) 154M->5M(256M) 3.229ms
[2025-03-05T13:07:34.030+0300][256.505s][info ][gc] GC(623) Pause Young (Normal) (G1 Evacuation Pause) 155M->3M(256M) 1.348ms
[2025-03-05T13:07:34.423+0300][256.898s][info ][gc] GC(624) Pause Young (Normal) (G1 Evacuation Pause) 155M->4M(256M) 2.322ms
[2025-03-05T13:07:34.819+0300][257.294s][info ][gc] GC(625) Pause Young (Normal) (G1 Evacuation Pause) 154M->5M(256M) 3.678ms
[2025-03-05T13:07:35.215+0300][257.690s][info ][gc] GC(626) Pause Young (Normal) (G1 Evacuation Pause) 154M->3M(256M) 1.820ms
[2025-03-05T13:07:35.609+0300][258.084s][info ][gc] GC(627) Pause Young (Normal) (G1 Evacuation Pause) 154M->4M(256M) 3.026ms
[2025-03-05T13:07:35.999+0300][258.474s][info ][gc] GC(628) Pause Young (Normal) (G1 Evacuation Pause) 154M->2M(256M) 0.805ms
[2025-03-05T13:07:36.395+0300][258.870s][info ][gc] GC(629) Pause Young (Normal) (G1 Evacuation Pause) 154M->4M(256M) 2.162ms
[2025-03-05T13:07:36.794+0300][259.269s][info ][gc] GC(630) Pause Young (Normal) (G1 Evacuation Pause) 155M->5M(256M) 3.666ms
[2025-03-05T13:07:37.183+0300][259.658s][info ][gc] GC(631) Pause Young (Normal) (G1 Evacuation Pause) 155M->3M(256M) 1.429ms
[2025-03-05T13:07:37.595+0300][260.070s][info ][gc] GC(632) Pause Young (Normal) (G1 Evacuation Pause) 155M->4M(256M) 2.647ms
[2025-03-05T13:07:37.980+0300][260.455s][info ][gc] GC(633) Pause Young (Normal) (G1 Evacuation Pause) 154M->2M(256M) 0.848ms
[2025-03-05T13:07:38.379+0300][260.853s][info ][gc] GC(634) Pause Young (Normal) (G1 Evacuation Pause) 154M->3M(256M) 2.111ms
[2025-03-05T13:07:38.775+0300][261.250s][info ][gc] GC(635) Pause Young (Normal) (G1 Evacuation Pause) 154M->5M(256M) 3.107ms
[2025-03-05T13:07:39.164+0300][261.638s][info ][gc] GC(636) Pause Young (Normal) (G1 Evacuation Pause) 155M->3M(256M) 1.387ms
[2025-03-05T13:07:39.559+0300][262.034s][info ][gc] GC(637) Pause Young (Normal) (G1 Evacuation Pause) 155M->4M(256M) 2.888ms
[2025-03-05T13:07:39.950+0300][262.424s][info ][gc] GC(638) Pause Young (Normal) (G1 Evacuation Pause) 155M->2M(256M) 0.794ms
[2025-03-05T13:07:40.344+0300][262.819s][info ][gc] GC(639) Pause Young (Normal) (G1 Evacuation Pause) 154M->3M(256M) 1.994ms
[2025-03-05T13:07:40.766+0300][263.241s][info ][gc] GC(640) Pause Young (Normal) (G1 Evacuation Pause) 154M->5M(256M) 3.375ms
[2025-03-05T13:07:41.207+0300][263.682s][info ][gc] GC(641) Pause Young (Normal) (G1 Evacuation Pause) 155M->3M(256M) 1.439ms
[2025-03-05T13:07:41.610+0300][264.085s][info ][gc] GC(642) Pause Young (Normal) (G1 Evacuation Pause) 155M->4M(256M) 2.866ms
[2025-03-05T13:07:42.026+0300][264.500s][info ][gc] GC(643) Pause Young (Normal) (G1 Evacuation Pause) 155M->5M(256M) 4.030ms
[2025-03-05T13:07:42.448+0300][264.923s][info ][gc] GC(644) Pause Young (Normal) (G1 Evacuation Pause) 154M->3M(256M) 1.861ms
[2025-03-05T13:07:42.926+0300][265.401s][info ][gc] GC(645) Pause Young (Normal) (G1 Evacuation Pause) 154M->4M(256M) 2.947ms
[2025-03-05T13:07:43.355+0300][265.830s][info ][gc] GC(646) Pause Young (Normal) (G1 Evacuation Pause) 154M->2M(256M) 1.124ms
[2025-03-05T13:07:43.777+0300][266.251s][info ][gc] GC(647) Pause Young (Normal) (G1 Evacuation Pause) 154M->4M(256M) 2.097ms
[2025-03-05T13:07:44.202+0300][266.677s][info ][gc] GC(648) Pause Young (Normal) (G1 Evacuation Pause) 155M->5M(256M) 3.498ms
[2025-03-05T13:07:44.631+0300][267.106s][info ][gc] GC(649) Pause Young (Normal) (G1 Evacuation Pause) 155M->3M(256M) 1.536ms
[2025-03-05T13:07:45.036+0300][267.511s][info ][gc] GC(650) Pause Young (Normal) (G1 Evacuation Pause) 155M->4M(256M) 2.682ms
[2025-03-05T13:07:45.455+0300][267.930s][info ][gc] GC(651) Pause Young (Normal) (G1 Evacuation Pause) 154M->2M(256M) 0.733ms
[2025-03-05T13:07:45.899+0300][268.374s][info ][gc] GC(652) Pause Young (Normal) (G1 Evacuation Pause) 154M->3M(256M) 2.095ms
[2025-03-05T13:07:46.364+0300][268.839s][info ][gc] GC(653) Pause Young (Normal) (G1 Evacuation Pause) 154M->5M(256M) 3.277ms
[2025-03-05T13:07:46.849+0300][269.324s][info ][gc] GC(654) Pause Young (Normal) (G1 Evacuation Pause) 155M->3M(256M) 1.204ms
[2025-03-05T13:07:47.337+0300][269.811s][info ][gc] GC(655) Pause Young (Normal) (G1 Evacuation Pause) 155M->4M(256M) 17.243ms
[2025-03-05T13:07:47.805+0300][270.279s][info ][gc] GC(656) Pause Young (Normal) (G1 Evacuation Pause) 155M->2M(256M) 0.511ms
[2025-03-05T13:07:48.263+0300][270.737s][info ][gc] GC(657) Pause Young (Normal) (G1 Evacuation Pause) 154M->3M(256M) 2.100ms
[2025-03-05T13:07:48.677+0300][271.152s][info ][gc] GC(658) Pause Young (Normal) (G1 Evacuation Pause) 154M->5M(256M) 2.925ms
[2025-03-05T13:07:49.279+0300][271.753s][info ][gc] GC(659) Pause Young (Normal) (G1 Evacuation Pause) 155M->3M(256M) 1.127ms
[2025-03-05T13:07:49.712+0300][272.186s][info ][gc] GC(660) Pause Young (Normal) (G1 Evacuation Pause) 155M->4M(256M) 2.668ms
[2025-03-05T13:07:50.146+0300][272.620s][info ][gc] GC(661) Pause Young (Normal) (G1 Evacuation Pause) 155M->5M(256M) 3.596ms
[2025-03-05T13:07:50.617+0300][273.092s][info ][gc] GC(662) Pause Young (Normal) (G1 Evacuation Pause) 154M->3M(256M) 2.009ms
[2025-03-05T13:07:51.038+0300][273.512s][info ][gc] GC(663) Pause Young (Normal) (G1 Evacuation Pause) 154M->5M(256M) 2.934ms
[2025-03-05T13:07:51.495+0300][273.970s][info ][gc] GC(664) Pause Young (Normal) (G1 Evacuation Pause) 155M->2M(256M) 0.957ms
[2025-03-05T13:07:52.002+0300][274.477s][info ][gc] GC(665) Pause Young (Normal) (G1 Evacuation Pause) 154M->4M(256M) 3.605ms
[2025-03-05T13:07:52.453+0300][274.929s][info ][gc] GC(666) Pause Young (Normal) (G1 Evacuation Pause) 155M->5M(256M) 4.612ms
[2025-03-05T13:07:52.859+0300][275.334s][info ][gc] GC(667) Pause Young (Normal) (G1 Evacuation Pause) 155M->3M(256M) 1.234ms
[2025-03-05T13:07:53.274+0300][275.748s][info ][gc] GC(668) Pause Young (Normal) (G1 Evacuation Pause) 155M->4M(256M) 2.727ms
[2025-03-05T13:07:53.697+0300][276.172s][info ][gc] GC(669) Pause Young (Normal) (G1 Evacuation Pause) 154M->2M(256M) 0.866ms
[2025-03-05T13:07:54.115+0300][276.589s][info ][gc] GC(670) Pause Young (Normal) (G1 Evacuation Pause) 154M->3M(256M) 1.840ms
[2025-03-05T13:07:54.526+0300][277.001s][info ][gc] GC(671) Pause Young (Normal) (G1 Evacuation Pause) 154M->5M(256M) 3.389ms
[2025-03-05T13:07:54.925+0300][277.399s][info ][gc] GC(672) Pause Young (Normal) (G1 Evacuation Pause) 155M->3M(256M) 1.495ms
[2025-03-05T13:07:55.336+0300][277.811s][info ][gc] GC(673) Pause Young (Normal) (G1 Evacuation Pause) 155M->4M(256M) 2.766ms
[2025-03-05T13:07:55.755+0300][278.230s][info ][gc] GC(674) Pause Young (Normal) (G1 Evacuation Pause) 154M->5M(256M) 3.717ms
[2025-03-05T13:07:56.153+0300][278.628s][info ][gc] GC(675) Pause Young (Normal) (G1 Evacuation Pause) 154M->3M(256M) 1.572ms
[2025-03-05T13:07:56.573+0300][279.048s][info ][gc] GC(676) Pause Young (Normal) (G1 Evacuation Pause) 154M->4M(256M) 2.832ms
[2025-03-05T13:07:56.981+0300][279.456s][info ][gc] GC(677) Pause Young (Normal) (G1 Evacuation Pause) 154M->2M(256M) 1.018ms
[2025-03-05T13:07:57.406+0300][279.881s][info ][gc] GC(678) Pause Young (Normal) (G1 Evacuation Pause) 154M->4M(256M) 2.146ms
[2025-03-05T13:07:57.852+0300][280.327s][info ][gc] GC(679) Pause Young (Normal) (G1 Evacuation Pause) 155M->5M(256M) 4.386ms
[2025-03-05T13:07:58.395+0300][280.870s][info ][gc] GC(680) Pause Young (Normal) (G1 Evacuation Pause) 155M->3M(256M) 1.282ms
[2025-03-05T13:07:58.865+0300][281.340s][info ][gc] GC(681) Pause Young (Normal) (G1 Evacuation Pause) 155M->4M(256M) 2.670ms
[2025-03-05T13:07:59.282+0300][281.757s][info ][gc] GC(682) Pause Young (Normal) (G1 Evacuation Pause) 154M->2M(256M) 0.625ms
[2025-03-05T13:07:59.792+0300][282.267s][info ][gc] GC(683) Pause Young (Normal) (G1 Evacuation Pause) 154M->3M(256M) 2.247ms
[2025-03-05T13:08:00.245+0300][282.721s][info ][gc] GC(684) Pause Young (Normal) (G1 Evacuation Pause) 154M->5M(256M) 3.464ms
[2025-03-05T13:08:00.748+0300][283.222s][info ][gc] GC(685) Pause Young (Normal) (G1 Evacuation Pause) 155M->3M(256M) 1.148ms
[2025-03-05T13:08:01.144+0300][283.620s][info ][gc] GC(686) Pause Young (Normal) (G1 Evacuation Pause) 155M->4M(256M) 2.479ms
[2025-03-05T13:08:01.544+0300][284.018s][info ][gc] GC(687) Pause Young (Normal) (G1 Evacuation Pause) 154M->5M(256M) 3.851ms
[2025-03-05T13:08:01.937+0300][284.411s][info ][gc] GC(688) Pause Young (Normal) (G1 Evacuation Pause) 154M->3M(256M) 1.610ms
[2025-03-05T13:08:02.350+0300][284.824s][info ][gc] GC(689) Pause Young (Normal) (G1 Evacuation Pause) 154M->4M(256M) 2.852ms
[2025-03-05T13:08:02.746+0300][285.221s][info ][gc] GC(690) Pause Young (Normal) (G1 Evacuation Pause) 154M->2M(256M) 1.089ms
[2025-03-05T13:08:03.141+0300][285.617s][info ][gc] GC(691) Pause Young (Normal) (G1 Evacuation Pause) 154M->4M(256M) 2.154ms
[2025-03-05T13:08:03.553+0300][286.029s][info ][gc] GC(692) Pause Young (Normal) (G1 Evacuation Pause) 155M->5M(256M) 3.672ms
[2025-03-05T13:08:03.983+0300][286.458s][info ][gc] GC(693) Pause Young (Normal) (G1 Evacuation Pause) 155M->3M(256M) 1.417ms
[2025-03-05T13:08:04.392+0300][286.868s][info ][gc] GC(694) Pause Young (Normal) (G1 Evacuation Pause) 155M->4M(256M) 2.911ms
[2025-03-05T13:08:04.809+0300][287.284s][info ][gc] GC(695) Pause Young (Normal) (G1 Evacuation Pause) 154M->2M(256M) 0.741ms
[2025-03-05T13:08:05.230+0300][287.705s][info ][gc] GC(696) Pause Young (Normal) (G1 Evacuation Pause) 154M->3M(256M) 2.190ms
[2025-03-05T13:08:05.636+0300][288.111s][info ][gc] GC(697) Pause Young (Normal) (G1 Evacuation Pause) 154M->5M(256M) 3.427ms
[2025-03-05T13:08:06.062+0300][288.537s][info ][gc] GC(698) Pause Young (Normal) (G1 Evacuation Pause) 155M->3M(256M) 2.020ms
[2025-03-05T13:08:06.495+0300][288.970s][info ][gc] GC(699) Pause Young (Normal) (G1 Evacuation Pause) 155M->4M(256M) 2.588ms
[2025-03-05T13:08:06.911+0300][289.386s][info ][gc] GC(700) Pause Young (Normal) (G1 Evacuation Pause) 154M->5M(256M) 4.278ms
[2025-03-05T13:08:07.327+0300][289.802s][info ][gc] GC(701) Pause Young (Normal) (G1 Evacuation Pause) 154M->3M(256M) 1.648ms
[2025-03-05T13:08:07.742+0300][290.217s][info ][gc] GC(702) Pause Young (Normal) (G1 Evacuation Pause) 154M->4M(256M) 3.156ms
[2025-03-05T13:08:08.155+0300][290.630s][info ][gc] GC(703) Pause Young (Normal) (G1 Evacuation Pause) 154M->2M(256M) 0.897ms
[2025-03-05T13:08:08.568+0300][291.043s][info ][gc] GC(704) Pause Young (Normal) (G1 Evacuation Pause) 154M->4M(256M) 2.140ms
[2025-03-05T13:08:08.980+0300][291.455s][info ][gc] GC(705) Pause Young (Normal) (G1 Evacuation Pause) 155M->5M(256M) 3.585ms
[2025-03-05T13:08:09.388+0300][291.863s][info ][gc] GC(706) Pause Young (Normal) (G1 Evacuation Pause) 155M->3M(256M) 1.370ms
[2025-03-05T13:08:09.799+0300][292.274s][info ][gc] GC(707) Pause Young (Normal) (G1 Evacuation Pause) 155M->4M(256M) 2.798ms
[2025-03-05T13:08:10.198+0300][292.672s][info ][gc] GC(708) Pause Young (Normal) (G1 Evacuation Pause) 154M->2M(256M) 0.624ms
[2025-03-05T13:08:10.718+0300][293.193s][info ][gc] GC(709) Pause Young (Normal) (G1 Evacuation Pause) 154M->3M(256M) 2.272ms
[2025-03-05T13:08:11.126+0300][293.600s][info ][gc] GC(710) Pause Young (Normal) (G1 Evacuation Pause) 154M->5M(256M) 3.569ms
[2025-03-05T13:08:11.534+0300][294.009s][info ][gc] GC(711) Pause Young (Normal) (G1 Evacuation Pause) 155M->3M(256M) 1.248ms
[2025-03-05T13:08:11.942+0300][294.417s][info ][gc] GC(712) Pause Young (Normal) (G1 Evacuation Pause) 155M->4M(256M) 2.616ms
[2025-03-05T13:08:12.369+0300][294.843s][info ][gc] GC(713) Pause Young (Normal) (G1 Evacuation Pause) 155M->5M(256M) 4.268ms
[2025-03-05T13:08:12.761+0300][295.236s][info ][gc] GC(714) Pause Young (Normal) (G1 Evacuation Pause) 154M->3M(256M) 1.771ms
[2025-03-05T13:08:13.158+0300][295.634s][info ][gc] GC(715) Pause Young (Normal) (G1 Evacuation Pause) 154M->5M(256M) 3.230ms
[2025-03-05T13:08:13.558+0300][296.033s][info ][gc] GC(716) Pause Young (Normal) (G1 Evacuation Pause) 155M->2M(256M) 0.982ms
[2025-03-05T13:08:13.962+0300][296.437s][info ][gc] GC(717) Pause Young (Normal) (G1 Evacuation Pause) 154M->4M(256M) 2.184ms
[2025-03-05T13:08:14.375+0300][296.850s][info ][gc] GC(718) Pause Young (Normal) (G1 Evacuation Pause) 155M->5M(256M) 3.589ms
[2025-03-05T13:08:14.782+0300][297.258s][info ][gc] GC(719) Pause Young (Normal) (G1 Evacuation Pause) 155M->3M(256M) 1.449ms
[2025-03-05T13:08:15.194+0300][297.669s][info ][gc] GC(720) Pause Young (Normal) (G1 Evacuation Pause) 155M->4M(256M) 2.538ms
[2025-03-05T13:08:15.602+0300][298.076s][info ][gc] GC(721) Pause Young (Normal) (G1 Evacuation Pause) 154M->2M(256M) 0.901ms
[2025-03-05T13:08:16.011+0300][298.487s][info ][gc] GC(722) Pause Young (Normal) (G1 Evacuation Pause) 154M->3M(256M) 2.282ms
[2025-03-05T13:08:16.436+0300][298.911s][info ][gc] GC(723) Pause Young (Normal) (G1 Evacuation Pause) 154M->5M(256M) 3.537ms
[2025-03-05T13:08:16.859+0300][299.334s][info ][gc] GC(724) Pause Young (Normal) (G1 Evacuation Pause) 155M->3M(256M) 1.342ms
[2025-03-05T13:08:17.280+0300][299.755s][info ][gc] GC(725) Pause Young (Normal) (G1 Evacuation Pause) 155M->4M(256M) 2.513ms
[2025-03-05T13:08:17.739+0300][300.214s][info ][gc] GC(726) Pause Young (Normal) (G1 Evacuation Pause) 154M->5M(256M) 3.571ms
[2025-03-05T13:08:18.155+0300][300.630s][info ][gc] GC(727) Pause Young (Normal) (G1 Evacuation Pause) 154M->3M(256M) 1.897ms
[2025-03-05T13:08:18.557+0300][301.032s][info ][gc] GC(728) Pause Young (Normal) (G1 Evacuation Pause) 154M->5M(256M) 3.285ms
[2025-03-05T13:08:18.952+0300][301.426s][info ][gc] GC(729) Pause Young (Normal) (G1 Evacuation Pause) 155M->2M(256M) 0.926ms
[2025-03-05T13:08:19.353+0300][301.829s][info ][gc] GC(730) Pause Young (Normal) (G1 Evacuation Pause) 154M->4M(256M) 2.216ms
[2025-03-05T13:08:19.776+0300][302.251s][info ][gc] GC(731) Pause Young (Normal) (G1 Evacuation Pause) 155M->5M(256M) 3.884ms
[2025-03-05T13:08:20.175+0300][302.650s][info ][gc] GC(732) Pause Young (Normal) (G1 Evacuation Pause) 155M->3M(256M) 1.531ms
[2025-03-05T13:08:20.576+0300][303.051s][info ][gc] GC(733) Pause Young (Normal) (G1 Evacuation Pause) 155M->4M(256M) 2.822ms
[2025-03-05T13:08:20.970+0300][303.445s][info ][gc] GC(734) Pause Young (Normal) (G1 Evacuation Pause) 154M->2M(256M) 0.907ms
[2025-03-05T13:08:21.370+0300][303.846s][info ][gc] GC(735) Pause Young (Normal) (G1 Evacuation Pause) 154M->3M(256M) 2.098ms
[2025-03-05T13:08:21.765+0300][304.240s][info ][gc] GC(736) Pause Young (Normal) (G1 Evacuation Pause) 154M->5M(256M) 3.268ms
[2025-03-05T13:08:22.156+0300][304.631s][info ][gc] GC(737) Pause Young (Normal) (G1 Evacuation Pause) 155M->3M(256M) 1.265ms
[2025-03-05T13:08:22.557+0300][305.031s][info ][gc] GC(738) Pause Young (Normal) (G1 Evacuation Pause) 155M->4M(256M) 2.714ms
[2025-03-05T13:08:22.949+0300][305.424s][info ][gc] GC(739) Pause Young (Normal) (G1 Evacuation Pause) 154M->5M(256M) 3.655ms
[2025-03-05T13:08:23.338+0300][305.814s][info ][gc] GC(740) Pause Young (Normal) (G1 Evacuation Pause) 154M->3M(256M) 1.632ms
[2025-03-05T13:08:23.737+0300][306.212s][info ][gc] GC(741) Pause Young (Normal) (G1 Evacuation Pause) 154M->4M(256M) 2.826ms
[2025-03-05T13:08:24.130+0300][306.605s][info ][gc] GC(742) Pause Young (Normal) (G1 Evacuation Pause) 154M->2M(256M) 0.880ms
[2025-03-05T13:08:24.532+0300][307.008s][info ][gc] GC(743) Pause Young (Normal) (G1 Evacuation Pause) 154M->4M(256M) 2.204ms
[2025-03-05T13:08:24.925+0300][307.401s][info ][gc] GC(744) Pause Young (Normal) (G1 Evacuation Pause) 155M->5M(256M) 3.422ms
[2025-03-05T13:08:25.316+0300][307.791s][info ][gc] GC(745) Pause Young (Normal) (G1 Evacuation Pause) 155M->3M(256M) 1.470ms
[2025-03-05T13:08:25.713+0300][308.188s][info ][gc] GC(746) Pause Young (Normal) (G1 Evacuation Pause) 155M->4M(256M) 2.753ms
[2025-03-05T13:08:26.102+0300][308.576s][info ][gc] GC(747) Pause Young (Normal) (G1 Evacuation Pause) 154M->2M(256M) 0.585ms
[2025-03-05T13:08:26.501+0300][308.976s][info ][gc] GC(748) Pause Young (Normal) (G1 Evacuation Pause) 154M->3M(256M) 2.258ms
[2025-03-05T13:08:26.920+0300][309.395s][info ][gc] GC(749) Pause Young (Normal) (G1 Evacuation Pause) 154M->5M(256M) 3.424ms
[2025-03-05T13:08:27.332+0300][309.808s][info ][gc] GC(750) Pause Young (Normal) (G1 Evacuation Pause) 155M->3M(256M) 1.124ms
[2025-03-05T13:08:27.746+0300][310.220s][info ][gc] GC(751) Pause Young (Normal) (G1 Evacuation Pause) 155M->4M(256M) 2.845ms
[2025-03-05T13:08:28.167+0300][310.641s][info ][gc] GC(752) Pause Young (Normal) (G1 Evacuation Pause) 154M->5M(256M) 4.830ms
[2025-03-05T13:08:28.715+0300][311.190s][info ][gc] GC(753) Pause Young (Normal) (G1 Evacuation Pause) 154M->3M(256M) 1.699ms
[2025-03-05T13:08:29.136+0300][311.611s][info ][gc] GC(754) Pause Young (Normal) (G1 Evacuation Pause) 154M->4M(256M) 2.772ms
[2025-03-05T13:08:29.543+0300][312.018s][info ][gc] GC(755) Pause Young (Normal) (G1 Evacuation Pause) 154M->2M(256M) 0.713ms
[2025-03-05T13:08:29.951+0300][312.426s][info ][gc] GC(756) Pause Young (Normal) (G1 Evacuation Pause) 154M->4M(256M) 2.248ms
[2025-03-05T13:08:30.364+0300][312.839s][info ][gc] GC(757) Pause Young (Normal) (G1 Evacuation Pause) 155M->5M(256M) 3.802ms
[2025-03-05T13:08:30.760+0300][313.235s][info ][gc] GC(758) Pause Young (Normal) (G1 Evacuation Pause) 155M->3M(256M) 1.324ms
[2025-03-05T13:08:31.161+0300][313.636s][info ][gc] GC(759) Pause Young (Normal) (G1 Evacuation Pause) 155M->4M(256M) 2.782ms
[2025-03-05T13:08:31.561+0300][314.035s][info ][gc] GC(760) Pause Young (Normal) (G1 Evacuation Pause) 154M->2M(256M) 0.571ms
[2025-03-05T13:08:31.959+0300][314.434s][info ][gc] GC(761) Pause Young (Normal) (G1 Evacuation Pause) 154M->3M(256M) 1.693ms
[2025-03-05T13:08:32.372+0300][314.847s][info ][gc] GC(762) Pause Young (Normal) (G1 Evacuation Pause) 154M->5M(256M) 3.323ms
[2025-03-05T13:08:32.769+0300][315.243s][info ][gc] GC(763) Pause Young (Normal) (G1 Evacuation Pause) 155M->3M(256M) 1.208ms
[2025-03-05T13:08:33.176+0300][315.651s][info ][gc] GC(764) Pause Young (Normal) (G1 Evacuation Pause) 155M->4M(256M) 2.372ms
[2025-03-05T13:08:33.575+0300][316.050s][info ][gc] GC(765) Pause Young (Normal) (G1 Evacuation Pause) 155M->5M(256M) 3.613ms
[2025-03-05T13:08:33.967+0300][316.442s][info ][gc] GC(766) Pause Young (Normal) (G1 Evacuation Pause) 154M->3M(256M) 1.767ms
[2025-03-05T13:08:34.384+0300][316.859s][info ][gc] GC(767) Pause Young (Normal) (G1 Evacuation Pause) 154M->4M(256M) 2.962ms
[2025-03-05T13:08:34.782+0300][317.256s][info ][gc] GC(768) Pause Young (Normal) (G1 Evacuation Pause) 154M->2M(256M) 0.785ms
[2025-03-05T13:08:35.188+0300][317.663s][info ][gc] GC(769) Pause Young (Normal) (G1 Evacuation Pause) 154M->4M(256M) 2.112ms
[2025-03-05T13:08:35.589+0300][318.064s][info ][gc] GC(770) Pause Young (Normal) (G1 Evacuation Pause) 155M->5M(256M) 3.464ms
[2025-03-05T13:08:35.986+0300][318.461s][info ][gc] GC(771) Pause Young (Normal) (G1 Evacuation Pause) 155M->3M(256M) 1.459ms
[2025-03-05T13:08:36.393+0300][318.869s][info ][gc] GC(772) Pause Young (Normal) (G1 Evacuation Pause) 155M->4M(256M) 2.569ms
[2025-03-05T13:08:36.788+0300][319.263s][info ][gc] GC(773) Pause Young (Normal) (G1 Evacuation Pause) 154M->2M(256M) 0.907ms
[2025-03-05T13:08:37.186+0300][319.661s][info ][gc] GC(774) Pause Young (Normal) (G1 Evacuation Pause) 154M->4M(256M) 1.806ms
[2025-03-05T13:08:37.597+0300][320.072s][info ][gc] GC(775) Pause Young (Normal) (G1 Evacuation Pause) 155M->5M(256M) 3.180ms
[2025-03-05T13:08:37.992+0300][320.467s][info ][gc] GC(776) Pause Young (Normal) (G1 Evacuation Pause) 155M->3M(256M) 1.324ms
[2025-03-05T13:08:38.398+0300][320.873s][info ][gc] GC(777) Pause Young (Normal) (G1 Evacuation Pause) 155M->4M(256M) 2.331ms
[2025-03-05T13:08:38.795+0300][321.269s][info ][gc] GC(778) Pause Young (Normal) (G1 Evacuation Pause) 154M->5M(256M) 3.761ms
[2025-03-05T13:08:39.187+0300][321.661s][info ][gc] GC(779) Pause Young (Normal) (G1 Evacuation Pause) 154M->3M(256M) 1.402ms
[2025-03-05T13:08:39.589+0300][322.063s][info ][gc] GC(780) Pause Young (Normal) (G1 Evacuation Pause) 154M->4M(256M) 2.835ms
[2025-03-05T13:08:39.979+0300][322.454s][info ][gc] GC(781) Pause Young (Normal) (G1 Evacuation Pause) 154M->2M(256M) 0.861ms
[2025-03-05T13:08:40.385+0300][322.859s][info ][gc] GC(782) Pause Young (Normal) (G1 Evacuation Pause) 154M->4M(256M) 2.478ms
[2025-03-05T13:08:40.782+0300][323.257s][info ][gc] GC(783) Pause Young (Normal) (G1 Evacuation Pause) 155M->5M(256M) 3.463ms
[2025-03-05T13:08:41.181+0300][323.656s][info ][gc] GC(784) Pause Young (Normal) (G1 Evacuation Pause) 155M->3M(256M) 1.359ms
[2025-03-05T13:08:41.583+0300][324.058s][info ][gc] GC(785) Pause Young (Normal) (G1 Evacuation Pause) 155M->4M(256M) 2.886ms
[2025-03-05T13:08:41.972+0300][324.448s][info ][gc] GC(786) Pause Young (Normal) (G1 Evacuation Pause) 154M->2M(256M) 0.973ms
[2025-03-05T13:08:42.383+0300][324.858s][info ][gc] GC(787) Pause Young (Normal) (G1 Evacuation Pause) 154M->3M(256M) 1.847ms
[2025-03-05T13:08:42.781+0300][325.256s][info ][gc] GC(788) Pause Young (Normal) (G1 Evacuation Pause) 154M->5M(256M) 3.265ms
[2025-03-05T13:08:43.177+0300][325.652s][info ][gc] GC(789) Pause Young (Normal) (G1 Evacuation Pause) 155M->3M(256M) 1.358ms
[2025-03-05T13:08:43.638+0300][326.113s][info ][gc] GC(790) Pause Young (Normal) (G1 Evacuation Pause) 155M->4M(256M) 2.729ms
[2025-03-05T13:08:44.046+0300][326.521s][info ][gc] GC(791) Pause Young (Normal) (G1 Evacuation Pause) 155M->2M(256M) 0.528ms
[2025-03-05T13:08:44.447+0300][326.921s][info ][gc] GC(792) Pause Young (Normal) (G1 Evacuation Pause) 154M->3M(256M) 1.961ms
[2025-03-05T13:08:44.839+0300][327.314s][info ][gc] GC(793) Pause Young (Normal) (G1 Evacuation Pause) 154M->5M(256M) 3.066ms
[2025-03-05T13:08:45.231+0300][327.706s][info ][gc] GC(794) Pause Young (Normal) (G1 Evacuation Pause) 155M->3M(256M) 0.960ms
[2025-03-05T13:08:45.629+0300][328.104s][info ][gc] GC(795) Pause Young (Normal) (G1 Evacuation Pause) 155M->4M(256M) 2.329ms
[2025-03-05T13:08:46.024+0300][328.498s][info ][gc] GC(796) Pause Young (Normal) (G1 Evacuation Pause) 155M->5M(256M) 3.940ms
[2025-03-05T13:08:46.418+0300][328.893s][info ][gc] GC(797) Pause Young (Normal) (G1 Evacuation Pause) 154M->3M(256M) 1.932ms
[2025-03-05T13:08:46.812+0300][329.287s][info ][gc] GC(798) Pause Young (Normal) (G1 Evacuation Pause) 154M->4M(256M) 2.840ms
[2025-03-05T13:08:47.211+0300][329.686s][info ][gc] GC(799) Pause Young (Normal) (G1 Evacuation Pause) 154M->2M(256M) 0.920ms
[2025-03-05T13:08:47.612+0300][330.087s][info ][gc] GC(800) Pause Young (Normal) (G1 Evacuation Pause) 154M->4M(256M) 2.168ms
[2025-03-05T13:08:48.008+0300][330.483s][info ][gc] GC(801) Pause Young (Normal) (G1 Evacuation Pause) 155M->5M(256M) 3.476ms
[2025-03-05T13:08:48.405+0300][330.879s][info ][gc] GC(802) Pause Young (Normal) (G1 Evacuation Pause) 155M->3M(256M) 1.496ms
[2025-03-05T13:08:48.798+0300][331.273s][info ][gc] GC(803) Pause Young (Normal) (G1 Evacuation Pause) 155M->4M(256M) 2.518ms
[2025-03-05T13:08:49.190+0300][331.665s][info ][gc] GC(804) Pause Young (Normal) (G1 Evacuation Pause) 154M->2M(256M) 0.968ms
[2025-03-05T13:08:49.590+0300][332.065s][info ][gc] GC(805) Pause Young (Normal) (G1 Evacuation Pause) 154M->4M(256M) 2.027ms
[2025-03-05T13:08:49.988+0300][332.463s][info ][gc] GC(806) Pause Young (Normal) (G1 Evacuation Pause) 155M->5M(256M) 3.534ms
[2025-03-05T13:08:50.398+0300][332.872s][info ][gc] GC(807) Pause Young (Normal) (G1 Evacuation Pause) 155M->3M(256M) 1.290ms
[2025-03-05T13:08:50.816+0300][333.290s][info ][gc] GC(808) Pause Young (Normal) (G1 Evacuation Pause) 155M->4M(256M) 2.527ms
[2025-03-05T13:08:51.211+0300][333.687s][info ][gc] GC(809) Pause Young (Normal) (G1 Evacuation Pause) 154M->5M(256M) 3.914ms
[2025-03-05T13:08:51.598+0300][334.073s][info ][gc] GC(810) Pause Young (Normal) (G1 Evacuation Pause) 154M->3M(256M) 1.683ms
[2025-03-05T13:08:51.990+0300][334.466s][info ][gc] GC(811) Pause Young (Normal) (G1 Evacuation Pause) 154M->4M(256M) 3.277ms
[2025-03-05T13:08:52.380+0300][334.855s][info ][gc] GC(812) Pause Young (Normal) (G1 Evacuation Pause) 154M->2M(256M) 1.095ms
[2025-03-05T13:08:52.780+0300][335.255s][info ][gc] GC(813) Pause Young (Normal) (G1 Evacuation Pause) 154M->4M(256M) 2.361ms
[2025-03-05T13:08:53.176+0300][335.651s][info ][gc] GC(814) Pause Young (Normal) (G1 Evacuation Pause) 155M->5M(256M) 3.427ms
[2025-03-05T13:08:53.564+0300][336.039s][info ][gc] GC(815) Pause Young (Normal) (G1 Evacuation Pause) 155M->3M(256M) 1.513ms
[2025-03-05T13:08:53.959+0300][336.433s][info ][gc] GC(816) Pause Young (Normal) (G1 Evacuation Pause) 155M->4M(256M) 3.206ms
[2025-03-05T13:08:54.350+0300][336.825s][info ][gc] GC(817) Pause Young (Normal) (G1 Evacuation Pause) 154M->2M(256M) 0.885ms
[2025-03-05T13:08:54.746+0300][337.221s][info ][gc] GC(818) Pause Young (Normal) (G1 Evacuation Pause) 154M->3M(256M) 2.139ms
[2025-03-05T13:08:55.145+0300][337.620s][info ][gc] GC(819) Pause Young (Normal) (G1 Evacuation Pause) 154M->5M(256M) 3.403ms
[2025-03-05T13:08:55.532+0300][338.007s][info ][gc] GC(820) Pause Young (Normal) (G1 Evacuation Pause) 155M->3M(256M) 1.215ms
[2025-03-05T13:08:55.930+0300][338.405s][info ][gc] GC(821) Pause Young (Normal) (G1 Evacuation Pause) 155M->4M(256M) 2.771ms
[2025-03-05T13:08:56.325+0300][338.800s][info ][gc] GC(822) Pause Young (Normal) (G1 Evacuation Pause) 154M->5M(256M) 3.615ms
[2025-03-05T13:08:56.711+0300][339.186s][info ][gc] GC(823) Pause Young (Normal) (G1 Evacuation Pause) 154M->3M(256M) 1.791ms
[2025-03-05T13:08:57.106+0300][339.581s][info ][gc] GC(824) Pause Young (Normal) (G1 Evacuation Pause) 154M->4M(256M) 2.970ms
[2025-03-05T13:08:57.497+0300][339.972s][info ][gc] GC(825) Pause Young (Normal) (G1 Evacuation Pause) 154M->2M(256M) 0.886ms
[2025-03-05T13:08:57.894+0300][340.369s][info ][gc] GC(826) Pause Young (Normal) (G1 Evacuation Pause) 154M->4M(256M) 2.220ms
[2025-03-05T13:08:58.307+0300][340.782s][info ][gc] GC(827) Pause Young (Normal) (G1 Evacuation Pause) 155M->5M(256M) 3.131ms
[2025-03-05T13:08:58.879+0300][341.354s][info ][gc] GC(828) Pause Young (Normal) (G1 Evacuation Pause) 155M->3M(256M) 1.488ms
[2025-03-05T13:08:59.297+0300][341.772s][info ][gc] GC(829) Pause Young (Normal) (G1 Evacuation Pause) 155M->4M(256M) 2.876ms
[2025-03-05T13:08:59.690+0300][342.164s][info ][gc] GC(830) Pause Young (Normal) (G1 Evacuation Pause) 154M->2M(256M) 0.763ms
[2025-03-05T13:09:00.085+0300][342.560s][info ][gc] GC(831) Pause Young (Normal) (G1 Evacuation Pause) 154M->3M(256M) 2.119ms
[2025-03-05T13:09:00.480+0300][342.955s][info ][gc] GC(832) Pause Young (Normal) (G1 Evacuation Pause) 154M->5M(256M) 3.057ms
[2025-03-05T13:09:00.872+0300][343.346s][info ][gc] GC(833) Pause Young (Normal) (G1 Evacuation Pause) 155M->3M(256M) 1.333ms
[2025-03-05T13:09:01.266+0300][343.741s][info ][gc] GC(834) Pause Young (Normal) (G1 Evacuation Pause) 155M->4M(256M) 2.463ms
[2025-03-05T13:09:01.657+0300][344.132s][info ][gc] GC(835) Pause Young (Normal) (G1 Evacuation Pause) 154M->5M(256M) 3.859ms
[2025-03-05T13:09:02.045+0300][344.520s][info ][gc] GC(836) Pause Young (Normal) (G1 Evacuation Pause) 154M->3M(256M) 1.856ms
[2025-03-05T13:09:02.438+0300][344.913s][info ][gc] GC(837) Pause Young (Normal) (G1 Evacuation Pause) 154M->4M(256M) 2.767ms
[2025-03-05T13:09:02.827+0300][345.301s][info ][gc] GC(838) Pause Young (Normal) (G1 Evacuation Pause) 154M->2M(256M) 0.668ms
[2025-03-05T13:09:03.230+0300][345.705s][info ][gc] GC(839) Pause Young (Normal) (G1 Evacuation Pause) 154M->4M(256M) 2.418ms
[2025-03-05T13:09:03.634+0300][346.108s][info ][gc] GC(840) Pause Young (Normal) (G1 Evacuation Pause) 155M->5M(256M) 3.324ms
[2025-03-05T13:09:04.030+0300][346.505s][info ][gc] GC(841) Pause Young (Normal) (G1 Evacuation Pause) 155M->3M(256M) 1.160ms
[2025-03-05T13:09:04.432+0300][346.907s][info ][gc] GC(842) Pause Young (Normal) (G1 Evacuation Pause) 155M->4M(256M) 2.696ms
[2025-03-05T13:09:04.828+0300][347.303s][info ][gc] GC(843) Pause Young (Normal) (G1 Evacuation Pause) 154M->2M(256M) 0.877ms
[2025-03-05T13:09:05.223+0300][347.698s][info ][gc] GC(844) Pause Young (Normal) (G1 Evacuation Pause) 154M->3M(256M) 2.389ms
[2025-03-05T13:09:05.623+0300][348.098s][info ][gc] GC(845) Pause Young (Normal) (G1 Evacuation Pause) 154M->5M(256M) 3.858ms
[2025-03-05T13:09:06.015+0300][348.489s][info ][gc] GC(846) Pause Young (Normal) (G1 Evacuation Pause) 155M->3M(256M) 1.296ms
[2025-03-05T13:09:06.410+0300][348.885s][info ][gc] GC(847) Pause Young (Normal) (G1 Evacuation Pause) 155M->4M(256M) 2.548ms
[2025-03-05T13:09:06.804+0300][349.278s][info ][gc] GC(848) Pause Young (Normal) (G1 Evacuation Pause) 155M->5M(256M) 3.926ms
[2025-03-05T13:09:07.191+0300][349.666s][info ][gc] GC(849) Pause Young (Normal) (G1 Evacuation Pause) 154M->3M(256M) 2.042ms
[2025-03-05T13:09:07.585+0300][350.060s][info ][gc] GC(850) Pause Young (Normal) (G1 Evacuation Pause) 154M->5M(256M) 2.921ms
[2025-03-05T13:09:07.972+0300][350.447s][info ][gc] GC(851) Pause Young (Normal) (G1 Evacuation Pause) 155M->2M(256M) 1.081ms
[2025-03-05T13:09:08.366+0300][350.841s][info ][gc] GC(852) Pause Young (Normal) (G1 Evacuation Pause) 154M->4M(256M) 2.118ms
[2025-03-05T13:09:08.762+0300][351.237s][info ][gc] GC(853) Pause Young (Normal) (G1 Evacuation Pause) 155M->5M(256M) 3.953ms
[2025-03-05T13:09:09.150+0300][351.625s][info ][gc] GC(854) Pause Young (Normal) (G1 Evacuation Pause) 155M->3M(256M) 1.481ms
[2025-03-05T13:09:09.542+0300][352.018s][info ][gc] GC(855) Pause Young (Normal) (G1 Evacuation Pause) 155M->4M(256M) 2.785ms
[2025-03-05T13:09:09.929+0300][352.405s][info ][gc] GC(856) Pause Young (Normal) (G1 Evacuation Pause) 154M->2M(256M) 0.811ms
[2025-03-05T13:09:10.325+0300][352.800s][info ][gc] GC(857) Pause Young (Normal) (G1 Evacuation Pause) 154M->4M(256M) 2.401ms
[2025-03-05T13:09:10.718+0300][353.193s][info ][gc] GC(858) Pause Young (Normal) (G1 Evacuation Pause) 155M->5M(256M) 3.256ms
[2025-03-05T13:09:11.106+0300][353.581s][info ][gc] GC(859) Pause Young (Normal) (G1 Evacuation Pause) 155M->3M(256M) 1.317ms
[2025-03-05T13:09:11.499+0300][353.974s][info ][gc] GC(860) Pause Young (Normal) (G1 Evacuation Pause) 155M->4M(256M) 2.669ms
[2025-03-05T13:09:11.893+0300][354.368s][info ][gc] GC(861) Pause Young (Normal) (G1 Evacuation Pause) 154M->5M(256M) 4.170ms
[2025-03-05T13:09:12.279+0300][354.754s][info ][gc] GC(862) Pause Young (Normal) (G1 Evacuation Pause) 154M->3M(256M) 1.693ms
[2025-03-05T13:09:12.674+0300][355.149s][info ][gc] GC(863) Pause Young (Normal) (G1 Evacuation Pause) 154M->4M(256M) 2.858ms
[2025-03-05T13:09:13.062+0300][355.537s][info ][gc] GC(864) Pause Young (Normal) (G1 Evacuation Pause) 154M->2M(256M) 1.016ms
[2025-03-05T13:09:13.467+0300][355.942s][info ][gc] GC(865) Pause Young (Normal) (G1 Evacuation Pause) 154M->4M(256M) 2.360ms
[2025-03-05T13:09:13.963+0300][356.438s][info ][gc] GC(866) Pause Young (Normal) (G1 Evacuation Pause) 155M->5M(256M) 3.861ms
[2025-03-05T13:09:14.354+0300][356.828s][info ][gc] GC(867) Pause Young (Normal) (G1 Evacuation Pause) 155M->3M(256M) 1.549ms
[2025-03-05T13:09:14.752+0300][357.227s][info ][gc] GC(868) Pause Young (Normal) (G1 Evacuation Pause) 155M->4M(256M) 2.658ms
[2025-03-05T13:09:15.141+0300][357.617s][info ][gc] GC(869) Pause Young (Normal) (G1 Evacuation Pause) 154M->2M(256M) 0.908ms
[2025-03-05T13:09:15.534+0300][358.009s][info ][gc] GC(870) Pause Young (Normal) (G1 Evacuation Pause) 154M->3M(256M) 1.918ms
[2025-03-05T13:09:15.935+0300][358.410s][info ][gc] GC(871) Pause Young (Normal) (G1 Evacuation Pause) 154M->5M(256M) 3.263ms
[2025-03-05T13:09:16.337+0300][358.812s][info ][gc] GC(872) Pause Young (Normal) (G1 Evacuation Pause) 155M->3M(256M) 1.449ms
[2025-03-05T13:09:16.736+0300][359.210s][info ][gc] GC(873) Pause Young (Normal) (G1 Evacuation Pause) 155M->4M(256M) 2.540ms
[2025-03-05T13:09:17.131+0300][359.607s][info ][gc] GC(874) Pause Young (Normal) (G1 Evacuation Pause) 154M->5M(256M) 3.708ms
[2025-03-05T13:09:17.522+0300][359.997s][info ][gc] GC(875) Pause Young (Normal) (G1 Evacuation Pause) 154M->3M(256M) 1.602ms
[2025-03-05T13:09:17.915+0300][360.390s][info ][gc] GC(876) Pause Young (Normal) (G1 Evacuation Pause) 154M->4M(256M) 2.993ms
[2025-03-05T13:09:18.306+0300][360.781s][info ][gc] GC(877) Pause Young (Normal) (G1 Evacuation Pause) 154M->2M(256M) 0.853ms
[2025-03-05T13:09:18.700+0300][361.175s][info ][gc] GC(878) Pause Young (Normal) (G1 Evacuation Pause) 154M->4M(256M) 2.259ms
[2025-03-05T13:09:19.095+0300][361.570s][info ][gc] GC(879) Pause Young (Normal) (G1 Evacuation Pause) 155M->5M(256M) 3.273ms
[2025-03-05T13:09:19.482+0300][361.957s][info ][gc] GC(880) Pause Young (Normal) (G1 Evacuation Pause) 155M->3M(256M) 1.282ms
[2025-03-05T13:09:19.877+0300][362.351s][info ][gc] GC(881) Pause Young (Normal) (G1 Evacuation Pause) 155M->4M(256M) 2.833ms
[2025-03-05T13:09:20.288+0300][362.762s][info ][gc] GC(882) Pause Young (Normal) (G1 Evacuation Pause) 154M->2M(256M) 0.794ms
[2025-03-05T13:09:20.695+0300][363.170s][info ][gc] GC(883) Pause Young (Normal) (G1 Evacuation Pause) 154M->3M(256M) 2.074ms
[2025-03-05T13:09:21.086+0300][363.561s][info ][gc] GC(884) Pause Young (Normal) (G1 Evacuation Pause) 154M->5M(256M) 3.108ms
[2025-03-05T13:09:21.475+0300][363.949s][info ][gc] GC(885) Pause Young (Normal) (G1 Evacuation Pause) 155M->3M(256M) 1.106ms
[2025-03-05T13:09:21.870+0300][364.346s][info ][gc] GC(886) Pause Young (Normal) (G1 Evacuation Pause) 155M->4M(256M) 2.714ms
[2025-03-05T13:09:22.264+0300][364.739s][info ][gc] GC(887) Pause Young (Normal) (G1 Evacuation Pause) 154M->5M(256M) 3.513ms
[2025-03-05T13:09:22.654+0300][365.130s][info ][gc] GC(888) Pause Young (Normal) (G1 Evacuation Pause) 154M->3M(256M) 1.886ms
[2025-03-05T13:09:23.048+0300][365.523s][info ][gc] GC(889) Pause Young (Normal) (G1 Evacuation Pause) 154M->4M(256M) 2.886ms
[2025-03-05T13:09:23.436+0300][365.911s][info ][gc] GC(890) Pause Young (Normal) (G1 Evacuation Pause) 154M->2M(256M) 0.949ms
[2025-03-05T13:09:23.831+0300][366.306s][info ][gc] GC(891) Pause Young (Normal) (G1 Evacuation Pause) 154M->4M(256M) 2.300ms
[2025-03-05T13:09:24.229+0300][366.704s][info ][gc] GC(892) Pause Young (Normal) (G1 Evacuation Pause) 155M->5M(256M) 3.431ms
[2025-03-05T13:09:24.623+0300][367.098s][info ][gc] GC(893) Pause Young (Normal) (G1 Evacuation Pause) 155M->3M(256M) 1.444ms
[2025-03-05T13:09:25.018+0300][367.494s][info ][gc] GC(894) Pause Young (Normal) (G1 Evacuation Pause) 155M->4M(256M) 2.827ms
[2025-03-05T13:09:25.409+0300][367.884s][info ][gc] GC(895) Pause Young (Normal) (G1 Evacuation Pause) 154M->2M(256M) 0.455ms
[2025-03-05T13:09:25.811+0300][368.287s][info ][gc] GC(896) Pause Young (Normal) (G1 Evacuation Pause) 154M->3M(256M) 2.211ms
[2025-03-05T13:09:26.211+0300][368.686s][info ][gc] GC(897) Pause Young (Normal) (G1 Evacuation Pause) 154M->5M(256M) 3.793ms
[2025-03-05T13:09:26.612+0300][369.087s][info ][gc] GC(898) Pause Young (Normal) (G1 Evacuation Pause) 155M->3M(256M) 1.225ms
[2025-03-05T13:09:27.006+0300][369.482s][info ][gc] GC(899) Pause Young (Normal) (G1 Evacuation Pause) 155M->4M(256M) 2.662ms
[2025-03-05T13:09:27.397+0300][369.871s][info ][gc] GC(900) Pause Young (Normal) (G1 Evacuation Pause) 154M->5M(256M) 3.550ms
[2025-03-05T13:09:27.783+0300][370.258s][info ][gc] GC(901) Pause Young (Normal) (G1 Evacuation Pause) 154M->3M(256M) 1.801ms
[2025-03-05T13:09:28.188+0300][370.663s][info ][gc] GC(902) Pause Young (Normal) (G1 Evacuation Pause) 154M->4M(256M) 3.063ms
[2025-03-05T13:09:28.699+0300][371.174s][info ][gc] GC(903) Pause Young (Normal) (G1 Evacuation Pause) 154M->2M(256M) 0.790ms
[2025-03-05T13:09:29.159+0300][371.634s][info ][gc] GC(904) Pause Young (Normal) (G1 Evacuation Pause) 154M->4M(256M) 1.959ms
[2025-03-05T13:09:29.553+0300][372.028s][info ][gc] GC(905) Pause Young (Normal) (G1 Evacuation Pause) 155M->5M(256M) 3.614ms
[2025-03-05T13:09:29.944+0300][372.419s][info ][gc] GC(906) Pause Young (Normal) (G1 Evacuation Pause) 155M->3M(256M) 1.506ms
[2025-03-05T13:09:30.340+0300][372.815s][info ][gc] GC(907) Pause Young (Normal) (G1 Evacuation Pause) 155M->4M(256M) 2.731ms
[2025-03-05T13:09:30.726+0300][373.201s][info ][gc] GC(908) Pause Young (Normal) (G1 Evacuation Pause) 154M->2M(256M) 0.605ms
[2025-03-05T13:09:31.120+0300][373.595s][info ][gc] GC(909) Pause Young (Normal) (G1 Evacuation Pause) 154M->3M(256M) 1.974ms
[2025-03-05T13:09:31.518+0300][373.993s][info ][gc] GC(910) Pause Young (Normal) (G1 Evacuation Pause) 154M->5M(256M) 3.070ms
[2025-03-05T13:09:31.906+0300][374.381s][info ][gc] GC(911) Pause Young (Normal) (G1 Evacuation Pause) 155M->3M(256M) 1.353ms
[2025-03-05T13:09:32.300+0300][374.776s][info ][gc] GC(912) Pause Young (Normal) (G1 Evacuation Pause) 155M->4M(256M) 2.469ms
[2025-03-05T13:09:32.693+0300][375.168s][info ][gc] GC(913) Pause Young (Normal) (G1 Evacuation Pause) 155M->5M(256M) 4.217ms
[2025-03-05T13:09:33.080+0300][375.556s][info ][gc] GC(914) Pause Young (Normal) (G1 Evacuation Pause) 154M->3M(256M) 1.878ms
[2025-03-05T13:09:33.477+0300][375.952s][info ][gc] GC(915) Pause Young (Normal) (G1 Evacuation Pause) 154M->4M(256M) 2.877ms
[2025-03-05T13:09:33.868+0300][376.343s][info ][gc] GC(916) Pause Young (Normal) (G1 Evacuation Pause) 154M->2M(256M) 0.862ms
[2025-03-05T13:09:34.264+0300][376.739s][info ][gc] GC(917) Pause Young (Normal) (G1 Evacuation Pause) 154M->4M(256M) 1.997ms
[2025-03-05T13:09:34.660+0300][377.135s][info ][gc] GC(918) Pause Young (Normal) (G1 Evacuation Pause) 155M->5M(256M) 3.574ms
[2025-03-05T13:09:35.055+0300][377.531s][info ][gc] GC(919) Pause Young (Normal) (G1 Evacuation Pause) 155M->3M(256M) 1.508ms
[2025-03-05T13:09:35.450+0300][377.926s][info ][gc] GC(920) Pause Young (Normal) (G1 Evacuation Pause) 155M->4M(256M) 2.861ms
[2025-03-05T13:09:35.840+0300][378.314s][info ][gc] GC(921) Pause Young (Normal) (G1 Evacuation Pause) 154M->2M(256M) 0.959ms
[2025-03-05T13:09:36.235+0300][378.710s][info ][gc] GC(922) Pause Young (Normal) (G1 Evacuation Pause) 154M->3M(256M) 2.224ms
[2025-03-05T13:09:36.628+0300][379.103s][info ][gc] GC(923) Pause Young (Normal) (G1 Evacuation Pause) 154M->5M(256M) 3.380ms
[2025-03-05T13:09:37.017+0300][379.492s][info ][gc] GC(924) Pause Young (Normal) (G1 Evacuation Pause) 155M->3M(256M) 1.401ms
[2025-03-05T13:09:37.410+0300][379.886s][info ][gc] GC(925) Pause Young (Normal) (G1 Evacuation Pause) 155M->4M(256M) 2.776ms
[2025-03-05T13:09:37.799+0300][380.275s][info ][gc] GC(926) Pause Young (Normal) (G1 Evacuation Pause) 154M->5M(256M) 3.753ms
[2025-03-05T13:09:38.186+0300][380.661s][info ][gc] GC(927) Pause Young (Normal) (G1 Evacuation Pause) 154M->3M(256M) 1.837ms
[2025-03-05T13:09:38.580+0300][381.056s][info ][gc] GC(928) Pause Young (Normal) (G1 Evacuation Pause) 154M->5M(256M) 3.000ms
[2025-03-05T13:09:38.970+0300][381.445s][info ][gc] GC(929) Pause Young (Normal) (G1 Evacuation Pause) 155M->2M(256M) 1.136ms
[2025-03-05T13:09:39.366+0300][381.842s][info ][gc] GC(930) Pause Young (Normal) (G1 Evacuation Pause) 154M->4M(256M) 2.194ms
[2025-03-05T13:09:39.760+0300][382.235s][info ][gc] GC(931) Pause Young (Normal) (G1 Evacuation Pause) 155M->5M(256M) 3.839ms
[2025-03-05T13:09:40.148+0300][382.623s][info ][gc] GC(932) Pause Young (Normal) (G1 Evacuation Pause) 155M->3M(256M) 1.460ms
[2025-03-05T13:09:40.542+0300][383.018s][info ][gc] GC(933) Pause Young (Normal) (G1 Evacuation Pause) 155M->4M(256M) 2.583ms
[2025-03-05T13:09:40.934+0300][383.409s][info ][gc] GC(934) Pause Young (Normal) (G1 Evacuation Pause) 154M->2M(256M) 0.966ms
[2025-03-05T13:09:41.330+0300][383.804s][info ][gc] GC(935) Pause Young (Normal) (G1 Evacuation Pause) 154M->3M(256M) 2.142ms
[2025-03-05T13:09:41.721+0300][384.197s][info ][gc] GC(936) Pause Young (Normal) (G1 Evacuation Pause) 154M->5M(256M) 3.251ms
[2025-03-05T13:09:42.112+0300][384.586s][info ][gc] GC(937) Pause Young (Normal) (G1 Evacuation Pause) 155M->3M(256M) 1.374ms
[2025-03-05T13:09:42.506+0300][384.981s][info ][gc] GC(938) Pause Young (Normal) (G1 Evacuation Pause) 155M->4M(256M) 2.741ms
[2025-03-05T13:09:42.895+0300][385.370s][info ][gc] GC(939) Pause Young (Normal) (G1 Evacuation Pause) 154M->5M(256M) 3.503ms
[2025-03-05T13:09:43.307+0300][385.782s][info ][gc] GC(940) Pause Young (Normal) (G1 Evacuation Pause) 154M->3M(256M) 1.672ms
[2025-03-05T13:09:43.783+0300][386.258s][info ][gc] GC(941) Pause Young (Normal) (G1 Evacuation Pause) 154M->4M(256M) 2.828ms
[2025-03-05T13:09:44.188+0300][386.662s][info ][gc] GC(942) Pause Young (Normal) (G1 Evacuation Pause) 154M->2M(256M) 1.025ms
[2025-03-05T13:09:44.583+0300][387.058s][info ][gc] GC(943) Pause Young (Normal) (G1 Evacuation Pause) 154M->4M(256M) 2.199ms
[2025-03-05T13:09:44.977+0300][387.452s][info ][gc] GC(944) Pause Young (Normal) (G1 Evacuation Pause) 155M->5M(256M) 3.506ms
[2025-03-05T13:09:45.367+0300][387.842s][info ][gc] GC(945) Pause Young (Normal) (G1 Evacuation Pause) 155M->3M(256M) 1.555ms
[2025-03-05T13:09:45.761+0300][388.237s][info ][gc] GC(946) Pause Young (Normal) (G1 Evacuation Pause) 155M->4M(256M) 2.985ms
[2025-03-05T13:09:46.150+0300][388.626s][info ][gc] GC(947) Pause Young (Normal) (G1 Evacuation Pause) 154M->2M(256M) 0.930ms
[2025-03-05T13:09:46.546+0300][389.021s][info ][gc] GC(948) Pause Young (Normal) (G1 Evacuation Pause) 154M->3M(256M) 2.068ms
[2025-03-05T13:09:46.937+0300][389.412s][info ][gc] GC(949) Pause Young (Normal) (G1 Evacuation Pause) 154M->5M(256M) 3.050ms
[2025-03-05T13:09:47.333+0300][389.807s][info ][gc] GC(950) Pause Young (Normal) (G1 Evacuation Pause) 155M->3M(256M) 0.994ms
[2025-03-05T13:09:47.732+0300][390.207s][info ][gc] GC(951) Pause Young (Normal) (G1 Evacuation Pause) 155M->4M(256M) 2.533ms
[2025-03-05T13:09:48.126+0300][390.601s][info ][gc] GC(952) Pause Young (Normal) (G1 Evacuation Pause) 154M->5M(256M) 4.145ms
[2025-03-05T13:09:48.519+0300][390.994s][info ][gc] GC(953) Pause Young (Normal) (G1 Evacuation Pause) 154M->3M(256M) 1.806ms
[2025-03-05T13:09:48.913+0300][391.387s][info ][gc] GC(954) Pause Young (Normal) (G1 Evacuation Pause) 154M->4M(256M) 3.083ms
[2025-03-05T13:09:49.307+0300][391.781s][info ][gc] GC(955) Pause Young (Normal) (G1 Evacuation Pause) 154M->2M(256M) 1.082ms
[2025-03-05T13:09:49.710+0300][392.185s][info ][gc] GC(956) Pause Young (Normal) (G1 Evacuation Pause) 154M->4M(256M) 2.269ms
[2025-03-05T13:09:50.129+0300][392.603s][info ][gc] GC(957) Pause Young (Normal) (G1 Evacuation Pause) 155M->5M(256M) 3.692ms
[2025-03-05T13:09:50.519+0300][392.994s][info ][gc] GC(958) Pause Young (Normal) (G1 Evacuation Pause) 155M->3M(256M) 1.478ms
[2025-03-05T13:09:50.913+0300][393.388s][info ][gc] GC(959) Pause Young (Normal) (G1 Evacuation Pause) 155M->4M(256M) 2.456ms
[2025-03-05T13:09:51.303+0300][393.778s][info ][gc] GC(960) Pause Young (Normal) (G1 Evacuation Pause) 154M->2M(256M) 0.470ms
[2025-03-05T13:09:51.701+0300][394.176s][info ][gc] GC(961) Pause Young (Normal) (G1 Evacuation Pause) 154M->3M(256M) 2.090ms
[2025-03-05T13:09:52.149+0300][394.624s][info ][gc] GC(962) Pause Young (Normal) (G1 Evacuation Pause) 154M->5M(256M) 3.255ms
[2025-03-05T13:09:52.540+0300][395.015s][info ][gc] GC(963) Pause Young (Normal) (G1 Evacuation Pause) 155M->3M(256M) 1.279ms
[2025-03-05T13:09:52.939+0300][395.415s][info ][gc] GC(964) Pause Young (Normal) (G1 Evacuation Pause) 155M->4M(256M) 2.574ms
[2025-03-05T13:09:53.334+0300][395.809s][info ][gc] GC(965) Pause Young (Normal) (G1 Evacuation Pause) 155M->5M(256M) 3.807ms
[2025-03-05T13:09:53.722+0300][396.198s][info ][gc] GC(966) Pause Young (Normal) (G1 Evacuation Pause) 154M->3M(256M) 1.902ms
[2025-03-05T13:09:54.119+0300][396.594s][info ][gc] GC(967) Pause Young (Normal) (G1 Evacuation Pause) 154M->5M(256M) 2.901ms
[2025-03-05T13:09:54.506+0300][396.981s][info ][gc] GC(968) Pause Young (Normal) (G1 Evacuation Pause) 155M->2M(256M) 1.187ms
[2025-03-05T13:09:54.899+0300][397.374s][info ][gc] GC(969) Pause Young (Normal) (G1 Evacuation Pause) 154M->4M(256M) 2.154ms
[2025-03-05T13:09:55.291+0300][397.767s][info ][gc] GC(970) Pause Young (Normal) (G1 Evacuation Pause) 155M->5M(256M) 3.927ms
[2025-03-05T13:09:55.681+0300][398.156s][info ][gc] GC(971) Pause Young (Normal) (G1 Evacuation Pause) 155M->3M(256M) 1.483ms
[2025-03-05T13:09:56.079+0300][398.554s][info ][gc] GC(972) Pause Young (Normal) (G1 Evacuation Pause) 155M->4M(256M) 2.812ms
[2025-03-05T13:09:56.467+0300][398.942s][info ][gc] GC(973) Pause Young (Normal) (G1 Evacuation Pause) 154M->2M(256M) 0.763ms
[2025-03-05T13:09:56.860+0300][399.335s][info ][gc] GC(974) Pause Young (Normal) (G1 Evacuation Pause) 154M->4M(256M) 2.495ms
[2025-03-05T13:09:57.256+0300][399.731s][info ][gc] GC(975) Pause Young (Normal) (G1 Evacuation Pause) 155M->5M(256M) 3.180ms
[2025-03-05T13:09:57.644+0300][400.119s][info ][gc] GC(976) Pause Young (Normal) (G1 Evacuation Pause) 155M->3M(256M) 1.338ms
[2025-03-05T13:09:58.041+0300][400.517s][info ][gc] GC(977) Pause Young (Normal) (G1 Evacuation Pause) 155M->4M(256M) 2.886ms
[2025-03-05T13:09:58.444+0300][400.918s][info ][gc] GC(978) Pause Young (Normal) (G1 Evacuation Pause) 155M->2M(256M) 0.852ms
[2025-03-05T13:09:58.932+0300][401.407s][info ][gc] GC(979) Pause Young (Normal) (G1 Evacuation Pause) 154M->3M(256M) 1.884ms
[2025-03-05T13:09:59.328+0300][401.803s][info ][gc] GC(980) Pause Young (Normal) (G1 Evacuation Pause) 154M->5M(256M) 3.679ms
[2025-03-05T13:09:59.717+0300][402.192s][info ][gc] GC(981) Pause Young (Normal) (G1 Evacuation Pause) 155M->3M(256M) 1.362ms
[2025-03-05T13:10:00.117+0300][402.593s][info ][gc] GC(982) Pause Young (Normal) (G1 Evacuation Pause) 155M->4M(256M) 2.741ms
[2025-03-05T13:10:00.511+0300][402.986s][info ][gc] GC(983) Pause Young (Normal) (G1 Evacuation Pause) 154M->5M(256M) 3.714ms
[2025-03-05T13:10:00.899+0300][403.374s][info ][gc] GC(984) Pause Young (Normal) (G1 Evacuation Pause) 154M->3M(256M) 1.680ms
[2025-03-05T13:10:01.295+0300][403.770s][info ][gc] GC(985) Pause Young (Normal) (G1 Evacuation Pause) 154M->4M(256M) 2.792ms
[2025-03-05T13:10:01.686+0300][404.161s][info ][gc] GC(986) Pause Young (Normal) (G1 Evacuation Pause) 154M->2M(256M) 1.136ms
[2025-03-05T13:10:02.092+0300][404.568s][info ][gc] GC(987) Pause Young (Normal) (G1 Evacuation Pause) 154M->4M(256M) 2.293ms
[2025-03-05T13:10:02.492+0300][404.968s][info ][gc] GC(988) Pause Young (Normal) (G1 Evacuation Pause) 155M->5M(256M) 3.859ms
[2025-03-05T13:10:02.881+0300][405.356s][info ][gc] GC(989) Pause Young (Normal) (G1 Evacuation Pause) 155M->3M(256M) 1.390ms
[2025-03-05T13:10:03.342+0300][405.817s][info ][gc] GC(990) Pause Young (Normal) (G1 Evacuation Pause) 155M->4M(256M) 2.672ms
[2025-03-05T13:10:03.763+0300][406.238s][info ][gc] GC(991) Pause Young (Normal) (G1 Evacuation Pause) 154M->2M(256M) 0.698ms
[2025-03-05T13:10:04.170+0300][406.645s][info ][gc] GC(992) Pause Young (Normal) (G1 Evacuation Pause) 154M->3M(256M) 1.917ms
[2025-03-05T13:10:04.564+0300][407.039s][info ][gc] GC(993) Pause Young (Normal) (G1 Evacuation Pause) 154M->5M(256M) 3.397ms
[2025-03-05T13:10:04.962+0300][407.437s][info ][gc] GC(994) Pause Young (Normal) (G1 Evacuation Pause) 155M->3M(256M) 1.265ms
[2025-03-05T13:10:05.360+0300][407.836s][info ][gc] GC(995) Pause Young (Normal) (G1 Evacuation Pause) 155M->4M(256M) 2.496ms
[2025-03-05T13:10:05.750+0300][408.224s][info ][gc] GC(996) Pause Young (Normal) (G1 Evacuation Pause) 154M->5M(256M) 3.536ms
[2025-03-05T13:10:06.142+0300][408.617s][info ][gc] GC(997) Pause Young (Normal) (G1 Evacuation Pause) 154M->3M(256M) 1.766ms
[2025-03-05T13:10:06.535+0300][409.010s][info ][gc] GC(998) Pause Young (Normal) (G1 Evacuation Pause) 154M->4M(256M) 2.885ms
[2025-03-05T13:10:06.924+0300][409.399s][info ][gc] GC(999) Pause Young (Normal) (G1 Evacuation Pause) 154M->2M(256M) 0.973ms
[2025-03-05T13:10:07.323+0300][409.797s][info ][gc] GC(1000) Pause Young (Normal) (G1 Evacuation Pause) 154M->4M(256M) 2.185ms
[2025-03-05T13:10:07.715+0300][410.190s][info ][gc] GC(1001) Pause Young (Normal) (G1 Evacuation Pause) 155M->5M(256M) 3.457ms
[2025-03-05T13:10:08.109+0300][410.583s][info ][gc] GC(1002) Pause Young (Normal) (G1 Evacuation Pause) 155M->3M(256M) 1.445ms
[2025-03-05T13:10:08.504+0300][410.979s][info ][gc] GC(1003) Pause Young (Normal) (G1 Evacuation Pause) 155M->4M(256M) 2.356ms
[2025-03-05T13:10:08.910+0300][411.384s][info ][gc] GC(1004) Pause Young (Normal) (G1 Evacuation Pause) 154M->2M(256M) 0.582ms
[2025-03-05T13:10:09.332+0300][411.807s][info ][gc] GC(1005) Pause Young (Normal) (G1 Evacuation Pause) 154M->3M(256M) 2.291ms
[2025-03-05T13:10:09.730+0300][412.206s][info ][gc] GC(1006) Pause Young (Normal) (G1 Evacuation Pause) 154M->5M(256M) 3.393ms
[2025-03-05T13:10:10.132+0300][412.607s][info ][gc] GC(1007) Pause Young (Normal) (G1 Evacuation Pause) 155M->3M(256M) 1.410ms
[2025-03-05T13:10:10.524+0300][412.999s][info ][gc] GC(1008) Pause Young (Normal) (G1 Evacuation Pause) 155M->4M(256M) 2.622ms
[2025-03-05T13:10:10.924+0300][413.399s][info ][gc] GC(1009) Pause Young (Normal) (G1 Evacuation Pause) 155M->5M(256M) 3.900ms
[2025-03-05T13:10:11.320+0300][413.796s][info ][gc] GC(1010) Pause Young (Normal) (G1 Evacuation Pause) 154M->3M(256M) 2.085ms
[2025-03-05T13:10:11.772+0300][414.247s][info ][gc] GC(1011) Pause Young (Normal) (G1 Evacuation Pause) 154M->4M(256M) 2.900ms
[2025-03-05T13:10:12.318+0300][414.793s][info ][gc] GC(1012) Pause Young (Normal) (G1 Evacuation Pause) 154M->2M(256M) 0.808ms
[2025-03-05T13:10:12.740+0300][415.215s][info ][gc] GC(1013) Pause Young (Normal) (G1 Evacuation Pause) 154M->4M(256M) 2.268ms
[2025-03-05T13:10:13.155+0300][415.630s][info ][gc] GC(1014) Pause Young (Normal) (G1 Evacuation Pause) 155M->5M(256M) 3.717ms
[2025-03-05T13:10:13.555+0300][416.030s][info ][gc] GC(1015) Pause Young (Normal) (G1 Evacuation Pause) 155M->3M(256M) 1.561ms
[2025-03-05T13:10:13.960+0300][416.435s][info ][gc] GC(1016) Pause Young (Normal) (G1 Evacuation Pause) 155M->4M(256M) 2.927ms
[2025-03-05T13:10:14.372+0300][416.847s][info ][gc] GC(1017) Pause Young (Normal) (G1 Evacuation Pause) 154M->2M(256M) 1.073ms
[2025-03-05T13:10:14.792+0300][417.268s][info ][gc] GC(1018) Pause Young (Normal) (G1 Evacuation Pause) 154M->3M(256M) 2.012ms
[2025-03-05T13:10:15.205+0300][417.680s][info ][gc] GC(1019) Pause Young (Normal) (G1 Evacuation Pause) 154M->5M(256M) 3.272ms
[2025-03-05T13:10:15.605+0300][418.080s][info ][gc] GC(1020) Pause Young (Normal) (G1 Evacuation Pause) 155M->3M(256M) 1.464ms
[2025-03-05T13:10:16.054+0300][418.530s][info ][gc] GC(1021) Pause Young (Normal) (G1 Evacuation Pause) 155M->4M(256M) 3.211ms
[2025-03-05T13:10:16.477+0300][418.952s][info ][gc] GC(1022) Pause Young (Normal) (G1 Evacuation Pause) 154M->5M(256M) 3.766ms
[2025-03-05T13:10:16.877+0300][419.353s][info ][gc] GC(1023) Pause Young (Normal) (G1 Evacuation Pause) 154M->3M(256M) 1.660ms
[2025-03-05T13:10:17.301+0300][419.776s][info ][gc] GC(1024) Pause Young (Normal) (G1 Evacuation Pause) 154M->4M(256M) 2.902ms
[2025-03-05T13:10:17.703+0300][420.178s][info ][gc] GC(1025) Pause Young (Normal) (G1 Evacuation Pause) 154M->2M(256M) 0.702ms
[2025-03-05T13:10:18.121+0300][420.597s][info ][gc] GC(1026) Pause Young (Normal) (G1 Evacuation Pause) 154M->4M(256M) 2.409ms
[2025-03-05T13:10:18.527+0300][421.001s][info ][gc] GC(1027) Pause Young (Normal) (G1 Evacuation Pause) 155M->5M(256M) 3.593ms
[2025-03-05T13:10:18.951+0300][421.426s][info ][gc] GC(1028) Pause Young (Normal) (G1 Evacuation Pause) 155M->3M(256M) 1.365ms
[2025-03-05T13:10:19.392+0300][421.868s][info ][gc] GC(1029) Pause Young (Normal) (G1 Evacuation Pause) 155M->4M(256M) 2.929ms
[2025-03-05T13:10:19.791+0300][422.267s][info ][gc] GC(1030) Pause Young (Normal) (G1 Evacuation Pause) 154M->2M(256M) 0.979ms
[2025-03-05T13:10:20.194+0300][422.669s][info ][gc] GC(1031) Pause Young (Normal) (G1 Evacuation Pause) 154M->3M(256M) 1.911ms
[2025-03-05T13:10:20.608+0300][423.082s][info ][gc] GC(1032) Pause Young (Normal) (G1 Evacuation Pause) 154M->5M(256M) 3.293ms
[2025-03-05T13:10:21.032+0300][423.507s][info ][gc] GC(1033) Pause Young (Normal) (G1 Evacuation Pause) 155M->3M(256M) 1.280ms
[2025-03-05T13:10:21.493+0300][423.968s][info ][gc] GC(1034) Pause Young (Normal) (G1 Evacuation Pause) 155M->4M(256M) 2.906ms
[2025-03-05T13:10:21.971+0300][424.446s][info ][gc] GC(1035) Pause Young (Normal) (G1 Evacuation Pause) 154M->5M(256M) 3.742ms
[2025-03-05T13:10:22.416+0300][424.891s][info ][gc] GC(1036) Pause Young (Normal) (G1 Evacuation Pause) 154M->3M(256M) 1.996ms
[2025-03-05T13:10:22.881+0300][425.357s][info ][gc] GC(1037) Pause Young (Normal) (G1 Evacuation Pause) 154M->4M(256M) 2.877ms
[2025-03-05T13:10:23.315+0300][425.790s][info ][gc] GC(1038) Pause Young (Normal) (G1 Evacuation Pause) 154M->2M(256M) 1.065ms
[2025-03-05T13:10:23.719+0300][426.193s][info ][gc] GC(1039) Pause Young (Normal) (G1 Evacuation Pause) 154M->4M(256M) 2.206ms
[2025-03-05T13:10:24.208+0300][426.683s][info ][gc] GC(1040) Pause Young (Normal) (G1 Evacuation Pause) 155M->5M(256M) 3.596ms
[2025-03-05T13:10:24.617+0300][427.092s][info ][gc] GC(1041) Pause Young (Normal) (G1 Evacuation Pause) 155M->3M(256M) 1.680ms
[2025-03-05T13:10:25.063+0300][427.538s][info ][gc] GC(1042) Pause Young (Normal) (G1 Evacuation Pause) 155M->4M(256M) 2.827ms
[2025-03-05T13:10:25.458+0300][427.934s][info ][gc] GC(1043) Pause Young (Normal) (G1 Evacuation Pause) 154M->2M(256M) 0.723ms
[2025-03-05T13:10:25.874+0300][428.348s][info ][gc] GC(1044) Pause Young (Normal) (G1 Evacuation Pause) 154M->3M(256M) 1.819ms
[2025-03-05T13:10:26.275+0300][428.751s][info ][gc] GC(1045) Pause Young (Normal) (G1 Evacuation Pause) 154M->5M(256M) 3.199ms
[2025-03-05T13:10:26.707+0300][429.181s][info ][gc] GC(1046) Pause Young (Normal) (G1 Evacuation Pause) 155M->3M(256M) 1.135ms
[2025-03-05T13:10:27.111+0300][429.586s][info ][gc] GC(1047) Pause Young (Normal) (G1 Evacuation Pause) 155M->4M(256M) 2.726ms
[2025-03-05T13:10:27.514+0300][429.988s][info ][gc] GC(1048) Pause Young (Normal) (G1 Evacuation Pause) 155M->5M(256M) 4.012ms
[2025-03-05T13:10:27.952+0300][430.427s][info ][gc] GC(1049) Pause Young (Normal) (G1 Evacuation Pause) 154M->3M(256M) 1.632ms
[2025-03-05T13:10:28.397+0300][430.872s][info ][gc] GC(1050) Pause Young (Normal) (G1 Evacuation Pause) 154M->5M(256M) 2.809ms
[2025-03-05T13:10:28.819+0300][431.293s][info ][gc] GC(1051) Pause Young (Normal) (G1 Evacuation Pause) 155M->2M(256M) 0.850ms
[2025-03-05T13:10:29.250+0300][431.725s][info ][gc] GC(1052) Pause Young (Normal) (G1 Evacuation Pause) 154M->4M(256M) 2.162ms
[2025-03-05T13:10:29.652+0300][432.127s][info ][gc] GC(1053) Pause Young (Normal) (G1 Evacuation Pause) 155M->5M(256M) 3.611ms
[2025-03-05T13:10:30.074+0300][432.548s][info ][gc] GC(1054) Pause Young (Normal) (G1 Evacuation Pause) 155M->3M(256M) 1.282ms
[2025-03-05T13:10:30.583+0300][433.058s][info ][gc] GC(1055) Pause Young (Normal) (G1 Evacuation Pause) 155M->4M(256M) 3.038ms
[2025-03-05T13:10:30.992+0300][433.467s][info ][gc] GC(1056) Pause Young (Normal) (G1 Evacuation Pause) 154M->2M(256M) 0.839ms
[2025-03-05T13:10:31.387+0300][433.861s][info ][gc] GC(1057) Pause Young (Normal) (G1 Evacuation Pause) 154M->4M(256M) 2.094ms
[2025-03-05T13:10:31.786+0300][434.262s][info ][gc] GC(1058) Pause Young (Normal) (G1 Evacuation Pause) 155M->5M(256M) 3.519ms
[2025-03-05T13:10:32.198+0300][434.672s][info ][gc] GC(1059) Pause Young (Normal) (G1 Evacuation Pause) 155M->3M(256M) 1.552ms
[2025-03-05T13:10:32.671+0300][435.146s][info ][gc] GC(1060) Pause Young (Normal) (G1 Evacuation Pause) 155M->4M(256M) 2.713ms
[2025-03-05T13:10:33.082+0300][435.556s][info ][gc] GC(1061) Pause Young (Normal) (G1 Evacuation Pause) 155M->2M(256M) 0.643ms
[2025-03-05T13:10:33.480+0300][435.956s][info ][gc] GC(1062) Pause Young (Normal) (G1 Evacuation Pause) 154M->3M(256M) 2.240ms
[2025-03-05T13:10:33.884+0300][436.359s][info ][gc] GC(1063) Pause Young (Normal) (G1 Evacuation Pause) 154M->5M(256M) 3.380ms
[2025-03-05T13:10:34.306+0300][436.780s][info ][gc] GC(1064) Pause Young (Normal) (G1 Evacuation Pause) 155M->3M(256M) 1.309ms
[2025-03-05T13:10:34.738+0300][437.213s][info ][gc] GC(1065) Pause Young (Normal) (G1 Evacuation Pause) 155M->4M(256M) 2.547ms
[2025-03-05T13:10:35.174+0300][437.649s][info ][gc] GC(1066) Pause Young (Normal) (G1 Evacuation Pause) 154M->5M(256M) 4.005ms
[2025-03-05T13:10:35.568+0300][438.043s][info ][gc] GC(1067) Pause Young (Normal) (G1 Evacuation Pause) 154M->3M(256M) 1.641ms
[2025-03-05T13:10:35.965+0300][438.440s][info ][gc] GC(1068) Pause Young (Normal) (G1 Evacuation Pause) 154M->4M(256M) 2.752ms
[2025-03-05T13:10:36.365+0300][438.839s][info ][gc] GC(1069) Pause Young (Normal) (G1 Evacuation Pause) 154M->2M(256M) 1.102ms
[2025-03-05T13:10:36.764+0300][439.238s][info ][gc] GC(1070) Pause Young (Normal) (G1 Evacuation Pause) 154M->4M(256M) 2.097ms
[2025-03-05T13:10:37.156+0300][439.631s][info ][gc] GC(1071) Pause Young (Normal) (G1 Evacuation Pause) 155M->5M(256M) 3.619ms
[2025-03-05T13:10:37.548+0300][440.023s][info ][gc] GC(1072) Pause Young (Normal) (G1 Evacuation Pause) 155M->3M(256M) 1.496ms
[2025-03-05T13:10:37.944+0300][440.418s][info ][gc] GC(1073) Pause Young (Normal) (G1 Evacuation Pause) 155M->4M(256M) 2.484ms
[2025-03-05T13:10:38.337+0300][440.811s][info ][gc] GC(1074) Pause Young (Normal) (G1 Evacuation Pause) 154M->2M(256M) 0.785ms
[2025-03-05T13:10:38.732+0300][441.206s][info ][gc] GC(1075) Pause Young (Normal) (G1 Evacuation Pause) 154M->3M(256M) 2.272ms
[2025-03-05T13:10:39.126+0300][441.602s][info ][gc] GC(1076) Pause Young (Normal) (G1 Evacuation Pause) 154M->5M(256M) 3.429ms
[2025-03-05T13:10:39.516+0300][441.991s][info ][gc] GC(1077) Pause Young (Normal) (G1 Evacuation Pause) 155M->3M(256M) 1.292ms
[2025-03-05T13:10:39.912+0300][442.387s][info ][gc] GC(1078) Pause Young (Normal) (G1 Evacuation Pause) 155M->4M(256M) 2.908ms
[2025-03-05T13:10:40.308+0300][442.783s][info ][gc] GC(1079) Pause Young (Normal) (G1 Evacuation Pause) 155M->6M(256M) 3.733ms
[2025-03-05T13:10:40.697+0300][443.171s][info ][gc] GC(1080) Pause Young (Normal) (G1 Evacuation Pause) 155M->3M(256M) 1.532ms
[2025-03-05T13:10:41.097+0300][443.572s][info ][gc] GC(1081) Pause Young (Normal) (G1 Evacuation Pause) 154M->4M(256M) 2.609ms
[2025-03-05T13:10:41.518+0300][443.993s][info ][gc] GC(1082) Pause Young (Normal) (G1 Evacuation Pause) 154M->2M(256M) 0.834ms
[2025-03-05T13:10:41.938+0300][444.412s][info ][gc] GC(1083) Pause Young (Normal) (G1 Evacuation Pause) 154M->4M(256M) 2.327ms
[2025-03-05T13:10:42.361+0300][444.836s][info ][gc] GC(1084) Pause Young (Normal) (G1 Evacuation Pause) 155M->5M(256M) 3.615ms
[2025-03-05T13:10:42.885+0300][445.359s][info ][gc] GC(1085) Pause Young (Normal) (G1 Evacuation Pause) 155M->3M(256M) 1.099ms
[2025-03-05T13:10:43.300+0300][445.774s][info ][gc] GC(1086) Pause Young (Normal) (G1 Evacuation Pause) 155M->4M(256M) 2.667ms
[2025-03-05T13:10:43.691+0300][446.166s][info ][gc] GC(1087) Pause Young (Normal) (G1 Evacuation Pause) 154M->2M(256M) 0.954ms
[2025-03-05T13:10:44.086+0300][446.561s][info ][gc] GC(1088) Pause Young (Normal) (G1 Evacuation Pause) 154M->4M(256M) 2.253ms
[2025-03-05T13:10:44.479+0300][446.954s][info ][gc] GC(1089) Pause Young (Normal) (G1 Evacuation Pause) 155M->5M(256M) 3.331ms
[2025-03-05T13:10:44.868+0300][447.343s][info ][gc] GC(1090) Pause Young (Normal) (G1 Evacuation Pause) 155M->3M(256M) 1.476ms
[2025-03-05T13:10:45.263+0300][447.738s][info ][gc] GC(1091) Pause Young (Normal) (G1 Evacuation Pause) 155M->4M(256M) 2.454ms
[2025-03-05T13:10:45.653+0300][448.128s][info ][gc] GC(1092) Pause Young (Normal) (G1 Evacuation Pause) 154M->5M(256M) 3.771ms
[2025-03-05T13:10:46.045+0300][448.519s][info ][gc] GC(1093) Pause Young (Normal) (G1 Evacuation Pause) 154M->3M(256M) 1.739ms
[2025-03-05T13:10:46.439+0300][448.914s][info ][gc] GC(1094) Pause Young (Normal) (G1 Evacuation Pause) 154M->4M(256M) 2.860ms
[2025-03-05T13:10:46.826+0300][449.300s][info ][gc] GC(1095) Pause Young (Normal) (G1 Evacuation Pause) 154M->2M(256M) 0.860ms
[2025-03-05T13:10:47.222+0300][449.697s][info ][gc] GC(1096) Pause Young (Normal) (G1 Evacuation Pause) 154M->4M(256M) 2.239ms
[2025-03-05T13:10:47.617+0300][450.091s][info ][gc] GC(1097) Pause Young (Normal) (G1 Evacuation Pause) 155M->5M(256M) 3.310ms
[2025-03-05T13:10:48.007+0300][450.482s][info ][gc] GC(1098) Pause Young (Normal) (G1 Evacuation Pause) 155M->3M(256M) 1.446ms
[2025-03-05T13:10:48.401+0300][450.876s][info ][gc] GC(1099) Pause Young (Normal) (G1 Evacuation Pause) 155M->4M(256M) 2.815ms
[2025-03-05T13:10:48.788+0300][451.263s][info ][gc] GC(1100) Pause Young (Normal) (G1 Evacuation Pause) 154M->2M(256M) 0.962ms
[2025-03-05T13:10:49.182+0300][451.657s][info ][gc] GC(1101) Pause Young (Normal) (G1 Evacuation Pause) 154M->4M(256M) 2.091ms
[2025-03-05T13:10:49.574+0300][452.049s][info ][gc] GC(1102) Pause Young (Normal) (G1 Evacuation Pause) 155M->5M(256M) 3.580ms
[2025-03-05T13:10:49.962+0300][452.437s][info ][gc] GC(1103) Pause Young (Normal) (G1 Evacuation Pause) 155M->3M(256M) 1.257ms
[2025-03-05T13:10:50.365+0300][452.839s][info ][gc] GC(1104) Pause Young (Normal) (G1 Evacuation Pause) 155M->4M(256M) 2.548ms
[2025-03-05T13:10:50.756+0300][453.231s][info ][gc] GC(1105) Pause Young (Normal) (G1 Evacuation Pause) 154M->5M(256M) 3.824ms
[2025-03-05T13:10:51.148+0300][453.623s][info ][gc] GC(1106) Pause Young (Normal) (G1 Evacuation Pause) 154M->3M(256M) 1.760ms
[2025-03-05T13:10:51.540+0300][454.016s][info ][gc] GC(1107) Pause Young (Normal) (G1 Evacuation Pause) 154M->4M(256M) 2.917ms
[2025-03-05T13:10:51.931+0300][454.406s][info ][gc] GC(1108) Pause Young (Normal) (G1 Evacuation Pause) 154M->2M(256M) 0.986ms
[2025-03-05T13:10:52.329+0300][454.804s][info ][gc] GC(1109) Pause Young (Normal) (G1 Evacuation Pause) 154M->4M(256M) 2.270ms
[2025-03-05T13:10:52.722+0300][455.196s][info ][gc] GC(1110) Pause Young (Normal) (G1 Evacuation Pause) 155M->5M(256M) 3.507ms
[2025-03-05T13:10:53.113+0300][455.588s][info ][gc] GC(1111) Pause Young (Normal) (G1 Evacuation Pause) 155M->3M(256M) 1.544ms
[2025-03-05T13:10:53.508+0300][455.983s][info ][gc] GC(1112) Pause Young (Normal) (G1 Evacuation Pause) 155M->4M(256M) 2.760ms
[2025-03-05T13:10:53.896+0300][456.371s][info ][gc] GC(1113) Pause Young (Normal) (G1 Evacuation Pause) 154M->2M(256M) 0.917ms
[2025-03-05T13:10:54.290+0300][456.765s][info ][gc] GC(1114) Pause Young (Normal) (G1 Evacuation Pause) 154M->3M(256M) 2.059ms
[2025-03-05T13:10:54.682+0300][457.157s][info ][gc] GC(1115) Pause Young (Normal) (G1 Evacuation Pause) 154M->5M(256M) 3.383ms
[2025-03-05T13:10:55.070+0300][457.545s][info ][gc] GC(1116) Pause Young (Normal) (G1 Evacuation Pause) 155M->3M(256M) 1.438ms
[2025-03-05T13:10:55.467+0300][457.942s][info ][gc] GC(1117) Pause Young (Normal) (G1 Evacuation Pause) 155M->4M(256M) 2.425ms
[2025-03-05T13:10:55.861+0300][458.336s][info ][gc] GC(1118) Pause Young (Normal) (G1 Evacuation Pause) 154M->5M(256M) 3.840ms
[2025-03-05T13:10:56.250+0300][458.725s][info ][gc] GC(1119) Pause Young (Normal) (G1 Evacuation Pause) 154M->3M(256M) 1.757ms
[2025-03-05T13:10:56.642+0300][459.117s][info ][gc] GC(1120) Pause Young (Normal) (G1 Evacuation Pause) 154M->4M(256M) 3.033ms
[2025-03-05T13:10:57.037+0300][459.511s][info ][gc] GC(1121) Pause Young (Normal) (G1 Evacuation Pause) 154M->2M(256M) 0.963ms
[2025-03-05T13:10:57.432+0300][459.907s][info ][gc] GC(1122) Pause Young (Normal) (G1 Evacuation Pause) 154M->4M(256M) 2.276ms
[2025-03-05T13:10:57.830+0300][460.306s][info ][gc] GC(1123) Pause Young (Normal) (G1 Evacuation Pause) 155M->5M(256M) 3.443ms
[2025-03-05T13:10:58.222+0300][460.698s][info ][gc] GC(1124) Pause Young (Normal) (G1 Evacuation Pause) 155M->3M(256M) 1.861ms
[2025-03-05T13:10:58.625+0300][461.100s][info ][gc] GC(1125) Pause Young (Normal) (G1 Evacuation Pause) 155M->4M(256M) 2.899ms
[2025-03-05T13:10:59.015+0300][461.489s][info ][gc] GC(1126) Pause Young (Normal) (G1 Evacuation Pause) 154M->2M(256M) 0.839ms
[2025-03-05T13:10:59.409+0300][461.885s][info ][gc] GC(1127) Pause Young (Normal) (G1 Evacuation Pause) 154M->3M(256M) 2.008ms
[2025-03-05T13:10:59.808+0300][462.282s][info ][gc] GC(1128) Pause Young (Normal) (G1 Evacuation Pause) 154M->5M(256M) 3.415ms
[2025-03-05T13:11:00.201+0300][462.676s][info ][gc] GC(1129) Pause Young (Normal) (G1 Evacuation Pause) 155M->3M(256M) 1.303ms
[2025-03-05T13:11:00.618+0300][463.092s][info ][gc] GC(1130) Pause Young (Normal) (G1 Evacuation Pause) 155M->4M(256M) 2.586ms
[2025-03-05T13:11:01.050+0300][463.526s][info ][gc] GC(1131) Pause Young (Normal) (G1 Evacuation Pause) 154M->5M(256M) 3.648ms
[2025-03-05T13:11:01.438+0300][463.913s][info ][gc] GC(1132) Pause Young (Normal) (G1 Evacuation Pause) 154M->3M(256M) 1.682ms
[2025-03-05T13:11:01.828+0300][464.303s][info ][gc] GC(1133) Pause Young (Normal) (G1 Evacuation Pause) 154M->4M(256M) 2.869ms
[2025-03-05T13:11:02.222+0300][464.697s][info ][gc] GC(1134) Pause Young (Normal) (G1 Evacuation Pause) 154M->2M(256M) 1.033ms
[2025-03-05T13:11:02.616+0300][465.091s][info ][gc] GC(1135) Pause Young (Normal) (G1 Evacuation Pause) 154M->4M(256M) 2.214ms
[2025-03-05T13:11:03.009+0300][465.484s][info ][gc] GC(1136) Pause Young (Normal) (G1 Evacuation Pause) 155M->5M(256M) 3.611ms
[2025-03-05T13:11:03.396+0300][465.871s][info ][gc] GC(1137) Pause Young (Normal) (G1 Evacuation Pause) 155M->3M(256M) 1.426ms
[2025-03-05T13:11:03.792+0300][466.267s][info ][gc] GC(1138) Pause Young (Normal) (G1 Evacuation Pause) 155M->4M(256M) 3.176ms
[2025-03-05T13:11:04.180+0300][466.656s][info ][gc] GC(1139) Pause Young (Normal) (G1 Evacuation Pause) 154M->2M(256M) 0.884ms
[2025-03-05T13:11:04.574+0300][467.049s][info ][gc] GC(1140) Pause Young (Normal) (G1 Evacuation Pause) 154M->3M(256M) 2.018ms
[2025-03-05T13:11:04.967+0300][467.441s][info ][gc] GC(1141) Pause Young (Normal) (G1 Evacuation Pause) 154M->5M(256M) 3.308ms
