[2025-03-04T23:58:03.423+0300][0.010s][info][gc] Using G1
[2025-03-04T23:58:03.423+0300][0.011s][debug][gc] ConcGCThreads: 2 offset 16
[2025-03-04T23:58:03.424+0300][0.011s][debug][gc] ParallelGCThreads: 8
[2025-03-04T23:58:03.424+0300][0.011s][debug][gc] Initialize mark stack with 4096 chunks, maximum 524288
[2025-03-04T23:58:03.794+0300][0.382s][info ][gc] GC(0) Pause Young (Normal) (G1 Evacuation Pause) 12M->2M(256M) 2.930ms
[2025-03-04T23:58:03.843+0300][0.431s][info ][gc] GC(1) Pause Young (Normal) (G1 Evacuation Pause) 12M->3M(256M) 2.410ms
[2025-03-04T23:58:03.890+0300][0.478s][info ][gc] GC(2) Pause Young (Normal) (G1 Evacuation Pause) 13M->4M(256M) 2.029ms
[2025-03-04T23:58:03.950+0300][0.538s][info ][gc] GC(3) Pause Young (Normal) (G1 Evacuation Pause) 14M->5M(256M) 5.073ms
[2025-03-04T23:58:03.994+0300][0.581s][info ][gc] GC(4) Pause Young (Normal) (G1 Evacuation Pause) 15M->4M(256M) 1.063ms
[2025-03-04T23:58:04.043+0300][0.631s][info ][gc] GC(5) Pause Young (Normal) (G1 Evacuation Pause) 15M->5M(355M) 2.860ms
[2025-03-04T23:58:04.148+0300][0.736s][info ][gc] GC(6) Pause Young (Normal) (G1 Evacuation Pause) 20M->7M(355M) 4.425ms
[2025-03-04T23:58:04.198+0300][0.786s][info ][gc] GC(7) Pause Young (Normal) (G1 Evacuation Pause) 21M->5M(355M) 1.240ms
[2025-03-04T23:58:04.251+0300][0.839s][info ][gc] GC(8) Pause Young (Normal) (G1 Evacuation Pause) 21M->6M(355M) 2.190ms
[2025-03-04T23:58:04.292+0300][0.879s][info ][gc] GC(9) Pause Young (Normal) (G1 Evacuation Pause) 20M->4M(355M) 0.773ms
[2025-03-04T23:58:04.343+0300][0.930s][info ][gc] GC(10) Pause Young (Normal) (G1 Evacuation Pause) 20M->6M(355M) 1.946ms
[2025-03-04T23:58:04.392+0300][0.979s][info ][gc] GC(11) Pause Young (Normal) (G1 Evacuation Pause) 21M->4M(428M) 0.999ms
[2025-03-04T23:58:04.461+0300][1.048s][info ][gc] GC(12) Pause Young (Normal) (G1 Evacuation Pause) 24M->6M(428M) 1.979ms
[2025-03-04T23:58:04.519+0300][1.106s][info ][gc] GC(13) Pause Young (Normal) (G1 Evacuation Pause) 25M->5M(428M) 0.926ms
[2025-03-04T23:58:04.583+0300][1.170s][info ][gc] GC(14) Pause Young (Normal) (G1 Evacuation Pause) 25M->6M(428M) 2.358ms
[2025-03-04T23:58:04.638+0300][1.226s][info ][gc] GC(15) Pause Young (Normal) (G1 Evacuation Pause) 24M->5M(428M) 1.763ms
[2025-03-04T23:58:04.704+0300][1.292s][info ][gc] GC(16) Pause Young (Normal) (G1 Evacuation Pause) 25M->7M(428M) 2.719ms
[2025-03-04T23:58:04.758+0300][1.346s][info ][gc] GC(17) Pause Young (Normal) (G1 Evacuation Pause) 25M->5M(428M) 1.360ms
[2025-03-04T23:58:04.815+0300][1.403s][info ][gc] GC(18) Pause Young (Normal) (G1 Evacuation Pause) 24M->7M(428M) 2.584ms
[2025-03-04T23:58:04.863+0300][1.451s][info ][gc] GC(19) Pause Young (Normal) (G1 Evacuation Pause) 25M->5M(428M) 1.845ms
[2025-03-04T23:58:04.915+0300][1.504s][info ][gc] GC(20) Pause Young (Normal) (G1 Evacuation Pause) 24M->7M(493M) 3.258ms
[2025-03-04T23:58:04.976+0300][1.564s][info ][gc] GC(21) Pause Young (Normal) (G1 Evacuation Pause) 28M->6M(493M) 2.283ms
[2025-03-04T23:58:05.038+0300][1.626s][info ][gc] GC(22) Pause Young (Normal) (G1 Evacuation Pause) 28M->5M(493M) 1.418ms
[2025-03-04T23:58:05.101+0300][1.689s][info ][gc] GC(23) Pause Young (Normal) (G1 Evacuation Pause) 28M->7M(493M) 2.772ms
[2025-03-04T23:58:05.161+0300][1.749s][info ][gc] GC(24) Pause Young (Normal) (G1 Evacuation Pause) 28M->6M(493M) 2.209ms
[2025-03-04T23:58:05.221+0300][1.808s][info ][gc] GC(25) Pause Young (Normal) (G1 Evacuation Pause) 28M->5M(493M) 1.208ms
[2025-03-04T23:58:05.282+0300][1.870s][info ][gc] GC(26) Pause Young (Normal) (G1 Evacuation Pause) 28M->7M(493M) 2.582ms
[2025-03-04T23:58:05.341+0300][1.929s][info ][gc] GC(27) Pause Young (Normal) (G1 Evacuation Pause) 28M->5M(493M) 2.026ms
[2025-03-04T23:58:05.401+0300][1.989s][info ][gc] GC(28) Pause Young (Normal) (G1 Evacuation Pause) 27M->4M(493M) 0.879ms
[2025-03-04T23:58:05.467+0300][2.055s][info ][gc] GC(29) Pause Young (Normal) (G1 Evacuation Pause) 28M->6M(493M) 2.721ms
[2025-03-04T23:58:05.524+0300][2.111s][info ][gc] GC(30) Pause Young (Normal) (G1 Evacuation Pause) 27M->5M(556M) 2.259ms
[2025-03-04T23:58:05.594+0300][2.181s][info ][gc] GC(31) Pause Young (Normal) (G1 Evacuation Pause) 30M->4M(556M) 0.969ms
[2025-03-04T23:58:05.665+0300][2.253s][info ][gc] GC(32) Pause Young (Normal) (G1 Evacuation Pause) 30M->7M(556M) 2.862ms
[2025-03-04T23:58:05.729+0300][2.317s][info ][gc] GC(33) Pause Young (Normal) (G1 Evacuation Pause) 31M->6M(556M) 2.254ms
[2025-03-04T23:58:05.796+0300][2.383s][info ][gc] GC(34) Pause Young (Normal) (G1 Evacuation Pause) 31M->5M(556M) 1.469ms
[2025-03-04T23:58:05.862+0300][2.449s][info ][gc] GC(35) Pause Young (Normal) (G1 Evacuation Pause) 30M->4M(556M) 0.793ms
[2025-03-04T23:58:05.953+0300][2.541s][info ][gc] GC(36) Pause Young (Normal) (G1 Evacuation Pause) 37M->7M(556M) 3.177ms
[2025-03-04T23:58:06.016+0300][2.604s][info ][gc] GC(37) Pause Young (Normal) (G1 Evacuation Pause) 30M->6M(556M) 2.383ms
[2025-03-04T23:58:06.081+0300][2.668s][info ][gc] GC(38) Pause Young (Normal) (G1 Evacuation Pause) 30M->5M(556M) 1.585ms
[2025-03-04T23:58:06.150+0300][2.737s][info ][gc] GC(39) Pause Young (Normal) (G1 Evacuation Pause) 31M->4M(556M) 1.106ms
[2025-03-04T23:58:06.222+0300][2.811s][info ][gc] GC(40) Pause Young (Normal) (G1 Evacuation Pause) 30M->7M(556M) 2.790ms
[2025-03-04T23:58:06.288+0300][2.875s][info ][gc] GC(41) Pause Young (Normal) (G1 Evacuation Pause) 31M->6M(556M) 2.262ms
[2025-03-04T23:58:06.354+0300][2.942s][info ][gc] GC(42) Pause Young (Normal) (G1 Evacuation Pause) 31M->5M(556M) 1.453ms
[2025-03-04T23:58:06.421+0300][3.009s][info ][gc] GC(43) Pause Young (Normal) (G1 Evacuation Pause) 31M->4M(556M) 0.937ms
[2025-03-04T23:58:06.504+0300][3.092s][info ][gc] GC(44) Pause Young (Normal) (G1 Evacuation Pause) 35M->7M(556M) 2.874ms
[2025-03-04T23:58:06.569+0300][3.157s][info ][gc] GC(45) Pause Young (Normal) (G1 Evacuation Pause) 31M->6M(556M) 2.449ms
[2025-03-04T23:58:06.633+0300][3.220s][info ][gc] GC(46) Pause Young (Normal) (G1 Evacuation Pause) 30M->5M(556M) 1.281ms
[2025-03-04T23:58:06.707+0300][3.294s][info ][gc] GC(47) Pause Young (Normal) (G1 Evacuation Pause) 33M->5M(556M) 1.198ms
[2025-03-04T23:58:06.778+0300][3.365s][info ][gc] GC(48) Pause Young (Normal) (G1 Evacuation Pause) 31M->7M(556M) 2.877ms
[2025-03-04T23:58:06.843+0300][3.431s][info ][gc] GC(49) Pause Young (Normal) (G1 Evacuation Pause) 31M->6M(556M) 2.336ms
[2025-03-04T23:58:06.907+0300][3.495s][info ][gc] GC(50) Pause Young (Normal) (G1 Evacuation Pause) 30M->5M(556M) 1.484ms
[2025-03-04T23:58:06.985+0300][3.573s][info ][gc] GC(51) Pause Young (Normal) (G1 Evacuation Pause) 35M->5M(556M) 1.278ms
[2025-03-04T23:58:07.055+0300][3.644s][info ][gc] GC(52) Pause Young (Normal) (G1 Evacuation Pause) 31M->7M(556M) 2.884ms
[2025-03-04T23:58:07.124+0300][3.711s][info ][gc] GC(53) Pause Young (Normal) (G1 Evacuation Pause) 31M->6M(556M) 2.129ms
[2025-03-04T23:58:07.188+0300][3.775s][info ][gc] GC(54) Pause Young (Normal) (G1 Evacuation Pause) 30M->5M(556M) 1.799ms
[2025-03-04T23:58:07.253+0300][3.841s][info ][gc] GC(55) Pause Young (Normal) (G1 Evacuation Pause) 30M->4M(556M) 1.061ms
[2025-03-04T23:58:07.343+0300][3.930s][info ][gc] GC(56) Pause Young (Normal) (G1 Evacuation Pause) 38M->4M(556M) 0.980ms
[2025-03-04T23:58:07.466+0300][4.054s][info ][gc] GC(57) Pause Young (Normal) (G1 Evacuation Pause) 47M->5M(556M) 1.586ms
[2025-03-04T23:58:07.593+0300][4.181s][info ][gc] GC(58) Pause Young (Normal) (G1 Evacuation Pause) 53M->6M(556M) 2.667ms
[2025-03-04T23:58:07.658+0300][4.245s][info ][gc] GC(59) Pause Young (Normal) (G1 Evacuation Pause) 30M->5M(556M) 1.981ms
[2025-03-04T23:58:07.727+0300][4.314s][info ][gc] GC(60) Pause Young (Normal) (G1 Evacuation Pause) 30M->4M(556M) 1.070ms
[2025-03-04T23:58:07.798+0300][4.385s][info ][gc] GC(61) Pause Young (Normal) (G1 Evacuation Pause) 30M->7M(556M) 2.957ms
[2025-03-04T23:58:07.862+0300][4.449s][info ][gc] GC(62) Pause Young (Normal) (G1 Evacuation Pause) 31M->6M(556M) 2.141ms
[2025-03-04T23:58:07.928+0300][4.515s][info ][gc] GC(63) Pause Young (Normal) (G1 Evacuation Pause) 31M->5M(556M) 1.641ms
[2025-03-04T23:58:08.012+0300][4.600s][info ][gc] GC(64) Pause Young (Normal) (G1 Evacuation Pause) 36M->5M(556M) 1.199ms
[2025-03-04T23:58:08.083+0300][4.671s][info ][gc] GC(65) Pause Young (Normal) (G1 Evacuation Pause) 31M->7M(556M) 2.878ms
[2025-03-04T23:58:08.146+0300][4.733s][info ][gc] GC(66) Pause Young (Normal) (G1 Evacuation Pause) 30M->6M(556M) 2.267ms
[2025-03-04T23:58:08.210+0300][4.797s][info ][gc] GC(67) Pause Young (Normal) (G1 Evacuation Pause) 30M->5M(556M) 1.612ms
[2025-03-04T23:58:08.296+0300][4.883s][info ][gc] GC(68) Pause Young (Normal) (G1 Evacuation Pause) 37M->5M(556M) 1.348ms
[2025-03-04T23:58:08.366+0300][4.954s][info ][gc] GC(69) Pause Young (Normal) (G1 Evacuation Pause) 31M->7M(556M) 2.864ms
[2025-03-04T23:58:08.429+0300][5.017s][info ][gc] GC(70) Pause Young (Normal) (G1 Evacuation Pause) 30M->6M(556M) 2.455ms
[2025-03-04T23:58:08.492+0300][5.080s][info ][gc] GC(71) Pause Young (Normal) (G1 Evacuation Pause) 30M->5M(556M) 1.734ms
[2025-03-04T23:58:08.605+0300][5.194s][info ][gc] GC(72) Pause Young (Normal) (G1 Evacuation Pause) 46M->6M(556M) 2.202ms
[2025-03-04T23:58:08.680+0300][5.268s][info ][gc] GC(73) Pause Young (Normal) (G1 Evacuation Pause) 31M->5M(556M) 1.165ms
[2025-03-04T23:58:08.778+0300][5.366s][info ][gc] GC(74) Pause Young (Normal) (G1 Evacuation Pause) 33M->4M(556M) 1.199ms
[2025-03-04T23:58:08.851+0300][5.439s][info ][gc] GC(75) Pause Young (Normal) (G1 Evacuation Pause) 30M->7M(556M) 2.837ms
[2025-03-04T23:58:08.916+0300][5.504s][info ][gc] GC(76) Pause Young (Normal) (G1 Evacuation Pause) 31M->6M(556M) 2.122ms
[2025-03-04T23:58:08.982+0300][5.570s][info ][gc] GC(77) Pause Young (Normal) (G1 Evacuation Pause) 31M->5M(556M) 1.387ms
[2025-03-04T23:58:09.052+0300][5.639s][info ][gc] GC(78) Pause Young (Normal) (G1 Evacuation Pause) 31M->4M(556M) 0.916ms
[2025-03-04T23:58:09.148+0300][5.735s][info ][gc] GC(79) Pause Young (Normal) (G1 Evacuation Pause) 40M->4M(556M) 0.935ms
[2025-03-04T23:58:09.218+0300][5.806s][info ][gc] GC(80) Pause Young (Normal) (G1 Evacuation Pause) 30M->7M(556M) 2.942ms
[2025-03-04T23:58:09.282+0300][5.871s][info ][gc] GC(81) Pause Young (Normal) (G1 Evacuation Pause) 31M->6M(556M) 2.152ms
[2025-03-04T23:58:09.349+0300][5.936s][info ][gc] GC(82) Pause Young (Normal) (G1 Evacuation Pause) 31M->5M(556M) 1.306ms
[2025-03-04T23:58:09.423+0300][6.011s][info ][gc] GC(83) Pause Young (Normal) (G1 Evacuation Pause) 31M->4M(556M) 0.907ms
[2025-03-04T23:58:09.521+0300][6.108s][info ][gc] GC(84) Pause Young (Normal) (G1 Evacuation Pause) 40M->4M(556M) 1.070ms
[2025-03-04T23:58:09.600+0300][6.187s][info ][gc] GC(85) Pause Young (Normal) (G1 Evacuation Pause) 33M->7M(556M) 2.995ms
[2025-03-04T23:58:09.664+0300][6.252s][info ][gc] GC(86) Pause Young (Normal) (G1 Evacuation Pause) 31M->6M(556M) 2.196ms
[2025-03-04T23:58:09.728+0300][6.315s][info ][gc] GC(87) Pause Young (Normal) (G1 Evacuation Pause) 30M->5M(556M) 1.597ms
[2025-03-04T23:58:09.799+0300][6.387s][info ][gc] GC(88) Pause Young (Normal) (G1 Evacuation Pause) 32M->4M(556M) 1.094ms
[2025-03-04T23:58:09.870+0300][6.457s][info ][gc] GC(89) Pause Young (Normal) (G1 Evacuation Pause) 30M->7M(556M) 2.878ms
[2025-03-04T23:58:09.935+0300][6.523s][info ][gc] GC(90) Pause Young (Normal) (G1 Evacuation Pause) 31M->6M(556M) 2.048ms
[2025-03-04T23:58:10.001+0300][6.589s][info ][gc] GC(91) Pause Young (Normal) (G1 Evacuation Pause) 31M->5M(556M) 1.460ms
[2025-03-04T23:58:10.069+0300][6.657s][info ][gc] GC(92) Pause Young (Normal) (G1 Evacuation Pause) 31M->4M(556M) 0.875ms
[2025-03-04T23:58:10.178+0300][6.765s][info ][gc] GC(93) Pause Young (Normal) (G1 Evacuation Pause) 45M->5M(556M) 1.580ms
[2025-03-04T23:58:10.251+0300][6.838s][info ][gc] GC(94) Pause Young (Normal) (G1 Evacuation Pause) 33M->4M(556M) 0.737ms
[2025-03-04T23:58:10.388+0300][6.976s][info ][gc] GC(95) Pause Young (Normal) (G1 Evacuation Pause) 56M->6M(556M) 2.408ms
[2025-03-04T23:58:10.455+0300][7.043s][info ][gc] GC(96) Pause Young (Normal) (G1 Evacuation Pause) 31M->5M(556M) 1.466ms
[2025-03-04T23:58:10.525+0300][7.112s][info ][gc] GC(97) Pause Young (Normal) (G1 Evacuation Pause) 31M->4M(556M) 0.869ms
[2025-03-04T23:58:10.654+0300][7.243s][info ][gc] GC(98) Pause Young (Normal) (G1 Evacuation Pause) 51M->5M(556M) 1.794ms
[2025-03-04T23:58:10.750+0300][7.337s][info ][gc] GC(99) Pause Young (Normal) (G1 Evacuation Pause) 30M->4M(556M) 1.058ms
[2025-03-04T23:58:10.821+0300][7.409s][info ][gc] GC(100) Pause Young (Normal) (G1 Evacuation Pause) 30M->7M(556M) 2.689ms
[2025-03-04T23:58:10.893+0300][7.480s][info ][gc] GC(101) Pause Young (Normal) (G1 Evacuation Pause) 31M->6M(556M) 2.013ms
[2025-03-04T23:58:10.963+0300][7.551s][info ][gc] GC(102) Pause Young (Normal) (G1 Evacuation Pause) 31M->5M(556M) 1.447ms
[2025-03-04T23:58:11.042+0300][7.630s][info ][gc] GC(103) Pause Young (Normal) (G1 Evacuation Pause) 32M->4M(556M) 0.903ms
[2025-03-04T23:58:11.113+0300][7.701s][info ][gc] GC(104) Pause Young (Normal) (G1 Evacuation Pause) 30M->7M(556M) 2.741ms
[2025-03-04T23:58:11.183+0300][7.770s][info ][gc] GC(105) Pause Young (Normal) (G1 Evacuation Pause) 31M->6M(556M) 1.987ms
[2025-03-04T23:58:11.256+0300][7.844s][info ][gc] GC(106) Pause Young (Normal) (G1 Evacuation Pause) 31M->5M(556M) 1.360ms
[2025-03-04T23:58:11.331+0300][7.920s][info ][gc] GC(107) Pause Young (Normal) (G1 Evacuation Pause) 31M->4M(556M) 0.603ms
[2025-03-04T23:58:11.430+0300][8.018s][info ][gc] GC(108) Pause Young (Normal) (G1 Evacuation Pause) 39M->4M(556M) 0.924ms
[2025-03-04T23:58:11.556+0300][8.143s][info ][gc] GC(109) Pause Young (Normal) (G1 Evacuation Pause) 48M->5M(556M) 1.490ms
[2025-03-04T23:58:11.634+0300][8.221s][info ][gc] GC(110) Pause Young (Normal) (G1 Evacuation Pause) 33M->4M(556M) 1.163ms
[2025-03-04T23:58:11.705+0300][8.293s][info ][gc] GC(111) Pause Young (Normal) (G1 Evacuation Pause) 30M->7M(556M) 3.334ms
[2025-03-04T23:58:11.770+0300][8.358s][info ][gc] GC(112) Pause Young (Normal) (G1 Evacuation Pause) 31M->6M(556M) 2.195ms
[2025-03-04T23:58:11.838+0300][8.425s][info ][gc] GC(113) Pause Young (Normal) (G1 Evacuation Pause) 31M->5M(556M) 1.831ms
[2025-03-04T23:58:11.908+0300][8.495s][info ][gc] GC(114) Pause Young (Normal) (G1 Evacuation Pause) 30M->4M(556M) 0.982ms
[2025-03-04T23:58:11.995+0300][8.583s][info ][gc] GC(115) Pause Young (Normal) (G1 Evacuation Pause) 36M->7M(556M) 2.981ms
[2025-03-04T23:58:12.061+0300][8.649s][info ][gc] GC(116) Pause Young (Normal) (G1 Evacuation Pause) 30M->6M(556M) 2.504ms
[2025-03-04T23:58:12.128+0300][8.715s][info ][gc] GC(117) Pause Young (Normal) (G1 Evacuation Pause) 30M->5M(556M) 1.890ms
[2025-03-04T23:58:12.196+0300][8.785s][info ][gc] GC(118) Pause Young (Normal) (G1 Evacuation Pause) 30M->4M(556M) 1.068ms
[2025-03-04T23:58:12.276+0300][8.864s][info ][gc] GC(119) Pause Young (Normal) (G1 Evacuation Pause) 33M->7M(556M) 2.800ms
[2025-03-04T23:58:12.342+0300][8.930s][info ][gc] GC(120) Pause Young (Normal) (G1 Evacuation Pause) 31M->6M(556M) 2.298ms
[2025-03-04T23:58:12.410+0300][8.997s][info ][gc] GC(121) Pause Young (Normal) (G1 Evacuation Pause) 30M->5M(556M) 1.530ms
[2025-03-04T23:58:12.477+0300][9.066s][info ][gc] GC(122) Pause Young (Normal) (G1 Evacuation Pause) 30M->4M(556M) 0.801ms
[2025-03-04T23:58:12.583+0300][9.170s][info ][gc] GC(123) Pause Young (Normal) (G1 Evacuation Pause) 42M->4M(556M) 1.170ms
[2025-03-04T23:58:12.664+0300][9.252s][info ][gc] GC(124) Pause Young (Normal) (G1 Evacuation Pause) 30M->7M(556M) 2.669ms
[2025-03-04T23:58:12.734+0300][9.322s][info ][gc] GC(125) Pause Young (Normal) (G1 Evacuation Pause) 31M->6M(556M) 2.409ms
[2025-03-04T23:58:12.803+0300][9.390s][info ][gc] GC(126) Pause Young (Normal) (G1 Evacuation Pause) 31M->5M(556M) 1.408ms
[2025-03-04T23:58:12.871+0300][9.458s][info ][gc] GC(127) Pause Young (Normal) (G1 Evacuation Pause) 30M->4M(556M) 0.955ms
[2025-03-04T23:58:12.960+0300][9.548s][info ][gc] GC(128) Pause Young (Normal) (G1 Evacuation Pause) 37M->7M(556M) 3.091ms
[2025-03-04T23:58:13.022+0300][9.611s][info ][gc] GC(129) Pause Young (Normal) (G1 Evacuation Pause) 30M->6M(556M) 2.672ms
[2025-03-04T23:58:13.089+0300][9.677s][info ][gc] GC(130) Pause Young (Normal) (G1 Evacuation Pause) 30M->5M(556M) 1.947ms
[2025-03-04T23:58:13.158+0300][9.745s][info ][gc] GC(131) Pause Young (Normal) (G1 Evacuation Pause) 30M->4M(556M) 1.129ms
[2025-03-04T23:58:13.228+0300][9.816s][info ][gc] GC(132) Pause Young (Normal) (G1 Evacuation Pause) 30M->7M(556M) 2.858ms
[2025-03-04T23:58:13.295+0300][9.883s][info ][gc] GC(133) Pause Young (Normal) (G1 Evacuation Pause) 31M->6M(556M) 2.133ms
[2025-03-04T23:58:13.361+0300][9.948s][info ][gc] GC(134) Pause Young (Normal) (G1 Evacuation Pause) 31M->5M(556M) 1.239ms
[2025-03-04T23:58:13.435+0300][10.022s][info ][gc] GC(135) Pause Young (Normal) (G1 Evacuation Pause) 31M->4M(556M) 0.842ms
[2025-03-04T23:58:13.518+0300][10.106s][info ][gc] GC(136) Pause Young (Normal) (G1 Evacuation Pause) 35M->7M(556M) 3.304ms
[2025-03-04T23:58:13.582+0300][10.171s][info ][gc] GC(137) Pause Young (Normal) (G1 Evacuation Pause) 31M->6M(556M) 2.252ms
[2025-03-04T23:58:13.648+0300][10.237s][info ][gc] GC(138) Pause Young (Normal) (G1 Evacuation Pause) 30M->5M(556M) 1.507ms
[2025-03-04T23:58:13.718+0300][10.306s][info ][gc] GC(139) Pause Young (Normal) (G1 Evacuation Pause) 31M->4M(556M) 1.061ms
[2025-03-04T23:58:13.789+0300][10.376s][info ][gc] GC(140) Pause Young (Normal) (G1 Evacuation Pause) 30M->7M(556M) 3.080ms
[2025-03-04T23:58:13.853+0300][10.441s][info ][gc] GC(141) Pause Young (Normal) (G1 Evacuation Pause) 31M->6M(556M) 2.177ms
[2025-03-04T23:58:13.919+0300][10.507s][info ][gc] GC(142) Pause Young (Normal) (G1 Evacuation Pause) 31M->5M(556M) 1.367ms
[2025-03-04T23:58:13.987+0300][10.576s][info ][gc] GC(143) Pause Young (Normal) (G1 Evacuation Pause) 31M->4M(556M) 0.830ms
[2025-03-04T23:58:14.139+0300][10.727s][info ][gc] GC(144) Pause Young (Normal) (G1 Evacuation Pause) 58M->6M(556M) 2.390ms
[2025-03-04T23:58:14.208+0300][10.796s][info ][gc] GC(145) Pause Young (Normal) (G1 Evacuation Pause) 31M->5M(556M) 2.388ms
[2025-03-04T23:58:14.342+0300][10.930s][info ][gc] GC(146) Pause Young (Normal) (G1 Evacuation Pause) 55M->7M(556M) 2.882ms
[2025-03-04T23:58:14.406+0300][10.994s][info ][gc] GC(147) Pause Young (Normal) (G1 Evacuation Pause) 31M->6M(556M) 2.307ms
[2025-03-04T23:58:14.473+0300][11.062s][info ][gc] GC(148) Pause Young (Normal) (G1 Evacuation Pause) 31M->5M(556M) 1.572ms
[2025-03-04T23:58:14.544+0300][11.132s][info ][gc] GC(149) Pause Young (Normal) (G1 Evacuation Pause) 31M->7M(556M) 2.813ms
[2025-03-04T23:58:14.608+0300][11.195s][info ][gc] GC(150) Pause Young (Normal) (G1 Evacuation Pause) 30M->6M(556M) 2.648ms
[2025-03-04T23:58:14.686+0300][11.274s][info ][gc] GC(151) Pause Young (Normal) (G1 Evacuation Pause) 30M->5M(556M) 1.905ms
[2025-03-04T23:58:14.760+0300][11.347s][info ][gc] GC(152) Pause Young (Normal) (G1 Evacuation Pause) 32M->4M(556M) 1.109ms
[2025-03-04T23:58:14.831+0300][11.418s][info ][gc] GC(153) Pause Young (Normal) (G1 Evacuation Pause) 30M->7M(556M) 2.951ms
[2025-03-04T23:58:14.898+0300][11.485s][info ][gc] GC(154) Pause Young (Normal) (G1 Evacuation Pause) 31M->6M(556M) 2.356ms
[2025-03-04T23:58:14.966+0300][11.553s][info ][gc] GC(155) Pause Young (Normal) (G1 Evacuation Pause) 31M->5M(556M) 1.586ms
[2025-03-04T23:58:15.034+0300][11.622s][info ][gc] GC(156) Pause Young (Normal) (G1 Evacuation Pause) 31M->4M(556M) 0.937ms
[2025-03-04T23:58:15.119+0300][11.706s][info ][gc] GC(157) Pause Young (Normal) (G1 Evacuation Pause) 35M->7M(556M) 3.113ms
[2025-03-04T23:58:15.184+0300][11.771s][info ][gc] GC(158) Pause Young (Normal) (G1 Evacuation Pause) 31M->6M(556M) 2.533ms
[2025-03-04T23:58:15.248+0300][11.836s][info ][gc] GC(159) Pause Young (Normal) (G1 Evacuation Pause) 30M->5M(556M) 1.797ms
[2025-03-04T23:58:15.316+0300][11.903s][info ][gc] GC(160) Pause Young (Normal) (G1 Evacuation Pause) 30M->4M(556M) 0.842ms
[2025-03-04T23:58:15.396+0300][11.983s][info ][gc] GC(161) Pause Young (Normal) (G1 Evacuation Pause) 34M->7M(556M) 2.823ms
[2025-03-04T23:58:15.462+0300][12.050s][info ][gc] GC(162) Pause Young (Normal) (G1 Evacuation Pause) 31M->6M(556M) 2.736ms
[2025-03-04T23:58:15.526+0300][12.114s][info ][gc] GC(163) Pause Young (Normal) (G1 Evacuation Pause) 30M->5M(556M) 1.729ms
[2025-03-04T23:58:15.599+0300][12.186s][info ][gc] GC(164) Pause Young (Normal) (G1 Evacuation Pause) 32M->4M(556M) 1.193ms
[2025-03-04T23:58:15.669+0300][12.257s][info ][gc] GC(165) Pause Young (Normal) (G1 Evacuation Pause) 30M->7M(556M) 2.972ms
[2025-03-04T23:58:15.736+0300][12.324s][info ][gc] GC(166) Pause Young (Normal) (G1 Evacuation Pause) 31M->6M(556M) 2.115ms
[2025-03-04T23:58:15.804+0300][12.392s][info ][gc] GC(167) Pause Young (Normal) (G1 Evacuation Pause) 31M->5M(556M) 1.502ms
[2025-03-04T23:58:15.870+0300][12.458s][info ][gc] GC(168) Pause Young (Normal) (G1 Evacuation Pause) 30M->4M(556M) 0.769ms
[2025-03-04T23:58:15.989+0300][12.577s][info ][gc] GC(169) Pause Young (Normal) (G1 Evacuation Pause) 49M->5M(556M) 1.596ms
[2025-03-04T23:58:16.066+0300][12.653s][info ][gc] GC(170) Pause Young (Normal) (G1 Evacuation Pause) 34M->5M(556M) 1.241ms
[2025-03-04T23:58:16.138+0300][12.726s][info ][gc] GC(171) Pause Young (Normal) (G1 Evacuation Pause) 31M->7M(556M) 3.013ms
[2025-03-04T23:58:16.203+0300][12.791s][info ][gc] GC(172) Pause Young (Normal) (G1 Evacuation Pause) 31M->6M(556M) 2.352ms
[2025-03-04T23:58:16.268+0300][12.855s][info ][gc] GC(173) Pause Young (Normal) (G1 Evacuation Pause) 30M->5M(556M) 1.656ms
[2025-03-04T23:58:16.347+0300][12.935s][info ][gc] GC(174) Pause Young (Normal) (G1 Evacuation Pause) 35M->5M(556M) 1.303ms
[2025-03-04T23:58:16.418+0300][13.005s][info ][gc] GC(175) Pause Young (Normal) (G1 Evacuation Pause) 31M->7M(556M) 3.051ms
[2025-03-04T23:58:16.482+0300][13.070s][info ][gc] GC(176) Pause Young (Normal) (G1 Evacuation Pause) 31M->6M(556M) 2.147ms
[2025-03-04T23:58:16.548+0300][13.136s][info ][gc] GC(177) Pause Young (Normal) (G1 Evacuation Pause) 30M->5M(556M) 1.429ms
[2025-03-04T23:58:16.643+0300][13.231s][info ][gc] GC(178) Pause Young (Normal) (G1 Evacuation Pause) 40M->5M(556M) 1.691ms
[2025-03-04T23:58:16.713+0300][13.301s][info ][gc] GC(179) Pause Young (Normal) (G1 Evacuation Pause) 30M->4M(556M) 1.076ms
[2025-03-04T23:58:16.784+0300][13.372s][info ][gc] GC(180) Pause Young (Normal) (G1 Evacuation Pause) 30M->7M(556M) 2.757ms
[2025-03-04T23:58:16.850+0300][13.437s][info ][gc] GC(181) Pause Young (Normal) (G1 Evacuation Pause) 31M->6M(556M) 2.485ms
[2025-03-04T23:58:16.916+0300][13.504s][info ][gc] GC(182) Pause Young (Normal) (G1 Evacuation Pause) 31M->5M(556M) 1.511ms
[2025-03-04T23:58:16.988+0300][13.575s][info ][gc] GC(183) Pause Young (Normal) (G1 Evacuation Pause) 31M->4M(556M) 0.816ms
[2025-03-04T23:58:17.124+0300][13.712s][info ][gc] GC(184) Pause Young (Normal) (G1 Evacuation Pause) 55M->6M(556M) 1.943ms
[2025-03-04T23:58:17.192+0300][13.779s][info ][gc] GC(185) Pause Young (Normal) (G1 Evacuation Pause) 31M->5M(556M) 1.403ms
[2025-03-04T23:58:17.262+0300][13.849s][info ][gc] GC(186) Pause Young (Normal) (G1 Evacuation Pause) 31M->7M(556M) 2.944ms
[2025-03-04T23:58:17.331+0300][13.918s][info ][gc] GC(187) Pause Young (Normal) (G1 Evacuation Pause) 30M->6M(556M) 2.358ms
[2025-03-04T23:58:17.396+0300][13.985s][info ][gc] GC(188) Pause Young (Normal) (G1 Evacuation Pause) 30M->5M(556M) 1.754ms
[2025-03-04T23:58:17.462+0300][14.050s][info ][gc] GC(189) Pause Young (Normal) (G1 Evacuation Pause) 30M->4M(556M) 1.086ms
[2025-03-04T23:58:17.534+0300][14.123s][info ][gc] GC(190) Pause Young (Normal) (G1 Evacuation Pause) 30M->7M(556M) 2.775ms
[2025-03-04T23:58:17.601+0300][14.188s][info ][gc] GC(191) Pause Young (Normal) (G1 Evacuation Pause) 31M->6M(556M) 2.217ms
[2025-03-04T23:58:17.666+0300][14.255s][info ][gc] GC(192) Pause Young (Normal) (G1 Evacuation Pause) 31M->5M(556M) 1.549ms
[2025-03-04T23:58:17.735+0300][14.323s][info ][gc] GC(193) Pause Young (Normal) (G1 Evacuation Pause) 31M->4M(556M) 0.847ms
[2025-03-04T23:58:17.825+0300][14.413s][info ][gc] GC(194) Pause Young (Normal) (G1 Evacuation Pause) 37M->7M(556M) 3.380ms
[2025-03-04T23:58:17.888+0300][14.476s][info ][gc] GC(195) Pause Young (Normal) (G1 Evacuation Pause) 30M->6M(556M) 2.709ms
[2025-03-04T23:58:17.953+0300][14.541s][info ][gc] GC(196) Pause Young (Normal) (G1 Evacuation Pause) 30M->5M(556M) 1.639ms
[2025-03-04T23:58:18.024+0300][14.612s][info ][gc] GC(197) Pause Young (Normal) (G1 Evacuation Pause) 32M->5M(556M) 1.196ms
[2025-03-04T23:58:18.095+0300][14.683s][info ][gc] GC(198) Pause Young (Normal) (G1 Evacuation Pause) 31M->7M(556M) 2.748ms
[2025-03-04T23:58:18.163+0300][14.750s][info ][gc] GC(199) Pause Young (Normal) (G1 Evacuation Pause) 31M->6M(556M) 2.373ms
[2025-03-04T23:58:18.229+0300][14.817s][info ][gc] GC(200) Pause Young (Normal) (G1 Evacuation Pause) 31M->5M(556M) 1.649ms
[2025-03-04T23:58:18.303+0300][14.891s][info ][gc] GC(201) Pause Young (Normal) (G1 Evacuation Pause) 33M->4M(556M) 0.941ms
[2025-03-04T23:58:18.375+0300][14.963s][info ][gc] GC(202) Pause Young (Normal) (G1 Evacuation Pause) 30M->7M(556M) 2.589ms
[2025-03-04T23:58:18.440+0300][15.028s][info ][gc] GC(203) Pause Young (Normal) (G1 Evacuation Pause) 31M->6M(556M) 2.154ms
[2025-03-04T23:58:18.518+0300][15.105s][info ][gc] GC(204) Pause Young (Normal) (G1 Evacuation Pause) 31M->5M(556M) 1.883ms
[2025-03-04T23:58:18.600+0300][15.188s][info ][gc] GC(205) Pause Young (Normal) (G1 Evacuation Pause) 36M->5M(556M) 1.118ms
[2025-03-04T23:58:18.670+0300][15.258s][info ][gc] GC(206) Pause Young (Normal) (G1 Evacuation Pause) 31M->7M(556M) 2.951ms
[2025-03-04T23:58:18.733+0300][15.321s][info ][gc] GC(207) Pause Young (Normal) (G1 Evacuation Pause) 30M->6M(556M) 2.576ms
[2025-03-04T23:58:18.798+0300][15.386s][info ][gc] GC(208) Pause Young (Normal) (G1 Evacuation Pause) 30M->5M(556M) 1.656ms
[2025-03-04T23:58:18.896+0300][15.483s][info ][gc] GC(209) Pause Young (Normal) (G1 Evacuation Pause) 42M->5M(556M) 1.708ms
[2025-03-04T23:58:18.962+0300][15.549s][info ][gc] GC(210) Pause Young (Normal) (G1 Evacuation Pause) 30M->5M(556M) 1.158ms
[2025-03-04T23:58:19.032+0300][15.620s][info ][gc] GC(211) Pause Young (Normal) (G1 Evacuation Pause) 31M->7M(556M) 2.834ms
[2025-03-04T23:58:19.098+0300][15.686s][info ][gc] GC(212) Pause Young (Normal) (G1 Evacuation Pause) 31M->6M(556M) 2.371ms
[2025-03-04T23:58:19.164+0300][15.751s][info ][gc] GC(213) Pause Young (Normal) (G1 Evacuation Pause) 31M->5M(556M) 1.469ms
[2025-03-04T23:58:19.238+0300][15.826s][info ][gc] GC(214) Pause Young (Normal) (G1 Evacuation Pause) 33M->4M(556M) 1.118ms
[2025-03-04T23:58:19.308+0300][15.896s][info ][gc] GC(215) Pause Young (Normal) (G1 Evacuation Pause) 30M->7M(556M) 3.149ms
[2025-03-04T23:58:19.371+0300][15.960s][info ][gc] GC(216) Pause Young (Normal) (G1 Evacuation Pause) 31M->6M(556M) 2.267ms
[2025-03-04T23:58:19.438+0300][16.026s][info ][gc] GC(217) Pause Young (Normal) (G1 Evacuation Pause) 31M->5M(556M) 1.489ms
[2025-03-04T23:58:19.505+0300][16.093s][info ][gc] GC(218) Pause Young (Normal) (G1 Evacuation Pause) 30M->4M(556M) 0.963ms
[2025-03-04T23:58:19.596+0300][16.184s][info ][gc] GC(219) Pause Young (Normal) (G1 Evacuation Pause) 39M->4M(556M) 1.098ms
[2025-03-04T23:58:19.678+0300][16.265s][info ][gc] GC(220) Pause Young (Normal) (G1 Evacuation Pause) 34M->7M(556M) 3.459ms
[2025-03-04T23:58:19.747+0300][16.335s][info ][gc] GC(221) Pause Young (Normal) (G1 Evacuation Pause) 31M->6M(556M) 2.495ms
[2025-03-04T23:58:19.814+0300][16.401s][info ][gc] GC(222) Pause Young (Normal) (G1 Evacuation Pause) 31M->5M(556M) 1.677ms
[2025-03-04T23:58:19.879+0300][16.466s][info ][gc] GC(223) Pause Young (Normal) (G1 Evacuation Pause) 30M->4M(556M) 0.936ms
[2025-03-04T23:58:19.949+0300][16.537s][info ][gc] GC(224) Pause Young (Normal) (G1 Evacuation Pause) 30M->7M(556M) 3.286ms
[2025-03-04T23:58:20.015+0300][16.602s][info ][gc] GC(225) Pause Young (Normal) (G1 Evacuation Pause) 31M->6M(556M) 1.892ms
[2025-03-04T23:58:20.082+0300][16.670s][info ][gc] GC(226) Pause Young (Normal) (G1 Evacuation Pause) 31M->5M(556M) 1.401ms
[2025-03-04T23:58:20.150+0300][16.737s][info ][gc] GC(227) Pause Young (Normal) (G1 Evacuation Pause) 31M->4M(556M) 0.827ms
[2025-03-04T23:58:20.251+0300][16.839s][info ][gc] GC(228) Pause Young (Normal) (G1 Evacuation Pause) 42M->4M(556M) 0.861ms
[2025-03-04T23:58:20.327+0300][16.914s][info ][gc] GC(229) Pause Young (Normal) (G1 Evacuation Pause) 30M->7M(556M) 2.773ms
[2025-03-04T23:58:20.393+0300][16.981s][info ][gc] GC(230) Pause Young (Normal) (G1 Evacuation Pause) 31M->6M(556M) 2.025ms
[2025-03-04T23:58:20.462+0300][17.049s][info ][gc] GC(231) Pause Young (Normal) (G1 Evacuation Pause) 31M->5M(556M) 1.644ms
[2025-03-04T23:58:20.532+0300][17.119s][info ][gc] GC(232) Pause Young (Normal) (G1 Evacuation Pause) 30M->4M(556M) 0.978ms
[2025-03-04T23:58:20.639+0300][17.226s][info ][gc] GC(233) Pause Young (Normal) (G1 Evacuation Pause) 37M->7M(556M) 3.604ms
[2025-03-04T23:58:20.702+0300][17.290s][info ][gc] GC(234) Pause Young (Normal) (G1 Evacuation Pause) 30M->6M(556M) 2.487ms
[2025-03-04T23:58:20.769+0300][17.356s][info ][gc] GC(235) Pause Young (Normal) (G1 Evacuation Pause) 30M->5M(556M) 1.663ms
[2025-03-04T23:58:20.836+0300][17.424s][info ][gc] GC(236) Pause Young (Normal) (G1 Evacuation Pause) 30M->4M(556M) 1.002ms
[2025-03-04T23:58:20.914+0300][17.502s][info ][gc] GC(237) Pause Young (Normal) (G1 Evacuation Pause) 30M->7M(556M) 2.729ms
[2025-03-04T23:58:20.983+0300][17.570s][info ][gc] GC(238) Pause Young (Normal) (G1 Evacuation Pause) 31M->6M(556M) 2.472ms
[2025-03-04T23:58:21.053+0300][17.640s][info ][gc] GC(239) Pause Young (Normal) (G1 Evacuation Pause) 31M->5M(556M) 1.203ms
[2025-03-04T23:58:21.122+0300][17.710s][info ][gc] GC(240) Pause Young (Normal) (G1 Evacuation Pause) 31M->4M(556M) 0.397ms
[2025-03-04T23:58:21.236+0300][17.825s][info ][gc] GC(241) Pause Young (Normal) (G1 Evacuation Pause) 46M->5M(556M) 1.515ms
[2025-03-04T23:58:21.320+0300][17.908s][info ][gc] GC(242) Pause Young (Normal) (G1 Evacuation Pause) 35M->4M(556M) 1.046ms
[2025-03-04T23:58:21.391+0300][17.979s][info ][gc] GC(243) Pause Young (Normal) (G1 Evacuation Pause) 30M->7M(556M) 2.479ms
[2025-03-04T23:58:21.458+0300][18.046s][info ][gc] GC(244) Pause Young (Normal) (G1 Evacuation Pause) 31M->6M(556M) 2.283ms
[2025-03-04T23:58:21.528+0300][18.116s][info ][gc] GC(245) Pause Young (Normal) (G1 Evacuation Pause) 31M->5M(556M) 1.278ms
[2025-03-04T23:58:21.594+0300][18.181s][info ][gc] GC(246) Pause Young (Normal) (G1 Evacuation Pause) 30M->4M(556M) 0.558ms
[2025-03-04T23:58:21.694+0300][18.281s][info ][gc] GC(247) Pause Young (Normal) (G1 Evacuation Pause) 42M->4M(556M) 1.121ms
[2025-03-04T23:58:21.763+0300][18.351s][info ][gc] GC(248) Pause Young (Normal) (G1 Evacuation Pause) 30M->7M(556M) 2.691ms
[2025-03-04T23:58:21.828+0300][18.415s][info ][gc] GC(249) Pause Young (Normal) (G1 Evacuation Pause) 31M->6M(556M) 2.382ms
[2025-03-04T23:58:21.894+0300][18.482s][info ][gc] GC(250) Pause Young (Normal) (G1 Evacuation Pause) 31M->5M(556M) 1.513ms
[2025-03-04T23:58:21.960+0300][18.548s][info ][gc] GC(251) Pause Young (Normal) (G1 Evacuation Pause) 30M->4M(556M) 0.908ms
[2025-03-04T23:58:22.049+0300][18.636s][info ][gc] GC(252) Pause Young (Normal) (G1 Evacuation Pause) 38M->4M(556M) 0.921ms
[2025-03-04T23:58:22.144+0300][18.731s][info ][gc] GC(253) Pause Young (Normal) (G1 Evacuation Pause) 40M->4M(556M) 0.877ms
[2025-03-04T23:58:22.215+0300][18.803s][info ][gc] GC(254) Pause Young (Normal) (G1 Evacuation Pause) 30M->7M(556M) 2.862ms
[2025-03-04T23:58:22.281+0300][18.870s][info ][gc] GC(255) Pause Young (Normal) (G1 Evacuation Pause) 31M->6M(556M) 2.038ms
[2025-03-04T23:58:22.352+0300][18.940s][info ][gc] GC(256) Pause Young (Normal) (G1 Evacuation Pause) 31M->5M(556M) 1.339ms
[2025-03-04T23:58:22.429+0300][19.017s][info ][gc] GC(257) Pause Young (Normal) (G1 Evacuation Pause) 31M->7M(556M) 3.300ms
[2025-03-04T23:58:22.492+0300][19.079s][info ][gc] GC(258) Pause Young (Normal) (G1 Evacuation Pause) 30M->6M(556M) 2.454ms
[2025-03-04T23:58:22.559+0300][19.146s][info ][gc] GC(259) Pause Young (Normal) (G1 Evacuation Pause) 30M->5M(556M) 1.539ms
[2025-03-04T23:58:22.626+0300][19.214s][info ][gc] GC(260) Pause Young (Normal) (G1 Evacuation Pause) 30M->4M(556M) 0.842ms
[2025-03-04T23:58:22.706+0300][19.294s][info ][gc] GC(261) Pause Young (Normal) (G1 Evacuation Pause) 30M->7M(556M) 2.447ms
[2025-03-04T23:58:22.772+0300][19.360s][info ][gc] GC(262) Pause Young (Normal) (G1 Evacuation Pause) 31M->6M(556M) 2.302ms
[2025-03-04T23:58:22.841+0300][19.429s][info ][gc] GC(263) Pause Young (Normal) (G1 Evacuation Pause) 31M->5M(556M) 1.290ms
[2025-03-04T23:58:22.909+0300][19.497s][info ][gc] GC(264) Pause Young (Normal) (G1 Evacuation Pause) 31M->4M(556M) 0.672ms
[2025-03-04T23:58:22.998+0300][19.586s][info ][gc] GC(265) Pause Young (Normal) (G1 Evacuation Pause) 36M->7M(556M) 3.237ms
[2025-03-04T23:58:23.063+0300][19.651s][info ][gc] GC(266) Pause Young (Normal) (G1 Evacuation Pause) 30M->6M(556M) 2.182ms
[2025-03-04T23:58:23.128+0300][19.716s][info ][gc] GC(267) Pause Young (Normal) (G1 Evacuation Pause) 30M->5M(556M) 1.344ms
[2025-03-04T23:58:23.202+0300][19.789s][info ][gc] GC(268) Pause Young (Normal) (G1 Evacuation Pause) 32M->4M(556M) 1.202ms
[2025-03-04T23:58:23.274+0300][19.862s][info ][gc] GC(269) Pause Young (Normal) (G1 Evacuation Pause) 30M->7M(556M) 2.653ms
[2025-03-04T23:58:23.343+0300][19.930s][info ][gc] GC(270) Pause Young (Normal) (G1 Evacuation Pause) 31M->6M(556M) 2.119ms
[2025-03-04T23:58:23.408+0300][19.996s][info ][gc] GC(271) Pause Young (Normal) (G1 Evacuation Pause) 31M->5M(556M) 1.325ms
[2025-03-04T23:58:23.474+0300][20.062s][info ][gc] GC(272) Pause Young (Normal) (G1 Evacuation Pause) 30M->4M(556M) 0.933ms
[2025-03-04T23:58:23.576+0300][20.165s][info ][gc] GC(273) Pause Young (Normal) (G1 Evacuation Pause) 43M->4M(556M) 1.200ms
[2025-03-04T23:58:23.655+0300][20.243s][info ][gc] GC(274) Pause Young (Normal) (G1 Evacuation Pause) 30M->7M(556M) 2.739ms
[2025-03-04T23:58:23.722+0300][20.310s][info ][gc] GC(275) Pause Young (Normal) (G1 Evacuation Pause) 31M->6M(556M) 2.247ms
[2025-03-04T23:58:23.786+0300][20.374s][info ][gc] GC(276) Pause Young (Normal) (G1 Evacuation Pause) 30M->5M(556M) 1.520ms
[2025-03-04T23:58:23.853+0300][20.441s][info ][gc] GC(277) Pause Young (Normal) (G1 Evacuation Pause) 30M->4M(556M) 0.914ms
[2025-03-04T23:58:23.961+0300][20.548s][info ][gc] GC(278) Pause Young (Normal) (G1 Evacuation Pause) 45M->5M(556M) 1.399ms
[2025-03-04T23:58:24.046+0300][20.634s][info ][gc] GC(279) Pause Young (Normal) (G1 Evacuation Pause) 31M->7M(556M) 2.995ms
[2025-03-04T23:58:24.128+0300][20.715s][info ][gc] GC(280) Pause Young (Normal) (G1 Evacuation Pause) 30M->6M(556M) 2.632ms
[2025-03-04T23:58:24.201+0300][20.789s][info ][gc] GC(281) Pause Young (Normal) (G1 Evacuation Pause) 30M->5M(556M) 1.956ms
[2025-03-04T23:58:24.274+0300][20.862s][info ][gc] GC(282) Pause Young (Normal) (G1 Evacuation Pause) 30M->4M(556M) 0.992ms
[2025-03-04T23:58:24.344+0300][20.931s][info ][gc] GC(283) Pause Young (Normal) (G1 Evacuation Pause) 30M->7M(556M) 2.675ms
[2025-03-04T23:58:24.409+0300][20.996s][info ][gc] GC(284) Pause Young (Normal) (G1 Evacuation Pause) 31M->6M(556M) 2.296ms
[2025-03-04T23:58:24.474+0300][21.062s][info ][gc] GC(285) Pause Young (Normal) (G1 Evacuation Pause) 31M->5M(556M) 1.371ms
[2025-03-04T23:58:24.551+0300][21.138s][info ][gc] GC(286) Pause Young (Normal) (G1 Evacuation Pause) 31M->4M(556M) 0.611ms
[2025-03-04T23:58:24.665+0300][21.252s][info ][gc] GC(287) Pause Young (Normal) (G1 Evacuation Pause) 46M->5M(556M) 1.401ms
[2025-03-04T23:58:24.736+0300][21.323s][info ][gc] GC(288) Pause Young (Normal) (G1 Evacuation Pause) 31M->7M(556M) 2.813ms
[2025-03-04T23:58:24.799+0300][21.387s][info ][gc] GC(289) Pause Young (Normal) (G1 Evacuation Pause) 30M->6M(556M) 2.777ms
[2025-03-04T23:58:24.866+0300][21.454s][info ][gc] GC(290) Pause Young (Normal) (G1 Evacuation Pause) 30M->5M(556M) 1.744ms
[2025-03-04T23:58:24.942+0300][21.529s][info ][gc] GC(291) Pause Young (Normal) (G1 Evacuation Pause) 30M->4M(556M) 0.800ms
[2025-03-04T23:58:25.015+0300][21.602s][info ][gc] GC(292) Pause Young (Normal) (G1 Evacuation Pause) 30M->7M(556M) 3.113ms
[2025-03-04T23:58:25.086+0300][21.673s][info ][gc] GC(293) Pause Young (Normal) (G1 Evacuation Pause) 31M->6M(556M) 2.267ms
[2025-03-04T23:58:25.156+0300][21.744s][info ][gc] GC(294) Pause Young (Normal) (G1 Evacuation Pause) 31M->5M(556M) 1.144ms
[2025-03-04T23:58:25.226+0300][21.813s][info ][gc] GC(295) Pause Young (Normal) (G1 Evacuation Pause) 31M->4M(556M) 0.792ms
[2025-03-04T23:58:25.317+0300][21.904s][info ][gc] GC(296) Pause Young (Normal) (G1 Evacuation Pause) 39M->4M(556M) 0.956ms
[2025-03-04T23:58:25.412+0300][21.999s][info ][gc] GC(297) Pause Young (Normal) (G1 Evacuation Pause) 38M->4M(556M) 0.763ms
[2025-03-04T23:58:25.507+0300][22.094s][info ][gc] GC(298) Pause Young (Normal) (G1 Evacuation Pause) 40M->4M(556M) 1.121ms
[2025-03-04T23:58:25.586+0300][22.174s][info ][gc] GC(299) Pause Young (Normal) (G1 Evacuation Pause) 34M->7M(556M) 2.969ms
[2025-03-04T23:58:25.652+0300][22.240s][info ][gc] GC(300) Pause Young (Normal) (G1 Evacuation Pause) 31M->6M(556M) 2.346ms
[2025-03-04T23:58:25.716+0300][22.303s][info ][gc] GC(301) Pause Young (Normal) (G1 Evacuation Pause) 30M->5M(556M) 1.550ms
[2025-03-04T23:58:25.785+0300][22.372s][info ][gc] GC(302) Pause Young (Normal) (G1 Evacuation Pause) 31M->4M(556M) 1.105ms
[2025-03-04T23:58:25.855+0300][22.443s][info ][gc] GC(303) Pause Young (Normal) (G1 Evacuation Pause) 30M->7M(556M) 2.717ms
[2025-03-04T23:58:25.920+0300][22.508s][info ][gc] GC(304) Pause Young (Normal) (G1 Evacuation Pause) 31M->6M(556M) 2.031ms
[2025-03-04T23:58:25.987+0300][22.575s][info ][gc] GC(305) Pause Young (Normal) (G1 Evacuation Pause) 31M->5M(556M) 1.544ms
[2025-03-04T23:58:26.056+0300][22.643s][info ][gc] GC(306) Pause Young (Normal) (G1 Evacuation Pause) 31M->4M(556M) 0.938ms
[2025-03-04T23:58:26.141+0300][22.729s][info ][gc] GC(307) Pause Young (Normal) (G1 Evacuation Pause) 36M->7M(556M) 3.671ms
[2025-03-04T23:58:26.203+0300][22.791s][info ][gc] GC(308) Pause Young (Normal) (G1 Evacuation Pause) 30M->6M(556M) 2.334ms
[2025-03-04T23:58:26.268+0300][22.856s][info ][gc] GC(309) Pause Young (Normal) (G1 Evacuation Pause) 30M->5M(556M) 1.884ms
[2025-03-04T23:58:26.344+0300][22.931s][info ][gc] GC(310) Pause Young (Normal) (G1 Evacuation Pause) 33M->5M(556M) 1.199ms
[2025-03-04T23:58:26.414+0300][23.002s][info ][gc] GC(311) Pause Young (Normal) (G1 Evacuation Pause) 31M->7M(556M) 3.096ms
[2025-03-04T23:58:26.479+0300][23.066s][info ][gc] GC(312) Pause Young (Normal) (G1 Evacuation Pause) 31M->6M(556M) 2.492ms
[2025-03-04T23:58:26.545+0300][23.133s][info ][gc] GC(313) Pause Young (Normal) (G1 Evacuation Pause) 31M->5M(556M) 1.546ms
[2025-03-04T23:58:26.621+0300][23.209s][info ][gc] GC(314) Pause Young (Normal) (G1 Evacuation Pause) 33M->5M(556M) 1.103ms
[2025-03-04T23:58:26.694+0300][23.282s][info ][gc] GC(315) Pause Young (Normal) (G1 Evacuation Pause) 31M->7M(556M) 2.762ms
[2025-03-04T23:58:26.758+0300][23.346s][info ][gc] GC(316) Pause Young (Normal) (G1 Evacuation Pause) 31M->6M(556M) 2.225ms
[2025-03-04T23:58:26.825+0300][23.412s][info ][gc] GC(317) Pause Young (Normal) (G1 Evacuation Pause) 31M->5M(556M) 1.549ms
[2025-03-04T23:58:26.903+0300][23.490s][info ][gc] GC(318) Pause Young (Normal) (G1 Evacuation Pause) 35M->5M(556M) 1.172ms
[2025-03-04T23:58:26.972+0300][23.561s][info ][gc] GC(319) Pause Young (Normal) (G1 Evacuation Pause) 31M->7M(556M) 2.846ms
[2025-03-04T23:58:27.039+0300][23.626s][info ][gc] GC(320) Pause Young (Normal) (G1 Evacuation Pause) 31M->6M(556M) 3.128ms
[2025-03-04T23:58:27.102+0300][23.690s][info ][gc] GC(321) Pause Young (Normal) (G1 Evacuation Pause) 30M->5M(556M) 1.662ms
[2025-03-04T23:58:27.187+0300][23.775s][info ][gc] GC(322) Pause Young (Normal) (G1 Evacuation Pause) 36M->5M(556M) 1.484ms
[2025-03-04T23:58:27.258+0300][23.845s][info ][gc] GC(323) Pause Young (Normal) (G1 Evacuation Pause) 31M->7M(556M) 3.143ms
[2025-03-04T23:58:27.320+0300][23.908s][info ][gc] GC(324) Pause Young (Normal) (G1 Evacuation Pause) 30M->6M(556M) 2.552ms
[2025-03-04T23:58:27.383+0300][23.971s][info ][gc] GC(325) Pause Young (Normal) (G1 Evacuation Pause) 30M->5M(556M) 1.570ms
[2025-03-04T23:58:27.450+0300][24.037s][info ][gc] GC(326) Pause Young (Normal) (G1 Evacuation Pause) 30M->4M(556M) 1.102ms
[2025-03-04T23:58:27.526+0300][24.113s][info ][gc] GC(327) Pause Young (Normal) (G1 Evacuation Pause) 30M->7M(556M) 2.660ms
[2025-03-04T23:58:27.590+0300][24.178s][info ][gc] GC(328) Pause Young (Normal) (G1 Evacuation Pause) 31M->6M(556M) 2.203ms
[2025-03-04T23:58:27.657+0300][24.244s][info ][gc] GC(329) Pause Young (Normal) (G1 Evacuation Pause) 31M->5M(556M) 1.487ms
[2025-03-04T23:58:27.725+0300][24.313s][info ][gc] GC(330) Pause Young (Normal) (G1 Evacuation Pause) 31M->4M(556M) 0.874ms
[2025-03-04T23:58:27.807+0300][24.395s][info ][gc] GC(331) Pause Young (Normal) (G1 Evacuation Pause) 34M->7M(556M) 2.965ms
[2025-03-04T23:58:27.871+0300][24.459s][info ][gc] GC(332) Pause Young (Normal) (G1 Evacuation Pause) 31M->6M(556M) 2.189ms
[2025-03-04T23:58:27.935+0300][24.522s][info ][gc] GC(333) Pause Young (Normal) (G1 Evacuation Pause) 30M->5M(556M) 1.480ms
[2025-03-04T23:58:28.001+0300][24.588s][info ][gc] GC(334) Pause Young (Normal) (G1 Evacuation Pause) 30M->4M(556M) 0.861ms
[2025-03-04T23:58:28.109+0300][24.696s][info ][gc] GC(335) Pause Young (Normal) (G1 Evacuation Pause) 39M->4M(556M) 1.015ms
[2025-03-04T23:58:28.196+0300][24.784s][info ][gc] GC(336) Pause Young (Normal) (G1 Evacuation Pause) 37M->7M(556M) 3.261ms
[2025-03-04T23:58:28.258+0300][24.846s][info ][gc] GC(337) Pause Young (Normal) (G1 Evacuation Pause) 30M->6M(556M) 2.607ms
[2025-03-04T23:58:28.322+0300][24.910s][info ][gc] GC(338) Pause Young (Normal) (G1 Evacuation Pause) 30M->5M(556M) 1.682ms
[2025-03-04T23:58:28.389+0300][24.977s][info ][gc] GC(339) Pause Young (Normal) (G1 Evacuation Pause) 30M->4M(556M) 1.192ms
[2025-03-04T23:58:28.460+0300][25.047s][info ][gc] GC(340) Pause Young (Normal) (G1 Evacuation Pause) 30M->7M(556M) 2.656ms
[2025-03-04T23:58:28.523+0300][25.112s][info ][gc] GC(341) Pause Young (Normal) (G1 Evacuation Pause) 31M->6M(556M) 2.147ms
[2025-03-04T23:58:28.591+0300][25.179s][info ][gc] GC(342) Pause Young (Normal) (G1 Evacuation Pause) 31M->5M(556M) 1.459ms
[2025-03-04T23:58:28.659+0300][25.247s][info ][gc] GC(343) Pause Young (Normal) (G1 Evacuation Pause) 31M->4M(556M) 0.915ms
[2025-03-04T23:58:28.751+0300][25.338s][info ][gc] GC(344) Pause Young (Normal) (G1 Evacuation Pause) 38M->4M(556M) 0.940ms
[2025-03-04T23:58:28.831+0300][25.419s][info ][gc] GC(345) Pause Young (Normal) (G1 Evacuation Pause) 34M->7M(556M) 3.077ms
[2025-03-04T23:58:28.896+0300][25.484s][info ][gc] GC(346) Pause Young (Normal) (G1 Evacuation Pause) 31M->6M(556M) 2.238ms
[2025-03-04T23:58:28.963+0300][25.550s][info ][gc] GC(347) Pause Young (Normal) (G1 Evacuation Pause) 31M->5M(556M) 1.536ms
[2025-03-04T23:58:29.033+0300][25.621s][info ][gc] GC(348) Pause Young (Normal) (G1 Evacuation Pause) 30M->4M(556M) 0.888ms
[2025-03-04T23:58:29.109+0300][25.697s][info ][gc] GC(349) Pause Young (Normal) (G1 Evacuation Pause) 32M->7M(556M) 2.895ms
[2025-03-04T23:58:29.174+0300][25.762s][info ][gc] GC(350) Pause Young (Normal) (G1 Evacuation Pause) 31M->6M(556M) 2.032ms
[2025-03-04T23:58:29.241+0300][25.829s][info ][gc] GC(351) Pause Young (Normal) (G1 Evacuation Pause) 31M->5M(556M) 1.336ms
[2025-03-04T23:58:29.312+0300][25.900s][info ][gc] GC(352) Pause Young (Normal) (G1 Evacuation Pause) 31M->4M(556M) 0.683ms
[2025-03-04T23:58:29.404+0300][25.992s][info ][gc] GC(353) Pause Young (Normal) (G1 Evacuation Pause) 36M->7M(556M) 2.862ms
[2025-03-04T23:58:29.467+0300][26.055s][info ][gc] GC(354) Pause Young (Normal) (G1 Evacuation Pause) 30M->6M(556M) 2.342ms
[2025-03-04T23:58:29.532+0300][26.120s][info ][gc] GC(355) Pause Young (Normal) (G1 Evacuation Pause) 30M->5M(556M) 1.731ms
[2025-03-04T23:58:29.604+0300][26.191s][info ][gc] GC(356) Pause Young (Normal) (G1 Evacuation Pause) 31M->4M(556M) 0.972ms
[2025-03-04T23:58:29.677+0300][26.264s][info ][gc] GC(357) Pause Young (Normal) (G1 Evacuation Pause) 30M->7M(556M) 2.833ms
[2025-03-04T23:58:29.741+0300][26.329s][info ][gc] GC(358) Pause Young (Normal) (G1 Evacuation Pause) 31M->6M(556M) 1.897ms
[2025-03-04T23:58:29.810+0300][26.397s][info ][gc] GC(359) Pause Young (Normal) (G1 Evacuation Pause) 31M->5M(556M) 1.256ms
[2025-03-04T23:58:29.883+0300][26.471s][info ][gc] GC(360) Pause Young (Normal) (G1 Evacuation Pause) 32M->4M(556M) 0.833ms
[2025-03-04T23:58:29.962+0300][26.550s][info ][gc] GC(361) Pause Young (Normal) (G1 Evacuation Pause) 31M->7M(556M) 2.803ms
[2025-03-04T23:58:30.026+0300][26.615s][info ][gc] GC(362) Pause Young (Normal) (G1 Evacuation Pause) 31M->6M(556M) 2.180ms
[2025-03-04T23:58:30.093+0300][26.681s][info ][gc] GC(363) Pause Young (Normal) (G1 Evacuation Pause) 31M->5M(556M) 1.445ms
[2025-03-04T23:58:30.164+0300][26.752s][info ][gc] GC(364) Pause Young (Normal) (G1 Evacuation Pause) 31M->4M(556M) 0.568ms
[2025-03-04T23:58:30.286+0300][26.875s][info ][gc] GC(365) Pause Young (Normal) (G1 Evacuation Pause) 48M->5M(556M) 1.412ms
[2025-03-04T23:58:30.366+0300][26.954s][info ][gc] GC(366) Pause Young (Normal) (G1 Evacuation Pause) 35M->5M(556M) 1.316ms
[2025-03-04T23:58:30.438+0300][27.025s][info ][gc] GC(367) Pause Young (Normal) (G1 Evacuation Pause) 31M->7M(556M) 2.920ms
[2025-03-04T23:58:30.505+0300][27.093s][info ][gc] GC(368) Pause Young (Normal) (G1 Evacuation Pause) 31M->6M(556M) 2.063ms
[2025-03-04T23:58:30.573+0300][27.160s][info ][gc] GC(369) Pause Young (Normal) (G1 Evacuation Pause) 30M->5M(556M) 1.213ms
[2025-03-04T23:58:30.664+0300][27.252s][info ][gc] GC(370) Pause Young (Normal) (G1 Evacuation Pause) 37M->5M(556M) 1.162ms
[2025-03-04T23:58:30.737+0300][27.325s][info ][gc] GC(371) Pause Young (Normal) (G1 Evacuation Pause) 31M->4M(556M) 0.994ms
[2025-03-04T23:58:30.866+0300][27.454s][info ][gc] GC(372) Pause Young (Normal) (G1 Evacuation Pause) 50M->5M(556M) 1.455ms
[2025-03-04T23:58:30.978+0300][27.566s][info ][gc] GC(373) Pause Young (Normal) (G1 Evacuation Pause) 46M->6M(556M) 2.543ms
[2025-03-04T23:58:31.071+0300][27.659s][info ][gc] GC(374) Pause Young (Normal) (G1 Evacuation Pause) 40M->6M(556M) 1.925ms
[2025-03-04T23:58:31.143+0300][27.731s][info ][gc] GC(375) Pause Young (Normal) (G1 Evacuation Pause) 31M->5M(556M) 2.042ms
[2025-03-04T23:58:31.262+0300][27.849s][info ][gc] GC(376) Pause Young (Normal) (G1 Evacuation Pause) 31M->4M(556M) 0.424ms
[2025-03-04T23:58:31.397+0300][27.984s][info ][gc] GC(377) Pause Young (Normal) (G1 Evacuation Pause) 51M->5M(556M) 1.766ms
[2025-03-04T23:58:31.469+0300][28.057s][info ][gc] GC(378) Pause Young (Normal) (G1 Evacuation Pause) 30M->4M(556M) 0.765ms
[2025-03-04T23:58:31.544+0300][28.133s][info ][gc] GC(379) Pause Young (Normal) (G1 Evacuation Pause) 30M->7M(556M) 2.857ms
[2025-03-04T23:58:31.614+0300][28.202s][info ][gc] GC(380) Pause Young (Normal) (G1 Evacuation Pause) 31M->6M(556M) 2.253ms
[2025-03-04T23:58:31.686+0300][28.273s][info ][gc] GC(381) Pause Young (Normal) (G1 Evacuation Pause) 31M->5M(556M) 1.375ms
[2025-03-04T23:58:31.771+0300][28.359s][info ][gc] GC(382) Pause Young (Normal) (G1 Evacuation Pause) 31M->4M(556M) 0.738ms
[2025-03-04T23:58:31.862+0300][28.450s][info ][gc] GC(383) Pause Young (Normal) (G1 Evacuation Pause) 38M->4M(556M) 0.897ms
[2025-03-04T23:58:31.954+0300][28.542s][info ][gc] GC(384) Pause Young (Normal) (G1 Evacuation Pause) 39M->4M(556M) 0.965ms
[2025-03-04T23:58:32.047+0300][28.635s][info ][gc] GC(385) Pause Young (Normal) (G1 Evacuation Pause) 38M->4M(556M) 1.014ms
[2025-03-04T23:58:32.157+0300][28.745s][info ][gc] GC(386) Pause Young (Normal) (G1 Evacuation Pause) 45M->5M(556M) 1.507ms
[2025-03-04T23:58:32.228+0300][28.815s][info ][gc] GC(387) Pause Young (Normal) (G1 Evacuation Pause) 31M->7M(556M) 3.129ms
[2025-03-04T23:58:32.293+0300][28.880s][info ][gc] GC(388) Pause Young (Normal) (G1 Evacuation Pause) 30M->6M(556M) 2.748ms
[2025-03-04T23:58:32.362+0300][28.949s][info ][gc] GC(389) Pause Young (Normal) (G1 Evacuation Pause) 30M->5M(556M) 1.607ms
[2025-03-04T23:58:32.428+0300][29.015s][info ][gc] GC(390) Pause Young (Normal) (G1 Evacuation Pause) 30M->4M(556M) 1.062ms
[2025-03-04T23:58:32.500+0300][29.087s][info ][gc] GC(391) Pause Young (Normal) (G1 Evacuation Pause) 30M->7M(556M) 2.987ms
[2025-03-04T23:58:32.564+0300][29.153s][info ][gc] GC(392) Pause Young (Normal) (G1 Evacuation Pause) 31M->6M(556M) 2.143ms
[2025-03-04T23:58:32.633+0300][29.221s][info ][gc] GC(393) Pause Young (Normal) (G1 Evacuation Pause) 31M->5M(556M) 1.442ms
[2025-03-04T23:58:32.703+0300][29.291s][info ][gc] GC(394) Pause Young (Normal) (G1 Evacuation Pause) 31M->4M(556M) 0.879ms
[2025-03-04T23:58:32.799+0300][29.387s][info ][gc] GC(395) Pause Young (Normal) (G1 Evacuation Pause) 40M->4M(556M) 1.054ms
[2025-03-04T23:58:32.891+0300][29.479s][info ][gc] GC(396) Pause Young (Normal) (G1 Evacuation Pause) 38M->4M(556M) 0.799ms
[2025-03-04T23:58:32.985+0300][29.573s][info ][gc] GC(397) Pause Young (Normal) (G1 Evacuation Pause) 38M->4M(556M) 0.594ms
[2025-03-04T23:58:33.095+0300][29.683s][info ][gc] GC(398) Pause Young (Normal) (G1 Evacuation Pause) 43M->5M(556M) 1.374ms
[2025-03-04T23:58:33.168+0300][29.756s][info ][gc] GC(399) Pause Young (Normal) (G1 Evacuation Pause) 31M->7M(556M) 3.196ms
[2025-03-04T23:58:33.237+0300][29.825s][info ][gc] GC(400) Pause Young (Normal) (G1 Evacuation Pause) 31M->6M(556M) 2.542ms
[2025-03-04T23:58:33.303+0300][29.891s][info ][gc] GC(401) Pause Young (Normal) (G1 Evacuation Pause) 30M->5M(556M) 1.670ms
[2025-03-04T23:58:33.374+0300][29.962s][info ][gc] GC(402) Pause Young (Normal) (G1 Evacuation Pause) 30M->4M(556M) 0.626ms
[2025-03-04T23:58:33.452+0300][30.040s][info ][gc] GC(403) Pause Young (Normal) (G1 Evacuation Pause) 32M->7M(556M) 2.672ms
[2025-03-04T23:58:33.520+0300][30.107s][info ][gc] GC(404) Pause Young (Normal) (G1 Evacuation Pause) 31M->6M(556M) 2.264ms
[2025-03-04T23:58:33.588+0300][30.176s][info ][gc] GC(405) Pause Young (Normal) (G1 Evacuation Pause) 31M->5M(556M) 1.556ms
[2025-03-04T23:58:33.658+0300][30.246s][info ][gc] GC(406) Pause Young (Normal) (G1 Evacuation Pause) 30M->4M(556M) 0.530ms
[2025-03-04T23:58:33.784+0300][30.372s][info ][gc] GC(407) Pause Young (Normal) (G1 Evacuation Pause) 49M->5M(556M) 1.210ms
[2025-03-04T23:58:33.875+0300][30.462s][info ][gc] GC(408) Pause Young (Normal) (G1 Evacuation Pause) 37M->5M(556M) 1.408ms
[2025-03-04T23:58:33.984+0300][30.572s][info ][gc] GC(409) Pause Young (Normal) (G1 Evacuation Pause) 44M->5M(556M) 1.863ms
[2025-03-04T23:58:34.052+0300][30.640s][info ][gc] GC(410) Pause Young (Normal) (G1 Evacuation Pause) 30M->4M(556M) 0.873ms
[2025-03-04T23:58:34.129+0300][30.717s][info ][gc] GC(411) Pause Young (Normal) (G1 Evacuation Pause) 30M->7M(556M) 3.660ms
[2025-03-04T23:58:34.201+0300][30.789s][info ][gc] GC(412) Pause Young (Normal) (G1 Evacuation Pause) 31M->6M(556M) 2.279ms
[2025-03-04T23:58:34.269+0300][30.857s][info ][gc] GC(413) Pause Young (Normal) (G1 Evacuation Pause) 31M->5M(556M) 1.522ms
[2025-03-04T23:58:34.335+0300][30.922s][info ][gc] GC(414) Pause Young (Normal) (G1 Evacuation Pause) 30M->4M(556M) 0.562ms
[2025-03-04T23:58:34.436+0300][31.023s][info ][gc] GC(415) Pause Young (Normal) (G1 Evacuation Pause) 40M->4M(556M) 0.792ms
[2025-03-04T23:58:34.514+0300][31.102s][info ][gc] GC(416) Pause Young (Normal) (G1 Evacuation Pause) 33M->7M(556M) 2.969ms
[2025-03-04T23:58:34.580+0300][31.168s][info ][gc] GC(417) Pause Young (Normal) (G1 Evacuation Pause) 31M->6M(556M) 2.108ms
[2025-03-04T23:58:34.649+0300][31.236s][info ][gc] GC(418) Pause Young (Normal) (G1 Evacuation Pause) 31M->5M(556M) 1.383ms
[2025-03-04T23:58:34.721+0300][31.309s][info ][gc] GC(419) Pause Young (Normal) (G1 Evacuation Pause) 30M->4M(556M) 0.792ms
[2025-03-04T23:58:34.810+0300][31.397s][info ][gc] GC(420) Pause Young (Normal) (G1 Evacuation Pause) 34M->7M(556M) 3.191ms
[2025-03-04T23:58:34.879+0300][31.466s][info ][gc] GC(421) Pause Young (Normal) (G1 Evacuation Pause) 31M->6M(556M) 2.760ms
[2025-03-04T23:58:34.946+0300][31.533s][info ][gc] GC(422) Pause Young (Normal) (G1 Evacuation Pause) 30M->5M(556M) 1.512ms
[2025-03-04T23:58:35.027+0300][31.614s][info ][gc] GC(423) Pause Young (Normal) (G1 Evacuation Pause) 34M->5M(556M) 1.090ms
[2025-03-04T23:58:35.098+0300][31.686s][info ][gc] GC(424) Pause Young (Normal) (G1 Evacuation Pause) 31M->7M(556M) 3.218ms
[2025-03-04T23:58:35.165+0300][31.753s][info ][gc] GC(425) Pause Young (Normal) (G1 Evacuation Pause) 31M->6M(556M) 2.149ms
[2025-03-04T23:58:35.238+0300][31.825s][info ][gc] GC(426) Pause Young (Normal) (G1 Evacuation Pause) 30M->5M(556M) 1.656ms
[2025-03-04T23:58:35.318+0300][31.905s][info ][gc] GC(427) Pause Young (Normal) (G1 Evacuation Pause) 30M->4M(556M) 0.768ms
[2025-03-04T23:58:35.413+0300][32.000s][info ][gc] GC(428) Pause Young (Normal) (G1 Evacuation Pause) 38M->4M(556M) 0.985ms
[2025-03-04T23:58:35.507+0300][32.094s][info ][gc] GC(429) Pause Young (Normal) (G1 Evacuation Pause) 39M->4M(556M) 1.041ms
[2025-03-04T23:58:35.600+0300][32.187s][info ][gc] GC(430) Pause Young (Normal) (G1 Evacuation Pause) 30M->7M(556M) 3.072ms
[2025-03-04T23:58:35.673+0300][32.260s][info ][gc] GC(431) Pause Young (Normal) (G1 Evacuation Pause) 31M->6M(556M) 1.925ms
[2025-03-04T23:58:35.740+0300][32.328s][info ][gc] GC(432) Pause Young (Normal) (G1 Evacuation Pause) 31M->5M(556M) 1.245ms
[2025-03-04T23:58:35.819+0300][32.406s][info ][gc] GC(433) Pause Young (Normal) (G1 Evacuation Pause) 31M->7M(556M) 3.302ms
[2025-03-04T23:58:35.893+0300][32.480s][info ][gc] GC(434) Pause Young (Normal) (G1 Evacuation Pause) 30M->6M(556M) 2.990ms
