[2025-03-05T02:03:01.792+0300][0.018s][info][gc] Using G1
[2025-03-05T02:03:01.793+0300][0.018s][debug][gc] ConcGCThreads: 2 offset 16
[2025-03-05T02:03:01.793+0300][0.019s][debug][gc] ParallelGCThreads: 8
[2025-03-05T02:03:01.793+0300][0.019s][debug][gc] Initialize mark stack with 4096 chunks, maximum 524288
[2025-03-05T02:03:02.407+0300][0.634s][info ][gc] GC(0) Pause Young (Normal) (G1 Evacuation Pause) 12M->2M(256M) 4.807ms
[2025-03-05T02:03:02.509+0300][0.735s][info ][gc] GC(1) Pause Young (Normal) (G1 Evacuation Pause) 12M->3M(256M) 3.462ms
[2025-03-05T02:03:02.593+0300][0.819s][info ][gc] GC(2) Pause Young (Normal) (G1 Evacuation Pause) 14M->4M(256M) 3.242ms
[2025-03-05T02:03:02.651+0300][0.877s][info ][gc] GC(3) Pause Young (Normal) (G1 Evacuation Pause) 14M->5M(256M) 2.936ms
[2025-03-05T02:03:02.701+0300][0.927s][info ][gc] GC(4) Pause Young (Normal) (G1 Evacuation Pause) 15M->4M(256M) 1.639ms
[2025-03-05T02:03:02.758+0300][0.985s][info ][gc] GC(5) Pause Young (Normal) (G1 Evacuation Pause) 15M->5M(318M) 3.006ms
[2025-03-05T02:03:02.828+0300][1.055s][info ][gc] GC(6) Pause Young (Normal) (G1 Evacuation Pause) 18M->7M(318M) 5.418ms
[2025-03-05T02:03:02.900+0300][1.126s][info ][gc] GC(7) Pause Young (Normal) (G1 Evacuation Pause) 20M->5M(318M) 1.857ms
[2025-03-05T02:03:02.954+0300][1.181s][info ][gc] GC(8) Pause Young (Normal) (G1 Evacuation Pause) 19M->7M(318M) 2.492ms
[2025-03-05T02:03:03.000+0300][1.227s][info ][gc] GC(9) Pause Young (Normal) (G1 Evacuation Pause) 20M->5M(419M) 1.310ms
[2025-03-05T02:03:03.078+0300][1.304s][info ][gc] GC(10) Pause Young (Normal) (G1 Evacuation Pause) 24M->6M(419M) 2.472ms
[2025-03-05T02:03:03.146+0300][1.372s][info ][gc] GC(11) Pause Young (Normal) (G1 Evacuation Pause) 24M->5M(419M) 0.883ms
[2025-03-05T02:03:03.219+0300][1.445s][info ][gc] GC(12) Pause Young (Normal) (G1 Evacuation Pause) 24M->7M(419M) 3.078ms
[2025-03-05T02:03:03.287+0300][1.513s][info ][gc] GC(13) Pause Young (Normal) (G1 Evacuation Pause) 25M->5M(419M) 1.107ms
[2025-03-05T02:03:03.361+0300][1.587s][info ][gc] GC(14) Pause Young (Normal) (G1 Evacuation Pause) 24M->7M(419M) 2.486ms
[2025-03-05T02:03:03.434+0300][1.660s][info ][gc] GC(15) Pause Young (Normal) (G1 Evacuation Pause) 24M->5M(419M) 1.365ms
[2025-03-05T02:03:03.520+0300][1.747s][info ][gc] GC(16) Pause Young (Normal) (G1 Evacuation Pause) 24M->7M(419M) 3.331ms
[2025-03-05T02:03:03.593+0300][1.819s][info ][gc] GC(17) Pause Young (Normal) (G1 Evacuation Pause) 24M->5M(419M) 1.506ms
[2025-03-05T02:03:03.665+0300][1.891s][info ][gc] GC(18) Pause Young (Normal) (G1 Evacuation Pause) 24M->7M(419M) 2.910ms
[2025-03-05T02:03:03.730+0300][1.956s][info ][gc] GC(19) Pause Young (Normal) (G1 Evacuation Pause) 24M->6M(485M) 1.661ms
[2025-03-05T02:03:03.829+0300][2.055s][info ][gc] GC(20) Pause Young (Normal) (G1 Evacuation Pause) 28M->8M(485M) 3.929ms
[2025-03-05T02:03:03.920+0300][2.147s][info ][gc] GC(21) Pause Young (Normal) (G1 Evacuation Pause) 29M->6M(485M) 2.782ms
[2025-03-05T02:03:04.014+0300][2.241s][info ][gc] GC(22) Pause Young (Normal) (G1 Evacuation Pause) 28M->5M(485M) 1.262ms
[2025-03-05T02:03:04.105+0300][2.332s][info ][gc] GC(23) Pause Young (Normal) (G1 Evacuation Pause) 28M->7M(485M) 3.051ms
[2025-03-05T02:03:04.175+0300][2.401s][info ][gc] GC(24) Pause Young (Normal) (G1 Evacuation Pause) 28M->6M(485M) 2.243ms
[2025-03-05T02:03:04.250+0300][2.476s][info ][gc] GC(25) Pause Young (Normal) (G1 Evacuation Pause) 28M->5M(485M) 0.855ms
[2025-03-05T02:03:04.334+0300][2.561s][info ][gc] GC(26) Pause Young (Normal) (G1 Evacuation Pause) 28M->7M(485M) 3.464ms
[2025-03-05T02:03:04.403+0300][2.629s][info ][gc] GC(27) Pause Young (Normal) (G1 Evacuation Pause) 28M->6M(485M) 2.106ms
[2025-03-05T02:03:04.468+0300][2.695s][info ][gc] GC(28) Pause Young (Normal) (G1 Evacuation Pause) 28M->5M(485M) 0.533ms
[2025-03-05T02:03:04.550+0300][2.776s][info ][gc] GC(29) Pause Young (Normal) (G1 Evacuation Pause) 28M->7M(485M) 2.423ms
[2025-03-05T02:03:04.619+0300][2.846s][info ][gc] GC(30) Pause Young (Normal) (G1 Evacuation Pause) 28M->5M(485M) 1.104ms
[2025-03-05T02:03:04.685+0300][2.912s][info ][gc] GC(31) Pause Young (Normal) (G1 Evacuation Pause) 28M->8M(485M) 3.679ms
[2025-03-05T02:03:04.746+0300][2.973s][info ][gc] GC(32) Pause Young (Normal) (G1 Evacuation Pause) 29M->7M(485M) 2.031ms
[2025-03-05T02:03:04.819+0300][3.046s][info ][gc] GC(33) Pause Young (Normal) (G1 Evacuation Pause) 29M->5M(485M) 1.159ms
[2025-03-05T02:03:04.885+0300][3.112s][info ][gc] GC(34) Pause Young (Normal) (G1 Evacuation Pause) 28M->7M(485M) 3.220ms
[2025-03-05T02:03:04.948+0300][3.174s][info ][gc] GC(35) Pause Young (Normal) (G1 Evacuation Pause) 28M->6M(485M) 1.826ms
[2025-03-05T02:03:05.011+0300][3.238s][info ][gc] GC(36) Pause Young (Normal) (G1 Evacuation Pause) 28M->5M(485M) 0.912ms
[2025-03-05T02:03:05.091+0300][3.318s][info ][gc] GC(37) Pause Young (Normal) (G1 Evacuation Pause) 28M->7M(485M) 2.721ms
[2025-03-05T02:03:05.156+0300][3.382s][info ][gc] GC(38) Pause Young (Normal) (G1 Evacuation Pause) 28M->6M(485M) 2.205ms
[2025-03-05T02:03:05.225+0300][3.452s][info ][gc] GC(39) Pause Young (Normal) (G1 Evacuation Pause) 28M->5M(485M) 0.796ms
[2025-03-05T02:03:05.341+0300][3.568s][info ][gc] GC(40) Pause Young (Normal) (G1 Evacuation Pause) 35M->7M(485M) 3.351ms
[2025-03-05T02:03:05.402+0300][3.629s][info ][gc] GC(41) Pause Young (Normal) (G1 Evacuation Pause) 28M->6M(485M) 1.949ms
[2025-03-05T02:03:05.466+0300][3.692s][info ][gc] GC(42) Pause Young (Normal) (G1 Evacuation Pause) 28M->5M(485M) 0.918ms
[2025-03-05T02:03:05.540+0300][3.766s][info ][gc] GC(43) Pause Young (Normal) (G1 Evacuation Pause) 28M->7M(485M) 2.788ms
[2025-03-05T02:03:05.612+0300][3.838s][info ][gc] GC(44) Pause Young (Normal) (G1 Evacuation Pause) 28M->6M(485M) 1.859ms
[2025-03-05T02:03:05.690+0300][3.916s][info ][gc] GC(45) Pause Young (Normal) (G1 Evacuation Pause) 28M->5M(485M) 1.047ms
[2025-03-05T02:03:05.764+0300][3.991s][info ][gc] GC(46) Pause Young (Normal) (G1 Evacuation Pause) 28M->7M(485M) 2.740ms
[2025-03-05T02:03:05.826+0300][4.053s][info ][gc] GC(47) Pause Young (Normal) (G1 Evacuation Pause) 28M->6M(485M) 1.857ms
[2025-03-05T02:03:05.909+0300][4.135s][info ][gc] GC(48) Pause Young (Normal) (G1 Evacuation Pause) 28M->5M(485M) 0.549ms
[2025-03-05T02:03:06.058+0300][4.284s][info ][gc] GC(49) Pause Young (Normal) (G1 Evacuation Pause) 46M->5M(485M) 1.254ms
[2025-03-05T02:03:06.196+0300][4.423s][info ][gc] GC(50) Pause Young (Normal) (G1 Evacuation Pause) 48M->6M(485M) 2.737ms
[2025-03-05T02:03:06.333+0300][4.560s][info ][gc] GC(51) Pause Young (Normal) (G1 Evacuation Pause) 37M->6M(485M) 2.011ms
[2025-03-05T02:03:06.433+0300][4.659s][info ][gc] GC(52) Pause Young (Normal) (G1 Evacuation Pause) 28M->8M(485M) 3.260ms
[2025-03-05T02:03:06.526+0300][4.752s][info ][gc] GC(53) Pause Young (Normal) (G1 Evacuation Pause) 29M->7M(485M) 2.560ms
[2025-03-05T02:03:06.620+0300][4.847s][info ][gc] GC(54) Pause Young (Normal) (G1 Evacuation Pause) 29M->6M(485M) 1.883ms
[2025-03-05T02:03:06.709+0300][4.936s][info ][gc] GC(55) Pause Young (Normal) (G1 Evacuation Pause) 29M->8M(485M) 3.246ms
[2025-03-05T02:03:06.790+0300][5.017s][info ][gc] GC(56) Pause Young (Normal) (G1 Evacuation Pause) 29M->6M(485M) 2.639ms
[2025-03-05T02:03:06.869+0300][5.095s][info ][gc] GC(57) Pause Young (Normal) (G1 Evacuation Pause) 28M->5M(485M) 1.061ms
[2025-03-05T02:03:06.936+0300][5.162s][info ][gc] GC(58) Pause Young (Normal) (G1 Evacuation Pause) 28M->7M(485M) 2.952ms
[2025-03-05T02:03:06.995+0300][5.221s][info ][gc] GC(59) Pause Young (Normal) (G1 Evacuation Pause) 28M->6M(485M) 1.805ms
[2025-03-05T02:03:07.060+0300][5.286s][info ][gc] GC(60) Pause Young (Normal) (G1 Evacuation Pause) 28M->5M(485M) 0.873ms
[2025-03-05T02:03:07.136+0300][5.363s][info ][gc] GC(61) Pause Young (Normal) (G1 Evacuation Pause) 28M->7M(485M) 2.595ms
[2025-03-05T02:03:07.200+0300][5.426s][info ][gc] GC(62) Pause Young (Normal) (G1 Evacuation Pause) 28M->6M(485M) 1.659ms
[2025-03-05T02:03:07.271+0300][5.498s][info ][gc] GC(63) Pause Young (Normal) (G1 Evacuation Pause) 28M->8M(485M) 3.049ms
[2025-03-05T02:03:07.343+0300][5.569s][info ][gc] GC(64) Pause Young (Normal) (G1 Evacuation Pause) 29M->7M(485M) 2.036ms
[2025-03-05T02:03:07.432+0300][5.657s][info ][gc] GC(65) Pause Young (Normal) (G1 Evacuation Pause) 29M->6M(485M) 1.234ms
[2025-03-05T02:03:07.512+0300][5.738s][info ][gc] GC(66) Pause Young (Normal) (G1 Evacuation Pause) 29M->8M(485M) 2.862ms
[2025-03-05T02:03:07.592+0300][5.819s][info ][gc] GC(67) Pause Young (Normal) (G1 Evacuation Pause) 29M->7M(485M) 2.000ms
[2025-03-05T02:03:07.674+0300][5.901s][info ][gc] GC(68) Pause Young (Normal) (G1 Evacuation Pause) 29M->5M(485M) 1.179ms
[2025-03-05T02:03:07.752+0300][5.978s][info ][gc] GC(69) Pause Young (Normal) (G1 Evacuation Pause) 28M->7M(485M) 2.365ms
[2025-03-05T02:03:07.824+0300][6.051s][info ][gc] GC(70) Pause Young (Normal) (G1 Evacuation Pause) 28M->6M(485M) 1.945ms
[2025-03-05T02:03:07.904+0300][6.130s][info ][gc] GC(71) Pause Young (Normal) (G1 Evacuation Pause) 28M->5M(485M) 0.975ms
[2025-03-05T02:03:07.996+0300][6.223s][info ][gc] GC(72) Pause Young (Normal) (G1 Evacuation Pause) 28M->7M(485M) 2.563ms
[2025-03-05T02:03:08.069+0300][6.295s][info ][gc] GC(73) Pause Young (Normal) (G1 Evacuation Pause) 28M->6M(485M) 1.529ms
[2025-03-05T02:03:08.146+0300][6.372s][info ][gc] GC(74) Pause Young (Normal) (G1 Evacuation Pause) 28M->5M(485M) 0.445ms
[2025-03-05T02:03:08.261+0300][6.488s][info ][gc] GC(75) Pause Young (Normal) (G1 Evacuation Pause) 42M->5M(485M) 0.737ms
[2025-03-05T02:03:08.337+0300][6.563s][info ][gc] GC(76) Pause Young (Normal) (G1 Evacuation Pause) 28M->7M(485M) 2.392ms
[2025-03-05T02:03:08.410+0300][6.636s][info ][gc] GC(77) Pause Young (Normal) (G1 Evacuation Pause) 28M->6M(485M) 1.474ms
[2025-03-05T02:03:08.488+0300][6.714s][info ][gc] GC(78) Pause Young (Normal) (G1 Evacuation Pause) 28M->8M(485M) 3.558ms
[2025-03-05T02:03:08.560+0300][6.786s][info ][gc] GC(79) Pause Young (Normal) (G1 Evacuation Pause) 29M->7M(485M) 2.248ms
[2025-03-05T02:03:08.627+0300][6.853s][info ][gc] GC(80) Pause Young (Normal) (G1 Evacuation Pause) 28M->6M(485M) 1.359ms
[2025-03-05T02:03:08.709+0300][6.935s][info ][gc] GC(81) Pause Young (Normal) (G1 Evacuation Pause) 29M->8M(485M) 2.740ms
[2025-03-05T02:03:08.775+0300][7.002s][info ][gc] GC(82) Pause Young (Normal) (G1 Evacuation Pause) 29M->7M(485M) 2.544ms
[2025-03-05T02:03:08.838+0300][7.065s][info ][gc] GC(83) Pause Young (Normal) (G1 Evacuation Pause) 29M->5M(485M) 0.948ms
[2025-03-05T02:03:08.919+0300][7.146s][info ][gc] GC(84) Pause Young (Normal) (G1 Evacuation Pause) 28M->7M(485M) 2.700ms
[2025-03-05T02:03:08.994+0300][7.221s][info ][gc] GC(85) Pause Young (Normal) (G1 Evacuation Pause) 28M->6M(485M) 2.319ms
[2025-03-05T02:03:09.078+0300][7.305s][info ][gc] GC(86) Pause Young (Normal) (G1 Evacuation Pause) 28M->5M(485M) 0.863ms
[2025-03-05T02:03:09.164+0300][7.391s][info ][gc] GC(87) Pause Young (Normal) (G1 Evacuation Pause) 30M->7M(485M) 3.087ms
[2025-03-05T02:03:09.234+0300][7.460s][info ][gc] GC(88) Pause Young (Normal) (G1 Evacuation Pause) 28M->6M(485M) 1.713ms
[2025-03-05T02:03:09.306+0300][7.533s][info ][gc] GC(89) Pause Young (Normal) (G1 Evacuation Pause) 28M->5M(485M) 0.860ms
[2025-03-05T02:03:09.399+0300][7.625s][info ][gc] GC(90) Pause Young (Normal) (G1 Evacuation Pause) 36M->8M(485M) 3.207ms
[2025-03-05T02:03:09.468+0300][7.695s][info ][gc] GC(91) Pause Young (Normal) (G1 Evacuation Pause) 28M->7M(485M) 2.072ms
[2025-03-05T02:03:09.549+0300][7.776s][info ][gc] GC(92) Pause Young (Normal) (G1 Evacuation Pause) 29M->5M(485M) 1.025ms
[2025-03-05T02:03:09.630+0300][7.856s][info ][gc] GC(93) Pause Young (Normal) (G1 Evacuation Pause) 28M->7M(485M) 2.398ms
[2025-03-05T02:03:09.690+0300][7.916s][info ][gc] GC(94) Pause Young (Normal) (G1 Evacuation Pause) 28M->6M(485M) 1.947ms
[2025-03-05T02:03:09.752+0300][7.978s][info ][gc] GC(95) Pause Young (Normal) (G1 Evacuation Pause) 28M->5M(485M) 0.811ms
[2025-03-05T02:03:09.829+0300][8.056s][info ][gc] GC(96) Pause Young (Normal) (G1 Evacuation Pause) 28M->7M(485M) 2.666ms
[2025-03-05T02:03:09.892+0300][8.118s][info ][gc] GC(97) Pause Young (Normal) (G1 Evacuation Pause) 28M->6M(485M) 1.412ms
[2025-03-05T02:03:09.959+0300][8.186s][info ][gc] GC(98) Pause Young (Normal) (G1 Evacuation Pause) 28M->8M(485M) 2.930ms
[2025-03-05T02:03:10.037+0300][8.263s][info ][gc] GC(99) Pause Young (Normal) (G1 Evacuation Pause) 29M->7M(485M) 2.030ms
[2025-03-05T02:03:10.105+0300][8.331s][info ][gc] GC(100) Pause Young (Normal) (G1 Evacuation Pause) 28M->6M(485M) 1.244ms
[2025-03-05T02:03:10.170+0300][8.396s][info ][gc] GC(101) Pause Young (Normal) (G1 Evacuation Pause) 29M->8M(485M) 2.977ms
[2025-03-05T02:03:10.235+0300][8.460s][info ][gc] GC(102) Pause Young (Normal) (G1 Evacuation Pause) 29M->7M(485M) 2.368ms
[2025-03-05T02:03:10.312+0300][8.538s][info ][gc] GC(103) Pause Young (Normal) (G1 Evacuation Pause) 29M->5M(485M) 0.871ms
[2025-03-05T02:03:10.386+0300][8.613s][info ][gc] GC(104) Pause Young (Normal) (G1 Evacuation Pause) 28M->7M(485M) 2.774ms
[2025-03-05T02:03:10.445+0300][8.672s][info ][gc] GC(105) Pause Young (Normal) (G1 Evacuation Pause) 28M->6M(485M) 1.757ms
[2025-03-05T02:03:10.505+0300][8.732s][info ][gc] GC(106) Pause Young (Normal) (G1 Evacuation Pause) 28M->5M(485M) 0.944ms
[2025-03-05T02:03:10.581+0300][8.808s][info ][gc] GC(107) Pause Young (Normal) (G1 Evacuation Pause) 33M->8M(485M) 2.751ms
[2025-03-05T02:03:10.649+0300][8.876s][info ][gc] GC(108) Pause Young (Normal) (G1 Evacuation Pause) 29M->7M(485M) 1.934ms
[2025-03-05T02:03:10.709+0300][8.936s][info ][gc] GC(109) Pause Young (Normal) (G1 Evacuation Pause) 29M->5M(485M) 0.956ms
[2025-03-05T02:03:10.780+0300][9.006s][info ][gc] GC(110) Pause Young (Normal) (G1 Evacuation Pause) 28M->7M(485M) 2.813ms
[2025-03-05T02:03:10.838+0300][9.065s][info ][gc] GC(111) Pause Young (Normal) (G1 Evacuation Pause) 28M->6M(485M) 1.730ms
[2025-03-05T02:03:10.911+0300][9.138s][info ][gc] GC(112) Pause Young (Normal) (G1 Evacuation Pause) 28M->5M(485M) 0.587ms
[2025-03-05T02:03:10.982+0300][9.209s][info ][gc] GC(113) Pause Young (Normal) (G1 Evacuation Pause) 29M->7M(485M) 2.273ms
[2025-03-05T02:03:11.046+0300][9.272s][info ][gc] GC(114) Pause Young (Normal) (G1 Evacuation Pause) 28M->6M(485M) 1.329ms
[2025-03-05T02:03:11.108+0300][9.335s][info ][gc] GC(115) Pause Young (Normal) (G1 Evacuation Pause) 28M->8M(485M) 2.866ms
[2025-03-05T02:03:11.183+0300][9.409s][info ][gc] GC(116) Pause Young (Normal) (G1 Evacuation Pause) 29M->7M(485M) 2.113ms
