[2025-03-05T13:15:37.602+0300][0.012s][info][gc] Using G1
[2025-03-05T13:15:37.602+0300][0.012s][debug][gc] ConcGCThreads: 2 offset 16
[2025-03-05T13:15:37.602+0300][0.012s][debug][gc] ParallelGCThreads: 8
[2025-03-05T13:15:37.602+0300][0.012s][debug][gc] Initialize mark stack with 4096 chunks, maximum 524288
[2025-03-05T13:15:38.058+0300][0.469s][info ][gc] GC(0) Pause Young (Normal) (G1 Evacuation Pause) 23M->3M(256M) 5.393ms
[2025-03-05T13:15:38.199+0300][0.608s][info ][gc] GC(1) Pause Young (Normal) (G1 Evacuation Pause) 35M->3M(256M) 1.937ms
[2025-03-05T13:15:38.716+0300][1.125s][info ][gc] GC(2) Pause Young (Normal) (G1 Evacuation Pause) 154M->4M(256M) 2.772ms
[2025-03-05T13:15:39.135+0300][1.544s][info ][gc] GC(3) Pause Young (Normal) (G1 Evacuation Pause) 154M->5M(256M) 3.477ms
[2025-03-05T13:15:39.548+0300][1.957s][info ][gc] GC(4) Pause Young (Normal) (G1 Evacuation Pause) 154M->3M(256M) 1.455ms
[2025-03-05T13:15:39.986+0300][2.396s][info ][gc] GC(5) Pause Young (Normal) (G1 Evacuation Pause) 154M->4M(256M) 2.884ms
[2025-03-05T13:15:40.409+0300][2.820s][info ][gc] GC(6) Pause Young (Normal) (G1 Evacuation Pause) 154M->5M(256M) 3.622ms
[2025-03-05T13:15:40.820+0300][3.231s][info ][gc] GC(7) Pause Young (Normal) (G1 Evacuation Pause) 154M->3M(256M) 2.125ms
[2025-03-05T13:15:41.230+0300][3.640s][info ][gc] GC(8) Pause Young (Normal) (G1 Evacuation Pause) 154M->4M(256M) 2.802ms
[2025-03-05T13:15:41.614+0300][4.023s][info ][gc] GC(9) Pause Young (Normal) (G1 Evacuation Pause) 154M->2M(256M) 1.339ms
[2025-03-05T13:15:42.005+0300][4.415s][info ][gc] GC(10) Pause Young (Normal) (G1 Evacuation Pause) 154M->4M(256M) 2.643ms
[2025-03-05T13:15:42.408+0300][4.818s][info ][gc] GC(11) Pause Young (Normal) (G1 Evacuation Pause) 154M->5M(256M) 5.528ms
[2025-03-05T13:15:42.808+0300][5.218s][info ][gc] GC(12) Pause Young (Normal) (G1 Evacuation Pause) 154M->3M(256M) 1.335ms
[2025-03-05T13:15:43.205+0300][5.615s][info ][gc] GC(13) Pause Young (Normal) (G1 Evacuation Pause) 154M->4M(256M) 2.530ms
[2025-03-05T13:15:43.613+0300][6.023s][info ][gc] GC(14) Pause Young (Normal) (G1 Evacuation Pause) 154M->5M(256M) 3.883ms
[2025-03-05T13:15:44.005+0300][6.415s][info ][gc] GC(15) Pause Young (Normal) (G1 Evacuation Pause) 154M->3M(256M) 1.785ms
[2025-03-05T13:15:44.400+0300][6.810s][info ][gc] GC(16) Pause Young (Normal) (G1 Evacuation Pause) 154M->4M(256M) 2.975ms
[2025-03-05T13:15:44.902+0300][7.312s][info ][gc] GC(17) Pause Young (Normal) (G1 Evacuation Pause) 154M->2M(256M) 1.141ms
[2025-03-05T13:15:45.297+0300][7.707s][info ][gc] GC(18) Pause Young (Normal) (G1 Evacuation Pause) 154M->3M(256M) 2.142ms
[2025-03-05T13:15:45.691+0300][8.102s][info ][gc] GC(19) Pause Young (Normal) (G1 Evacuation Pause) 154M->5M(256M) 3.525ms
[2025-03-05T13:15:46.080+0300][8.490s][info ][gc] GC(20) Pause Young (Normal) (G1 Evacuation Pause) 155M->3M(256M) 1.434ms
[2025-03-05T13:15:46.504+0300][8.914s][info ][gc] GC(21) Pause Young (Normal) (G1 Evacuation Pause) 155M->4M(256M) 3.399ms
[2025-03-05T13:15:46.919+0300][9.328s][info ][gc] GC(22) Pause Young (Normal) (G1 Evacuation Pause) 154M->5M(256M) 3.787ms
[2025-03-05T13:15:47.334+0300][9.745s][info ][gc] GC(23) Pause Young (Normal) (G1 Evacuation Pause) 154M->3M(256M) 1.925ms
[2025-03-05T13:15:47.755+0300][10.165s][info ][gc] GC(24) Pause Young (Normal) (G1 Evacuation Pause) 154M->4M(256M) 2.710ms
[2025-03-05T13:15:48.268+0300][10.677s][info ][gc] GC(25) Pause Young (Normal) (G1 Evacuation Pause) 154M->2M(256M) 0.827ms
[2025-03-05T13:15:48.710+0300][11.120s][info ][gc] GC(26) Pause Young (Normal) (G1 Evacuation Pause) 154M->4M(256M) 2.461ms
[2025-03-05T13:15:49.110+0300][11.521s][info ][gc] GC(27) Pause Young (Normal) (G1 Evacuation Pause) 155M->5M(256M) 3.474ms
[2025-03-05T13:15:49.523+0300][11.933s][info ][gc] GC(28) Pause Young (Normal) (G1 Evacuation Pause) 155M->3M(256M) 1.511ms
[2025-03-05T13:15:49.973+0300][12.383s][info ][gc] GC(29) Pause Young (Normal) (G1 Evacuation Pause) 155M->4M(256M) 3.473ms
[2025-03-05T13:15:50.387+0300][12.798s][info ][gc] GC(30) Pause Young (Normal) (G1 Evacuation Pause) 154M->2M(256M) 1.054ms
[2025-03-05T13:15:50.810+0300][13.220s][info ][gc] GC(31) Pause Young (Normal) (G1 Evacuation Pause) 154M->3M(256M) 2.351ms
[2025-03-05T13:15:51.203+0300][13.614s][info ][gc] GC(32) Pause Young (Normal) (G1 Evacuation Pause) 154M->5M(256M) 3.255ms
[2025-03-05T13:15:51.589+0300][14.001s][info ][gc] GC(33) Pause Young (Normal) (G1 Evacuation Pause) 155M->3M(256M) 1.468ms
[2025-03-05T13:15:51.986+0300][14.397s][info ][gc] GC(34) Pause Young (Normal) (G1 Evacuation Pause) 155M->4M(256M) 2.723ms
[2025-03-05T13:15:52.377+0300][14.787s][info ][gc] GC(35) Pause Young (Normal) (G1 Evacuation Pause) 154M->5M(256M) 3.586ms
[2025-03-05T13:15:52.762+0300][15.172s][info ][gc] GC(36) Pause Young (Normal) (G1 Evacuation Pause) 154M->3M(256M) 1.889ms
[2025-03-05T13:15:53.156+0300][15.566s][info ][gc] GC(37) Pause Young (Normal) (G1 Evacuation Pause) 154M->4M(256M) 2.787ms
[2025-03-05T13:15:53.541+0300][15.951s][info ][gc] GC(38) Pause Young (Normal) (G1 Evacuation Pause) 154M->2M(256M) 0.917ms
[2025-03-05T13:15:53.934+0300][16.344s][info ][gc] GC(39) Pause Young (Normal) (G1 Evacuation Pause) 154M->4M(256M) 2.290ms
[2025-03-05T13:15:54.346+0300][16.755s][info ][gc] GC(40) Pause Young (Normal) (G1 Evacuation Pause) 155M->5M(256M) 3.383ms
[2025-03-05T13:15:54.737+0300][17.146s][info ][gc] GC(41) Pause Young (Normal) (G1 Evacuation Pause) 155M->3M(256M) 1.238ms
[2025-03-05T13:15:55.133+0300][17.543s][info ][gc] GC(42) Pause Young (Normal) (G1 Evacuation Pause) 155M->4M(256M) 2.924ms
[2025-03-05T13:15:55.519+0300][17.929s][info ][gc] GC(43) Pause Young (Normal) (G1 Evacuation Pause) 154M->2M(256M) 0.961ms
[2025-03-05T13:15:55.916+0300][18.326s][info ][gc] GC(44) Pause Young (Normal) (G1 Evacuation Pause) 154M->3M(256M) 2.117ms
[2025-03-05T13:15:56.309+0300][18.719s][info ][gc] GC(45) Pause Young (Normal) (G1 Evacuation Pause) 154M->5M(256M) 3.336ms
[2025-03-05T13:15:56.697+0300][19.107s][info ][gc] GC(46) Pause Young (Normal) (G1 Evacuation Pause) 155M->3M(256M) 1.094ms
[2025-03-05T13:15:57.097+0300][19.507s][info ][gc] GC(47) Pause Young (Normal) (G1 Evacuation Pause) 155M->4M(256M) 2.820ms
[2025-03-05T13:15:57.490+0300][19.900s][info ][gc] GC(48) Pause Young (Normal) (G1 Evacuation Pause) 155M->2M(256M) 0.789ms
[2025-03-05T13:15:57.885+0300][20.295s][info ][gc] GC(49) Pause Young (Normal) (G1 Evacuation Pause) 154M->3M(256M) 2.130ms
[2025-03-05T13:15:58.279+0300][20.689s][info ][gc] GC(50) Pause Young (Normal) (G1 Evacuation Pause) 154M->5M(256M) 3.248ms
[2025-03-05T13:15:58.669+0300][21.079s][info ][gc] GC(51) Pause Young (Normal) (G1 Evacuation Pause) 155M->3M(256M) 1.077ms
[2025-03-05T13:15:59.065+0300][21.475s][info ][gc] GC(52) Pause Young (Normal) (G1 Evacuation Pause) 155M->4M(256M) 2.747ms
[2025-03-05T13:15:59.461+0300][21.871s][info ][gc] GC(53) Pause Young (Normal) (G1 Evacuation Pause) 155M->5M(256M) 4.077ms
[2025-03-05T13:15:59.851+0300][22.262s][info ][gc] GC(54) Pause Young (Normal) (G1 Evacuation Pause) 154M->3M(256M) 1.803ms
[2025-03-05T13:16:00.246+0300][22.656s][info ][gc] GC(55) Pause Young (Normal) (G1 Evacuation Pause) 154M->4M(256M) 2.922ms
[2025-03-05T13:16:00.637+0300][23.046s][info ][gc] GC(56) Pause Young (Normal) (G1 Evacuation Pause) 154M->2M(256M) 1.103ms
[2025-03-05T13:16:01.030+0300][23.440s][info ][gc] GC(57) Pause Young (Normal) (G1 Evacuation Pause) 154M->4M(256M) 2.442ms
[2025-03-05T13:16:01.425+0300][23.834s][info ][gc] GC(58) Pause Young (Normal) (G1 Evacuation Pause) 155M->5M(256M) 3.887ms
[2025-03-05T13:16:01.813+0300][24.223s][info ][gc] GC(59) Pause Young (Normal) (G1 Evacuation Pause) 155M->3M(256M) 1.206ms
[2025-03-05T13:16:02.211+0300][24.621s][info ][gc] GC(60) Pause Young (Normal) (G1 Evacuation Pause) 155M->4M(256M) 2.951ms
[2025-03-05T13:16:02.596+0300][25.006s][info ][gc] GC(61) Pause Young (Normal) (G1 Evacuation Pause) 154M->2M(256M) 0.591ms
[2025-03-05T13:16:02.993+0300][25.403s][info ][gc] GC(62) Pause Young (Normal) (G1 Evacuation Pause) 154M->3M(256M) 2.017ms
[2025-03-05T13:16:03.387+0300][25.798s][info ][gc] GC(63) Pause Young (Normal) (G1 Evacuation Pause) 154M->5M(256M) 3.929ms
[2025-03-05T13:16:03.777+0300][26.187s][info ][gc] GC(64) Pause Young (Normal) (G1 Evacuation Pause) 155M->3M(256M) 1.358ms
[2025-03-05T13:16:04.176+0300][26.586s][info ][gc] GC(65) Pause Young (Normal) (G1 Evacuation Pause) 155M->4M(256M) 2.665ms
[2025-03-05T13:16:04.565+0300][26.975s][info ][gc] GC(66) Pause Young (Normal) (G1 Evacuation Pause) 154M->5M(256M) 3.641ms
[2025-03-05T13:16:04.952+0300][27.362s][info ][gc] GC(67) Pause Young (Normal) (G1 Evacuation Pause) 154M->3M(256M) 1.845ms
[2025-03-05T13:16:05.354+0300][27.764s][info ][gc] GC(68) Pause Young (Normal) (G1 Evacuation Pause) 154M->4M(256M) 3.661ms
[2025-03-05T13:16:05.748+0300][28.157s][info ][gc] GC(69) Pause Young (Normal) (G1 Evacuation Pause) 154M->2M(256M) 1.152ms
[2025-03-05T13:16:06.145+0300][28.556s][info ][gc] GC(70) Pause Young (Normal) (G1 Evacuation Pause) 154M->4M(256M) 2.244ms
[2025-03-05T13:16:06.538+0300][28.948s][info ][gc] GC(71) Pause Young (Normal) (G1 Evacuation Pause) 155M->5M(256M) 3.296ms
[2025-03-05T13:16:06.938+0300][29.348s][info ][gc] GC(72) Pause Young (Normal) (G1 Evacuation Pause) 155M->3M(256M) 1.238ms
[2025-03-05T13:16:07.336+0300][29.746s][info ][gc] GC(73) Pause Young (Normal) (G1 Evacuation Pause) 155M->4M(256M) 2.614ms
[2025-03-05T13:16:07.723+0300][30.134s][info ][gc] GC(74) Pause Young (Normal) (G1 Evacuation Pause) 154M->2M(256M) 0.749ms
[2025-03-05T13:16:08.123+0300][30.533s][info ][gc] GC(75) Pause Young (Normal) (G1 Evacuation Pause) 154M->3M(256M) 2.543ms
[2025-03-05T13:16:08.522+0300][30.933s][info ][gc] GC(76) Pause Young (Normal) (G1 Evacuation Pause) 154M->5M(256M) 4.515ms
[2025-03-05T13:16:08.912+0300][31.323s][info ][gc] GC(77) Pause Young (Normal) (G1 Evacuation Pause) 155M->3M(256M) 1.260ms
[2025-03-05T13:16:09.327+0300][31.737s][info ][gc] GC(78) Pause Young (Normal) (G1 Evacuation Pause) 155M->4M(256M) 2.777ms
[2025-03-05T13:16:09.729+0300][32.138s][info ][gc] GC(79) Pause Young (Normal) (G1 Evacuation Pause) 155M->2M(256M) 0.652ms
[2025-03-05T13:16:10.149+0300][32.560s][info ][gc] GC(80) Pause Young (Normal) (G1 Evacuation Pause) 154M->3M(256M) 2.405ms
[2025-03-05T13:16:10.585+0300][32.995s][info ][gc] GC(81) Pause Young (Normal) (G1 Evacuation Pause) 154M->5M(256M) 3.297ms
[2025-03-05T13:16:11.038+0300][33.448s][info ][gc] GC(82) Pause Young (Normal) (G1 Evacuation Pause) 155M->3M(256M) 1.219ms
[2025-03-05T13:16:11.498+0300][33.908s][info ][gc] GC(83) Pause Young (Normal) (G1 Evacuation Pause) 155M->4M(256M) 2.730ms
[2025-03-05T13:16:11.908+0300][34.318s][info ][gc] GC(84) Pause Young (Normal) (G1 Evacuation Pause) 155M->5M(256M) 3.629ms
[2025-03-05T13:16:12.307+0300][34.718s][info ][gc] GC(85) Pause Young (Normal) (G1 Evacuation Pause) 154M->3M(256M) 2.006ms
[2025-03-05T13:16:12.720+0300][35.130s][info ][gc] GC(86) Pause Young (Normal) (G1 Evacuation Pause) 154M->4M(256M) 3.266ms
[2025-03-05T13:16:13.130+0300][35.540s][info ][gc] GC(87) Pause Young (Normal) (G1 Evacuation Pause) 154M->2M(256M) 1.315ms
[2025-03-05T13:16:13.536+0300][35.946s][info ][gc] GC(88) Pause Young (Normal) (G1 Evacuation Pause) 154M->4M(256M) 2.089ms
[2025-03-05T13:16:13.947+0300][36.357s][info ][gc] GC(89) Pause Young (Normal) (G1 Evacuation Pause) 155M->5M(256M) 3.628ms
[2025-03-05T13:16:14.364+0300][36.773s][info ][gc] GC(90) Pause Young (Normal) (G1 Evacuation Pause) 155M->3M(256M) 2.000ms
[2025-03-05T13:16:14.780+0300][37.190s][info ][gc] GC(91) Pause Young (Normal) (G1 Evacuation Pause) 154M->4M(256M) 2.589ms
[2025-03-05T13:16:15.174+0300][37.583s][info ][gc] GC(92) Pause Young (Normal) (G1 Evacuation Pause) 154M->5M(256M) 3.576ms
[2025-03-05T13:16:15.573+0300][37.984s][info ][gc] GC(93) Pause Young (Normal) (G1 Evacuation Pause) 154M->3M(256M) 1.817ms
[2025-03-05T13:16:15.975+0300][38.386s][info ][gc] GC(94) Pause Young (Normal) (G1 Evacuation Pause) 154M->4M(256M) 2.952ms
[2025-03-05T13:16:16.368+0300][38.778s][info ][gc] GC(95) Pause Young (Normal) (G1 Evacuation Pause) 154M->2M(256M) 0.871ms
[2025-03-05T13:16:16.762+0300][39.172s][info ][gc] GC(96) Pause Young (Normal) (G1 Evacuation Pause) 154M->4M(256M) 2.412ms
[2025-03-05T13:16:17.161+0300][39.572s][info ][gc] GC(97) Pause Young (Normal) (G1 Evacuation Pause) 155M->5M(256M) 3.548ms
[2025-03-05T13:16:17.551+0300][39.961s][info ][gc] GC(98) Pause Young (Normal) (G1 Evacuation Pause) 155M->3M(256M) 1.650ms
[2025-03-05T13:16:17.946+0300][40.356s][info ][gc] GC(99) Pause Young (Normal) (G1 Evacuation Pause) 155M->4M(256M) 2.786ms
[2025-03-05T13:16:18.347+0300][40.757s][info ][gc] GC(100) Pause Young (Normal) (G1 Evacuation Pause) 154M->2M(256M) 0.786ms
[2025-03-05T13:16:18.744+0300][41.154s][info ][gc] GC(101) Pause Young (Normal) (G1 Evacuation Pause) 154M->3M(256M) 2.167ms
[2025-03-05T13:16:19.141+0300][41.551s][info ][gc] GC(102) Pause Young (Normal) (G1 Evacuation Pause) 154M->5M(256M) 3.471ms
[2025-03-05T13:16:19.528+0300][41.938s][info ][gc] GC(103) Pause Young (Normal) (G1 Evacuation Pause) 155M->3M(256M) 1.374ms
[2025-03-05T13:16:19.940+0300][42.350s][info ][gc] GC(104) Pause Young (Normal) (G1 Evacuation Pause) 155M->4M(256M) 3.008ms
[2025-03-05T13:16:20.347+0300][42.757s][info ][gc] GC(105) Pause Young (Normal) (G1 Evacuation Pause) 154M->5M(256M) 3.627ms
[2025-03-05T13:16:20.735+0300][43.145s][info ][gc] GC(106) Pause Young (Normal) (G1 Evacuation Pause) 154M->3M(256M) 1.718ms
[2025-03-05T13:16:21.145+0300][43.555s][info ][gc] GC(107) Pause Young (Normal) (G1 Evacuation Pause) 154M->4M(256M) 3.024ms
[2025-03-05T13:16:21.555+0300][43.965s][info ][gc] GC(108) Pause Young (Normal) (G1 Evacuation Pause) 154M->2M(256M) 1.104ms
[2025-03-05T13:16:21.963+0300][44.373s][info ][gc] GC(109) Pause Young (Normal) (G1 Evacuation Pause) 154M->4M(256M) 2.208ms
[2025-03-05T13:16:22.363+0300][44.773s][info ][gc] GC(110) Pause Young (Normal) (G1 Evacuation Pause) 155M->5M(256M) 3.629ms
[2025-03-05T13:16:22.748+0300][45.158s][info ][gc] GC(111) Pause Young (Normal) (G1 Evacuation Pause) 155M->3M(256M) 1.201ms
[2025-03-05T13:16:23.147+0300][45.556s][info ][gc] GC(112) Pause Young (Normal) (G1 Evacuation Pause) 155M->4M(256M) 3.051ms
[2025-03-05T13:16:23.536+0300][45.945s][info ][gc] GC(113) Pause Young (Normal) (G1 Evacuation Pause) 154M->2M(256M) 0.707ms
[2025-03-05T13:16:23.928+0300][46.338s][info ][gc] GC(114) Pause Young (Normal) (G1 Evacuation Pause) 154M->3M(256M) 2.115ms
[2025-03-05T13:16:24.323+0300][46.733s][info ][gc] GC(115) Pause Young (Normal) (G1 Evacuation Pause) 154M->5M(256M) 4.583ms
[2025-03-05T13:16:24.722+0300][47.132s][info ][gc] GC(116) Pause Young (Normal) (G1 Evacuation Pause) 155M->3M(256M) 1.311ms
[2025-03-05T13:16:25.122+0300][47.533s][info ][gc] GC(117) Pause Young (Normal) (G1 Evacuation Pause) 155M->4M(256M) 2.908ms
[2025-03-05T13:16:25.533+0300][47.943s][info ][gc] GC(118) Pause Young (Normal) (G1 Evacuation Pause) 155M->2M(256M) 0.924ms
[2025-03-05T13:16:25.970+0300][48.379s][info ][gc] GC(119) Pause Young (Normal) (G1 Evacuation Pause) 154M->3M(256M) 2.813ms
[2025-03-05T13:16:26.615+0300][49.025s][info ][gc] GC(120) Pause Young (Normal) (G1 Evacuation Pause) 154M->5M(256M) 3.187ms
[2025-03-05T13:16:27.033+0300][49.443s][info ][gc] GC(121) Pause Young (Normal) (G1 Evacuation Pause) 155M->3M(256M) 1.281ms
[2025-03-05T13:16:27.430+0300][49.840s][info ][gc] GC(122) Pause Young (Normal) (G1 Evacuation Pause) 155M->4M(256M) 2.794ms
[2025-03-05T13:16:27.822+0300][50.232s][info ][gc] GC(123) Pause Young (Normal) (G1 Evacuation Pause) 154M->5M(256M) 3.776ms
[2025-03-05T13:16:28.211+0300][50.621s][info ][gc] GC(124) Pause Young (Normal) (G1 Evacuation Pause) 154M->3M(256M) 1.733ms
[2025-03-05T13:16:28.602+0300][51.012s][info ][gc] GC(125) Pause Young (Normal) (G1 Evacuation Pause) 154M->4M(256M) 2.841ms
[2025-03-05T13:16:28.988+0300][51.398s][info ][gc] GC(126) Pause Young (Normal) (G1 Evacuation Pause) 154M->2M(256M) 1.049ms
[2025-03-05T13:16:29.382+0300][51.792s][info ][gc] GC(127) Pause Young (Normal) (G1 Evacuation Pause) 154M->3M(256M) 2.110ms
[2025-03-05T13:16:29.774+0300][52.184s][info ][gc] GC(128) Pause Young (Normal) (G1 Evacuation Pause) 154M->5M(256M) 3.777ms
[2025-03-05T13:16:30.158+0300][52.569s][info ][gc] GC(129) Pause Young (Normal) (G1 Evacuation Pause) 155M->3M(256M) 1.462ms
[2025-03-05T13:16:30.554+0300][52.963s][info ][gc] GC(130) Pause Young (Normal) (G1 Evacuation Pause) 155M->4M(256M) 2.758ms
[2025-03-05T13:16:30.940+0300][53.350s][info ][gc] GC(131) Pause Young (Normal) (G1 Evacuation Pause) 154M->2M(256M) 0.598ms
[2025-03-05T13:16:31.335+0300][53.745s][info ][gc] GC(132) Pause Young (Normal) (G1 Evacuation Pause) 154M->3M(256M) 2.149ms
[2025-03-05T13:16:31.727+0300][54.137s][info ][gc] GC(133) Pause Young (Normal) (G1 Evacuation Pause) 154M->5M(256M) 3.369ms
[2025-03-05T13:16:32.117+0300][54.527s][info ][gc] GC(134) Pause Young (Normal) (G1 Evacuation Pause) 155M->3M(256M) 1.336ms
[2025-03-05T13:16:32.514+0300][54.924s][info ][gc] GC(135) Pause Young (Normal) (G1 Evacuation Pause) 155M->4M(256M) 2.792ms
[2025-03-05T13:16:32.907+0300][55.317s][info ][gc] GC(136) Pause Young (Normal) (G1 Evacuation Pause) 154M->5M(256M) 3.890ms
[2025-03-05T13:16:33.293+0300][55.703s][info ][gc] GC(137) Pause Young (Normal) (G1 Evacuation Pause) 154M->3M(256M) 1.557ms
[2025-03-05T13:16:33.687+0300][56.098s][info ][gc] GC(138) Pause Young (Normal) (G1 Evacuation Pause) 154M->4M(256M) 2.837ms
[2025-03-05T13:16:34.076+0300][56.486s][info ][gc] GC(139) Pause Young (Normal) (G1 Evacuation Pause) 154M->2M(256M) 0.979ms
[2025-03-05T13:16:34.528+0300][56.938s][info ][gc] GC(140) Pause Young (Normal) (G1 Evacuation Pause) 154M->3M(256M) 2.131ms
[2025-03-05T13:16:34.919+0300][57.329s][info ][gc] GC(141) Pause Young (Normal) (G1 Evacuation Pause) 154M->5M(256M) 3.732ms
[2025-03-05T13:16:35.310+0300][57.720s][info ][gc] GC(142) Pause Young (Normal) (G1 Evacuation Pause) 155M->3M(256M) 1.282ms
[2025-03-05T13:16:35.705+0300][58.115s][info ][gc] GC(143) Pause Young (Normal) (G1 Evacuation Pause) 155M->4M(256M) 2.949ms
[2025-03-05T13:16:36.092+0300][58.501s][info ][gc] GC(144) Pause Young (Normal) (G1 Evacuation Pause) 154M->2M(256M) 0.561ms
[2025-03-05T13:16:36.484+0300][58.895s][info ][gc] GC(145) Pause Young (Normal) (G1 Evacuation Pause) 154M->3M(256M) 2.016ms
[2025-03-05T13:16:36.878+0300][59.288s][info ][gc] GC(146) Pause Young (Normal) (G1 Evacuation Pause) 154M->5M(256M) 3.350ms
[2025-03-05T13:16:37.266+0300][59.675s][info ][gc] GC(147) Pause Young (Normal) (G1 Evacuation Pause) 155M->3M(256M) 1.334ms
[2025-03-05T13:16:37.659+0300][60.069s][info ][gc] GC(148) Pause Young (Normal) (G1 Evacuation Pause) 155M->4M(256M) 2.520ms
[2025-03-05T13:16:38.050+0300][60.461s][info ][gc] GC(149) Pause Young (Normal) (G1 Evacuation Pause) 155M->5M(256M) 3.765ms
[2025-03-05T13:16:38.434+0300][60.844s][info ][gc] GC(150) Pause Young (Normal) (G1 Evacuation Pause) 154M->3M(256M) 1.695ms
[2025-03-05T13:16:38.825+0300][61.236s][info ][gc] GC(151) Pause Young (Normal) (G1 Evacuation Pause) 154M->4M(256M) 2.783ms
[2025-03-05T13:16:39.213+0300][61.624s][info ][gc] GC(152) Pause Young (Normal) (G1 Evacuation Pause) 154M->2M(256M) 1.110ms
[2025-03-05T13:16:39.607+0300][62.017s][info ][gc] GC(153) Pause Young (Normal) (G1 Evacuation Pause) 154M->3M(256M) 1.940ms
[2025-03-05T13:16:40.002+0300][62.412s][info ][gc] GC(154) Pause Young (Normal) (G1 Evacuation Pause) 154M->5M(256M) 3.517ms
[2025-03-05T13:16:40.390+0300][62.799s][info ][gc] GC(155) Pause Young (Normal) (G1 Evacuation Pause) 155M->3M(256M) 1.406ms
[2025-03-05T13:16:40.784+0300][63.194s][info ][gc] GC(156) Pause Young (Normal) (G1 Evacuation Pause) 155M->4M(256M) 2.862ms
[2025-03-05T13:16:41.174+0300][63.583s][info ][gc] GC(157) Pause Young (Normal) (G1 Evacuation Pause) 154M->2M(256M) 0.635ms
[2025-03-05T13:16:41.568+0300][63.978s][info ][gc] GC(158) Pause Young (Normal) (G1 Evacuation Pause) 154M->3M(256M) 2.057ms
[2025-03-05T13:16:41.963+0300][64.373s][info ][gc] GC(159) Pause Young (Normal) (G1 Evacuation Pause) 154M->5M(256M) 3.548ms
[2025-03-05T13:16:42.353+0300][64.763s][info ][gc] GC(160) Pause Young (Normal) (G1 Evacuation Pause) 155M->3M(256M) 1.362ms
[2025-03-05T13:16:42.745+0300][65.156s][info ][gc] GC(161) Pause Young (Normal) (G1 Evacuation Pause) 155M->4M(256M) 2.302ms
[2025-03-05T13:16:43.141+0300][65.552s][info ][gc] GC(162) Pause Young (Normal) (G1 Evacuation Pause) 155M->5M(256M) 4.051ms
[2025-03-05T13:16:43.528+0300][65.938s][info ][gc] GC(163) Pause Young (Normal) (G1 Evacuation Pause) 154M->3M(256M) 1.823ms
[2025-03-05T13:16:43.923+0300][66.333s][info ][gc] GC(164) Pause Young (Normal) (G1 Evacuation Pause) 154M->4M(256M) 2.959ms
[2025-03-05T13:16:44.309+0300][66.718s][info ][gc] GC(165) Pause Young (Normal) (G1 Evacuation Pause) 154M->2M(256M) 0.869ms
[2025-03-05T13:16:44.699+0300][67.110s][info ][gc] GC(166) Pause Young (Normal) (G1 Evacuation Pause) 154M->4M(256M) 2.238ms
[2025-03-05T13:16:45.095+0300][67.504s][info ][gc] GC(167) Pause Young (Normal) (G1 Evacuation Pause) 155M->5M(256M) 3.267ms
[2025-03-05T13:16:45.481+0300][67.891s][info ][gc] GC(168) Pause Young (Normal) (G1 Evacuation Pause) 155M->3M(256M) 1.647ms
[2025-03-05T13:16:45.880+0300][68.290s][info ][gc] GC(169) Pause Young (Normal) (G1 Evacuation Pause) 155M->4M(256M) 2.767ms
[2025-03-05T13:16:46.268+0300][68.678s][info ][gc] GC(170) Pause Young (Normal) (G1 Evacuation Pause) 154M->2M(256M) 0.963ms
[2025-03-05T13:16:46.660+0300][69.071s][info ][gc] GC(171) Pause Young (Normal) (G1 Evacuation Pause) 154M->3M(256M) 2.110ms
[2025-03-05T13:16:47.053+0300][69.463s][info ][gc] GC(172) Pause Young (Normal) (G1 Evacuation Pause) 154M->5M(256M) 3.275ms
[2025-03-05T13:16:47.442+0300][69.852s][info ][gc] GC(173) Pause Young (Normal) (G1 Evacuation Pause) 155M->3M(256M) 1.153ms
[2025-03-05T13:16:47.836+0300][70.246s][info ][gc] GC(174) Pause Young (Normal) (G1 Evacuation Pause) 155M->4M(256M) 2.606ms
[2025-03-05T13:16:48.225+0300][70.635s][info ][gc] GC(175) Pause Young (Normal) (G1 Evacuation Pause) 154M->5M(256M) 3.747ms
[2025-03-05T13:16:48.610+0300][71.020s][info ][gc] GC(176) Pause Young (Normal) (G1 Evacuation Pause) 154M->3M(256M) 1.722ms
[2025-03-05T13:16:49.009+0300][71.420s][info ][gc] GC(177) Pause Young (Normal) (G1 Evacuation Pause) 154M->4M(256M) 3.112ms
[2025-03-05T13:16:49.407+0300][71.817s][info ][gc] GC(178) Pause Young (Normal) (G1 Evacuation Pause) 154M->2M(256M) 0.819ms
[2025-03-05T13:16:49.801+0300][72.212s][info ][gc] GC(179) Pause Young (Normal) (G1 Evacuation Pause) 154M->4M(256M) 2.287ms
[2025-03-05T13:16:50.194+0300][72.605s][info ][gc] GC(180) Pause Young (Normal) (G1 Evacuation Pause) 155M->5M(256M) 3.499ms
[2025-03-05T13:16:50.581+0300][72.991s][info ][gc] GC(181) Pause Young (Normal) (G1 Evacuation Pause) 155M->3M(256M) 1.558ms
[2025-03-05T13:16:50.977+0300][73.387s][info ][gc] GC(182) Pause Young (Normal) (G1 Evacuation Pause) 155M->4M(256M) 3.077ms
[2025-03-05T13:16:51.379+0300][73.790s][info ][gc] GC(183) Pause Young (Normal) (G1 Evacuation Pause) 154M->2M(256M) 0.940ms
[2025-03-05T13:16:51.785+0300][74.195s][info ][gc] GC(184) Pause Young (Normal) (G1 Evacuation Pause) 154M->3M(256M) 1.946ms
[2025-03-05T13:16:52.181+0300][74.592s][info ][gc] GC(185) Pause Young (Normal) (G1 Evacuation Pause) 154M->5M(256M) 3.434ms
[2025-03-05T13:16:52.567+0300][74.977s][info ][gc] GC(186) Pause Young (Normal) (G1 Evacuation Pause) 155M->3M(256M) 1.118ms
[2025-03-05T13:16:52.957+0300][75.368s][info ][gc] GC(187) Pause Young (Normal) (G1 Evacuation Pause) 155M->4M(256M) 2.395ms
[2025-03-05T13:16:53.349+0300][75.758s][info ][gc] GC(188) Pause Young (Normal) (G1 Evacuation Pause) 154M->5M(256M) 3.624ms
[2025-03-05T13:16:53.735+0300][76.145s][info ][gc] GC(189) Pause Young (Normal) (G1 Evacuation Pause) 154M->3M(256M) 1.915ms
[2025-03-05T13:16:54.128+0300][76.538s][info ][gc] GC(190) Pause Young (Normal) (G1 Evacuation Pause) 154M->4M(256M) 2.845ms
[2025-03-05T13:16:54.513+0300][76.924s][info ][gc] GC(191) Pause Young (Normal) (G1 Evacuation Pause) 154M->2M(256M) 0.847ms
[2025-03-05T13:16:54.906+0300][77.316s][info ][gc] GC(192) Pause Young (Normal) (G1 Evacuation Pause) 154M->4M(256M) 2.062ms
[2025-03-05T13:16:55.301+0300][77.710s][info ][gc] GC(193) Pause Young (Normal) (G1 Evacuation Pause) 155M->5M(256M) 3.317ms
[2025-03-05T13:16:55.690+0300][78.100s][info ][gc] GC(194) Pause Young (Normal) (G1 Evacuation Pause) 155M->3M(256M) 1.155ms
[2025-03-05T13:16:56.084+0300][78.495s][info ][gc] GC(195) Pause Young (Normal) (G1 Evacuation Pause) 155M->4M(256M) 2.773ms
[2025-03-05T13:16:56.472+0300][78.882s][info ][gc] GC(196) Pause Young (Normal) (G1 Evacuation Pause) 154M->2M(256M) 0.926ms
[2025-03-05T13:16:56.866+0300][79.276s][info ][gc] GC(197) Pause Young (Normal) (G1 Evacuation Pause) 154M->3M(256M) 2.025ms
[2025-03-05T13:16:57.260+0300][79.671s][info ][gc] GC(198) Pause Young (Normal) (G1 Evacuation Pause) 154M->5M(256M) 3.343ms
[2025-03-05T13:16:57.652+0300][80.062s][info ][gc] GC(199) Pause Young (Normal) (G1 Evacuation Pause) 155M->3M(256M) 1.264ms
[2025-03-05T13:16:58.107+0300][80.518s][info ][gc] GC(200) Pause Young (Normal) (G1 Evacuation Pause) 155M->4M(256M) 2.744ms
[2025-03-05T13:16:58.497+0300][80.906s][info ][gc] GC(201) Pause Young (Normal) (G1 Evacuation Pause) 154M->5M(256M) 3.609ms
[2025-03-05T13:16:58.880+0300][81.290s][info ][gc] GC(202) Pause Young (Normal) (G1 Evacuation Pause) 154M->3M(256M) 1.645ms
[2025-03-05T13:16:59.273+0300][81.683s][info ][gc] GC(203) Pause Young (Normal) (G1 Evacuation Pause) 154M->4M(256M) 3.289ms
[2025-03-05T13:16:59.658+0300][82.067s][info ][gc] GC(204) Pause Young (Normal) (G1 Evacuation Pause) 154M->2M(256M) 1.019ms
[2025-03-05T13:17:00.058+0300][82.468s][info ][gc] GC(205) Pause Young (Normal) (G1 Evacuation Pause) 154M->3M(256M) 2.144ms
[2025-03-05T13:17:00.451+0300][82.862s][info ][gc] GC(206) Pause Young (Normal) (G1 Evacuation Pause) 154M->5M(256M) 3.579ms
[2025-03-05T13:17:00.838+0300][83.248s][info ][gc] GC(207) Pause Young (Normal) (G1 Evacuation Pause) 155M->3M(256M) 1.165ms
[2025-03-05T13:17:01.234+0300][83.644s][info ][gc] GC(208) Pause Young (Normal) (G1 Evacuation Pause) 155M->4M(256M) 2.839ms
[2025-03-05T13:17:01.620+0300][84.029s][info ][gc] GC(209) Pause Young (Normal) (G1 Evacuation Pause) 154M->2M(256M) 0.781ms
[2025-03-05T13:17:02.015+0300][84.424s][info ][gc] GC(210) Pause Young (Normal) (G1 Evacuation Pause) 154M->3M(256M) 2.023ms
[2025-03-05T13:17:02.407+0300][84.818s][info ][gc] GC(211) Pause Young (Normal) (G1 Evacuation Pause) 154M->5M(256M) 3.535ms
[2025-03-05T13:17:02.795+0300][85.205s][info ][gc] GC(212) Pause Young (Normal) (G1 Evacuation Pause) 155M->3M(256M) 1.352ms
[2025-03-05T13:17:03.192+0300][85.602s][info ][gc] GC(213) Pause Young (Normal) (G1 Evacuation Pause) 155M->4M(256M) 2.790ms
[2025-03-05T13:17:03.580+0300][85.990s][info ][gc] GC(214) Pause Young (Normal) (G1 Evacuation Pause) 154M->5M(256M) 3.655ms
[2025-03-05T13:17:03.967+0300][86.377s][info ][gc] GC(215) Pause Young (Normal) (G1 Evacuation Pause) 154M->3M(256M) 1.699ms
[2025-03-05T13:17:04.359+0300][86.769s][info ][gc] GC(216) Pause Young (Normal) (G1 Evacuation Pause) 154M->4M(256M) 2.722ms
[2025-03-05T13:17:04.747+0300][87.157s][info ][gc] GC(217) Pause Young (Normal) (G1 Evacuation Pause) 154M->2M(256M) 1.060ms
[2025-03-05T13:17:05.140+0300][87.550s][info ][gc] GC(218) Pause Young (Normal) (G1 Evacuation Pause) 154M->4M(256M) 2.192ms
[2025-03-05T13:17:05.532+0300][87.943s][info ][gc] GC(219) Pause Young (Normal) (G1 Evacuation Pause) 155M->5M(256M) 3.550ms
[2025-03-05T13:17:05.919+0300][88.328s][info ][gc] GC(220) Pause Young (Normal) (G1 Evacuation Pause) 155M->3M(256M) 1.396ms
[2025-03-05T13:17:06.310+0300][88.720s][info ][gc] GC(221) Pause Young (Normal) (G1 Evacuation Pause) 155M->4M(256M) 2.528ms
[2025-03-05T13:17:06.695+0300][89.105s][info ][gc] GC(222) Pause Young (Normal) (G1 Evacuation Pause) 154M->2M(256M) 0.742ms
[2025-03-05T13:17:07.088+0300][89.498s][info ][gc] GC(223) Pause Young (Normal) (G1 Evacuation Pause) 154M->3M(256M) 2.052ms
[2025-03-05T13:17:07.487+0300][89.897s][info ][gc] GC(224) Pause Young (Normal) (G1 Evacuation Pause) 154M->5M(256M) 3.351ms
[2025-03-05T13:17:07.877+0300][90.287s][info ][gc] GC(225) Pause Young (Normal) (G1 Evacuation Pause) 155M->3M(256M) 1.404ms
[2025-03-05T13:17:08.270+0300][90.680s][info ][gc] GC(226) Pause Young (Normal) (G1 Evacuation Pause) 155M->4M(256M) 2.683ms
[2025-03-05T13:17:08.664+0300][91.074s][info ][gc] GC(227) Pause Young (Normal) (G1 Evacuation Pause) 155M->5M(256M) 3.731ms
[2025-03-05T13:17:09.048+0300][91.458s][info ][gc] GC(228) Pause Young (Normal) (G1 Evacuation Pause) 154M->3M(256M) 1.585ms
[2025-03-05T13:17:09.504+0300][91.913s][info ][gc] GC(229) Pause Young (Normal) (G1 Evacuation Pause) 154M->4M(256M) 3.044ms
[2025-03-05T13:17:09.898+0300][92.308s][info ][gc] GC(230) Pause Young (Normal) (G1 Evacuation Pause) 154M->2M(256M) 0.982ms
[2025-03-05T13:17:10.290+0300][92.700s][info ][gc] GC(231) Pause Young (Normal) (G1 Evacuation Pause) 154M->4M(256M) 2.169ms
[2025-03-05T13:17:10.690+0300][93.100s][info ][gc] GC(232) Pause Young (Normal) (G1 Evacuation Pause) 155M->5M(256M) 3.641ms
[2025-03-05T13:17:11.085+0300][93.495s][info ][gc] GC(233) Pause Young (Normal) (G1 Evacuation Pause) 155M->3M(256M) 1.284ms
[2025-03-05T13:17:11.483+0300][93.893s][info ][gc] GC(234) Pause Young (Normal) (G1 Evacuation Pause) 155M->4M(256M) 2.988ms
[2025-03-05T13:17:11.870+0300][94.280s][info ][gc] GC(235) Pause Young (Normal) (G1 Evacuation Pause) 154M->2M(256M) 0.903ms
[2025-03-05T13:17:12.268+0300][94.678s][info ][gc] GC(236) Pause Young (Normal) (G1 Evacuation Pause) 154M->3M(256M) 2.065ms
[2025-03-05T13:17:12.687+0300][95.097s][info ][gc] GC(237) Pause Young (Normal) (G1 Evacuation Pause) 154M->5M(256M) 3.509ms
[2025-03-05T13:17:13.097+0300][95.507s][info ][gc] GC(238) Pause Young (Normal) (G1 Evacuation Pause) 155M->3M(256M) 1.365ms
[2025-03-05T13:17:13.491+0300][95.901s][info ][gc] GC(239) Pause Young (Normal) (G1 Evacuation Pause) 155M->4M(256M) 2.950ms
[2025-03-05T13:17:13.885+0300][96.296s][info ][gc] GC(240) Pause Young (Normal) (G1 Evacuation Pause) 154M->5M(256M) 3.603ms
[2025-03-05T13:17:14.273+0300][96.683s][info ][gc] GC(241) Pause Young (Normal) (G1 Evacuation Pause) 154M->3M(256M) 1.799ms
[2025-03-05T13:17:14.675+0300][97.085s][info ][gc] GC(242) Pause Young (Normal) (G1 Evacuation Pause) 154M->4M(256M) 2.930ms
[2025-03-05T13:17:15.075+0300][97.486s][info ][gc] GC(243) Pause Young (Normal) (G1 Evacuation Pause) 154M->2M(256M) 1.031ms
[2025-03-05T13:17:15.467+0300][97.877s][info ][gc] GC(244) Pause Young (Normal) (G1 Evacuation Pause) 154M->4M(256M) 2.189ms
[2025-03-05T13:17:15.860+0300][98.270s][info ][gc] GC(245) Pause Young (Normal) (G1 Evacuation Pause) 155M->5M(256M) 3.503ms
[2025-03-05T13:17:16.249+0300][98.658s][info ][gc] GC(246) Pause Young (Normal) (G1 Evacuation Pause) 155M->3M(256M) 1.210ms
[2025-03-05T13:17:16.643+0300][99.053s][info ][gc] GC(247) Pause Young (Normal) (G1 Evacuation Pause) 155M->4M(256M) 2.825ms
[2025-03-05T13:17:17.029+0300][99.440s][info ][gc] GC(248) Pause Young (Normal) (G1 Evacuation Pause) 154M->2M(256M) 0.758ms
[2025-03-05T13:17:17.424+0300][99.834s][info ][gc] GC(249) Pause Young (Normal) (G1 Evacuation Pause) 154M->3M(256M) 2.127ms
[2025-03-05T13:17:17.816+0300][100.226s][info ][gc] GC(250) Pause Young (Normal) (G1 Evacuation Pause) 154M->5M(256M) 3.288ms
[2025-03-05T13:17:18.203+0300][100.613s][info ][gc] GC(251) Pause Young (Normal) (G1 Evacuation Pause) 155M->3M(256M) 1.341ms
[2025-03-05T13:17:18.599+0300][101.008s][info ][gc] GC(252) Pause Young (Normal) (G1 Evacuation Pause) 155M->4M(256M) 2.690ms
[2025-03-05T13:17:18.991+0300][101.401s][info ][gc] GC(253) Pause Young (Normal) (G1 Evacuation Pause) 154M->5M(256M) 3.792ms
[2025-03-05T13:17:19.381+0300][101.792s][info ][gc] GC(254) Pause Young (Normal) (G1 Evacuation Pause) 154M->3M(256M) 1.806ms
[2025-03-05T13:17:19.775+0300][102.184s][info ][gc] GC(255) Pause Young (Normal) (G1 Evacuation Pause) 154M->4M(256M) 2.993ms
[2025-03-05T13:17:20.162+0300][102.573s][info ][gc] GC(256) Pause Young (Normal) (G1 Evacuation Pause) 154M->2M(256M) 0.981ms
[2025-03-05T13:17:20.557+0300][102.967s][info ][gc] GC(257) Pause Young (Normal) (G1 Evacuation Pause) 154M->4M(256M) 2.044ms
[2025-03-05T13:17:20.947+0300][103.357s][info ][gc] GC(258) Pause Young (Normal) (G1 Evacuation Pause) 155M->5M(256M) 3.463ms
[2025-03-05T13:17:21.335+0300][103.744s][info ][gc] GC(259) Pause Young (Normal) (G1 Evacuation Pause) 155M->3M(256M) 1.465ms
[2025-03-05T13:17:21.730+0300][104.140s][info ][gc] GC(260) Pause Young (Normal) (G1 Evacuation Pause) 155M->4M(256M) 2.757ms
[2025-03-05T13:17:22.117+0300][104.527s][info ][gc] GC(261) Pause Young (Normal) (G1 Evacuation Pause) 154M->2M(256M) 0.839ms
[2025-03-05T13:17:22.509+0300][104.920s][info ][gc] GC(262) Pause Young (Normal) (G1 Evacuation Pause) 154M->3M(256M) 2.076ms
[2025-03-05T13:17:22.900+0300][105.310s][info ][gc] GC(263) Pause Young (Normal) (G1 Evacuation Pause) 154M->5M(256M) 3.302ms
[2025-03-05T13:17:23.287+0300][105.697s][info ][gc] GC(264) Pause Young (Normal) (G1 Evacuation Pause) 155M->3M(256M) 1.312ms
[2025-03-05T13:17:23.681+0300][106.090s][info ][gc] GC(265) Pause Young (Normal) (G1 Evacuation Pause) 155M->4M(256M) 2.658ms
[2025-03-05T13:17:24.073+0300][106.483s][info ][gc] GC(266) Pause Young (Normal) (G1 Evacuation Pause) 154M->5M(256M) 4.237ms
[2025-03-05T13:17:24.458+0300][106.868s][info ][gc] GC(267) Pause Young (Normal) (G1 Evacuation Pause) 154M->3M(256M) 1.720ms
[2025-03-05T13:17:24.849+0300][107.259s][info ][gc] GC(268) Pause Young (Normal) (G1 Evacuation Pause) 154M->4M(256M) 2.831ms
[2025-03-05T13:17:25.234+0300][107.644s][info ][gc] GC(269) Pause Young (Normal) (G1 Evacuation Pause) 154M->2M(256M) 0.999ms
[2025-03-05T13:17:25.630+0300][108.040s][info ][gc] GC(270) Pause Young (Normal) (G1 Evacuation Pause) 154M->3M(256M) 2.183ms
[2025-03-05T13:17:26.022+0300][108.433s][info ][gc] GC(271) Pause Young (Normal) (G1 Evacuation Pause) 154M->5M(256M) 3.736ms
[2025-03-05T13:17:26.410+0300][108.820s][info ][gc] GC(272) Pause Young (Normal) (G1 Evacuation Pause) 155M->3M(256M) 1.460ms
[2025-03-05T13:17:26.802+0300][109.212s][info ][gc] GC(273) Pause Young (Normal) (G1 Evacuation Pause) 155M->4M(256M) 2.742ms
[2025-03-05T13:17:27.189+0300][109.599s][info ][gc] GC(274) Pause Young (Normal) (G1 Evacuation Pause) 154M->2M(256M) 0.836ms
[2025-03-05T13:17:27.582+0300][109.992s][info ][gc] GC(275) Pause Young (Normal) (G1 Evacuation Pause) 154M->3M(256M) 2.724ms
[2025-03-05T13:17:27.974+0300][110.385s][info ][gc] GC(276) Pause Young (Normal) (G1 Evacuation Pause) 154M->5M(256M) 3.480ms
[2025-03-05T13:17:28.362+0300][110.773s][info ][gc] GC(277) Pause Young (Normal) (G1 Evacuation Pause) 155M->3M(256M) 1.313ms
[2025-03-05T13:17:28.757+0300][111.167s][info ][gc] GC(278) Pause Young (Normal) (G1 Evacuation Pause) 155M->4M(256M) 2.227ms
[2025-03-05T13:17:29.149+0300][111.559s][info ][gc] GC(279) Pause Young (Normal) (G1 Evacuation Pause) 154M->5M(256M) 3.507ms
[2025-03-05T13:17:29.533+0300][111.944s][info ][gc] GC(280) Pause Young (Normal) (G1 Evacuation Pause) 154M->3M(256M) 1.776ms
[2025-03-05T13:17:29.929+0300][112.339s][info ][gc] GC(281) Pause Young (Normal) (G1 Evacuation Pause) 154M->4M(256M) 2.787ms
[2025-03-05T13:17:30.318+0300][112.728s][info ][gc] GC(282) Pause Young (Normal) (G1 Evacuation Pause) 154M->2M(256M) 1.073ms
[2025-03-05T13:17:30.781+0300][113.191s][info ][gc] GC(283) Pause Young (Normal) (G1 Evacuation Pause) 154M->4M(256M) 2.218ms
[2025-03-05T13:17:31.173+0300][113.584s][info ][gc] GC(284) Pause Young (Normal) (G1 Evacuation Pause) 155M->5M(256M) 3.659ms
[2025-03-05T13:17:31.563+0300][113.973s][info ][gc] GC(285) Pause Young (Normal) (G1 Evacuation Pause) 155M->3M(256M) 1.365ms
[2025-03-05T13:17:31.956+0300][114.367s][info ][gc] GC(286) Pause Young (Normal) (G1 Evacuation Pause) 155M->4M(256M) 2.682ms
[2025-03-05T13:17:32.344+0300][114.755s][info ][gc] GC(287) Pause Young (Normal) (G1 Evacuation Pause) 154M->2M(256M) 0.494ms
[2025-03-05T13:17:32.734+0300][115.145s][info ][gc] GC(288) Pause Young (Normal) (G1 Evacuation Pause) 154M->3M(256M) 2.057ms
[2025-03-05T13:17:33.126+0300][115.535s][info ][gc] GC(289) Pause Young (Normal) (G1 Evacuation Pause) 154M->5M(256M) 3.232ms
[2025-03-05T13:17:33.511+0300][115.921s][info ][gc] GC(290) Pause Young (Normal) (G1 Evacuation Pause) 155M->3M(256M) 1.254ms
[2025-03-05T13:17:33.907+0300][116.318s][info ][gc] GC(291) Pause Young (Normal) (G1 Evacuation Pause) 155M->4M(256M) 2.718ms
[2025-03-05T13:17:34.300+0300][116.710s][info ][gc] GC(292) Pause Young (Normal) (G1 Evacuation Pause) 155M->5M(256M) 3.615ms
[2025-03-05T13:17:34.684+0300][117.095s][info ][gc] GC(293) Pause Young (Normal) (G1 Evacuation Pause) 154M->3M(256M) 1.875ms
[2025-03-05T13:17:35.078+0300][117.489s][info ][gc] GC(294) Pause Young (Normal) (G1 Evacuation Pause) 154M->4M(256M) 2.699ms
[2025-03-05T13:17:35.468+0300][117.878s][info ][gc] GC(295) Pause Young (Normal) (G1 Evacuation Pause) 154M->2M(256M) 1.063ms
[2025-03-05T13:17:35.860+0300][118.270s][info ][gc] GC(296) Pause Young (Normal) (G1 Evacuation Pause) 154M->4M(256M) 2.025ms
[2025-03-05T13:17:36.254+0300][118.663s][info ][gc] GC(297) Pause Young (Normal) (G1 Evacuation Pause) 155M->5M(256M) 3.351ms
[2025-03-05T13:17:36.639+0300][119.049s][info ][gc] GC(298) Pause Young (Normal) (G1 Evacuation Pause) 155M->3M(256M) 1.150ms
[2025-03-05T13:17:37.034+0300][119.445s][info ][gc] GC(299) Pause Young (Normal) (G1 Evacuation Pause) 155M->4M(256M) 2.956ms
[2025-03-05T13:17:37.421+0300][119.831s][info ][gc] GC(300) Pause Young (Normal) (G1 Evacuation Pause) 154M->2M(256M) 0.880ms
[2025-03-05T13:17:37.820+0300][120.231s][info ][gc] GC(301) Pause Young (Normal) (G1 Evacuation Pause) 154M->3M(256M) 2.277ms
[2025-03-05T13:17:38.210+0300][120.619s][info ][gc] GC(302) Pause Young (Normal) (G1 Evacuation Pause) 154M->5M(256M) 3.226ms
[2025-03-05T13:17:38.599+0300][121.009s][info ][gc] GC(303) Pause Young (Normal) (G1 Evacuation Pause) 155M->3M(256M) 1.337ms
[2025-03-05T13:17:38.990+0300][121.400s][info ][gc] GC(304) Pause Young (Normal) (G1 Evacuation Pause) 155M->4M(256M) 2.631ms
[2025-03-05T13:17:39.387+0300][121.797s][info ][gc] GC(305) Pause Young (Normal) (G1 Evacuation Pause) 155M->5M(256M) 3.744ms
[2025-03-05T13:17:39.775+0300][122.185s][info ][gc] GC(306) Pause Young (Normal) (G1 Evacuation Pause) 154M->3M(256M) 1.888ms
[2025-03-05T13:17:40.171+0300][122.582s][info ][gc] GC(307) Pause Young (Normal) (G1 Evacuation Pause) 154M->5M(256M) 3.322ms
[2025-03-05T13:17:40.569+0300][122.979s][info ][gc] GC(308) Pause Young (Normal) (G1 Evacuation Pause) 155M->2M(256M) 1.063ms
[2025-03-05T13:17:40.973+0300][123.383s][info ][gc] GC(309) Pause Young (Normal) (G1 Evacuation Pause) 154M->4M(256M) 2.603ms
[2025-03-05T13:17:41.375+0300][123.785s][info ][gc] GC(310) Pause Young (Normal) (G1 Evacuation Pause) 155M->5M(256M) 3.569ms
[2025-03-05T13:17:41.778+0300][124.187s][info ][gc] GC(311) Pause Young (Normal) (G1 Evacuation Pause) 155M->3M(256M) 1.359ms
[2025-03-05T13:17:42.178+0300][124.588s][info ][gc] GC(312) Pause Young (Normal) (G1 Evacuation Pause) 155M->4M(256M) 2.585ms
[2025-03-05T13:17:42.574+0300][124.984s][info ][gc] GC(313) Pause Young (Normal) (G1 Evacuation Pause) 154M->2M(256M) 0.839ms
[2025-03-05T13:17:42.986+0300][125.397s][info ][gc] GC(314) Pause Young (Normal) (G1 Evacuation Pause) 154M->3M(256M) 2.174ms
[2025-03-05T13:17:43.387+0300][125.797s][info ][gc] GC(315) Pause Young (Normal) (G1 Evacuation Pause) 154M->5M(256M) 3.455ms
[2025-03-05T13:17:43.782+0300][126.193s][info ][gc] GC(316) Pause Young (Normal) (G1 Evacuation Pause) 155M->3M(256M) 1.176ms
[2025-03-05T13:17:44.183+0300][126.593s][info ][gc] GC(317) Pause Young (Normal) (G1 Evacuation Pause) 155M->4M(256M) 2.924ms
[2025-03-05T13:17:44.575+0300][126.984s][info ][gc] GC(318) Pause Young (Normal) (G1 Evacuation Pause) 154M->5M(256M) 3.938ms
[2025-03-05T13:17:44.957+0300][127.368s][info ][gc] GC(319) Pause Young (Normal) (G1 Evacuation Pause) 154M->3M(256M) 1.451ms
[2025-03-05T13:17:45.353+0300][127.763s][info ][gc] GC(320) Pause Young (Normal) (G1 Evacuation Pause) 154M->4M(256M) 2.981ms
[2025-03-05T13:17:45.745+0300][128.156s][info ][gc] GC(321) Pause Young (Normal) (G1 Evacuation Pause) 154M->2M(256M) 0.795ms
[2025-03-05T13:17:46.141+0300][128.552s][info ][gc] GC(322) Pause Young (Normal) (G1 Evacuation Pause) 154M->4M(256M) 2.384ms
[2025-03-05T13:17:46.537+0300][128.947s][info ][gc] GC(323) Pause Young (Normal) (G1 Evacuation Pause) 155M->5M(256M) 3.428ms
[2025-03-05T13:17:46.927+0300][129.337s][info ][gc] GC(324) Pause Young (Normal) (G1 Evacuation Pause) 155M->3M(256M) 1.385ms
[2025-03-05T13:17:47.323+0300][129.733s][info ][gc] GC(325) Pause Young (Normal) (G1 Evacuation Pause) 155M->4M(256M) 2.723ms
[2025-03-05T13:17:47.711+0300][130.121s][info ][gc] GC(326) Pause Young (Normal) (G1 Evacuation Pause) 154M->2M(256M) 0.707ms
[2025-03-05T13:17:48.106+0300][130.516s][info ][gc] GC(327) Pause Young (Normal) (G1 Evacuation Pause) 154M->3M(256M) 2.333ms
[2025-03-05T13:17:48.499+0300][130.908s][info ][gc] GC(328) Pause Young (Normal) (G1 Evacuation Pause) 154M->5M(256M) 3.211ms
[2025-03-05T13:17:48.890+0300][131.300s][info ][gc] GC(329) Pause Young (Normal) (G1 Evacuation Pause) 155M->3M(256M) 1.423ms
[2025-03-05T13:17:49.299+0300][131.709s][info ][gc] GC(330) Pause Young (Normal) (G1 Evacuation Pause) 155M->4M(256M) 2.764ms
[2025-03-05T13:17:49.708+0300][132.118s][info ][gc] GC(331) Pause Young (Normal) (G1 Evacuation Pause) 154M->5M(256M) 4.237ms
[2025-03-05T13:17:50.158+0300][132.567s][info ][gc] GC(332) Pause Young (Normal) (G1 Evacuation Pause) 154M->3M(256M) 1.561ms
[2025-03-05T13:17:50.547+0300][132.958s][info ][gc] GC(333) Pause Young (Normal) (G1 Evacuation Pause) 154M->4M(256M) 2.712ms
[2025-03-05T13:17:50.935+0300][133.345s][info ][gc] GC(334) Pause Young (Normal) (G1 Evacuation Pause) 154M->2M(256M) 1.132ms
[2025-03-05T13:17:51.327+0300][133.737s][info ][gc] GC(335) Pause Young (Normal) (G1 Evacuation Pause) 154M->4M(256M) 2.175ms
[2025-03-05T13:17:51.721+0300][134.131s][info ][gc] GC(336) Pause Young (Normal) (G1 Evacuation Pause) 155M->5M(256M) 3.586ms
[2025-03-05T13:17:52.105+0300][134.515s][info ][gc] GC(337) Pause Young (Normal) (G1 Evacuation Pause) 154M->3M(256M) 1.283ms
[2025-03-05T13:17:52.499+0300][134.909s][info ][gc] GC(338) Pause Young (Normal) (G1 Evacuation Pause) 155M->4M(256M) 2.456ms
[2025-03-05T13:17:52.893+0300][135.303s][info ][gc] GC(339) Pause Young (Normal) (G1 Evacuation Pause) 154M->5M(256M) 3.816ms
[2025-03-05T13:17:53.279+0300][135.690s][info ][gc] GC(340) Pause Young (Normal) (G1 Evacuation Pause) 154M->3M(256M) 1.552ms
[2025-03-05T13:17:53.671+0300][136.081s][info ][gc] GC(341) Pause Young (Normal) (G1 Evacuation Pause) 154M->4M(256M) 3.050ms
[2025-03-05T13:17:54.060+0300][136.469s][info ][gc] GC(342) Pause Young (Normal) (G1 Evacuation Pause) 154M->2M(256M) 1.133ms
[2025-03-05T13:17:54.450+0300][136.861s][info ][gc] GC(343) Pause Young (Normal) (G1 Evacuation Pause) 154M->4M(256M) 2.450ms
[2025-03-05T13:17:54.847+0300][137.257s][info ][gc] GC(344) Pause Young (Normal) (G1 Evacuation Pause) 155M->5M(256M) 3.462ms
[2025-03-05T13:17:55.234+0300][137.644s][info ][gc] GC(345) Pause Young (Normal) (G1 Evacuation Pause) 155M->3M(256M) 1.402ms
[2025-03-05T13:17:55.627+0300][138.037s][info ][gc] GC(346) Pause Young (Normal) (G1 Evacuation Pause) 155M->4M(256M) 2.780ms
[2025-03-05T13:17:56.018+0300][138.428s][info ][gc] GC(347) Pause Young (Normal) (G1 Evacuation Pause) 154M->2M(256M) 0.986ms
[2025-03-05T13:17:56.411+0300][138.821s][info ][gc] GC(348) Pause Young (Normal) (G1 Evacuation Pause) 154M->3M(256M) 2.085ms
[2025-03-05T13:17:56.804+0300][139.214s][info ][gc] GC(349) Pause Young (Normal) (G1 Evacuation Pause) 154M->5M(256M) 3.563ms
[2025-03-05T13:17:57.191+0300][139.601s][info ][gc] GC(350) Pause Young (Normal) (G1 Evacuation Pause) 155M->3M(256M) 1.264ms
[2025-03-05T13:17:57.590+0300][140.000s][info ][gc] GC(351) Pause Young (Normal) (G1 Evacuation Pause) 155M->4M(256M) 2.633ms
[2025-03-05T13:17:57.980+0300][140.389s][info ][gc] GC(352) Pause Young (Normal) (G1 Evacuation Pause) 154M->5M(256M) 3.554ms
[2025-03-05T13:17:58.365+0300][140.776s][info ][gc] GC(353) Pause Young (Normal) (G1 Evacuation Pause) 154M->3M(256M) 1.825ms
[2025-03-05T13:17:58.759+0300][141.169s][info ][gc] GC(354) Pause Young (Normal) (G1 Evacuation Pause) 154M->4M(256M) 2.912ms
[2025-03-05T13:17:59.146+0300][141.556s][info ][gc] GC(355) Pause Young (Normal) (G1 Evacuation Pause) 154M->2M(256M) 0.992ms
[2025-03-05T13:17:59.538+0300][141.948s][info ][gc] GC(356) Pause Young (Normal) (G1 Evacuation Pause) 154M->4M(256M) 2.400ms
[2025-03-05T13:17:59.932+0300][142.342s][info ][gc] GC(357) Pause Young (Normal) (G1 Evacuation Pause) 155M->5M(256M) 3.635ms
[2025-03-05T13:18:00.327+0300][142.736s][info ][gc] GC(358) Pause Young (Normal) (G1 Evacuation Pause) 155M->3M(256M) 1.365ms
[2025-03-05T13:18:00.720+0300][143.130s][info ][gc] GC(359) Pause Young (Normal) (G1 Evacuation Pause) 155M->4M(256M) 2.814ms
[2025-03-05T13:18:01.106+0300][143.516s][info ][gc] GC(360) Pause Young (Normal) (G1 Evacuation Pause) 154M->2M(256M) 0.755ms
[2025-03-05T13:18:01.499+0300][143.910s][info ][gc] GC(361) Pause Young (Normal) (G1 Evacuation Pause) 154M->3M(256M) 2.369ms
[2025-03-05T13:18:01.891+0300][144.302s][info ][gc] GC(362) Pause Young (Normal) (G1 Evacuation Pause) 154M->5M(256M) 3.235ms
[2025-03-05T13:18:02.280+0300][144.690s][info ][gc] GC(363) Pause Young (Normal) (G1 Evacuation Pause) 155M->3M(256M) 1.395ms
[2025-03-05T13:18:02.674+0300][145.084s][info ][gc] GC(364) Pause Young (Normal) (G1 Evacuation Pause) 155M->4M(256M) 2.764ms
[2025-03-05T13:18:03.065+0300][145.474s][info ][gc] GC(365) Pause Young (Normal) (G1 Evacuation Pause) 154M->5M(256M) 3.678ms
[2025-03-05T13:18:03.450+0300][145.861s][info ][gc] GC(366) Pause Young (Normal) (G1 Evacuation Pause) 154M->3M(256M) 1.916ms
[2025-03-05T13:18:03.841+0300][146.252s][info ][gc] GC(367) Pause Young (Normal) (G1 Evacuation Pause) 154M->4M(256M) 2.940ms
[2025-03-05T13:18:04.229+0300][146.639s][info ][gc] GC(368) Pause Young (Normal) (G1 Evacuation Pause) 154M->2M(256M) 0.856ms
[2025-03-05T13:18:04.625+0300][147.035s][info ][gc] GC(369) Pause Young (Normal) (G1 Evacuation Pause) 154M->4M(256M) 2.230ms
[2025-03-05T13:18:05.016+0300][147.426s][info ][gc] GC(370) Pause Young (Normal) (G1 Evacuation Pause) 155M->5M(256M) 3.554ms
[2025-03-05T13:18:05.402+0300][147.813s][info ][gc] GC(371) Pause Young (Normal) (G1 Evacuation Pause) 155M->3M(256M) 1.372ms
[2025-03-05T13:18:05.798+0300][148.208s][info ][gc] GC(372) Pause Young (Normal) (G1 Evacuation Pause) 155M->4M(256M) 2.775ms
[2025-03-05T13:18:06.185+0300][148.595s][info ][gc] GC(373) Pause Young (Normal) (G1 Evacuation Pause) 154M->2M(256M) 0.655ms
[2025-03-05T13:18:06.577+0300][148.986s][info ][gc] GC(374) Pause Young (Normal) (G1 Evacuation Pause) 154M->3M(256M) 1.961ms
[2025-03-05T13:18:06.969+0300][149.379s][info ][gc] GC(375) Pause Young (Normal) (G1 Evacuation Pause) 154M->5M(256M) 3.601ms
[2025-03-05T13:18:07.361+0300][149.771s][info ][gc] GC(376) Pause Young (Normal) (G1 Evacuation Pause) 155M->3M(256M) 1.150ms
[2025-03-05T13:18:07.756+0300][150.166s][info ][gc] GC(377) Pause Young (Normal) (G1 Evacuation Pause) 155M->4M(256M) 2.687ms
[2025-03-05T13:18:08.146+0300][150.556s][info ][gc] GC(378) Pause Young (Normal) (G1 Evacuation Pause) 155M->5M(256M) 3.811ms
[2025-03-05T13:18:08.530+0300][150.941s][info ][gc] GC(379) Pause Young (Normal) (G1 Evacuation Pause) 154M->3M(256M) 1.988ms
[2025-03-05T13:18:08.920+0300][151.330s][info ][gc] GC(380) Pause Young (Normal) (G1 Evacuation Pause) 154M->4M(256M) 3.158ms
[2025-03-05T13:18:09.306+0300][151.715s][info ][gc] GC(381) Pause Young (Normal) (G1 Evacuation Pause) 154M->2M(256M) 0.972ms
[2025-03-05T13:18:09.698+0300][152.109s][info ][gc] GC(382) Pause Young (Normal) (G1 Evacuation Pause) 154M->4M(256M) 2.254ms
[2025-03-05T13:18:10.090+0300][152.501s][info ][gc] GC(383) Pause Young (Normal) (G1 Evacuation Pause) 155M->5M(256M) 3.517ms
[2025-03-05T13:18:10.478+0300][152.887s][info ][gc] GC(384) Pause Young (Normal) (G1 Evacuation Pause) 155M->3M(256M) 1.320ms
[2025-03-05T13:18:10.871+0300][153.281s][info ][gc] GC(385) Pause Young (Normal) (G1 Evacuation Pause) 155M->4M(256M) 3.162ms
[2025-03-05T13:18:11.257+0300][153.667s][info ][gc] GC(386) Pause Young (Normal) (G1 Evacuation Pause) 154M->2M(256M) 0.917ms
[2025-03-05T13:18:11.653+0300][154.063s][info ][gc] GC(387) Pause Young (Normal) (G1 Evacuation Pause) 154M->3M(256M) 2.196ms
[2025-03-05T13:18:12.052+0300][154.462s][info ][gc] GC(388) Pause Young (Normal) (G1 Evacuation Pause) 154M->5M(256M) 3.600ms
[2025-03-05T13:18:12.437+0300][154.847s][info ][gc] GC(389) Pause Young (Normal) (G1 Evacuation Pause) 155M->3M(256M) 1.407ms
[2025-03-05T13:18:12.835+0300][155.245s][info ][gc] GC(390) Pause Young (Normal) (G1 Evacuation Pause) 155M->4M(256M) 2.823ms
[2025-03-05T13:18:13.228+0300][155.638s][info ][gc] GC(391) Pause Young (Normal) (G1 Evacuation Pause) 154M->5M(256M) 3.726ms
[2025-03-05T13:18:13.615+0300][156.025s][info ][gc] GC(392) Pause Young (Normal) (G1 Evacuation Pause) 154M->3M(256M) 1.900ms
[2025-03-05T13:18:14.006+0300][156.417s][info ][gc] GC(393) Pause Young (Normal) (G1 Evacuation Pause) 154M->4M(256M) 3.171ms
[2025-03-05T13:18:14.395+0300][156.805s][info ][gc] GC(394) Pause Young (Normal) (G1 Evacuation Pause) 154M->2M(256M) 0.983ms
[2025-03-05T13:18:14.860+0300][157.270s][info ][gc] GC(395) Pause Young (Normal) (G1 Evacuation Pause) 154M->4M(256M) 2.149ms
[2025-03-05T13:18:15.253+0300][157.664s][info ][gc] GC(396) Pause Young (Normal) (G1 Evacuation Pause) 155M->5M(256M) 3.365ms
[2025-03-05T13:18:15.645+0300][158.055s][info ][gc] GC(397) Pause Young (Normal) (G1 Evacuation Pause) 155M->3M(256M) 1.458ms
[2025-03-05T13:18:16.041+0300][158.451s][info ][gc] GC(398) Pause Young (Normal) (G1 Evacuation Pause) 155M->4M(256M) 3.366ms
[2025-03-05T13:18:16.426+0300][158.836s][info ][gc] GC(399) Pause Young (Normal) (G1 Evacuation Pause) 154M->2M(256M) 0.933ms
[2025-03-05T13:18:16.818+0300][159.228s][info ][gc] GC(400) Pause Young (Normal) (G1 Evacuation Pause) 154M->3M(256M) 2.077ms
[2025-03-05T13:18:17.211+0300][159.621s][info ][gc] GC(401) Pause Young (Normal) (G1 Evacuation Pause) 154M->5M(256M) 3.387ms
[2025-03-05T13:18:17.600+0300][160.010s][info ][gc] GC(402) Pause Young (Normal) (G1 Evacuation Pause) 155M->3M(256M) 1.333ms
[2025-03-05T13:18:17.992+0300][160.402s][info ][gc] GC(403) Pause Young (Normal) (G1 Evacuation Pause) 155M->4M(256M) 2.593ms
[2025-03-05T13:18:18.381+0300][160.792s][info ][gc] GC(404) Pause Young (Normal) (G1 Evacuation Pause) 154M->5M(256M) 3.819ms
[2025-03-05T13:18:18.771+0300][161.181s][info ][gc] GC(405) Pause Young (Normal) (G1 Evacuation Pause) 154M->3M(256M) 1.935ms
[2025-03-05T13:18:19.163+0300][161.573s][info ][gc] GC(406) Pause Young (Normal) (G1 Evacuation Pause) 154M->4M(256M) 2.897ms
[2025-03-05T13:18:19.552+0300][161.962s][info ][gc] GC(407) Pause Young (Normal) (G1 Evacuation Pause) 154M->2M(256M) 1.133ms
[2025-03-05T13:18:19.946+0300][162.357s][info ][gc] GC(408) Pause Young (Normal) (G1 Evacuation Pause) 154M->4M(256M) 2.205ms
[2025-03-05T13:18:20.346+0300][162.755s][info ][gc] GC(409) Pause Young (Normal) (G1 Evacuation Pause) 155M->5M(256M) 3.510ms
[2025-03-05T13:18:20.732+0300][163.142s][info ][gc] GC(410) Pause Young (Normal) (G1 Evacuation Pause) 155M->3M(256M) 1.504ms
[2025-03-05T13:18:21.129+0300][163.539s][info ][gc] GC(411) Pause Young (Normal) (G1 Evacuation Pause) 155M->4M(256M) 2.829ms
[2025-03-05T13:18:21.530+0300][163.940s][info ][gc] GC(412) Pause Young (Normal) (G1 Evacuation Pause) 154M->2M(256M) 0.893ms
[2025-03-05T13:18:21.923+0300][164.333s][info ][gc] GC(413) Pause Young (Normal) (G1 Evacuation Pause) 154M->3M(256M) 2.107ms
[2025-03-05T13:18:22.313+0300][164.724s][info ][gc] GC(414) Pause Young (Normal) (G1 Evacuation Pause) 154M->5M(256M) 3.160ms
[2025-03-05T13:18:22.703+0300][165.114s][info ][gc] GC(415) Pause Young (Normal) (G1 Evacuation Pause) 155M->3M(256M) 1.423ms
[2025-03-05T13:18:23.097+0300][165.507s][info ][gc] GC(416) Pause Young (Normal) (G1 Evacuation Pause) 155M->4M(256M) 2.593ms
[2025-03-05T13:18:23.489+0300][165.899s][info ][gc] GC(417) Pause Young (Normal) (G1 Evacuation Pause) 154M->5M(256M) 3.841ms
[2025-03-05T13:18:23.873+0300][166.284s][info ][gc] GC(418) Pause Young (Normal) (G1 Evacuation Pause) 154M->3M(256M) 1.627ms
[2025-03-05T13:18:24.267+0300][166.677s][info ][gc] GC(419) Pause Young (Normal) (G1 Evacuation Pause) 154M->4M(256M) 2.799ms
[2025-03-05T13:18:24.653+0300][167.063s][info ][gc] GC(420) Pause Young (Normal) (G1 Evacuation Pause) 154M->2M(256M) 0.939ms
[2025-03-05T13:18:25.044+0300][167.455s][info ][gc] GC(421) Pause Young (Normal) (G1 Evacuation Pause) 154M->4M(256M) 2.241ms
[2025-03-05T13:18:25.436+0300][167.846s][info ][gc] GC(422) Pause Young (Normal) (G1 Evacuation Pause) 155M->5M(256M) 3.423ms
[2025-03-05T13:18:25.825+0300][168.234s][info ][gc] GC(423) Pause Young (Normal) (G1 Evacuation Pause) 155M->3M(256M) 1.568ms
[2025-03-05T13:18:26.218+0300][168.628s][info ][gc] GC(424) Pause Young (Normal) (G1 Evacuation Pause) 155M->4M(256M) 2.773ms
[2025-03-05T13:18:26.607+0300][169.017s][info ][gc] GC(425) Pause Young (Normal) (G1 Evacuation Pause) 154M->2M(256M) 0.671ms
[2025-03-05T13:18:26.999+0300][169.409s][info ][gc] GC(426) Pause Young (Normal) (G1 Evacuation Pause) 154M->3M(256M) 2.035ms
[2025-03-05T13:18:27.391+0300][169.802s][info ][gc] GC(427) Pause Young (Normal) (G1 Evacuation Pause) 154M->5M(256M) 3.463ms
[2025-03-05T13:18:27.777+0300][170.187s][info ][gc] GC(428) Pause Young (Normal) (G1 Evacuation Pause) 155M->3M(256M) 1.157ms
[2025-03-05T13:18:28.170+0300][170.580s][info ][gc] GC(429) Pause Young (Normal) (G1 Evacuation Pause) 155M->4M(256M) 2.627ms
[2025-03-05T13:18:28.559+0300][170.969s][info ][gc] GC(430) Pause Young (Normal) (G1 Evacuation Pause) 154M->5M(256M) 3.602ms
[2025-03-05T13:18:28.944+0300][171.354s][info ][gc] GC(431) Pause Young (Normal) (G1 Evacuation Pause) 154M->3M(256M) 1.636ms
[2025-03-05T13:18:29.340+0300][171.751s][info ][gc] GC(432) Pause Young (Normal) (G1 Evacuation Pause) 154M->4M(256M) 2.842ms
[2025-03-05T13:18:29.727+0300][172.138s][info ][gc] GC(433) Pause Young (Normal) (G1 Evacuation Pause) 154M->2M(256M) 0.841ms
[2025-03-05T13:18:30.122+0300][172.532s][info ][gc] GC(434) Pause Young (Normal) (G1 Evacuation Pause) 154M->4M(256M) 2.182ms
[2025-03-05T13:18:30.515+0300][172.925s][info ][gc] GC(435) Pause Young (Normal) (G1 Evacuation Pause) 155M->5M(256M) 3.485ms
[2025-03-05T13:18:30.903+0300][173.313s][info ][gc] GC(436) Pause Young (Normal) (G1 Evacuation Pause) 155M->3M(256M) 1.423ms
[2025-03-05T13:18:31.299+0300][173.708s][info ][gc] GC(437) Pause Young (Normal) (G1 Evacuation Pause) 155M->4M(256M) 2.670ms
[2025-03-05T13:18:31.686+0300][174.096s][info ][gc] GC(438) Pause Young (Normal) (G1 Evacuation Pause) 154M->2M(256M) 0.853ms
[2025-03-05T13:18:32.082+0300][174.492s][info ][gc] GC(439) Pause Young (Normal) (G1 Evacuation Pause) 154M->3M(256M) 2.100ms
[2025-03-05T13:18:32.472+0300][174.882s][info ][gc] GC(440) Pause Young (Normal) (G1 Evacuation Pause) 154M->5M(256M) 3.781ms
[2025-03-05T13:18:32.921+0300][175.331s][info ][gc] GC(441) Pause Young (Normal) (G1 Evacuation Pause) 155M->3M(256M) 1.285ms
[2025-03-05T13:18:33.315+0300][175.725s][info ][gc] GC(442) Pause Young (Normal) (G1 Evacuation Pause) 155M->4M(256M) 2.437ms
[2025-03-05T13:18:33.709+0300][176.119s][info ][gc] GC(443) Pause Young (Normal) (G1 Evacuation Pause) 155M->5M(256M) 4.043ms
[2025-03-05T13:18:34.095+0300][176.505s][info ][gc] GC(444) Pause Young (Normal) (G1 Evacuation Pause) 154M->3M(256M) 1.879ms
[2025-03-05T13:18:34.490+0300][176.899s][info ][gc] GC(445) Pause Young (Normal) (G1 Evacuation Pause) 154M->4M(256M) 2.979ms
[2025-03-05T13:18:34.875+0300][177.285s][info ][gc] GC(446) Pause Young (Normal) (G1 Evacuation Pause) 154M->2M(256M) 1.033ms
[2025-03-05T13:18:35.274+0300][177.684s][info ][gc] GC(447) Pause Young (Normal) (G1 Evacuation Pause) 154M->4M(256M) 2.171ms
[2025-03-05T13:18:35.671+0300][178.081s][info ][gc] GC(448) Pause Young (Normal) (G1 Evacuation Pause) 155M->5M(256M) 3.749ms
[2025-03-05T13:18:36.058+0300][178.468s][info ][gc] GC(449) Pause Young (Normal) (G1 Evacuation Pause) 155M->3M(256M) 1.593ms
[2025-03-05T13:18:36.449+0300][178.859s][info ][gc] GC(450) Pause Young (Normal) (G1 Evacuation Pause) 155M->4M(256M) 2.714ms
[2025-03-05T13:18:36.835+0300][179.244s][info ][gc] GC(451) Pause Young (Normal) (G1 Evacuation Pause) 154M->2M(256M) 1.073ms
[2025-03-05T13:18:37.227+0300][179.637s][info ][gc] GC(452) Pause Young (Normal) (G1 Evacuation Pause) 154M->3M(256M) 2.217ms
[2025-03-05T13:18:37.621+0300][180.031s][info ][gc] GC(453) Pause Young (Normal) (G1 Evacuation Pause) 154M->5M(256M) 3.540ms
[2025-03-05T13:18:38.009+0300][180.419s][info ][gc] GC(454) Pause Young (Normal) (G1 Evacuation Pause) 155M->3M(256M) 1.361ms
[2025-03-05T13:18:38.401+0300][180.811s][info ][gc] GC(455) Pause Young (Normal) (G1 Evacuation Pause) 155M->4M(256M) 2.798ms
[2025-03-05T13:18:38.789+0300][181.200s][info ][gc] GC(456) Pause Young (Normal) (G1 Evacuation Pause) 154M->5M(256M) 3.658ms
[2025-03-05T13:18:39.176+0300][181.585s][info ][gc] GC(457) Pause Young (Normal) (G1 Evacuation Pause) 154M->3M(256M) 1.689ms
[2025-03-05T13:18:39.566+0300][181.976s][info ][gc] GC(458) Pause Young (Normal) (G1 Evacuation Pause) 154M->4M(256M) 3.124ms
[2025-03-05T13:18:39.953+0300][182.363s][info ][gc] GC(459) Pause Young (Normal) (G1 Evacuation Pause) 154M->2M(256M) 1.137ms
[2025-03-05T13:18:40.346+0300][182.756s][info ][gc] GC(460) Pause Young (Normal) (G1 Evacuation Pause) 154M->4M(256M) 1.773ms
[2025-03-05T13:18:40.737+0300][183.147s][info ][gc] GC(461) Pause Young (Normal) (G1 Evacuation Pause) 155M->5M(256M) 3.260ms
[2025-03-05T13:18:41.125+0300][183.535s][info ][gc] GC(462) Pause Young (Normal) (G1 Evacuation Pause) 155M->3M(256M) 1.339ms
[2025-03-05T13:18:41.522+0300][183.932s][info ][gc] GC(463) Pause Young (Normal) (G1 Evacuation Pause) 155M->4M(256M) 2.664ms
[2025-03-05T13:18:41.907+0300][184.317s][info ][gc] GC(464) Pause Young (Normal) (G1 Evacuation Pause) 154M->2M(256M) 0.563ms
[2025-03-05T13:18:42.302+0300][184.712s][info ][gc] GC(465) Pause Young (Normal) (G1 Evacuation Pause) 154M->3M(256M) 2.064ms
[2025-03-05T13:18:42.700+0300][185.110s][info ][gc] GC(466) Pause Young (Normal) (G1 Evacuation Pause) 154M->5M(256M) 3.474ms
[2025-03-05T13:18:43.087+0300][185.497s][info ][gc] GC(467) Pause Young (Normal) (G1 Evacuation Pause) 155M->3M(256M) 1.384ms
[2025-03-05T13:18:43.485+0300][185.896s][info ][gc] GC(468) Pause Young (Normal) (G1 Evacuation Pause) 155M->4M(256M) 2.633ms
[2025-03-05T13:18:43.877+0300][186.287s][info ][gc] GC(469) Pause Young (Normal) (G1 Evacuation Pause) 154M->5M(256M) 3.518ms
[2025-03-05T13:18:44.263+0300][186.673s][info ][gc] GC(470) Pause Young (Normal) (G1 Evacuation Pause) 154M->3M(256M) 1.853ms
[2025-03-05T13:18:44.655+0300][187.066s][info ][gc] GC(471) Pause Young (Normal) (G1 Evacuation Pause) 154M->4M(256M) 2.843ms
[2025-03-05T13:18:45.042+0300][187.452s][info ][gc] GC(472) Pause Young (Normal) (G1 Evacuation Pause) 154M->2M(256M) 0.933ms
[2025-03-05T13:18:45.439+0300][187.849s][info ][gc] GC(473) Pause Young (Normal) (G1 Evacuation Pause) 154M->4M(256M) 2.701ms
[2025-03-05T13:18:45.830+0300][188.240s][info ][gc] GC(474) Pause Young (Normal) (G1 Evacuation Pause) 155M->5M(256M) 3.371ms
[2025-03-05T13:18:46.219+0300][188.630s][info ][gc] GC(475) Pause Young (Normal) (G1 Evacuation Pause) 155M->3M(256M) 1.532ms
[2025-03-05T13:18:46.613+0300][189.023s][info ][gc] GC(476) Pause Young (Normal) (G1 Evacuation Pause) 155M->4M(256M) 2.550ms
[2025-03-05T13:18:47.001+0300][189.410s][info ][gc] GC(477) Pause Young (Normal) (G1 Evacuation Pause) 154M->2M(256M) 0.819ms
[2025-03-05T13:18:47.392+0300][189.802s][info ][gc] GC(478) Pause Young (Normal) (G1 Evacuation Pause) 154M->3M(256M) 2.029ms
[2025-03-05T13:18:47.784+0300][190.194s][info ][gc] GC(479) Pause Young (Normal) (G1 Evacuation Pause) 154M->5M(256M) 3.269ms
[2025-03-05T13:18:48.175+0300][190.585s][info ][gc] GC(480) Pause Young (Normal) (G1 Evacuation Pause) 155M->3M(256M) 1.217ms
[2025-03-05T13:18:48.569+0300][190.979s][info ][gc] GC(481) Pause Young (Normal) (G1 Evacuation Pause) 155M->4M(256M) 2.550ms
[2025-03-05T13:18:48.960+0300][191.371s][info ][gc] GC(482) Pause Young (Normal) (G1 Evacuation Pause) 155M->5M(256M) 3.820ms
[2025-03-05T13:18:49.350+0300][191.761s][info ][gc] GC(483) Pause Young (Normal) (G1 Evacuation Pause) 154M->3M(256M) 1.847ms
[2025-03-05T13:18:49.746+0300][192.156s][info ][gc] GC(484) Pause Young (Normal) (G1 Evacuation Pause) 154M->5M(256M) 2.711ms
[2025-03-05T13:18:50.133+0300][192.543s][info ][gc] GC(485) Pause Young (Normal) (G1 Evacuation Pause) 155M->2M(256M) 1.105ms
[2025-03-05T13:18:50.523+0300][192.934s][info ][gc] GC(486) Pause Young (Normal) (G1 Evacuation Pause) 154M->4M(256M) 2.053ms
[2025-03-05T13:18:50.917+0300][193.327s][info ][gc] GC(487) Pause Young (Normal) (G1 Evacuation Pause) 155M->5M(256M) 3.960ms
[2025-03-05T13:18:51.321+0300][193.731s][info ][gc] GC(488) Pause Young (Normal) (G1 Evacuation Pause) 155M->3M(256M) 1.557ms
[2025-03-05T13:18:51.730+0300][194.140s][info ][gc] GC(489) Pause Young (Normal) (G1 Evacuation Pause) 155M->4M(256M) 2.810ms
[2025-03-05T13:18:52.118+0300][194.528s][info ][gc] GC(490) Pause Young (Normal) (G1 Evacuation Pause) 154M->2M(256M) 1.048ms
[2025-03-05T13:18:52.511+0300][194.921s][info ][gc] GC(491) Pause Young (Normal) (G1 Evacuation Pause) 154M->3M(256M) 2.139ms
[2025-03-05T13:18:52.904+0300][195.313s][info ][gc] GC(492) Pause Young (Normal) (G1 Evacuation Pause) 154M->5M(256M) 3.265ms
[2025-03-05T13:18:53.292+0300][195.702s][info ][gc] GC(493) Pause Young (Normal) (G1 Evacuation Pause) 155M->3M(256M) 1.389ms
[2025-03-05T13:18:53.686+0300][196.096s][info ][gc] GC(494) Pause Young (Normal) (G1 Evacuation Pause) 155M->4M(256M) 2.618ms
[2025-03-05T13:18:54.074+0300][196.485s][info ][gc] GC(495) Pause Young (Normal) (G1 Evacuation Pause) 154M->5M(256M) 3.805ms
[2025-03-05T13:18:54.463+0300][196.874s][info ][gc] GC(496) Pause Young (Normal) (G1 Evacuation Pause) 154M->3M(256M) 1.918ms
[2025-03-05T13:18:54.863+0300][197.273s][info ][gc] GC(497) Pause Young (Normal) (G1 Evacuation Pause) 154M->4M(256M) 2.944ms
[2025-03-05T13:18:55.251+0300][197.661s][info ][gc] GC(498) Pause Young (Normal) (G1 Evacuation Pause) 154M->2M(256M) 1.068ms
[2025-03-05T13:18:55.709+0300][198.119s][info ][gc] GC(499) Pause Young (Normal) (G1 Evacuation Pause) 154M->4M(256M) 1.988ms
[2025-03-05T13:18:56.103+0300][198.513s][info ][gc] GC(500) Pause Young (Normal) (G1 Evacuation Pause) 155M->5M(256M) 3.228ms
[2025-03-05T13:18:56.492+0300][198.903s][info ][gc] GC(501) Pause Young (Normal) (G1 Evacuation Pause) 155M->3M(256M) 1.441ms
[2025-03-05T13:18:56.889+0300][199.298s][info ][gc] GC(502) Pause Young (Normal) (G1 Evacuation Pause) 155M->4M(256M) 2.921ms
[2025-03-05T13:18:57.273+0300][199.684s][info ][gc] GC(503) Pause Young (Normal) (G1 Evacuation Pause) 154M->2M(256M) 0.747ms
[2025-03-05T13:18:57.667+0300][200.077s][info ][gc] GC(504) Pause Young (Normal) (G1 Evacuation Pause) 154M->3M(256M) 2.110ms
[2025-03-05T13:18:58.056+0300][200.467s][info ][gc] GC(505) Pause Young (Normal) (G1 Evacuation Pause) 154M->5M(256M) 3.321ms
[2025-03-05T13:18:58.448+0300][200.858s][info ][gc] GC(506) Pause Young (Normal) (G1 Evacuation Pause) 155M->3M(256M) 1.133ms
[2025-03-05T13:18:58.842+0300][201.252s][info ][gc] GC(507) Pause Young (Normal) (G1 Evacuation Pause) 155M->4M(256M) 2.846ms
[2025-03-05T13:18:59.230+0300][201.641s][info ][gc] GC(508) Pause Young (Normal) (G1 Evacuation Pause) 155M->2M(256M) 0.819ms
[2025-03-05T13:18:59.624+0300][202.034s][info ][gc] GC(509) Pause Young (Normal) (G1 Evacuation Pause) 154M->3M(256M) 2.063ms
[2025-03-05T13:19:00.018+0300][202.427s][info ][gc] GC(510) Pause Young (Normal) (G1 Evacuation Pause) 154M->5M(256M) 3.480ms
[2025-03-05T13:19:00.403+0300][202.813s][info ][gc] GC(511) Pause Young (Normal) (G1 Evacuation Pause) 155M->3M(256M) 1.531ms
[2025-03-05T13:19:00.796+0300][203.206s][info ][gc] GC(512) Pause Young (Normal) (G1 Evacuation Pause) 155M->4M(256M) 2.601ms
[2025-03-05T13:19:01.188+0300][203.598s][info ][gc] GC(513) Pause Young (Normal) (G1 Evacuation Pause) 155M->5M(256M) 3.795ms
[2025-03-05T13:19:01.572+0300][203.983s][info ][gc] GC(514) Pause Young (Normal) (G1 Evacuation Pause) 154M->3M(256M) 1.925ms
[2025-03-05T13:19:01.964+0300][204.374s][info ][gc] GC(515) Pause Young (Normal) (G1 Evacuation Pause) 154M->4M(256M) 2.827ms
[2025-03-05T13:19:02.352+0300][204.761s][info ][gc] GC(516) Pause Young (Normal) (G1 Evacuation Pause) 154M->2M(256M) 1.126ms
[2025-03-05T13:19:02.742+0300][205.153s][info ][gc] GC(517) Pause Young (Normal) (G1 Evacuation Pause) 154M->4M(256M) 2.144ms
[2025-03-05T13:19:03.133+0300][205.543s][info ][gc] GC(518) Pause Young (Normal) (G1 Evacuation Pause) 155M->5M(256M) 3.465ms
[2025-03-05T13:19:03.519+0300][205.929s][info ][gc] GC(519) Pause Young (Normal) (G1 Evacuation Pause) 155M->3M(256M) 1.303ms
[2025-03-05T13:19:03.951+0300][206.362s][info ][gc] GC(520) Pause Young (Normal) (G1 Evacuation Pause) 155M->4M(256M) 2.635ms
[2025-03-05T13:19:04.338+0300][206.749s][info ][gc] GC(521) Pause Young (Normal) (G1 Evacuation Pause) 154M->2M(256M) 0.879ms
[2025-03-05T13:19:04.796+0300][207.206s][info ][gc] GC(522) Pause Young (Normal) (G1 Evacuation Pause) 154M->3M(256M) 2.236ms
[2025-03-05T13:19:05.190+0300][207.600s][info ][gc] GC(523) Pause Young (Normal) (G1 Evacuation Pause) 154M->5M(256M) 3.343ms
[2025-03-05T13:19:05.577+0300][207.987s][info ][gc] GC(524) Pause Young (Normal) (G1 Evacuation Pause) 155M->3M(256M) 1.173ms
[2025-03-05T13:19:05.971+0300][208.381s][info ][gc] GC(525) Pause Young (Normal) (G1 Evacuation Pause) 155M->4M(256M) 2.814ms
[2025-03-05T13:19:06.361+0300][208.770s][info ][gc] GC(526) Pause Young (Normal) (G1 Evacuation Pause) 154M->5M(256M) 3.764ms
[2025-03-05T13:19:06.742+0300][209.152s][info ][gc] GC(527) Pause Young (Normal) (G1 Evacuation Pause) 154M->3M(256M) 1.598ms
[2025-03-05T13:19:07.132+0300][209.543s][info ][gc] GC(528) Pause Young (Normal) (G1 Evacuation Pause) 154M->4M(256M) 2.949ms
[2025-03-05T13:19:07.518+0300][209.928s][info ][gc] GC(529) Pause Young (Normal) (G1 Evacuation Pause) 154M->2M(256M) 0.977ms
[2025-03-05T13:19:07.912+0300][210.322s][info ][gc] GC(530) Pause Young (Normal) (G1 Evacuation Pause) 154M->4M(256M) 2.424ms
[2025-03-05T13:19:08.303+0300][210.714s][info ][gc] GC(531) Pause Young (Normal) (G1 Evacuation Pause) 155M->5M(256M) 3.554ms
[2025-03-05T13:19:08.687+0300][211.097s][info ][gc] GC(532) Pause Young (Normal) (G1 Evacuation Pause) 155M->3M(256M) 1.309ms
[2025-03-05T13:19:09.079+0300][211.490s][info ][gc] GC(533) Pause Young (Normal) (G1 Evacuation Pause) 155M->4M(256M) 2.587ms
[2025-03-05T13:19:09.465+0300][211.876s][info ][gc] GC(534) Pause Young (Normal) (G1 Evacuation Pause) 154M->2M(256M) 1.016ms
[2025-03-05T13:19:09.860+0300][212.270s][info ][gc] GC(535) Pause Young (Normal) (G1 Evacuation Pause) 154M->3M(256M) 2.044ms
[2025-03-05T13:19:10.251+0300][212.661s][info ][gc] GC(536) Pause Young (Normal) (G1 Evacuation Pause) 154M->5M(256M) 3.461ms
[2025-03-05T13:19:10.638+0300][213.048s][info ][gc] GC(537) Pause Young (Normal) (G1 Evacuation Pause) 155M->3M(256M) 1.348ms
[2025-03-05T13:19:11.029+0300][213.439s][info ][gc] GC(538) Pause Young (Normal) (G1 Evacuation Pause) 155M->4M(256M) 2.441ms
[2025-03-05T13:19:11.417+0300][213.827s][info ][gc] GC(539) Pause Young (Normal) (G1 Evacuation Pause) 154M->5M(256M) 3.554ms
[2025-03-05T13:19:11.806+0300][214.216s][info ][gc] GC(540) Pause Young (Normal) (G1 Evacuation Pause) 154M->3M(256M) 1.881ms
[2025-03-05T13:19:12.203+0300][214.613s][info ][gc] GC(541) Pause Young (Normal) (G1 Evacuation Pause) 154M->4M(256M) 3.242ms
[2025-03-05T13:19:12.591+0300][215.001s][info ][gc] GC(542) Pause Young (Normal) (G1 Evacuation Pause) 154M->2M(256M) 1.005ms
[2025-03-05T13:19:12.984+0300][215.394s][info ][gc] GC(543) Pause Young (Normal) (G1 Evacuation Pause) 154M->3M(256M) 2.287ms
[2025-03-05T13:19:13.383+0300][215.793s][info ][gc] GC(544) Pause Young (Normal) (G1 Evacuation Pause) 154M->5M(256M) 3.431ms
[2025-03-05T13:19:13.774+0300][216.183s][info ][gc] GC(545) Pause Young (Normal) (G1 Evacuation Pause) 155M->3M(256M) 1.309ms
[2025-03-05T13:19:14.167+0300][216.577s][info ][gc] GC(546) Pause Young (Normal) (G1 Evacuation Pause) 155M->4M(256M) 2.748ms
[2025-03-05T13:19:14.554+0300][216.964s][info ][gc] GC(547) Pause Young (Normal) (G1 Evacuation Pause) 154M->2M(256M) 0.823ms
[2025-03-05T13:19:14.949+0300][217.360s][info ][gc] GC(548) Pause Young (Normal) (G1 Evacuation Pause) 154M->3M(256M) 2.108ms
[2025-03-05T13:19:15.343+0300][217.753s][info ][gc] GC(549) Pause Young (Normal) (G1 Evacuation Pause) 154M->5M(256M) 3.273ms
[2025-03-05T13:19:15.730+0300][218.140s][info ][gc] GC(550) Pause Young (Normal) (G1 Evacuation Pause) 155M->3M(256M) 1.535ms
[2025-03-05T13:19:16.125+0300][218.535s][info ][gc] GC(551) Pause Young (Normal) (G1 Evacuation Pause) 155M->4M(256M) 2.625ms
[2025-03-05T13:19:16.513+0300][218.924s][info ][gc] GC(552) Pause Young (Normal) (G1 Evacuation Pause) 154M->5M(256M) 3.707ms
[2025-03-05T13:19:16.898+0300][219.308s][info ][gc] GC(553) Pause Young (Normal) (G1 Evacuation Pause) 154M->3M(256M) 1.775ms
[2025-03-05T13:19:17.290+0300][219.700s][info ][gc] GC(554) Pause Young (Normal) (G1 Evacuation Pause) 154M->4M(256M) 2.760ms
[2025-03-05T13:19:17.679+0300][220.089s][info ][gc] GC(555) Pause Young (Normal) (G1 Evacuation Pause) 154M->2M(256M) 0.867ms
[2025-03-05T13:19:18.074+0300][220.484s][info ][gc] GC(556) Pause Young (Normal) (G1 Evacuation Pause) 154M->4M(256M) 2.071ms
[2025-03-05T13:19:18.466+0300][220.876s][info ][gc] GC(557) Pause Young (Normal) (G1 Evacuation Pause) 155M->5M(256M) 3.404ms
[2025-03-05T13:19:18.861+0300][221.271s][info ][gc] GC(558) Pause Young (Normal) (G1 Evacuation Pause) 155M->3M(256M) 1.485ms
[2025-03-05T13:19:19.256+0300][221.666s][info ][gc] GC(559) Pause Young (Normal) (G1 Evacuation Pause) 155M->4M(256M) 2.606ms
[2025-03-05T13:19:19.641+0300][222.052s][info ][gc] GC(560) Pause Young (Normal) (G1 Evacuation Pause) 154M->2M(256M) 0.468ms
[2025-03-05T13:19:20.033+0300][222.444s][info ][gc] GC(561) Pause Young (Normal) (G1 Evacuation Pause) 154M->3M(256M) 2.017ms
[2025-03-05T13:19:20.434+0300][222.844s][info ][gc] GC(562) Pause Young (Normal) (G1 Evacuation Pause) 154M->5M(256M) 3.268ms
[2025-03-05T13:19:20.822+0300][223.231s][info ][gc] GC(563) Pause Young (Normal) (G1 Evacuation Pause) 155M->3M(256M) 1.322ms
[2025-03-05T13:19:21.216+0300][223.625s][info ][gc] GC(564) Pause Young (Normal) (G1 Evacuation Pause) 155M->4M(256M) 2.635ms
[2025-03-05T13:19:21.613+0300][224.023s][info ][gc] GC(565) Pause Young (Normal) (G1 Evacuation Pause) 155M->5M(256M) 3.703ms
[2025-03-05T13:19:21.995+0300][224.405s][info ][gc] GC(566) Pause Young (Normal) (G1 Evacuation Pause) 154M->3M(256M) 1.635ms
[2025-03-05T13:19:22.392+0300][224.802s][info ][gc] GC(567) Pause Young (Normal) (G1 Evacuation Pause) 154M->4M(256M) 2.883ms
[2025-03-05T13:19:22.778+0300][225.188s][info ][gc] GC(568) Pause Young (Normal) (G1 Evacuation Pause) 154M->2M(256M) 1.151ms
[2025-03-05T13:19:23.171+0300][225.581s][info ][gc] GC(569) Pause Young (Normal) (G1 Evacuation Pause) 154M->4M(256M) 2.474ms
[2025-03-05T13:19:23.564+0300][225.974s][info ][gc] GC(570) Pause Young (Normal) (G1 Evacuation Pause) 155M->5M(256M) 3.424ms
[2025-03-05T13:19:23.949+0300][226.360s][info ][gc] GC(571) Pause Young (Normal) (G1 Evacuation Pause) 155M->3M(256M) 1.475ms
[2025-03-05T13:19:24.343+0300][226.754s][info ][gc] GC(572) Pause Young (Normal) (G1 Evacuation Pause) 155M->4M(256M) 2.586ms
[2025-03-05T13:19:24.730+0300][227.140s][info ][gc] GC(573) Pause Young (Normal) (G1 Evacuation Pause) 154M->2M(256M) 1.109ms
[2025-03-05T13:19:25.122+0300][227.533s][info ][gc] GC(574) Pause Young (Normal) (G1 Evacuation Pause) 154M->4M(256M) 2.093ms
[2025-03-05T13:19:25.517+0300][227.927s][info ][gc] GC(575) Pause Young (Normal) (G1 Evacuation Pause) 155M->5M(256M) 3.325ms
[2025-03-05T13:19:25.905+0300][228.315s][info ][gc] GC(576) Pause Young (Normal) (G1 Evacuation Pause) 155M->3M(256M) 1.810ms
[2025-03-05T13:19:26.299+0300][228.709s][info ][gc] GC(577) Pause Young (Normal) (G1 Evacuation Pause) 155M->4M(256M) 2.819ms
[2025-03-05T13:19:26.689+0300][229.100s][info ][gc] GC(578) Pause Young (Normal) (G1 Evacuation Pause) 154M->5M(256M) 3.892ms
[2025-03-05T13:19:27.079+0300][229.489s][info ][gc] GC(579) Pause Young (Normal) (G1 Evacuation Pause) 154M->3M(256M) 1.687ms
[2025-03-05T13:19:27.471+0300][229.881s][info ][gc] GC(580) Pause Young (Normal) (G1 Evacuation Pause) 154M->4M(256M) 3.387ms
[2025-03-05T13:19:27.858+0300][230.268s][info ][gc] GC(581) Pause Young (Normal) (G1 Evacuation Pause) 154M->2M(256M) 1.112ms
[2025-03-05T13:19:28.251+0300][230.661s][info ][gc] GC(582) Pause Young (Normal) (G1 Evacuation Pause) 154M->4M(256M) 2.210ms
[2025-03-05T13:19:28.642+0300][231.052s][info ][gc] GC(583) Pause Young (Normal) (G1 Evacuation Pause) 155M->5M(256M) 4.040ms
[2025-03-05T13:19:29.028+0300][231.438s][info ][gc] GC(584) Pause Young (Normal) (G1 Evacuation Pause) 155M->3M(256M) 1.439ms
[2025-03-05T13:19:29.419+0300][231.829s][info ][gc] GC(585) Pause Young (Normal) (G1 Evacuation Pause) 155M->4M(256M) 2.817ms
[2025-03-05T13:19:29.808+0300][232.217s][info ][gc] GC(586) Pause Young (Normal) (G1 Evacuation Pause) 154M->2M(256M) 0.823ms
[2025-03-05T13:19:30.217+0300][232.627s][info ][gc] GC(587) Pause Young (Normal) (G1 Evacuation Pause) 154M->3M(256M) 2.080ms
[2025-03-05T13:19:30.665+0300][233.075s][info ][gc] GC(588) Pause Young (Normal) (G1 Evacuation Pause) 154M->5M(256M) 3.266ms
[2025-03-05T13:19:31.059+0300][233.469s][info ][gc] GC(589) Pause Young (Normal) (G1 Evacuation Pause) 155M->3M(256M) 1.180ms
[2025-03-05T13:19:31.453+0300][233.864s][info ][gc] GC(590) Pause Young (Normal) (G1 Evacuation Pause) 155M->4M(256M) 2.647ms
[2025-03-05T13:19:31.866+0300][234.276s][info ][gc] GC(591) Pause Young (Normal) (G1 Evacuation Pause) 154M->5M(256M) 3.954ms
[2025-03-05T13:19:32.295+0300][234.705s][info ][gc] GC(592) Pause Young (Normal) (G1 Evacuation Pause) 154M->3M(256M) 1.768ms
[2025-03-05T13:19:32.708+0300][235.118s][info ][gc] GC(593) Pause Young (Normal) (G1 Evacuation Pause) 154M->4M(256M) 2.983ms
[2025-03-05T13:19:33.094+0300][235.504s][info ][gc] GC(594) Pause Young (Normal) (G1 Evacuation Pause) 154M->2M(256M) 1.038ms
[2025-03-05T13:19:33.489+0300][235.899s][info ][gc] GC(595) Pause Young (Normal) (G1 Evacuation Pause) 154M->4M(256M) 2.076ms
[2025-03-05T13:19:33.883+0300][236.293s][info ][gc] GC(596) Pause Young (Normal) (G1 Evacuation Pause) 155M->5M(256M) 3.466ms
[2025-03-05T13:19:34.271+0300][236.681s][info ][gc] GC(597) Pause Young (Normal) (G1 Evacuation Pause) 155M->3M(256M) 1.453ms
[2025-03-05T13:19:34.664+0300][237.074s][info ][gc] GC(598) Pause Young (Normal) (G1 Evacuation Pause) 155M->4M(256M) 2.905ms
[2025-03-05T13:19:35.055+0300][237.465s][info ][gc] GC(599) Pause Young (Normal) (G1 Evacuation Pause) 154M->2M(256M) 0.806ms
[2025-03-05T13:19:35.449+0300][237.859s][info ][gc] GC(600) Pause Young (Normal) (G1 Evacuation Pause) 154M->3M(256M) 2.175ms
[2025-03-05T13:19:35.840+0300][238.250s][info ][gc] GC(601) Pause Young (Normal) (G1 Evacuation Pause) 154M->5M(256M) 3.622ms
[2025-03-05T13:19:36.227+0300][238.637s][info ][gc] GC(602) Pause Young (Normal) (G1 Evacuation Pause) 155M->3M(256M) 1.146ms
[2025-03-05T13:19:36.621+0300][239.031s][info ][gc] GC(603) Pause Young (Normal) (G1 Evacuation Pause) 155M->4M(256M) 3.087ms
[2025-03-05T13:19:37.011+0300][239.421s][info ][gc] GC(604) Pause Young (Normal) (G1 Evacuation Pause) 154M->5M(256M) 4.006ms
[2025-03-05T13:19:37.396+0300][239.805s][info ][gc] GC(605) Pause Young (Normal) (G1 Evacuation Pause) 154M->3M(256M) 1.676ms
[2025-03-05T13:19:37.786+0300][240.196s][info ][gc] GC(606) Pause Young (Normal) (G1 Evacuation Pause) 154M->4M(256M) 2.679ms
[2025-03-05T13:19:38.172+0300][240.582s][info ][gc] GC(607) Pause Young (Normal) (G1 Evacuation Pause) 154M->2M(256M) 0.947ms
[2025-03-05T13:19:38.566+0300][240.975s][info ][gc] GC(608) Pause Young (Normal) (G1 Evacuation Pause) 154M->4M(256M) 2.284ms
[2025-03-05T13:19:38.955+0300][241.364s][info ][gc] GC(609) Pause Young (Normal) (G1 Evacuation Pause) 155M->5M(256M) 3.511ms
[2025-03-05T13:19:39.339+0300][241.749s][info ][gc] GC(610) Pause Young (Normal) (G1 Evacuation Pause) 155M->3M(256M) 1.342ms
[2025-03-05T13:19:39.735+0300][242.146s][info ][gc] GC(611) Pause Young (Normal) (G1 Evacuation Pause) 155M->4M(256M) 2.726ms
[2025-03-05T13:19:40.119+0300][242.530s][info ][gc] GC(612) Pause Young (Normal) (G1 Evacuation Pause) 154M->2M(256M) 0.834ms
[2025-03-05T13:19:40.513+0300][242.923s][info ][gc] GC(613) Pause Young (Normal) (G1 Evacuation Pause) 154M->3M(256M) 1.871ms
[2025-03-05T13:19:40.902+0300][243.312s][info ][gc] GC(614) Pause Young (Normal) (G1 Evacuation Pause) 154M->5M(256M) 3.338ms
[2025-03-05T13:19:41.292+0300][243.702s][info ][gc] GC(615) Pause Young (Normal) (G1 Evacuation Pause) 155M->3M(256M) 1.317ms
[2025-03-05T13:19:41.688+0300][244.099s][info ][gc] GC(616) Pause Young (Normal) (G1 Evacuation Pause) 155M->4M(256M) 2.542ms
[2025-03-05T13:19:42.080+0300][244.489s][info ][gc] GC(617) Pause Young (Normal) (G1 Evacuation Pause) 155M->5M(256M) 3.410ms
[2025-03-05T13:19:42.468+0300][244.878s][info ][gc] GC(618) Pause Young (Normal) (G1 Evacuation Pause) 154M->3M(256M) 1.661ms
[2025-03-05T13:19:42.859+0300][245.268s][info ][gc] GC(619) Pause Young (Normal) (G1 Evacuation Pause) 154M->4M(256M) 2.913ms
[2025-03-05T13:19:43.243+0300][245.654s][info ][gc] GC(620) Pause Young (Normal) (G1 Evacuation Pause) 154M->2M(256M) 1.125ms
[2025-03-05T13:19:43.638+0300][246.047s][info ][gc] GC(621) Pause Young (Normal) (G1 Evacuation Pause) 154M->4M(256M) 2.161ms
[2025-03-05T13:19:44.031+0300][246.441s][info ][gc] GC(622) Pause Young (Normal) (G1 Evacuation Pause) 155M->5M(256M) 3.512ms
[2025-03-05T13:19:44.418+0300][246.828s][info ][gc] GC(623) Pause Young (Normal) (G1 Evacuation Pause) 155M->3M(256M) 1.311ms
[2025-03-05T13:19:44.816+0300][247.226s][info ][gc] GC(624) Pause Young (Normal) (G1 Evacuation Pause) 155M->4M(256M) 2.935ms
[2025-03-05T13:19:45.202+0300][247.612s][info ][gc] GC(625) Pause Young (Normal) (G1 Evacuation Pause) 154M->2M(256M) 0.949ms
[2025-03-05T13:19:45.597+0300][248.007s][info ][gc] GC(626) Pause Young (Normal) (G1 Evacuation Pause) 154M->3M(256M) 2.057ms
[2025-03-05T13:19:45.987+0300][248.398s][info ][gc] GC(627) Pause Young (Normal) (G1 Evacuation Pause) 154M->5M(256M) 3.160ms
[2025-03-05T13:19:46.379+0300][248.789s][info ][gc] GC(628) Pause Young (Normal) (G1 Evacuation Pause) 155M->3M(256M) 1.472ms
[2025-03-05T13:19:46.771+0300][249.181s][info ][gc] GC(629) Pause Young (Normal) (G1 Evacuation Pause) 155M->4M(256M) 2.975ms
[2025-03-05T13:19:47.160+0300][249.569s][info ][gc] GC(630) Pause Young (Normal) (G1 Evacuation Pause) 154M->5M(256M) 3.721ms
[2025-03-05T13:19:47.546+0300][249.956s][info ][gc] GC(631) Pause Young (Normal) (G1 Evacuation Pause) 154M->3M(256M) 1.594ms
[2025-03-05T13:19:47.936+0300][250.346s][info ][gc] GC(632) Pause Young (Normal) (G1 Evacuation Pause) 154M->4M(256M) 3.125ms
[2025-03-05T13:19:48.326+0300][250.736s][info ][gc] GC(633) Pause Young (Normal) (G1 Evacuation Pause) 154M->2M(256M) 1.005ms
[2025-03-05T13:19:48.723+0300][251.132s][info ][gc] GC(634) Pause Young (Normal) (G1 Evacuation Pause) 154M->4M(256M) 2.042ms
[2025-03-05T13:19:49.116+0300][251.527s][info ][gc] GC(635) Pause Young (Normal) (G1 Evacuation Pause) 155M->5M(256M) 3.457ms
[2025-03-05T13:19:49.507+0300][251.917s][info ][gc] GC(636) Pause Young (Normal) (G1 Evacuation Pause) 155M->3M(256M) 1.623ms
[2025-03-05T13:19:49.901+0300][252.312s][info ][gc] GC(637) Pause Young (Normal) (G1 Evacuation Pause) 155M->4M(256M) 3.050ms
[2025-03-05T13:19:50.289+0300][252.699s][info ][gc] GC(638) Pause Young (Normal) (G1 Evacuation Pause) 154M->2M(256M) 0.958ms
[2025-03-05T13:19:50.681+0300][253.092s][info ][gc] GC(639) Pause Young (Normal) (G1 Evacuation Pause) 154M->3M(256M) 2.348ms
[2025-03-05T13:19:51.079+0300][253.489s][info ][gc] GC(640) Pause Young (Normal) (G1 Evacuation Pause) 154M->5M(256M) 3.012ms
[2025-03-05T13:19:51.472+0300][253.882s][info ][gc] GC(641) Pause Young (Normal) (G1 Evacuation Pause) 155M->3M(256M) 1.398ms
[2025-03-05T13:19:51.893+0300][254.304s][info ][gc] GC(642) Pause Young (Normal) (G1 Evacuation Pause) 155M->4M(256M) 2.723ms
[2025-03-05T13:19:52.294+0300][254.704s][info ][gc] GC(643) Pause Young (Normal) (G1 Evacuation Pause) 154M->5M(256M) 3.739ms
[2025-03-05T13:19:52.678+0300][255.088s][info ][gc] GC(644) Pause Young (Normal) (G1 Evacuation Pause) 154M->3M(256M) 1.541ms
[2025-03-05T13:19:53.068+0300][255.477s][info ][gc] GC(645) Pause Young (Normal) (G1 Evacuation Pause) 154M->4M(256M) 2.890ms
[2025-03-05T13:19:53.453+0300][255.863s][info ][gc] GC(646) Pause Young (Normal) (G1 Evacuation Pause) 154M->2M(256M) 0.907ms
[2025-03-05T13:19:53.845+0300][256.255s][info ][gc] GC(647) Pause Young (Normal) (G1 Evacuation Pause) 154M->4M(256M) 2.171ms
[2025-03-05T13:19:54.238+0300][256.648s][info ][gc] GC(648) Pause Young (Normal) (G1 Evacuation Pause) 155M->5M(256M) 3.701ms
[2025-03-05T13:19:54.626+0300][257.036s][info ][gc] GC(649) Pause Young (Normal) (G1 Evacuation Pause) 155M->3M(256M) 1.556ms
[2025-03-05T13:19:55.018+0300][257.428s][info ][gc] GC(650) Pause Young (Normal) (G1 Evacuation Pause) 155M->4M(256M) 2.710ms
[2025-03-05T13:19:55.409+0300][257.819s][info ][gc] GC(651) Pause Young (Normal) (G1 Evacuation Pause) 154M->2M(256M) 0.651ms
[2025-03-05T13:19:55.801+0300][258.212s][info ][gc] GC(652) Pause Young (Normal) (G1 Evacuation Pause) 154M->3M(256M) 2.140ms
[2025-03-05T13:19:56.192+0300][258.602s][info ][gc] GC(653) Pause Young (Normal) (G1 Evacuation Pause) 154M->5M(256M) 3.472ms
[2025-03-05T13:19:56.584+0300][258.995s][info ][gc] GC(654) Pause Young (Normal) (G1 Evacuation Pause) 155M->3M(256M) 1.208ms
[2025-03-05T13:19:56.977+0300][259.387s][info ][gc] GC(655) Pause Young (Normal) (G1 Evacuation Pause) 155M->4M(256M) 2.620ms
[2025-03-05T13:19:57.367+0300][259.777s][info ][gc] GC(656) Pause Young (Normal) (G1 Evacuation Pause) 154M->5M(256M) 3.717ms
[2025-03-05T13:19:57.754+0300][260.164s][info ][gc] GC(657) Pause Young (Normal) (G1 Evacuation Pause) 154M->3M(256M) 1.711ms
[2025-03-05T13:19:58.146+0300][260.555s][info ][gc] GC(658) Pause Young (Normal) (G1 Evacuation Pause) 154M->4M(256M) 2.827ms
[2025-03-05T13:19:58.531+0300][260.941s][info ][gc] GC(659) Pause Young (Normal) (G1 Evacuation Pause) 154M->2M(256M) 1.104ms
[2025-03-05T13:19:58.923+0300][261.334s][info ][gc] GC(660) Pause Young (Normal) (G1 Evacuation Pause) 154M->4M(256M) 1.994ms
[2025-03-05T13:19:59.315+0300][261.725s][info ][gc] GC(661) Pause Young (Normal) (G1 Evacuation Pause) 155M->5M(256M) 3.370ms
[2025-03-05T13:19:59.705+0300][262.115s][info ][gc] GC(662) Pause Young (Normal) (G1 Evacuation Pause) 155M->3M(256M) 1.432ms
[2025-03-05T13:20:00.101+0300][262.512s][info ][gc] GC(663) Pause Young (Normal) (G1 Evacuation Pause) 155M->4M(256M) 2.854ms
[2025-03-05T13:20:00.489+0300][262.899s][info ][gc] GC(664) Pause Young (Normal) (G1 Evacuation Pause) 154M->2M(256M) 0.692ms
[2025-03-05T13:20:00.881+0300][263.291s][info ][gc] GC(665) Pause Young (Normal) (G1 Evacuation Pause) 154M->3M(256M) 2.434ms
[2025-03-05T13:20:01.273+0300][263.683s][info ][gc] GC(666) Pause Young (Normal) (G1 Evacuation Pause) 154M->5M(256M) 3.141ms
[2025-03-05T13:20:01.662+0300][264.072s][info ][gc] GC(667) Pause Young (Normal) (G1 Evacuation Pause) 155M->3M(256M) 1.413ms
[2025-03-05T13:20:02.053+0300][264.463s][info ][gc] GC(668) Pause Young (Normal) (G1 Evacuation Pause) 155M->4M(256M) 2.601ms
[2025-03-05T13:20:02.446+0300][264.856s][info ][gc] GC(669) Pause Young (Normal) (G1 Evacuation Pause) 155M->5M(256M) 3.861ms
[2025-03-05T13:20:02.829+0300][265.239s][info ][gc] GC(670) Pause Young (Normal) (G1 Evacuation Pause) 154M->3M(256M) 1.796ms
[2025-03-05T13:20:03.220+0300][265.630s][info ][gc] GC(671) Pause Young (Normal) (G1 Evacuation Pause) 154M->4M(256M) 3.045ms
[2025-03-05T13:20:03.610+0300][266.020s][info ][gc] GC(672) Pause Young (Normal) (G1 Evacuation Pause) 154M->2M(256M) 1.032ms
[2025-03-05T13:20:04.001+0300][266.412s][info ][gc] GC(673) Pause Young (Normal) (G1 Evacuation Pause) 154M->4M(256M) 2.275ms
[2025-03-05T13:20:04.396+0300][266.806s][info ][gc] GC(674) Pause Young (Normal) (G1 Evacuation Pause) 155M->5M(256M) 3.459ms
[2025-03-05T13:20:04.781+0300][267.191s][info ][gc] GC(675) Pause Young (Normal) (G1 Evacuation Pause) 155M->3M(256M) 1.401ms
[2025-03-05T13:20:05.174+0300][267.585s][info ][gc] GC(676) Pause Young (Normal) (G1 Evacuation Pause) 155M->4M(256M) 3.054ms
[2025-03-05T13:20:05.562+0300][267.972s][info ][gc] GC(677) Pause Young (Normal) (G1 Evacuation Pause) 154M->2M(256M) 0.968ms
[2025-03-05T13:20:05.954+0300][268.365s][info ][gc] GC(678) Pause Young (Normal) (G1 Evacuation Pause) 154M->3M(256M) 2.129ms
[2025-03-05T13:20:06.348+0300][268.757s][info ][gc] GC(679) Pause Young (Normal) (G1 Evacuation Pause) 154M->5M(256M) 3.289ms
[2025-03-05T13:20:06.734+0300][269.143s][info ][gc] GC(680) Pause Young (Normal) (G1 Evacuation Pause) 155M->3M(256M) 1.412ms
[2025-03-05T13:20:07.127+0300][269.538s][info ][gc] GC(681) Pause Young (Normal) (G1 Evacuation Pause) 155M->4M(256M) 2.671ms
[2025-03-05T13:20:07.518+0300][269.928s][info ][gc] GC(682) Pause Young (Normal) (G1 Evacuation Pause) 154M->5M(256M) 3.685ms
[2025-03-05T13:20:07.901+0300][270.312s][info ][gc] GC(683) Pause Young (Normal) (G1 Evacuation Pause) 154M->3M(256M) 1.550ms
[2025-03-05T13:20:08.293+0300][270.702s][info ][gc] GC(684) Pause Young (Normal) (G1 Evacuation Pause) 154M->4M(256M) 3.043ms
[2025-03-05T13:20:08.678+0300][271.089s][info ][gc] GC(685) Pause Young (Normal) (G1 Evacuation Pause) 154M->2M(256M) 0.864ms
[2025-03-05T13:20:09.072+0300][271.482s][info ][gc] GC(686) Pause Young (Normal) (G1 Evacuation Pause) 154M->4M(256M) 2.469ms
[2025-03-05T13:20:09.465+0300][271.875s][info ][gc] GC(687) Pause Young (Normal) (G1 Evacuation Pause) 155M->5M(256M) 3.458ms
[2025-03-05T13:20:09.851+0300][272.261s][info ][gc] GC(688) Pause Young (Normal) (G1 Evacuation Pause) 155M->3M(256M) 1.520ms
[2025-03-05T13:20:10.245+0300][272.655s][info ][gc] GC(689) Pause Young (Normal) (G1 Evacuation Pause) 155M->4M(256M) 2.817ms
[2025-03-05T13:20:10.630+0300][273.040s][info ][gc] GC(690) Pause Young (Normal) (G1 Evacuation Pause) 154M->2M(256M) 0.939ms
[2025-03-05T13:20:11.022+0300][273.432s][info ][gc] GC(691) Pause Young (Normal) (G1 Evacuation Pause) 154M->3M(256M) 1.918ms
[2025-03-05T13:20:11.414+0300][273.823s][info ][gc] GC(692) Pause Young (Normal) (G1 Evacuation Pause) 154M->5M(256M) 3.638ms
[2025-03-05T13:20:11.801+0300][274.211s][info ][gc] GC(693) Pause Young (Normal) (G1 Evacuation Pause) 155M->3M(256M) 1.449ms
[2025-03-05T13:20:12.194+0300][274.604s][info ][gc] GC(694) Pause Young (Normal) (G1 Evacuation Pause) 155M->4M(256M) 2.655ms
[2025-03-05T13:20:12.587+0300][274.997s][info ][gc] GC(695) Pause Young (Normal) (G1 Evacuation Pause) 154M->5M(256M) 4.117ms
[2025-03-05T13:20:13.038+0300][275.448s][info ][gc] GC(696) Pause Young (Normal) (G1 Evacuation Pause) 154M->3M(256M) 1.773ms
[2025-03-05T13:20:13.431+0300][275.842s][info ][gc] GC(697) Pause Young (Normal) (G1 Evacuation Pause) 154M->4M(256M) 3.165ms
[2025-03-05T13:20:13.836+0300][276.247s][info ][gc] GC(698) Pause Young (Normal) (G1 Evacuation Pause) 154M->2M(256M) 1.033ms
[2025-03-05T13:20:14.336+0300][276.745s][info ][gc] GC(699) Pause Young (Normal) (G1 Evacuation Pause) 154M->4M(256M) 2.322ms
[2025-03-05T13:20:14.861+0300][277.271s][info ][gc] GC(700) Pause Young (Normal) (G1 Evacuation Pause) 155M->5M(256M) 4.704ms
[2025-03-05T13:20:15.303+0300][277.713s][info ][gc] GC(701) Pause Young (Normal) (G1 Evacuation Pause) 155M->3M(256M) 1.136ms
[2025-03-05T13:20:15.735+0300][278.146s][info ][gc] GC(702) Pause Young (Normal) (G1 Evacuation Pause) 155M->4M(256M) 2.662ms
[2025-03-05T13:20:16.253+0300][278.663s][info ][gc] GC(703) Pause Young (Normal) (G1 Evacuation Pause) 154M->2M(256M) 0.613ms
[2025-03-05T13:20:16.715+0300][279.125s][info ][gc] GC(704) Pause Young (Normal) (G1 Evacuation Pause) 154M->3M(256M) 1.805ms
[2025-03-05T13:20:17.148+0300][279.558s][info ][gc] GC(705) Pause Young (Normal) (G1 Evacuation Pause) 154M->5M(256M) 3.160ms
[2025-03-05T13:20:17.558+0300][279.968s][info ][gc] GC(706) Pause Young (Normal) (G1 Evacuation Pause) 155M->3M(256M) 0.997ms
[2025-03-05T13:20:17.972+0300][280.382s][info ][gc] GC(707) Pause Young (Normal) (G1 Evacuation Pause) 155M->4M(256M) 2.935ms
[2025-03-05T13:20:18.366+0300][280.775s][info ][gc] GC(708) Pause Young (Normal) (G1 Evacuation Pause) 154M->5M(256M) 3.627ms
[2025-03-05T13:20:18.764+0300][281.175s][info ][gc] GC(709) Pause Young (Normal) (G1 Evacuation Pause) 154M->3M(256M) 2.091ms
[2025-03-05T13:20:19.162+0300][281.571s][info ][gc] GC(710) Pause Young (Normal) (G1 Evacuation Pause) 154M->4M(256M) 3.043ms
[2025-03-05T13:20:19.556+0300][281.966s][info ][gc] GC(711) Pause Young (Normal) (G1 Evacuation Pause) 154M->2M(256M) 0.779ms
[2025-03-05T13:20:19.961+0300][282.371s][info ][gc] GC(712) Pause Young (Normal) (G1 Evacuation Pause) 154M->4M(256M) 2.349ms
[2025-03-05T13:20:20.370+0300][282.780s][info ][gc] GC(713) Pause Young (Normal) (G1 Evacuation Pause) 155M->5M(256M) 3.575ms
[2025-03-05T13:20:20.786+0300][283.196s][info ][gc] GC(714) Pause Young (Normal) (G1 Evacuation Pause) 155M->3M(256M) 1.234ms
[2025-03-05T13:20:21.179+0300][283.589s][info ][gc] GC(715) Pause Young (Normal) (G1 Evacuation Pause) 155M->4M(256M) 3.067ms
[2025-03-05T13:20:21.567+0300][283.977s][info ][gc] GC(716) Pause Young (Normal) (G1 Evacuation Pause) 154M->2M(256M) 0.909ms
[2025-03-05T13:20:21.969+0300][284.378s][info ][gc] GC(717) Pause Young (Normal) (G1 Evacuation Pause) 154M->3M(256M) 1.860ms
[2025-03-05T13:20:22.359+0300][284.769s][info ][gc] GC(718) Pause Young (Normal) (G1 Evacuation Pause) 154M->5M(256M) 3.327ms
[2025-03-05T13:20:22.756+0300][285.166s][info ][gc] GC(719) Pause Young (Normal) (G1 Evacuation Pause) 155M->3M(256M) 1.121ms
[2025-03-05T13:20:23.157+0300][285.567s][info ][gc] GC(720) Pause Young (Normal) (G1 Evacuation Pause) 155M->4M(256M) 2.455ms
[2025-03-05T13:20:23.548+0300][285.959s][info ][gc] GC(721) Pause Young (Normal) (G1 Evacuation Pause) 154M->5M(256M) 3.479ms
[2025-03-05T13:20:23.940+0300][286.350s][info ][gc] GC(722) Pause Young (Normal) (G1 Evacuation Pause) 154M->3M(256M) 1.972ms
[2025-03-05T13:20:24.342+0300][286.752s][info ][gc] GC(723) Pause Young (Normal) (G1 Evacuation Pause) 154M->4M(256M) 3.286ms
[2025-03-05T13:20:24.748+0300][287.157s][info ][gc] GC(724) Pause Young (Normal) (G1 Evacuation Pause) 154M->2M(256M) 0.879ms
[2025-03-05T13:20:25.144+0300][287.554s][info ][gc] GC(725) Pause Young (Normal) (G1 Evacuation Pause) 154M->4M(256M) 2.256ms
[2025-03-05T13:20:25.545+0300][287.955s][info ][gc] GC(726) Pause Young (Normal) (G1 Evacuation Pause) 155M->5M(256M) 3.670ms
[2025-03-05T13:20:25.949+0300][288.359s][info ][gc] GC(727) Pause Young (Normal) (G1 Evacuation Pause) 155M->3M(256M) 1.312ms
[2025-03-05T13:20:26.345+0300][288.755s][info ][gc] GC(728) Pause Young (Normal) (G1 Evacuation Pause) 155M->4M(256M) 2.748ms
[2025-03-05T13:20:26.741+0300][289.151s][info ][gc] GC(729) Pause Young (Normal) (G1 Evacuation Pause) 154M->2M(256M) 0.803ms
[2025-03-05T13:20:27.138+0300][289.548s][info ][gc] GC(730) Pause Young (Normal) (G1 Evacuation Pause) 154M->3M(256M) 1.912ms
[2025-03-05T13:20:27.533+0300][289.943s][info ][gc] GC(731) Pause Young (Normal) (G1 Evacuation Pause) 154M->5M(256M) 3.356ms
[2025-03-05T13:20:27.925+0300][290.335s][info ][gc] GC(732) Pause Young (Normal) (G1 Evacuation Pause) 155M->3M(256M) 1.203ms
[2025-03-05T13:20:28.329+0300][290.739s][info ][gc] GC(733) Pause Young (Normal) (G1 Evacuation Pause) 155M->4M(256M) 2.726ms
[2025-03-05T13:20:28.731+0300][291.140s][info ][gc] GC(734) Pause Young (Normal) (G1 Evacuation Pause) 154M->5M(256M) 3.456ms
[2025-03-05T13:20:29.113+0300][291.524s][info ][gc] GC(735) Pause Young (Normal) (G1 Evacuation Pause) 154M->3M(256M) 1.726ms
[2025-03-05T13:20:29.559+0300][291.969s][info ][gc] GC(736) Pause Young (Normal) (G1 Evacuation Pause) 154M->4M(256M) 2.933ms
[2025-03-05T13:20:30.042+0300][292.452s][info ][gc] GC(737) Pause Young (Normal) (G1 Evacuation Pause) 154M->2M(256M) 0.760ms
[2025-03-05T13:20:30.443+0300][292.853s][info ][gc] GC(738) Pause Young (Normal) (G1 Evacuation Pause) 154M->4M(256M) 2.129ms
[2025-03-05T13:20:30.900+0300][293.310s][info ][gc] GC(739) Pause Young (Normal) (G1 Evacuation Pause) 155M->5M(256M) 3.317ms
[2025-03-05T13:20:31.290+0300][293.701s][info ][gc] GC(740) Pause Young (Normal) (G1 Evacuation Pause) 155M->3M(256M) 1.476ms
[2025-03-05T13:20:31.686+0300][294.096s][info ][gc] GC(741) Pause Young (Normal) (G1 Evacuation Pause) 155M->4M(256M) 2.753ms
[2025-03-05T13:20:32.077+0300][294.486s][info ][gc] GC(742) Pause Young (Normal) (G1 Evacuation Pause) 154M->2M(256M) 0.552ms
[2025-03-05T13:20:32.472+0300][294.882s][info ][gc] GC(743) Pause Young (Normal) (G1 Evacuation Pause) 154M->3M(256M) 2.194ms
[2025-03-05T13:20:32.875+0300][295.286s][info ][gc] GC(744) Pause Young (Normal) (G1 Evacuation Pause) 154M->5M(256M) 3.492ms
[2025-03-05T13:20:33.322+0300][295.732s][info ][gc] GC(745) Pause Young (Normal) (G1 Evacuation Pause) 155M->3M(256M) 1.310ms
[2025-03-05T13:20:33.772+0300][296.182s][info ][gc] GC(746) Pause Young (Normal) (G1 Evacuation Pause) 155M->4M(256M) 3.076ms
[2025-03-05T13:20:34.189+0300][296.600s][info ][gc] GC(747) Pause Young (Normal) (G1 Evacuation Pause) 155M->5M(256M) 5.611ms
[2025-03-05T13:20:34.651+0300][297.061s][info ][gc] GC(748) Pause Young (Normal) (G1 Evacuation Pause) 154M->3M(256M) 2.105ms
[2025-03-05T13:20:35.131+0300][297.540s][info ][gc] GC(749) Pause Young (Normal) (G1 Evacuation Pause) 154M->4M(256M) 2.733ms
[2025-03-05T13:20:35.526+0300][297.935s][info ][gc] GC(750) Pause Young (Normal) (G1 Evacuation Pause) 154M->2M(256M) 0.897ms
[2025-03-05T13:20:35.928+0300][298.338s][info ][gc] GC(751) Pause Young (Normal) (G1 Evacuation Pause) 154M->4M(256M) 2.082ms
[2025-03-05T13:20:36.333+0300][298.743s][info ][gc] GC(752) Pause Young (Normal) (G1 Evacuation Pause) 155M->5M(256M) 3.268ms
[2025-03-05T13:20:36.734+0300][299.144s][info ][gc] GC(753) Pause Young (Normal) (G1 Evacuation Pause) 155M->3M(256M) 1.434ms
[2025-03-05T13:20:37.151+0300][299.562s][info ][gc] GC(754) Pause Young (Normal) (G1 Evacuation Pause) 155M->4M(256M) 3.126ms
[2025-03-05T13:20:37.570+0300][299.979s][info ][gc] GC(755) Pause Young (Normal) (G1 Evacuation Pause) 154M->2M(256M) 0.742ms
[2025-03-05T13:20:38.009+0300][300.419s][info ][gc] GC(756) Pause Young (Normal) (G1 Evacuation Pause) 154M->3M(256M) 2.056ms
[2025-03-05T13:20:38.414+0300][300.824s][info ][gc] GC(757) Pause Young (Normal) (G1 Evacuation Pause) 154M->5M(256M) 3.148ms
[2025-03-05T13:20:38.860+0300][301.269s][info ][gc] GC(758) Pause Young (Normal) (G1 Evacuation Pause) 155M->3M(256M) 1.232ms
[2025-03-05T13:20:39.260+0300][301.670s][info ][gc] GC(759) Pause Young (Normal) (G1 Evacuation Pause) 155M->4M(256M) 2.700ms
[2025-03-05T13:20:39.671+0300][302.081s][info ][gc] GC(760) Pause Young (Normal) (G1 Evacuation Pause) 154M->5M(256M) 3.550ms
[2025-03-05T13:20:40.067+0300][302.477s][info ][gc] GC(761) Pause Young (Normal) (G1 Evacuation Pause) 154M->3M(256M) 1.740ms
[2025-03-05T13:20:40.459+0300][302.868s][info ][gc] GC(762) Pause Young (Normal) (G1 Evacuation Pause) 154M->4M(256M) 2.839ms
[2025-03-05T13:20:40.850+0300][303.260s][info ][gc] GC(763) Pause Young (Normal) (G1 Evacuation Pause) 154M->2M(256M) 0.901ms
[2025-03-05T13:20:41.244+0300][303.653s][info ][gc] GC(764) Pause Young (Normal) (G1 Evacuation Pause) 154M->4M(256M) 2.320ms
[2025-03-05T13:20:41.636+0300][304.047s][info ][gc] GC(765) Pause Young (Normal) (G1 Evacuation Pause) 155M->5M(256M) 3.406ms
[2025-03-05T13:20:42.027+0300][304.437s][info ][gc] GC(766) Pause Young (Normal) (G1 Evacuation Pause) 155M->3M(256M) 1.417ms
[2025-03-05T13:20:42.422+0300][304.831s][info ][gc] GC(767) Pause Young (Normal) (G1 Evacuation Pause) 155M->4M(256M) 2.775ms
[2025-03-05T13:20:42.813+0300][305.224s][info ][gc] GC(768) Pause Young (Normal) (G1 Evacuation Pause) 154M->2M(256M) 0.875ms
[2025-03-05T13:20:43.209+0300][305.618s][info ][gc] GC(769) Pause Young (Normal) (G1 Evacuation Pause) 154M->3M(256M) 2.151ms
[2025-03-05T13:20:43.602+0300][306.012s][info ][gc] GC(770) Pause Young (Normal) (G1 Evacuation Pause) 154M->5M(256M) 3.708ms
[2025-03-05T13:20:43.989+0300][306.399s][info ][gc] GC(771) Pause Young (Normal) (G1 Evacuation Pause) 155M->3M(256M) 1.343ms
[2025-03-05T13:20:44.398+0300][306.808s][info ][gc] GC(772) Pause Young (Normal) (G1 Evacuation Pause) 155M->4M(256M) 2.768ms
[2025-03-05T13:20:44.909+0300][307.318s][info ][gc] GC(773) Pause Young (Normal) (G1 Evacuation Pause) 154M->5M(256M) 3.328ms
[2025-03-05T13:20:45.299+0300][307.709s][info ][gc] GC(774) Pause Young (Normal) (G1 Evacuation Pause) 154M->3M(256M) 1.709ms
[2025-03-05T13:20:45.695+0300][308.106s][info ][gc] GC(775) Pause Young (Normal) (G1 Evacuation Pause) 154M->4M(256M) 2.809ms
[2025-03-05T13:20:46.090+0300][308.499s][info ][gc] GC(776) Pause Young (Normal) (G1 Evacuation Pause) 154M->2M(256M) 1.079ms
[2025-03-05T13:20:46.480+0300][308.891s][info ][gc] GC(777) Pause Young (Normal) (G1 Evacuation Pause) 154M->4M(256M) 2.279ms
[2025-03-05T13:20:46.879+0300][309.289s][info ][gc] GC(778) Pause Young (Normal) (G1 Evacuation Pause) 155M->5M(256M) 3.326ms
[2025-03-05T13:20:47.266+0300][309.676s][info ][gc] GC(779) Pause Young (Normal) (G1 Evacuation Pause) 155M->3M(256M) 1.350ms
[2025-03-05T13:20:47.662+0300][310.072s][info ][gc] GC(780) Pause Young (Normal) (G1 Evacuation Pause) 155M->4M(256M) 2.957ms
[2025-03-05T13:20:48.050+0300][310.459s][info ][gc] GC(781) Pause Young (Normal) (G1 Evacuation Pause) 154M->2M(256M) 0.845ms
[2025-03-05T13:20:48.445+0300][310.855s][info ][gc] GC(782) Pause Young (Normal) (G1 Evacuation Pause) 154M->3M(256M) 1.896ms
[2025-03-05T13:20:48.840+0300][311.250s][info ][gc] GC(783) Pause Young (Normal) (G1 Evacuation Pause) 154M->5M(256M) 3.681ms
[2025-03-05T13:20:49.243+0300][311.654s][info ][gc] GC(784) Pause Young (Normal) (G1 Evacuation Pause) 155M->3M(256M) 1.019ms
[2025-03-05T13:20:49.702+0300][312.112s][info ][gc] GC(785) Pause Young (Normal) (G1 Evacuation Pause) 155M->4M(256M) 2.352ms
[2025-03-05T13:20:50.105+0300][312.514s][info ][gc] GC(786) Pause Young (Normal) (G1 Evacuation Pause) 154M->5M(256M) 3.759ms
[2025-03-05T13:20:50.501+0300][312.911s][info ][gc] GC(787) Pause Young (Normal) (G1 Evacuation Pause) 154M->3M(256M) 1.616ms
[2025-03-05T13:20:50.912+0300][313.322s][info ][gc] GC(788) Pause Young (Normal) (G1 Evacuation Pause) 154M->4M(256M) 2.612ms
[2025-03-05T13:20:51.303+0300][313.713s][info ][gc] GC(789) Pause Young (Normal) (G1 Evacuation Pause) 154M->2M(256M) 1.050ms
[2025-03-05T13:20:51.718+0300][314.127s][info ][gc] GC(790) Pause Young (Normal) (G1 Evacuation Pause) 154M->4M(256M) 2.301ms
[2025-03-05T13:20:52.111+0300][314.521s][info ][gc] GC(791) Pause Young (Normal) (G1 Evacuation Pause) 155M->5M(256M) 3.340ms
[2025-03-05T13:20:52.508+0300][314.917s][info ][gc] GC(792) Pause Young (Normal) (G1 Evacuation Pause) 155M->3M(256M) 1.392ms
[2025-03-05T13:20:52.922+0300][315.332s][info ][gc] GC(793) Pause Young (Normal) (G1 Evacuation Pause) 155M->4M(256M) 2.911ms
[2025-03-05T13:20:53.321+0300][315.730s][info ][gc] GC(794) Pause Young (Normal) (G1 Evacuation Pause) 154M->2M(256M) 0.580ms
[2025-03-05T13:20:53.715+0300][316.126s][info ][gc] GC(795) Pause Young (Normal) (G1 Evacuation Pause) 154M->3M(256M) 2.065ms
[2025-03-05T13:20:54.107+0300][316.517s][info ][gc] GC(796) Pause Young (Normal) (G1 Evacuation Pause) 154M->5M(256M) 3.495ms
[2025-03-05T13:20:54.494+0300][316.904s][info ][gc] GC(797) Pause Young (Normal) (G1 Evacuation Pause) 155M->3M(256M) 1.293ms
[2025-03-05T13:20:54.889+0300][317.300s][info ][gc] GC(798) Pause Young (Normal) (G1 Evacuation Pause) 155M->4M(256M) 2.266ms
[2025-03-05T13:20:55.307+0300][317.716s][info ][gc] GC(799) Pause Young (Normal) (G1 Evacuation Pause) 155M->5M(256M) 3.663ms
[2025-03-05T13:20:55.694+0300][318.104s][info ][gc] GC(800) Pause Young (Normal) (G1 Evacuation Pause) 154M->3M(256M) 1.755ms
[2025-03-05T13:20:56.090+0300][318.500s][info ][gc] GC(801) Pause Young (Normal) (G1 Evacuation Pause) 154M->5M(256M) 3.057ms
[2025-03-05T13:20:56.496+0300][318.906s][info ][gc] GC(802) Pause Young (Normal) (G1 Evacuation Pause) 155M->2M(256M) 0.814ms
[2025-03-05T13:20:56.940+0300][319.350s][info ][gc] GC(803) Pause Young (Normal) (G1 Evacuation Pause) 154M->4M(256M) 2.631ms
[2025-03-05T13:20:57.354+0300][319.764s][info ][gc] GC(804) Pause Young (Normal) (G1 Evacuation Pause) 155M->5M(256M) 3.854ms
[2025-03-05T13:20:57.748+0300][320.158s][info ][gc] GC(805) Pause Young (Normal) (G1 Evacuation Pause) 155M->3M(256M) 1.468ms
[2025-03-05T13:20:58.175+0300][320.585s][info ][gc] GC(806) Pause Young (Normal) (G1 Evacuation Pause) 155M->4M(256M) 2.852ms
[2025-03-05T13:20:58.681+0300][321.090s][info ][gc] GC(807) Pause Young (Normal) (G1 Evacuation Pause) 154M->2M(256M) 0.903ms
[2025-03-05T13:20:59.088+0300][321.499s][info ][gc] GC(808) Pause Young (Normal) (G1 Evacuation Pause) 154M->3M(256M) 1.874ms
[2025-03-05T13:20:59.517+0300][321.927s][info ][gc] GC(809) Pause Young (Normal) (G1 Evacuation Pause) 154M->5M(256M) 2.986ms
[2025-03-05T13:20:59.996+0300][322.406s][info ][gc] GC(810) Pause Young (Normal) (G1 Evacuation Pause) 155M->3M(256M) 1.334ms
[2025-03-05T13:21:00.508+0300][322.918s][info ][gc] GC(811) Pause Young (Normal) (G1 Evacuation Pause) 155M->4M(256M) 2.672ms
[2025-03-05T13:21:01.092+0300][323.502s][info ][gc] GC(812) Pause Young (Normal) (G1 Evacuation Pause) 154M->5M(256M) 5.612ms
[2025-03-05T13:21:01.650+0300][324.060s][info ][gc] GC(813) Pause Young (Normal) (G1 Evacuation Pause) 154M->3M(256M) 1.794ms
[2025-03-05T13:21:02.164+0300][324.574s][info ][gc] GC(814) Pause Young (Normal) (G1 Evacuation Pause) 154M->4M(256M) 3.117ms
[2025-03-05T13:21:02.600+0300][325.009s][info ][gc] GC(815) Pause Young (Normal) (G1 Evacuation Pause) 154M->2M(256M) 0.993ms
[2025-03-05T13:21:03.026+0300][325.436s][info ][gc] GC(816) Pause Young (Normal) (G1 Evacuation Pause) 154M->4M(256M) 2.598ms
[2025-03-05T13:21:03.443+0300][325.853s][info ][gc] GC(817) Pause Young (Normal) (G1 Evacuation Pause) 155M->5M(256M) 3.708ms
[2025-03-05T13:21:03.843+0300][326.253s][info ][gc] GC(818) Pause Young (Normal) (G1 Evacuation Pause) 155M->3M(256M) 1.456ms
[2025-03-05T13:21:04.273+0300][326.683s][info ][gc] GC(819) Pause Young (Normal) (G1 Evacuation Pause) 155M->4M(256M) 2.894ms
[2025-03-05T13:21:04.731+0300][327.141s][info ][gc] GC(820) Pause Young (Normal) (G1 Evacuation Pause) 154M->2M(256M) 0.523ms
[2025-03-05T13:21:05.170+0300][327.581s][info ][gc] GC(821) Pause Young (Normal) (G1 Evacuation Pause) 154M->3M(256M) 2.210ms
[2025-03-05T13:21:05.595+0300][328.005s][info ][gc] GC(822) Pause Young (Normal) (G1 Evacuation Pause) 154M->5M(256M) 4.104ms
[2025-03-05T13:21:06.028+0300][328.439s][info ][gc] GC(823) Pause Young (Normal) (G1 Evacuation Pause) 155M->3M(256M) 1.113ms
[2025-03-05T13:21:06.446+0300][328.855s][info ][gc] GC(824) Pause Young (Normal) (G1 Evacuation Pause) 155M->4M(256M) 2.957ms
[2025-03-05T13:21:06.870+0300][329.280s][info ][gc] GC(825) Pause Young (Normal) (G1 Evacuation Pause) 154M->5M(256M) 4.357ms
[2025-03-05T13:21:07.294+0300][329.704s][info ][gc] GC(826) Pause Young (Normal) (G1 Evacuation Pause) 154M->3M(256M) 1.724ms
[2025-03-05T13:21:07.707+0300][330.116s][info ][gc] GC(827) Pause Young (Normal) (G1 Evacuation Pause) 154M->4M(256M) 3.962ms
[2025-03-05T13:21:08.121+0300][330.530s][info ][gc] GC(828) Pause Young (Normal) (G1 Evacuation Pause) 154M->2M(256M) 0.828ms
[2025-03-05T13:21:08.701+0300][331.110s][info ][gc] GC(829) Pause Young (Normal) (G1 Evacuation Pause) 154M->4M(256M) 2.056ms
[2025-03-05T13:21:09.137+0300][331.547s][info ][gc] GC(830) Pause Young (Normal) (G1 Evacuation Pause) 155M->5M(256M) 3.686ms
[2025-03-05T13:21:09.645+0300][332.055s][info ][gc] GC(831) Pause Young (Normal) (G1 Evacuation Pause) 155M->3M(256M) 4.158ms
[2025-03-05T13:21:10.113+0300][332.523s][info ][gc] GC(832) Pause Young (Normal) (G1 Evacuation Pause) 155M->4M(256M) 3.071ms
[2025-03-05T13:21:10.505+0300][332.915s][info ][gc] GC(833) Pause Young (Normal) (G1 Evacuation Pause) 154M->2M(256M) 0.665ms
[2025-03-05T13:21:10.989+0300][333.399s][info ][gc] GC(834) Pause Young (Normal) (G1 Evacuation Pause) 154M->3M(256M) 2.591ms
[2025-03-05T13:21:11.508+0300][333.918s][info ][gc] GC(835) Pause Young (Normal) (G1 Evacuation Pause) 154M->5M(256M) 3.152ms
[2025-03-05T13:21:12.162+0300][334.572s][info ][gc] GC(836) Pause Young (Normal) (G1 Evacuation Pause) 155M->3M(256M) 1.244ms
[2025-03-05T13:21:12.659+0300][335.069s][info ][gc] GC(837) Pause Young (Normal) (G1 Evacuation Pause) 155M->4M(256M) 2.759ms
[2025-03-05T13:21:13.115+0300][335.525s][info ][gc] GC(838) Pause Young (Normal) (G1 Evacuation Pause) 154M->5M(256M) 3.819ms
[2025-03-05T13:21:13.525+0300][335.935s][info ][gc] GC(839) Pause Young (Normal) (G1 Evacuation Pause) 154M->3M(256M) 1.514ms
[2025-03-05T13:21:13.942+0300][336.352s][info ][gc] GC(840) Pause Young (Normal) (G1 Evacuation Pause) 154M->4M(256M) 2.668ms
[2025-03-05T13:21:14.354+0300][336.764s][info ][gc] GC(841) Pause Young (Normal) (G1 Evacuation Pause) 154M->2M(256M) 1.003ms
[2025-03-05T13:21:14.905+0300][337.315s][info ][gc] GC(842) Pause Young (Normal) (G1 Evacuation Pause) 154M->4M(256M) 2.854ms
[2025-03-05T13:21:15.341+0300][337.751s][info ][gc] GC(843) Pause Young (Normal) (G1 Evacuation Pause) 155M->5M(256M) 3.844ms
[2025-03-05T13:21:15.764+0300][338.174s][info ][gc] GC(844) Pause Young (Normal) (G1 Evacuation Pause) 155M->3M(256M) 1.479ms
[2025-03-05T13:21:16.174+0300][338.584s][info ][gc] GC(845) Pause Young (Normal) (G1 Evacuation Pause) 155M->4M(256M) 2.994ms
[2025-03-05T13:21:16.578+0300][338.987s][info ][gc] GC(846) Pause Young (Normal) (G1 Evacuation Pause) 154M->2M(256M) 0.800ms
[2025-03-05T13:21:16.989+0300][339.399s][info ][gc] GC(847) Pause Young (Normal) (G1 Evacuation Pause) 154M->3M(256M) 2.282ms
[2025-03-05T13:21:17.396+0300][339.806s][info ][gc] GC(848) Pause Young (Normal) (G1 Evacuation Pause) 154M->5M(256M) 3.726ms
[2025-03-05T13:21:17.804+0300][340.214s][info ][gc] GC(849) Pause Young (Normal) (G1 Evacuation Pause) 155M->3M(256M) 1.358ms
[2025-03-05T13:21:18.207+0300][340.617s][info ][gc] GC(850) Pause Young (Normal) (G1 Evacuation Pause) 155M->4M(256M) 2.779ms
[2025-03-05T13:21:18.618+0300][341.027s][info ][gc] GC(851) Pause Young (Normal) (G1 Evacuation Pause) 155M->5M(256M) 3.945ms
[2025-03-05T13:21:19.016+0300][341.426s][info ][gc] GC(852) Pause Young (Normal) (G1 Evacuation Pause) 154M->3M(256M) 1.674ms
[2025-03-05T13:21:19.423+0300][341.834s][info ][gc] GC(853) Pause Young (Normal) (G1 Evacuation Pause) 154M->4M(256M) 2.671ms
[2025-03-05T13:21:19.832+0300][342.242s][info ][gc] GC(854) Pause Young (Normal) (G1 Evacuation Pause) 154M->2M(256M) 1.119ms
[2025-03-05T13:21:20.240+0300][342.650s][info ][gc] GC(855) Pause Young (Normal) (G1 Evacuation Pause) 154M->4M(256M) 3.204ms
[2025-03-05T13:21:20.650+0300][343.061s][info ][gc] GC(856) Pause Young (Normal) (G1 Evacuation Pause) 155M->5M(256M) 4.092ms
[2025-03-05T13:21:21.051+0300][343.461s][info ][gc] GC(857) Pause Young (Normal) (G1 Evacuation Pause) 155M->3M(256M) 1.263ms
[2025-03-05T13:21:21.479+0300][343.889s][info ][gc] GC(858) Pause Young (Normal) (G1 Evacuation Pause) 155M->4M(256M) 2.940ms
[2025-03-05T13:21:21.906+0300][344.316s][info ][gc] GC(859) Pause Young (Normal) (G1 Evacuation Pause) 154M->2M(256M) 0.753ms
[2025-03-05T13:21:22.312+0300][344.722s][info ][gc] GC(860) Pause Young (Normal) (G1 Evacuation Pause) 154M->3M(256M) 2.146ms
[2025-03-05T13:21:22.742+0300][345.152s][info ][gc] GC(861) Pause Young (Normal) (G1 Evacuation Pause) 154M->5M(256M) 3.759ms
[2025-03-05T13:21:23.141+0300][345.551s][info ][gc] GC(862) Pause Young (Normal) (G1 Evacuation Pause) 155M->3M(256M) 1.294ms
[2025-03-05T13:21:23.550+0300][345.960s][info ][gc] GC(863) Pause Young (Normal) (G1 Evacuation Pause) 155M->4M(256M) 2.519ms
[2025-03-05T13:21:23.955+0300][346.365s][info ][gc] GC(864) Pause Young (Normal) (G1 Evacuation Pause) 154M->5M(256M) 4.771ms
[2025-03-05T13:21:24.386+0300][346.796s][info ][gc] GC(865) Pause Young (Normal) (G1 Evacuation Pause) 154M->3M(256M) 1.380ms
[2025-03-05T13:21:24.961+0300][347.371s][info ][gc] GC(866) Pause Young (Normal) (G1 Evacuation Pause) 154M->5M(256M) 3.564ms
[2025-03-05T13:21:25.753+0300][348.163s][info ][gc] GC(867) Pause Young (Normal) (G1 Evacuation Pause) 155M->2M(256M) 1.137ms
[2025-03-05T13:21:26.209+0300][348.620s][info ][gc] GC(868) Pause Young (Normal) (G1 Evacuation Pause) 154M->4M(256M) 2.089ms
[2025-03-05T13:21:26.657+0300][349.067s][info ][gc] GC(869) Pause Young (Normal) (G1 Evacuation Pause) 155M->5M(256M) 3.808ms
[2025-03-05T13:21:27.093+0300][349.503s][info ][gc] GC(870) Pause Young (Normal) (G1 Evacuation Pause) 155M->3M(256M) 1.296ms
[2025-03-05T13:21:27.599+0300][350.010s][info ][gc] GC(871) Pause Young (Normal) (G1 Evacuation Pause) 155M->4M(256M) 2.658ms
[2025-03-05T13:21:28.087+0300][350.498s][info ][gc] GC(872) Pause Young (Normal) (G1 Evacuation Pause) 154M->2M(256M) 0.598ms
[2025-03-05T13:21:28.570+0300][350.980s][info ][gc] GC(873) Pause Young (Normal) (G1 Evacuation Pause) 154M->3M(256M) 2.412ms
[2025-03-05T13:21:29.028+0300][351.438s][info ][gc] GC(874) Pause Young (Normal) (G1 Evacuation Pause) 154M->5M(256M) 3.639ms
[2025-03-05T13:21:29.519+0300][351.928s][info ][gc] GC(875) Pause Young (Normal) (G1 Evacuation Pause) 155M->3M(256M) 1.281ms
[2025-03-05T13:21:30.227+0300][352.637s][info ][gc] GC(876) Pause Young (Normal) (G1 Evacuation Pause) 155M->4M(256M) 2.797ms
[2025-03-05T13:21:30.653+0300][353.064s][info ][gc] GC(877) Pause Young (Normal) (G1 Evacuation Pause) 154M->5M(256M) 4.315ms
[2025-03-05T13:21:31.064+0300][353.474s][info ][gc] GC(878) Pause Young (Normal) (G1 Evacuation Pause) 154M->3M(256M) 1.901ms
[2025-03-05T13:21:31.479+0300][353.889s][info ][gc] GC(879) Pause Young (Normal) (G1 Evacuation Pause) 154M->4M(256M) 3.001ms
[2025-03-05T13:21:31.892+0300][354.303s][info ][gc] GC(880) Pause Young (Normal) (G1 Evacuation Pause) 154M->2M(256M) 1.032ms
[2025-03-05T13:21:32.312+0300][354.722s][info ][gc] GC(881) Pause Young (Normal) (G1 Evacuation Pause) 154M->4M(256M) 2.173ms
[2025-03-05T13:21:32.735+0300][355.145s][info ][gc] GC(882) Pause Young (Normal) (G1 Evacuation Pause) 155M->5M(256M) 3.904ms
[2025-03-05T13:21:33.152+0300][355.562s][info ][gc] GC(883) Pause Young (Normal) (G1 Evacuation Pause) 155M->3M(256M) 1.479ms
[2025-03-05T13:21:33.569+0300][355.979s][info ][gc] GC(884) Pause Young (Normal) (G1 Evacuation Pause) 155M->4M(256M) 2.733ms
[2025-03-05T13:21:33.987+0300][356.397s][info ][gc] GC(885) Pause Young (Normal) (G1 Evacuation Pause) 154M->2M(256M) 0.819ms
[2025-03-05T13:21:34.421+0300][356.831s][info ][gc] GC(886) Pause Young (Normal) (G1 Evacuation Pause) 154M->3M(256M) 2.450ms
[2025-03-05T13:21:34.847+0300][357.257s][info ][gc] GC(887) Pause Young (Normal) (G1 Evacuation Pause) 154M->5M(256M) 3.545ms
[2025-03-05T13:21:35.271+0300][357.682s][info ][gc] GC(888) Pause Young (Normal) (G1 Evacuation Pause) 155M->3M(256M) 1.534ms
[2025-03-05T13:21:35.698+0300][358.108s][info ][gc] GC(889) Pause Young (Normal) (G1 Evacuation Pause) 155M->4M(256M) 2.744ms
[2025-03-05T13:21:36.111+0300][358.521s][info ][gc] GC(890) Pause Young (Normal) (G1 Evacuation Pause) 154M->5M(256M) 4.555ms
[2025-03-05T13:21:36.520+0300][358.930s][info ][gc] GC(891) Pause Young (Normal) (G1 Evacuation Pause) 154M->3M(256M) 2.006ms
[2025-03-05T13:21:36.937+0300][359.347s][info ][gc] GC(892) Pause Young (Normal) (G1 Evacuation Pause) 154M->4M(256M) 3.229ms
[2025-03-05T13:21:37.346+0300][359.755s][info ][gc] GC(893) Pause Young (Normal) (G1 Evacuation Pause) 154M->2M(256M) 1.129ms
[2025-03-05T13:21:37.822+0300][360.232s][info ][gc] GC(894) Pause Young (Normal) (G1 Evacuation Pause) 154M->4M(256M) 3.455ms
[2025-03-05T13:21:38.251+0300][360.661s][info ][gc] GC(895) Pause Young (Normal) (G1 Evacuation Pause) 155M->5M(256M) 3.566ms
[2025-03-05T13:21:38.703+0300][361.112s][info ][gc] GC(896) Pause Young (Normal) (G1 Evacuation Pause) 155M->3M(256M) 1.182ms
[2025-03-05T13:21:39.115+0300][361.525s][info ][gc] GC(897) Pause Young (Normal) (G1 Evacuation Pause) 155M->4M(256M) 2.836ms
[2025-03-05T13:21:39.517+0300][361.927s][info ][gc] GC(898) Pause Young (Normal) (G1 Evacuation Pause) 154M->2M(256M) 0.611ms
[2025-03-05T13:21:39.929+0300][362.340s][info ][gc] GC(899) Pause Young (Normal) (G1 Evacuation Pause) 154M->3M(256M) 2.192ms
[2025-03-05T13:21:40.336+0300][362.747s][info ][gc] GC(900) Pause Young (Normal) (G1 Evacuation Pause) 154M->5M(256M) 3.163ms
[2025-03-05T13:21:40.746+0300][363.156s][info ][gc] GC(901) Pause Young (Normal) (G1 Evacuation Pause) 155M->3M(256M) 1.249ms
[2025-03-05T13:21:41.153+0300][363.564s][info ][gc] GC(902) Pause Young (Normal) (G1 Evacuation Pause) 155M->4M(256M) 3.071ms
[2025-03-05T13:21:41.562+0300][363.972s][info ][gc] GC(903) Pause Young (Normal) (G1 Evacuation Pause) 155M->5M(256M) 3.848ms
[2025-03-05T13:21:41.971+0300][364.381s][info ][gc] GC(904) Pause Young (Normal) (G1 Evacuation Pause) 154M->3M(256M) 2.030ms
[2025-03-05T13:21:42.378+0300][364.789s][info ][gc] GC(905) Pause Young (Normal) (G1 Evacuation Pause) 154M->4M(256M) 3.756ms
[2025-03-05T13:21:42.812+0300][365.222s][info ][gc] GC(906) Pause Young (Normal) (G1 Evacuation Pause) 154M->2M(256M) 1.013ms
[2025-03-05T13:21:43.219+0300][365.628s][info ][gc] GC(907) Pause Young (Normal) (G1 Evacuation Pause) 154M->4M(256M) 2.198ms
[2025-03-05T13:21:43.634+0300][366.044s][info ][gc] GC(908) Pause Young (Normal) (G1 Evacuation Pause) 155M->5M(256M) 4.150ms
[2025-03-05T13:21:44.050+0300][366.460s][info ][gc] GC(909) Pause Young (Normal) (G1 Evacuation Pause) 155M->3M(256M) 1.490ms
[2025-03-05T13:21:44.542+0300][366.952s][info ][gc] GC(910) Pause Young (Normal) (G1 Evacuation Pause) 155M->4M(256M) 4.129ms
[2025-03-05T13:21:45.298+0300][367.708s][info ][gc] GC(911) Pause Young (Normal) (G1 Evacuation Pause) 154M->2M(256M) 1.249ms
[2025-03-05T13:21:46.174+0300][368.584s][info ][gc] GC(912) Pause Young (Normal) (G1 Evacuation Pause) 154M->3M(256M) 3.136ms
[2025-03-05T13:21:46.695+0300][369.105s][info ][gc] GC(913) Pause Young (Normal) (G1 Evacuation Pause) 154M->5M(256M) 4.510ms
[2025-03-05T13:21:47.190+0300][369.599s][info ][gc] GC(914) Pause Young (Normal) (G1 Evacuation Pause) 155M->3M(256M) 1.433ms
[2025-03-05T13:21:47.693+0300][370.103s][info ][gc] GC(915) Pause Young (Normal) (G1 Evacuation Pause) 155M->4M(256M) 3.385ms
[2025-03-05T13:21:48.143+0300][370.553s][info ][gc] GC(916) Pause Young (Normal) (G1 Evacuation Pause) 154M->5M(256M) 5.174ms
[2025-03-05T13:21:48.586+0300][370.997s][info ][gc] GC(917) Pause Young (Normal) (G1 Evacuation Pause) 154M->3M(256M) 1.828ms
[2025-03-05T13:21:49.048+0300][371.457s][info ][gc] GC(918) Pause Young (Normal) (G1 Evacuation Pause) 154M->4M(256M) 3.088ms
[2025-03-05T13:21:49.514+0300][371.924s][info ][gc] GC(919) Pause Young (Normal) (G1 Evacuation Pause) 154M->2M(256M) 0.984ms
[2025-03-05T13:21:49.999+0300][372.410s][info ][gc] GC(920) Pause Young (Normal) (G1 Evacuation Pause) 154M->4M(256M) 2.696ms
[2025-03-05T13:21:50.751+0300][373.161s][info ][gc] GC(921) Pause Young (Normal) (G1 Evacuation Pause) 155M->5M(256M) 3.623ms
[2025-03-05T13:21:51.239+0300][373.649s][info ][gc] GC(922) Pause Young (Normal) (G1 Evacuation Pause) 155M->3M(256M) 1.424ms
[2025-03-05T13:21:51.780+0300][374.190s][info ][gc] GC(923) Pause Young (Normal) (G1 Evacuation Pause) 155M->4M(256M) 3.358ms
[2025-03-05T13:21:52.331+0300][374.741s][info ][gc] GC(924) Pause Young (Normal) (G1 Evacuation Pause) 154M->2M(256M) 0.700ms
[2025-03-05T13:21:52.843+0300][375.253s][info ][gc] GC(925) Pause Young (Normal) (G1 Evacuation Pause) 154M->3M(256M) 2.131ms
[2025-03-05T13:21:53.278+0300][375.688s][info ][gc] GC(926) Pause Young (Normal) (G1 Evacuation Pause) 154M->5M(256M) 3.233ms
[2025-03-05T13:21:53.753+0300][376.163s][info ][gc] GC(927) Pause Young (Normal) (G1 Evacuation Pause) 155M->3M(256M) 1.240ms
[2025-03-05T13:21:54.206+0300][376.616s][info ][gc] GC(928) Pause Young (Normal) (G1 Evacuation Pause) 155M->4M(256M) 3.137ms
[2025-03-05T13:21:54.629+0300][377.040s][info ][gc] GC(929) Pause Young (Normal) (G1 Evacuation Pause) 154M->5M(256M) 4.131ms
[2025-03-05T13:21:55.050+0300][377.460s][info ][gc] GC(930) Pause Young (Normal) (G1 Evacuation Pause) 154M->3M(256M) 2.123ms
[2025-03-05T13:21:55.463+0300][377.873s][info ][gc] GC(931) Pause Young (Normal) (G1 Evacuation Pause) 154M->4M(256M) 2.978ms
[2025-03-05T13:21:55.888+0300][378.298s][info ][gc] GC(932) Pause Young (Normal) (G1 Evacuation Pause) 154M->2M(256M) 0.886ms
[2025-03-05T13:21:56.322+0300][378.732s][info ][gc] GC(933) Pause Young (Normal) (G1 Evacuation Pause) 154M->4M(256M) 2.657ms
[2025-03-05T13:21:56.763+0300][379.172s][info ][gc] GC(934) Pause Young (Normal) (G1 Evacuation Pause) 155M->5M(256M) 4.372ms
[2025-03-05T13:21:57.184+0300][379.594s][info ][gc] GC(935) Pause Young (Normal) (G1 Evacuation Pause) 155M->3M(256M) 1.516ms
[2025-03-05T13:21:57.622+0300][380.032s][info ][gc] GC(936) Pause Young (Normal) (G1 Evacuation Pause) 155M->4M(256M) 3.598ms
[2025-03-05T13:21:58.137+0300][380.547s][info ][gc] GC(937) Pause Young (Normal) (G1 Evacuation Pause) 154M->2M(256M) 0.564ms
[2025-03-05T13:21:58.658+0300][381.069s][info ][gc] GC(938) Pause Young (Normal) (G1 Evacuation Pause) 154M->3M(256M) 1.935ms
[2025-03-05T13:21:59.149+0300][381.559s][info ][gc] GC(939) Pause Young (Normal) (G1 Evacuation Pause) 154M->5M(256M) 3.682ms
[2025-03-05T13:21:59.804+0300][382.214s][info ][gc] GC(940) Pause Young (Normal) (G1 Evacuation Pause) 155M->3M(256M) 1.128ms
[2025-03-05T13:22:00.367+0300][382.777s][info ][gc] GC(941) Pause Young (Normal) (G1 Evacuation Pause) 155M->4M(256M) 3.654ms
[2025-03-05T13:22:00.885+0300][383.295s][info ][gc] GC(942) Pause Young (Normal) (G1 Evacuation Pause) 155M->5M(256M) 3.909ms
[2025-03-05T13:22:01.331+0300][383.741s][info ][gc] GC(943) Pause Young (Normal) (G1 Evacuation Pause) 154M->3M(256M) 2.087ms
[2025-03-05T13:22:01.791+0300][384.201s][info ][gc] GC(944) Pause Young (Normal) (G1 Evacuation Pause) 154M->4M(256M) 3.853ms
[2025-03-05T13:22:02.216+0300][384.625s][info ][gc] GC(945) Pause Young (Normal) (G1 Evacuation Pause) 154M->2M(256M) 1.023ms
[2025-03-05T13:22:02.672+0300][385.082s][info ][gc] GC(946) Pause Young (Normal) (G1 Evacuation Pause) 154M->4M(256M) 2.530ms
[2025-03-05T13:22:03.103+0300][385.513s][info ][gc] GC(947) Pause Young (Normal) (G1 Evacuation Pause) 155M->5M(256M) 3.810ms
[2025-03-05T13:22:03.528+0300][385.938s][info ][gc] GC(948) Pause Young (Normal) (G1 Evacuation Pause) 155M->3M(256M) 2.147ms
[2025-03-05T13:22:03.964+0300][386.375s][info ][gc] GC(949) Pause Young (Normal) (G1 Evacuation Pause) 154M->4M(256M) 3.140ms
[2025-03-05T13:22:04.389+0300][386.800s][info ][gc] GC(950) Pause Young (Normal) (G1 Evacuation Pause) 154M->2M(256M) 0.748ms
[2025-03-05T13:22:04.963+0300][387.373s][info ][gc] GC(951) Pause Young (Normal) (G1 Evacuation Pause) 154M->3M(256M) 2.149ms
[2025-03-05T13:22:05.406+0300][387.816s][info ][gc] GC(952) Pause Young (Normal) (G1 Evacuation Pause) 154M->5M(256M) 4.055ms
[2025-03-05T13:22:05.836+0300][388.247s][info ][gc] GC(953) Pause Young (Normal) (G1 Evacuation Pause) 155M->3M(256M) 1.537ms
[2025-03-05T13:22:06.274+0300][388.684s][info ][gc] GC(954) Pause Young (Normal) (G1 Evacuation Pause) 155M->4M(256M) 3.408ms
[2025-03-05T13:22:06.706+0300][389.116s][info ][gc] GC(955) Pause Young (Normal) (G1 Evacuation Pause) 155M->5M(256M) 4.679ms
[2025-03-05T13:22:07.123+0300][389.533s][info ][gc] GC(956) Pause Young (Normal) (G1 Evacuation Pause) 154M->3M(256M) 2.049ms
[2025-03-05T13:22:07.548+0300][389.958s][info ][gc] GC(957) Pause Young (Normal) (G1 Evacuation Pause) 154M->5M(256M) 3.637ms
[2025-03-05T13:22:07.977+0300][390.386s][info ][gc] GC(958) Pause Young (Normal) (G1 Evacuation Pause) 155M->2M(256M) 1.907ms
[2025-03-05T13:22:08.402+0300][390.812s][info ][gc] GC(959) Pause Young (Normal) (G1 Evacuation Pause) 154M->4M(256M) 2.640ms
[2025-03-05T13:22:08.901+0300][391.311s][info ][gc] GC(960) Pause Young (Normal) (G1 Evacuation Pause) 155M->5M(256M) 3.303ms
[2025-03-05T13:22:09.368+0300][391.779s][info ][gc] GC(961) Pause Young (Normal) (G1 Evacuation Pause) 155M->3M(256M) 1.346ms
[2025-03-05T13:22:09.840+0300][392.250s][info ][gc] GC(962) Pause Young (Normal) (G1 Evacuation Pause) 155M->4M(256M) 4.352ms
[2025-03-05T13:22:10.345+0300][392.755s][info ][gc] GC(963) Pause Young (Normal) (G1 Evacuation Pause) 154M->2M(256M) 1.110ms
[2025-03-05T13:22:10.986+0300][393.396s][info ][gc] GC(964) Pause Young (Normal) (G1 Evacuation Pause) 154M->3M(256M) 4.272ms
[2025-03-05T13:22:11.858+0300][394.268s][info ][gc] GC(965) Pause Young (Normal) (G1 Evacuation Pause) 154M->5M(256M) 3.422ms
[2025-03-05T13:22:12.353+0300][394.764s][info ][gc] GC(966) Pause Young (Normal) (G1 Evacuation Pause) 155M->3M(256M) 1.595ms
[2025-03-05T13:22:12.841+0300][395.251s][info ][gc] GC(967) Pause Young (Normal) (G1 Evacuation Pause) 155M->4M(256M) 3.302ms
[2025-03-05T13:22:13.313+0300][395.724s][info ][gc] GC(968) Pause Young (Normal) (G1 Evacuation Pause) 154M->5M(256M) 4.070ms
[2025-03-05T13:22:13.772+0300][396.182s][info ][gc] GC(969) Pause Young (Normal) (G1 Evacuation Pause) 154M->3M(256M) 2.144ms
[2025-03-05T13:22:14.208+0300][396.618s][info ][gc] GC(970) Pause Young (Normal) (G1 Evacuation Pause) 154M->5M(256M) 2.838ms
[2025-03-05T13:22:14.659+0300][397.070s][info ][gc] GC(971) Pause Young (Normal) (G1 Evacuation Pause) 155M->2M(256M) 1.008ms
[2025-03-05T13:22:15.148+0300][397.558s][info ][gc] GC(972) Pause Young (Normal) (G1 Evacuation Pause) 154M->4M(256M) 2.063ms
[2025-03-05T13:22:15.558+0300][397.967s][info ][gc] GC(973) Pause Young (Normal) (G1 Evacuation Pause) 155M->5M(256M) 3.303ms
[2025-03-05T13:22:15.973+0300][398.383s][info ][gc] GC(974) Pause Young (Normal) (G1 Evacuation Pause) 155M->3M(256M) 1.256ms
[2025-03-05T13:22:16.404+0300][398.814s][info ][gc] GC(975) Pause Young (Normal) (G1 Evacuation Pause) 155M->4M(256M) 2.674ms
[2025-03-05T13:22:16.826+0300][399.235s][info ][gc] GC(976) Pause Young (Normal) (G1 Evacuation Pause) 154M->2M(256M) 1.071ms
[2025-03-05T13:22:17.260+0300][399.670s][info ][gc] GC(977) Pause Young (Normal) (G1 Evacuation Pause) 154M->3M(256M) 2.158ms
[2025-03-05T13:22:17.709+0300][400.119s][info ][gc] GC(978) Pause Young (Normal) (G1 Evacuation Pause) 154M->5M(256M) 3.799ms
[2025-03-05T13:22:18.122+0300][400.532s][info ][gc] GC(979) Pause Young (Normal) (G1 Evacuation Pause) 155M->3M(256M) 1.114ms
[2025-03-05T13:22:18.541+0300][400.951s][info ][gc] GC(980) Pause Young (Normal) (G1 Evacuation Pause) 155M->4M(256M) 3.634ms
[2025-03-05T13:22:18.969+0300][401.380s][info ][gc] GC(981) Pause Young (Normal) (G1 Evacuation Pause) 154M->5M(256M) 3.569ms
[2025-03-05T13:22:19.391+0300][401.801s][info ][gc] GC(982) Pause Young (Normal) (G1 Evacuation Pause) 154M->3M(256M) 1.916ms
[2025-03-05T13:22:20.140+0300][402.550s][info ][gc] GC(983) Pause Young (Normal) (G1 Evacuation Pause) 154M->4M(256M) 3.776ms
[2025-03-05T13:22:20.680+0300][403.090s][info ][gc] GC(984) Pause Young (Normal) (G1 Evacuation Pause) 154M->2M(256M) 1.354ms
[2025-03-05T13:22:21.136+0300][403.546s][info ][gc] GC(985) Pause Young (Normal) (G1 Evacuation Pause) 154M->4M(256M) 2.282ms
[2025-03-05T13:22:21.593+0300][404.004s][info ][gc] GC(986) Pause Young (Normal) (G1 Evacuation Pause) 155M->5M(256M) 5.167ms
[2025-03-05T13:22:22.052+0300][404.461s][info ][gc] GC(987) Pause Young (Normal) (G1 Evacuation Pause) 155M->3M(256M) 1.325ms
[2025-03-05T13:22:22.507+0300][404.918s][info ][gc] GC(988) Pause Young (Normal) (G1 Evacuation Pause) 155M->4M(256M) 2.798ms
[2025-03-05T13:22:22.961+0300][405.371s][info ][gc] GC(989) Pause Young (Normal) (G1 Evacuation Pause) 154M->2M(256M) 0.710ms
[2025-03-05T13:22:23.419+0300][405.830s][info ][gc] GC(990) Pause Young (Normal) (G1 Evacuation Pause) 154M->3M(256M) 2.855ms
[2025-03-05T13:22:23.887+0300][406.297s][info ][gc] GC(991) Pause Young (Normal) (G1 Evacuation Pause) 154M->5M(256M) 4.415ms
[2025-03-05T13:22:24.343+0300][406.754s][info ][gc] GC(992) Pause Young (Normal) (G1 Evacuation Pause) 155M->3M(256M) 1.133ms
[2025-03-05T13:22:24.772+0300][407.182s][info ][gc] GC(993) Pause Young (Normal) (G1 Evacuation Pause) 155M->4M(256M) 2.795ms
[2025-03-05T13:22:25.188+0300][407.598s][info ][gc] GC(994) Pause Young (Normal) (G1 Evacuation Pause) 155M->2M(256M) 0.764ms
[2025-03-05T13:22:25.607+0300][408.017s][info ][gc] GC(995) Pause Young (Normal) (G1 Evacuation Pause) 154M->3M(256M) 2.862ms
[2025-03-05T13:22:26.046+0300][408.456s][info ][gc] GC(996) Pause Young (Normal) (G1 Evacuation Pause) 154M->5M(256M) 3.305ms
[2025-03-05T13:22:26.467+0300][408.877s][info ][gc] GC(997) Pause Young (Normal) (G1 Evacuation Pause) 155M->3M(256M) 1.174ms
[2025-03-05T13:22:26.897+0300][409.308s][info ][gc] GC(998) Pause Young (Normal) (G1 Evacuation Pause) 155M->4M(256M) 3.082ms
[2025-03-05T13:22:27.316+0300][409.727s][info ][gc] GC(999) Pause Young (Normal) (G1 Evacuation Pause) 155M->5M(256M) 4.491ms
[2025-03-05T13:22:27.735+0300][410.145s][info ][gc] GC(1000) Pause Young (Normal) (G1 Evacuation Pause) 154M->3M(256M) 1.708ms
[2025-03-05T13:22:28.156+0300][410.567s][info ][gc] GC(1001) Pause Young (Normal) (G1 Evacuation Pause) 154M->4M(256M) 2.838ms
[2025-03-05T13:22:28.571+0300][410.981s][info ][gc] GC(1002) Pause Young (Normal) (G1 Evacuation Pause) 154M->2M(256M) 1.053ms
[2025-03-05T13:22:28.996+0300][411.407s][info ][gc] GC(1003) Pause Young (Normal) (G1 Evacuation Pause) 154M->4M(256M) 2.499ms
[2025-03-05T13:22:29.425+0300][411.836s][info ][gc] GC(1004) Pause Young (Normal) (G1 Evacuation Pause) 155M->5M(256M) 3.973ms
[2025-03-05T13:22:29.960+0300][412.371s][info ][gc] GC(1005) Pause Young (Normal) (G1 Evacuation Pause) 155M->3M(256M) 1.444ms
[2025-03-05T13:22:30.399+0300][412.808s][info ][gc] GC(1006) Pause Young (Normal) (G1 Evacuation Pause) 155M->4M(256M) 2.813ms
[2025-03-05T13:22:30.815+0300][413.225s][info ][gc] GC(1007) Pause Young (Normal) (G1 Evacuation Pause) 154M->2M(256M) 0.880ms
[2025-03-05T13:22:31.386+0300][413.796s][info ][gc] GC(1008) Pause Young (Normal) (G1 Evacuation Pause) 154M->4M(256M) 59.877ms
[2025-03-05T13:22:31.872+0300][414.282s][info ][gc] GC(1009) Pause Young (Normal) (G1 Evacuation Pause) 155M->5M(256M) 3.603ms
[2025-03-05T13:22:32.316+0300][414.725s][info ][gc] GC(1010) Pause Young (Normal) (G1 Evacuation Pause) 155M->3M(256M) 1.365ms
[2025-03-05T13:22:32.743+0300][415.153s][info ][gc] GC(1011) Pause Young (Normal) (G1 Evacuation Pause) 155M->4M(256M) 2.702ms
[2025-03-05T13:22:33.187+0300][415.597s][info ][gc] GC(1012) Pause Young (Normal) (G1 Evacuation Pause) 154M->5M(256M) 4.228ms
[2025-03-05T13:22:33.732+0300][416.143s][info ][gc] GC(1013) Pause Young (Normal) (G1 Evacuation Pause) 154M->3M(256M) 2.236ms
[2025-03-05T13:22:34.169+0300][416.579s][info ][gc] GC(1014) Pause Young (Normal) (G1 Evacuation Pause) 154M->4M(256M) 3.105ms
[2025-03-05T13:22:34.586+0300][416.997s][info ][gc] GC(1015) Pause Young (Normal) (G1 Evacuation Pause) 154M->2M(256M) 1.024ms
[2025-03-05T13:22:35.008+0300][417.418s][info ][gc] GC(1016) Pause Young (Normal) (G1 Evacuation Pause) 154M->4M(256M) 2.752ms
[2025-03-05T13:22:35.445+0300][417.855s][info ][gc] GC(1017) Pause Young (Normal) (G1 Evacuation Pause) 155M->5M(256M) 3.458ms
[2025-03-05T13:22:35.869+0300][418.279s][info ][gc] GC(1018) Pause Young (Normal) (G1 Evacuation Pause) 155M->3M(256M) 1.627ms
[2025-03-05T13:22:36.313+0300][418.724s][info ][gc] GC(1019) Pause Young (Normal) (G1 Evacuation Pause) 155M->4M(256M) 2.979ms
[2025-03-05T13:22:36.738+0300][419.148s][info ][gc] GC(1020) Pause Young (Normal) (G1 Evacuation Pause) 154M->2M(256M) 0.572ms
[2025-03-05T13:22:37.183+0300][419.593s][info ][gc] GC(1021) Pause Young (Normal) (G1 Evacuation Pause) 154M->3M(256M) 2.227ms
[2025-03-05T13:22:37.875+0300][420.284s][info ][gc] GC(1022) Pause Young (Normal) (G1 Evacuation Pause) 154M->5M(256M) 4.238ms
[2025-03-05T13:22:38.390+0300][420.800s][info ][gc] GC(1023) Pause Young (Normal) (G1 Evacuation Pause) 155M->3M(256M) 1.318ms
[2025-03-05T13:22:38.967+0300][421.377s][info ][gc] GC(1024) Pause Young (Normal) (G1 Evacuation Pause) 155M->4M(256M) 2.932ms
[2025-03-05T13:22:39.385+0300][421.795s][info ][gc] GC(1025) Pause Young (Normal) (G1 Evacuation Pause) 154M->5M(256M) 4.291ms
[2025-03-05T13:22:39.802+0300][422.212s][info ][gc] GC(1026) Pause Young (Normal) (G1 Evacuation Pause) 154M->3M(256M) 1.533ms
[2025-03-05T13:22:40.211+0300][422.621s][info ][gc] GC(1027) Pause Young (Normal) (G1 Evacuation Pause) 154M->4M(256M) 3.047ms
[2025-03-05T13:22:40.617+0300][423.027s][info ][gc] GC(1028) Pause Young (Normal) (G1 Evacuation Pause) 154M->2M(256M) 0.747ms
[2025-03-05T13:22:41.031+0300][423.442s][info ][gc] GC(1029) Pause Young (Normal) (G1 Evacuation Pause) 154M->4M(256M) 2.370ms
[2025-03-05T13:22:41.430+0300][423.840s][info ][gc] GC(1030) Pause Young (Normal) (G1 Evacuation Pause) 155M->5M(256M) 3.446ms
[2025-03-05T13:22:41.830+0300][424.240s][info ][gc] GC(1031) Pause Young (Normal) (G1 Evacuation Pause) 155M->3M(256M) 1.445ms
[2025-03-05T13:22:42.246+0300][424.656s][info ][gc] GC(1032) Pause Young (Normal) (G1 Evacuation Pause) 155M->4M(256M) 2.364ms
[2025-03-05T13:22:42.683+0300][425.093s][info ][gc] GC(1033) Pause Young (Normal) (G1 Evacuation Pause) 154M->2M(256M) 0.746ms
[2025-03-05T13:22:43.131+0300][425.541s][info ][gc] GC(1034) Pause Young (Normal) (G1 Evacuation Pause) 154M->3M(256M) 2.290ms
[2025-03-05T13:22:43.554+0300][425.965s][info ][gc] GC(1035) Pause Young (Normal) (G1 Evacuation Pause) 154M->5M(256M) 3.817ms
[2025-03-05T13:22:43.997+0300][426.407s][info ][gc] GC(1036) Pause Young (Normal) (G1 Evacuation Pause) 155M->3M(256M) 1.188ms
[2025-03-05T13:22:44.393+0300][426.804s][info ][gc] GC(1037) Pause Young (Normal) (G1 Evacuation Pause) 155M->4M(256M) 2.772ms
[2025-03-05T13:22:44.791+0300][427.201s][info ][gc] GC(1038) Pause Young (Normal) (G1 Evacuation Pause) 154M->5M(256M) 3.518ms
[2025-03-05T13:22:45.181+0300][427.591s][info ][gc] GC(1039) Pause Young (Normal) (G1 Evacuation Pause) 154M->3M(256M) 1.870ms
[2025-03-05T13:22:45.574+0300][427.984s][info ][gc] GC(1040) Pause Young (Normal) (G1 Evacuation Pause) 154M->5M(256M) 2.873ms
[2025-03-05T13:22:45.968+0300][428.377s][info ][gc] GC(1041) Pause Young (Normal) (G1 Evacuation Pause) 155M->2M(256M) 1.073ms
[2025-03-05T13:22:46.375+0300][428.785s][info ][gc] GC(1042) Pause Young (Normal) (G1 Evacuation Pause) 154M->4M(256M) 2.523ms
[2025-03-05T13:22:46.772+0300][429.182s][info ][gc] GC(1043) Pause Young (Normal) (G1 Evacuation Pause) 155M->5M(256M) 3.568ms
[2025-03-05T13:22:47.176+0300][429.586s][info ][gc] GC(1044) Pause Young (Normal) (G1 Evacuation Pause) 155M->3M(256M) 1.562ms
[2025-03-05T13:22:47.603+0300][430.013s][info ][gc] GC(1045) Pause Young (Normal) (G1 Evacuation Pause) 155M->4M(256M) 3.048ms
[2025-03-05T13:22:48.027+0300][430.437s][info ][gc] GC(1046) Pause Young (Normal) (G1 Evacuation Pause) 154M->2M(256M) 0.397ms
[2025-03-05T13:22:48.510+0300][430.919s][info ][gc] GC(1047) Pause Young (Normal) (G1 Evacuation Pause) 154M->3M(256M) 1.922ms
[2025-03-05T13:22:48.987+0300][431.397s][info ][gc] GC(1048) Pause Young (Normal) (G1 Evacuation Pause) 154M->5M(256M) 5.002ms
[2025-03-05T13:22:49.519+0300][431.929s][info ][gc] GC(1049) Pause Young (Normal) (G1 Evacuation Pause) 155M->3M(256M) 1.284ms
[2025-03-05T13:22:50.165+0300][432.575s][info ][gc] GC(1050) Pause Young (Normal) (G1 Evacuation Pause) 155M->4M(256M) 3.200ms
[2025-03-05T13:22:50.655+0300][433.066s][info ][gc] GC(1051) Pause Young (Normal) (G1 Evacuation Pause) 155M->5M(256M) 4.350ms
[2025-03-05T13:22:51.173+0300][433.583s][info ][gc] GC(1052) Pause Young (Normal) (G1 Evacuation Pause) 154M->3M(256M) 2.185ms
[2025-03-05T13:22:51.736+0300][434.146s][info ][gc] GC(1053) Pause Young (Normal) (G1 Evacuation Pause) 154M->4M(256M) 3.114ms
[2025-03-05T13:22:52.198+0300][434.608s][info ][gc] GC(1054) Pause Young (Normal) (G1 Evacuation Pause) 154M->2M(256M) 0.837ms
[2025-03-05T13:22:52.700+0300][435.110s][info ][gc] GC(1055) Pause Young (Normal) (G1 Evacuation Pause) 154M->4M(256M) 2.291ms
[2025-03-05T13:22:53.154+0300][435.565s][info ][gc] GC(1056) Pause Young (Normal) (G1 Evacuation Pause) 155M->5M(256M) 4.021ms
[2025-03-05T13:22:53.596+0300][436.005s][info ][gc] GC(1057) Pause Young (Normal) (G1 Evacuation Pause) 155M->3M(256M) 1.842ms
[2025-03-05T13:22:54.112+0300][436.523s][info ][gc] GC(1058) Pause Young (Normal) (G1 Evacuation Pause) 155M->4M(256M) 2.583ms
[2025-03-05T13:22:54.538+0300][436.948s][info ][gc] GC(1059) Pause Young (Normal) (G1 Evacuation Pause) 154M->2M(256M) 0.994ms
[2025-03-05T13:22:54.968+0300][437.378s][info ][gc] GC(1060) Pause Young (Normal) (G1 Evacuation Pause) 154M->3M(256M) 2.195ms
[2025-03-05T13:22:55.407+0300][437.817s][info ][gc] GC(1061) Pause Young (Normal) (G1 Evacuation Pause) 154M->5M(256M) 3.983ms
[2025-03-05T13:22:55.860+0300][438.270s][info ][gc] GC(1062) Pause Young (Normal) (G1 Evacuation Pause) 155M->3M(256M) 1.688ms
[2025-03-05T13:22:56.288+0300][438.698s][info ][gc] GC(1063) Pause Young (Normal) (G1 Evacuation Pause) 155M->4M(256M) 2.617ms
[2025-03-05T13:22:56.716+0300][439.126s][info ][gc] GC(1064) Pause Young (Normal) (G1 Evacuation Pause) 154M->5M(256M) 4.307ms
[2025-03-05T13:22:57.142+0300][439.551s][info ][gc] GC(1065) Pause Young (Normal) (G1 Evacuation Pause) 154M->3M(256M) 1.673ms
[2025-03-05T13:22:57.562+0300][439.972s][info ][gc] GC(1066) Pause Young (Normal) (G1 Evacuation Pause) 154M->4M(256M) 2.905ms
[2025-03-05T13:22:57.991+0300][440.400s][info ][gc] GC(1067) Pause Young (Normal) (G1 Evacuation Pause) 154M->2M(256M) 0.894ms
[2025-03-05T13:22:58.415+0300][440.825s][info ][gc] GC(1068) Pause Young (Normal) (G1 Evacuation Pause) 154M->4M(256M) 2.171ms
[2025-03-05T13:22:58.887+0300][441.297s][info ][gc] GC(1069) Pause Young (Normal) (G1 Evacuation Pause) 155M->5M(256M) 4.151ms
[2025-03-05T13:22:59.346+0300][441.755s][info ][gc] GC(1070) Pause Young (Normal) (G1 Evacuation Pause) 155M->3M(256M) 1.339ms
[2025-03-05T13:22:59.868+0300][442.277s][info ][gc] GC(1071) Pause Young (Normal) (G1 Evacuation Pause) 155M->4M(256M) 4.318ms
[2025-03-05T13:23:00.321+0300][442.731s][info ][gc] GC(1072) Pause Young (Normal) (G1 Evacuation Pause) 154M->2M(256M) 0.922ms
[2025-03-05T13:23:00.773+0300][443.183s][info ][gc] GC(1073) Pause Young (Normal) (G1 Evacuation Pause) 154M->3M(256M) 2.322ms
[2025-03-05T13:23:01.218+0300][443.628s][info ][gc] GC(1074) Pause Young (Normal) (G1 Evacuation Pause) 154M->5M(256M) 3.743ms
[2025-03-05T13:23:01.655+0300][444.065s][info ][gc] GC(1075) Pause Young (Normal) (G1 Evacuation Pause) 155M->3M(256M) 1.559ms
[2025-03-05T13:23:02.112+0300][444.522s][info ][gc] GC(1076) Pause Young (Normal) (G1 Evacuation Pause) 155M->4M(256M) 2.756ms
[2025-03-05T13:23:02.564+0300][444.974s][info ][gc] GC(1077) Pause Young (Normal) (G1 Evacuation Pause) 154M->5M(256M) 4.209ms
[2025-03-05T13:23:03.004+0300][445.415s][info ][gc] GC(1078) Pause Young (Normal) (G1 Evacuation Pause) 154M->3M(256M) 1.873ms
[2025-03-05T13:23:03.452+0300][445.862s][info ][gc] GC(1079) Pause Young (Normal) (G1 Evacuation Pause) 154M->4M(256M) 2.815ms
[2025-03-05T13:23:03.930+0300][446.340s][info ][gc] GC(1080) Pause Young (Normal) (G1 Evacuation Pause) 154M->2M(256M) 0.784ms
[2025-03-05T13:23:04.531+0300][446.941s][info ][gc] GC(1081) Pause Young (Normal) (G1 Evacuation Pause) 154M->4M(256M) 1.920ms
[2025-03-05T13:23:04.986+0300][447.396s][info ][gc] GC(1082) Pause Young (Normal) (G1 Evacuation Pause) 155M->5M(256M) 3.669ms
[2025-03-05T13:23:05.411+0300][447.821s][info ][gc] GC(1083) Pause Young (Normal) (G1 Evacuation Pause) 155M->3M(256M) 1.603ms
[2025-03-05T13:23:05.864+0300][448.274s][info ][gc] GC(1084) Pause Young (Normal) (G1 Evacuation Pause) 155M->4M(256M) 2.828ms
[2025-03-05T13:23:06.366+0300][448.776s][info ][gc] GC(1085) Pause Young (Normal) (G1 Evacuation Pause) 154M->2M(256M) 0.713ms
[2025-03-05T13:23:06.815+0300][449.225s][info ][gc] GC(1086) Pause Young (Normal) (G1 Evacuation Pause) 154M->3M(256M) 1.934ms
[2025-03-05T13:23:07.256+0300][449.667s][info ][gc] GC(1087) Pause Young (Normal) (G1 Evacuation Pause) 154M->5M(256M) 4.014ms
[2025-03-05T13:23:07.700+0300][450.110s][info ][gc] GC(1088) Pause Young (Normal) (G1 Evacuation Pause) 155M->3M(256M) 1.376ms
[2025-03-05T13:23:08.154+0300][450.564s][info ][gc] GC(1089) Pause Young (Normal) (G1 Evacuation Pause) 155M->4M(256M) 3.306ms
[2025-03-05T13:23:08.595+0300][451.005s][info ][gc] GC(1090) Pause Young (Normal) (G1 Evacuation Pause) 155M->5M(256M) 4.041ms
[2025-03-05T13:23:09.035+0300][451.445s][info ][gc] GC(1091) Pause Young (Normal) (G1 Evacuation Pause) 154M->3M(256M) 1.983ms
[2025-03-05T13:23:09.474+0300][451.884s][info ][gc] GC(1092) Pause Young (Normal) (G1 Evacuation Pause) 154M->4M(256M) 3.786ms
[2025-03-05T13:23:09.941+0300][452.351s][info ][gc] GC(1093) Pause Young (Normal) (G1 Evacuation Pause) 154M->2M(256M) 0.815ms
[2025-03-05T13:23:10.432+0300][452.842s][info ][gc] GC(1094) Pause Young (Normal) (G1 Evacuation Pause) 154M->4M(256M) 2.273ms
[2025-03-05T13:23:10.933+0300][453.343s][info ][gc] GC(1095) Pause Young (Normal) (G1 Evacuation Pause) 155M->5M(256M) 3.818ms
[2025-03-05T13:23:11.396+0300][453.806s][info ][gc] GC(1096) Pause Young (Normal) (G1 Evacuation Pause) 155M->3M(256M) 1.489ms
[2025-03-05T13:23:11.862+0300][454.272s][info ][gc] GC(1097) Pause Young (Normal) (G1 Evacuation Pause) 155M->4M(256M) 3.714ms
[2025-03-05T13:23:12.341+0300][454.751s][info ][gc] GC(1098) Pause Young (Normal) (G1 Evacuation Pause) 154M->2M(256M) 0.932ms
[2025-03-05T13:23:12.809+0300][455.219s][info ][gc] GC(1099) Pause Young (Normal) (G1 Evacuation Pause) 154M->4M(256M) 3.546ms
[2025-03-05T13:23:13.320+0300][455.730s][info ][gc] GC(1100) Pause Young (Normal) (G1 Evacuation Pause) 155M->5M(256M) 3.865ms
[2025-03-05T13:23:13.912+0300][456.322s][info ][gc] GC(1101) Pause Young (Normal) (G1 Evacuation Pause) 155M->3M(256M) 1.157ms
[2025-03-05T13:23:14.505+0300][456.915s][info ][gc] GC(1102) Pause Young (Normal) (G1 Evacuation Pause) 155M->4M(256M) 3.485ms
[2025-03-05T13:23:15.123+0300][457.533s][info ][gc] GC(1103) Pause Young (Normal) (G1 Evacuation Pause) 154M->5M(256M) 5.356ms
[2025-03-05T13:23:15.606+0300][458.016s][info ][gc] GC(1104) Pause Young (Normal) (G1 Evacuation Pause) 154M->3M(256M) 1.955ms
[2025-03-05T13:23:16.120+0300][458.531s][info ][gc] GC(1105) Pause Young (Normal) (G1 Evacuation Pause) 154M->4M(256M) 4.137ms
[2025-03-05T13:23:16.602+0300][459.012s][info ][gc] GC(1106) Pause Young (Normal) (G1 Evacuation Pause) 154M->2M(256M) 0.991ms
[2025-03-05T13:23:17.058+0300][459.468s][info ][gc] GC(1107) Pause Young (Normal) (G1 Evacuation Pause) 154M->4M(256M) 2.232ms
[2025-03-05T13:23:17.525+0300][459.934s][info ][gc] GC(1108) Pause Young (Normal) (G1 Evacuation Pause) 155M->5M(256M) 4.109ms
[2025-03-05T13:23:18.251+0300][460.661s][info ][gc] GC(1109) Pause Young (Normal) (G1 Evacuation Pause) 155M->3M(256M) 1.603ms
[2025-03-05T13:23:18.775+0300][461.186s][info ][gc] GC(1110) Pause Young (Normal) (G1 Evacuation Pause) 155M->4M(256M) 3.355ms
[2025-03-05T13:23:19.179+0300][461.589s][info ][gc] GC(1111) Pause Young (Normal) (G1 Evacuation Pause) 154M->2M(256M) 0.767ms
[2025-03-05T13:23:19.599+0300][462.009s][info ][gc] GC(1112) Pause Young (Normal) (G1 Evacuation Pause) 154M->4M(256M) 2.120ms
[2025-03-05T13:23:20.041+0300][462.451s][info ][gc] GC(1113) Pause Young (Normal) (G1 Evacuation Pause) 155M->5M(256M) 4.104ms
[2025-03-05T13:23:20.485+0300][462.895s][info ][gc] GC(1114) Pause Young (Normal) (G1 Evacuation Pause) 155M->3M(256M) 2.279ms
[2025-03-05T13:23:20.902+0300][463.312s][info ][gc] GC(1115) Pause Young (Normal) (G1 Evacuation Pause) 155M->4M(256M) 2.687ms
[2025-03-05T13:23:21.296+0300][463.706s][info ][gc] GC(1116) Pause Young (Normal) (G1 Evacuation Pause) 154M->5M(256M) 3.852ms
[2025-03-05T13:23:21.690+0300][464.100s][info ][gc] GC(1117) Pause Young (Normal) (G1 Evacuation Pause) 154M->3M(256M) 1.658ms
[2025-03-05T13:23:22.107+0300][464.517s][info ][gc] GC(1118) Pause Young (Normal) (G1 Evacuation Pause) 154M->4M(256M) 3.221ms
[2025-03-05T13:23:22.624+0300][465.034s][info ][gc] GC(1119) Pause Young (Normal) (G1 Evacuation Pause) 154M->2M(256M) 1.228ms
[2025-03-05T13:23:23.159+0300][465.570s][info ][gc] GC(1120) Pause Young (Normal) (G1 Evacuation Pause) 154M->4M(256M) 2.316ms
[2025-03-05T13:23:23.591+0300][466.001s][info ][gc] GC(1121) Pause Young (Normal) (G1 Evacuation Pause) 155M->5M(256M) 4.852ms
[2025-03-05T13:23:23.999+0300][466.409s][info ][gc] GC(1122) Pause Young (Normal) (G1 Evacuation Pause) 155M->3M(256M) 1.488ms
[2025-03-05T13:23:24.401+0300][466.810s][info ][gc] GC(1123) Pause Young (Normal) (G1 Evacuation Pause) 155M->4M(256M) 2.832ms
[2025-03-05T13:23:24.795+0300][467.205s][info ][gc] GC(1124) Pause Young (Normal) (G1 Evacuation Pause) 154M->2M(256M) 0.914ms
[2025-03-05T13:23:25.197+0300][467.607s][info ][gc] GC(1125) Pause Young (Normal) (G1 Evacuation Pause) 154M->3M(256M) 2.083ms
[2025-03-05T13:23:25.597+0300][468.006s][info ][gc] GC(1126) Pause Young (Normal) (G1 Evacuation Pause) 154M->5M(256M) 3.448ms
[2025-03-05T13:23:26.004+0300][468.413s][info ][gc] GC(1127) Pause Young (Normal) (G1 Evacuation Pause) 155M->3M(256M) 1.391ms
[2025-03-05T13:23:26.425+0300][468.836s][info ][gc] GC(1128) Pause Young (Normal) (G1 Evacuation Pause) 155M->4M(256M) 2.627ms
[2025-03-05T13:23:26.844+0300][469.254s][info ][gc] GC(1129) Pause Young (Normal) (G1 Evacuation Pause) 154M->5M(256M) 3.497ms
[2025-03-05T13:23:27.238+0300][469.649s][info ][gc] GC(1130) Pause Young (Normal) (G1 Evacuation Pause) 154M->3M(256M) 1.773ms
[2025-03-05T13:23:27.640+0300][470.050s][info ][gc] GC(1131) Pause Young (Normal) (G1 Evacuation Pause) 154M->5M(256M) 3.124ms
[2025-03-05T13:23:28.043+0300][470.453s][info ][gc] GC(1132) Pause Young (Normal) (G1 Evacuation Pause) 155M->2M(256M) 0.778ms
[2025-03-05T13:23:28.469+0300][470.879s][info ][gc] GC(1133) Pause Young (Normal) (G1 Evacuation Pause) 154M->4M(256M) 2.316ms
[2025-03-05T13:23:28.876+0300][471.286s][info ][gc] GC(1134) Pause Young (Normal) (G1 Evacuation Pause) 155M->5M(256M) 3.177ms
[2025-03-05T13:23:29.275+0300][471.684s][info ][gc] GC(1135) Pause Young (Normal) (G1 Evacuation Pause) 155M->3M(256M) 1.658ms
[2025-03-05T13:23:29.676+0300][472.086s][info ][gc] GC(1136) Pause Young (Normal) (G1 Evacuation Pause) 155M->4M(256M) 2.481ms
[2025-03-05T13:23:30.081+0300][472.491s][info ][gc] GC(1137) Pause Young (Normal) (G1 Evacuation Pause) 154M->2M(256M) 0.952ms
[2025-03-05T13:23:30.475+0300][472.886s][info ][gc] GC(1138) Pause Young (Normal) (G1 Evacuation Pause) 154M->3M(256M) 2.031ms
[2025-03-05T13:23:30.879+0300][473.289s][info ][gc] GC(1139) Pause Young (Normal) (G1 Evacuation Pause) 154M->5M(256M) 3.524ms
[2025-03-05T13:23:31.328+0300][473.738s][info ][gc] GC(1140) Pause Young (Normal) (G1 Evacuation Pause) 155M->3M(256M) 2.795ms
[2025-03-05T13:23:31.757+0300][474.167s][info ][gc] GC(1141) Pause Young (Normal) (G1 Evacuation Pause) 155M->4M(256M) 3.078ms
