[2025-03-05T02:26:39.919+0300][0.011s][info][gc] Using G1
[2025-03-05T02:26:39.920+0300][0.011s][debug][gc] ConcGCThreads: 2 offset 16
[2025-03-05T02:26:39.920+0300][0.011s][debug][gc] ParallelGCThreads: 8
[2025-03-05T02:26:39.920+0300][0.012s][debug][gc] Initialize mark stack with 4096 chunks, maximum 524288
[2025-03-05T02:26:40.302+0300][0.394s][info ][gc] GC(0) Pause Young (Normal) (G1 Evacuation Pause) 12M->2M(256M) 2.969ms
[2025-03-05T02:26:40.363+0300][0.455s][info ][gc] GC(1) Pause Young (Normal) (G1 Evacuation Pause) 12M->3M(256M) 2.288ms
[2025-03-05T02:26:40.427+0300][0.520s][info ][gc] GC(2) Pause Young (Normal) (G1 Evacuation Pause) 14M->3M(256M) 2.297ms
[2025-03-05T02:26:40.493+0300][0.585s][info ][gc] GC(3) Pause Young (Normal) (G1 Evacuation Pause) 13M->3M(256M) 1.675ms
[2025-03-05T02:26:40.561+0300][0.654s][info ][gc] GC(4) Pause Young (Normal) (G1 Evacuation Pause) 14M->4M(256M) 1.830ms
[2025-03-05T02:26:40.627+0300][0.719s][info ][gc] GC(5) Pause Young (Normal) (G1 Evacuation Pause) 14M->3M(256M) 1.169ms
[2025-03-05T02:26:40.682+0300][0.774s][info ][gc] GC(6) Pause Young (Normal) (G1 Evacuation Pause) 14M->4M(256M) 1.501ms
[2025-03-05T02:26:40.729+0300][0.821s][info ][gc] GC(7) Pause Young (Normal) (G1 Evacuation Pause) 14M->3M(256M) 1.036ms
[2025-03-05T02:26:40.782+0300][0.874s][info ][gc] GC(8) Pause Young (Normal) (G1 Evacuation Pause) 14M->4M(256M) 1.773ms
[2025-03-05T02:26:40.829+0300][0.920s][info ][gc] GC(9) Pause Young (Normal) (G1 Evacuation Pause) 14M->3M(256M) 1.041ms
[2025-03-05T02:26:40.886+0300][0.977s][info ][gc] GC(10) Pause Young (Normal) (G1 Evacuation Pause) 14M->4M(256M) 1.770ms
[2025-03-05T02:26:40.937+0300][1.029s][info ][gc] GC(11) Pause Young (Normal) (G1 Evacuation Pause) 14M->3M(256M) 1.343ms
[2025-03-05T02:26:40.990+0300][1.082s][info ][gc] GC(12) Pause Young (Normal) (G1 Evacuation Pause) 14M->4M(256M) 1.816ms
[2025-03-05T02:26:41.039+0300][1.131s][info ][gc] GC(13) Pause Young (Normal) (G1 Evacuation Pause) 14M->3M(256M) 1.206ms
[2025-03-05T02:26:41.099+0300][1.192s][info ][gc] GC(14) Pause Young (Normal) (G1 Evacuation Pause) 14M->4M(256M) 1.593ms
[2025-03-05T02:26:41.150+0300][1.242s][info ][gc] GC(15) Pause Young (Normal) (G1 Evacuation Pause) 14M->3M(256M) 1.346ms
[2025-03-05T02:26:41.208+0300][1.300s][info ][gc] GC(16) Pause Young (Normal) (G1 Evacuation Pause) 14M->4M(256M) 1.715ms
[2025-03-05T02:26:41.259+0300][1.352s][info ][gc] GC(17) Pause Young (Normal) (G1 Evacuation Pause) 14M->3M(256M) 1.187ms
[2025-03-05T02:26:41.307+0300][1.399s][info ][gc] GC(18) Pause Young (Normal) (G1 Evacuation Pause) 14M->4M(256M) 1.588ms
[2025-03-05T02:26:41.348+0300][1.441s][info ][gc] GC(19) Pause Young (Normal) (G1 Evacuation Pause) 14M->3M(256M) 1.143ms
[2025-03-05T02:26:41.397+0300][1.489s][info ][gc] GC(20) Pause Young (Normal) (G1 Evacuation Pause) 14M->2M(256M) 0.648ms
[2025-03-05T02:26:41.445+0300][1.537s][info ][gc] GC(21) Pause Young (Normal) (G1 Evacuation Pause) 13M->3M(256M) 1.849ms
[2025-03-05T02:26:41.488+0300][1.581s][info ][gc] GC(22) Pause Young (Normal) (G1 Evacuation Pause) 14M->2M(256M) 0.878ms
[2025-03-05T02:26:41.534+0300][1.626s][info ][gc] GC(23) Pause Young (Normal) (G1 Evacuation Pause) 13M->3M(256M) 1.643ms
[2025-03-05T02:26:41.577+0300][1.669s][info ][gc] GC(24) Pause Young (Normal) (G1 Evacuation Pause) 14M->2M(256M) 0.989ms
[2025-03-05T02:26:41.622+0300][1.714s][info ][gc] GC(25) Pause Young (Normal) (G1 Evacuation Pause) 13M->3M(256M) 1.486ms
[2025-03-05T02:26:41.663+0300][1.755s][info ][gc] GC(26) Pause Young (Normal) (G1 Evacuation Pause) 13M->2M(256M) 0.914ms
[2025-03-05T02:26:41.708+0300][1.799s][info ][gc] GC(27) Pause Young (Normal) (G1 Evacuation Pause) 13M->3M(256M) 1.473ms
[2025-03-05T02:26:41.750+0300][1.842s][info ][gc] GC(28) Pause Young (Normal) (G1 Evacuation Pause) 13M->3M(256M) 0.732ms
[2025-03-05T02:26:41.796+0300][1.887s][info ][gc] GC(29) Pause Young (Normal) (G1 Evacuation Pause) 14M->3M(256M) 1.635ms
[2025-03-05T02:26:41.834+0300][1.927s][info ][gc] GC(30) Pause Young (Normal) (G1 Evacuation Pause) 13M->3M(256M) 0.792ms
[2025-03-05T02:26:41.881+0300][1.973s][info ][gc] GC(31) Pause Young (Normal) (G1 Evacuation Pause) 14M->3M(256M) 1.694ms
[2025-03-05T02:26:41.923+0300][2.014s][info ][gc] GC(32) Pause Young (Normal) (G1 Evacuation Pause) 13M->3M(256M) 0.887ms
[2025-03-05T02:26:41.969+0300][2.061s][info ][gc] GC(33) Pause Young (Normal) (G1 Evacuation Pause) 14M->3M(256M) 1.625ms
[2025-03-05T02:26:42.009+0300][2.102s][info ][gc] GC(34) Pause Young (Normal) (G1 Evacuation Pause) 13M->3M(256M) 1.227ms
[2025-03-05T02:26:42.056+0300][2.148s][info ][gc] GC(35) Pause Young (Normal) (G1 Evacuation Pause) 14M->3M(256M) 1.577ms
[2025-03-05T02:26:42.097+0300][2.189s][info ][gc] GC(36) Pause Young (Normal) (G1 Evacuation Pause) 13M->3M(256M) 1.239ms
[2025-03-05T02:26:42.143+0300][2.234s][info ][gc] GC(37) Pause Young (Normal) (G1 Evacuation Pause) 14M->3M(256M) 1.632ms
[2025-03-05T02:26:42.182+0300][2.274s][info ][gc] GC(38) Pause Young (Normal) (G1 Evacuation Pause) 13M->3M(256M) 0.920ms
[2025-03-05T02:26:42.228+0300][2.320s][info ][gc] GC(39) Pause Young (Normal) (G1 Evacuation Pause) 14M->3M(256M) 1.760ms
[2025-03-05T02:26:42.269+0300][2.361s][info ][gc] GC(40) Pause Young (Normal) (G1 Evacuation Pause) 13M->3M(256M) 1.192ms
[2025-03-05T02:26:42.316+0300][2.409s][info ][gc] GC(41) Pause Young (Normal) (G1 Evacuation Pause) 14M->4M(256M) 1.733ms
[2025-03-05T02:26:42.357+0300][2.449s][info ][gc] GC(42) Pause Young (Normal) (G1 Evacuation Pause) 14M->3M(256M) 1.063ms
[2025-03-05T02:26:42.401+0300][2.494s][info ][gc] GC(43) Pause Young (Normal) (G1 Evacuation Pause) 14M->4M(256M) 1.914ms
[2025-03-05T02:26:42.442+0300][2.534s][info ][gc] GC(44) Pause Young (Normal) (G1 Evacuation Pause) 14M->3M(256M) 1.052ms
[2025-03-05T02:26:42.488+0300][2.580s][info ][gc] GC(45) Pause Young (Normal) (G1 Evacuation Pause) 14M->4M(256M) 1.501ms
[2025-03-05T02:26:42.533+0300][2.625s][info ][gc] GC(46) Pause Young (Normal) (G1 Evacuation Pause) 15M->3M(256M) 1.214ms
[2025-03-05T02:26:42.577+0300][2.670s][info ][gc] GC(47) Pause Young (Normal) (G1 Evacuation Pause) 14M->4M(256M) 1.987ms
[2025-03-05T02:26:42.618+0300][2.710s][info ][gc] GC(48) Pause Young (Normal) (G1 Evacuation Pause) 14M->3M(256M) 1.272ms
[2025-03-05T02:26:42.662+0300][2.755s][info ][gc] GC(49) Pause Young (Normal) (G1 Evacuation Pause) 14M->4M(256M) 1.868ms
[2025-03-05T02:26:42.703+0300][2.795s][info ][gc] GC(50) Pause Young (Normal) (G1 Evacuation Pause) 14M->3M(256M) 1.059ms
[2025-03-05T02:26:42.749+0300][2.841s][info ][gc] GC(51) Pause Young (Normal) (G1 Evacuation Pause) 14M->4M(256M) 1.827ms
[2025-03-05T02:26:42.790+0300][2.882s][info ][gc] GC(52) Pause Young (Normal) (G1 Evacuation Pause) 14M->3M(256M) 1.194ms
[2025-03-05T02:26:42.835+0300][2.927s][info ][gc] GC(53) Pause Young (Normal) (G1 Evacuation Pause) 14M->4M(256M) 2.289ms
[2025-03-05T02:26:42.876+0300][2.968s][info ][gc] GC(54) Pause Young (Normal) (G1 Evacuation Pause) 14M->3M(256M) 1.183ms
[2025-03-05T02:26:42.920+0300][3.012s][info ][gc] GC(55) Pause Young (Normal) (G1 Evacuation Pause) 14M->4M(256M) 1.589ms
[2025-03-05T02:26:42.961+0300][3.054s][info ][gc] GC(56) Pause Young (Normal) (G1 Evacuation Pause) 14M->3M(256M) 1.451ms
[2025-03-05T02:26:43.007+0300][3.099s][info ][gc] GC(57) Pause Young (Normal) (G1 Evacuation Pause) 14M->4M(256M) 2.041ms
[2025-03-05T02:26:43.048+0300][3.140s][info ][gc] GC(58) Pause Young (Normal) (G1 Evacuation Pause) 14M->3M(256M) 1.414ms
[2025-03-05T02:26:43.092+0300][3.185s][info ][gc] GC(59) Pause Young (Normal) (G1 Evacuation Pause) 14M->4M(256M) 1.823ms
[2025-03-05T02:26:43.133+0300][3.226s][info ][gc] GC(60) Pause Young (Normal) (G1 Evacuation Pause) 14M->3M(256M) 1.544ms
[2025-03-05T02:26:43.181+0300][3.273s][info ][gc] GC(61) Pause Young (Normal) (G1 Evacuation Pause) 14M->4M(256M) 1.902ms
[2025-03-05T02:26:43.222+0300][3.313s][info ][gc] GC(62) Pause Young (Normal) (G1 Evacuation Pause) 14M->3M(256M) 1.179ms
[2025-03-05T02:26:43.264+0300][3.357s][info ][gc] GC(63) Pause Young (Normal) (G1 Evacuation Pause) 14M->2M(256M) 0.809ms
[2025-03-05T02:26:43.310+0300][3.402s][info ][gc] GC(64) Pause Young (Normal) (G1 Evacuation Pause) 13M->3M(256M) 1.785ms
[2025-03-05T02:26:43.356+0300][3.448s][info ][gc] GC(65) Pause Young (Normal) (G1 Evacuation Pause) 14M->2M(256M) 0.959ms
[2025-03-05T02:26:43.402+0300][3.494s][info ][gc] GC(66) Pause Young (Normal) (G1 Evacuation Pause) 13M->3M(256M) 1.353ms
[2025-03-05T02:26:43.450+0300][3.542s][info ][gc] GC(67) Pause Young (Normal) (G1 Evacuation Pause) 14M->2M(256M) 0.895ms
[2025-03-05T02:26:43.496+0300][3.588s][info ][gc] GC(68) Pause Young (Normal) (G1 Evacuation Pause) 13M->3M(256M) 1.712ms
[2025-03-05T02:26:43.536+0300][3.628s][info ][gc] GC(69) Pause Young (Normal) (G1 Evacuation Pause) 13M->2M(256M) 0.815ms
[2025-03-05T02:26:43.580+0300][3.673s][info ][gc] GC(70) Pause Young (Normal) (G1 Evacuation Pause) 13M->3M(256M) 1.695ms
[2025-03-05T02:26:43.621+0300][3.713s][info ][gc] GC(71) Pause Young (Normal) (G1 Evacuation Pause) 13M->3M(256M) 0.561ms
[2025-03-05T02:26:43.665+0300][3.757s][info ][gc] GC(72) Pause Young (Normal) (G1 Evacuation Pause) 14M->3M(256M) 1.571ms
[2025-03-05T02:26:43.705+0300][3.797s][info ][gc] GC(73) Pause Young (Normal) (G1 Evacuation Pause) 13M->3M(256M) 0.826ms
[2025-03-05T02:26:43.750+0300][3.842s][info ][gc] GC(74) Pause Young (Normal) (G1 Evacuation Pause) 14M->3M(256M) 1.631ms
[2025-03-05T02:26:43.790+0300][3.882s][info ][gc] GC(75) Pause Young (Normal) (G1 Evacuation Pause) 13M->3M(256M) 0.828ms
[2025-03-05T02:26:43.837+0300][3.929s][info ][gc] GC(76) Pause Young (Normal) (G1 Evacuation Pause) 14M->3M(256M) 1.655ms
[2025-03-05T02:26:43.877+0300][3.970s][info ][gc] GC(77) Pause Young (Normal) (G1 Evacuation Pause) 13M->3M(256M) 1.292ms
[2025-03-05T02:26:43.923+0300][4.015s][info ][gc] GC(78) Pause Young (Normal) (G1 Evacuation Pause) 14M->3M(256M) 1.700ms
[2025-03-05T02:26:43.964+0300][4.055s][info ][gc] GC(79) Pause Young (Normal) (G1 Evacuation Pause) 13M->3M(256M) 1.092ms
[2025-03-05T02:26:44.009+0300][4.101s][info ][gc] GC(80) Pause Young (Normal) (G1 Evacuation Pause) 14M->3M(256M) 1.764ms
[2025-03-05T02:26:44.051+0300][4.143s][info ][gc] GC(81) Pause Young (Normal) (G1 Evacuation Pause) 13M->3M(256M) 1.104ms
[2025-03-05T02:26:44.097+0300][4.188s][info ][gc] GC(82) Pause Young (Normal) (G1 Evacuation Pause) 14M->3M(256M) 1.735ms
[2025-03-05T02:26:44.137+0300][4.229s][info ][gc] GC(83) Pause Young (Normal) (G1 Evacuation Pause) 13M->3M(256M) 1.187ms
[2025-03-05T02:26:44.182+0300][4.274s][info ][gc] GC(84) Pause Young (Normal) (G1 Evacuation Pause) 14M->3M(256M) 1.665ms
[2025-03-05T02:26:44.222+0300][4.315s][info ][gc] GC(85) Pause Young (Normal) (G1 Evacuation Pause) 13M->3M(256M) 0.925ms
[2025-03-05T02:26:44.269+0300][4.361s][info ][gc] GC(86) Pause Young (Normal) (G1 Evacuation Pause) 14M->4M(256M) 1.821ms
[2025-03-05T02:26:44.310+0300][4.402s][info ][gc] GC(87) Pause Young (Normal) (G1 Evacuation Pause) 14M->3M(256M) 1.360ms
[2025-03-05T02:26:44.355+0300][4.447s][info ][gc] GC(88) Pause Young (Normal) (G1 Evacuation Pause) 14M->4M(256M) 1.772ms
[2025-03-05T02:26:44.395+0300][4.487s][info ][gc] GC(89) Pause Young (Normal) (G1 Evacuation Pause) 14M->3M(256M) 1.223ms
[2025-03-05T02:26:44.440+0300][4.533s][info ][gc] GC(90) Pause Young (Normal) (G1 Evacuation Pause) 14M->4M(256M) 1.713ms
[2025-03-05T02:26:44.481+0300][4.573s][info ][gc] GC(91) Pause Young (Normal) (G1 Evacuation Pause) 14M->3M(256M) 1.172ms
[2025-03-05T02:26:44.526+0300][4.619s][info ][gc] GC(92) Pause Young (Normal) (G1 Evacuation Pause) 14M->4M(256M) 1.636ms
[2025-03-05T02:26:44.567+0300][4.659s][info ][gc] GC(93) Pause Young (Normal) (G1 Evacuation Pause) 14M->3M(256M) 1.340ms
[2025-03-05T02:26:44.613+0300][4.705s][info ][gc] GC(94) Pause Young (Normal) (G1 Evacuation Pause) 14M->4M(256M) 1.922ms
[2025-03-05T02:26:44.654+0300][4.745s][info ][gc] GC(95) Pause Young (Normal) (G1 Evacuation Pause) 14M->3M(256M) 1.335ms
[2025-03-05T02:26:44.698+0300][4.791s][info ][gc] GC(96) Pause Young (Normal) (G1 Evacuation Pause) 14M->4M(256M) 1.896ms
[2025-03-05T02:26:44.740+0300][4.833s][info ][gc] GC(97) Pause Young (Normal) (G1 Evacuation Pause) 14M->3M(256M) 1.464ms
[2025-03-05T02:26:44.791+0300][4.884s][info ][gc] GC(98) Pause Young (Normal) (G1 Evacuation Pause) 14M->4M(256M) 1.717ms
[2025-03-05T02:26:44.869+0300][4.961s][info ][gc] GC(99) Pause Young (Normal) (G1 Evacuation Pause) 14M->3M(256M) 1.206ms
[2025-03-05T02:26:44.914+0300][5.006s][info ][gc] GC(100) Pause Young (Normal) (G1 Evacuation Pause) 14M->4M(256M) 1.751ms
[2025-03-05T02:26:44.958+0300][5.049s][info ][gc] GC(101) Pause Young (Normal) (G1 Evacuation Pause) 14M->3M(256M) 1.396ms
[2025-03-05T02:26:45.002+0300][5.094s][info ][gc] GC(102) Pause Young (Normal) (G1 Evacuation Pause) 14M->4M(256M) 1.935ms
[2025-03-05T02:26:45.043+0300][5.135s][info ][gc] GC(103) Pause Young (Normal) (G1 Evacuation Pause) 14M->3M(256M) 1.466ms
[2025-03-05T02:26:45.087+0300][5.179s][info ][gc] GC(104) Pause Young (Normal) (G1 Evacuation Pause) 14M->4M(256M) 1.609ms
[2025-03-05T02:26:45.128+0300][5.221s][info ][gc] GC(105) Pause Young (Normal) (G1 Evacuation Pause) 14M->3M(256M) 1.405ms
[2025-03-05T02:26:45.174+0300][5.266s][info ][gc] GC(106) Pause Young (Normal) (G1 Evacuation Pause) 14M->4M(256M) 1.745ms
[2025-03-05T02:26:45.216+0300][5.309s][info ][gc] GC(107) Pause Young (Normal) (G1 Evacuation Pause) 14M->3M(256M) 1.236ms
[2025-03-05T02:26:45.262+0300][5.354s][info ][gc] GC(108) Pause Young (Normal) (G1 Evacuation Pause) 14M->4M(256M) 1.902ms
[2025-03-05T02:26:45.303+0300][5.394s][info ][gc] GC(109) Pause Young (Normal) (G1 Evacuation Pause) 14M->3M(256M) 1.252ms
[2025-03-05T02:26:45.348+0300][5.439s][info ][gc] GC(110) Pause Young (Normal) (G1 Evacuation Pause) 14M->4M(256M) 1.936ms
[2025-03-05T02:26:45.389+0300][5.482s][info ][gc] GC(111) Pause Young (Normal) (G1 Evacuation Pause) 14M->3M(256M) 1.716ms
[2025-03-05T02:26:45.433+0300][5.526s][info ][gc] GC(112) Pause Young (Normal) (G1 Evacuation Pause) 14M->2M(256M) 0.554ms
[2025-03-05T02:26:45.480+0300][5.572s][info ][gc] GC(113) Pause Young (Normal) (G1 Evacuation Pause) 13M->3M(256M) 1.661ms
[2025-03-05T02:26:45.524+0300][5.615s][info ][gc] GC(114) Pause Young (Normal) (G1 Evacuation Pause) 14M->2M(256M) 0.720ms
[2025-03-05T02:26:45.569+0300][5.661s][info ][gc] GC(115) Pause Young (Normal) (G1 Evacuation Pause) 13M->3M(256M) 1.811ms
[2025-03-05T02:26:45.614+0300][5.706s][info ][gc] GC(116) Pause Young (Normal) (G1 Evacuation Pause) 14M->2M(256M) 0.947ms
[2025-03-05T02:26:45.659+0300][5.751s][info ][gc] GC(117) Pause Young (Normal) (G1 Evacuation Pause) 13M->3M(256M) 1.631ms
[2025-03-05T02:26:45.699+0300][5.791s][info ][gc] GC(118) Pause Young (Normal) (G1 Evacuation Pause) 13M->2M(256M) 1.055ms
[2025-03-05T02:26:45.744+0300][5.836s][info ][gc] GC(119) Pause Young (Normal) (G1 Evacuation Pause) 13M->3M(256M) 1.862ms
[2025-03-05T02:26:45.785+0300][5.877s][info ][gc] GC(120) Pause Young (Normal) (G1 Evacuation Pause) 13M->3M(256M) 0.771ms
[2025-03-05T02:26:45.831+0300][5.923s][info ][gc] GC(121) Pause Young (Normal) (G1 Evacuation Pause) 14M->3M(256M) 1.975ms
[2025-03-05T02:26:45.871+0300][5.963s][info ][gc] GC(122) Pause Young (Normal) (G1 Evacuation Pause) 13M->3M(256M) 0.664ms
[2025-03-05T02:26:45.917+0300][6.009s][info ][gc] GC(123) Pause Young (Normal) (G1 Evacuation Pause) 14M->3M(256M) 1.737ms
[2025-03-05T02:26:45.958+0300][6.050s][info ][gc] GC(124) Pause Young (Normal) (G1 Evacuation Pause) 13M->3M(256M) 1.110ms
[2025-03-05T02:26:46.003+0300][6.096s][info ][gc] GC(125) Pause Young (Normal) (G1 Evacuation Pause) 14M->3M(256M) 1.777ms
[2025-03-05T02:26:46.047+0300][6.139s][info ][gc] GC(126) Pause Young (Normal) (G1 Evacuation Pause) 13M->3M(256M) 1.072ms
[2025-03-05T02:26:46.092+0300][6.184s][info ][gc] GC(127) Pause Young (Normal) (G1 Evacuation Pause) 14M->3M(256M) 1.744ms
[2025-03-05T02:26:46.132+0300][6.224s][info ][gc] GC(128) Pause Young (Normal) (G1 Evacuation Pause) 13M->3M(256M) 1.098ms
[2025-03-05T02:26:46.178+0300][6.269s][info ][gc] GC(129) Pause Young (Normal) (G1 Evacuation Pause) 14M->3M(256M) 1.988ms
[2025-03-05T02:26:46.221+0300][6.314s][info ][gc] GC(130) Pause Young (Normal) (G1 Evacuation Pause) 13M->3M(256M) 0.978ms
[2025-03-05T02:26:46.270+0300][6.363s][info ][gc] GC(131) Pause Young (Normal) (G1 Evacuation Pause) 14M->3M(256M) 1.646ms
[2025-03-05T02:26:46.316+0300][6.408s][info ][gc] GC(132) Pause Young (Normal) (G1 Evacuation Pause) 13M->3M(256M) 1.217ms
[2025-03-05T02:26:46.360+0300][6.453s][info ][gc] GC(133) Pause Young (Normal) (G1 Evacuation Pause) 14M->4M(256M) 1.638ms
[2025-03-05T02:26:46.403+0300][6.494s][info ][gc] GC(134) Pause Young (Normal) (G1 Evacuation Pause) 14M->3M(256M) 1.142ms
[2025-03-05T02:26:46.448+0300][6.540s][info ][gc] GC(135) Pause Young (Normal) (G1 Evacuation Pause) 14M->4M(256M) 1.935ms
[2025-03-05T02:26:46.488+0300][6.580s][info ][gc] GC(136) Pause Young (Normal) (G1 Evacuation Pause) 14M->3M(256M) 1.031ms
[2025-03-05T02:26:46.534+0300][6.625s][info ][gc] GC(137) Pause Young (Normal) (G1 Evacuation Pause) 14M->4M(256M) 1.965ms
[2025-03-05T02:26:46.573+0300][6.666s][info ][gc] GC(138) Pause Young (Normal) (G1 Evacuation Pause) 14M->3M(256M) 0.986ms
[2025-03-05T02:26:46.618+0300][6.710s][info ][gc] GC(139) Pause Young (Normal) (G1 Evacuation Pause) 14M->4M(256M) 1.677ms
[2025-03-05T02:26:46.658+0300][6.751s][info ][gc] GC(140) Pause Young (Normal) (G1 Evacuation Pause) 14M->3M(256M) 1.296ms
[2025-03-05T02:26:46.703+0300][6.797s][info ][gc] GC(141) Pause Young (Normal) (G1 Evacuation Pause) 14M->4M(256M) 1.942ms
[2025-03-05T02:26:46.745+0300][6.837s][info ][gc] GC(142) Pause Young (Normal) (G1 Evacuation Pause) 14M->3M(256M) 1.221ms
[2025-03-05T02:26:46.790+0300][6.882s][info ][gc] GC(143) Pause Young (Normal) (G1 Evacuation Pause) 14M->4M(256M) 1.617ms
[2025-03-05T02:26:46.831+0300][6.922s][info ][gc] GC(144) Pause Young (Normal) (G1 Evacuation Pause) 14M->3M(256M) 1.242ms
[2025-03-05T02:26:46.876+0300][6.968s][info ][gc] GC(145) Pause Young (Normal) (G1 Evacuation Pause) 14M->4M(256M) 1.738ms
[2025-03-05T02:26:46.917+0300][7.009s][info ][gc] GC(146) Pause Young (Normal) (G1 Evacuation Pause) 14M->3M(256M) 1.266ms
[2025-03-05T02:26:46.964+0300][7.056s][info ][gc] GC(147) Pause Young (Normal) (G1 Evacuation Pause) 14M->4M(256M) 1.940ms
[2025-03-05T02:26:47.005+0300][7.098s][info ][gc] GC(148) Pause Young (Normal) (G1 Evacuation Pause) 14M->3M(256M) 1.365ms
[2025-03-05T02:26:47.051+0300][7.143s][info ][gc] GC(149) Pause Young (Normal) (G1 Evacuation Pause) 14M->4M(256M) 1.890ms
[2025-03-05T02:26:47.093+0300][7.185s][info ][gc] GC(150) Pause Young (Normal) (G1 Evacuation Pause) 14M->3M(256M) 1.237ms
[2025-03-05T02:26:47.138+0300][7.230s][info ][gc] GC(151) Pause Young (Normal) (G1 Evacuation Pause) 14M->4M(256M) 1.708ms
[2025-03-05T02:26:47.180+0300][7.272s][info ][gc] GC(152) Pause Young (Normal) (G1 Evacuation Pause) 14M->3M(256M) 1.324ms
[2025-03-05T02:26:47.225+0300][7.318s][info ][gc] GC(153) Pause Young (Normal) (G1 Evacuation Pause) 14M->4M(256M) 1.832ms
[2025-03-05T02:26:47.266+0300][7.358s][info ][gc] GC(154) Pause Young (Normal) (G1 Evacuation Pause) 14M->3M(256M) 1.379ms
[2025-03-05T02:26:47.312+0300][7.404s][info ][gc] GC(155) Pause Young (Normal) (G1 Evacuation Pause) 14M->4M(256M) 2.009ms
[2025-03-05T02:26:47.353+0300][7.445s][info ][gc] GC(156) Pause Young (Normal) (G1 Evacuation Pause) 14M->3M(256M) 1.616ms
[2025-03-05T02:26:47.399+0300][7.492s][info ][gc] GC(157) Pause Young (Normal) (G1 Evacuation Pause) 14M->4M(256M) 1.880ms
[2025-03-05T02:26:47.443+0300][7.535s][info ][gc] GC(158) Pause Young (Normal) (G1 Evacuation Pause) 14M->3M(256M) 1.365ms
[2025-03-05T02:26:47.487+0300][7.579s][info ][gc] GC(159) Pause Young (Normal) (G1 Evacuation Pause) 14M->4M(256M) 1.704ms
[2025-03-05T02:26:47.528+0300][7.620s][info ][gc] GC(160) Pause Young (Normal) (G1 Evacuation Pause) 14M->3M(256M) 1.444ms
[2025-03-05T02:26:47.573+0300][7.666s][info ][gc] GC(161) Pause Young (Normal) (G1 Evacuation Pause) 14M->4M(256M) 1.846ms
[2025-03-05T02:26:47.616+0300][7.708s][info ][gc] GC(162) Pause Young (Normal) (G1 Evacuation Pause) 14M->3M(256M) 1.399ms
[2025-03-05T02:26:47.660+0300][7.752s][info ][gc] GC(163) Pause Young (Normal) (G1 Evacuation Pause) 14M->2M(256M) 0.832ms
[2025-03-05T02:26:47.705+0300][7.797s][info ][gc] GC(164) Pause Young (Normal) (G1 Evacuation Pause) 13M->3M(256M) 1.578ms
[2025-03-05T02:26:47.750+0300][7.842s][info ][gc] GC(165) Pause Young (Normal) (G1 Evacuation Pause) 14M->2M(256M) 1.004ms
[2025-03-05T02:26:47.794+0300][7.887s][info ][gc] GC(166) Pause Young (Normal) (G1 Evacuation Pause) 13M->3M(256M) 1.668ms
[2025-03-05T02:26:47.840+0300][7.931s][info ][gc] GC(167) Pause Young (Normal) (G1 Evacuation Pause) 14M->2M(256M) 0.709ms
[2025-03-05T02:26:47.885+0300][7.977s][info ][gc] GC(168) Pause Young (Normal) (G1 Evacuation Pause) 13M->3M(256M) 1.535ms
[2025-03-05T02:26:47.924+0300][8.017s][info ][gc] GC(169) Pause Young (Normal) (G1 Evacuation Pause) 13M->2M(256M) 0.766ms
[2025-03-05T02:26:47.970+0300][8.063s][info ][gc] GC(170) Pause Young (Normal) (G1 Evacuation Pause) 13M->3M(256M) 1.556ms
[2025-03-05T02:26:48.010+0300][8.103s][info ][gc] GC(171) Pause Young (Normal) (G1 Evacuation Pause) 13M->3M(256M) 0.873ms
[2025-03-05T02:26:48.057+0300][8.150s][info ][gc] GC(172) Pause Young (Normal) (G1 Evacuation Pause) 14M->3M(256M) 1.434ms
[2025-03-05T02:26:48.100+0300][8.192s][info ][gc] GC(173) Pause Young (Normal) (G1 Evacuation Pause) 13M->3M(256M) 1.040ms
[2025-03-05T02:26:48.145+0300][8.238s][info ][gc] GC(174) Pause Young (Normal) (G1 Evacuation Pause) 14M->3M(256M) 1.805ms
[2025-03-05T02:26:48.185+0300][8.278s][info ][gc] GC(175) Pause Young (Normal) (G1 Evacuation Pause) 13M->3M(256M) 0.815ms
[2025-03-05T02:26:48.232+0300][8.324s][info ][gc] GC(176) Pause Young (Normal) (G1 Evacuation Pause) 14M->3M(256M) 1.790ms
[2025-03-05T02:26:48.273+0300][8.365s][info ][gc] GC(177) Pause Young (Normal) (G1 Evacuation Pause) 13M->3M(256M) 0.974ms
[2025-03-05T02:26:48.319+0300][8.410s][info ][gc] GC(178) Pause Young (Normal) (G1 Evacuation Pause) 14M->3M(256M) 1.651ms
[2025-03-05T02:26:48.359+0300][8.451s][info ][gc] GC(179) Pause Young (Normal) (G1 Evacuation Pause) 13M->3M(256M) 1.110ms
[2025-03-05T02:26:48.403+0300][8.495s][info ][gc] GC(180) Pause Young (Normal) (G1 Evacuation Pause) 14M->3M(256M) 1.798ms
[2025-03-05T02:26:48.444+0300][8.536s][info ][gc] GC(181) Pause Young (Normal) (G1 Evacuation Pause) 13M->3M(256M) 0.887ms
[2025-03-05T02:26:48.490+0300][8.582s][info ][gc] GC(182) Pause Young (Normal) (G1 Evacuation Pause) 14M->4M(256M) 1.756ms
[2025-03-05T02:26:48.531+0300][8.623s][info ][gc] GC(183) Pause Young (Normal) (G1 Evacuation Pause) 14M->3M(256M) 1.172ms
[2025-03-05T02:26:48.576+0300][8.668s][info ][gc] GC(184) Pause Young (Normal) (G1 Evacuation Pause) 14M->4M(256M) 1.853ms
[2025-03-05T02:26:48.616+0300][8.708s][info ][gc] GC(185) Pause Young (Normal) (G1 Evacuation Pause) 14M->3M(256M) 1.235ms
[2025-03-05T02:26:48.661+0300][8.753s][info ][gc] GC(186) Pause Young (Normal) (G1 Evacuation Pause) 14M->4M(256M) 2.001ms
[2025-03-05T02:26:48.702+0300][8.795s][info ][gc] GC(187) Pause Young (Normal) (G1 Evacuation Pause) 14M->3M(256M) 0.977ms
[2025-03-05T02:26:48.748+0300][8.840s][info ][gc] GC(188) Pause Young (Normal) (G1 Evacuation Pause) 14M->4M(256M) 1.662ms
[2025-03-05T02:26:48.788+0300][8.880s][info ][gc] GC(189) Pause Young (Normal) (G1 Evacuation Pause) 14M->3M(256M) 1.134ms
[2025-03-05T02:26:48.833+0300][8.925s][info ][gc] GC(190) Pause Young (Normal) (G1 Evacuation Pause) 14M->4M(256M) 1.900ms
[2025-03-05T02:26:48.874+0300][8.966s][info ][gc] GC(191) Pause Young (Normal) (G1 Evacuation Pause) 14M->3M(256M) 1.239ms
[2025-03-05T02:26:48.920+0300][9.012s][info ][gc] GC(192) Pause Young (Normal) (G1 Evacuation Pause) 14M->4M(256M) 1.426ms
[2025-03-05T02:26:48.961+0300][9.053s][info ][gc] GC(193) Pause Young (Normal) (G1 Evacuation Pause) 14M->3M(256M) 1.369ms
[2025-03-05T02:26:49.008+0300][9.100s][info ][gc] GC(194) Pause Young (Normal) (G1 Evacuation Pause) 14M->4M(256M) 1.789ms
[2025-03-05T02:26:49.049+0300][9.141s][info ][gc] GC(195) Pause Young (Normal) (G1 Evacuation Pause) 14M->3M(256M) 1.348ms
[2025-03-05T02:26:49.094+0300][9.186s][info ][gc] GC(196) Pause Young (Normal) (G1 Evacuation Pause) 14M->4M(256M) 1.947ms
[2025-03-05T02:26:49.138+0300][9.230s][info ][gc] GC(197) Pause Young (Normal) (G1 Evacuation Pause) 14M->3M(256M) 1.132ms
[2025-03-05T02:26:49.185+0300][9.277s][info ][gc] GC(198) Pause Young (Normal) (G1 Evacuation Pause) 14M->4M(256M) 2.033ms
[2025-03-05T02:26:49.226+0300][9.318s][info ][gc] GC(199) Pause Young (Normal) (G1 Evacuation Pause) 14M->3M(256M) 1.131ms
[2025-03-05T02:26:49.270+0300][9.363s][info ][gc] GC(200) Pause Young (Normal) (G1 Evacuation Pause) 14M->4M(256M) 1.693ms
[2025-03-05T02:26:49.311+0300][9.403s][info ][gc] GC(201) Pause Young (Normal) (G1 Evacuation Pause) 14M->3M(256M) 1.353ms
[2025-03-05T02:26:49.356+0300][9.449s][info ][gc] GC(202) Pause Young (Normal) (G1 Evacuation Pause) 14M->4M(256M) 1.722ms
[2025-03-05T02:26:49.399+0300][9.490s][info ][gc] GC(203) Pause Young (Normal) (G1 Evacuation Pause) 14M->3M(256M) 1.294ms
[2025-03-05T02:26:49.445+0300][9.537s][info ][gc] GC(204) Pause Young (Normal) (G1 Evacuation Pause) 14M->4M(256M) 2.463ms
[2025-03-05T02:26:49.486+0300][9.578s][info ][gc] GC(205) Pause Young (Normal) (G1 Evacuation Pause) 14M->3M(256M) 1.563ms
[2025-03-05T02:26:49.531+0300][9.623s][info ][gc] GC(206) Pause Young (Normal) (G1 Evacuation Pause) 14M->4M(256M) 1.995ms
[2025-03-05T02:26:49.572+0300][9.664s][info ][gc] GC(207) Pause Young (Normal) (G1 Evacuation Pause) 14M->3M(256M) 1.476ms
[2025-03-05T02:26:49.618+0300][9.711s][info ][gc] GC(208) Pause Young (Normal) (G1 Evacuation Pause) 14M->4M(256M) 1.968ms
[2025-03-05T02:26:49.660+0300][9.752s][info ][gc] GC(209) Pause Young (Normal) (G1 Evacuation Pause) 14M->3M(256M) 1.421ms
[2025-03-05T02:26:49.703+0300][9.796s][info ][gc] GC(210) Pause Young (Normal) (G1 Evacuation Pause) 14M->4M(256M) 2.218ms
[2025-03-05T02:26:49.745+0300][9.837s][info ][gc] GC(211) Pause Young (Normal) (G1 Evacuation Pause) 14M->3M(256M) 1.530ms
[2025-03-05T02:26:49.789+0300][9.881s][info ][gc] GC(212) Pause Young (Normal) (G1 Evacuation Pause) 14M->2M(256M) 0.662ms
[2025-03-05T02:26:49.835+0300][9.927s][info ][gc] GC(213) Pause Young (Normal) (G1 Evacuation Pause) 13M->3M(256M) 1.676ms
[2025-03-05T02:26:49.879+0300][9.971s][info ][gc] GC(214) Pause Young (Normal) (G1 Evacuation Pause) 14M->2M(256M) 0.928ms
[2025-03-05T02:26:49.927+0300][10.018s][info ][gc] GC(215) Pause Young (Normal) (G1 Evacuation Pause) 13M->3M(256M) 1.486ms
[2025-03-05T02:26:49.970+0300][10.062s][info ][gc] GC(216) Pause Young (Normal) (G1 Evacuation Pause) 14M->2M(256M) 0.783ms
[2025-03-05T02:26:50.013+0300][10.106s][info ][gc] GC(217) Pause Young (Normal) (G1 Evacuation Pause) 13M->3M(256M) 1.558ms
[2025-03-05T02:26:50.057+0300][10.148s][info ][gc] GC(218) Pause Young (Normal) (G1 Evacuation Pause) 13M->2M(256M) 0.889ms
[2025-03-05T02:26:50.100+0300][10.193s][info ][gc] GC(219) Pause Young (Normal) (G1 Evacuation Pause) 13M->3M(256M) 1.822ms
[2025-03-05T02:26:50.142+0300][10.235s][info ][gc] GC(220) Pause Young (Normal) (G1 Evacuation Pause) 13M->3M(256M) 1.095ms
[2025-03-05T02:26:50.187+0300][10.279s][info ][gc] GC(221) Pause Young (Normal) (G1 Evacuation Pause) 14M->3M(256M) 1.381ms
[2025-03-05T02:26:50.227+0300][10.320s][info ][gc] GC(222) Pause Young (Normal) (G1 Evacuation Pause) 13M->3M(256M) 0.810ms
[2025-03-05T02:26:50.274+0300][10.366s][info ][gc] GC(223) Pause Young (Normal) (G1 Evacuation Pause) 14M->3M(256M) 1.877ms
[2025-03-05T02:26:50.314+0300][10.406s][info ][gc] GC(224) Pause Young (Normal) (G1 Evacuation Pause) 13M->3M(256M) 1.083ms
[2025-03-05T02:26:50.359+0300][10.451s][info ][gc] GC(225) Pause Young (Normal) (G1 Evacuation Pause) 14M->3M(256M) 1.772ms
[2025-03-05T02:26:50.399+0300][10.491s][info ][gc] GC(226) Pause Young (Normal) (G1 Evacuation Pause) 13M->3M(256M) 1.098ms
[2025-03-05T02:26:50.446+0300][10.537s][info ][gc] GC(227) Pause Young (Normal) (G1 Evacuation Pause) 14M->3M(256M) 1.950ms
[2025-03-05T02:26:50.486+0300][10.578s][info ][gc] GC(228) Pause Young (Normal) (G1 Evacuation Pause) 13M->3M(256M) 1.007ms
[2025-03-05T02:26:50.531+0300][10.623s][info ][gc] GC(229) Pause Young (Normal) (G1 Evacuation Pause) 14M->3M(256M) 1.713ms
[2025-03-05T02:26:50.570+0300][10.662s][info ][gc] GC(230) Pause Young (Normal) (G1 Evacuation Pause) 13M->3M(256M) 0.943ms
[2025-03-05T02:26:50.615+0300][10.707s][info ][gc] GC(231) Pause Young (Normal) (G1 Evacuation Pause) 14M->4M(256M) 1.707ms
[2025-03-05T02:26:50.656+0300][10.748s][info ][gc] GC(232) Pause Young (Normal) (G1 Evacuation Pause) 14M->3M(256M) 1.186ms
[2025-03-05T02:26:50.702+0300][10.795s][info ][gc] GC(233) Pause Young (Normal) (G1 Evacuation Pause) 14M->4M(256M) 1.978ms
[2025-03-05T02:26:50.743+0300][10.835s][info ][gc] GC(234) Pause Young (Normal) (G1 Evacuation Pause) 14M->3M(256M) 1.209ms
[2025-03-05T02:26:50.788+0300][10.880s][info ][gc] GC(235) Pause Young (Normal) (G1 Evacuation Pause) 14M->4M(256M) 1.659ms
[2025-03-05T02:26:50.827+0300][10.919s][info ][gc] GC(236) Pause Young (Normal) (G1 Evacuation Pause) 14M->3M(256M) 0.926ms
[2025-03-05T02:26:50.873+0300][10.965s][info ][gc] GC(237) Pause Young (Normal) (G1 Evacuation Pause) 14M->4M(256M) 1.753ms
[2025-03-05T02:26:50.914+0300][11.006s][info ][gc] GC(238) Pause Young (Normal) (G1 Evacuation Pause) 14M->3M(256M) 1.430ms
[2025-03-05T02:26:50.959+0300][11.052s][info ][gc] GC(239) Pause Young (Normal) (G1 Evacuation Pause) 14M->4M(256M) 1.846ms
[2025-03-05T02:26:51.000+0300][11.092s][info ][gc] GC(240) Pause Young (Normal) (G1 Evacuation Pause) 14M->3M(256M) 1.011ms
[2025-03-05T02:26:51.050+0300][11.142s][info ][gc] GC(241) Pause Young (Normal) (G1 Evacuation Pause) 14M->4M(256M) 1.912ms
[2025-03-05T02:26:51.089+0300][11.182s][info ][gc] GC(242) Pause Young (Normal) (G1 Evacuation Pause) 14M->3M(256M) 1.144ms
[2025-03-05T02:26:51.136+0300][11.228s][info ][gc] GC(243) Pause Young (Normal) (G1 Evacuation Pause) 14M->4M(256M) 1.948ms
[2025-03-05T02:26:51.177+0300][11.268s][info ][gc] GC(244) Pause Young (Normal) (G1 Evacuation Pause) 14M->3M(256M) 1.492ms
[2025-03-05T02:26:51.222+0300][11.314s][info ][gc] GC(245) Pause Young (Normal) (G1 Evacuation Pause) 14M->4M(256M) 1.649ms
[2025-03-05T02:26:51.262+0300][11.354s][info ][gc] GC(246) Pause Young (Normal) (G1 Evacuation Pause) 14M->3M(256M) 1.300ms
[2025-03-05T02:26:51.306+0300][11.398s][info ][gc] GC(247) Pause Young (Normal) (G1 Evacuation Pause) 14M->4M(256M) 1.877ms
[2025-03-05T02:26:51.348+0300][11.441s][info ][gc] GC(248) Pause Young (Normal) (G1 Evacuation Pause) 14M->3M(256M) 1.056ms
[2025-03-05T02:26:51.394+0300][11.486s][info ][gc] GC(249) Pause Young (Normal) (G1 Evacuation Pause) 14M->4M(256M) 1.856ms
[2025-03-05T02:26:51.437+0300][11.529s][info ][gc] GC(250) Pause Young (Normal) (G1 Evacuation Pause) 14M->3M(256M) 1.167ms
[2025-03-05T02:26:51.483+0300][11.575s][info ][gc] GC(251) Pause Young (Normal) (G1 Evacuation Pause) 14M->4M(256M) 1.660ms
[2025-03-05T02:26:51.524+0300][11.615s][info ][gc] GC(252) Pause Young (Normal) (G1 Evacuation Pause) 14M->3M(256M) 1.190ms
[2025-03-05T02:26:51.568+0300][11.661s][info ][gc] GC(253) Pause Young (Normal) (G1 Evacuation Pause) 14M->4M(256M) 1.779ms
[2025-03-05T02:26:51.610+0300][11.701s][info ][gc] GC(254) Pause Young (Normal) (G1 Evacuation Pause) 14M->3M(256M) 1.360ms
[2025-03-05T02:26:51.653+0300][11.747s][info ][gc] GC(255) Pause Young (Normal) (G1 Evacuation Pause) 14M->4M(256M) 2.024ms
[2025-03-05T02:26:51.695+0300][11.787s][info ][gc] GC(256) Pause Young (Normal) (G1 Evacuation Pause) 14M->3M(256M) 1.423ms
[2025-03-05T02:26:51.740+0300][11.832s][info ][gc] GC(257) Pause Young (Normal) (G1 Evacuation Pause) 14M->4M(256M) 1.953ms
[2025-03-05T02:26:51.789+0300][11.881s][info ][gc] GC(258) Pause Young (Normal) (G1 Evacuation Pause) 14M->3M(256M) 1.633ms
[2025-03-05T02:26:51.837+0300][11.930s][info ][gc] GC(259) Pause Young (Normal) (G1 Evacuation Pause) 14M->4M(256M) 2.035ms
[2025-03-05T02:26:51.879+0300][11.971s][info ][gc] GC(260) Pause Young (Normal) (G1 Evacuation Pause) 14M->3M(256M) 1.533ms
[2025-03-05T02:26:51.926+0300][12.018s][info ][gc] GC(261) Pause Young (Normal) (G1 Evacuation Pause) 14M->2M(256M) 0.483ms
[2025-03-05T02:26:51.973+0300][12.065s][info ][gc] GC(262) Pause Young (Normal) (G1 Evacuation Pause) 13M->3M(256M) 1.595ms
[2025-03-05T02:26:52.017+0300][12.109s][info ][gc] GC(263) Pause Young (Normal) (G1 Evacuation Pause) 14M->2M(256M) 0.706ms
[2025-03-05T02:26:52.062+0300][12.154s][info ][gc] GC(264) Pause Young (Normal) (G1 Evacuation Pause) 13M->3M(256M) 1.582ms
[2025-03-05T02:26:52.106+0300][12.199s][info ][gc] GC(265) Pause Young (Normal) (G1 Evacuation Pause) 14M->2M(256M) 0.887ms
[2025-03-05T02:26:52.151+0300][12.243s][info ][gc] GC(266) Pause Young (Normal) (G1 Evacuation Pause) 13M->3M(256M) 1.708ms
[2025-03-05T02:26:52.192+0300][12.284s][info ][gc] GC(267) Pause Young (Normal) (G1 Evacuation Pause) 13M->2M(256M) 0.968ms
[2025-03-05T02:26:52.240+0300][12.333s][info ][gc] GC(268) Pause Young (Normal) (G1 Evacuation Pause) 13M->3M(256M) 1.526ms
[2025-03-05T02:26:52.280+0300][12.373s][info ][gc] GC(269) Pause Young (Normal) (G1 Evacuation Pause) 13M->3M(256M) 0.799ms
[2025-03-05T02:26:52.325+0300][12.417s][info ][gc] GC(270) Pause Young (Normal) (G1 Evacuation Pause) 14M->3M(256M) 1.447ms
[2025-03-05T02:26:52.366+0300][12.457s][info ][gc] GC(271) Pause Young (Normal) (G1 Evacuation Pause) 13M->3M(256M) 0.942ms
[2025-03-05T02:26:52.410+0300][12.502s][info ][gc] GC(272) Pause Young (Normal) (G1 Evacuation Pause) 14M->3M(256M) 1.733ms
[2025-03-05T02:26:52.452+0300][12.545s][info ][gc] GC(273) Pause Young (Normal) (G1 Evacuation Pause) 13M->3M(256M) 1.057ms
[2025-03-05T02:26:52.497+0300][12.589s][info ][gc] GC(274) Pause Young (Normal) (G1 Evacuation Pause) 14M->3M(256M) 1.753ms
[2025-03-05T02:26:52.538+0300][12.630s][info ][gc] GC(275) Pause Young (Normal) (G1 Evacuation Pause) 13M->3M(256M) 1.044ms
[2025-03-05T02:26:52.585+0300][12.677s][info ][gc] GC(276) Pause Young (Normal) (G1 Evacuation Pause) 14M->3M(256M) 1.833ms
[2025-03-05T02:26:52.625+0300][12.717s][info ][gc] GC(277) Pause Young (Normal) (G1 Evacuation Pause) 13M->3M(256M) 0.901ms
[2025-03-05T02:26:52.669+0300][12.762s][info ][gc] GC(278) Pause Young (Normal) (G1 Evacuation Pause) 14M->3M(256M) 1.677ms
[2025-03-05T02:26:52.710+0300][12.802s][info ][gc] GC(279) Pause Young (Normal) (G1 Evacuation Pause) 13M->3M(256M) 1.016ms
[2025-03-05T02:26:52.755+0300][12.847s][info ][gc] GC(280) Pause Young (Normal) (G1 Evacuation Pause) 14M->4M(256M) 1.600ms
[2025-03-05T02:26:52.807+0300][12.899s][info ][gc] GC(281) Pause Young (Normal) (G1 Evacuation Pause) 17M->3M(256M) 1.092ms
[2025-03-05T02:26:52.851+0300][12.944s][info ][gc] GC(282) Pause Young (Normal) (G1 Evacuation Pause) 14M->4M(256M) 1.758ms
[2025-03-05T02:26:52.892+0300][12.984s][info ][gc] GC(283) Pause Young (Normal) (G1 Evacuation Pause) 14M->3M(256M) 1.246ms
[2025-03-05T02:26:52.938+0300][13.030s][info ][gc] GC(284) Pause Young (Normal) (G1 Evacuation Pause) 14M->4M(256M) 1.770ms
[2025-03-05T02:26:52.980+0300][13.071s][info ][gc] GC(285) Pause Young (Normal) (G1 Evacuation Pause) 14M->3M(256M) 1.379ms
[2025-03-05T02:26:53.025+0300][13.117s][info ][gc] GC(286) Pause Young (Normal) (G1 Evacuation Pause) 14M->4M(256M) 1.910ms
[2025-03-05T02:26:53.066+0300][13.158s][info ][gc] GC(287) Pause Young (Normal) (G1 Evacuation Pause) 14M->3M(256M) 1.227ms
[2025-03-05T02:26:53.112+0300][13.204s][info ][gc] GC(288) Pause Young (Normal) (G1 Evacuation Pause) 14M->4M(256M) 1.901ms
[2025-03-05T02:26:53.152+0300][13.245s][info ][gc] GC(289) Pause Young (Normal) (G1 Evacuation Pause) 14M->3M(256M) 1.542ms
[2025-03-05T02:26:53.198+0300][13.290s][info ][gc] GC(290) Pause Young (Normal) (G1 Evacuation Pause) 14M->4M(256M) 1.849ms
[2025-03-05T02:26:53.240+0300][13.331s][info ][gc] GC(291) Pause Young (Normal) (G1 Evacuation Pause) 14M->3M(256M) 1.339ms
[2025-03-05T02:26:53.283+0300][13.375s][info ][gc] GC(292) Pause Young (Normal) (G1 Evacuation Pause) 14M->2M(256M) 0.645ms
[2025-03-05T02:26:53.330+0300][13.422s][info ][gc] GC(293) Pause Young (Normal) (G1 Evacuation Pause) 13M->3M(256M) 1.460ms
[2025-03-05T02:26:53.375+0300][13.466s][info ][gc] GC(294) Pause Young (Normal) (G1 Evacuation Pause) 14M->2M(256M) 0.955ms
[2025-03-05T02:26:53.420+0300][13.512s][info ][gc] GC(295) Pause Young (Normal) (G1 Evacuation Pause) 13M->3M(256M) 1.547ms
[2025-03-05T02:26:53.465+0300][13.557s][info ][gc] GC(296) Pause Young (Normal) (G1 Evacuation Pause) 14M->2M(256M) 0.733ms
[2025-03-05T02:26:53.511+0300][13.603s][info ][gc] GC(297) Pause Young (Normal) (G1 Evacuation Pause) 13M->3M(256M) 1.912ms
[2025-03-05T02:26:53.552+0300][13.644s][info ][gc] GC(298) Pause Young (Normal) (G1 Evacuation Pause) 13M->2M(256M) 1.028ms
[2025-03-05T02:26:53.597+0300][13.689s][info ][gc] GC(299) Pause Young (Normal) (G1 Evacuation Pause) 13M->3M(256M) 1.667ms
[2025-03-05T02:26:53.636+0300][13.728s][info ][gc] GC(300) Pause Young (Normal) (G1 Evacuation Pause) 13M->3M(256M) 0.769ms
[2025-03-05T02:26:53.681+0300][13.773s][info ][gc] GC(301) Pause Young (Normal) (G1 Evacuation Pause) 14M->3M(256M) 1.451ms
[2025-03-05T02:26:53.721+0300][13.813s][info ][gc] GC(302) Pause Young (Normal) (G1 Evacuation Pause) 13M->3M(256M) 1.056ms
[2025-03-05T02:26:53.766+0300][13.859s][info ][gc] GC(303) Pause Young (Normal) (G1 Evacuation Pause) 14M->3M(256M) 1.721ms
[2025-03-05T02:26:53.808+0300][13.900s][info ][gc] GC(304) Pause Young (Normal) (G1 Evacuation Pause) 13M->3M(256M) 1.042ms
[2025-03-05T02:26:53.852+0300][13.944s][info ][gc] GC(305) Pause Young (Normal) (G1 Evacuation Pause) 14M->3M(256M) 1.623ms
[2025-03-05T02:26:53.892+0300][13.984s][info ][gc] GC(306) Pause Young (Normal) (G1 Evacuation Pause) 13M->3M(256M) 0.975ms
[2025-03-05T02:26:53.935+0300][14.028s][info ][gc] GC(307) Pause Young (Normal) (G1 Evacuation Pause) 14M->3M(256M) 1.498ms
[2025-03-05T02:26:53.976+0300][14.068s][info ][gc] GC(308) Pause Young (Normal) (G1 Evacuation Pause) 13M->3M(256M) 1.093ms
[2025-03-05T02:26:54.021+0300][14.114s][info ][gc] GC(309) Pause Young (Normal) (G1 Evacuation Pause) 14M->3M(256M) 1.733ms
[2025-03-05T02:26:54.066+0300][14.158s][info ][gc] GC(310) Pause Young (Normal) (G1 Evacuation Pause) 13M->3M(256M) 1.014ms
[2025-03-05T02:26:54.112+0300][14.203s][info ][gc] GC(311) Pause Young (Normal) (G1 Evacuation Pause) 14M->4M(256M) 1.884ms
[2025-03-05T02:26:54.154+0300][14.246s][info ][gc] GC(312) Pause Young (Normal) (G1 Evacuation Pause) 14M->3M(256M) 1.241ms
[2025-03-05T02:26:54.199+0300][14.291s][info ][gc] GC(313) Pause Young (Normal) (G1 Evacuation Pause) 14M->4M(256M) 1.757ms
[2025-03-05T02:26:54.242+0300][14.334s][info ][gc] GC(314) Pause Young (Normal) (G1 Evacuation Pause) 14M->3M(256M) 1.169ms
[2025-03-05T02:26:54.287+0300][14.379s][info ][gc] GC(315) Pause Young (Normal) (G1 Evacuation Pause) 14M->3M(256M) 1.609ms
[2025-03-05T02:26:54.328+0300][14.419s][info ][gc] GC(316) Pause Young (Normal) (G1 Evacuation Pause) 13M->3M(256M) 1.009ms
[2025-03-05T02:26:54.372+0300][14.464s][info ][gc] GC(317) Pause Young (Normal) (G1 Evacuation Pause) 14M->4M(256M) 1.687ms
[2025-03-05T02:26:54.412+0300][14.505s][info ][gc] GC(318) Pause Young (Normal) (G1 Evacuation Pause) 14M->3M(256M) 1.354ms
[2025-03-05T02:26:54.461+0300][14.554s][info ][gc] GC(319) Pause Young (Normal) (G1 Evacuation Pause) 14M->4M(256M) 1.944ms
[2025-03-05T02:26:54.502+0300][14.594s][info ][gc] GC(320) Pause Young (Normal) (G1 Evacuation Pause) 14M->3M(256M) 1.112ms
[2025-03-05T02:26:54.548+0300][14.640s][info ][gc] GC(321) Pause Young (Normal) (G1 Evacuation Pause) 14M->4M(256M) 1.824ms
[2025-03-05T02:26:54.587+0300][14.680s][info ][gc] GC(322) Pause Young (Normal) (G1 Evacuation Pause) 14M->3M(256M) 0.950ms
[2025-03-05T02:26:54.633+0300][14.724s][info ][gc] GC(323) Pause Young (Normal) (G1 Evacuation Pause) 14M->4M(256M) 1.947ms
[2025-03-05T02:26:54.673+0300][14.765s][info ][gc] GC(324) Pause Young (Normal) (G1 Evacuation Pause) 14M->3M(256M) 1.148ms
[2025-03-05T02:26:54.720+0300][14.812s][info ][gc] GC(325) Pause Young (Normal) (G1 Evacuation Pause) 14M->4M(256M) 2.099ms
[2025-03-05T02:26:54.760+0300][14.852s][info ][gc] GC(326) Pause Young (Normal) (G1 Evacuation Pause) 14M->3M(256M) 1.354ms
[2025-03-05T02:26:54.805+0300][14.897s][info ][gc] GC(327) Pause Young (Normal) (G1 Evacuation Pause) 14M->4M(256M) 1.925ms
[2025-03-05T02:26:54.846+0300][14.937s][info ][gc] GC(328) Pause Young (Normal) (G1 Evacuation Pause) 14M->3M(256M) 1.327ms
[2025-03-05T02:26:54.891+0300][14.982s][info ][gc] GC(329) Pause Young (Normal) (G1 Evacuation Pause) 14M->4M(256M) 1.663ms
[2025-03-05T02:26:54.934+0300][15.026s][info ][gc] GC(330) Pause Young (Normal) (G1 Evacuation Pause) 14M->3M(256M) 1.532ms
[2025-03-05T02:26:54.979+0300][15.071s][info ][gc] GC(331) Pause Young (Normal) (G1 Evacuation Pause) 14M->4M(256M) 1.832ms
[2025-03-05T02:26:55.021+0300][15.113s][info ][gc] GC(332) Pause Young (Normal) (G1 Evacuation Pause) 14M->3M(256M) 1.319ms
[2025-03-05T02:26:55.067+0300][15.159s][info ][gc] GC(333) Pause Young (Normal) (G1 Evacuation Pause) 14M->4M(256M) 1.961ms
[2025-03-05T02:26:55.108+0300][15.200s][info ][gc] GC(334) Pause Young (Normal) (G1 Evacuation Pause) 14M->3M(256M) 1.311ms
[2025-03-05T02:26:55.154+0300][15.246s][info ][gc] GC(335) Pause Young (Normal) (G1 Evacuation Pause) 14M->4M(256M) 1.899ms
[2025-03-05T02:26:55.195+0300][15.287s][info ][gc] GC(336) Pause Young (Normal) (G1 Evacuation Pause) 14M->3M(256M) 1.393ms
[2025-03-05T02:26:55.240+0300][15.333s][info ][gc] GC(337) Pause Young (Normal) (G1 Evacuation Pause) 14M->4M(256M) 1.957ms
[2025-03-05T02:26:55.282+0300][15.375s][info ][gc] GC(338) Pause Young (Normal) (G1 Evacuation Pause) 14M->3M(256M) 1.320ms
[2025-03-05T02:26:55.327+0300][15.420s][info ][gc] GC(339) Pause Young (Normal) (G1 Evacuation Pause) 14M->4M(256M) 2.051ms
[2025-03-05T02:26:55.374+0300][15.465s][info ][gc] GC(340) Pause Young (Normal) (G1 Evacuation Pause) 14M->3M(256M) 1.342ms
[2025-03-05T02:26:55.420+0300][15.512s][info ][gc] GC(341) Pause Young (Normal) (G1 Evacuation Pause) 14M->2M(256M) 0.561ms
[2025-03-05T02:26:55.465+0300][15.557s][info ][gc] GC(342) Pause Young (Normal) (G1 Evacuation Pause) 13M->3M(256M) 1.560ms
[2025-03-05T02:26:55.513+0300][15.605s][info ][gc] GC(343) Pause Young (Normal) (G1 Evacuation Pause) 14M->2M(256M) 0.814ms
[2025-03-05T02:26:55.560+0300][15.652s][info ][gc] GC(344) Pause Young (Normal) (G1 Evacuation Pause) 13M->3M(256M) 1.618ms
[2025-03-05T02:26:55.607+0300][15.699s][info ][gc] GC(345) Pause Young (Normal) (G1 Evacuation Pause) 14M->2M(256M) 0.886ms
[2025-03-05T02:26:55.653+0300][15.745s][info ][gc] GC(346) Pause Young (Normal) (G1 Evacuation Pause) 13M->3M(256M) 1.676ms
[2025-03-05T02:26:55.694+0300][15.786s][info ][gc] GC(347) Pause Young (Normal) (G1 Evacuation Pause) 13M->2M(256M) 0.980ms
[2025-03-05T02:26:55.738+0300][15.831s][info ][gc] GC(348) Pause Young (Normal) (G1 Evacuation Pause) 13M->3M(256M) 1.664ms
[2025-03-05T02:26:55.780+0300][15.872s][info ][gc] GC(349) Pause Young (Normal) (G1 Evacuation Pause) 13M->3M(256M) 1.153ms
[2025-03-05T02:26:55.827+0300][15.919s][info ][gc] GC(350) Pause Young (Normal) (G1 Evacuation Pause) 14M->3M(256M) 1.482ms
[2025-03-05T02:26:55.866+0300][15.958s][info ][gc] GC(351) Pause Young (Normal) (G1 Evacuation Pause) 13M->3M(256M) 0.725ms
[2025-03-05T02:26:55.911+0300][16.003s][info ][gc] GC(352) Pause Young (Normal) (G1 Evacuation Pause) 14M->3M(256M) 1.736ms
[2025-03-05T02:26:55.952+0300][16.044s][info ][gc] GC(353) Pause Young (Normal) (G1 Evacuation Pause) 13M->3M(256M) 1.046ms
[2025-03-05T02:26:55.996+0300][16.089s][info ][gc] GC(354) Pause Young (Normal) (G1 Evacuation Pause) 14M->3M(256M) 1.863ms
[2025-03-05T02:26:56.038+0300][16.130s][info ][gc] GC(355) Pause Young (Normal) (G1 Evacuation Pause) 13M->3M(256M) 0.856ms
[2025-03-05T02:26:56.083+0300][16.176s][info ][gc] GC(356) Pause Young (Normal) (G1 Evacuation Pause) 14M->3M(256M) 1.795ms
[2025-03-05T02:26:56.125+0300][16.217s][info ][gc] GC(357) Pause Young (Normal) (G1 Evacuation Pause) 13M->3M(256M) 1.037ms
[2025-03-05T02:26:56.169+0300][16.261s][info ][gc] GC(358) Pause Young (Normal) (G1 Evacuation Pause) 14M->3M(256M) 1.494ms
[2025-03-05T02:26:56.209+0300][16.301s][info ][gc] GC(359) Pause Young (Normal) (G1 Evacuation Pause) 13M->3M(256M) 0.962ms
[2025-03-05T02:26:56.256+0300][16.348s][info ][gc] GC(360) Pause Young (Normal) (G1 Evacuation Pause) 14M->3M(256M) 1.805ms
[2025-03-05T02:26:56.297+0300][16.389s][info ][gc] GC(361) Pause Young (Normal) (G1 Evacuation Pause) 13M->3M(256M) 1.229ms
[2025-03-05T02:26:56.342+0300][16.434s][info ][gc] GC(362) Pause Young (Normal) (G1 Evacuation Pause) 14M->4M(256M) 1.613ms
[2025-03-05T02:26:56.382+0300][16.474s][info ][gc] GC(363) Pause Young (Normal) (G1 Evacuation Pause) 14M->3M(256M) 1.042ms
[2025-03-05T02:26:56.427+0300][16.519s][info ][gc] GC(364) Pause Young (Normal) (G1 Evacuation Pause) 14M->3M(256M) 1.699ms
[2025-03-05T02:26:56.468+0300][16.560s][info ][gc] GC(365) Pause Young (Normal) (G1 Evacuation Pause) 13M->3M(256M) 1.003ms
[2025-03-05T02:26:56.534+0300][16.626s][info ][gc] GC(366) Pause Young (Normal) (G1 Evacuation Pause) 19M->2M(256M) 0.850ms
[2025-03-05T02:26:56.578+0300][16.671s][info ][gc] GC(367) Pause Young (Normal) (G1 Evacuation Pause) 13M->3M(256M) 1.449ms
[2025-03-05T02:26:56.623+0300][16.715s][info ][gc] GC(368) Pause Young (Normal) (G1 Evacuation Pause) 14M->2M(256M) 0.920ms
[2025-03-05T02:26:56.668+0300][16.760s][info ][gc] GC(369) Pause Young (Normal) (G1 Evacuation Pause) 13M->3M(256M) 1.695ms
[2025-03-05T02:26:56.707+0300][16.800s][info ][gc] GC(370) Pause Young (Normal) (G1 Evacuation Pause) 13M->2M(256M) 0.945ms
[2025-03-05T02:26:56.754+0300][16.845s][info ][gc] GC(371) Pause Young (Normal) (G1 Evacuation Pause) 13M->3M(256M) 1.677ms
[2025-03-05T02:26:56.796+0300][16.888s][info ][gc] GC(372) Pause Young (Normal) (G1 Evacuation Pause) 13M->3M(256M) 0.964ms
[2025-03-05T02:26:56.841+0300][16.933s][info ][gc] GC(373) Pause Young (Normal) (G1 Evacuation Pause) 14M->3M(256M) 1.775ms
[2025-03-05T02:26:56.881+0300][16.973s][info ][gc] GC(374) Pause Young (Normal) (G1 Evacuation Pause) 13M->3M(256M) 1.012ms
[2025-03-05T02:26:56.925+0300][17.017s][info ][gc] GC(375) Pause Young (Normal) (G1 Evacuation Pause) 14M->3M(256M) 1.434ms
[2025-03-05T02:26:56.965+0300][17.057s][info ][gc] GC(376) Pause Young (Normal) (G1 Evacuation Pause) 13M->3M(256M) 1.012ms
[2025-03-05T02:26:57.012+0300][17.104s][info ][gc] GC(377) Pause Young (Normal) (G1 Evacuation Pause) 14M->3M(256M) 1.751ms
[2025-03-05T02:26:57.056+0300][17.148s][info ][gc] GC(378) Pause Young (Normal) (G1 Evacuation Pause) 13M->3M(256M) 1.025ms
[2025-03-05T02:26:57.100+0300][17.193s][info ][gc] GC(379) Pause Young (Normal) (G1 Evacuation Pause) 14M->3M(256M) 1.723ms
[2025-03-05T02:26:57.141+0300][17.233s][info ][gc] GC(380) Pause Young (Normal) (G1 Evacuation Pause) 13M->3M(256M) 0.924ms
[2025-03-05T02:26:57.186+0300][17.278s][info ][gc] GC(381) Pause Young (Normal) (G1 Evacuation Pause) 14M->3M(256M) 1.589ms
[2025-03-05T02:26:57.229+0300][17.321s][info ][gc] GC(382) Pause Young (Normal) (G1 Evacuation Pause) 13M->3M(256M) 1.068ms
[2025-03-05T02:26:57.283+0300][17.375s][info ][gc] GC(383) Pause Young (Normal) (G1 Evacuation Pause) 14M->3M(256M) 1.653ms
[2025-03-05T02:26:57.322+0300][17.415s][info ][gc] GC(384) Pause Young (Normal) (G1 Evacuation Pause) 13M->3M(256M) 1.005ms
[2025-03-05T02:26:57.371+0300][17.463s][info ][gc] GC(385) Pause Young (Normal) (G1 Evacuation Pause) 15M->4M(256M) 1.816ms
[2025-03-05T02:26:57.420+0300][17.512s][info ][gc] GC(386) Pause Young (Normal) (G1 Evacuation Pause) 16M->3M(256M) 1.270ms
[2025-03-05T02:26:57.466+0300][17.558s][info ][gc] GC(387) Pause Young (Normal) (G1 Evacuation Pause) 14M->4M(256M) 1.731ms
[2025-03-05T02:26:57.508+0300][17.599s][info ][gc] GC(388) Pause Young (Normal) (G1 Evacuation Pause) 14M->3M(256M) 1.437ms
[2025-03-05T02:26:57.552+0300][17.644s][info ][gc] GC(389) Pause Young (Normal) (G1 Evacuation Pause) 14M->4M(256M) 1.948ms
[2025-03-05T02:26:57.594+0300][17.686s][info ][gc] GC(390) Pause Young (Normal) (G1 Evacuation Pause) 14M->3M(256M) 1.383ms
[2025-03-05T02:26:57.638+0300][17.730s][info ][gc] GC(391) Pause Young (Normal) (G1 Evacuation Pause) 14M->4M(256M) 1.787ms
[2025-03-05T02:26:57.679+0300][17.771s][info ][gc] GC(392) Pause Young (Normal) (G1 Evacuation Pause) 14M->3M(256M) 1.397ms
[2025-03-05T02:26:57.726+0300][17.817s][info ][gc] GC(393) Pause Young (Normal) (G1 Evacuation Pause) 14M->4M(256M) 1.796ms
[2025-03-05T02:26:57.766+0300][17.858s][info ][gc] GC(394) Pause Young (Normal) (G1 Evacuation Pause) 14M->3M(256M) 1.414ms
[2025-03-05T02:26:57.810+0300][17.902s][info ][gc] GC(395) Pause Young (Normal) (G1 Evacuation Pause) 14M->2M(256M) 0.705ms
[2025-03-05T02:26:57.855+0300][17.947s][info ][gc] GC(396) Pause Young (Normal) (G1 Evacuation Pause) 13M->3M(256M) 1.590ms
[2025-03-05T02:26:57.899+0300][17.991s][info ][gc] GC(397) Pause Young (Normal) (G1 Evacuation Pause) 14M->2M(256M) 0.856ms
[2025-03-05T02:26:57.947+0300][18.038s][info ][gc] GC(398) Pause Young (Normal) (G1 Evacuation Pause) 13M->3M(256M) 1.720ms
[2025-03-05T02:26:57.990+0300][18.082s][info ][gc] GC(399) Pause Young (Normal) (G1 Evacuation Pause) 14M->2M(256M) 0.788ms
[2025-03-05T02:26:58.035+0300][18.127s][info ][gc] GC(400) Pause Young (Normal) (G1 Evacuation Pause) 13M->3M(256M) 1.632ms
[2025-03-05T02:26:58.075+0300][18.167s][info ][gc] GC(401) Pause Young (Normal) (G1 Evacuation Pause) 13M->2M(256M) 0.930ms
[2025-03-05T02:26:58.119+0300][18.211s][info ][gc] GC(402) Pause Young (Normal) (G1 Evacuation Pause) 13M->3M(256M) 1.486ms
[2025-03-05T02:26:58.160+0300][18.252s][info ][gc] GC(403) Pause Young (Normal) (G1 Evacuation Pause) 13M->3M(256M) 1.067ms
[2025-03-05T02:26:58.206+0300][18.297s][info ][gc] GC(404) Pause Young (Normal) (G1 Evacuation Pause) 14M->3M(256M) 1.503ms
[2025-03-05T02:26:58.248+0300][18.339s][info ][gc] GC(405) Pause Young (Normal) (G1 Evacuation Pause) 13M->3M(256M) 1.102ms
[2025-03-05T02:26:58.293+0300][18.385s][info ][gc] GC(406) Pause Young (Normal) (G1 Evacuation Pause) 14M->3M(256M) 1.717ms
[2025-03-05T02:26:58.332+0300][18.425s][info ][gc] GC(407) Pause Young (Normal) (G1 Evacuation Pause) 13M->3M(256M) 0.816ms
[2025-03-05T02:26:58.379+0300][18.471s][info ][gc] GC(408) Pause Young (Normal) (G1 Evacuation Pause) 14M->3M(256M) 1.681ms
[2025-03-05T02:26:58.419+0300][18.512s][info ][gc] GC(409) Pause Young (Normal) (G1 Evacuation Pause) 13M->3M(256M) 0.813ms
[2025-03-05T02:26:58.466+0300][18.557s][info ][gc] GC(410) Pause Young (Normal) (G1 Evacuation Pause) 14M->3M(256M) 1.742ms
[2025-03-05T02:26:58.506+0300][18.598s][info ][gc] GC(411) Pause Young (Normal) (G1 Evacuation Pause) 13M->3M(256M) 0.810ms
[2025-03-05T02:26:58.550+0300][18.642s][info ][gc] GC(412) Pause Young (Normal) (G1 Evacuation Pause) 14M->3M(256M) 1.845ms
[2025-03-05T02:26:58.590+0300][18.682s][info ][gc] GC(413) Pause Young (Normal) (G1 Evacuation Pause) 13M->3M(256M) 1.034ms
[2025-03-05T02:26:58.637+0300][18.728s][info ][gc] GC(414) Pause Young (Normal) (G1 Evacuation Pause) 14M->3M(256M) 1.609ms
[2025-03-05T02:26:58.678+0300][18.770s][info ][gc] GC(415) Pause Young (Normal) (G1 Evacuation Pause) 13M->3M(256M) 1.124ms
[2025-03-05T02:26:58.723+0300][18.815s][info ][gc] GC(416) Pause Young (Normal) (G1 Evacuation Pause) 14M->4M(256M) 1.609ms
[2025-03-05T02:26:58.764+0300][18.856s][info ][gc] GC(417) Pause Young (Normal) (G1 Evacuation Pause) 14M->3M(256M) 1.301ms
[2025-03-05T02:26:58.810+0300][18.902s][info ][gc] GC(418) Pause Young (Normal) (G1 Evacuation Pause) 14M->4M(256M) 1.899ms
[2025-03-05T02:26:58.852+0300][18.944s][info ][gc] GC(419) Pause Young (Normal) (G1 Evacuation Pause) 14M->3M(256M) 1.158ms
[2025-03-05T02:26:58.897+0300][18.989s][info ][gc] GC(420) Pause Young (Normal) (G1 Evacuation Pause) 14M->4M(256M) 1.908ms
[2025-03-05T02:26:58.938+0300][19.030s][info ][gc] GC(421) Pause Young (Normal) (G1 Evacuation Pause) 14M->3M(256M) 1.068ms
[2025-03-05T02:26:58.983+0300][19.074s][info ][gc] GC(422) Pause Young (Normal) (G1 Evacuation Pause) 14M->4M(256M) 1.846ms
[2025-03-05T02:26:59.022+0300][19.115s][info ][gc] GC(423) Pause Young (Normal) (G1 Evacuation Pause) 14M->3M(256M) 1.126ms
[2025-03-05T02:26:59.069+0300][19.161s][info ][gc] GC(424) Pause Young (Normal) (G1 Evacuation Pause) 14M->4M(256M) 1.801ms
[2025-03-05T02:26:59.110+0300][19.202s][info ][gc] GC(425) Pause Young (Normal) (G1 Evacuation Pause) 14M->3M(256M) 1.448ms
[2025-03-05T02:26:59.155+0300][19.247s][info ][gc] GC(426) Pause Young (Normal) (G1 Evacuation Pause) 14M->4M(256M) 1.821ms
[2025-03-05T02:26:59.196+0300][19.288s][info ][gc] GC(427) Pause Young (Normal) (G1 Evacuation Pause) 14M->3M(256M) 1.355ms
[2025-03-05T02:26:59.243+0300][19.335s][info ][gc] GC(428) Pause Young (Normal) (G1 Evacuation Pause) 14M->4M(256M) 1.856ms
[2025-03-05T02:26:59.286+0300][19.377s][info ][gc] GC(429) Pause Young (Normal) (G1 Evacuation Pause) 14M->3M(256M) 1.407ms
[2025-03-05T02:26:59.330+0300][19.422s][info ][gc] GC(430) Pause Young (Normal) (G1 Evacuation Pause) 14M->4M(256M) 1.734ms
[2025-03-05T02:26:59.370+0300][19.463s][info ][gc] GC(431) Pause Young (Normal) (G1 Evacuation Pause) 14M->3M(256M) 1.399ms
[2025-03-05T02:26:59.415+0300][19.507s][info ][gc] GC(432) Pause Young (Normal) (G1 Evacuation Pause) 14M->4M(256M) 1.655ms
[2025-03-05T02:26:59.458+0300][19.549s][info ][gc] GC(433) Pause Young (Normal) (G1 Evacuation Pause) 14M->3M(256M) 1.299ms
[2025-03-05T02:26:59.503+0300][19.596s][info ][gc] GC(434) Pause Young (Normal) (G1 Evacuation Pause) 14M->4M(256M) 2.088ms
[2025-03-05T02:26:59.545+0300][19.637s][info ][gc] GC(435) Pause Young (Normal) (G1 Evacuation Pause) 14M->3M(256M) 1.454ms
[2025-03-05T02:26:59.590+0300][19.682s][info ][gc] GC(436) Pause Young (Normal) (G1 Evacuation Pause) 14M->4M(256M) 1.592ms
[2025-03-05T02:26:59.631+0300][19.723s][info ][gc] GC(437) Pause Young (Normal) (G1 Evacuation Pause) 14M->3M(256M) 1.485ms
[2025-03-05T02:26:59.676+0300][19.768s][info ][gc] GC(438) Pause Young (Normal) (G1 Evacuation Pause) 14M->4M(256M) 1.948ms
[2025-03-05T02:26:59.718+0300][19.810s][info ][gc] GC(439) Pause Young (Normal) (G1 Evacuation Pause) 14M->3M(256M) 1.436ms
[2025-03-05T02:26:59.763+0300][19.855s][info ][gc] GC(440) Pause Young (Normal) (G1 Evacuation Pause) 14M->4M(256M) 1.863ms
[2025-03-05T02:26:59.804+0300][19.896s][info ][gc] GC(441) Pause Young (Normal) (G1 Evacuation Pause) 14M->3M(256M) 1.241ms
[2025-03-05T02:26:59.850+0300][19.942s][info ][gc] GC(442) Pause Young (Normal) (G1 Evacuation Pause) 14M->4M(256M) 2.189ms
[2025-03-05T02:26:59.892+0300][19.984s][info ][gc] GC(443) Pause Young (Normal) (G1 Evacuation Pause) 14M->3M(256M) 1.507ms
[2025-03-05T02:26:59.938+0300][20.030s][info ][gc] GC(444) Pause Young (Normal) (G1 Evacuation Pause) 14M->2M(256M) 0.621ms
[2025-03-05T02:26:59.983+0300][20.075s][info ][gc] GC(445) Pause Young (Normal) (G1 Evacuation Pause) 13M->3M(256M) 1.585ms
[2025-03-05T02:27:00.030+0300][20.122s][info ][gc] GC(446) Pause Young (Normal) (G1 Evacuation Pause) 14M->2M(256M) 1.006ms
[2025-03-05T02:27:00.075+0300][20.166s][info ][gc] GC(447) Pause Young (Normal) (G1 Evacuation Pause) 13M->3M(256M) 1.530ms
[2025-03-05T02:27:00.119+0300][20.211s][info ][gc] GC(448) Pause Young (Normal) (G1 Evacuation Pause) 14M->2M(256M) 0.778ms
[2025-03-05T02:27:00.163+0300][20.256s][info ][gc] GC(449) Pause Young (Normal) (G1 Evacuation Pause) 13M->3M(256M) 1.788ms
[2025-03-05T02:27:00.205+0300][20.297s][info ][gc] GC(450) Pause Young (Normal) (G1 Evacuation Pause) 13M->2M(256M) 0.800ms
[2025-03-05T02:27:00.250+0300][20.343s][info ][gc] GC(451) Pause Young (Normal) (G1 Evacuation Pause) 13M->3M(256M) 1.640ms
[2025-03-05T02:27:00.290+0300][20.382s][info ][gc] GC(452) Pause Young (Normal) (G1 Evacuation Pause) 13M->3M(256M) 0.733ms
[2025-03-05T02:27:00.336+0300][20.428s][info ][gc] GC(453) Pause Young (Normal) (G1 Evacuation Pause) 14M->3M(256M) 1.498ms
[2025-03-05T02:27:00.377+0300][20.469s][info ][gc] GC(454) Pause Young (Normal) (G1 Evacuation Pause) 13M->3M(256M) 1.184ms
[2025-03-05T02:27:00.423+0300][20.515s][info ][gc] GC(455) Pause Young (Normal) (G1 Evacuation Pause) 14M->3M(256M) 1.783ms
[2025-03-05T02:27:00.464+0300][20.556s][info ][gc] GC(456) Pause Young (Normal) (G1 Evacuation Pause) 13M->3M(256M) 0.947ms
[2025-03-05T02:27:00.510+0300][20.602s][info ][gc] GC(457) Pause Young (Normal) (G1 Evacuation Pause) 14M->3M(256M) 1.930ms
[2025-03-05T02:27:00.551+0300][20.643s][info ][gc] GC(458) Pause Young (Normal) (G1 Evacuation Pause) 13M->3M(256M) 1.057ms
[2025-03-05T02:27:00.598+0300][20.689s][info ][gc] GC(459) Pause Young (Normal) (G1 Evacuation Pause) 14M->3M(256M) 1.720ms
[2025-03-05T02:27:00.638+0300][20.729s][info ][gc] GC(460) Pause Young (Normal) (G1 Evacuation Pause) 13M->3M(256M) 0.881ms
[2025-03-05T02:27:00.681+0300][20.773s][info ][gc] GC(461) Pause Young (Normal) (G1 Evacuation Pause) 14M->3M(256M) 1.464ms
[2025-03-05T02:27:00.722+0300][20.814s][info ][gc] GC(462) Pause Young (Normal) (G1 Evacuation Pause) 13M->3M(256M) 1.003ms
[2025-03-05T02:27:00.767+0300][20.859s][info ][gc] GC(463) Pause Young (Normal) (G1 Evacuation Pause) 14M->3M(256M) 1.846ms
[2025-03-05T02:27:00.808+0300][20.899s][info ][gc] GC(464) Pause Young (Normal) (G1 Evacuation Pause) 13M->3M(256M) 0.971ms
[2025-03-05T02:27:00.853+0300][20.946s][info ][gc] GC(465) Pause Young (Normal) (G1 Evacuation Pause) 14M->4M(256M) 1.678ms
[2025-03-05T02:27:00.893+0300][20.986s][info ][gc] GC(466) Pause Young (Normal) (G1 Evacuation Pause) 14M->3M(256M) 1.063ms
[2025-03-05T02:27:00.939+0300][21.031s][info ][gc] GC(467) Pause Young (Normal) (G1 Evacuation Pause) 14M->3M(256M) 1.613ms
[2025-03-05T02:27:00.979+0300][21.071s][info ][gc] GC(468) Pause Young (Normal) (G1 Evacuation Pause) 13M->3M(256M) 0.882ms
[2025-03-05T02:27:01.032+0300][21.124s][info ][gc] GC(469) Pause Young (Normal) (G1 Evacuation Pause) 14M->4M(256M) 2.001ms
[2025-03-05T02:27:01.073+0300][21.166s][info ][gc] GC(470) Pause Young (Normal) (G1 Evacuation Pause) 14M->3M(256M) 1.279ms
[2025-03-05T02:27:01.120+0300][21.212s][info ][gc] GC(471) Pause Young (Normal) (G1 Evacuation Pause) 14M->4M(256M) 1.650ms
[2025-03-05T02:27:01.161+0300][21.253s][info ][gc] GC(472) Pause Young (Normal) (G1 Evacuation Pause) 14M->3M(256M) 1.116ms
[2025-03-05T02:27:01.207+0300][21.299s][info ][gc] GC(473) Pause Young (Normal) (G1 Evacuation Pause) 14M->4M(256M) 1.622ms
[2025-03-05T02:27:01.248+0300][21.341s][info ][gc] GC(474) Pause Young (Normal) (G1 Evacuation Pause) 14M->3M(256M) 1.357ms
[2025-03-05T02:27:01.296+0300][21.388s][info ][gc] GC(475) Pause Young (Normal) (G1 Evacuation Pause) 14M->4M(256M) 1.987ms
[2025-03-05T02:27:01.336+0300][21.428s][info ][gc] GC(476) Pause Young (Normal) (G1 Evacuation Pause) 14M->3M(256M) 1.163ms
[2025-03-05T02:27:01.383+0300][21.474s][info ][gc] GC(477) Pause Young (Normal) (G1 Evacuation Pause) 14M->4M(256M) 1.961ms
[2025-03-05T02:27:01.426+0300][21.518s][info ][gc] GC(478) Pause Young (Normal) (G1 Evacuation Pause) 14M->3M(256M) 1.356ms
[2025-03-05T02:27:01.471+0300][21.563s][info ][gc] GC(479) Pause Young (Normal) (G1 Evacuation Pause) 14M->4M(256M) 1.825ms
[2025-03-05T02:27:01.513+0300][21.604s][info ][gc] GC(480) Pause Young (Normal) (G1 Evacuation Pause) 14M->3M(256M) 1.081ms
[2025-03-05T02:27:01.557+0300][21.649s][info ][gc] GC(481) Pause Young (Normal) (G1 Evacuation Pause) 14M->4M(256M) 1.701ms
[2025-03-05T02:27:01.597+0300][21.690s][info ][gc] GC(482) Pause Young (Normal) (G1 Evacuation Pause) 14M->3M(256M) 1.399ms
[2025-03-05T02:27:01.643+0300][21.735s][info ][gc] GC(483) Pause Young (Normal) (G1 Evacuation Pause) 14M->4M(256M) 2.140ms
[2025-03-05T02:27:01.684+0300][21.776s][info ][gc] GC(484) Pause Young (Normal) (G1 Evacuation Pause) 14M->3M(256M) 1.500ms
[2025-03-05T02:27:01.729+0300][21.821s][info ][gc] GC(485) Pause Young (Normal) (G1 Evacuation Pause) 14M->4M(256M) 1.607ms
[2025-03-05T02:27:01.770+0300][21.862s][info ][gc] GC(486) Pause Young (Normal) (G1 Evacuation Pause) 14M->3M(256M) 1.210ms
[2025-03-05T02:27:01.815+0300][21.907s][info ][gc] GC(487) Pause Young (Normal) (G1 Evacuation Pause) 14M->4M(256M) 1.906ms
[2025-03-05T02:27:01.856+0300][21.947s][info ][gc] GC(488) Pause Young (Normal) (G1 Evacuation Pause) 14M->3M(256M) 1.343ms
[2025-03-05T02:27:01.900+0300][21.993s][info ][gc] GC(489) Pause Young (Normal) (G1 Evacuation Pause) 14M->4M(256M) 1.858ms
[2025-03-05T02:27:01.941+0300][22.033s][info ][gc] GC(490) Pause Young (Normal) (G1 Evacuation Pause) 14M->3M(256M) 1.311ms
[2025-03-05T02:27:01.988+0300][22.080s][info ][gc] GC(491) Pause Young (Normal) (G1 Evacuation Pause) 14M->4M(256M) 2.048ms
[2025-03-05T02:27:02.030+0300][22.121s][info ][gc] GC(492) Pause Young (Normal) (G1 Evacuation Pause) 14M->3M(256M) 1.401ms
[2025-03-05T02:27:02.073+0300][22.165s][info ][gc] GC(493) Pause Young (Normal) (G1 Evacuation Pause) 14M->2M(256M) 0.689ms
[2025-03-05T02:27:02.118+0300][22.210s][info ][gc] GC(494) Pause Young (Normal) (G1 Evacuation Pause) 13M->3M(256M) 1.506ms
[2025-03-05T02:27:02.163+0300][22.255s][info ][gc] GC(495) Pause Young (Normal) (G1 Evacuation Pause) 14M->2M(256M) 1.007ms
[2025-03-05T02:27:02.209+0300][22.301s][info ][gc] GC(496) Pause Young (Normal) (G1 Evacuation Pause) 13M->3M(256M) 1.593ms
[2025-03-05T02:27:02.254+0300][22.345s][info ][gc] GC(497) Pause Young (Normal) (G1 Evacuation Pause) 14M->2M(256M) 0.807ms
[2025-03-05T02:27:02.298+0300][22.391s][info ][gc] GC(498) Pause Young (Normal) (G1 Evacuation Pause) 13M->3M(256M) 1.662ms
[2025-03-05T02:27:02.341+0300][22.433s][info ][gc] GC(499) Pause Young (Normal) (G1 Evacuation Pause) 13M->2M(256M) 0.960ms
[2025-03-05T02:27:02.388+0300][22.479s][info ][gc] GC(500) Pause Young (Normal) (G1 Evacuation Pause) 13M->3M(256M) 1.682ms
[2025-03-05T02:27:02.428+0300][22.520s][info ][gc] GC(501) Pause Young (Normal) (G1 Evacuation Pause) 13M->3M(256M) 0.884ms
[2025-03-05T02:27:02.473+0300][22.565s][info ][gc] GC(502) Pause Young (Normal) (G1 Evacuation Pause) 14M->3M(256M) 1.784ms
[2025-03-05T02:27:02.514+0300][22.606s][info ][gc] GC(503) Pause Young (Normal) (G1 Evacuation Pause) 13M->3M(256M) 1.143ms
[2025-03-05T02:27:02.559+0300][22.651s][info ][gc] GC(504) Pause Young (Normal) (G1 Evacuation Pause) 14M->3M(256M) 1.698ms
[2025-03-05T02:27:02.600+0300][22.692s][info ][gc] GC(505) Pause Young (Normal) (G1 Evacuation Pause) 13M->3M(256M) 1.454ms
[2025-03-05T02:27:02.646+0300][22.739s][info ][gc] GC(506) Pause Young (Normal) (G1 Evacuation Pause) 14M->3M(256M) 1.682ms
[2025-03-05T02:27:02.691+0300][22.783s][info ][gc] GC(507) Pause Young (Normal) (G1 Evacuation Pause) 13M->3M(256M) 1.033ms
[2025-03-05T02:27:02.736+0300][22.828s][info ][gc] GC(508) Pause Young (Normal) (G1 Evacuation Pause) 14M->3M(256M) 1.618ms
[2025-03-05T02:27:02.776+0300][22.869s][info ][gc] GC(509) Pause Young (Normal) (G1 Evacuation Pause) 13M->3M(256M) 1.019ms
[2025-03-05T02:27:02.822+0300][22.914s][info ][gc] GC(510) Pause Young (Normal) (G1 Evacuation Pause) 14M->3M(256M) 1.476ms
[2025-03-05T02:27:02.863+0300][22.955s][info ][gc] GC(511) Pause Young (Normal) (G1 Evacuation Pause) 13M->3M(256M) 1.123ms
[2025-03-05T02:27:02.913+0300][23.005s][info ][gc] GC(512) Pause Young (Normal) (G1 Evacuation Pause) 14M->3M(256M) 1.669ms
[2025-03-05T02:27:02.958+0300][23.050s][info ][gc] GC(513) Pause Young (Normal) (G1 Evacuation Pause) 13M->3M(256M) 1.052ms
[2025-03-05T02:27:03.009+0300][23.101s][info ][gc] GC(514) Pause Young (Normal) (G1 Evacuation Pause) 14M->4M(256M) 1.603ms
[2025-03-05T02:27:03.055+0300][23.147s][info ][gc] GC(515) Pause Young (Normal) (G1 Evacuation Pause) 14M->3M(256M) 0.978ms
[2025-03-05T02:27:03.102+0300][23.194s][info ][gc] GC(516) Pause Young (Normal) (G1 Evacuation Pause) 14M->4M(256M) 1.632ms
[2025-03-05T02:27:03.144+0300][23.236s][info ][gc] GC(517) Pause Young (Normal) (G1 Evacuation Pause) 14M->3M(256M) 1.050ms
[2025-03-05T02:27:03.191+0300][23.283s][info ][gc] GC(518) Pause Young (Normal) (G1 Evacuation Pause) 14M->4M(256M) 1.732ms
[2025-03-05T02:27:03.234+0300][23.326s][info ][gc] GC(519) Pause Young (Normal) (G1 Evacuation Pause) 14M->3M(256M) 0.915ms
[2025-03-05T02:27:03.281+0300][23.373s][info ][gc] GC(520) Pause Young (Normal) (G1 Evacuation Pause) 14M->4M(256M) 1.799ms
[2025-03-05T02:27:03.322+0300][23.415s][info ][gc] GC(521) Pause Young (Normal) (G1 Evacuation Pause) 14M->3M(256M) 1.041ms
[2025-03-05T02:27:03.368+0300][23.460s][info ][gc] GC(522) Pause Young (Normal) (G1 Evacuation Pause) 14M->4M(256M) 1.900ms
[2025-03-05T02:27:03.410+0300][23.502s][info ][gc] GC(523) Pause Young (Normal) (G1 Evacuation Pause) 14M->3M(256M) 1.260ms
[2025-03-05T02:27:03.460+0300][23.552s][info ][gc] GC(524) Pause Young (Normal) (G1 Evacuation Pause) 14M->4M(256M) 1.857ms
[2025-03-05T02:27:03.512+0300][23.604s][info ][gc] GC(525) Pause Young (Normal) (G1 Evacuation Pause) 14M->3M(256M) 1.126ms
[2025-03-05T02:27:03.557+0300][23.649s][info ][gc] GC(526) Pause Young (Normal) (G1 Evacuation Pause) 14M->4M(256M) 1.536ms
[2025-03-05T02:27:03.597+0300][23.689s][info ][gc] GC(527) Pause Young (Normal) (G1 Evacuation Pause) 14M->3M(256M) 1.100ms
[2025-03-05T02:27:03.640+0300][23.733s][info ][gc] GC(528) Pause Young (Normal) (G1 Evacuation Pause) 14M->4M(256M) 1.783ms
[2025-03-05T02:27:03.682+0300][23.774s][info ][gc] GC(529) Pause Young (Normal) (G1 Evacuation Pause) 14M->3M(256M) 1.237ms
[2025-03-05T02:27:03.728+0300][23.820s][info ][gc] GC(530) Pause Young (Normal) (G1 Evacuation Pause) 14M->4M(256M) 1.954ms
[2025-03-05T02:27:03.821+0300][23.913s][info ][gc] GC(531) Pause Young (Normal) (G1 Evacuation Pause) 14M->3M(256M) 1.117ms
[2025-03-05T02:27:03.871+0300][23.963s][info ][gc] GC(532) Pause Young (Normal) (G1 Evacuation Pause) 14M->4M(256M) 1.743ms
[2025-03-05T02:27:03.916+0300][24.008s][info ][gc] GC(533) Pause Young (Normal) (G1 Evacuation Pause) 14M->3M(256M) 1.226ms
[2025-03-05T02:27:03.964+0300][24.056s][info ][gc] GC(534) Pause Young (Normal) (G1 Evacuation Pause) 14M->4M(256M) 1.868ms
[2025-03-05T02:27:04.009+0300][24.101s][info ][gc] GC(535) Pause Young (Normal) (G1 Evacuation Pause) 14M->3M(256M) 1.298ms
[2025-03-05T02:27:04.056+0300][24.148s][info ][gc] GC(536) Pause Young (Normal) (G1 Evacuation Pause) 14M->4M(256M) 1.623ms
[2025-03-05T02:27:04.096+0300][24.189s][info ][gc] GC(537) Pause Young (Normal) (G1 Evacuation Pause) 14M->3M(256M) 1.394ms
[2025-03-05T02:27:04.142+0300][24.234s][info ][gc] GC(538) Pause Young (Normal) (G1 Evacuation Pause) 14M->4M(256M) 1.699ms
[2025-03-05T02:27:04.182+0300][24.275s][info ][gc] GC(539) Pause Young (Normal) (G1 Evacuation Pause) 14M->3M(256M) 1.432ms
[2025-03-05T02:27:04.229+0300][24.321s][info ][gc] GC(540) Pause Young (Normal) (G1 Evacuation Pause) 14M->4M(256M) 1.675ms
[2025-03-05T02:27:04.269+0300][24.361s][info ][gc] GC(541) Pause Young (Normal) (G1 Evacuation Pause) 14M->3M(256M) 1.240ms
[2025-03-05T02:27:04.315+0300][24.406s][info ][gc] GC(542) Pause Young (Normal) (G1 Evacuation Pause) 14M->4M(256M) 2.039ms
[2025-03-05T02:27:04.355+0300][24.447s][info ][gc] GC(543) Pause Young (Normal) (G1 Evacuation Pause) 14M->3M(256M) 1.546ms
[2025-03-05T02:27:04.401+0300][24.493s][info ][gc] GC(544) Pause Young (Normal) (G1 Evacuation Pause) 14M->2M(256M) 0.703ms
[2025-03-05T02:27:04.448+0300][24.539s][info ][gc] GC(545) Pause Young (Normal) (G1 Evacuation Pause) 13M->3M(256M) 1.659ms
[2025-03-05T02:27:04.491+0300][24.583s][info ][gc] GC(546) Pause Young (Normal) (G1 Evacuation Pause) 14M->2M(256M) 0.835ms
[2025-03-05T02:27:04.535+0300][24.628s][info ][gc] GC(547) Pause Young (Normal) (G1 Evacuation Pause) 13M->3M(256M) 1.443ms
[2025-03-05T02:27:04.581+0300][24.672s][info ][gc] GC(548) Pause Young (Normal) (G1 Evacuation Pause) 14M->2M(256M) 0.928ms
[2025-03-05T02:27:04.629+0300][24.722s][info ][gc] GC(549) Pause Young (Normal) (G1 Evacuation Pause) 13M->3M(256M) 1.725ms
[2025-03-05T02:27:04.671+0300][24.763s][info ][gc] GC(550) Pause Young (Normal) (G1 Evacuation Pause) 13M->3M(256M) 0.996ms
[2025-03-05T02:27:04.716+0300][24.808s][info ][gc] GC(551) Pause Young (Normal) (G1 Evacuation Pause) 14M->3M(256M) 1.405ms
[2025-03-05T02:27:04.757+0300][24.849s][info ][gc] GC(552) Pause Young (Normal) (G1 Evacuation Pause) 13M->3M(256M) 0.996ms
[2025-03-05T02:27:04.802+0300][24.894s][info ][gc] GC(553) Pause Young (Normal) (G1 Evacuation Pause) 14M->3M(256M) 1.944ms
[2025-03-05T02:27:04.844+0300][24.936s][info ][gc] GC(554) Pause Young (Normal) (G1 Evacuation Pause) 13M->3M(256M) 1.220ms
[2025-03-05T02:27:04.889+0300][24.981s][info ][gc] GC(555) Pause Young (Normal) (G1 Evacuation Pause) 14M->3M(256M) 1.644ms
[2025-03-05T02:27:04.929+0300][25.021s][info ][gc] GC(556) Pause Young (Normal) (G1 Evacuation Pause) 13M->3M(256M) 1.069ms
[2025-03-05T02:27:04.975+0300][25.067s][info ][gc] GC(557) Pause Young (Normal) (G1 Evacuation Pause) 14M->3M(256M) 1.805ms
[2025-03-05T02:27:05.016+0300][25.108s][info ][gc] GC(558) Pause Young (Normal) (G1 Evacuation Pause) 13M->3M(256M) 0.872ms
[2025-03-05T02:27:05.078+0300][25.170s][info ][gc] GC(559) Pause Young (Normal) (G1 Evacuation Pause) 14M->3M(256M) 1.983ms
[2025-03-05T02:27:05.119+0300][25.210s][info ][gc] GC(560) Pause Young (Normal) (G1 Evacuation Pause) 13M->3M(256M) 0.999ms
[2025-03-05T02:27:05.164+0300][25.256s][info ][gc] GC(561) Pause Young (Normal) (G1 Evacuation Pause) 14M->3M(256M) 1.934ms
[2025-03-05T02:27:05.203+0300][25.296s][info ][gc] GC(562) Pause Young (Normal) (G1 Evacuation Pause) 13M->3M(256M) 1.075ms
[2025-03-05T02:27:05.250+0300][25.342s][info ][gc] GC(563) Pause Young (Normal) (G1 Evacuation Pause) 14M->4M(256M) 1.815ms
[2025-03-05T02:27:05.292+0300][25.384s][info ][gc] GC(564) Pause Young (Normal) (G1 Evacuation Pause) 14M->3M(256M) 1.049ms
[2025-03-05T02:27:05.336+0300][25.429s][info ][gc] GC(565) Pause Young (Normal) (G1 Evacuation Pause) 14M->4M(256M) 1.563ms
[2025-03-05T02:27:05.388+0300][25.481s][info ][gc] GC(566) Pause Young (Normal) (G1 Evacuation Pause) 17M->3M(256M) 1.306ms
[2025-03-05T02:27:05.435+0300][25.527s][info ][gc] GC(567) Pause Young (Normal) (G1 Evacuation Pause) 14M->4M(256M) 1.720ms
[2025-03-05T02:27:05.477+0300][25.568s][info ][gc] GC(568) Pause Young (Normal) (G1 Evacuation Pause) 14M->3M(256M) 1.551ms
[2025-03-05T02:27:05.524+0300][25.616s][info ][gc] GC(569) Pause Young (Normal) (G1 Evacuation Pause) 14M->4M(256M) 1.869ms
[2025-03-05T02:27:05.565+0300][25.657s][info ][gc] GC(570) Pause Young (Normal) (G1 Evacuation Pause) 14M->3M(256M) 1.403ms
[2025-03-05T02:27:05.610+0300][25.702s][info ][gc] GC(571) Pause Young (Normal) (G1 Evacuation Pause) 14M->4M(256M) 1.996ms
[2025-03-05T02:27:05.651+0300][25.743s][info ][gc] GC(572) Pause Young (Normal) (G1 Evacuation Pause) 14M->3M(256M) 1.142ms
[2025-03-05T02:27:05.694+0300][25.786s][info ][gc] GC(573) Pause Young (Normal) (G1 Evacuation Pause) 14M->2M(256M) 0.659ms
[2025-03-05T02:27:05.740+0300][25.832s][info ][gc] GC(574) Pause Young (Normal) (G1 Evacuation Pause) 13M->3M(256M) 1.601ms
[2025-03-05T02:27:05.783+0300][25.875s][info ][gc] GC(575) Pause Young (Normal) (G1 Evacuation Pause) 14M->2M(256M) 0.783ms
[2025-03-05T02:27:05.828+0300][25.920s][info ][gc] GC(576) Pause Young (Normal) (G1 Evacuation Pause) 13M->3M(256M) 1.526ms
[2025-03-05T02:27:05.871+0300][25.963s][info ][gc] GC(577) Pause Young (Normal) (G1 Evacuation Pause) 14M->2M(256M) 0.767ms
[2025-03-05T02:27:05.918+0300][26.010s][info ][gc] GC(578) Pause Young (Normal) (G1 Evacuation Pause) 13M->3M(256M) 1.760ms
[2025-03-05T02:27:05.958+0300][26.050s][info ][gc] GC(579) Pause Young (Normal) (G1 Evacuation Pause) 13M->2M(256M) 1.034ms
[2025-03-05T02:27:06.003+0300][26.095s][info ][gc] GC(580) Pause Young (Normal) (G1 Evacuation Pause) 13M->3M(256M) 1.823ms
[2025-03-05T02:27:06.045+0300][26.137s][info ][gc] GC(581) Pause Young (Normal) (G1 Evacuation Pause) 13M->3M(256M) 1.018ms
[2025-03-05T02:27:06.089+0300][26.181s][info ][gc] GC(582) Pause Young (Normal) (G1 Evacuation Pause) 14M->3M(256M) 1.619ms
[2025-03-05T02:27:06.130+0300][26.221s][info ][gc] GC(583) Pause Young (Normal) (G1 Evacuation Pause) 13M->3M(256M) 0.758ms
[2025-03-05T02:27:06.175+0300][26.267s][info ][gc] GC(584) Pause Young (Normal) (G1 Evacuation Pause) 14M->3M(256M) 1.785ms
[2025-03-05T02:27:06.217+0300][26.309s][info ][gc] GC(585) Pause Young (Normal) (G1 Evacuation Pause) 13M->3M(256M) 1.012ms
[2025-03-05T02:27:06.262+0300][26.354s][info ][gc] GC(586) Pause Young (Normal) (G1 Evacuation Pause) 14M->3M(256M) 1.591ms
[2025-03-05T02:27:06.302+0300][26.394s][info ][gc] GC(587) Pause Young (Normal) (G1 Evacuation Pause) 13M->3M(256M) 0.875ms
[2025-03-05T02:27:06.348+0300][26.441s][info ][gc] GC(588) Pause Young (Normal) (G1 Evacuation Pause) 14M->3M(256M) 1.654ms
[2025-03-05T02:27:06.389+0300][26.481s][info ][gc] GC(589) Pause Young (Normal) (G1 Evacuation Pause) 13M->3M(256M) 0.984ms
[2025-03-05T02:27:06.433+0300][26.526s][info ][gc] GC(590) Pause Young (Normal) (G1 Evacuation Pause) 14M->3M(256M) 1.979ms
[2025-03-05T02:27:06.474+0300][26.567s][info ][gc] GC(591) Pause Young (Normal) (G1 Evacuation Pause) 13M->3M(256M) 0.863ms
[2025-03-05T02:27:06.520+0300][26.612s][info ][gc] GC(592) Pause Young (Normal) (G1 Evacuation Pause) 14M->3M(256M) 2.000ms
[2025-03-05T02:27:06.563+0300][26.655s][info ][gc] GC(593) Pause Young (Normal) (G1 Evacuation Pause) 13M->3M(256M) 1.055ms
[2025-03-05T02:27:06.610+0300][26.702s][info ][gc] GC(594) Pause Young (Normal) (G1 Evacuation Pause) 14M->4M(256M) 1.841ms
[2025-03-05T02:27:06.651+0300][26.743s][info ][gc] GC(595) Pause Young (Normal) (G1 Evacuation Pause) 14M->3M(256M) 1.225ms
[2025-03-05T02:27:06.696+0300][26.788s][info ][gc] GC(596) Pause Young (Normal) (G1 Evacuation Pause) 14M->3M(256M) 1.604ms
[2025-03-05T02:27:06.737+0300][26.829s][info ][gc] GC(597) Pause Young (Normal) (G1 Evacuation Pause) 13M->3M(256M) 0.888ms
[2025-03-05T02:27:06.787+0300][26.880s][info ][gc] GC(598) Pause Young (Normal) (G1 Evacuation Pause) 14M->4M(256M) 1.657ms
[2025-03-05T02:27:06.834+0300][26.926s][info ][gc] GC(599) Pause Young (Normal) (G1 Evacuation Pause) 14M->3M(256M) 1.292ms
[2025-03-05T02:27:06.881+0300][26.973s][info ][gc] GC(600) Pause Young (Normal) (G1 Evacuation Pause) 14M->4M(256M) 1.827ms
[2025-03-05T02:27:06.927+0300][27.019s][info ][gc] GC(601) Pause Young (Normal) (G1 Evacuation Pause) 14M->3M(256M) 1.086ms
[2025-03-05T02:27:06.975+0300][27.068s][info ][gc] GC(602) Pause Young (Normal) (G1 Evacuation Pause) 14M->4M(256M) 1.647ms
[2025-03-05T02:27:07.021+0300][27.113s][info ][gc] GC(603) Pause Young (Normal) (G1 Evacuation Pause) 14M->3M(256M) 1.298ms
[2025-03-05T02:27:07.071+0300][27.163s][info ][gc] GC(604) Pause Young (Normal) (G1 Evacuation Pause) 14M->4M(256M) 1.566ms
[2025-03-05T02:27:07.115+0300][27.207s][info ][gc] GC(605) Pause Young (Normal) (G1 Evacuation Pause) 14M->3M(256M) 1.151ms
[2025-03-05T02:27:07.162+0300][27.255s][info ][gc] GC(606) Pause Young (Normal) (G1 Evacuation Pause) 14M->4M(256M) 1.442ms
[2025-03-05T02:27:07.208+0300][27.300s][info ][gc] GC(607) Pause Young (Normal) (G1 Evacuation Pause) 14M->3M(256M) 1.283ms
[2025-03-05T02:27:07.255+0300][27.347s][info ][gc] GC(608) Pause Young (Normal) (G1 Evacuation Pause) 14M->4M(256M) 2.100ms
[2025-03-05T02:27:07.300+0300][27.392s][info ][gc] GC(609) Pause Young (Normal) (G1 Evacuation Pause) 14M->3M(256M) 1.180ms
[2025-03-05T02:27:07.350+0300][27.441s][info ][gc] GC(610) Pause Young (Normal) (G1 Evacuation Pause) 14M->4M(256M) 1.901ms
[2025-03-05T02:27:07.397+0300][27.489s][info ][gc] GC(611) Pause Young (Normal) (G1 Evacuation Pause) 14M->3M(256M) 1.048ms
[2025-03-05T02:27:07.444+0300][27.536s][info ][gc] GC(612) Pause Young (Normal) (G1 Evacuation Pause) 14M->4M(256M) 2.486ms
[2025-03-05T02:27:07.488+0300][27.580s][info ][gc] GC(613) Pause Young (Normal) (G1 Evacuation Pause) 14M->3M(256M) 1.198ms
[2025-03-05T02:27:07.541+0300][27.633s][info ][gc] GC(614) Pause Young (Normal) (G1 Evacuation Pause) 14M->4M(256M) 1.677ms
[2025-03-05T02:27:07.586+0300][27.678s][info ][gc] GC(615) Pause Young (Normal) (G1 Evacuation Pause) 14M->3M(256M) 1.320ms
[2025-03-05T02:27:07.639+0300][27.731s][info ][gc] GC(616) Pause Young (Normal) (G1 Evacuation Pause) 14M->4M(256M) 1.880ms
[2025-03-05T02:27:07.687+0300][27.778s][info ][gc] GC(617) Pause Young (Normal) (G1 Evacuation Pause) 14M->3M(256M) 1.269ms
[2025-03-05T02:27:07.735+0300][27.827s][info ][gc] GC(618) Pause Young (Normal) (G1 Evacuation Pause) 14M->4M(256M) 2.255ms
[2025-03-05T02:27:07.780+0300][27.872s][info ][gc] GC(619) Pause Young (Normal) (G1 Evacuation Pause) 14M->3M(256M) 0.999ms
[2025-03-05T02:27:07.828+0300][27.920s][info ][gc] GC(620) Pause Young (Normal) (G1 Evacuation Pause) 14M->4M(256M) 1.852ms
[2025-03-05T02:27:07.872+0300][27.964s][info ][gc] GC(621) Pause Young (Normal) (G1 Evacuation Pause) 14M->3M(256M) 1.449ms
[2025-03-05T02:27:07.920+0300][28.012s][info ][gc] GC(622) Pause Young (Normal) (G1 Evacuation Pause) 14M->2M(256M) 0.432ms
[2025-03-05T02:27:07.965+0300][28.058s][info ][gc] GC(623) Pause Young (Normal) (G1 Evacuation Pause) 13M->3M(256M) 1.612ms
[2025-03-05T02:27:08.011+0300][28.103s][info ][gc] GC(624) Pause Young (Normal) (G1 Evacuation Pause) 14M->2M(256M) 0.803ms
[2025-03-05T02:27:08.061+0300][28.152s][info ][gc] GC(625) Pause Young (Normal) (G1 Evacuation Pause) 13M->3M(256M) 2.001ms
[2025-03-05T02:27:08.107+0300][28.199s][info ][gc] GC(626) Pause Young (Normal) (G1 Evacuation Pause) 14M->2M(256M) 0.804ms
[2025-03-05T02:27:08.154+0300][28.246s][info ][gc] GC(627) Pause Young (Normal) (G1 Evacuation Pause) 13M->3M(256M) 1.683ms
[2025-03-05T02:27:08.199+0300][28.290s][info ][gc] GC(628) Pause Young (Normal) (G1 Evacuation Pause) 13M->2M(256M) 0.806ms
[2025-03-05T02:27:08.255+0300][28.347s][info ][gc] GC(629) Pause Young (Normal) (G1 Evacuation Pause) 13M->3M(256M) 1.891ms
[2025-03-05T02:27:08.306+0300][28.399s][info ][gc] GC(630) Pause Young (Normal) (G1 Evacuation Pause) 13M->3M(256M) 0.790ms
[2025-03-05T02:27:08.363+0300][28.455s][info ][gc] GC(631) Pause Young (Normal) (G1 Evacuation Pause) 14M->3M(256M) 1.630ms
[2025-03-05T02:27:08.407+0300][28.498s][info ][gc] GC(632) Pause Young (Normal) (G1 Evacuation Pause) 13M->3M(256M) 0.818ms
[2025-03-05T02:27:08.455+0300][28.547s][info ][gc] GC(633) Pause Young (Normal) (G1 Evacuation Pause) 14M->3M(256M) 1.546ms
[2025-03-05T02:27:08.496+0300][28.587s][info ][gc] GC(634) Pause Young (Normal) (G1 Evacuation Pause) 13M->3M(256M) 1.046ms
[2025-03-05T02:27:08.540+0300][28.632s][info ][gc] GC(635) Pause Young (Normal) (G1 Evacuation Pause) 14M->3M(256M) 1.238ms
[2025-03-05T02:27:08.582+0300][28.674s][info ][gc] GC(636) Pause Young (Normal) (G1 Evacuation Pause) 13M->3M(256M) 1.006ms
[2025-03-05T02:27:08.629+0300][28.721s][info ][gc] GC(637) Pause Young (Normal) (G1 Evacuation Pause) 14M->3M(256M) 1.612ms
[2025-03-05T02:27:08.674+0300][28.765s][info ][gc] GC(638) Pause Young (Normal) (G1 Evacuation Pause) 13M->3M(256M) 0.985ms
[2025-03-05T02:27:08.720+0300][28.812s][info ][gc] GC(639) Pause Young (Normal) (G1 Evacuation Pause) 14M->3M(256M) 1.647ms
[2025-03-05T02:27:08.759+0300][28.851s][info ][gc] GC(640) Pause Young (Normal) (G1 Evacuation Pause) 13M->3M(256M) 0.836ms
[2025-03-05T02:27:08.803+0300][28.896s][info ][gc] GC(641) Pause Young (Normal) (G1 Evacuation Pause) 14M->3M(256M) 1.632ms
[2025-03-05T02:27:08.846+0300][28.938s][info ][gc] GC(642) Pause Young (Normal) (G1 Evacuation Pause) 13M->3M(256M) 1.136ms
[2025-03-05T02:27:08.890+0300][28.982s][info ][gc] GC(643) Pause Young (Normal) (G1 Evacuation Pause) 14M->4M(256M) 1.734ms
[2025-03-05T02:27:08.932+0300][29.024s][info ][gc] GC(644) Pause Young (Normal) (G1 Evacuation Pause) 14M->3M(256M) 0.866ms
[2025-03-05T02:27:08.979+0300][29.070s][info ][gc] GC(645) Pause Young (Normal) (G1 Evacuation Pause) 14M->4M(256M) 1.647ms
[2025-03-05T02:27:09.023+0300][29.115s][info ][gc] GC(646) Pause Young (Normal) (G1 Evacuation Pause) 15M->3M(256M) 1.124ms
[2025-03-05T02:27:09.068+0300][29.161s][info ][gc] GC(647) Pause Young (Normal) (G1 Evacuation Pause) 14M->4M(256M) 1.849ms
[2025-03-05T02:27:09.110+0300][29.201s][info ][gc] GC(648) Pause Young (Normal) (G1 Evacuation Pause) 14M->3M(256M) 1.245ms
[2025-03-05T02:27:09.156+0300][29.248s][info ][gc] GC(649) Pause Young (Normal) (G1 Evacuation Pause) 14M->4M(256M) 1.917ms
[2025-03-05T02:27:09.198+0300][29.290s][info ][gc] GC(650) Pause Young (Normal) (G1 Evacuation Pause) 14M->3M(256M) 1.215ms
[2025-03-05T02:27:09.246+0300][29.338s][info ][gc] GC(651) Pause Young (Normal) (G1 Evacuation Pause) 14M->4M(256M) 2.118ms
[2025-03-05T02:27:09.286+0300][29.378s][info ][gc] GC(652) Pause Young (Normal) (G1 Evacuation Pause) 14M->3M(256M) 1.079ms
[2025-03-05T02:27:09.331+0300][29.423s][info ][gc] GC(653) Pause Young (Normal) (G1 Evacuation Pause) 14M->4M(256M) 1.655ms
[2025-03-05T02:27:09.377+0300][29.468s][info ][gc] GC(654) Pause Young (Normal) (G1 Evacuation Pause) 14M->3M(256M) 1.328ms
[2025-03-05T02:27:09.422+0300][29.514s][info ][gc] GC(655) Pause Young (Normal) (G1 Evacuation Pause) 14M->4M(256M) 1.842ms
[2025-03-05T02:27:09.464+0300][29.556s][info ][gc] GC(656) Pause Young (Normal) (G1 Evacuation Pause) 14M->3M(256M) 1.377ms
[2025-03-05T02:27:09.510+0300][29.601s][info ][gc] GC(657) Pause Young (Normal) (G1 Evacuation Pause) 14M->4M(256M) 1.823ms
[2025-03-05T02:27:09.551+0300][29.643s][info ][gc] GC(658) Pause Young (Normal) (G1 Evacuation Pause) 14M->3M(256M) 1.403ms
[2025-03-05T02:27:09.598+0300][29.690s][info ][gc] GC(659) Pause Young (Normal) (G1 Evacuation Pause) 14M->4M(256M) 1.699ms
[2025-03-05T02:27:09.640+0300][29.732s][info ][gc] GC(660) Pause Young (Normal) (G1 Evacuation Pause) 14M->3M(256M) 1.258ms
[2025-03-05T02:27:09.688+0300][29.779s][info ][gc] GC(661) Pause Young (Normal) (G1 Evacuation Pause) 14M->4M(256M) 1.663ms
[2025-03-05T02:27:09.728+0300][29.820s][info ][gc] GC(662) Pause Young (Normal) (G1 Evacuation Pause) 14M->3M(256M) 1.287ms
[2025-03-05T02:27:09.773+0300][29.865s][info ][gc] GC(663) Pause Young (Normal) (G1 Evacuation Pause) 14M->4M(256M) 1.653ms
[2025-03-05T02:27:09.815+0300][29.908s][info ][gc] GC(664) Pause Young (Normal) (G1 Evacuation Pause) 14M->3M(256M) 1.237ms
[2025-03-05T02:27:09.861+0300][29.952s][info ][gc] GC(665) Pause Young (Normal) (G1 Evacuation Pause) 14M->2M(256M) 0.524ms
[2025-03-05T02:27:09.905+0300][29.997s][info ][gc] GC(666) Pause Young (Normal) (G1 Evacuation Pause) 13M->3M(256M) 1.435ms
[2025-03-05T02:27:09.949+0300][30.041s][info ][gc] GC(667) Pause Young (Normal) (G1 Evacuation Pause) 14M->2M(256M) 0.938ms
[2025-03-05T02:27:09.993+0300][30.086s][info ][gc] GC(668) Pause Young (Normal) (G1 Evacuation Pause) 13M->3M(256M) 1.684ms
[2025-03-05T02:27:10.039+0300][30.132s][info ][gc] GC(669) Pause Young (Normal) (G1 Evacuation Pause) 14M->2M(256M) 0.944ms
[2025-03-05T02:27:10.085+0300][30.177s][info ][gc] GC(670) Pause Young (Normal) (G1 Evacuation Pause) 13M->3M(256M) 1.671ms
[2025-03-05T02:27:10.125+0300][30.217s][info ][gc] GC(671) Pause Young (Normal) (G1 Evacuation Pause) 13M->2M(256M) 0.815ms
[2025-03-05T02:27:10.169+0300][30.262s][info ][gc] GC(672) Pause Young (Normal) (G1 Evacuation Pause) 13M->3M(256M) 1.695ms
[2025-03-05T02:27:10.210+0300][30.303s][info ][gc] GC(673) Pause Young (Normal) (G1 Evacuation Pause) 13M->3M(256M) 1.092ms
[2025-03-05T02:27:10.258+0300][30.350s][info ][gc] GC(674) Pause Young (Normal) (G1 Evacuation Pause) 14M->3M(256M) 1.483ms
[2025-03-05T02:27:10.297+0300][30.390s][info ][gc] GC(675) Pause Young (Normal) (G1 Evacuation Pause) 13M->3M(256M) 1.041ms
[2025-03-05T02:27:10.343+0300][30.435s][info ][gc] GC(676) Pause Young (Normal) (G1 Evacuation Pause) 14M->3M(256M) 1.748ms
[2025-03-05T02:27:10.383+0300][30.475s][info ][gc] GC(677) Pause Young (Normal) (G1 Evacuation Pause) 13M->3M(256M) 0.753ms
[2025-03-05T02:27:10.427+0300][30.520s][info ][gc] GC(678) Pause Young (Normal) (G1 Evacuation Pause) 14M->3M(256M) 1.651ms
[2025-03-05T02:27:10.472+0300][30.563s][info ][gc] GC(679) Pause Young (Normal) (G1 Evacuation Pause) 13M->3M(256M) 0.745ms
[2025-03-05T02:27:10.517+0300][30.609s][info ][gc] GC(680) Pause Young (Normal) (G1 Evacuation Pause) 14M->3M(256M) 1.690ms
[2025-03-05T02:27:10.558+0300][30.649s][info ][gc] GC(681) Pause Young (Normal) (G1 Evacuation Pause) 13M->3M(256M) 1.006ms
[2025-03-05T02:27:10.602+0300][30.694s][info ][gc] GC(682) Pause Young (Normal) (G1 Evacuation Pause) 14M->3M(256M) 1.751ms
[2025-03-05T02:27:10.644+0300][30.736s][info ][gc] GC(683) Pause Young (Normal) (G1 Evacuation Pause) 13M->3M(256M) 1.158ms
[2025-03-05T02:27:10.690+0300][30.781s][info ][gc] GC(684) Pause Young (Normal) (G1 Evacuation Pause) 14M->3M(256M) 1.540ms
[2025-03-05T02:27:10.730+0300][30.821s][info ][gc] GC(685) Pause Young (Normal) (G1 Evacuation Pause) 13M->3M(256M) 0.977ms
[2025-03-05T02:27:10.774+0300][30.866s][info ][gc] GC(686) Pause Young (Normal) (G1 Evacuation Pause) 14M->4M(256M) 1.719ms
[2025-03-05T02:27:10.814+0300][30.906s][info ][gc] GC(687) Pause Young (Normal) (G1 Evacuation Pause) 14M->3M(256M) 0.947ms
[2025-03-05T02:27:10.859+0300][30.951s][info ][gc] GC(688) Pause Young (Normal) (G1 Evacuation Pause) 14M->4M(256M) 1.450ms
[2025-03-05T02:27:10.900+0300][30.993s][info ][gc] GC(689) Pause Young (Normal) (G1 Evacuation Pause) 14M->3M(256M) 1.244ms
[2025-03-05T02:27:10.947+0300][31.039s][info ][gc] GC(690) Pause Young (Normal) (G1 Evacuation Pause) 14M->4M(256M) 1.586ms
[2025-03-05T02:27:10.987+0300][31.079s][info ][gc] GC(691) Pause Young (Normal) (G1 Evacuation Pause) 14M->3M(256M) 1.024ms
[2025-03-05T02:27:11.032+0300][31.124s][info ][gc] GC(692) Pause Young (Normal) (G1 Evacuation Pause) 14M->4M(256M) 1.599ms
[2025-03-05T02:27:11.073+0300][31.165s][info ][gc] GC(693) Pause Young (Normal) (G1 Evacuation Pause) 14M->3M(256M) 1.343ms
[2025-03-05T02:27:11.118+0300][31.210s][info ][gc] GC(694) Pause Young (Normal) (G1 Evacuation Pause) 14M->4M(256M) 1.675ms
[2025-03-05T02:27:11.159+0300][31.250s][info ][gc] GC(695) Pause Young (Normal) (G1 Evacuation Pause) 14M->3M(256M) 1.239ms
[2025-03-05T02:27:11.203+0300][31.295s][info ][gc] GC(696) Pause Young (Normal) (G1 Evacuation Pause) 14M->4M(256M) 1.955ms
[2025-03-05T02:27:11.244+0300][31.336s][info ][gc] GC(697) Pause Young (Normal) (G1 Evacuation Pause) 14M->3M(256M) 1.256ms
[2025-03-05T02:27:11.289+0300][31.380s][info ][gc] GC(698) Pause Young (Normal) (G1 Evacuation Pause) 14M->4M(256M) 1.583ms
[2025-03-05T02:27:11.329+0300][31.421s][info ][gc] GC(699) Pause Young (Normal) (G1 Evacuation Pause) 14M->3M(256M) 1.254ms
[2025-03-05T02:27:11.375+0300][31.467s][info ][gc] GC(700) Pause Young (Normal) (G1 Evacuation Pause) 14M->4M(256M) 1.840ms
[2025-03-05T02:27:11.415+0300][31.508s][info ][gc] GC(701) Pause Young (Normal) (G1 Evacuation Pause) 14M->3M(256M) 1.256ms
[2025-03-05T02:27:11.460+0300][31.553s][info ][gc] GC(702) Pause Young (Normal) (G1 Evacuation Pause) 14M->4M(256M) 1.842ms
[2025-03-05T02:27:11.501+0300][31.593s][info ][gc] GC(703) Pause Young (Normal) (G1 Evacuation Pause) 14M->3M(256M) 1.429ms
[2025-03-05T02:27:11.548+0300][31.640s][info ][gc] GC(704) Pause Young (Normal) (G1 Evacuation Pause) 14M->4M(256M) 2.163ms
[2025-03-05T02:27:11.589+0300][31.680s][info ][gc] GC(705) Pause Young (Normal) (G1 Evacuation Pause) 14M->3M(256M) 1.125ms
[2025-03-05T02:27:11.633+0300][31.726s][info ][gc] GC(706) Pause Young (Normal) (G1 Evacuation Pause) 14M->4M(256M) 2.393ms
[2025-03-05T02:27:11.674+0300][31.766s][info ][gc] GC(707) Pause Young (Normal) (G1 Evacuation Pause) 14M->3M(256M) 1.318ms
[2025-03-05T02:27:11.720+0300][31.811s][info ][gc] GC(708) Pause Young (Normal) (G1 Evacuation Pause) 14M->4M(256M) 2.030ms
[2025-03-05T02:27:11.762+0300][31.853s][info ][gc] GC(709) Pause Young (Normal) (G1 Evacuation Pause) 14M->3M(256M) 1.245ms
[2025-03-05T02:27:11.807+0300][31.899s][info ][gc] GC(710) Pause Young (Normal) (G1 Evacuation Pause) 14M->4M(256M) 1.724ms
[2025-03-05T02:27:11.848+0300][31.940s][info ][gc] GC(711) Pause Young (Normal) (G1 Evacuation Pause) 14M->3M(256M) 1.565ms
[2025-03-05T02:27:11.893+0300][31.985s][info ][gc] GC(712) Pause Young (Normal) (G1 Evacuation Pause) 14M->4M(256M) 1.940ms
[2025-03-05T02:27:11.933+0300][32.025s][info ][gc] GC(713) Pause Young (Normal) (G1 Evacuation Pause) 14M->3M(256M) 1.376ms
[2025-03-05T02:27:11.980+0300][32.071s][info ][gc] GC(714) Pause Young (Normal) (G1 Evacuation Pause) 14M->4M(256M) 1.923ms
[2025-03-05T02:27:12.021+0300][32.113s][info ][gc] GC(715) Pause Young (Normal) (G1 Evacuation Pause) 14M->3M(256M) 1.506ms
[2025-03-05T02:27:12.064+0300][32.156s][info ][gc] GC(716) Pause Young (Normal) (G1 Evacuation Pause) 14M->2M(256M) 0.565ms
[2025-03-05T02:27:12.111+0300][32.202s][info ][gc] GC(717) Pause Young (Normal) (G1 Evacuation Pause) 13M->3M(256M) 1.787ms
[2025-03-05T02:27:12.154+0300][32.246s][info ][gc] GC(718) Pause Young (Normal) (G1 Evacuation Pause) 14M->2M(256M) 0.796ms
[2025-03-05T02:27:12.199+0300][32.291s][info ][gc] GC(719) Pause Young (Normal) (G1 Evacuation Pause) 13M->3M(256M) 1.666ms
[2025-03-05T02:27:12.247+0300][32.339s][info ][gc] GC(720) Pause Young (Normal) (G1 Evacuation Pause) 14M->2M(256M) 1.062ms
[2025-03-05T02:27:12.292+0300][32.384s][info ][gc] GC(721) Pause Young (Normal) (G1 Evacuation Pause) 13M->3M(256M) 1.499ms
[2025-03-05T02:27:12.331+0300][32.423s][info ][gc] GC(722) Pause Young (Normal) (G1 Evacuation Pause) 13M->3M(256M) 0.842ms
[2025-03-05T02:27:12.376+0300][32.468s][info ][gc] GC(723) Pause Young (Normal) (G1 Evacuation Pause) 14M->3M(256M) 1.863ms
[2025-03-05T02:27:12.418+0300][32.509s][info ][gc] GC(724) Pause Young (Normal) (G1 Evacuation Pause) 13M->3M(256M) 0.897ms
[2025-03-05T02:27:12.466+0300][32.557s][info ][gc] GC(725) Pause Young (Normal) (G1 Evacuation Pause) 14M->3M(256M) 1.703ms
[2025-03-05T02:27:12.505+0300][32.597s][info ][gc] GC(726) Pause Young (Normal) (G1 Evacuation Pause) 13M->3M(256M) 0.837ms
[2025-03-05T02:27:12.549+0300][32.642s][info ][gc] GC(727) Pause Young (Normal) (G1 Evacuation Pause) 14M->3M(256M) 1.721ms
[2025-03-05T02:27:12.589+0300][32.681s][info ][gc] GC(728) Pause Young (Normal) (G1 Evacuation Pause) 13M->3M(256M) 0.889ms
[2025-03-05T02:27:12.633+0300][32.726s][info ][gc] GC(729) Pause Young (Normal) (G1 Evacuation Pause) 14M->3M(256M) 1.890ms
[2025-03-05T02:27:12.676+0300][32.768s][info ][gc] GC(730) Pause Young (Normal) (G1 Evacuation Pause) 13M->3M(256M) 1.021ms
[2025-03-05T02:27:12.721+0300][32.813s][info ][gc] GC(731) Pause Young (Normal) (G1 Evacuation Pause) 14M->3M(256M) 1.476ms
[2025-03-05T02:27:12.762+0300][32.854s][info ][gc] GC(732) Pause Young (Normal) (G1 Evacuation Pause) 13M->3M(256M) 1.116ms
[2025-03-05T02:27:12.808+0300][32.899s][info ][gc] GC(733) Pause Young (Normal) (G1 Evacuation Pause) 14M->3M(256M) 1.930ms
[2025-03-05T02:27:12.847+0300][32.939s][info ][gc] GC(734) Pause Young (Normal) (G1 Evacuation Pause) 13M->3M(256M) 1.129ms
[2025-03-05T02:27:12.895+0300][32.987s][info ][gc] GC(735) Pause Young (Normal) (G1 Evacuation Pause) 14M->4M(256M) 1.964ms
[2025-03-05T02:27:12.936+0300][33.028s][info ][gc] GC(736) Pause Young (Normal) (G1 Evacuation Pause) 14M->3M(256M) 0.973ms
[2025-03-05T02:27:12.981+0300][33.073s][info ][gc] GC(737) Pause Young (Normal) (G1 Evacuation Pause) 14M->4M(256M) 1.879ms
[2025-03-05T02:27:13.022+0300][33.114s][info ][gc] GC(738) Pause Young (Normal) (G1 Evacuation Pause) 14M->3M(256M) 0.997ms
[2025-03-05T02:27:13.068+0300][33.160s][info ][gc] GC(739) Pause Young (Normal) (G1 Evacuation Pause) 14M->4M(256M) 1.947ms
[2025-03-05T02:27:13.108+0300][33.200s][info ][gc] GC(740) Pause Young (Normal) (G1 Evacuation Pause) 14M->3M(256M) 1.105ms
[2025-03-05T02:27:13.154+0300][33.246s][info ][gc] GC(741) Pause Young (Normal) (G1 Evacuation Pause) 14M->4M(256M) 1.719ms
[2025-03-05T02:27:13.193+0300][33.286s][info ][gc] GC(742) Pause Young (Normal) (G1 Evacuation Pause) 14M->3M(256M) 1.206ms
[2025-03-05T02:27:13.238+0300][33.331s][info ][gc] GC(743) Pause Young (Normal) (G1 Evacuation Pause) 14M->4M(256M) 1.688ms
[2025-03-05T02:27:13.278+0300][33.371s][info ][gc] GC(744) Pause Young (Normal) (G1 Evacuation Pause) 14M->3M(256M) 1.301ms
[2025-03-05T02:27:13.324+0300][33.416s][info ][gc] GC(745) Pause Young (Normal) (G1 Evacuation Pause) 14M->4M(256M) 1.927ms
[2025-03-05T02:27:13.366+0300][33.458s][info ][gc] GC(746) Pause Young (Normal) (G1 Evacuation Pause) 14M->3M(256M) 1.268ms
[2025-03-05T02:27:13.418+0300][33.510s][info ][gc] GC(747) Pause Young (Normal) (G1 Evacuation Pause) 14M->4M(256M) 1.788ms
[2025-03-05T02:27:13.463+0300][33.555s][info ][gc] GC(748) Pause Young (Normal) (G1 Evacuation Pause) 14M->3M(256M) 1.192ms
[2025-03-05T02:27:13.509+0300][33.602s][info ][gc] GC(749) Pause Young (Normal) (G1 Evacuation Pause) 14M->4M(256M) 2.183ms
[2025-03-05T02:27:13.551+0300][33.643s][info ][gc] GC(750) Pause Young (Normal) (G1 Evacuation Pause) 14M->3M(256M) 1.388ms
[2025-03-05T02:27:13.597+0300][33.689s][info ][gc] GC(751) Pause Young (Normal) (G1 Evacuation Pause) 14M->4M(256M) 1.874ms
[2025-03-05T02:27:13.637+0300][33.729s][info ][gc] GC(752) Pause Young (Normal) (G1 Evacuation Pause) 14M->3M(256M) 1.139ms
[2025-03-05T02:27:13.682+0300][33.775s][info ][gc] GC(753) Pause Young (Normal) (G1 Evacuation Pause) 14M->4M(256M) 1.890ms
[2025-03-05T02:27:13.722+0300][33.815s][info ][gc] GC(754) Pause Young (Normal) (G1 Evacuation Pause) 14M->3M(256M) 1.285ms
[2025-03-05T02:27:13.771+0300][33.863s][info ][gc] GC(755) Pause Young (Normal) (G1 Evacuation Pause) 14M->4M(256M) 2.084ms
[2025-03-05T02:27:13.812+0300][33.904s][info ][gc] GC(756) Pause Young (Normal) (G1 Evacuation Pause) 14M->3M(256M) 1.432ms
[2025-03-05T02:27:13.856+0300][33.948s][info ][gc] GC(757) Pause Young (Normal) (G1 Evacuation Pause) 14M->4M(256M) 1.707ms
[2025-03-05T02:27:13.897+0300][33.989s][info ][gc] GC(758) Pause Young (Normal) (G1 Evacuation Pause) 14M->3M(256M) 1.381ms
[2025-03-05T02:27:13.943+0300][34.035s][info ][gc] GC(759) Pause Young (Normal) (G1 Evacuation Pause) 14M->4M(256M) 2.000ms
[2025-03-05T02:27:13.985+0300][34.077s][info ][gc] GC(760) Pause Young (Normal) (G1 Evacuation Pause) 14M->3M(256M) 1.311ms
[2025-03-05T02:27:14.031+0300][34.123s][info ][gc] GC(761) Pause Young (Normal) (G1 Evacuation Pause) 14M->4M(256M) 1.948ms
[2025-03-05T02:27:14.072+0300][34.165s][info ][gc] GC(762) Pause Young (Normal) (G1 Evacuation Pause) 14M->3M(256M) 1.408ms
[2025-03-05T02:27:14.118+0300][34.210s][info ][gc] GC(763) Pause Young (Normal) (G1 Evacuation Pause) 14M->4M(256M) 1.689ms
[2025-03-05T02:27:14.158+0300][34.251s][info ][gc] GC(764) Pause Young (Normal) (G1 Evacuation Pause) 14M->3M(256M) 1.389ms
[2025-03-05T02:27:14.203+0300][34.295s][info ][gc] GC(765) Pause Young (Normal) (G1 Evacuation Pause) 14M->2M(256M) 0.731ms
[2025-03-05T02:27:14.250+0300][34.342s][info ][gc] GC(766) Pause Young (Normal) (G1 Evacuation Pause) 13M->3M(256M) 1.532ms
[2025-03-05T02:27:14.293+0300][34.385s][info ][gc] GC(767) Pause Young (Normal) (G1 Evacuation Pause) 14M->2M(256M) 0.636ms
[2025-03-05T02:27:14.338+0300][34.430s][info ][gc] GC(768) Pause Young (Normal) (G1 Evacuation Pause) 13M->3M(256M) 1.624ms
[2025-03-05T02:27:14.382+0300][34.475s][info ][gc] GC(769) Pause Young (Normal) (G1 Evacuation Pause) 14M->2M(256M) 1.053ms
[2025-03-05T02:27:14.430+0300][34.523s][info ][gc] GC(770) Pause Young (Normal) (G1 Evacuation Pause) 13M->3M(256M) 1.842ms
[2025-03-05T02:27:14.470+0300][34.563s][info ][gc] GC(771) Pause Young (Normal) (G1 Evacuation Pause) 13M->3M(256M) 0.772ms
[2025-03-05T02:27:14.516+0300][34.608s][info ][gc] GC(772) Pause Young (Normal) (G1 Evacuation Pause) 14M->3M(256M) 1.577ms
[2025-03-05T02:27:14.557+0300][34.648s][info ][gc] GC(773) Pause Young (Normal) (G1 Evacuation Pause) 13M->3M(256M) 0.998ms
[2025-03-05T02:27:14.602+0300][34.693s][info ][gc] GC(774) Pause Young (Normal) (G1 Evacuation Pause) 14M->3M(256M) 1.542ms
[2025-03-05T02:27:14.644+0300][34.736s][info ][gc] GC(775) Pause Young (Normal) (G1 Evacuation Pause) 13M->3M(256M) 1.287ms
[2025-03-05T02:27:14.689+0300][34.781s][info ][gc] GC(776) Pause Young (Normal) (G1 Evacuation Pause) 14M->3M(256M) 1.476ms
[2025-03-05T02:27:14.729+0300][34.820s][info ][gc] GC(777) Pause Young (Normal) (G1 Evacuation Pause) 13M->3M(256M) 0.654ms
[2025-03-05T02:27:14.774+0300][34.866s][info ][gc] GC(778) Pause Young (Normal) (G1 Evacuation Pause) 14M->3M(256M) 1.798ms
[2025-03-05T02:27:14.814+0300][34.906s][info ][gc] GC(779) Pause Young (Normal) (G1 Evacuation Pause) 13M->3M(256M) 0.750ms
[2025-03-05T02:27:14.860+0300][34.952s][info ][gc] GC(780) Pause Young (Normal) (G1 Evacuation Pause) 14M->3M(256M) 1.728ms
[2025-03-05T02:27:14.901+0300][34.993s][info ][gc] GC(781) Pause Young (Normal) (G1 Evacuation Pause) 13M->3M(256M) 0.979ms
[2025-03-05T02:27:14.946+0300][35.038s][info ][gc] GC(782) Pause Young (Normal) (G1 Evacuation Pause) 14M->3M(256M) 1.913ms
[2025-03-05T02:27:14.987+0300][35.078s][info ][gc] GC(783) Pause Young (Normal) (G1 Evacuation Pause) 13M->3M(256M) 0.921ms
[2025-03-05T02:27:15.032+0300][35.124s][info ][gc] GC(784) Pause Young (Normal) (G1 Evacuation Pause) 14M->3M(256M) 1.921ms
[2025-03-05T02:27:15.075+0300][35.167s][info ][gc] GC(785) Pause Young (Normal) (G1 Evacuation Pause) 13M->3M(256M) 1.219ms
[2025-03-05T02:27:15.120+0300][35.212s][info ][gc] GC(786) Pause Young (Normal) (G1 Evacuation Pause) 14M->4M(256M) 1.737ms
[2025-03-05T02:27:15.160+0300][35.252s][info ][gc] GC(787) Pause Young (Normal) (G1 Evacuation Pause) 14M->3M(256M) 0.975ms
[2025-03-05T02:27:15.204+0300][35.296s][info ][gc] GC(788) Pause Young (Normal) (G1 Evacuation Pause) 14M->4M(256M) 1.643ms
[2025-03-05T02:27:15.246+0300][35.338s][info ][gc] GC(789) Pause Young (Normal) (G1 Evacuation Pause) 14M->3M(256M) 1.196ms
[2025-03-05T02:27:15.296+0300][35.388s][info ][gc] GC(790) Pause Young (Normal) (G1 Evacuation Pause) 14M->4M(256M) 1.661ms
[2025-03-05T02:27:15.336+0300][35.428s][info ][gc] GC(791) Pause Young (Normal) (G1 Evacuation Pause) 14M->3M(256M) 0.989ms
[2025-03-05T02:27:15.380+0300][35.472s][info ][gc] GC(792) Pause Young (Normal) (G1 Evacuation Pause) 14M->4M(256M) 1.444ms
[2025-03-05T02:27:15.422+0300][35.514s][info ][gc] GC(793) Pause Young (Normal) (G1 Evacuation Pause) 14M->3M(256M) 1.049ms
[2025-03-05T02:27:15.469+0300][35.561s][info ][gc] GC(794) Pause Young (Normal) (G1 Evacuation Pause) 14M->4M(256M) 1.633ms
[2025-03-05T02:27:15.509+0300][35.602s][info ][gc] GC(795) Pause Young (Normal) (G1 Evacuation Pause) 14M->3M(256M) 1.514ms
[2025-03-05T02:27:15.553+0300][35.647s][info ][gc] GC(796) Pause Young (Normal) (G1 Evacuation Pause) 14M->4M(256M) 1.912ms
[2025-03-05T02:27:15.596+0300][35.687s][info ][gc] GC(797) Pause Young (Normal) (G1 Evacuation Pause) 14M->3M(256M) 1.192ms
[2025-03-05T02:27:15.640+0300][35.731s][info ][gc] GC(798) Pause Young (Normal) (G1 Evacuation Pause) 14M->4M(256M) 1.655ms
[2025-03-05T02:27:15.679+0300][35.771s][info ][gc] GC(799) Pause Young (Normal) (G1 Evacuation Pause) 14M->3M(256M) 0.909ms
[2025-03-05T02:27:15.725+0300][35.817s][info ][gc] GC(800) Pause Young (Normal) (G1 Evacuation Pause) 14M->4M(256M) 1.687ms
[2025-03-05T02:27:15.767+0300][35.859s][info ][gc] GC(801) Pause Young (Normal) (G1 Evacuation Pause) 14M->3M(256M) 1.011ms
[2025-03-05T02:27:15.812+0300][35.904s][info ][gc] GC(802) Pause Young (Normal) (G1 Evacuation Pause) 14M->4M(256M) 1.913ms
[2025-03-05T02:27:15.854+0300][35.946s][info ][gc] GC(803) Pause Young (Normal) (G1 Evacuation Pause) 14M->3M(256M) 1.365ms
[2025-03-05T02:27:15.898+0300][35.990s][info ][gc] GC(804) Pause Young (Normal) (G1 Evacuation Pause) 14M->4M(256M) 1.668ms
[2025-03-05T02:27:15.941+0300][36.033s][info ][gc] GC(805) Pause Young (Normal) (G1 Evacuation Pause) 14M->3M(256M) 1.406ms
[2025-03-05T02:27:15.987+0300][36.080s][info ][gc] GC(806) Pause Young (Normal) (G1 Evacuation Pause) 14M->4M(256M) 1.844ms
[2025-03-05T02:27:16.029+0300][36.121s][info ][gc] GC(807) Pause Young (Normal) (G1 Evacuation Pause) 14M->3M(256M) 1.302ms
[2025-03-05T02:27:16.073+0300][36.166s][info ][gc] GC(808) Pause Young (Normal) (G1 Evacuation Pause) 14M->4M(256M) 2.133ms
[2025-03-05T02:27:16.114+0300][36.206s][info ][gc] GC(809) Pause Young (Normal) (G1 Evacuation Pause) 14M->3M(256M) 1.160ms
[2025-03-05T02:27:16.160+0300][36.252s][info ][gc] GC(810) Pause Young (Normal) (G1 Evacuation Pause) 14M->4M(256M) 2.072ms
[2025-03-05T02:27:16.201+0300][36.294s][info ][gc] GC(811) Pause Young (Normal) (G1 Evacuation Pause) 14M->3M(256M) 1.171ms
[2025-03-05T02:27:16.247+0300][36.339s][info ][gc] GC(812) Pause Young (Normal) (G1 Evacuation Pause) 14M->4M(256M) 1.955ms
[2025-03-05T02:27:16.287+0300][36.379s][info ][gc] GC(813) Pause Young (Normal) (G1 Evacuation Pause) 14M->3M(256M) 1.286ms
[2025-03-05T02:27:16.331+0300][36.423s][info ][gc] GC(814) Pause Young (Normal) (G1 Evacuation Pause) 14M->2M(256M) 0.746ms
[2025-03-05T02:27:16.375+0300][36.467s][info ][gc] GC(815) Pause Young (Normal) (G1 Evacuation Pause) 13M->3M(256M) 1.540ms
[2025-03-05T02:27:16.420+0300][36.513s][info ][gc] GC(816) Pause Young (Normal) (G1 Evacuation Pause) 14M->2M(256M) 0.853ms
[2025-03-05T02:27:16.467+0300][36.559s][info ][gc] GC(817) Pause Young (Normal) (G1 Evacuation Pause) 13M->3M(256M) 1.410ms
[2025-03-05T02:27:16.511+0300][36.603s][info ][gc] GC(818) Pause Young (Normal) (G1 Evacuation Pause) 14M->2M(256M) 0.987ms
[2025-03-05T02:27:16.555+0300][36.647s][info ][gc] GC(819) Pause Young (Normal) (G1 Evacuation Pause) 13M->3M(256M) 1.504ms
[2025-03-05T02:27:16.594+0300][36.687s][info ][gc] GC(820) Pause Young (Normal) (G1 Evacuation Pause) 13M->3M(256M) 0.875ms
[2025-03-05T02:27:16.640+0300][36.732s][info ][gc] GC(821) Pause Young (Normal) (G1 Evacuation Pause) 14M->3M(256M) 1.901ms
[2025-03-05T02:27:16.681+0300][36.773s][info ][gc] GC(822) Pause Young (Normal) (G1 Evacuation Pause) 13M->3M(256M) 0.765ms
[2025-03-05T02:27:16.725+0300][36.818s][info ][gc] GC(823) Pause Young (Normal) (G1 Evacuation Pause) 14M->3M(256M) 1.629ms
[2025-03-05T02:27:16.768+0300][36.861s][info ][gc] GC(824) Pause Young (Normal) (G1 Evacuation Pause) 13M->3M(256M) 1.081ms
[2025-03-05T02:27:16.814+0300][36.906s][info ][gc] GC(825) Pause Young (Normal) (G1 Evacuation Pause) 14M->3M(256M) 1.514ms
[2025-03-05T02:27:16.853+0300][36.947s][info ][gc] GC(826) Pause Young (Normal) (G1 Evacuation Pause) 13M->3M(256M) 0.917ms
[2025-03-05T02:27:16.901+0300][36.993s][info ][gc] GC(827) Pause Young (Normal) (G1 Evacuation Pause) 14M->3M(256M) 2.075ms
[2025-03-05T02:27:16.942+0300][37.034s][info ][gc] GC(828) Pause Young (Normal) (G1 Evacuation Pause) 13M->3M(256M) 1.018ms
[2025-03-05T02:27:16.989+0300][37.081s][info ][gc] GC(829) Pause Young (Normal) (G1 Evacuation Pause) 14M->3M(256M) 1.536ms
[2025-03-05T02:27:17.029+0300][37.122s][info ][gc] GC(830) Pause Young (Normal) (G1 Evacuation Pause) 13M->3M(256M) 1.031ms
[2025-03-05T02:27:17.075+0300][37.167s][info ][gc] GC(831) Pause Young (Normal) (G1 Evacuation Pause) 14M->3M(256M) 1.638ms
[2025-03-05T02:27:17.117+0300][37.209s][info ][gc] GC(832) Pause Young (Normal) (G1 Evacuation Pause) 13M->3M(256M) 0.999ms
[2025-03-05T02:27:17.162+0300][37.254s][info ][gc] GC(833) Pause Young (Normal) (G1 Evacuation Pause) 14M->4M(256M) 1.732ms
[2025-03-05T02:27:17.202+0300][37.294s][info ][gc] GC(834) Pause Young (Normal) (G1 Evacuation Pause) 14M->3M(256M) 1.022ms
[2025-03-05T02:27:17.246+0300][37.338s][info ][gc] GC(835) Pause Young (Normal) (G1 Evacuation Pause) 14M->4M(256M) 1.291ms
[2025-03-05T02:27:17.286+0300][37.379s][info ][gc] GC(836) Pause Young (Normal) (G1 Evacuation Pause) 14M->3M(256M) 1.038ms
[2025-03-05T02:27:17.332+0300][37.424s][info ][gc] GC(837) Pause Young (Normal) (G1 Evacuation Pause) 14M->4M(256M) 1.926ms
[2025-03-05T02:27:17.373+0300][37.465s][info ][gc] GC(838) Pause Young (Normal) (G1 Evacuation Pause) 14M->3M(256M) 0.988ms
[2025-03-05T02:27:17.417+0300][37.510s][info ][gc] GC(839) Pause Young (Normal) (G1 Evacuation Pause) 14M->4M(256M) 1.651ms
[2025-03-05T02:27:17.459+0300][37.551s][info ][gc] GC(840) Pause Young (Normal) (G1 Evacuation Pause) 14M->3M(256M) 1.296ms
[2025-03-05T02:27:17.503+0300][37.596s][info ][gc] GC(841) Pause Young (Normal) (G1 Evacuation Pause) 14M->4M(256M) 1.836ms
[2025-03-05T02:27:17.547+0300][37.639s][info ][gc] GC(842) Pause Young (Normal) (G1 Evacuation Pause) 14M->3M(256M) 1.512ms
[2025-03-05T02:27:17.593+0300][37.685s][info ][gc] GC(843) Pause Young (Normal) (G1 Evacuation Pause) 14M->4M(256M) 1.997ms
[2025-03-05T02:27:17.634+0300][37.726s][info ][gc] GC(844) Pause Young (Normal) (G1 Evacuation Pause) 14M->3M(256M) 1.227ms
[2025-03-05T02:27:17.679+0300][37.770s][info ][gc] GC(845) Pause Young (Normal) (G1 Evacuation Pause) 14M->4M(256M) 1.824ms
[2025-03-05T02:27:17.721+0300][37.812s][info ][gc] GC(846) Pause Young (Normal) (G1 Evacuation Pause) 14M->3M(256M) 1.059ms
[2025-03-05T02:27:17.769+0300][37.860s][info ][gc] GC(847) Pause Young (Normal) (G1 Evacuation Pause) 14M->4M(256M) 1.707ms
[2025-03-05T02:27:17.808+0300][37.900s][info ][gc] GC(848) Pause Young (Normal) (G1 Evacuation Pause) 14M->3M(256M) 1.163ms
[2025-03-05T02:27:17.853+0300][37.945s][info ][gc] GC(849) Pause Young (Normal) (G1 Evacuation Pause) 14M->4M(256M) 1.780ms
[2025-03-05T02:27:17.894+0300][37.985s][info ][gc] GC(850) Pause Young (Normal) (G1 Evacuation Pause) 14M->3M(256M) 1.215ms
[2025-03-05T02:27:17.938+0300][38.030s][info ][gc] GC(851) Pause Young (Normal) (G1 Evacuation Pause) 14M->4M(256M) 2.003ms
[2025-03-05T02:27:17.981+0300][38.073s][info ][gc] GC(852) Pause Young (Normal) (G1 Evacuation Pause) 14M->3M(256M) 1.480ms
[2025-03-05T02:27:18.026+0300][38.118s][info ][gc] GC(853) Pause Young (Normal) (G1 Evacuation Pause) 14M->4M(256M) 1.999ms
[2025-03-05T02:27:18.067+0300][38.158s][info ][gc] GC(854) Pause Young (Normal) (G1 Evacuation Pause) 14M->3M(256M) 1.190ms
[2025-03-05T02:27:18.111+0300][38.203s][info ][gc] GC(855) Pause Young (Normal) (G1 Evacuation Pause) 14M->4M(256M) 1.905ms
[2025-03-05T02:27:18.152+0300][38.244s][info ][gc] GC(856) Pause Young (Normal) (G1 Evacuation Pause) 14M->3M(256M) 1.388ms
[2025-03-05T02:27:18.198+0300][38.290s][info ][gc] GC(857) Pause Young (Normal) (G1 Evacuation Pause) 14M->4M(256M) 1.996ms
[2025-03-05T02:27:18.241+0300][38.332s][info ][gc] GC(858) Pause Young (Normal) (G1 Evacuation Pause) 14M->3M(256M) 1.372ms
[2025-03-05T02:27:18.285+0300][38.377s][info ][gc] GC(859) Pause Young (Normal) (G1 Evacuation Pause) 14M->4M(256M) 1.990ms
[2025-03-05T02:27:18.326+0300][38.417s][info ][gc] GC(860) Pause Young (Normal) (G1 Evacuation Pause) 14M->3M(256M) 1.147ms
[2025-03-05T02:27:18.371+0300][38.462s][info ][gc] GC(861) Pause Young (Normal) (G1 Evacuation Pause) 14M->4M(256M) 1.934ms
[2025-03-05T02:27:18.414+0300][38.506s][info ][gc] GC(862) Pause Young (Normal) (G1 Evacuation Pause) 14M->3M(256M) 1.365ms
[2025-03-05T02:27:18.460+0300][38.552s][info ][gc] GC(863) Pause Young (Normal) (G1 Evacuation Pause) 14M->2M(256M) 0.643ms
[2025-03-05T02:27:18.505+0300][38.597s][info ][gc] GC(864) Pause Young (Normal) (G1 Evacuation Pause) 13M->3M(256M) 1.440ms
[2025-03-05T02:27:18.549+0300][38.642s][info ][gc] GC(865) Pause Young (Normal) (G1 Evacuation Pause) 14M->2M(256M) 0.882ms
[2025-03-05T02:27:18.594+0300][38.686s][info ][gc] GC(866) Pause Young (Normal) (G1 Evacuation Pause) 13M->3M(256M) 1.589ms
[2025-03-05T02:27:18.638+0300][38.731s][info ][gc] GC(867) Pause Young (Normal) (G1 Evacuation Pause) 14M->2M(256M) 0.769ms
[2025-03-05T02:27:18.684+0300][38.776s][info ][gc] GC(868) Pause Young (Normal) (G1 Evacuation Pause) 13M->3M(256M) 1.806ms
[2025-03-05T02:27:18.723+0300][38.815s][info ][gc] GC(869) Pause Young (Normal) (G1 Evacuation Pause) 13M->3M(256M) 0.898ms
[2025-03-05T02:27:18.767+0300][38.860s][info ][gc] GC(870) Pause Young (Normal) (G1 Evacuation Pause) 14M->3M(256M) 1.484ms
[2025-03-05T02:27:18.807+0300][38.900s][info ][gc] GC(871) Pause Young (Normal) (G1 Evacuation Pause) 13M->3M(256M) 0.853ms
[2025-03-05T02:27:18.853+0300][38.945s][info ][gc] GC(872) Pause Young (Normal) (G1 Evacuation Pause) 14M->3M(256M) 1.613ms
[2025-03-05T02:27:18.893+0300][38.985s][info ][gc] GC(873) Pause Young (Normal) (G1 Evacuation Pause) 13M->3M(256M) 0.670ms
[2025-03-05T02:27:18.944+0300][39.036s][info ][gc] GC(874) Pause Young (Normal) (G1 Evacuation Pause) 14M->3M(256M) 1.790ms
[2025-03-05T02:27:18.986+0300][39.077s][info ][gc] GC(875) Pause Young (Normal) (G1 Evacuation Pause) 13M->3M(256M) 1.060ms
[2025-03-05T02:27:19.034+0300][39.126s][info ][gc] GC(876) Pause Young (Normal) (G1 Evacuation Pause) 14M->3M(256M) 1.540ms
[2025-03-05T02:27:19.073+0300][39.167s][info ][gc] GC(877) Pause Young (Normal) (G1 Evacuation Pause) 13M->3M(256M) 0.899ms
[2025-03-05T02:27:19.119+0300][39.211s][info ][gc] GC(878) Pause Young (Normal) (G1 Evacuation Pause) 14M->3M(256M) 1.628ms
[2025-03-05T02:27:19.159+0300][39.251s][info ][gc] GC(879) Pause Young (Normal) (G1 Evacuation Pause) 13M->3M(256M) 1.021ms
[2025-03-05T02:27:19.203+0300][39.296s][info ][gc] GC(880) Pause Young (Normal) (G1 Evacuation Pause) 14M->3M(256M) 1.802ms
[2025-03-05T02:27:19.245+0300][39.337s][info ][gc] GC(881) Pause Young (Normal) (G1 Evacuation Pause) 13M->3M(256M) 0.920ms
[2025-03-05T02:27:19.292+0300][39.384s][info ][gc] GC(882) Pause Young (Normal) (G1 Evacuation Pause) 14M->3M(256M) 1.782ms
[2025-03-05T02:27:19.334+0300][39.425s][info ][gc] GC(883) Pause Young (Normal) (G1 Evacuation Pause) 13M->3M(256M) 0.925ms
[2025-03-05T02:27:19.378+0300][39.470s][info ][gc] GC(884) Pause Young (Normal) (G1 Evacuation Pause) 14M->3M(256M) 2.144ms
[2025-03-05T02:27:19.418+0300][39.511s][info ][gc] GC(885) Pause Young (Normal) (G1 Evacuation Pause) 13M->3M(256M) 0.998ms
[2025-03-05T02:27:19.463+0300][39.556s][info ][gc] GC(886) Pause Young (Normal) (G1 Evacuation Pause) 14M->4M(256M) 1.864ms
[2025-03-05T02:27:19.506+0300][39.598s][info ][gc] GC(887) Pause Young (Normal) (G1 Evacuation Pause) 14M->3M(256M) 1.018ms
[2025-03-05T02:27:19.570+0300][39.662s][info ][gc] GC(888) Pause Young (Normal) (G1 Evacuation Pause) 14M->4M(256M) 1.600ms
[2025-03-05T02:27:19.640+0300][39.731s][info ][gc] GC(889) Pause Young (Normal) (G1 Evacuation Pause) 14M->3M(256M) 1.300ms
[2025-03-05T02:27:19.684+0300][39.776s][info ][gc] GC(890) Pause Young (Normal) (G1 Evacuation Pause) 14M->4M(256M) 1.831ms
[2025-03-05T02:27:19.726+0300][39.817s][info ][gc] GC(891) Pause Young (Normal) (G1 Evacuation Pause) 14M->3M(256M) 1.260ms
[2025-03-05T02:27:19.771+0300][39.864s][info ][gc] GC(892) Pause Young (Normal) (G1 Evacuation Pause) 14M->4M(256M) 1.444ms
[2025-03-05T02:27:19.811+0300][39.904s][info ][gc] GC(893) Pause Young (Normal) (G1 Evacuation Pause) 14M->3M(256M) 1.194ms
[2025-03-05T02:27:19.856+0300][39.949s][info ][gc] GC(894) Pause Young (Normal) (G1 Evacuation Pause) 14M->4M(256M) 1.701ms
[2025-03-05T02:27:19.898+0300][39.990s][info ][gc] GC(895) Pause Young (Normal) (G1 Evacuation Pause) 14M->3M(256M) 1.314ms
[2025-03-05T02:27:19.943+0300][40.034s][info ][gc] GC(896) Pause Young (Normal) (G1 Evacuation Pause) 14M->4M(256M) 1.651ms
[2025-03-05T02:27:19.983+0300][40.075s][info ][gc] GC(897) Pause Young (Normal) (G1 Evacuation Pause) 14M->3M(256M) 1.171ms
[2025-03-05T02:27:20.029+0300][40.122s][info ][gc] GC(898) Pause Young (Normal) (G1 Evacuation Pause) 14M->4M(256M) 1.870ms
[2025-03-05T02:27:20.070+0300][40.162s][info ][gc] GC(899) Pause Young (Normal) (G1 Evacuation Pause) 14M->3M(256M) 1.376ms
[2025-03-05T02:27:20.115+0300][40.207s][info ][gc] GC(900) Pause Young (Normal) (G1 Evacuation Pause) 14M->4M(256M) 1.730ms
[2025-03-05T02:27:20.156+0300][40.248s][info ][gc] GC(901) Pause Young (Normal) (G1 Evacuation Pause) 14M->3M(256M) 1.272ms
[2025-03-05T02:27:20.200+0300][40.293s][info ][gc] GC(902) Pause Young (Normal) (G1 Evacuation Pause) 14M->4M(256M) 1.942ms
[2025-03-05T02:27:20.243+0300][40.335s][info ][gc] GC(903) Pause Young (Normal) (G1 Evacuation Pause) 14M->3M(256M) 1.426ms
[2025-03-05T02:27:20.288+0300][40.380s][info ][gc] GC(904) Pause Young (Normal) (G1 Evacuation Pause) 14M->4M(256M) 1.611ms
[2025-03-05T02:27:20.328+0300][40.420s][info ][gc] GC(905) Pause Young (Normal) (G1 Evacuation Pause) 14M->3M(256M) 1.335ms
[2025-03-05T02:27:20.372+0300][40.465s][info ][gc] GC(906) Pause Young (Normal) (G1 Evacuation Pause) 14M->4M(256M) 1.826ms
[2025-03-05T02:27:20.419+0300][40.510s][info ][gc] GC(907) Pause Young (Normal) (G1 Evacuation Pause) 14M->3M(256M) 1.572ms
[2025-03-05T02:27:20.466+0300][40.558s][info ][gc] GC(908) Pause Young (Normal) (G1 Evacuation Pause) 14M->4M(256M) 1.884ms
[2025-03-05T02:27:20.507+0300][40.598s][info ][gc] GC(909) Pause Young (Normal) (G1 Evacuation Pause) 14M->3M(256M) 1.349ms
[2025-03-05T02:27:20.551+0300][40.644s][info ][gc] GC(910) Pause Young (Normal) (G1 Evacuation Pause) 14M->4M(256M) 2.058ms
[2025-03-05T02:27:20.592+0300][40.684s][info ][gc] GC(911) Pause Young (Normal) (G1 Evacuation Pause) 14M->3M(256M) 1.408ms
[2025-03-05T02:27:20.636+0300][40.728s][info ][gc] GC(912) Pause Young (Normal) (G1 Evacuation Pause) 14M->2M(256M) 0.494ms
[2025-03-05T02:27:20.681+0300][40.773s][info ][gc] GC(913) Pause Young (Normal) (G1 Evacuation Pause) 13M->3M(256M) 1.621ms
[2025-03-05T02:27:20.723+0300][40.817s][info ][gc] GC(914) Pause Young (Normal) (G1 Evacuation Pause) 14M->2M(256M) 0.869ms
[2025-03-05T02:27:20.770+0300][40.861s][info ][gc] GC(915) Pause Young (Normal) (G1 Evacuation Pause) 13M->3M(256M) 1.462ms
[2025-03-05T02:27:20.813+0300][40.905s][info ][gc] GC(916) Pause Young (Normal) (G1 Evacuation Pause) 14M->2M(256M) 0.795ms
[2025-03-05T02:27:20.864+0300][40.956s][info ][gc] GC(917) Pause Young (Normal) (G1 Evacuation Pause) 13M->3M(256M) 1.720ms
[2025-03-05T02:27:20.905+0300][40.997s][info ][gc] GC(918) Pause Young (Normal) (G1 Evacuation Pause) 13M->2M(256M) 0.974ms
[2025-03-05T02:27:20.950+0300][41.042s][info ][gc] GC(919) Pause Young (Normal) (G1 Evacuation Pause) 13M->3M(256M) 1.679ms
[2025-03-05T02:27:20.990+0300][41.082s][info ][gc] GC(920) Pause Young (Normal) (G1 Evacuation Pause) 13M->3M(256M) 0.742ms
[2025-03-05T02:27:21.035+0300][41.127s][info ][gc] GC(921) Pause Young (Normal) (G1 Evacuation Pause) 14M->3M(256M) 1.540ms
[2025-03-05T02:27:21.075+0300][41.167s][info ][gc] GC(922) Pause Young (Normal) (G1 Evacuation Pause) 13M->3M(256M) 0.982ms
[2025-03-05T02:27:21.120+0300][41.212s][info ][gc] GC(923) Pause Young (Normal) (G1 Evacuation Pause) 14M->3M(256M) 1.504ms
[2025-03-05T02:27:21.161+0300][41.253s][info ][gc] GC(924) Pause Young (Normal) (G1 Evacuation Pause) 13M->3M(256M) 0.996ms
[2025-03-05T02:27:21.205+0300][41.298s][info ][gc] GC(925) Pause Young (Normal) (G1 Evacuation Pause) 14M->3M(256M) 1.693ms
[2025-03-05T02:27:21.245+0300][41.337s][info ][gc] GC(926) Pause Young (Normal) (G1 Evacuation Pause) 13M->3M(256M) 0.901ms
[2025-03-05T02:27:21.291+0300][41.383s][info ][gc] GC(927) Pause Young (Normal) (G1 Evacuation Pause) 14M->3M(256M) 1.774ms
[2025-03-05T02:27:21.331+0300][41.423s][info ][gc] GC(928) Pause Young (Normal) (G1 Evacuation Pause) 13M->3M(256M) 1.019ms
[2025-03-05T02:27:21.376+0300][41.468s][info ][gc] GC(929) Pause Young (Normal) (G1 Evacuation Pause) 14M->3M(256M) 1.752ms
[2025-03-05T02:27:21.417+0300][41.508s][info ][gc] GC(930) Pause Young (Normal) (G1 Evacuation Pause) 13M->3M(256M) 0.904ms
[2025-03-05T02:27:21.461+0300][41.553s][info ][gc] GC(931) Pause Young (Normal) (G1 Evacuation Pause) 14M->3M(256M) 1.736ms
[2025-03-05T02:27:21.502+0300][41.593s][info ][gc] GC(932) Pause Young (Normal) (G1 Evacuation Pause) 13M->3M(256M) 0.933ms
[2025-03-05T02:27:21.549+0300][41.641s][info ][gc] GC(933) Pause Young (Normal) (G1 Evacuation Pause) 14M->4M(256M) 1.696ms
[2025-03-05T02:27:21.588+0300][41.681s][info ][gc] GC(934) Pause Young (Normal) (G1 Evacuation Pause) 14M->3M(256M) 1.082ms
[2025-03-05T02:27:21.633+0300][41.726s][info ][gc] GC(935) Pause Young (Normal) (G1 Evacuation Pause) 14M->4M(256M) 2.059ms
[2025-03-05T02:27:21.675+0300][41.767s][info ][gc] GC(936) Pause Young (Normal) (G1 Evacuation Pause) 14M->3M(256M) 1.193ms
[2025-03-05T02:27:21.720+0300][41.813s][info ][gc] GC(937) Pause Young (Normal) (G1 Evacuation Pause) 14M->4M(256M) 2.039ms
[2025-03-05T02:27:21.766+0300][41.858s][info ][gc] GC(938) Pause Young (Normal) (G1 Evacuation Pause) 14M->3M(256M) 1.168ms
[2025-03-05T02:27:21.815+0300][41.907s][info ][gc] GC(939) Pause Young (Normal) (G1 Evacuation Pause) 14M->4M(256M) 1.823ms
[2025-03-05T02:27:21.856+0300][41.947s][info ][gc] GC(940) Pause Young (Normal) (G1 Evacuation Pause) 14M->3M(256M) 1.108ms
[2025-03-05T02:27:21.900+0300][41.992s][info ][gc] GC(941) Pause Young (Normal) (G1 Evacuation Pause) 14M->4M(256M) 1.808ms
[2025-03-05T02:27:21.941+0300][42.033s][info ][gc] GC(942) Pause Young (Normal) (G1 Evacuation Pause) 14M->3M(256M) 1.177ms
[2025-03-05T02:27:21.986+0300][42.078s][info ][gc] GC(943) Pause Young (Normal) (G1 Evacuation Pause) 14M->4M(256M) 1.686ms
[2025-03-05T02:27:22.026+0300][42.118s][info ][gc] GC(944) Pause Young (Normal) (G1 Evacuation Pause) 14M->3M(256M) 0.995ms
[2025-03-05T02:27:22.071+0300][42.163s][info ][gc] GC(945) Pause Young (Normal) (G1 Evacuation Pause) 14M->4M(256M) 1.831ms
[2025-03-05T02:27:22.112+0300][42.204s][info ][gc] GC(946) Pause Young (Normal) (G1 Evacuation Pause) 14M->3M(256M) 1.204ms
[2025-03-05T02:27:22.157+0300][42.249s][info ][gc] GC(947) Pause Young (Normal) (G1 Evacuation Pause) 14M->4M(256M) 1.868ms
[2025-03-05T02:27:22.199+0300][42.290s][info ][gc] GC(948) Pause Young (Normal) (G1 Evacuation Pause) 14M->3M(256M) 1.349ms
[2025-03-05T02:27:22.244+0300][42.337s][info ][gc] GC(949) Pause Young (Normal) (G1 Evacuation Pause) 14M->4M(256M) 1.919ms
[2025-03-05T02:27:22.286+0300][42.377s][info ][gc] GC(950) Pause Young (Normal) (G1 Evacuation Pause) 14M->3M(256M) 1.283ms
[2025-03-05T02:27:22.330+0300][42.422s][info ][gc] GC(951) Pause Young (Normal) (G1 Evacuation Pause) 14M->4M(256M) 1.974ms
[2025-03-05T02:27:22.371+0300][42.463s][info ][gc] GC(952) Pause Young (Normal) (G1 Evacuation Pause) 14M->3M(256M) 1.187ms
[2025-03-05T02:27:22.417+0300][42.509s][info ][gc] GC(953) Pause Young (Normal) (G1 Evacuation Pause) 14M->4M(256M) 1.848ms
[2025-03-05T02:27:22.460+0300][42.551s][info ][gc] GC(954) Pause Young (Normal) (G1 Evacuation Pause) 14M->3M(256M) 1.383ms
[2025-03-05T02:27:22.504+0300][42.596s][info ][gc] GC(955) Pause Young (Normal) (G1 Evacuation Pause) 14M->4M(256M) 1.942ms
[2025-03-05T02:27:22.544+0300][42.636s][info ][gc] GC(956) Pause Young (Normal) (G1 Evacuation Pause) 14M->3M(256M) 1.401ms
[2025-03-05T02:27:22.590+0300][42.682s][info ][gc] GC(957) Pause Young (Normal) (G1 Evacuation Pause) 14M->4M(256M) 1.581ms
[2025-03-05T02:27:22.645+0300][42.737s][info ][gc] GC(958) Pause Young (Normal) (G1 Evacuation Pause) 14M->3M(256M) 1.951ms
[2025-03-05T02:27:22.709+0300][42.801s][info ][gc] GC(959) Pause Young (Normal) (G1 Evacuation Pause) 14M->4M(256M) 2.079ms
[2025-03-05T02:27:22.768+0300][42.860s][info ][gc] GC(960) Pause Young (Normal) (G1 Evacuation Pause) 14M->3M(256M) 0.975ms
[2025-03-05T02:27:22.816+0300][42.907s][info ][gc] GC(961) Pause Young (Normal) (G1 Evacuation Pause) 14M->4M(256M) 1.511ms
[2025-03-05T02:27:22.860+0300][42.951s][info ][gc] GC(962) Pause Young (Normal) (G1 Evacuation Pause) 14M->3M(256M) 1.274ms
[2025-03-05T02:27:22.907+0300][42.999s][info ][gc] GC(963) Pause Young (Normal) (G1 Evacuation Pause) 14M->2M(256M) 0.814ms
[2025-03-05T02:27:22.958+0300][43.050s][info ][gc] GC(964) Pause Young (Normal) (G1 Evacuation Pause) 13M->3M(256M) 1.581ms
[2025-03-05T02:27:23.008+0300][43.100s][info ][gc] GC(965) Pause Young (Normal) (G1 Evacuation Pause) 14M->2M(256M) 0.915ms
[2025-03-05T02:27:23.056+0300][43.148s][info ][gc] GC(966) Pause Young (Normal) (G1 Evacuation Pause) 13M->3M(256M) 1.581ms
[2025-03-05T02:27:23.101+0300][43.193s][info ][gc] GC(967) Pause Young (Normal) (G1 Evacuation Pause) 14M->2M(256M) 0.903ms
[2025-03-05T02:27:23.153+0300][43.244s][info ][gc] GC(968) Pause Young (Normal) (G1 Evacuation Pause) 13M->3M(256M) 2.781ms
[2025-03-05T02:27:23.200+0300][43.292s][info ][gc] GC(969) Pause Young (Normal) (G1 Evacuation Pause) 13M->3M(256M) 0.809ms
[2025-03-05T02:27:23.256+0300][43.348s][info ][gc] GC(970) Pause Young (Normal) (G1 Evacuation Pause) 14M->3M(256M) 1.582ms
[2025-03-05T02:27:23.303+0300][43.395s][info ][gc] GC(971) Pause Young (Normal) (G1 Evacuation Pause) 13M->3M(256M) 0.724ms
[2025-03-05T02:27:23.352+0300][43.444s][info ][gc] GC(972) Pause Young (Normal) (G1 Evacuation Pause) 14M->3M(256M) 1.589ms
[2025-03-05T02:27:23.394+0300][43.485s][info ][gc] GC(973) Pause Young (Normal) (G1 Evacuation Pause) 13M->3M(256M) 0.932ms
[2025-03-05T02:27:23.440+0300][43.531s][info ][gc] GC(974) Pause Young (Normal) (G1 Evacuation Pause) 14M->3M(256M) 1.659ms
[2025-03-05T02:27:23.482+0300][43.574s][info ][gc] GC(975) Pause Young (Normal) (G1 Evacuation Pause) 13M->3M(256M) 0.863ms
[2025-03-05T02:27:23.529+0300][43.620s][info ][gc] GC(976) Pause Young (Normal) (G1 Evacuation Pause) 14M->3M(256M) 1.802ms
[2025-03-05T02:27:23.575+0300][43.666s][info ][gc] GC(977) Pause Young (Normal) (G1 Evacuation Pause) 13M->3M(256M) 0.826ms
[2025-03-05T02:27:23.630+0300][43.722s][info ][gc] GC(978) Pause Young (Normal) (G1 Evacuation Pause) 14M->3M(256M) 1.843ms
[2025-03-05T02:27:23.682+0300][43.775s][info ][gc] GC(979) Pause Young (Normal) (G1 Evacuation Pause) 13M->3M(256M) 0.976ms
[2025-03-05T02:27:23.739+0300][43.832s][info ][gc] GC(980) Pause Young (Normal) (G1 Evacuation Pause) 14M->3M(256M) 1.901ms
[2025-03-05T02:27:23.783+0300][43.875s][info ][gc] GC(981) Pause Young (Normal) (G1 Evacuation Pause) 13M->3M(256M) 0.779ms
[2025-03-05T02:27:23.837+0300][43.929s][info ][gc] GC(982) Pause Young (Normal) (G1 Evacuation Pause) 14M->4M(256M) 1.576ms
[2025-03-05T02:27:23.879+0300][43.972s][info ][gc] GC(983) Pause Young (Normal) (G1 Evacuation Pause) 14M->3M(256M) 0.893ms
[2025-03-05T02:27:23.995+0300][44.087s][info ][gc] GC(984) Pause Young (Normal) (G1 Evacuation Pause) 14M->4M(256M) 1.838ms
[2025-03-05T02:27:24.048+0300][44.140s][info ][gc] GC(985) Pause Young (Normal) (G1 Evacuation Pause) 15M->3M(256M) 1.135ms
[2025-03-05T02:27:24.101+0300][44.193s][info ][gc] GC(986) Pause Young (Normal) (G1 Evacuation Pause) 14M->4M(256M) 1.676ms
[2025-03-05T02:27:24.161+0300][44.253s][info ][gc] GC(987) Pause Young (Normal) (G1 Evacuation Pause) 14M->3M(256M) 1.073ms
[2025-03-05T02:27:24.219+0300][44.311s][info ][gc] GC(988) Pause Young (Normal) (G1 Evacuation Pause) 14M->4M(256M) 2.495ms
[2025-03-05T02:27:24.281+0300][44.374s][info ][gc] GC(989) Pause Young (Normal) (G1 Evacuation Pause) 14M->3M(256M) 1.248ms
[2025-03-05T02:27:24.352+0300][44.445s][info ][gc] GC(990) Pause Young (Normal) (G1 Evacuation Pause) 14M->4M(256M) 1.659ms
[2025-03-05T02:27:24.392+0300][44.485s][info ][gc] GC(991) Pause Young (Normal) (G1 Evacuation Pause) 14M->3M(256M) 0.898ms
[2025-03-05T02:27:24.443+0300][44.535s][info ][gc] GC(992) Pause Young (Normal) (G1 Evacuation Pause) 14M->4M(256M) 2.333ms
[2025-03-05T02:27:24.491+0300][44.583s][info ][gc] GC(993) Pause Young (Normal) (G1 Evacuation Pause) 14M->3M(256M) 1.391ms
[2025-03-05T02:27:24.549+0300][44.641s][info ][gc] GC(994) Pause Young (Normal) (G1 Evacuation Pause) 14M->4M(256M) 1.882ms
[2025-03-05T02:27:24.596+0300][44.688s][info ][gc] GC(995) Pause Young (Normal) (G1 Evacuation Pause) 14M->3M(256M) 1.318ms
[2025-03-05T02:27:24.646+0300][44.738s][info ][gc] GC(996) Pause Young (Normal) (G1 Evacuation Pause) 14M->4M(256M) 1.863ms
[2025-03-05T02:27:24.690+0300][44.781s][info ][gc] GC(997) Pause Young (Normal) (G1 Evacuation Pause) 14M->3M(256M) 0.935ms
[2025-03-05T02:27:24.735+0300][44.827s][info ][gc] GC(998) Pause Young (Normal) (G1 Evacuation Pause) 14M->4M(256M) 1.825ms
[2025-03-05T02:27:24.777+0300][44.869s][info ][gc] GC(999) Pause Young (Normal) (G1 Evacuation Pause) 14M->3M(256M) 1.227ms
[2025-03-05T02:27:24.823+0300][44.915s][info ][gc] GC(1000) Pause Young (Normal) (G1 Evacuation Pause) 14M->4M(256M) 1.891ms
[2025-03-05T02:27:24.868+0300][44.960s][info ][gc] GC(1001) Pause Young (Normal) (G1 Evacuation Pause) 14M->3M(256M) 1.460ms
[2025-03-05T02:27:24.917+0300][45.010s][info ][gc] GC(1002) Pause Young (Normal) (G1 Evacuation Pause) 14M->4M(256M) 1.941ms
[2025-03-05T02:27:24.962+0300][45.054s][info ][gc] GC(1003) Pause Young (Normal) (G1 Evacuation Pause) 14M->3M(256M) 1.178ms
[2025-03-05T02:27:25.007+0300][45.099s][info ][gc] GC(1004) Pause Young (Normal) (G1 Evacuation Pause) 14M->4M(256M) 1.708ms
[2025-03-05T02:27:25.049+0300][45.142s][info ][gc] GC(1005) Pause Young (Normal) (G1 Evacuation Pause) 14M->3M(256M) 1.447ms
[2025-03-05T02:27:25.096+0300][45.189s][info ][gc] GC(1006) Pause Young (Normal) (G1 Evacuation Pause) 14M->2M(256M) 0.972ms
[2025-03-05T02:27:25.145+0300][45.237s][info ][gc] GC(1007) Pause Young (Normal) (G1 Evacuation Pause) 13M->3M(256M) 2.146ms
[2025-03-05T02:27:25.193+0300][45.285s][info ][gc] GC(1008) Pause Young (Normal) (G1 Evacuation Pause) 14M->2M(256M) 0.653ms
[2025-03-05T02:27:25.245+0300][45.337s][info ][gc] GC(1009) Pause Young (Normal) (G1 Evacuation Pause) 13M->3M(256M) 1.955ms
[2025-03-05T02:27:25.291+0300][45.383s][info ][gc] GC(1010) Pause Young (Normal) (G1 Evacuation Pause) 14M->2M(256M) 0.551ms
[2025-03-05T02:27:25.336+0300][45.428s][info ][gc] GC(1011) Pause Young (Normal) (G1 Evacuation Pause) 13M->3M(256M) 1.229ms
[2025-03-05T02:27:25.380+0300][45.471s][info ][gc] GC(1012) Pause Young (Normal) (G1 Evacuation Pause) 13M->3M(256M) 0.988ms
[2025-03-05T02:27:25.428+0300][45.521s][info ][gc] GC(1013) Pause Young (Normal) (G1 Evacuation Pause) 14M->3M(256M) 1.370ms
[2025-03-05T02:27:25.480+0300][45.571s][info ][gc] GC(1014) Pause Young (Normal) (G1 Evacuation Pause) 13M->3M(256M) 0.753ms
[2025-03-05T02:27:25.530+0300][45.622s][info ][gc] GC(1015) Pause Young (Normal) (G1 Evacuation Pause) 14M->3M(256M) 1.370ms
[2025-03-05T02:27:25.575+0300][45.666s][info ][gc] GC(1016) Pause Young (Normal) (G1 Evacuation Pause) 13M->3M(256M) 0.602ms
[2025-03-05T02:27:25.622+0300][45.715s][info ][gc] GC(1017) Pause Young (Normal) (G1 Evacuation Pause) 14M->3M(256M) 1.390ms
[2025-03-05T02:27:25.669+0300][45.761s][info ][gc] GC(1018) Pause Young (Normal) (G1 Evacuation Pause) 13M->3M(256M) 0.899ms
[2025-03-05T02:27:25.715+0300][45.808s][info ][gc] GC(1019) Pause Young (Normal) (G1 Evacuation Pause) 14M->3M(256M) 1.593ms
[2025-03-05T02:27:25.759+0300][45.851s][info ][gc] GC(1020) Pause Young (Normal) (G1 Evacuation Pause) 13M->3M(256M) 0.831ms
[2025-03-05T02:27:25.807+0300][45.899s][info ][gc] GC(1021) Pause Young (Normal) (G1 Evacuation Pause) 14M->3M(256M) 1.668ms
[2025-03-05T02:27:25.851+0300][45.943s][info ][gc] GC(1022) Pause Young (Normal) (G1 Evacuation Pause) 13M->3M(256M) 0.657ms
[2025-03-05T02:27:25.900+0300][45.992s][info ][gc] GC(1023) Pause Young (Normal) (G1 Evacuation Pause) 14M->3M(256M) 1.895ms
[2025-03-05T02:27:25.943+0300][46.035s][info ][gc] GC(1024) Pause Young (Normal) (G1 Evacuation Pause) 13M->3M(256M) 0.821ms
[2025-03-05T02:27:25.990+0300][46.083s][info ][gc] GC(1025) Pause Young (Normal) (G1 Evacuation Pause) 14M->4M(256M) 1.444ms
[2025-03-05T02:27:26.033+0300][46.125s][info ][gc] GC(1026) Pause Young (Normal) (G1 Evacuation Pause) 14M->3M(256M) 1.031ms
[2025-03-05T02:27:26.082+0300][46.174s][info ][gc] GC(1027) Pause Young (Normal) (G1 Evacuation Pause) 14M->4M(256M) 1.676ms
[2025-03-05T02:27:26.125+0300][46.216s][info ][gc] GC(1028) Pause Young (Normal) (G1 Evacuation Pause) 14M->3M(256M) 1.219ms
[2025-03-05T02:27:26.172+0300][46.264s][info ][gc] GC(1029) Pause Young (Normal) (G1 Evacuation Pause) 14M->3M(256M) 1.893ms
[2025-03-05T02:27:26.216+0300][46.308s][info ][gc] GC(1030) Pause Young (Normal) (G1 Evacuation Pause) 13M->3M(256M) 0.934ms
[2025-03-05T02:27:26.263+0300][46.355s][info ][gc] GC(1031) Pause Young (Normal) (G1 Evacuation Pause) 14M->4M(256M) 1.683ms
[2025-03-05T02:27:26.306+0300][46.398s][info ][gc] GC(1032) Pause Young (Normal) (G1 Evacuation Pause) 14M->3M(256M) 1.019ms
[2025-03-05T02:27:26.352+0300][46.444s][info ][gc] GC(1033) Pause Young (Normal) (G1 Evacuation Pause) 14M->4M(256M) 1.710ms
[2025-03-05T02:27:26.392+0300][46.485s][info ][gc] GC(1034) Pause Young (Normal) (G1 Evacuation Pause) 14M->3M(256M) 0.967ms
[2025-03-05T02:27:26.441+0300][46.533s][info ][gc] GC(1035) Pause Young (Normal) (G1 Evacuation Pause) 14M->4M(256M) 1.760ms
[2025-03-05T02:27:26.486+0300][46.578s][info ][gc] GC(1036) Pause Young (Normal) (G1 Evacuation Pause) 14M->3M(256M) 1.346ms
[2025-03-05T02:27:26.532+0300][46.625s][info ][gc] GC(1037) Pause Young (Normal) (G1 Evacuation Pause) 14M->4M(256M) 1.782ms
[2025-03-05T02:27:26.574+0300][46.666s][info ][gc] GC(1038) Pause Young (Normal) (G1 Evacuation Pause) 14M->3M(256M) 1.259ms
[2025-03-05T02:27:26.618+0300][46.710s][info ][gc] GC(1039) Pause Young (Normal) (G1 Evacuation Pause) 14M->4M(256M) 1.753ms
[2025-03-05T02:27:26.659+0300][46.751s][info ][gc] GC(1040) Pause Young (Normal) (G1 Evacuation Pause) 14M->3M(256M) 1.337ms
[2025-03-05T02:27:26.704+0300][46.796s][info ][gc] GC(1041) Pause Young (Normal) (G1 Evacuation Pause) 14M->4M(256M) 2.090ms
[2025-03-05T02:27:26.747+0300][46.839s][info ][gc] GC(1042) Pause Young (Normal) (G1 Evacuation Pause) 14M->3M(256M) 1.208ms
[2025-03-05T02:27:26.794+0300][46.886s][info ][gc] GC(1043) Pause Young (Normal) (G1 Evacuation Pause) 14M->4M(256M) 2.004ms
[2025-03-05T02:27:26.834+0300][46.927s][info ][gc] GC(1044) Pause Young (Normal) (G1 Evacuation Pause) 14M->3M(256M) 1.314ms
[2025-03-05T02:27:26.881+0300][46.973s][info ][gc] GC(1045) Pause Young (Normal) (G1 Evacuation Pause) 14M->4M(256M) 1.752ms
[2025-03-05T02:27:26.922+0300][47.014s][info ][gc] GC(1046) Pause Young (Normal) (G1 Evacuation Pause) 14M->3M(256M) 1.297ms
[2025-03-05T02:27:26.968+0300][47.060s][info ][gc] GC(1047) Pause Young (Normal) (G1 Evacuation Pause) 14M->4M(256M) 1.875ms
[2025-03-05T02:27:27.009+0300][47.102s][info ][gc] GC(1048) Pause Young (Normal) (G1 Evacuation Pause) 14M->3M(256M) 1.591ms
[2025-03-05T02:27:27.056+0300][47.148s][info ][gc] GC(1049) Pause Young (Normal) (G1 Evacuation Pause) 14M->4M(256M) 1.835ms
[2025-03-05T02:27:27.097+0300][47.189s][info ][gc] GC(1050) Pause Young (Normal) (G1 Evacuation Pause) 14M->3M(256M) 1.477ms
[2025-03-05T02:27:27.144+0300][47.236s][info ][gc] GC(1051) Pause Young (Normal) (G1 Evacuation Pause) 14M->4M(256M) 2.308ms
[2025-03-05T02:27:27.186+0300][47.278s][info ][gc] GC(1052) Pause Young (Normal) (G1 Evacuation Pause) 14M->3M(256M) 1.415ms
[2025-03-05T02:27:27.233+0300][47.324s][info ][gc] GC(1053) Pause Young (Normal) (G1 Evacuation Pause) 14M->4M(256M) 2.146ms
[2025-03-05T02:27:27.274+0300][47.365s][info ][gc] GC(1054) Pause Young (Normal) (G1 Evacuation Pause) 14M->3M(256M) 1.267ms
[2025-03-05T02:27:27.317+0300][47.409s][info ][gc] GC(1055) Pause Young (Normal) (G1 Evacuation Pause) 14M->2M(256M) 0.576ms
[2025-03-05T02:27:27.363+0300][47.455s][info ][gc] GC(1056) Pause Young (Normal) (G1 Evacuation Pause) 13M->3M(256M) 1.669ms
[2025-03-05T02:27:27.408+0300][47.500s][info ][gc] GC(1057) Pause Young (Normal) (G1 Evacuation Pause) 14M->2M(256M) 0.697ms
[2025-03-05T02:27:27.453+0300][47.545s][info ][gc] GC(1058) Pause Young (Normal) (G1 Evacuation Pause) 13M->3M(256M) 1.828ms
[2025-03-05T02:27:27.497+0300][47.590s][info ][gc] GC(1059) Pause Young (Normal) (G1 Evacuation Pause) 14M->2M(256M) 0.702ms
[2025-03-05T02:27:27.543+0300][47.635s][info ][gc] GC(1060) Pause Young (Normal) (G1 Evacuation Pause) 13M->3M(256M) 1.893ms
[2025-03-05T02:27:27.585+0300][47.677s][info ][gc] GC(1061) Pause Young (Normal) (G1 Evacuation Pause) 13M->3M(256M) 1.011ms
[2025-03-05T02:27:27.630+0300][47.722s][info ][gc] GC(1062) Pause Young (Normal) (G1 Evacuation Pause) 14M->3M(256M) 1.739ms
[2025-03-05T02:27:27.671+0300][47.763s][info ][gc] GC(1063) Pause Young (Normal) (G1 Evacuation Pause) 13M->3M(256M) 0.840ms
[2025-03-05T02:27:27.716+0300][47.808s][info ][gc] GC(1064) Pause Young (Normal) (G1 Evacuation Pause) 14M->3M(256M) 1.657ms
[2025-03-05T02:27:27.756+0300][47.848s][info ][gc] GC(1065) Pause Young (Normal) (G1 Evacuation Pause) 13M->3M(256M) 0.864ms
[2025-03-05T02:27:27.800+0300][47.892s][info ][gc] GC(1066) Pause Young (Normal) (G1 Evacuation Pause) 14M->3M(256M) 1.807ms
[2025-03-05T02:27:27.842+0300][47.934s][info ][gc] GC(1067) Pause Young (Normal) (G1 Evacuation Pause) 13M->3M(256M) 0.982ms
[2025-03-05T02:27:27.889+0300][47.981s][info ][gc] GC(1068) Pause Young (Normal) (G1 Evacuation Pause) 14M->3M(256M) 1.532ms
[2025-03-05T02:27:27.929+0300][48.021s][info ][gc] GC(1069) Pause Young (Normal) (G1 Evacuation Pause) 13M->3M(256M) 1.001ms
[2025-03-05T02:27:27.974+0300][48.066s][info ][gc] GC(1070) Pause Young (Normal) (G1 Evacuation Pause) 14M->3M(256M) 1.720ms
[2025-03-05T02:27:28.014+0300][48.107s][info ][gc] GC(1071) Pause Young (Normal) (G1 Evacuation Pause) 13M->3M(256M) 0.832ms
[2025-03-05T02:27:28.060+0300][48.153s][info ][gc] GC(1072) Pause Young (Normal) (G1 Evacuation Pause) 14M->3M(256M) 1.921ms
[2025-03-05T02:27:28.101+0300][48.193s][info ][gc] GC(1073) Pause Young (Normal) (G1 Evacuation Pause) 13M->3M(256M) 0.900ms
[2025-03-05T02:27:28.145+0300][48.237s][info ][gc] GC(1074) Pause Young (Normal) (G1 Evacuation Pause) 14M->4M(256M) 1.894ms
[2025-03-05T02:27:28.186+0300][48.277s][info ][gc] GC(1075) Pause Young (Normal) (G1 Evacuation Pause) 14M->3M(256M) 1.016ms
[2025-03-05T02:27:28.231+0300][48.323s][info ][gc] GC(1076) Pause Young (Normal) (G1 Evacuation Pause) 14M->4M(256M) 1.995ms
[2025-03-05T02:27:28.277+0300][48.369s][info ][gc] GC(1077) Pause Young (Normal) (G1 Evacuation Pause) 14M->3M(256M) 1.208ms
[2025-03-05T02:27:28.322+0300][48.414s][info ][gc] GC(1078) Pause Young (Normal) (G1 Evacuation Pause) 14M->3M(256M) 1.517ms
[2025-03-05T02:27:28.362+0300][48.454s][info ][gc] GC(1079) Pause Young (Normal) (G1 Evacuation Pause) 13M->3M(256M) 1.258ms
[2025-03-05T02:27:28.410+0300][48.503s][info ][gc] GC(1080) Pause Young (Normal) (G1 Evacuation Pause) 14M->4M(256M) 1.988ms
[2025-03-05T02:27:28.453+0300][48.545s][info ][gc] GC(1081) Pause Young (Normal) (G1 Evacuation Pause) 14M->3M(256M) 1.099ms
[2025-03-05T02:27:28.499+0300][48.591s][info ][gc] GC(1082) Pause Young (Normal) (G1 Evacuation Pause) 14M->4M(256M) 1.757ms
[2025-03-05T02:27:28.540+0300][48.632s][info ][gc] GC(1083) Pause Young (Normal) (G1 Evacuation Pause) 14M->3M(256M) 1.225ms
[2025-03-05T02:27:28.583+0300][48.676s][info ][gc] GC(1084) Pause Young (Normal) (G1 Evacuation Pause) 14M->4M(256M) 1.761ms
[2025-03-05T02:27:28.624+0300][48.716s][info ][gc] GC(1085) Pause Young (Normal) (G1 Evacuation Pause) 14M->3M(256M) 1.238ms
[2025-03-05T02:27:28.670+0300][48.762s][info ][gc] GC(1086) Pause Young (Normal) (G1 Evacuation Pause) 14M->4M(256M) 2.055ms
[2025-03-05T02:27:28.714+0300][48.806s][info ][gc] GC(1087) Pause Young (Normal) (G1 Evacuation Pause) 14M->3M(256M) 1.366ms
[2025-03-05T02:27:28.759+0300][48.852s][info ][gc] GC(1088) Pause Young (Normal) (G1 Evacuation Pause) 14M->4M(256M) 1.962ms
[2025-03-05T02:27:28.800+0300][48.892s][info ][gc] GC(1089) Pause Young (Normal) (G1 Evacuation Pause) 14M->3M(256M) 1.362ms
[2025-03-05T02:27:28.844+0300][48.936s][info ][gc] GC(1090) Pause Young (Normal) (G1 Evacuation Pause) 14M->4M(256M) 2.064ms
[2025-03-05T02:27:28.885+0300][48.977s][info ][gc] GC(1091) Pause Young (Normal) (G1 Evacuation Pause) 14M->3M(256M) 1.285ms
[2025-03-05T02:27:28.931+0300][49.023s][info ][gc] GC(1092) Pause Young (Normal) (G1 Evacuation Pause) 14M->4M(256M) 2.159ms
[2025-03-05T02:27:28.972+0300][49.064s][info ][gc] GC(1093) Pause Young (Normal) (G1 Evacuation Pause) 14M->3M(256M) 1.323ms
[2025-03-05T02:27:29.017+0300][49.109s][info ][gc] GC(1094) Pause Young (Normal) (G1 Evacuation Pause) 14M->4M(256M) 1.863ms
[2025-03-05T02:27:29.059+0300][49.150s][info ][gc] GC(1095) Pause Young (Normal) (G1 Evacuation Pause) 14M->3M(256M) 1.336ms
[2025-03-05T02:27:29.103+0300][49.195s][info ][gc] GC(1096) Pause Young (Normal) (G1 Evacuation Pause) 14M->4M(256M) 2.124ms
[2025-03-05T02:27:29.144+0300][49.237s][info ][gc] GC(1097) Pause Young (Normal) (G1 Evacuation Pause) 14M->3M(256M) 1.462ms
[2025-03-05T02:27:29.191+0300][49.283s][info ][gc] GC(1098) Pause Young (Normal) (G1 Evacuation Pause) 14M->4M(256M) 1.844ms
[2025-03-05T02:27:29.232+0300][49.325s][info ][gc] GC(1099) Pause Young (Normal) (G1 Evacuation Pause) 14M->3M(256M) 1.321ms
[2025-03-05T02:27:29.278+0300][49.370s][info ][gc] GC(1100) Pause Young (Normal) (G1 Evacuation Pause) 14M->4M(256M) 2.255ms
[2025-03-05T02:27:29.320+0300][49.412s][info ][gc] GC(1101) Pause Young (Normal) (G1 Evacuation Pause) 14M->3M(256M) 1.334ms
[2025-03-05T02:27:29.367+0300][49.458s][info ][gc] GC(1102) Pause Young (Normal) (G1 Evacuation Pause) 14M->4M(256M) 1.900ms
[2025-03-05T02:27:29.410+0300][49.503s][info ][gc] GC(1103) Pause Young (Normal) (G1 Evacuation Pause) 14M->3M(256M) 1.545ms
[2025-03-05T02:27:29.456+0300][49.548s][info ][gc] GC(1104) Pause Young (Normal) (G1 Evacuation Pause) 14M->2M(256M) 0.500ms
[2025-03-05T02:27:29.500+0300][49.593s][info ][gc] GC(1105) Pause Young (Normal) (G1 Evacuation Pause) 13M->3M(256M) 1.629ms
[2025-03-05T02:27:29.544+0300][49.637s][info ][gc] GC(1106) Pause Young (Normal) (G1 Evacuation Pause) 14M->2M(256M) 0.897ms
[2025-03-05T02:27:29.591+0300][49.683s][info ][gc] GC(1107) Pause Young (Normal) (G1 Evacuation Pause) 13M->3M(256M) 1.453ms
[2025-03-05T02:27:29.637+0300][49.728s][info ][gc] GC(1108) Pause Young (Normal) (G1 Evacuation Pause) 14M->2M(256M) 0.747ms
[2025-03-05T02:27:29.682+0300][49.774s][info ][gc] GC(1109) Pause Young (Normal) (G1 Evacuation Pause) 13M->3M(256M) 1.675ms
[2025-03-05T02:27:29.723+0300][49.815s][info ][gc] GC(1110) Pause Young (Normal) (G1 Evacuation Pause) 13M->2M(256M) 1.098ms
[2025-03-05T02:27:29.768+0300][49.860s][info ][gc] GC(1111) Pause Young (Normal) (G1 Evacuation Pause) 13M->3M(256M) 1.780ms
[2025-03-05T02:27:29.809+0300][49.901s][info ][gc] GC(1112) Pause Young (Normal) (G1 Evacuation Pause) 13M->3M(256M) 1.060ms
[2025-03-05T02:27:29.854+0300][49.946s][info ][gc] GC(1113) Pause Young (Normal) (G1 Evacuation Pause) 14M->3M(256M) 1.616ms
[2025-03-05T02:27:29.893+0300][49.986s][info ][gc] GC(1114) Pause Young (Normal) (G1 Evacuation Pause) 13M->3M(256M) 1.024ms
[2025-03-05T02:27:29.938+0300][50.030s][info ][gc] GC(1115) Pause Young (Normal) (G1 Evacuation Pause) 14M->3M(256M) 1.504ms
[2025-03-05T02:27:29.978+0300][50.070s][info ][gc] GC(1116) Pause Young (Normal) (G1 Evacuation Pause) 13M->3M(256M) 0.898ms
[2025-03-05T02:27:30.025+0300][50.118s][info ][gc] GC(1117) Pause Young (Normal) (G1 Evacuation Pause) 14M->3M(256M) 1.725ms
[2025-03-05T02:27:30.069+0300][50.161s][info ][gc] GC(1118) Pause Young (Normal) (G1 Evacuation Pause) 13M->3M(256M) 1.034ms
[2025-03-05T02:27:30.116+0300][50.208s][info ][gc] GC(1119) Pause Young (Normal) (G1 Evacuation Pause) 14M->3M(256M) 1.610ms
[2025-03-05T02:27:30.156+0300][50.248s][info ][gc] GC(1120) Pause Young (Normal) (G1 Evacuation Pause) 13M->3M(256M) 0.909ms
[2025-03-05T02:27:30.201+0300][50.293s][info ][gc] GC(1121) Pause Young (Normal) (G1 Evacuation Pause) 14M->3M(256M) 1.853ms
[2025-03-05T02:27:30.242+0300][50.334s][info ][gc] GC(1122) Pause Young (Normal) (G1 Evacuation Pause) 13M->3M(256M) 1.111ms
[2025-03-05T02:27:30.288+0300][50.380s][info ][gc] GC(1123) Pause Young (Normal) (G1 Evacuation Pause) 14M->4M(256M) 1.519ms
[2025-03-05T02:27:30.328+0300][50.420s][info ][gc] GC(1124) Pause Young (Normal) (G1 Evacuation Pause) 14M->3M(256M) 0.820ms
[2025-03-05T02:27:30.379+0300][50.471s][info ][gc] GC(1125) Pause Young (Normal) (G1 Evacuation Pause) 14M->4M(256M) 1.716ms
[2025-03-05T02:27:30.423+0300][50.515s][info ][gc] GC(1126) Pause Young (Normal) (G1 Evacuation Pause) 14M->3M(256M) 0.815ms
[2025-03-05T02:27:30.478+0300][50.570s][info ][gc] GC(1127) Pause Young (Normal) (G1 Evacuation Pause) 14M->4M(256M) 2.000ms
[2025-03-05T02:27:30.523+0300][50.615s][info ][gc] GC(1128) Pause Young (Normal) (G1 Evacuation Pause) 14M->3M(256M) 1.104ms
[2025-03-05T02:27:30.569+0300][50.662s][info ][gc] GC(1129) Pause Young (Normal) (G1 Evacuation Pause) 14M->4M(256M) 1.490ms
[2025-03-05T02:27:30.611+0300][50.703s][info ][gc] GC(1130) Pause Young (Normal) (G1 Evacuation Pause) 14M->3M(256M) 1.126ms
[2025-03-05T02:27:30.661+0300][50.752s][info ][gc] GC(1131) Pause Young (Normal) (G1 Evacuation Pause) 14M->4M(256M) 1.710ms
[2025-03-05T02:27:30.706+0300][50.798s][info ][gc] GC(1132) Pause Young (Normal) (G1 Evacuation Pause) 14M->3M(256M) 0.935ms
[2025-03-05T02:27:30.756+0300][50.848s][info ][gc] GC(1133) Pause Young (Normal) (G1 Evacuation Pause) 14M->4M(256M) 1.674ms
[2025-03-05T02:27:30.801+0300][50.893s][info ][gc] GC(1134) Pause Young (Normal) (G1 Evacuation Pause) 14M->3M(256M) 1.083ms
[2025-03-05T02:27:30.850+0300][50.943s][info ][gc] GC(1135) Pause Young (Normal) (G1 Evacuation Pause) 14M->4M(256M) 1.848ms
[2025-03-05T02:27:30.893+0300][50.986s][info ][gc] GC(1136) Pause Young (Normal) (G1 Evacuation Pause) 14M->3M(256M) 0.956ms
[2025-03-05T02:27:30.941+0300][51.034s][info ][gc] GC(1137) Pause Young (Normal) (G1 Evacuation Pause) 14M->4M(256M) 1.765ms
[2025-03-05T02:27:30.985+0300][51.077s][info ][gc] GC(1138) Pause Young (Normal) (G1 Evacuation Pause) 14M->3M(256M) 1.344ms
[2025-03-05T02:27:31.029+0300][51.122s][info ][gc] GC(1139) Pause Young (Normal) (G1 Evacuation Pause) 14M->4M(256M) 1.530ms
[2025-03-05T02:27:31.074+0300][51.165s][info ][gc] GC(1140) Pause Young (Normal) (G1 Evacuation Pause) 14M->3M(256M) 1.230ms
[2025-03-05T02:27:31.121+0300][51.214s][info ][gc] GC(1141) Pause Young (Normal) (G1 Evacuation Pause) 14M->4M(256M) 1.836ms
[2025-03-05T02:27:31.163+0300][51.256s][info ][gc] GC(1142) Pause Young (Normal) (G1 Evacuation Pause) 14M->3M(256M) 1.621ms
[2025-03-05T02:27:31.213+0300][51.306s][info ][gc] GC(1143) Pause Young (Normal) (G1 Evacuation Pause) 14M->4M(256M) 1.957ms
[2025-03-05T02:27:31.260+0300][51.353s][info ][gc] GC(1144) Pause Young (Normal) (G1 Evacuation Pause) 14M->3M(256M) 1.495ms
[2025-03-05T02:27:31.310+0300][51.402s][info ][gc] GC(1145) Pause Young (Normal) (G1 Evacuation Pause) 14M->4M(256M) 2.066ms
[2025-03-05T02:27:31.357+0300][51.448s][info ][gc] GC(1146) Pause Young (Normal) (G1 Evacuation Pause) 14M->3M(256M) 1.074ms
[2025-03-05T02:27:31.408+0300][51.500s][info ][gc] GC(1147) Pause Young (Normal) (G1 Evacuation Pause) 14M->4M(256M) 2.178ms
[2025-03-05T02:27:31.450+0300][51.543s][info ][gc] GC(1148) Pause Young (Normal) (G1 Evacuation Pause) 14M->3M(256M) 1.344ms
[2025-03-05T02:27:31.496+0300][51.588s][info ][gc] GC(1149) Pause Young (Normal) (G1 Evacuation Pause) 14M->4M(256M) 1.801ms
[2025-03-05T02:27:31.536+0300][51.629s][info ][gc] GC(1150) Pause Young (Normal) (G1 Evacuation Pause) 14M->3M(256M) 1.350ms
[2025-03-05T02:27:31.582+0300][51.675s][info ][gc] GC(1151) Pause Young (Normal) (G1 Evacuation Pause) 14M->4M(256M) 1.984ms
[2025-03-05T02:27:31.624+0300][51.716s][info ][gc] GC(1152) Pause Young (Normal) (G1 Evacuation Pause) 14M->3M(256M) 1.581ms
[2025-03-05T02:27:31.672+0300][51.764s][info ][gc] GC(1153) Pause Young (Normal) (G1 Evacuation Pause) 14M->2M(256M) 0.489ms
[2025-03-05T02:27:31.719+0300][51.810s][info ][gc] GC(1154) Pause Young (Normal) (G1 Evacuation Pause) 13M->3M(256M) 1.273ms
[2025-03-05T02:27:31.764+0300][51.855s][info ][gc] GC(1155) Pause Young (Normal) (G1 Evacuation Pause) 14M->2M(256M) 0.934ms
[2025-03-05T02:27:31.810+0300][51.902s][info ][gc] GC(1156) Pause Young (Normal) (G1 Evacuation Pause) 13M->3M(256M) 1.574ms
[2025-03-05T02:27:31.857+0300][51.949s][info ][gc] GC(1157) Pause Young (Normal) (G1 Evacuation Pause) 14M->2M(256M) 0.638ms
[2025-03-05T02:27:31.907+0300][51.999s][info ][gc] GC(1158) Pause Young (Normal) (G1 Evacuation Pause) 13M->3M(256M) 1.348ms
[2025-03-05T02:27:31.952+0300][52.044s][info ][gc] GC(1159) Pause Young (Normal) (G1 Evacuation Pause) 13M->2M(256M) 0.861ms
[2025-03-05T02:27:32.002+0300][52.094s][info ][gc] GC(1160) Pause Young (Normal) (G1 Evacuation Pause) 13M->3M(256M) 1.559ms
[2025-03-05T02:27:32.045+0300][52.137s][info ][gc] GC(1161) Pause Young (Normal) (G1 Evacuation Pause) 13M->3M(256M) 0.798ms
[2025-03-05T02:27:32.092+0300][52.184s][info ][gc] GC(1162) Pause Young (Normal) (G1 Evacuation Pause) 14M->3M(256M) 1.433ms
[2025-03-05T02:27:32.136+0300][52.228s][info ][gc] GC(1163) Pause Young (Normal) (G1 Evacuation Pause) 13M->3M(256M) 1.195ms
[2025-03-05T02:27:32.183+0300][52.276s][info ][gc] GC(1164) Pause Young (Normal) (G1 Evacuation Pause) 14M->3M(256M) 1.672ms
[2025-03-05T02:27:32.226+0300][52.318s][info ][gc] GC(1165) Pause Young (Normal) (G1 Evacuation Pause) 13M->3M(256M) 0.879ms
[2025-03-05T02:27:32.272+0300][52.364s][info ][gc] GC(1166) Pause Young (Normal) (G1 Evacuation Pause) 14M->3M(256M) 1.609ms
[2025-03-05T02:27:32.312+0300][52.404s][info ][gc] GC(1167) Pause Young (Normal) (G1 Evacuation Pause) 13M->3M(256M) 0.857ms
[2025-03-05T02:27:32.359+0300][52.451s][info ][gc] GC(1168) Pause Young (Normal) (G1 Evacuation Pause) 14M->3M(256M) 1.732ms
[2025-03-05T02:27:32.400+0300][52.493s][info ][gc] GC(1169) Pause Young (Normal) (G1 Evacuation Pause) 13M->3M(256M) 1.915ms
[2025-03-05T02:27:32.458+0300][52.550s][info ][gc] GC(1170) Pause Young (Normal) (G1 Evacuation Pause) 14M->3M(256M) 1.717ms
[2025-03-05T02:27:32.506+0300][52.598s][info ][gc] GC(1171) Pause Young (Normal) (G1 Evacuation Pause) 13M->3M(256M) 2.470ms
[2025-03-05T02:27:32.570+0300][52.662s][info ][gc] GC(1172) Pause Young (Normal) (G1 Evacuation Pause) 14M->3M(256M) 1.610ms
[2025-03-05T02:27:32.612+0300][52.705s][info ][gc] GC(1173) Pause Young (Normal) (G1 Evacuation Pause) 13M->3M(256M) 0.919ms
[2025-03-05T02:27:32.659+0300][52.752s][info ][gc] GC(1174) Pause Young (Normal) (G1 Evacuation Pause) 14M->3M(256M) 1.587ms
[2025-03-05T02:27:32.704+0300][52.795s][info ][gc] GC(1175) Pause Young (Normal) (G1 Evacuation Pause) 13M->3M(256M) 1.110ms
[2025-03-05T02:27:32.753+0300][52.846s][info ][gc] GC(1176) Pause Young (Normal) (G1 Evacuation Pause) 14M->4M(256M) 2.288ms
[2025-03-05T02:27:32.797+0300][52.889s][info ][gc] GC(1177) Pause Young (Normal) (G1 Evacuation Pause) 14M->3M(256M) 0.997ms
[2025-03-05T02:27:32.846+0300][52.938s][info ][gc] GC(1178) Pause Young (Normal) (G1 Evacuation Pause) 14M->4M(256M) 1.670ms
[2025-03-05T02:27:32.889+0300][52.981s][info ][gc] GC(1179) Pause Young (Normal) (G1 Evacuation Pause) 14M->3M(256M) 1.162ms
[2025-03-05T02:27:32.934+0300][53.026s][info ][gc] GC(1180) Pause Young (Normal) (G1 Evacuation Pause) 14M->4M(256M) 2.032ms
[2025-03-05T02:27:32.973+0300][53.066s][info ][gc] GC(1181) Pause Young (Normal) (G1 Evacuation Pause) 14M->3M(256M) 1.292ms
[2025-03-05T02:27:33.024+0300][53.115s][info ][gc] GC(1182) Pause Young (Normal) (G1 Evacuation Pause) 14M->4M(256M) 2.028ms
[2025-03-05T02:27:33.073+0300][53.164s][info ][gc] GC(1183) Pause Young (Normal) (G1 Evacuation Pause) 14M->3M(256M) 1.221ms
[2025-03-05T02:27:33.117+0300][53.209s][info ][gc] GC(1184) Pause Young (Normal) (G1 Evacuation Pause) 14M->4M(256M) 1.709ms
[2025-03-05T02:27:33.157+0300][53.250s][info ][gc] GC(1185) Pause Young (Normal) (G1 Evacuation Pause) 14M->3M(256M) 1.160ms
[2025-03-05T02:27:33.202+0300][53.294s][info ][gc] GC(1186) Pause Young (Normal) (G1 Evacuation Pause) 14M->4M(256M) 1.691ms
[2025-03-05T02:27:33.244+0300][53.336s][info ][gc] GC(1187) Pause Young (Normal) (G1 Evacuation Pause) 14M->3M(256M) 1.458ms
[2025-03-05T02:27:33.289+0300][53.381s][info ][gc] GC(1188) Pause Young (Normal) (G1 Evacuation Pause) 14M->4M(256M) 1.659ms
[2025-03-05T02:27:33.330+0300][53.422s][info ][gc] GC(1189) Pause Young (Normal) (G1 Evacuation Pause) 14M->3M(256M) 1.340ms
[2025-03-05T02:27:33.375+0300][53.467s][info ][gc] GC(1190) Pause Young (Normal) (G1 Evacuation Pause) 14M->4M(256M) 1.868ms
[2025-03-05T02:27:33.415+0300][53.507s][info ][gc] GC(1191) Pause Young (Normal) (G1 Evacuation Pause) 14M->3M(256M) 1.180ms
[2025-03-05T02:27:33.461+0300][53.553s][info ][gc] GC(1192) Pause Young (Normal) (G1 Evacuation Pause) 14M->4M(256M) 1.814ms
[2025-03-05T02:27:33.501+0300][53.594s][info ][gc] GC(1193) Pause Young (Normal) (G1 Evacuation Pause) 14M->3M(256M) 1.263ms
[2025-03-05T02:27:33.548+0300][53.639s][info ][gc] GC(1194) Pause Young (Normal) (G1 Evacuation Pause) 14M->4M(256M) 1.934ms
[2025-03-05T02:27:33.587+0300][53.679s][info ][gc] GC(1195) Pause Young (Normal) (G1 Evacuation Pause) 14M->3M(256M) 1.073ms
[2025-03-05T02:27:33.632+0300][53.724s][info ][gc] GC(1196) Pause Young (Normal) (G1 Evacuation Pause) 14M->4M(256M) 2.087ms
[2025-03-05T02:27:33.673+0300][53.766s][info ][gc] GC(1197) Pause Young (Normal) (G1 Evacuation Pause) 14M->3M(256M) 1.424ms
[2025-03-05T02:27:33.721+0300][53.812s][info ][gc] GC(1198) Pause Young (Normal) (G1 Evacuation Pause) 14M->4M(256M) 1.846ms
[2025-03-05T02:27:33.761+0300][53.853s][info ][gc] GC(1199) Pause Young (Normal) (G1 Evacuation Pause) 14M->3M(256M) 1.411ms
[2025-03-05T02:27:33.806+0300][53.899s][info ][gc] GC(1200) Pause Young (Normal) (G1 Evacuation Pause) 14M->4M(256M) 2.011ms
[2025-03-05T02:27:33.848+0300][53.940s][info ][gc] GC(1201) Pause Young (Normal) (G1 Evacuation Pause) 14M->3M(256M) 1.504ms
[2025-03-05T02:27:33.892+0300][53.984s][info ][gc] GC(1202) Pause Young (Normal) (G1 Evacuation Pause) 14M->2M(256M) 0.690ms
[2025-03-05T02:27:33.938+0300][54.030s][info ][gc] GC(1203) Pause Young (Normal) (G1 Evacuation Pause) 13M->3M(256M) 1.595ms
[2025-03-05T02:27:33.982+0300][54.074s][info ][gc] GC(1204) Pause Young (Normal) (G1 Evacuation Pause) 14M->2M(256M) 0.899ms
[2025-03-05T02:27:34.028+0300][54.119s][info ][gc] GC(1205) Pause Young (Normal) (G1 Evacuation Pause) 13M->3M(256M) 1.376ms
[2025-03-05T02:27:34.071+0300][54.163s][info ][gc] GC(1206) Pause Young (Normal) (G1 Evacuation Pause) 14M->2M(256M) 0.863ms
[2025-03-05T02:27:34.116+0300][54.208s][info ][gc] GC(1207) Pause Young (Normal) (G1 Evacuation Pause) 13M->3M(256M) 1.466ms
[2025-03-05T02:27:34.157+0300][54.249s][info ][gc] GC(1208) Pause Young (Normal) (G1 Evacuation Pause) 13M->2M(256M) 1.008ms
[2025-03-05T02:27:34.201+0300][54.293s][info ][gc] GC(1209) Pause Young (Normal) (G1 Evacuation Pause) 13M->3M(256M) 1.617ms
[2025-03-05T02:27:34.243+0300][54.335s][info ][gc] GC(1210) Pause Young (Normal) (G1 Evacuation Pause) 13M->3M(256M) 0.905ms
[2025-03-05T02:27:34.287+0300][54.379s][info ][gc] GC(1211) Pause Young (Normal) (G1 Evacuation Pause) 14M->3M(256M) 1.445ms
[2025-03-05T02:27:34.327+0300][54.419s][info ][gc] GC(1212) Pause Young (Normal) (G1 Evacuation Pause) 13M->3M(256M) 0.863ms
[2025-03-05T02:27:34.372+0300][54.464s][info ][gc] GC(1213) Pause Young (Normal) (G1 Evacuation Pause) 14M->3M(256M) 1.581ms
[2025-03-05T02:27:34.413+0300][54.505s][info ][gc] GC(1214) Pause Young (Normal) (G1 Evacuation Pause) 13M->3M(256M) 0.943ms
[2025-03-05T02:27:34.458+0300][54.551s][info ][gc] GC(1215) Pause Young (Normal) (G1 Evacuation Pause) 14M->3M(256M) 1.909ms
[2025-03-05T02:27:34.498+0300][54.590s][info ][gc] GC(1216) Pause Young (Normal) (G1 Evacuation Pause) 13M->3M(256M) 0.801ms
[2025-03-05T02:27:34.543+0300][54.635s][info ][gc] GC(1217) Pause Young (Normal) (G1 Evacuation Pause) 14M->3M(256M) 1.786ms
[2025-03-05T02:27:34.585+0300][54.678s][info ][gc] GC(1218) Pause Young (Normal) (G1 Evacuation Pause) 13M->3M(256M) 0.906ms
[2025-03-05T02:27:34.631+0300][54.723s][info ][gc] GC(1219) Pause Young (Normal) (G1 Evacuation Pause) 14M->3M(256M) 1.819ms
[2025-03-05T02:27:34.672+0300][54.765s][info ][gc] GC(1220) Pause Young (Normal) (G1 Evacuation Pause) 13M->3M(256M) 1.208ms
[2025-03-05T02:27:34.717+0300][54.810s][info ][gc] GC(1221) Pause Young (Normal) (G1 Evacuation Pause) 14M->4M(256M) 1.776ms
[2025-03-05T02:27:34.758+0300][54.850s][info ][gc] GC(1222) Pause Young (Normal) (G1 Evacuation Pause) 14M->3M(256M) 0.879ms
[2025-03-05T02:27:34.803+0300][54.894s][info ][gc] GC(1223) Pause Young (Normal) (G1 Evacuation Pause) 14M->3M(256M) 1.719ms
[2025-03-05T02:27:34.844+0300][54.936s][info ][gc] GC(1224) Pause Young (Normal) (G1 Evacuation Pause) 13M->3M(256M) 1.266ms
[2025-03-05T02:27:34.889+0300][54.981s][info ][gc] GC(1225) Pause Young (Normal) (G1 Evacuation Pause) 14M->4M(256M) 1.502ms
[2025-03-05T02:27:34.933+0300][55.025s][info ][gc] GC(1226) Pause Young (Normal) (G1 Evacuation Pause) 14M->3M(256M) 1.116ms
[2025-03-05T02:27:34.978+0300][55.070s][info ][gc] GC(1227) Pause Young (Normal) (G1 Evacuation Pause) 14M->4M(256M) 1.681ms
[2025-03-05T02:27:35.019+0300][55.112s][info ][gc] GC(1228) Pause Young (Normal) (G1 Evacuation Pause) 14M->3M(256M) 1.163ms
[2025-03-05T02:27:35.065+0300][55.157s][info ][gc] GC(1229) Pause Young (Normal) (G1 Evacuation Pause) 14M->4M(256M) 1.887ms
[2025-03-05T02:27:35.105+0300][55.197s][info ][gc] GC(1230) Pause Young (Normal) (G1 Evacuation Pause) 14M->3M(256M) 1.139ms
[2025-03-05T02:27:35.161+0300][55.253s][info ][gc] GC(1231) Pause Young (Normal) (G1 Evacuation Pause) 14M->4M(256M) 1.896ms
[2025-03-05T02:27:35.208+0300][55.300s][info ][gc] GC(1232) Pause Young (Normal) (G1 Evacuation Pause) 14M->3M(256M) 1.365ms
[2025-03-05T02:27:35.257+0300][55.349s][info ][gc] GC(1233) Pause Young (Normal) (G1 Evacuation Pause) 14M->4M(256M) 1.914ms
[2025-03-05T02:27:35.299+0300][55.390s][info ][gc] GC(1234) Pause Young (Normal) (G1 Evacuation Pause) 14M->3M(256M) 1.121ms
[2025-03-05T02:27:35.343+0300][55.435s][info ][gc] GC(1235) Pause Young (Normal) (G1 Evacuation Pause) 14M->4M(256M) 1.854ms
[2025-03-05T02:27:35.384+0300][55.476s][info ][gc] GC(1236) Pause Young (Normal) (G1 Evacuation Pause) 14M->3M(256M) 1.037ms
[2025-03-05T02:27:35.430+0300][55.522s][info ][gc] GC(1237) Pause Young (Normal) (G1 Evacuation Pause) 14M->4M(256M) 1.947ms
[2025-03-05T02:27:35.471+0300][55.563s][info ][gc] GC(1238) Pause Young (Normal) (G1 Evacuation Pause) 14M->3M(256M) 1.372ms
[2025-03-05T02:27:35.515+0300][55.608s][info ][gc] GC(1239) Pause Young (Normal) (G1 Evacuation Pause) 14M->4M(256M) 1.713ms
[2025-03-05T02:27:35.556+0300][55.649s][info ][gc] GC(1240) Pause Young (Normal) (G1 Evacuation Pause) 14M->3M(256M) 1.099ms
[2025-03-05T02:27:35.601+0300][55.694s][info ][gc] GC(1241) Pause Young (Normal) (G1 Evacuation Pause) 14M->4M(256M) 2.024ms
[2025-03-05T02:27:35.642+0300][55.734s][info ][gc] GC(1242) Pause Young (Normal) (G1 Evacuation Pause) 14M->3M(256M) 1.349ms
[2025-03-05T02:27:35.689+0300][55.781s][info ][gc] GC(1243) Pause Young (Normal) (G1 Evacuation Pause) 14M->4M(256M) 1.916ms
[2025-03-05T02:27:35.730+0300][55.822s][info ][gc] GC(1244) Pause Young (Normal) (G1 Evacuation Pause) 14M->3M(256M) 1.354ms
[2025-03-05T02:27:35.774+0300][55.867s][info ][gc] GC(1245) Pause Young (Normal) (G1 Evacuation Pause) 14M->4M(256M) 1.954ms
[2025-03-05T02:27:35.815+0300][55.907s][info ][gc] GC(1246) Pause Young (Normal) (G1 Evacuation Pause) 14M->3M(256M) 1.127ms
[2025-03-05T02:27:35.860+0300][55.952s][info ][gc] GC(1247) Pause Young (Normal) (G1 Evacuation Pause) 14M->4M(256M) 1.746ms
[2025-03-05T02:27:35.902+0300][55.994s][info ][gc] GC(1248) Pause Young (Normal) (G1 Evacuation Pause) 14M->3M(256M) 1.617ms
[2025-03-05T02:27:35.952+0300][56.044s][info ][gc] GC(1249) Pause Young (Normal) (G1 Evacuation Pause) 14M->4M(256M) 1.719ms
[2025-03-05T02:27:35.999+0300][56.092s][info ][gc] GC(1250) Pause Young (Normal) (G1 Evacuation Pause) 14M->3M(256M) 1.390ms
[2025-03-05T02:27:36.049+0300][56.141s][info ][gc] GC(1251) Pause Young (Normal) (G1 Evacuation Pause) 14M->4M(256M) 1.830ms
[2025-03-05T02:27:36.089+0300][56.181s][info ][gc] GC(1252) Pause Young (Normal) (G1 Evacuation Pause) 14M->3M(256M) 1.403ms
[2025-03-05T02:27:36.134+0300][56.226s][info ][gc] GC(1253) Pause Young (Normal) (G1 Evacuation Pause) 14M->2M(256M) 0.451ms
[2025-03-05T02:27:36.180+0300][56.272s][info ][gc] GC(1254) Pause Young (Normal) (G1 Evacuation Pause) 13M->3M(256M) 1.696ms
[2025-03-05T02:27:36.227+0300][56.319s][info ][gc] GC(1255) Pause Young (Normal) (G1 Evacuation Pause) 14M->2M(256M) 0.838ms
[2025-03-05T02:27:36.282+0300][56.374s][info ][gc] GC(1256) Pause Young (Normal) (G1 Evacuation Pause) 13M->3M(256M) 1.589ms
[2025-03-05T02:27:36.343+0300][56.435s][info ][gc] GC(1257) Pause Young (Normal) (G1 Evacuation Pause) 14M->2M(256M) 0.730ms
[2025-03-05T02:27:36.406+0300][56.498s][info ][gc] GC(1258) Pause Young (Normal) (G1 Evacuation Pause) 13M->3M(256M) 1.561ms
[2025-03-05T02:27:36.465+0300][56.556s][info ][gc] GC(1259) Pause Young (Normal) (G1 Evacuation Pause) 13M->3M(256M) 0.667ms
[2025-03-05T02:27:36.512+0300][56.605s][info ][gc] GC(1260) Pause Young (Normal) (G1 Evacuation Pause) 14M->3M(256M) 1.248ms
[2025-03-05T02:27:36.557+0300][56.649s][info ][gc] GC(1261) Pause Young (Normal) (G1 Evacuation Pause) 13M->3M(256M) 0.984ms
[2025-03-05T02:27:36.608+0300][56.700s][info ][gc] GC(1262) Pause Young (Normal) (G1 Evacuation Pause) 14M->3M(256M) 1.711ms
[2025-03-05T02:27:36.651+0300][56.743s][info ][gc] GC(1263) Pause Young (Normal) (G1 Evacuation Pause) 13M->3M(256M) 1.230ms
[2025-03-05T02:27:36.700+0300][56.792s][info ][gc] GC(1264) Pause Young (Normal) (G1 Evacuation Pause) 14M->3M(256M) 1.788ms
[2025-03-05T02:27:36.750+0300][56.841s][info ][gc] GC(1265) Pause Young (Normal) (G1 Evacuation Pause) 13M->3M(256M) 1.037ms
[2025-03-05T02:27:36.796+0300][56.888s][info ][gc] GC(1266) Pause Young (Normal) (G1 Evacuation Pause) 14M->3M(256M) 1.888ms
[2025-03-05T02:27:36.837+0300][56.929s][info ][gc] GC(1267) Pause Young (Normal) (G1 Evacuation Pause) 13M->3M(256M) 0.809ms
[2025-03-05T02:27:36.885+0300][56.978s][info ][gc] GC(1268) Pause Young (Normal) (G1 Evacuation Pause) 14M->3M(256M) 1.713ms
[2025-03-05T02:27:36.930+0300][57.022s][info ][gc] GC(1269) Pause Young (Normal) (G1 Evacuation Pause) 13M->3M(256M) 1.051ms
[2025-03-05T02:27:36.975+0300][57.067s][info ][gc] GC(1270) Pause Young (Normal) (G1 Evacuation Pause) 14M->3M(256M) 1.597ms
[2025-03-05T02:27:37.034+0300][57.126s][info ][gc] GC(1271) Pause Young (Normal) (G1 Evacuation Pause) 13M->3M(256M) 1.305ms
[2025-03-05T02:27:37.131+0300][57.223s][info ][gc] GC(1272) Pause Young (Normal) (G1 Evacuation Pause) 14M->3M(256M) 1.567ms
[2025-03-05T02:27:37.179+0300][57.270s][info ][gc] GC(1273) Pause Young (Normal) (G1 Evacuation Pause) 13M->3M(256M) 0.961ms
[2025-03-05T02:27:37.229+0300][57.321s][info ][gc] GC(1274) Pause Young (Normal) (G1 Evacuation Pause) 14M->4M(256M) 1.618ms
[2025-03-05T02:27:37.272+0300][57.364s][info ][gc] GC(1275) Pause Young (Normal) (G1 Evacuation Pause) 14M->3M(256M) 1.262ms
[2025-03-05T02:27:37.322+0300][57.414s][info ][gc] GC(1276) Pause Young (Normal) (G1 Evacuation Pause) 14M->4M(256M) 1.723ms
[2025-03-05T02:27:37.365+0300][57.457s][info ][gc] GC(1277) Pause Young (Normal) (G1 Evacuation Pause) 14M->3M(256M) 0.977ms
[2025-03-05T02:27:37.428+0300][57.519s][info ][gc] GC(1278) Pause Young (Normal) (G1 Evacuation Pause) 14M->4M(256M) 1.719ms
[2025-03-05T02:27:37.471+0300][57.564s][info ][gc] GC(1279) Pause Young (Normal) (G1 Evacuation Pause) 14M->3M(256M) 1.064ms
[2025-03-05T02:27:37.517+0300][57.609s][info ][gc] GC(1280) Pause Young (Normal) (G1 Evacuation Pause) 14M->4M(256M) 1.492ms
[2025-03-05T02:27:37.558+0300][57.650s][info ][gc] GC(1281) Pause Young (Normal) (G1 Evacuation Pause) 14M->3M(256M) 1.106ms
[2025-03-05T02:27:37.603+0300][57.695s][info ][gc] GC(1282) Pause Young (Normal) (G1 Evacuation Pause) 14M->4M(256M) 1.635ms
[2025-03-05T02:27:37.644+0300][57.736s][info ][gc] GC(1283) Pause Young (Normal) (G1 Evacuation Pause) 14M->3M(256M) 1.200ms
[2025-03-05T02:27:37.689+0300][57.781s][info ][gc] GC(1284) Pause Young (Normal) (G1 Evacuation Pause) 14M->4M(256M) 1.874ms
[2025-03-05T02:27:37.738+0300][57.830s][info ][gc] GC(1285) Pause Young (Normal) (G1 Evacuation Pause) 14M->3M(256M) 1.082ms
[2025-03-05T02:27:37.792+0300][57.884s][info ][gc] GC(1286) Pause Young (Normal) (G1 Evacuation Pause) 14M->4M(256M) 2.136ms
[2025-03-05T02:27:37.841+0300][57.933s][info ][gc] GC(1287) Pause Young (Normal) (G1 Evacuation Pause) 14M->3M(256M) 1.204ms
[2025-03-05T02:27:37.891+0300][57.983s][info ][gc] GC(1288) Pause Young (Normal) (G1 Evacuation Pause) 14M->4M(256M) 1.652ms
[2025-03-05T02:27:37.933+0300][58.025s][info ][gc] GC(1289) Pause Young (Normal) (G1 Evacuation Pause) 14M->3M(256M) 1.425ms
[2025-03-05T02:27:37.982+0300][58.075s][info ][gc] GC(1290) Pause Young (Normal) (G1 Evacuation Pause) 14M->4M(256M) 2.151ms
[2025-03-05T02:27:38.026+0300][58.119s][info ][gc] GC(1291) Pause Young (Normal) (G1 Evacuation Pause) 14M->3M(256M) 1.185ms
[2025-03-05T02:27:38.077+0300][58.170s][info ][gc] GC(1292) Pause Young (Normal) (G1 Evacuation Pause) 14M->4M(256M) 2.167ms
[2025-03-05T02:27:38.121+0300][58.213s][info ][gc] GC(1293) Pause Young (Normal) (G1 Evacuation Pause) 14M->3M(256M) 1.222ms
[2025-03-05T02:27:38.169+0300][58.261s][info ][gc] GC(1294) Pause Young (Normal) (G1 Evacuation Pause) 14M->4M(256M) 1.850ms
[2025-03-05T02:27:38.210+0300][58.302s][info ][gc] GC(1295) Pause Young (Normal) (G1 Evacuation Pause) 14M->3M(256M) 1.598ms
[2025-03-05T02:27:38.258+0300][58.350s][info ][gc] GC(1296) Pause Young (Normal) (G1 Evacuation Pause) 14M->4M(256M) 2.039ms
[2025-03-05T02:27:38.298+0300][58.391s][info ][gc] GC(1297) Pause Young (Normal) (G1 Evacuation Pause) 14M->3M(256M) 1.430ms
[2025-03-05T02:27:38.344+0300][58.436s][info ][gc] GC(1298) Pause Young (Normal) (G1 Evacuation Pause) 14M->4M(256M) 2.187ms
[2025-03-05T02:27:38.385+0300][58.477s][info ][gc] GC(1299) Pause Young (Normal) (G1 Evacuation Pause) 14M->3M(256M) 1.352ms
[2025-03-05T02:27:38.429+0300][58.522s][info ][gc] GC(1300) Pause Young (Normal) (G1 Evacuation Pause) 14M->4M(256M) 2.117ms
[2025-03-05T02:27:38.476+0300][58.568s][info ][gc] GC(1301) Pause Young (Normal) (G1 Evacuation Pause) 14M->3M(256M) 1.555ms
[2025-03-05T02:27:38.560+0300][58.652s][info ][gc] GC(1302) Pause Young (Normal) (G1 Evacuation Pause) 14M->2M(256M) 0.704ms
[2025-03-05T02:27:38.611+0300][58.704s][info ][gc] GC(1303) Pause Young (Normal) (G1 Evacuation Pause) 13M->3M(256M) 1.611ms
[2025-03-05T02:27:38.657+0300][58.749s][info ][gc] GC(1304) Pause Young (Normal) (G1 Evacuation Pause) 14M->2M(256M) 0.876ms
[2025-03-05T02:27:38.703+0300][58.795s][info ][gc] GC(1305) Pause Young (Normal) (G1 Evacuation Pause) 13M->3M(256M) 1.685ms
[2025-03-05T02:27:38.749+0300][58.842s][info ][gc] GC(1306) Pause Young (Normal) (G1 Evacuation Pause) 14M->2M(256M) 0.937ms
[2025-03-05T02:27:38.794+0300][58.886s][info ][gc] GC(1307) Pause Young (Normal) (G1 Evacuation Pause) 13M->3M(256M) 1.697ms
[2025-03-05T02:27:38.835+0300][58.926s][info ][gc] GC(1308) Pause Young (Normal) (G1 Evacuation Pause) 13M->3M(256M) 0.919ms
[2025-03-05T02:27:38.880+0300][58.972s][info ][gc] GC(1309) Pause Young (Normal) (G1 Evacuation Pause) 14M->3M(256M) 1.697ms
[2025-03-05T02:27:38.921+0300][59.013s][info ][gc] GC(1310) Pause Young (Normal) (G1 Evacuation Pause) 13M->3M(256M) 1.051ms
[2025-03-05T02:27:38.967+0300][59.059s][info ][gc] GC(1311) Pause Young (Normal) (G1 Evacuation Pause) 14M->3M(256M) 1.703ms
[2025-03-05T02:27:39.007+0300][59.099s][info ][gc] GC(1312) Pause Young (Normal) (G1 Evacuation Pause) 13M->3M(256M) 1.019ms
[2025-03-05T02:27:39.053+0300][59.144s][info ][gc] GC(1313) Pause Young (Normal) (G1 Evacuation Pause) 14M->3M(256M) 1.687ms
[2025-03-05T02:27:39.092+0300][59.184s][info ][gc] GC(1314) Pause Young (Normal) (G1 Evacuation Pause) 13M->3M(256M) 0.879ms
[2025-03-05T02:27:39.137+0300][59.229s][info ][gc] GC(1315) Pause Young (Normal) (G1 Evacuation Pause) 14M->3M(256M) 1.770ms
[2025-03-05T02:27:39.179+0300][59.271s][info ][gc] GC(1316) Pause Young (Normal) (G1 Evacuation Pause) 13M->3M(256M) 0.870ms
[2025-03-05T02:27:39.224+0300][59.316s][info ][gc] GC(1317) Pause Young (Normal) (G1 Evacuation Pause) 14M->3M(256M) 1.652ms
[2025-03-05T02:27:39.264+0300][59.356s][info ][gc] GC(1318) Pause Young (Normal) (G1 Evacuation Pause) 13M->3M(256M) 1.095ms
[2025-03-05T02:27:39.311+0300][59.403s][info ][gc] GC(1319) Pause Young (Normal) (G1 Evacuation Pause) 14M->3M(256M) 1.919ms
[2025-03-05T02:27:39.351+0300][59.443s][info ][gc] GC(1320) Pause Young (Normal) (G1 Evacuation Pause) 13M->3M(256M) 1.110ms
[2025-03-05T02:27:39.397+0300][59.488s][info ][gc] GC(1321) Pause Young (Normal) (G1 Evacuation Pause) 14M->3M(256M) 1.710ms
[2025-03-05T02:27:39.441+0300][59.533s][info ][gc] GC(1322) Pause Young (Normal) (G1 Evacuation Pause) 14M->3M(256M) 1.184ms
[2025-03-05T02:27:39.490+0300][59.582s][info ][gc] GC(1323) Pause Young (Normal) (G1 Evacuation Pause) 14M->4M(256M) 1.888ms
[2025-03-05T02:27:39.530+0300][59.622s][info ][gc] GC(1324) Pause Young (Normal) (G1 Evacuation Pause) 14M->3M(256M) 1.278ms
[2025-03-05T02:27:39.576+0300][59.668s][info ][gc] GC(1325) Pause Young (Normal) (G1 Evacuation Pause) 14M->4M(256M) 2.007ms
[2025-03-05T02:27:39.617+0300][59.709s][info ][gc] GC(1326) Pause Young (Normal) (G1 Evacuation Pause) 14M->3M(256M) 1.210ms
[2025-03-05T02:27:39.662+0300][59.754s][info ][gc] GC(1327) Pause Young (Normal) (G1 Evacuation Pause) 14M->4M(256M) 1.914ms
[2025-03-05T02:27:39.704+0300][59.796s][info ][gc] GC(1328) Pause Young (Normal) (G1 Evacuation Pause) 14M->3M(256M) 1.390ms
[2025-03-05T02:27:39.749+0300][59.842s][info ][gc] GC(1329) Pause Young (Normal) (G1 Evacuation Pause) 14M->4M(256M) 1.848ms
[2025-03-05T02:27:39.789+0300][59.882s][info ][gc] GC(1330) Pause Young (Normal) (G1 Evacuation Pause) 14M->3M(256M) 1.161ms
[2025-03-05T02:27:39.835+0300][59.927s][info ][gc] GC(1331) Pause Young (Normal) (G1 Evacuation Pause) 14M->4M(256M) 1.918ms
[2025-03-05T02:27:39.876+0300][59.968s][info ][gc] GC(1332) Pause Young (Normal) (G1 Evacuation Pause) 14M->3M(256M) 1.281ms
[2025-03-05T02:27:39.921+0300][60.014s][info ][gc] GC(1333) Pause Young (Normal) (G1 Evacuation Pause) 14M->4M(256M) 1.940ms
[2025-03-05T02:27:39.963+0300][60.055s][info ][gc] GC(1334) Pause Young (Normal) (G1 Evacuation Pause) 14M->3M(256M) 1.353ms
[2025-03-05T02:27:40.008+0300][60.099s][info ][gc] GC(1335) Pause Young (Normal) (G1 Evacuation Pause) 14M->4M(256M) 1.685ms
[2025-03-05T02:27:40.049+0300][60.141s][info ][gc] GC(1336) Pause Young (Normal) (G1 Evacuation Pause) 14M->3M(256M) 1.480ms
[2025-03-05T02:27:40.093+0300][60.186s][info ][gc] GC(1337) Pause Young (Normal) (G1 Evacuation Pause) 14M->4M(256M) 1.884ms
[2025-03-05T02:27:40.135+0300][60.227s][info ][gc] GC(1338) Pause Young (Normal) (G1 Evacuation Pause) 14M->3M(256M) 1.424ms
[2025-03-05T02:27:40.179+0300][60.271s][info ][gc] GC(1339) Pause Young (Normal) (G1 Evacuation Pause) 14M->4M(256M) 1.757ms
[2025-03-05T02:27:40.221+0300][60.313s][info ][gc] GC(1340) Pause Young (Normal) (G1 Evacuation Pause) 14M->3M(256M) 1.300ms
[2025-03-05T02:27:40.266+0300][60.358s][info ][gc] GC(1341) Pause Young (Normal) (G1 Evacuation Pause) 14M->4M(256M) 2.057ms
[2025-03-05T02:27:40.306+0300][60.398s][info ][gc] GC(1342) Pause Young (Normal) (G1 Evacuation Pause) 14M->3M(256M) 1.402ms
[2025-03-05T02:27:40.353+0300][60.445s][info ][gc] GC(1343) Pause Young (Normal) (G1 Evacuation Pause) 14M->4M(256M) 1.980ms
[2025-03-05T02:27:40.394+0300][60.486s][info ][gc] GC(1344) Pause Young (Normal) (G1 Evacuation Pause) 14M->3M(256M) 1.457ms
[2025-03-05T02:27:40.438+0300][60.531s][info ][gc] GC(1345) Pause Young (Normal) (G1 Evacuation Pause) 14M->2M(256M) 0.580ms
[2025-03-05T02:27:40.483+0300][60.576s][info ][gc] GC(1346) Pause Young (Normal) (G1 Evacuation Pause) 13M->3M(256M) 1.460ms
[2025-03-05T02:27:40.540+0300][60.632s][info ][gc] GC(1347) Pause Young (Normal) (G1 Evacuation Pause) 14M->2M(256M) 0.849ms
[2025-03-05T02:27:40.585+0300][60.677s][info ][gc] GC(1348) Pause Young (Normal) (G1 Evacuation Pause) 13M->3M(256M) 1.458ms
[2025-03-05T02:27:40.630+0300][60.722s][info ][gc] GC(1349) Pause Young (Normal) (G1 Evacuation Pause) 14M->2M(256M) 1.023ms
[2025-03-05T02:27:40.673+0300][60.766s][info ][gc] GC(1350) Pause Young (Normal) (G1 Evacuation Pause) 13M->3M(256M) 1.547ms
[2025-03-05T02:27:40.714+0300][60.807s][info ][gc] GC(1351) Pause Young (Normal) (G1 Evacuation Pause) 13M->2M(256M) 0.871ms
[2025-03-05T02:27:40.764+0300][60.856s][info ][gc] GC(1352) Pause Young (Normal) (G1 Evacuation Pause) 13M->3M(256M) 1.905ms
[2025-03-05T02:27:40.804+0300][60.896s][info ][gc] GC(1353) Pause Young (Normal) (G1 Evacuation Pause) 13M->3M(256M) 0.805ms
[2025-03-05T02:27:40.849+0300][60.941s][info ][gc] GC(1354) Pause Young (Normal) (G1 Evacuation Pause) 14M->3M(256M) 1.642ms
[2025-03-05T02:27:40.889+0300][60.981s][info ][gc] GC(1355) Pause Young (Normal) (G1 Evacuation Pause) 13M->3M(256M) 0.871ms
[2025-03-05T02:27:40.933+0300][61.026s][info ][gc] GC(1356) Pause Young (Normal) (G1 Evacuation Pause) 14M->3M(256M) 1.788ms
[2025-03-05T02:27:40.978+0300][61.070s][info ][gc] GC(1357) Pause Young (Normal) (G1 Evacuation Pause) 13M->3M(256M) 0.825ms
[2025-03-05T02:27:41.026+0300][61.119s][info ][gc] GC(1358) Pause Young (Normal) (G1 Evacuation Pause) 14M->3M(256M) 1.352ms
[2025-03-05T02:27:41.069+0300][61.161s][info ][gc] GC(1359) Pause Young (Normal) (G1 Evacuation Pause) 13M->3M(256M) 0.709ms
[2025-03-05T02:27:41.117+0300][61.209s][info ][gc] GC(1360) Pause Young (Normal) (G1 Evacuation Pause) 14M->3M(256M) 1.980ms
[2025-03-05T02:27:41.160+0300][61.252s][info ][gc] GC(1361) Pause Young (Normal) (G1 Evacuation Pause) 13M->3M(256M) 0.792ms
[2025-03-05T02:27:41.209+0300][61.301s][info ][gc] GC(1362) Pause Young (Normal) (G1 Evacuation Pause) 14M->3M(256M) 1.657ms
[2025-03-05T02:27:41.253+0300][61.346s][info ][gc] GC(1363) Pause Young (Normal) (G1 Evacuation Pause) 13M->3M(256M) 1.109ms
[2025-03-05T02:27:41.301+0300][61.393s][info ][gc] GC(1364) Pause Young (Normal) (G1 Evacuation Pause) 14M->4M(256M) 1.427ms
[2025-03-05T02:27:41.344+0300][61.436s][info ][gc] GC(1365) Pause Young (Normal) (G1 Evacuation Pause) 14M->3M(256M) 1.004ms
[2025-03-05T02:27:41.390+0300][61.482s][info ][gc] GC(1366) Pause Young (Normal) (G1 Evacuation Pause) 14M->4M(256M) 1.534ms
[2025-03-05T02:27:41.435+0300][61.528s][info ][gc] GC(1367) Pause Young (Normal) (G1 Evacuation Pause) 14M->3M(256M) 0.926ms
[2025-03-05T02:27:41.487+0300][61.579s][info ][gc] GC(1368) Pause Young (Normal) (G1 Evacuation Pause) 14M->4M(256M) 1.742ms
[2025-03-05T02:27:41.534+0300][61.626s][info ][gc] GC(1369) Pause Young (Normal) (G1 Evacuation Pause) 14M->3M(256M) 1.287ms
[2025-03-05T02:27:41.586+0300][61.677s][info ][gc] GC(1370) Pause Young (Normal) (G1 Evacuation Pause) 14M->4M(256M) 1.914ms
[2025-03-05T02:27:41.633+0300][61.726s][info ][gc] GC(1371) Pause Young (Normal) (G1 Evacuation Pause) 14M->3M(256M) 1.043ms
[2025-03-05T02:27:41.683+0300][61.776s][info ][gc] GC(1372) Pause Young (Normal) (G1 Evacuation Pause) 14M->4M(256M) 2.033ms
[2025-03-05T02:27:41.733+0300][61.825s][info ][gc] GC(1373) Pause Young (Normal) (G1 Evacuation Pause) 14M->3M(256M) 1.297ms
[2025-03-05T02:27:41.786+0300][61.878s][info ][gc] GC(1374) Pause Young (Normal) (G1 Evacuation Pause) 14M->4M(256M) 1.909ms
[2025-03-05T02:27:41.836+0300][61.927s][info ][gc] GC(1375) Pause Young (Normal) (G1 Evacuation Pause) 14M->3M(256M) 1.300ms
[2025-03-05T02:27:41.900+0300][61.992s][info ][gc] GC(1376) Pause Young (Normal) (G1 Evacuation Pause) 14M->4M(256M) 1.743ms
[2025-03-05T02:27:41.941+0300][62.032s][info ][gc] GC(1377) Pause Young (Normal) (G1 Evacuation Pause) 14M->3M(256M) 1.116ms
[2025-03-05T02:27:41.986+0300][62.079s][info ][gc] GC(1378) Pause Young (Normal) (G1 Evacuation Pause) 14M->4M(256M) 1.869ms
[2025-03-05T02:27:42.031+0300][62.123s][info ][gc] GC(1379) Pause Young (Normal) (G1 Evacuation Pause) 14M->3M(256M) 1.228ms
[2025-03-05T02:27:42.084+0300][62.177s][info ][gc] GC(1380) Pause Young (Normal) (G1 Evacuation Pause) 14M->4M(256M) 2.256ms
[2025-03-05T02:27:42.144+0300][62.236s][info ][gc] GC(1381) Pause Young (Normal) (G1 Evacuation Pause) 14M->3M(256M) 1.418ms
[2025-03-05T02:27:42.192+0300][62.284s][info ][gc] GC(1382) Pause Young (Normal) (G1 Evacuation Pause) 14M->4M(256M) 1.648ms
[2025-03-05T02:27:42.246+0300][62.338s][info ][gc] GC(1383) Pause Young (Normal) (G1 Evacuation Pause) 14M->3M(256M) 1.226ms
[2025-03-05T02:27:42.295+0300][62.387s][info ][gc] GC(1384) Pause Young (Normal) (G1 Evacuation Pause) 14M->4M(256M) 2.354ms
[2025-03-05T02:27:42.341+0300][62.432s][info ][gc] GC(1385) Pause Young (Normal) (G1 Evacuation Pause) 14M->3M(256M) 1.365ms
[2025-03-05T02:27:42.387+0300][62.478s][info ][gc] GC(1386) Pause Young (Normal) (G1 Evacuation Pause) 14M->4M(256M) 1.835ms
[2025-03-05T02:27:42.428+0300][62.520s][info ][gc] GC(1387) Pause Young (Normal) (G1 Evacuation Pause) 14M->3M(256M) 1.267ms
[2025-03-05T02:27:42.477+0300][62.569s][info ][gc] GC(1388) Pause Young (Normal) (G1 Evacuation Pause) 14M->4M(256M) 2.216ms
[2025-03-05T02:27:42.521+0300][62.613s][info ][gc] GC(1389) Pause Young (Normal) (G1 Evacuation Pause) 14M->3M(256M) 1.557ms
[2025-03-05T02:27:42.573+0300][62.665s][info ][gc] GC(1390) Pause Young (Normal) (G1 Evacuation Pause) 14M->4M(256M) 2.389ms
[2025-03-05T02:27:42.618+0300][62.710s][info ][gc] GC(1391) Pause Young (Normal) (G1 Evacuation Pause) 14M->3M(256M) 1.330ms
[2025-03-05T02:27:42.664+0300][62.755s][info ][gc] GC(1392) Pause Young (Normal) (G1 Evacuation Pause) 14M->4M(256M) 1.847ms
[2025-03-05T02:27:42.704+0300][62.795s][info ][gc] GC(1393) Pause Young (Normal) (G1 Evacuation Pause) 14M->3M(256M) 1.254ms
[2025-03-05T02:27:42.758+0300][62.850s][info ][gc] GC(1394) Pause Young (Normal) (G1 Evacuation Pause) 14M->2M(256M) 0.540ms
[2025-03-05T02:27:42.804+0300][62.896s][info ][gc] GC(1395) Pause Young (Normal) (G1 Evacuation Pause) 13M->3M(256M) 1.266ms
[2025-03-05T02:27:42.854+0300][62.947s][info ][gc] GC(1396) Pause Young (Normal) (G1 Evacuation Pause) 14M->2M(256M) 0.617ms
[2025-03-05T02:27:43.010+0300][63.102s][info ][gc] GC(1397) Pause Young (Normal) (G1 Evacuation Pause) 13M->3M(256M) 2.076ms
[2025-03-05T02:27:43.119+0300][63.211s][info ][gc] GC(1398) Pause Young (Normal) (G1 Evacuation Pause) 14M->2M(256M) 1.012ms
[2025-03-05T02:27:43.184+0300][63.276s][info ][gc] GC(1399) Pause Young (Normal) (G1 Evacuation Pause) 13M->3M(256M) 1.868ms
[2025-03-05T02:27:43.232+0300][63.324s][info ][gc] GC(1400) Pause Young (Normal) (G1 Evacuation Pause) 13M->2M(256M) 1.050ms
[2025-03-05T02:27:43.292+0300][63.384s][info ][gc] GC(1401) Pause Young (Normal) (G1 Evacuation Pause) 13M->3M(256M) 1.679ms
[2025-03-05T02:27:43.355+0300][63.446s][info ][gc] GC(1402) Pause Young (Normal) (G1 Evacuation Pause) 13M->3M(256M) 0.812ms
[2025-03-05T02:27:43.473+0300][63.566s][info ][gc] GC(1403) Pause Young (Normal) (G1 Evacuation Pause) 14M->3M(256M) 2.031ms
[2025-03-05T02:27:43.533+0300][63.625s][info ][gc] GC(1404) Pause Young (Normal) (G1 Evacuation Pause) 13M->3M(256M) 0.751ms
[2025-03-05T02:27:43.587+0300][63.679s][info ][gc] GC(1405) Pause Young (Normal) (G1 Evacuation Pause) 14M->3M(256M) 1.431ms
[2025-03-05T02:27:43.644+0300][63.736s][info ][gc] GC(1406) Pause Young (Normal) (G1 Evacuation Pause) 13M->3M(256M) 1.553ms
[2025-03-05T02:27:43.733+0300][63.825s][info ][gc] GC(1407) Pause Young (Normal) (G1 Evacuation Pause) 14M->3M(256M) 1.920ms
[2025-03-05T02:27:43.795+0300][63.888s][info ][gc] GC(1408) Pause Young (Normal) (G1 Evacuation Pause) 13M->3M(256M) 0.645ms
[2025-03-05T02:27:43.849+0300][63.941s][info ][gc] GC(1409) Pause Young (Normal) (G1 Evacuation Pause) 14M->3M(256M) 1.630ms
[2025-03-05T02:27:43.898+0300][63.990s][info ][gc] GC(1410) Pause Young (Normal) (G1 Evacuation Pause) 13M->3M(256M) 0.849ms
[2025-03-05T02:27:43.946+0300][64.038s][info ][gc] GC(1411) Pause Young (Normal) (G1 Evacuation Pause) 14M->3M(256M) 1.701ms
[2025-03-05T02:27:43.992+0300][64.085s][info ][gc] GC(1412) Pause Young (Normal) (G1 Evacuation Pause) 13M->3M(256M) 1.066ms
[2025-03-05T02:27:44.038+0300][64.131s][info ][gc] GC(1413) Pause Young (Normal) (G1 Evacuation Pause) 14M->3M(256M) 1.368ms
[2025-03-05T02:27:44.081+0300][64.173s][info ][gc] GC(1414) Pause Young (Normal) (G1 Evacuation Pause) 13M->3M(256M) 0.839ms
[2025-03-05T02:27:44.128+0300][64.219s][info ][gc] GC(1415) Pause Young (Normal) (G1 Evacuation Pause) 14M->3M(256M) 1.814ms
[2025-03-05T02:27:44.169+0300][64.261s][info ][gc] GC(1416) Pause Young (Normal) (G1 Evacuation Pause) 13M->3M(256M) 1.209ms
[2025-03-05T02:27:44.227+0300][64.319s][info ][gc] GC(1417) Pause Young (Normal) (G1 Evacuation Pause) 14M->4M(256M) 1.982ms
[2025-03-05T02:27:44.275+0300][64.367s][info ][gc] GC(1418) Pause Young (Normal) (G1 Evacuation Pause) 14M->3M(256M) 1.246ms
[2025-03-05T02:27:44.328+0300][64.421s][info ][gc] GC(1419) Pause Young (Normal) (G1 Evacuation Pause) 14M->4M(256M) 1.614ms
[2025-03-05T02:27:44.383+0300][64.476s][info ][gc] GC(1420) Pause Young (Normal) (G1 Evacuation Pause) 14M->3M(256M) 1.367ms
[2025-03-05T02:27:44.449+0300][64.541s][info ][gc] GC(1421) Pause Young (Normal) (G1 Evacuation Pause) 14M->4M(256M) 1.777ms
[2025-03-05T02:27:44.506+0300][64.598s][info ][gc] GC(1422) Pause Young (Normal) (G1 Evacuation Pause) 14M->3M(256M) 0.794ms
[2025-03-05T02:27:44.552+0300][64.644s][info ][gc] GC(1423) Pause Young (Normal) (G1 Evacuation Pause) 14M->4M(256M) 1.609ms
[2025-03-05T02:27:44.599+0300][64.690s][info ][gc] GC(1424) Pause Young (Normal) (G1 Evacuation Pause) 14M->3M(256M) 1.358ms
[2025-03-05T02:27:44.648+0300][64.740s][info ][gc] GC(1425) Pause Young (Normal) (G1 Evacuation Pause) 14M->4M(256M) 1.710ms
[2025-03-05T02:27:44.692+0300][64.784s][info ][gc] GC(1426) Pause Young (Normal) (G1 Evacuation Pause) 14M->3M(256M) 0.900ms
[2025-03-05T02:27:44.739+0300][64.831s][info ][gc] GC(1427) Pause Young (Normal) (G1 Evacuation Pause) 14M->4M(256M) 1.880ms
[2025-03-05T02:27:44.787+0300][64.879s][info ][gc] GC(1428) Pause Young (Normal) (G1 Evacuation Pause) 14M->3M(256M) 1.133ms
[2025-03-05T02:27:44.842+0300][64.934s][info ][gc] GC(1429) Pause Young (Normal) (G1 Evacuation Pause) 14M->4M(256M) 1.897ms
[2025-03-05T02:27:44.891+0300][64.983s][info ][gc] GC(1430) Pause Young (Normal) (G1 Evacuation Pause) 14M->3M(256M) 1.149ms
[2025-03-05T02:27:44.941+0300][65.032s][info ][gc] GC(1431) Pause Young (Normal) (G1 Evacuation Pause) 14M->4M(256M) 1.634ms
[2025-03-05T02:27:44.983+0300][65.075s][info ][gc] GC(1432) Pause Young (Normal) (G1 Evacuation Pause) 14M->3M(256M) 1.107ms
[2025-03-05T02:27:45.035+0300][65.126s][info ][gc] GC(1433) Pause Young (Normal) (G1 Evacuation Pause) 14M->4M(256M) 1.633ms
[2025-03-05T02:27:45.081+0300][65.173s][info ][gc] GC(1434) Pause Young (Normal) (G1 Evacuation Pause) 14M->3M(256M) 1.091ms
[2025-03-05T02:27:45.157+0300][65.250s][info ][gc] GC(1435) Pause Young (Normal) (G1 Evacuation Pause) 14M->4M(256M) 2.201ms
[2025-03-05T02:27:45.252+0300][65.344s][info ][gc] GC(1436) Pause Young (Normal) (G1 Evacuation Pause) 14M->3M(256M) 1.122ms
[2025-03-05T02:27:45.302+0300][65.394s][info ][gc] GC(1437) Pause Young (Normal) (G1 Evacuation Pause) 14M->4M(256M) 1.997ms
[2025-03-05T02:27:45.345+0300][65.437s][info ][gc] GC(1438) Pause Young (Normal) (G1 Evacuation Pause) 14M->3M(256M) 1.191ms
[2025-03-05T02:27:45.392+0300][65.485s][info ][gc] GC(1439) Pause Young (Normal) (G1 Evacuation Pause) 14M->4M(256M) 2.029ms
[2025-03-05T02:27:45.437+0300][65.529s][info ][gc] GC(1440) Pause Young (Normal) (G1 Evacuation Pause) 14M->3M(256M) 1.465ms
[2025-03-05T02:27:45.492+0300][65.584s][info ][gc] GC(1441) Pause Young (Normal) (G1 Evacuation Pause) 14M->4M(256M) 1.808ms
[2025-03-05T02:27:45.543+0300][65.635s][info ][gc] GC(1442) Pause Young (Normal) (G1 Evacuation Pause) 14M->3M(256M) 1.070ms
[2025-03-05T02:27:45.587+0300][65.679s][info ][gc] GC(1443) Pause Young (Normal) (G1 Evacuation Pause) 14M->2M(256M) 0.324ms
[2025-03-05T02:27:45.635+0300][65.726s][info ][gc] GC(1444) Pause Young (Normal) (G1 Evacuation Pause) 13M->3M(256M) 1.203ms
[2025-03-05T02:27:45.681+0300][65.773s][info ][gc] GC(1445) Pause Young (Normal) (G1 Evacuation Pause) 14M->2M(256M) 0.968ms
[2025-03-05T02:27:45.726+0300][65.818s][info ][gc] GC(1446) Pause Young (Normal) (G1 Evacuation Pause) 13M->3M(256M) 1.435ms
[2025-03-05T02:27:45.774+0300][65.866s][info ][gc] GC(1447) Pause Young (Normal) (G1 Evacuation Pause) 14M->2M(256M) 0.690ms
[2025-03-05T02:27:45.824+0300][65.916s][info ][gc] GC(1448) Pause Young (Normal) (G1 Evacuation Pause) 13M->3M(256M) 1.710ms
[2025-03-05T02:27:45.868+0300][65.960s][info ][gc] GC(1449) Pause Young (Normal) (G1 Evacuation Pause) 13M->2M(256M) 0.745ms
[2025-03-05T02:27:45.919+0300][66.010s][info ][gc] GC(1450) Pause Young (Normal) (G1 Evacuation Pause) 13M->3M(256M) 1.478ms
[2025-03-05T02:27:45.960+0300][66.052s][info ][gc] GC(1451) Pause Young (Normal) (G1 Evacuation Pause) 13M->3M(256M) 0.546ms
[2025-03-05T02:27:46.011+0300][66.103s][info ][gc] GC(1452) Pause Young (Normal) (G1 Evacuation Pause) 14M->3M(256M) 2.173ms
[2025-03-05T02:27:46.063+0300][66.155s][info ][gc] GC(1453) Pause Young (Normal) (G1 Evacuation Pause) 13M->3M(256M) 0.763ms
[2025-03-05T02:27:46.119+0300][66.212s][info ][gc] GC(1454) Pause Young (Normal) (G1 Evacuation Pause) 14M->3M(256M) 1.604ms
[2025-03-05T02:27:46.167+0300][66.260s][info ][gc] GC(1455) Pause Young (Normal) (G1 Evacuation Pause) 13M->3M(256M) 0.625ms
[2025-03-05T02:27:46.218+0300][66.309s][info ][gc] GC(1456) Pause Young (Normal) (G1 Evacuation Pause) 14M->3M(256M) 1.554ms
[2025-03-05T02:27:46.261+0300][66.354s][info ][gc] GC(1457) Pause Young (Normal) (G1 Evacuation Pause) 13M->3M(256M) 0.752ms
[2025-03-05T02:27:46.308+0300][66.400s][info ][gc] GC(1458) Pause Young (Normal) (G1 Evacuation Pause) 14M->3M(256M) 1.567ms
[2025-03-05T02:27:46.348+0300][66.440s][info ][gc] GC(1459) Pause Young (Normal) (G1 Evacuation Pause) 13M->3M(256M) 0.628ms
[2025-03-05T02:27:46.394+0300][66.487s][info ][gc] GC(1460) Pause Young (Normal) (G1 Evacuation Pause) 14M->3M(256M) 2.043ms
[2025-03-05T02:27:46.443+0300][66.534s][info ][gc] GC(1461) Pause Young (Normal) (G1 Evacuation Pause) 13M->3M(256M) 1.002ms
[2025-03-05T02:27:46.493+0300][66.585s][info ][gc] GC(1462) Pause Young (Normal) (G1 Evacuation Pause) 14M->3M(256M) 2.020ms
[2025-03-05T02:27:46.541+0300][66.633s][info ][gc] GC(1463) Pause Young (Normal) (G1 Evacuation Pause) 13M->3M(256M) 1.004ms
[2025-03-05T02:27:46.591+0300][66.683s][info ][gc] GC(1464) Pause Young (Normal) (G1 Evacuation Pause) 14M->4M(256M) 1.565ms
[2025-03-05T02:27:46.636+0300][66.728s][info ][gc] GC(1465) Pause Young (Normal) (G1 Evacuation Pause) 14M->3M(256M) 1.039ms
[2025-03-05T02:27:46.693+0300][66.785s][info ][gc] GC(1466) Pause Young (Normal) (G1 Evacuation Pause) 14M->4M(256M) 1.856ms
[2025-03-05T02:27:46.745+0300][66.837s][info ][gc] GC(1467) Pause Young (Normal) (G1 Evacuation Pause) 14M->3M(256M) 1.685ms
[2025-03-05T02:27:46.810+0300][66.902s][info ][gc] GC(1468) Pause Young (Normal) (G1 Evacuation Pause) 14M->4M(256M) 2.040ms
[2025-03-05T02:27:46.857+0300][66.949s][info ][gc] GC(1469) Pause Young (Normal) (G1 Evacuation Pause) 14M->3M(256M) 0.961ms
[2025-03-05T02:27:46.907+0300][66.999s][info ][gc] GC(1470) Pause Young (Normal) (G1 Evacuation Pause) 14M->4M(256M) 1.654ms
[2025-03-05T02:27:46.953+0300][67.045s][info ][gc] GC(1471) Pause Young (Normal) (G1 Evacuation Pause) 14M->3M(256M) 1.524ms
[2025-03-05T02:27:47.019+0300][67.111s][info ][gc] GC(1472) Pause Young (Normal) (G1 Evacuation Pause) 14M->4M(256M) 1.718ms
[2025-03-05T02:27:47.061+0300][67.153s][info ][gc] GC(1473) Pause Young (Normal) (G1 Evacuation Pause) 14M->3M(256M) 0.958ms
[2025-03-05T02:27:47.107+0300][67.199s][info ][gc] GC(1474) Pause Young (Normal) (G1 Evacuation Pause) 14M->4M(256M) 1.383ms
[2025-03-05T02:27:47.151+0300][67.243s][info ][gc] GC(1475) Pause Young (Normal) (G1 Evacuation Pause) 14M->3M(256M) 0.985ms
[2025-03-05T02:27:47.202+0300][67.294s][info ][gc] GC(1476) Pause Young (Normal) (G1 Evacuation Pause) 14M->4M(256M) 2.210ms
[2025-03-05T02:27:47.272+0300][67.365s][info ][gc] GC(1477) Pause Young (Normal) (G1 Evacuation Pause) 14M->3M(256M) 1.230ms
[2025-03-05T02:27:47.320+0300][67.412s][info ][gc] GC(1478) Pause Young (Normal) (G1 Evacuation Pause) 14M->4M(256M) 1.518ms
[2025-03-05T02:27:47.362+0300][67.454s][info ][gc] GC(1479) Pause Young (Normal) (G1 Evacuation Pause) 14M->3M(256M) 1.416ms
[2025-03-05T02:27:47.412+0300][67.504s][info ][gc] GC(1480) Pause Young (Normal) (G1 Evacuation Pause) 14M->4M(256M) 1.920ms
[2025-03-05T02:27:47.456+0300][67.548s][info ][gc] GC(1481) Pause Young (Normal) (G1 Evacuation Pause) 14M->3M(256M) 1.174ms
[2025-03-05T02:27:47.505+0300][67.596s][info ][gc] GC(1482) Pause Young (Normal) (G1 Evacuation Pause) 14M->4M(256M) 1.895ms
[2025-03-05T02:27:47.548+0300][67.640s][info ][gc] GC(1483) Pause Young (Normal) (G1 Evacuation Pause) 14M->3M(256M) 1.421ms
[2025-03-05T02:27:47.594+0300][67.686s][info ][gc] GC(1484) Pause Young (Normal) (G1 Evacuation Pause) 14M->4M(256M) 1.888ms
[2025-03-05T02:27:47.634+0300][67.726s][info ][gc] GC(1485) Pause Young (Normal) (G1 Evacuation Pause) 14M->3M(256M) 1.204ms
[2025-03-05T02:27:47.679+0300][67.771s][info ][gc] GC(1486) Pause Young (Normal) (G1 Evacuation Pause) 14M->4M(256M) 1.913ms
[2025-03-05T02:27:47.720+0300][67.812s][info ][gc] GC(1487) Pause Young (Normal) (G1 Evacuation Pause) 14M->3M(256M) 1.374ms
[2025-03-05T02:27:47.767+0300][67.858s][info ][gc] GC(1488) Pause Young (Normal) (G1 Evacuation Pause) 14M->4M(256M) 2.018ms
[2025-03-05T02:27:47.807+0300][67.899s][info ][gc] GC(1489) Pause Young (Normal) (G1 Evacuation Pause) 14M->3M(256M) 1.269ms
[2025-03-05T02:27:47.851+0300][67.944s][info ][gc] GC(1490) Pause Young (Normal) (G1 Evacuation Pause) 14M->4M(256M) 1.932ms
[2025-03-05T02:27:47.892+0300][67.984s][info ][gc] GC(1491) Pause Young (Normal) (G1 Evacuation Pause) 14M->3M(256M) 1.464ms
[2025-03-05T02:27:47.938+0300][68.030s][info ][gc] GC(1492) Pause Young (Normal) (G1 Evacuation Pause) 14M->4M(256M) 1.876ms
[2025-03-05T02:27:47.980+0300][68.072s][info ][gc] GC(1493) Pause Young (Normal) (G1 Evacuation Pause) 14M->3M(256M) 1.483ms
[2025-03-05T02:27:48.025+0300][68.117s][info ][gc] GC(1494) Pause Young (Normal) (G1 Evacuation Pause) 14M->2M(256M) 0.545ms
[2025-03-05T02:27:48.070+0300][68.161s][info ][gc] GC(1495) Pause Young (Normal) (G1 Evacuation Pause) 13M->3M(256M) 1.379ms
[2025-03-05T02:27:48.113+0300][68.205s][info ][gc] GC(1496) Pause Young (Normal) (G1 Evacuation Pause) 14M->2M(256M) 0.774ms
[2025-03-05T02:27:48.159+0300][68.251s][info ][gc] GC(1497) Pause Young (Normal) (G1 Evacuation Pause) 13M->3M(256M) 1.608ms
[2025-03-05T02:27:48.204+0300][68.296s][info ][gc] GC(1498) Pause Young (Normal) (G1 Evacuation Pause) 14M->2M(256M) 1.013ms
[2025-03-05T02:27:48.250+0300][68.342s][info ][gc] GC(1499) Pause Young (Normal) (G1 Evacuation Pause) 13M->3M(256M) 1.527ms
[2025-03-05T02:27:48.289+0300][68.382s][info ][gc] GC(1500) Pause Young (Normal) (G1 Evacuation Pause) 13M->3M(256M) 0.945ms
[2025-03-05T02:27:48.335+0300][68.427s][info ][gc] GC(1501) Pause Young (Normal) (G1 Evacuation Pause) 14M->3M(256M) 1.517ms
[2025-03-05T02:27:48.374+0300][68.466s][info ][gc] GC(1502) Pause Young (Normal) (G1 Evacuation Pause) 13M->3M(256M) 0.762ms
[2025-03-05T02:27:48.419+0300][68.512s][info ][gc] GC(1503) Pause Young (Normal) (G1 Evacuation Pause) 14M->3M(256M) 1.777ms
[2025-03-05T02:27:48.462+0300][68.555s][info ][gc] GC(1504) Pause Young (Normal) (G1 Evacuation Pause) 13M->3M(256M) 1.014ms
[2025-03-05T02:27:48.507+0300][68.599s][info ][gc] GC(1505) Pause Young (Normal) (G1 Evacuation Pause) 14M->3M(256M) 1.603ms
[2025-03-05T02:27:48.548+0300][68.640s][info ][gc] GC(1506) Pause Young (Normal) (G1 Evacuation Pause) 13M->3M(256M) 1.093ms
[2025-03-05T02:27:48.593+0300][68.685s][info ][gc] GC(1507) Pause Young (Normal) (G1 Evacuation Pause) 14M->3M(256M) 1.896ms
[2025-03-05T02:27:48.635+0300][68.727s][info ][gc] GC(1508) Pause Young (Normal) (G1 Evacuation Pause) 13M->3M(256M) 1.010ms
[2025-03-05T02:27:48.687+0300][68.779s][info ][gc] GC(1509) Pause Young (Normal) (G1 Evacuation Pause) 14M->3M(256M) 1.440ms
[2025-03-05T02:27:48.731+0300][68.822s][info ][gc] GC(1510) Pause Young (Normal) (G1 Evacuation Pause) 13M->3M(256M) 1.087ms
[2025-03-05T02:27:48.777+0300][68.870s][info ][gc] GC(1511) Pause Young (Normal) (G1 Evacuation Pause) 14M->3M(256M) 1.876ms
[2025-03-05T02:27:48.822+0300][68.913s][info ][gc] GC(1512) Pause Young (Normal) (G1 Evacuation Pause) 13M->3M(256M) 1.066ms
[2025-03-05T02:27:48.872+0300][68.964s][info ][gc] GC(1513) Pause Young (Normal) (G1 Evacuation Pause) 14M->4M(256M) 1.701ms
[2025-03-05T02:27:48.916+0300][69.008s][info ][gc] GC(1514) Pause Young (Normal) (G1 Evacuation Pause) 14M->3M(256M) 1.070ms
[2025-03-05T02:27:48.962+0300][69.054s][info ][gc] GC(1515) Pause Young (Normal) (G1 Evacuation Pause) 14M->4M(256M) 1.612ms
[2025-03-05T02:27:49.003+0300][69.096s][info ][gc] GC(1516) Pause Young (Normal) (G1 Evacuation Pause) 14M->3M(256M) 0.945ms
[2025-03-05T02:27:49.050+0300][69.142s][info ][gc] GC(1517) Pause Young (Normal) (G1 Evacuation Pause) 14M->3M(256M) 1.825ms
[2025-03-05T02:27:49.091+0300][69.183s][info ][gc] GC(1518) Pause Young (Normal) (G1 Evacuation Pause) 13M->3M(256M) 1.119ms
[2025-03-05T02:27:49.143+0300][69.234s][info ][gc] GC(1519) Pause Young (Normal) (G1 Evacuation Pause) 15M->4M(256M) 1.755ms
[2025-03-05T02:27:49.183+0300][69.275s][info ][gc] GC(1520) Pause Young (Normal) (G1 Evacuation Pause) 14M->3M(256M) 1.116ms
[2025-03-05T02:27:49.228+0300][69.320s][info ][gc] GC(1521) Pause Young (Normal) (G1 Evacuation Pause) 14M->4M(256M) 1.647ms
[2025-03-05T02:27:49.268+0300][69.360s][info ][gc] GC(1522) Pause Young (Normal) (G1 Evacuation Pause) 14M->3M(256M) 1.128ms
[2025-03-05T02:27:49.313+0300][69.405s][info ][gc] GC(1523) Pause Young (Normal) (G1 Evacuation Pause) 14M->4M(256M) 1.769ms
[2025-03-05T02:27:49.353+0300][69.446s][info ][gc] GC(1524) Pause Young (Normal) (G1 Evacuation Pause) 14M->3M(256M) 1.314ms
[2025-03-05T02:27:49.399+0300][69.491s][info ][gc] GC(1525) Pause Young (Normal) (G1 Evacuation Pause) 14M->4M(256M) 1.845ms
[2025-03-05T02:27:49.439+0300][69.531s][info ][gc] GC(1526) Pause Young (Normal) (G1 Evacuation Pause) 14M->3M(256M) 1.376ms
[2025-03-05T02:27:49.484+0300][69.576s][info ][gc] GC(1527) Pause Young (Normal) (G1 Evacuation Pause) 14M->4M(256M) 1.910ms
[2025-03-05T02:27:49.525+0300][69.618s][info ][gc] GC(1528) Pause Young (Normal) (G1 Evacuation Pause) 14M->3M(256M) 1.179ms
[2025-03-05T02:27:49.571+0300][69.663s][info ][gc] GC(1529) Pause Young (Normal) (G1 Evacuation Pause) 14M->4M(256M) 2.313ms
[2025-03-05T02:27:49.612+0300][69.704s][info ][gc] GC(1530) Pause Young (Normal) (G1 Evacuation Pause) 14M->3M(256M) 1.363ms
[2025-03-05T02:27:49.657+0300][69.748s][info ][gc] GC(1531) Pause Young (Normal) (G1 Evacuation Pause) 14M->4M(256M) 1.659ms
[2025-03-05T02:27:49.697+0300][69.789s][info ][gc] GC(1532) Pause Young (Normal) (G1 Evacuation Pause) 14M->3M(256M) 1.277ms
[2025-03-05T02:27:49.743+0300][69.834s][info ][gc] GC(1533) Pause Young (Normal) (G1 Evacuation Pause) 14M->4M(256M) 1.995ms
[2025-03-05T02:27:49.788+0300][69.880s][info ][gc] GC(1534) Pause Young (Normal) (G1 Evacuation Pause) 14M->3M(256M) 1.347ms
[2025-03-05T02:27:49.838+0300][69.931s][info ][gc] GC(1535) Pause Young (Normal) (G1 Evacuation Pause) 14M->2M(256M) 0.598ms
[2025-03-05T02:27:49.885+0300][69.977s][info ][gc] GC(1536) Pause Young (Normal) (G1 Evacuation Pause) 13M->3M(256M) 1.376ms
[2025-03-05T02:27:49.930+0300][70.021s][info ][gc] GC(1537) Pause Young (Normal) (G1 Evacuation Pause) 14M->2M(256M) 1.007ms
[2025-03-05T02:27:49.974+0300][70.066s][info ][gc] GC(1538) Pause Young (Normal) (G1 Evacuation Pause) 13M->3M(256M) 1.501ms
[2025-03-05T02:27:50.022+0300][70.113s][info ][gc] GC(1539) Pause Young (Normal) (G1 Evacuation Pause) 14M->2M(256M) 0.981ms
[2025-03-05T02:27:50.066+0300][70.159s][info ][gc] GC(1540) Pause Young (Normal) (G1 Evacuation Pause) 13M->3M(256M) 1.704ms
[2025-03-05T02:27:50.107+0300][70.198s][info ][gc] GC(1541) Pause Young (Normal) (G1 Evacuation Pause) 13M->2M(256M) 0.724ms
[2025-03-05T02:27:50.151+0300][70.244s][info ][gc] GC(1542) Pause Young (Normal) (G1 Evacuation Pause) 13M->3M(256M) 1.742ms
[2025-03-05T02:27:50.192+0300][70.284s][info ][gc] GC(1543) Pause Young (Normal) (G1 Evacuation Pause) 13M->3M(256M) 1.026ms
[2025-03-05T02:27:50.240+0300][70.333s][info ][gc] GC(1544) Pause Young (Normal) (G1 Evacuation Pause) 14M->3M(256M) 1.587ms
[2025-03-05T02:27:50.281+0300][70.373s][info ][gc] GC(1545) Pause Young (Normal) (G1 Evacuation Pause) 13M->3M(256M) 0.759ms
[2025-03-05T02:27:50.325+0300][70.417s][info ][gc] GC(1546) Pause Young (Normal) (G1 Evacuation Pause) 14M->3M(256M) 1.511ms
[2025-03-05T02:27:50.366+0300][70.457s][info ][gc] GC(1547) Pause Young (Normal) (G1 Evacuation Pause) 13M->3M(256M) 1.027ms
[2025-03-05T02:27:50.411+0300][70.503s][info ][gc] GC(1548) Pause Young (Normal) (G1 Evacuation Pause) 14M->3M(256M) 1.704ms
[2025-03-05T02:27:50.454+0300][70.546s][info ][gc] GC(1549) Pause Young (Normal) (G1 Evacuation Pause) 13M->3M(256M) 0.966ms
[2025-03-05T02:27:50.499+0300][70.591s][info ][gc] GC(1550) Pause Young (Normal) (G1 Evacuation Pause) 14M->3M(256M) 1.591ms
[2025-03-05T02:27:50.539+0300][70.631s][info ][gc] GC(1551) Pause Young (Normal) (G1 Evacuation Pause) 13M->3M(256M) 0.917ms
[2025-03-05T02:27:50.584+0300][70.676s][info ][gc] GC(1552) Pause Young (Normal) (G1 Evacuation Pause) 14M->3M(256M) 1.648ms
[2025-03-05T02:27:50.624+0300][70.716s][info ][gc] GC(1553) Pause Young (Normal) (G1 Evacuation Pause) 13M->3M(256M) 1.139ms
[2025-03-05T02:27:50.670+0300][70.762s][info ][gc] GC(1554) Pause Young (Normal) (G1 Evacuation Pause) 14M->4M(256M) 1.741ms
[2025-03-05T02:27:50.711+0300][70.803s][info ][gc] GC(1555) Pause Young (Normal) (G1 Evacuation Pause) 14M->3M(256M) 1.086ms
[2025-03-05T02:27:50.756+0300][70.847s][info ][gc] GC(1556) Pause Young (Normal) (G1 Evacuation Pause) 14M->4M(256M) 1.690ms
[2025-03-05T02:27:50.808+0300][70.899s][info ][gc] GC(1557) Pause Young (Normal) (G1 Evacuation Pause) 14M->3M(256M) 1.085ms
[2025-03-05T02:27:50.858+0300][70.950s][info ][gc] GC(1558) Pause Young (Normal) (G1 Evacuation Pause) 14M->4M(256M) 1.725ms
[2025-03-05T02:27:50.910+0300][71.002s][info ][gc] GC(1559) Pause Young (Normal) (G1 Evacuation Pause) 14M->3M(256M) 1.457ms
[2025-03-05T02:27:50.960+0300][71.052s][info ][gc] GC(1560) Pause Young (Normal) (G1 Evacuation Pause) 14M->4M(256M) 1.806ms
[2025-03-05T02:27:51.003+0300][71.095s][info ][gc] GC(1561) Pause Young (Normal) (G1 Evacuation Pause) 14M->3M(256M) 1.161ms
[2025-03-05T02:27:51.052+0300][71.144s][info ][gc] GC(1562) Pause Young (Normal) (G1 Evacuation Pause) 14M->4M(256M) 1.645ms
[2025-03-05T02:27:51.096+0300][71.188s][info ][gc] GC(1563) Pause Young (Normal) (G1 Evacuation Pause) 14M->3M(256M) 1.486ms
[2025-03-05T02:27:51.143+0300][71.235s][info ][gc] GC(1564) Pause Young (Normal) (G1 Evacuation Pause) 14M->4M(256M) 2.057ms
[2025-03-05T02:27:51.185+0300][71.277s][info ][gc] GC(1565) Pause Young (Normal) (G1 Evacuation Pause) 14M->3M(256M) 1.153ms
[2025-03-05T02:27:51.240+0300][71.332s][info ][gc] GC(1566) Pause Young (Normal) (G1 Evacuation Pause) 14M->4M(256M) 1.825ms
[2025-03-05T02:27:51.286+0300][71.378s][info ][gc] GC(1567) Pause Young (Normal) (G1 Evacuation Pause) 14M->3M(256M) 1.020ms
[2025-03-05T02:27:51.337+0300][71.429s][info ][gc] GC(1568) Pause Young (Normal) (G1 Evacuation Pause) 14M->4M(256M) 1.370ms
[2025-03-05T02:27:51.377+0300][71.470s][info ][gc] GC(1569) Pause Young (Normal) (G1 Evacuation Pause) 14M->3M(256M) 1.012ms
[2025-03-05T02:27:51.427+0300][71.518s][info ][gc] GC(1570) Pause Young (Normal) (G1 Evacuation Pause) 14M->4M(256M) 2.038ms
[2025-03-05T02:27:51.467+0300][71.559s][info ][gc] GC(1571) Pause Young (Normal) (G1 Evacuation Pause) 14M->3M(256M) 0.993ms
[2025-03-05T02:27:51.543+0300][71.635s][info ][gc] GC(1572) Pause Young (Normal) (G1 Evacuation Pause) 14M->4M(256M) 2.523ms
[2025-03-05T02:27:51.633+0300][71.726s][info ][gc] GC(1573) Pause Young (Normal) (G1 Evacuation Pause) 14M->3M(256M) 1.330ms
[2025-03-05T02:27:51.700+0300][71.791s][info ][gc] GC(1574) Pause Young (Normal) (G1 Evacuation Pause) 14M->4M(256M) 1.996ms
[2025-03-05T02:27:51.755+0300][71.847s][info ][gc] GC(1575) Pause Young (Normal) (G1 Evacuation Pause) 14M->3M(256M) 1.465ms
[2025-03-05T02:27:51.813+0300][71.905s][info ][gc] GC(1576) Pause Young (Normal) (G1 Evacuation Pause) 14M->4M(256M) 1.616ms
[2025-03-05T02:27:51.863+0300][71.955s][info ][gc] GC(1577) Pause Young (Normal) (G1 Evacuation Pause) 14M->3M(256M) 1.112ms
[2025-03-05T02:27:51.921+0300][72.013s][info ][gc] GC(1578) Pause Young (Normal) (G1 Evacuation Pause) 14M->4M(256M) 1.775ms
[2025-03-05T02:27:51.966+0300][72.058s][info ][gc] GC(1579) Pause Young (Normal) (G1 Evacuation Pause) 14M->3M(256M) 0.963ms
[2025-03-05T02:27:52.013+0300][72.105s][info ][gc] GC(1580) Pause Young (Normal) (G1 Evacuation Pause) 14M->4M(256M) 1.705ms
[2025-03-05T02:27:52.058+0300][72.150s][info ][gc] GC(1581) Pause Young (Normal) (G1 Evacuation Pause) 14M->3M(256M) 1.394ms
[2025-03-05T02:27:52.106+0300][72.198s][info ][gc] GC(1582) Pause Young (Normal) (G1 Evacuation Pause) 14M->4M(256M) 2.045ms
[2025-03-05T02:27:52.148+0300][72.240s][info ][gc] GC(1583) Pause Young (Normal) (G1 Evacuation Pause) 14M->3M(256M) 1.321ms
[2025-03-05T02:27:52.193+0300][72.286s][info ][gc] GC(1584) Pause Young (Normal) (G1 Evacuation Pause) 14M->4M(256M) 2.102ms
[2025-03-05T02:27:52.236+0300][72.327s][info ][gc] GC(1585) Pause Young (Normal) (G1 Evacuation Pause) 14M->3M(256M) 1.254ms
[2025-03-05T02:27:52.280+0300][72.372s][info ][gc] GC(1586) Pause Young (Normal) (G1 Evacuation Pause) 14M->2M(256M) 0.810ms
[2025-03-05T02:27:52.324+0300][72.417s][info ][gc] GC(1587) Pause Young (Normal) (G1 Evacuation Pause) 13M->3M(256M) 1.720ms
[2025-03-05T02:27:52.371+0300][72.464s][info ][gc] GC(1588) Pause Young (Normal) (G1 Evacuation Pause) 14M->2M(256M) 0.735ms
[2025-03-05T02:27:52.418+0300][72.510s][info ][gc] GC(1589) Pause Young (Normal) (G1 Evacuation Pause) 13M->3M(256M) 1.485ms
[2025-03-05T02:27:52.469+0300][72.562s][info ][gc] GC(1590) Pause Young (Normal) (G1 Evacuation Pause) 14M->2M(256M) 0.709ms
[2025-03-05T02:27:52.520+0300][72.613s][info ][gc] GC(1591) Pause Young (Normal) (G1 Evacuation Pause) 13M->3M(256M) 1.463ms
[2025-03-05T02:27:52.571+0300][72.663s][info ][gc] GC(1592) Pause Young (Normal) (G1 Evacuation Pause) 13M->2M(256M) 0.811ms
[2025-03-05T02:27:52.624+0300][72.716s][info ][gc] GC(1593) Pause Young (Normal) (G1 Evacuation Pause) 13M->3M(256M) 1.769ms
[2025-03-05T02:27:52.669+0300][72.761s][info ][gc] GC(1594) Pause Young (Normal) (G1 Evacuation Pause) 13M->3M(256M) 0.567ms
[2025-03-05T02:27:52.716+0300][72.808s][info ][gc] GC(1595) Pause Young (Normal) (G1 Evacuation Pause) 14M->3M(256M) 1.934ms
[2025-03-05T02:27:52.760+0300][72.852s][info ][gc] GC(1596) Pause Young (Normal) (G1 Evacuation Pause) 13M->3M(256M) 1.142ms
[2025-03-05T02:27:52.819+0300][72.911s][info ][gc] GC(1597) Pause Young (Normal) (G1 Evacuation Pause) 14M->3M(256M) 1.620ms
[2025-03-05T02:27:52.864+0300][72.955s][info ][gc] GC(1598) Pause Young (Normal) (G1 Evacuation Pause) 13M->3M(256M) 1.241ms
[2025-03-05T02:27:52.917+0300][73.009s][info ][gc] GC(1599) Pause Young (Normal) (G1 Evacuation Pause) 14M->3M(256M) 1.970ms
[2025-03-05T02:27:52.966+0300][73.058s][info ][gc] GC(1600) Pause Young (Normal) (G1 Evacuation Pause) 13M->3M(256M) 0.682ms
[2025-03-05T02:27:53.017+0300][73.109s][info ][gc] GC(1601) Pause Young (Normal) (G1 Evacuation Pause) 14M->3M(256M) 1.794ms
[2025-03-05T02:27:53.060+0300][73.153s][info ][gc] GC(1602) Pause Young (Normal) (G1 Evacuation Pause) 13M->3M(256M) 1.027ms
[2025-03-05T02:27:53.119+0300][73.211s][info ][gc] GC(1603) Pause Young (Normal) (G1 Evacuation Pause) 14M->3M(256M) 1.832ms
[2025-03-05T02:27:53.177+0300][73.269s][info ][gc] GC(1604) Pause Young (Normal) (G1 Evacuation Pause) 13M->3M(256M) 1.152ms
[2025-03-05T02:27:53.229+0300][73.321s][info ][gc] GC(1605) Pause Young (Normal) (G1 Evacuation Pause) 14M->4M(256M) 1.658ms
[2025-03-05T02:27:53.273+0300][73.364s][info ][gc] GC(1606) Pause Young (Normal) (G1 Evacuation Pause) 14M->3M(256M) 0.813ms
[2025-03-05T02:27:53.322+0300][73.414s][info ][gc] GC(1607) Pause Young (Normal) (G1 Evacuation Pause) 14M->4M(256M) 1.569ms
[2025-03-05T02:27:53.368+0300][73.461s][info ][gc] GC(1608) Pause Young (Normal) (G1 Evacuation Pause) 15M->3M(256M) 0.983ms
[2025-03-05T02:27:53.523+0300][73.615s][info ][gc] GC(1609) Pause Young (Normal) (G1 Evacuation Pause) 20M->2M(256M) 1.197ms
[2025-03-05T02:27:53.596+0300][73.688s][info ][gc] GC(1610) Pause Young (Normal) (G1 Evacuation Pause) 13M->3M(256M) 1.468ms
[2025-03-05T02:27:53.655+0300][73.748s][info ][gc] GC(1611) Pause Young (Normal) (G1 Evacuation Pause) 15M->3M(256M) 0.967ms
[2025-03-05T02:27:53.725+0300][73.817s][info ][gc] GC(1612) Pause Young (Normal) (G1 Evacuation Pause) 14M->3M(256M) 3.061ms
[2025-03-05T02:27:53.795+0300][73.887s][info ][gc] GC(1613) Pause Young (Normal) (G1 Evacuation Pause) 13M->3M(256M) 1.222ms
[2025-03-05T02:27:53.864+0300][73.956s][info ][gc] GC(1614) Pause Young (Normal) (G1 Evacuation Pause) 14M->4M(256M) 1.894ms
[2025-03-05T02:27:53.928+0300][74.019s][info ][gc] GC(1615) Pause Young (Normal) (G1 Evacuation Pause) 14M->3M(256M) 0.958ms
[2025-03-05T02:27:53.997+0300][74.089s][info ][gc] GC(1616) Pause Young (Normal) (G1 Evacuation Pause) 14M->4M(256M) 1.909ms
[2025-03-05T02:27:54.056+0300][74.149s][info ][gc] GC(1617) Pause Young (Normal) (G1 Evacuation Pause) 14M->3M(256M) 1.459ms
[2025-03-05T02:27:54.111+0300][74.203s][info ][gc] GC(1618) Pause Young (Normal) (G1 Evacuation Pause) 14M->4M(256M) 2.256ms
[2025-03-05T02:27:54.153+0300][74.246s][info ][gc] GC(1619) Pause Young (Normal) (G1 Evacuation Pause) 14M->3M(256M) 1.061ms
[2025-03-05T02:27:54.213+0300][74.305s][info ][gc] GC(1620) Pause Young (Normal) (G1 Evacuation Pause) 14M->4M(256M) 2.547ms
[2025-03-05T02:27:54.260+0300][74.352s][info ][gc] GC(1621) Pause Young (Normal) (G1 Evacuation Pause) 14M->3M(256M) 1.007ms
[2025-03-05T02:27:54.306+0300][74.398s][info ][gc] GC(1622) Pause Young (Normal) (G1 Evacuation Pause) 14M->4M(256M) 1.621ms
[2025-03-05T02:27:54.354+0300][74.446s][info ][gc] GC(1623) Pause Young (Normal) (G1 Evacuation Pause) 14M->3M(256M) 1.324ms
[2025-03-05T02:27:54.407+0300][74.499s][info ][gc] GC(1624) Pause Young (Normal) (G1 Evacuation Pause) 14M->4M(256M) 1.905ms
[2025-03-05T02:27:54.453+0300][74.544s][info ][gc] GC(1625) Pause Young (Normal) (G1 Evacuation Pause) 14M->3M(256M) 1.047ms
[2025-03-05T02:27:54.501+0300][74.594s][info ][gc] GC(1626) Pause Young (Normal) (G1 Evacuation Pause) 14M->4M(256M) 1.738ms
[2025-03-05T02:27:54.561+0300][74.653s][info ][gc] GC(1627) Pause Young (Normal) (G1 Evacuation Pause) 14M->3M(256M) 1.254ms
[2025-03-05T02:27:54.608+0300][74.700s][info ][gc] GC(1628) Pause Young (Normal) (G1 Evacuation Pause) 14M->4M(256M) 1.668ms
[2025-03-05T02:27:54.650+0300][74.742s][info ][gc] GC(1629) Pause Young (Normal) (G1 Evacuation Pause) 14M->3M(256M) 1.160ms
[2025-03-05T02:27:54.697+0300][74.789s][info ][gc] GC(1630) Pause Young (Normal) (G1 Evacuation Pause) 14M->4M(256M) 1.876ms
[2025-03-05T02:27:54.741+0300][74.833s][info ][gc] GC(1631) Pause Young (Normal) (G1 Evacuation Pause) 14M->3M(256M) 1.181ms
[2025-03-05T02:27:54.791+0300][74.883s][info ][gc] GC(1632) Pause Young (Normal) (G1 Evacuation Pause) 14M->4M(256M) 1.705ms
[2025-03-05T02:27:54.847+0300][74.939s][info ][gc] GC(1633) Pause Young (Normal) (G1 Evacuation Pause) 14M->3M(256M) 1.376ms
[2025-03-05T02:27:54.901+0300][74.993s][info ][gc] GC(1634) Pause Young (Normal) (G1 Evacuation Pause) 14M->4M(256M) 1.696ms
[2025-03-05T02:27:54.945+0300][75.037s][info ][gc] GC(1635) Pause Young (Normal) (G1 Evacuation Pause) 14M->3M(256M) 1.183ms
[2025-03-05T02:27:54.998+0300][75.090s][info ][gc] GC(1636) Pause Young (Normal) (G1 Evacuation Pause) 14M->4M(256M) 1.786ms
[2025-03-05T02:27:55.049+0300][75.141s][info ][gc] GC(1637) Pause Young (Normal) (G1 Evacuation Pause) 14M->3M(256M) 1.615ms
[2025-03-05T02:27:55.105+0300][75.197s][info ][gc] GC(1638) Pause Young (Normal) (G1 Evacuation Pause) 14M->4M(256M) 2.239ms
[2025-03-05T02:27:55.147+0300][75.239s][info ][gc] GC(1639) Pause Young (Normal) (G1 Evacuation Pause) 14M->3M(256M) 1.207ms
[2025-03-05T02:27:55.193+0300][75.285s][info ][gc] GC(1640) Pause Young (Normal) (G1 Evacuation Pause) 14M->2M(256M) 0.627ms
[2025-03-05T02:27:55.239+0300][75.330s][info ][gc] GC(1641) Pause Young (Normal) (G1 Evacuation Pause) 13M->3M(256M) 1.133ms
[2025-03-05T02:27:55.282+0300][75.375s][info ][gc] GC(1642) Pause Young (Normal) (G1 Evacuation Pause) 14M->2M(256M) 1.012ms
[2025-03-05T02:27:55.330+0300][75.422s][info ][gc] GC(1643) Pause Young (Normal) (G1 Evacuation Pause) 13M->3M(256M) 1.353ms
[2025-03-05T02:27:55.378+0300][75.470s][info ][gc] GC(1644) Pause Young (Normal) (G1 Evacuation Pause) 14M->2M(256M) 0.581ms
[2025-03-05T02:27:55.426+0300][75.518s][info ][gc] GC(1645) Pause Young (Normal) (G1 Evacuation Pause) 13M->3M(256M) 1.955ms
[2025-03-05T02:27:55.467+0300][75.559s][info ][gc] GC(1646) Pause Young (Normal) (G1 Evacuation Pause) 13M->3M(256M) 0.865ms
[2025-03-05T02:27:55.512+0300][75.604s][info ][gc] GC(1647) Pause Young (Normal) (G1 Evacuation Pause) 14M->3M(256M) 1.798ms
[2025-03-05T02:27:55.553+0300][75.645s][info ][gc] GC(1648) Pause Young (Normal) (G1 Evacuation Pause) 13M->3M(256M) 1.060ms
[2025-03-05T02:27:55.599+0300][75.691s][info ][gc] GC(1649) Pause Young (Normal) (G1 Evacuation Pause) 14M->3M(256M) 1.643ms
[2025-03-05T02:27:55.644+0300][75.736s][info ][gc] GC(1650) Pause Young (Normal) (G1 Evacuation Pause) 13M->3M(256M) 1.405ms
[2025-03-05T02:27:55.691+0300][75.783s][info ][gc] GC(1651) Pause Young (Normal) (G1 Evacuation Pause) 14M->3M(256M) 1.459ms
[2025-03-05T02:27:55.736+0300][75.827s][info ][gc] GC(1652) Pause Young (Normal) (G1 Evacuation Pause) 13M->3M(256M) 0.905ms
[2025-03-05T02:27:55.787+0300][75.880s][info ][gc] GC(1653) Pause Young (Normal) (G1 Evacuation Pause) 14M->3M(256M) 2.004ms
[2025-03-05T02:27:55.831+0300][75.923s][info ][gc] GC(1654) Pause Young (Normal) (G1 Evacuation Pause) 13M->3M(256M) 0.930ms
[2025-03-05T02:27:55.877+0300][75.970s][info ][gc] GC(1655) Pause Young (Normal) (G1 Evacuation Pause) 14M->3M(256M) 1.823ms
[2025-03-05T02:27:55.921+0300][76.013s][info ][gc] GC(1656) Pause Young (Normal) (G1 Evacuation Pause) 13M->3M(256M) 0.838ms
[2025-03-05T02:27:55.971+0300][76.064s][info ][gc] GC(1657) Pause Young (Normal) (G1 Evacuation Pause) 14M->3M(256M) 1.559ms
[2025-03-05T02:27:56.016+0300][76.108s][info ][gc] GC(1658) Pause Young (Normal) (G1 Evacuation Pause) 13M->3M(256M) 1.094ms
[2025-03-05T02:27:56.066+0300][76.158s][info ][gc] GC(1659) Pause Young (Normal) (G1 Evacuation Pause) 14M->4M(256M) 1.676ms
[2025-03-05T02:27:56.108+0300][76.200s][info ][gc] GC(1660) Pause Young (Normal) (G1 Evacuation Pause) 14M->3M(256M) 1.204ms
[2025-03-05T02:27:56.156+0300][76.248s][info ][gc] GC(1661) Pause Young (Normal) (G1 Evacuation Pause) 14M->4M(256M) 1.653ms
[2025-03-05T02:27:56.202+0300][76.294s][info ][gc] GC(1662) Pause Young (Normal) (G1 Evacuation Pause) 14M->3M(256M) 0.994ms
[2025-03-05T02:27:56.250+0300][76.342s][info ][gc] GC(1663) Pause Young (Normal) (G1 Evacuation Pause) 14M->4M(256M) 1.807ms
[2025-03-05T02:27:56.291+0300][76.382s][info ][gc] GC(1664) Pause Young (Normal) (G1 Evacuation Pause) 14M->3M(256M) 1.010ms
[2025-03-05T02:27:56.335+0300][76.427s][info ][gc] GC(1665) Pause Young (Normal) (G1 Evacuation Pause) 14M->4M(256M) 1.813ms
[2025-03-05T02:27:56.376+0300][76.468s][info ][gc] GC(1666) Pause Young (Normal) (G1 Evacuation Pause) 14M->3M(256M) 1.173ms
[2025-03-05T02:27:56.422+0300][76.514s][info ][gc] GC(1667) Pause Young (Normal) (G1 Evacuation Pause) 14M->4M(256M) 1.692ms
[2025-03-05T02:27:56.466+0300][76.558s][info ][gc] GC(1668) Pause Young (Normal) (G1 Evacuation Pause) 14M->3M(256M) 1.215ms
[2025-03-05T02:27:56.529+0300][76.620s][info ][gc] GC(1669) Pause Young (Normal) (G1 Evacuation Pause) 14M->4M(256M) 1.384ms
[2025-03-05T02:27:56.570+0300][76.661s][info ][gc] GC(1670) Pause Young (Normal) (G1 Evacuation Pause) 14M->3M(256M) 1.220ms
[2025-03-05T02:27:56.616+0300][76.708s][info ][gc] GC(1671) Pause Young (Normal) (G1 Evacuation Pause) 14M->4M(256M) 1.657ms
[2025-03-05T02:27:56.659+0300][76.752s][info ][gc] GC(1672) Pause Young (Normal) (G1 Evacuation Pause) 14M->3M(256M) 1.279ms
[2025-03-05T02:27:56.710+0300][76.801s][info ][gc] GC(1673) Pause Young (Normal) (G1 Evacuation Pause) 14M->4M(256M) 2.035ms
[2025-03-05T02:27:56.754+0300][76.846s][info ][gc] GC(1674) Pause Young (Normal) (G1 Evacuation Pause) 14M->3M(256M) 1.293ms
[2025-03-05T02:27:56.804+0300][76.896s][info ][gc] GC(1675) Pause Young (Normal) (G1 Evacuation Pause) 14M->4M(256M) 1.836ms
[2025-03-05T02:27:56.846+0300][76.937s][info ][gc] GC(1676) Pause Young (Normal) (G1 Evacuation Pause) 14M->3M(256M) 1.333ms
[2025-03-05T02:27:56.890+0300][76.983s][info ][gc] GC(1677) Pause Young (Normal) (G1 Evacuation Pause) 14M->4M(256M) 1.884ms
[2025-03-05T02:27:56.932+0300][77.024s][info ][gc] GC(1678) Pause Young (Normal) (G1 Evacuation Pause) 14M->3M(256M) 1.448ms
[2025-03-05T02:27:56.979+0300][77.070s][info ][gc] GC(1679) Pause Young (Normal) (G1 Evacuation Pause) 14M->4M(256M) 1.799ms
[2025-03-05T02:27:57.020+0300][77.112s][info ][gc] GC(1680) Pause Young (Normal) (G1 Evacuation Pause) 14M->3M(256M) 1.451ms
[2025-03-05T02:27:57.066+0300][77.158s][info ][gc] GC(1681) Pause Young (Normal) (G1 Evacuation Pause) 14M->4M(256M) 1.933ms
[2025-03-05T02:27:57.110+0300][77.202s][info ][gc] GC(1682) Pause Young (Normal) (G1 Evacuation Pause) 14M->3M(256M) 1.607ms
[2025-03-05T02:27:57.162+0300][77.254s][info ][gc] GC(1683) Pause Young (Normal) (G1 Evacuation Pause) 14M->4M(256M) 1.760ms
[2025-03-05T02:27:57.206+0300][77.298s][info ][gc] GC(1684) Pause Young (Normal) (G1 Evacuation Pause) 14M->3M(256M) 1.406ms
[2025-03-05T02:27:57.252+0300][77.345s][info ][gc] GC(1685) Pause Young (Normal) (G1 Evacuation Pause) 14M->4M(256M) 1.968ms
[2025-03-05T02:27:57.294+0300][77.385s][info ][gc] GC(1686) Pause Young (Normal) (G1 Evacuation Pause) 14M->3M(256M) 1.519ms
[2025-03-05T02:27:57.341+0300][77.432s][info ][gc] GC(1687) Pause Young (Normal) (G1 Evacuation Pause) 14M->4M(256M) 1.743ms
[2025-03-05T02:27:57.386+0300][77.478s][info ][gc] GC(1688) Pause Young (Normal) (G1 Evacuation Pause) 14M->3M(256M) 1.348ms
[2025-03-05T02:27:57.435+0300][77.527s][info ][gc] GC(1689) Pause Young (Normal) (G1 Evacuation Pause) 14M->2M(256M) 0.600ms
[2025-03-05T02:27:57.484+0300][77.576s][info ][gc] GC(1690) Pause Young (Normal) (G1 Evacuation Pause) 13M->3M(256M) 1.617ms
[2025-03-05T02:27:57.531+0300][77.623s][info ][gc] GC(1691) Pause Young (Normal) (G1 Evacuation Pause) 14M->2M(256M) 0.742ms
[2025-03-05T02:27:57.578+0300][77.670s][info ][gc] GC(1692) Pause Young (Normal) (G1 Evacuation Pause) 13M->3M(256M) 1.594ms
[2025-03-05T02:27:57.622+0300][77.715s][info ][gc] GC(1693) Pause Young (Normal) (G1 Evacuation Pause) 14M->2M(256M) 0.796ms
[2025-03-05T02:27:57.670+0300][77.762s][info ][gc] GC(1694) Pause Young (Normal) (G1 Evacuation Pause) 13M->3M(256M) 1.319ms
[2025-03-05T02:27:57.710+0300][77.802s][info ][gc] GC(1695) Pause Young (Normal) (G1 Evacuation Pause) 13M->3M(256M) 0.976ms
[2025-03-05T02:27:57.757+0300][77.848s][info ][gc] GC(1696) Pause Young (Normal) (G1 Evacuation Pause) 14M->3M(256M) 1.697ms
[2025-03-05T02:27:57.797+0300][77.889s][info ][gc] GC(1697) Pause Young (Normal) (G1 Evacuation Pause) 13M->3M(256M) 1.009ms
[2025-03-05T02:27:57.842+0300][77.934s][info ][gc] GC(1698) Pause Young (Normal) (G1 Evacuation Pause) 14M->3M(256M) 1.712ms
[2025-03-05T02:27:57.884+0300][77.976s][info ][gc] GC(1699) Pause Young (Normal) (G1 Evacuation Pause) 13M->3M(256M) 0.857ms
[2025-03-05T02:27:57.930+0300][78.022s][info ][gc] GC(1700) Pause Young (Normal) (G1 Evacuation Pause) 14M->3M(256M) 1.730ms
[2025-03-05T02:27:57.971+0300][78.062s][info ][gc] GC(1701) Pause Young (Normal) (G1 Evacuation Pause) 13M->3M(256M) 1.006ms
[2025-03-05T02:27:58.015+0300][78.107s][info ][gc] GC(1702) Pause Young (Normal) (G1 Evacuation Pause) 14M->3M(256M) 1.544ms
[2025-03-05T02:27:58.055+0300][78.147s][info ][gc] GC(1703) Pause Young (Normal) (G1 Evacuation Pause) 13M->3M(256M) 0.847ms
[2025-03-05T02:27:58.101+0300][78.193s][info ][gc] GC(1704) Pause Young (Normal) (G1 Evacuation Pause) 14M->3M(256M) 1.602ms
[2025-03-05T02:27:58.144+0300][78.235s][info ][gc] GC(1705) Pause Young (Normal) (G1 Evacuation Pause) 13M->3M(256M) 0.984ms
[2025-03-05T02:27:58.188+0300][78.281s][info ][gc] GC(1706) Pause Young (Normal) (G1 Evacuation Pause) 14M->3M(256M) 1.767ms
[2025-03-05T02:27:58.230+0300][78.322s][info ][gc] GC(1707) Pause Young (Normal) (G1 Evacuation Pause) 13M->3M(256M) 1.146ms
[2025-03-05T02:27:58.275+0300][78.367s][info ][gc] GC(1708) Pause Young (Normal) (G1 Evacuation Pause) 14M->4M(256M) 1.711ms
[2025-03-05T02:27:58.315+0300][78.408s][info ][gc] GC(1709) Pause Young (Normal) (G1 Evacuation Pause) 14M->3M(256M) 0.993ms
[2025-03-05T02:27:58.361+0300][78.453s][info ][gc] GC(1710) Pause Young (Normal) (G1 Evacuation Pause) 14M->3M(256M) 1.677ms
[2025-03-05T02:27:58.400+0300][78.492s][info ][gc] GC(1711) Pause Young (Normal) (G1 Evacuation Pause) 13M->3M(256M) 0.888ms
[2025-03-05T02:27:58.445+0300][78.537s][info ][gc] GC(1712) Pause Young (Normal) (G1 Evacuation Pause) 14M->4M(256M) 1.938ms
[2025-03-05T02:27:58.485+0300][78.577s][info ][gc] GC(1713) Pause Young (Normal) (G1 Evacuation Pause) 14M->3M(256M) 0.930ms
[2025-03-05T02:27:58.531+0300][78.623s][info ][gc] GC(1714) Pause Young (Normal) (G1 Evacuation Pause) 14M->4M(256M) 1.748ms
[2025-03-05T02:27:58.572+0300][78.664s][info ][gc] GC(1715) Pause Young (Normal) (G1 Evacuation Pause) 14M->3M(256M) 1.205ms
[2025-03-05T02:27:58.616+0300][78.708s][info ][gc] GC(1716) Pause Young (Normal) (G1 Evacuation Pause) 14M->4M(256M) 1.522ms
[2025-03-05T02:27:58.656+0300][78.748s][info ][gc] GC(1717) Pause Young (Normal) (G1 Evacuation Pause) 14M->3M(256M) 0.963ms
[2025-03-05T02:27:58.701+0300][78.794s][info ][gc] GC(1718) Pause Young (Normal) (G1 Evacuation Pause) 14M->4M(256M) 1.744ms
[2025-03-05T02:27:58.743+0300][78.835s][info ][gc] GC(1719) Pause Young (Normal) (G1 Evacuation Pause) 14M->3M(256M) 1.296ms
[2025-03-05T02:27:58.788+0300][78.880s][info ][gc] GC(1720) Pause Young (Normal) (G1 Evacuation Pause) 14M->4M(256M) 1.547ms
[2025-03-05T02:27:58.828+0300][78.920s][info ][gc] GC(1721) Pause Young (Normal) (G1 Evacuation Pause) 14M->3M(256M) 1.220ms
[2025-03-05T02:27:58.874+0300][78.967s][info ][gc] GC(1722) Pause Young (Normal) (G1 Evacuation Pause) 14M->4M(256M) 1.707ms
[2025-03-05T02:27:58.918+0300][79.010s][info ][gc] GC(1723) Pause Young (Normal) (G1 Evacuation Pause) 14M->3M(256M) 1.291ms
[2025-03-05T02:27:58.966+0300][79.058s][info ][gc] GC(1724) Pause Young (Normal) (G1 Evacuation Pause) 14M->4M(256M) 2.074ms
[2025-03-05T02:27:59.007+0300][79.100s][info ][gc] GC(1725) Pause Young (Normal) (G1 Evacuation Pause) 14M->3M(256M) 1.103ms
[2025-03-05T02:27:59.055+0300][79.147s][info ][gc] GC(1726) Pause Young (Normal) (G1 Evacuation Pause) 14M->4M(256M) 1.889ms
[2025-03-05T02:27:59.096+0300][79.187s][info ][gc] GC(1727) Pause Young (Normal) (G1 Evacuation Pause) 14M->3M(256M) 1.109ms
[2025-03-05T02:27:59.144+0300][79.235s][info ][gc] GC(1728) Pause Young (Normal) (G1 Evacuation Pause) 14M->4M(256M) 2.060ms
[2025-03-05T02:27:59.187+0300][79.279s][info ][gc] GC(1729) Pause Young (Normal) (G1 Evacuation Pause) 14M->3M(256M) 1.405ms
[2025-03-05T02:27:59.232+0300][79.324s][info ][gc] GC(1730) Pause Young (Normal) (G1 Evacuation Pause) 14M->4M(256M) 1.909ms
[2025-03-05T02:27:59.273+0300][79.365s][info ][gc] GC(1731) Pause Young (Normal) (G1 Evacuation Pause) 14M->3M(256M) 1.421ms
[2025-03-05T02:27:59.319+0300][79.411s][info ][gc] GC(1732) Pause Young (Normal) (G1 Evacuation Pause) 14M->4M(256M) 1.770ms
[2025-03-05T02:27:59.361+0300][79.452s][info ][gc] GC(1733) Pause Young (Normal) (G1 Evacuation Pause) 14M->3M(256M) 1.393ms
[2025-03-05T02:27:59.408+0300][79.501s][info ][gc] GC(1734) Pause Young (Normal) (G1 Evacuation Pause) 14M->4M(256M) 1.867ms
[2025-03-05T02:27:59.453+0300][79.545s][info ][gc] GC(1735) Pause Young (Normal) (G1 Evacuation Pause) 14M->3M(256M) 1.199ms
[2025-03-05T02:27:59.499+0300][79.592s][info ][gc] GC(1736) Pause Young (Normal) (G1 Evacuation Pause) 14M->4M(256M) 1.753ms
[2025-03-05T02:27:59.541+0300][79.634s][info ][gc] GC(1737) Pause Young (Normal) (G1 Evacuation Pause) 14M->3M(256M) 1.271ms
[2025-03-05T02:27:59.586+0300][79.678s][info ][gc] GC(1738) Pause Young (Normal) (G1 Evacuation Pause) 14M->2M(256M) 0.506ms
[2025-03-05T02:27:59.633+0300][79.725s][info ][gc] GC(1739) Pause Young (Normal) (G1 Evacuation Pause) 13M->3M(256M) 1.486ms
[2025-03-05T02:27:59.679+0300][79.771s][info ][gc] GC(1740) Pause Young (Normal) (G1 Evacuation Pause) 14M->2M(256M) 0.855ms
[2025-03-05T02:27:59.724+0300][79.816s][info ][gc] GC(1741) Pause Young (Normal) (G1 Evacuation Pause) 13M->3M(256M) 1.776ms
[2025-03-05T02:27:59.769+0300][79.861s][info ][gc] GC(1742) Pause Young (Normal) (G1 Evacuation Pause) 14M->2M(256M) 0.908ms
[2025-03-05T02:27:59.817+0300][79.909s][info ][gc] GC(1743) Pause Young (Normal) (G1 Evacuation Pause) 13M->3M(256M) 1.381ms
[2025-03-05T02:27:59.860+0300][79.952s][info ][gc] GC(1744) Pause Young (Normal) (G1 Evacuation Pause) 13M->2M(256M) 0.731ms
[2025-03-05T02:27:59.908+0300][80.000s][info ][gc] GC(1745) Pause Young (Normal) (G1 Evacuation Pause) 13M->3M(256M) 1.400ms
[2025-03-05T02:27:59.951+0300][80.042s][info ][gc] GC(1746) Pause Young (Normal) (G1 Evacuation Pause) 13M->3M(256M) 0.987ms
[2025-03-05T02:27:59.995+0300][80.087s][info ][gc] GC(1747) Pause Young (Normal) (G1 Evacuation Pause) 14M->3M(256M) 1.573ms
[2025-03-05T02:28:00.038+0300][80.129s][info ][gc] GC(1748) Pause Young (Normal) (G1 Evacuation Pause) 13M->3M(256M) 0.968ms
[2025-03-05T02:28:00.083+0300][80.175s][info ][gc] GC(1749) Pause Young (Normal) (G1 Evacuation Pause) 14M->3M(256M) 1.791ms
[2025-03-05T02:28:00.123+0300][80.216s][info ][gc] GC(1750) Pause Young (Normal) (G1 Evacuation Pause) 13M->3M(256M) 0.841ms
[2025-03-05T02:28:00.169+0300][80.261s][info ][gc] GC(1751) Pause Young (Normal) (G1 Evacuation Pause) 14M->3M(256M) 1.786ms
[2025-03-05T02:28:00.210+0300][80.302s][info ][gc] GC(1752) Pause Young (Normal) (G1 Evacuation Pause) 13M->3M(256M) 1.050ms
[2025-03-05T02:28:00.257+0300][80.348s][info ][gc] GC(1753) Pause Young (Normal) (G1 Evacuation Pause) 14M->3M(256M) 1.613ms
[2025-03-05T02:28:00.297+0300][80.389s][info ][gc] GC(1754) Pause Young (Normal) (G1 Evacuation Pause) 13M->3M(256M) 1.072ms
[2025-03-05T02:28:00.343+0300][80.435s][info ][gc] GC(1755) Pause Young (Normal) (G1 Evacuation Pause) 14M->3M(256M) 1.749ms
[2025-03-05T02:28:00.383+0300][80.476s][info ][gc] GC(1756) Pause Young (Normal) (G1 Evacuation Pause) 13M->3M(256M) 1.050ms
[2025-03-05T02:28:00.431+0300][80.522s][info ][gc] GC(1757) Pause Young (Normal) (G1 Evacuation Pause) 14M->3M(256M) 1.760ms
[2025-03-05T02:28:00.471+0300][80.564s][info ][gc] GC(1758) Pause Young (Normal) (G1 Evacuation Pause) 13M->3M(256M) 1.008ms
[2025-03-05T02:28:00.519+0300][80.610s][info ][gc] GC(1759) Pause Young (Normal) (G1 Evacuation Pause) 14M->4M(256M) 1.877ms
[2025-03-05T02:28:00.559+0300][80.651s][info ][gc] GC(1760) Pause Young (Normal) (G1 Evacuation Pause) 14M->3M(256M) 1.149ms
[2025-03-05T02:28:00.603+0300][80.695s][info ][gc] GC(1761) Pause Young (Normal) (G1 Evacuation Pause) 14M->4M(256M) 1.580ms
[2025-03-05T02:28:00.644+0300][80.737s][info ][gc] GC(1762) Pause Young (Normal) (G1 Evacuation Pause) 14M->3M(256M) 1.111ms
[2025-03-05T02:28:00.691+0300][80.782s][info ][gc] GC(1763) Pause Young (Normal) (G1 Evacuation Pause) 14M->4M(256M) 1.880ms
[2025-03-05T02:28:00.731+0300][80.823s][info ][gc] GC(1764) Pause Young (Normal) (G1 Evacuation Pause) 14M->3M(256M) 1.090ms
[2025-03-05T02:28:00.778+0300][80.870s][info ][gc] GC(1765) Pause Young (Normal) (G1 Evacuation Pause) 14M->4M(256M) 1.453ms
[2025-03-05T02:28:00.819+0300][80.911s][info ][gc] GC(1766) Pause Young (Normal) (G1 Evacuation Pause) 14M->3M(256M) 1.054ms
[2025-03-05T02:28:00.863+0300][80.956s][info ][gc] GC(1767) Pause Young (Normal) (G1 Evacuation Pause) 14M->4M(256M) 2.010ms
[2025-03-05T02:28:00.905+0300][80.997s][info ][gc] GC(1768) Pause Young (Normal) (G1 Evacuation Pause) 14M->3M(256M) 1.167ms
[2025-03-05T02:28:00.951+0300][81.043s][info ][gc] GC(1769) Pause Young (Normal) (G1 Evacuation Pause) 14M->4M(256M) 1.837ms
[2025-03-05T02:28:00.991+0300][81.084s][info ][gc] GC(1770) Pause Young (Normal) (G1 Evacuation Pause) 14M->3M(256M) 1.349ms
[2025-03-05T02:28:01.038+0300][81.129s][info ][gc] GC(1771) Pause Young (Normal) (G1 Evacuation Pause) 14M->4M(256M) 1.671ms
[2025-03-05T02:28:01.078+0300][81.170s][info ][gc] GC(1772) Pause Young (Normal) (G1 Evacuation Pause) 14M->3M(256M) 1.304ms
[2025-03-05T02:28:01.123+0300][81.215s][info ][gc] GC(1773) Pause Young (Normal) (G1 Evacuation Pause) 14M->4M(256M) 1.649ms
[2025-03-05T02:28:01.164+0300][81.256s][info ][gc] GC(1774) Pause Young (Normal) (G1 Evacuation Pause) 14M->3M(256M) 1.409ms
[2025-03-05T02:28:01.215+0300][81.307s][info ][gc] GC(1775) Pause Young (Normal) (G1 Evacuation Pause) 14M->4M(256M) 1.966ms
[2025-03-05T02:28:01.262+0300][81.354s][info ][gc] GC(1776) Pause Young (Normal) (G1 Evacuation Pause) 14M->3M(256M) 1.195ms
[2025-03-05T02:28:01.310+0300][81.401s][info ][gc] GC(1777) Pause Young (Normal) (G1 Evacuation Pause) 14M->4M(256M) 1.791ms
[2025-03-05T02:28:01.352+0300][81.444s][info ][gc] GC(1778) Pause Young (Normal) (G1 Evacuation Pause) 14M->3M(256M) 1.432ms
[2025-03-05T02:28:01.402+0300][81.494s][info ][gc] GC(1779) Pause Young (Normal) (G1 Evacuation Pause) 14M->4M(256M) 1.780ms
[2025-03-05T02:28:01.446+0300][81.539s][info ][gc] GC(1780) Pause Young (Normal) (G1 Evacuation Pause) 14M->3M(256M) 1.407ms
[2025-03-05T02:28:01.494+0300][81.586s][info ][gc] GC(1781) Pause Young (Normal) (G1 Evacuation Pause) 14M->4M(256M) 1.710ms
[2025-03-05T02:28:01.535+0300][81.627s][info ][gc] GC(1782) Pause Young (Normal) (G1 Evacuation Pause) 14M->3M(256M) 1.161ms
[2025-03-05T02:28:01.581+0300][81.673s][info ][gc] GC(1783) Pause Young (Normal) (G1 Evacuation Pause) 14M->4M(256M) 1.788ms
[2025-03-05T02:28:01.622+0300][81.714s][info ][gc] GC(1784) Pause Young (Normal) (G1 Evacuation Pause) 14M->3M(256M) 1.150ms
[2025-03-05T02:28:01.668+0300][81.759s][info ][gc] GC(1785) Pause Young (Normal) (G1 Evacuation Pause) 14M->4M(256M) 2.090ms
[2025-03-05T02:28:01.710+0300][81.802s][info ][gc] GC(1786) Pause Young (Normal) (G1 Evacuation Pause) 14M->3M(256M) 1.530ms
[2025-03-05T02:28:01.755+0300][81.847s][info ][gc] GC(1787) Pause Young (Normal) (G1 Evacuation Pause) 14M->2M(256M) 0.299ms
[2025-03-05T02:28:01.800+0300][81.892s][info ][gc] GC(1788) Pause Young (Normal) (G1 Evacuation Pause) 13M->3M(256M) 1.595ms
[2025-03-05T02:28:01.844+0300][81.936s][info ][gc] GC(1789) Pause Young (Normal) (G1 Evacuation Pause) 14M->2M(256M) 0.906ms
[2025-03-05T02:28:01.889+0300][81.981s][info ][gc] GC(1790) Pause Young (Normal) (G1 Evacuation Pause) 13M->3M(256M) 1.589ms
[2025-03-05T02:28:01.935+0300][82.027s][info ][gc] GC(1791) Pause Young (Normal) (G1 Evacuation Pause) 14M->2M(256M) 0.730ms
[2025-03-05T02:28:01.985+0300][82.077s][info ][gc] GC(1792) Pause Young (Normal) (G1 Evacuation Pause) 13M->3M(256M) 1.448ms
[2025-03-05T02:28:02.028+0300][82.120s][info ][gc] GC(1793) Pause Young (Normal) (G1 Evacuation Pause) 13M->3M(256M) 0.571ms
[2025-03-05T02:28:02.075+0300][82.167s][info ][gc] GC(1794) Pause Young (Normal) (G1 Evacuation Pause) 14M->3M(256M) 1.306ms
[2025-03-05T02:28:02.121+0300][82.213s][info ][gc] GC(1795) Pause Young (Normal) (G1 Evacuation Pause) 13M->3M(256M) 1.163ms
[2025-03-05T02:28:02.173+0300][82.265s][info ][gc] GC(1796) Pause Young (Normal) (G1 Evacuation Pause) 14M->3M(256M) 1.690ms
[2025-03-05T02:28:02.225+0300][82.317s][info ][gc] GC(1797) Pause Young (Normal) (G1 Evacuation Pause) 13M->3M(256M) 1.139ms
[2025-03-05T02:28:02.271+0300][82.364s][info ][gc] GC(1798) Pause Young (Normal) (G1 Evacuation Pause) 14M->3M(256M) 1.397ms
[2025-03-05T02:28:02.312+0300][82.404s][info ][gc] GC(1799) Pause Young (Normal) (G1 Evacuation Pause) 13M->3M(256M) 0.998ms
[2025-03-05T02:28:02.360+0300][82.452s][info ][gc] GC(1800) Pause Young (Normal) (G1 Evacuation Pause) 14M->3M(256M) 1.507ms
[2025-03-05T02:28:02.402+0300][82.493s][info ][gc] GC(1801) Pause Young (Normal) (G1 Evacuation Pause) 13M->3M(256M) 1.084ms
[2025-03-05T02:28:02.447+0300][82.540s][info ][gc] GC(1802) Pause Young (Normal) (G1 Evacuation Pause) 14M->3M(256M) 1.782ms
[2025-03-05T02:28:02.488+0300][82.580s][info ][gc] GC(1803) Pause Young (Normal) (G1 Evacuation Pause) 13M->3M(256M) 0.991ms
[2025-03-05T02:28:02.535+0300][82.627s][info ][gc] GC(1804) Pause Young (Normal) (G1 Evacuation Pause) 14M->3M(256M) 1.454ms
[2025-03-05T02:28:02.578+0300][82.670s][info ][gc] GC(1805) Pause Young (Normal) (G1 Evacuation Pause) 13M->3M(256M) 0.866ms
[2025-03-05T02:28:02.624+0300][82.717s][info ][gc] GC(1806) Pause Young (Normal) (G1 Evacuation Pause) 14M->3M(256M) 1.719ms
[2025-03-05T02:28:02.668+0300][82.760s][info ][gc] GC(1807) Pause Young (Normal) (G1 Evacuation Pause) 13M->3M(256M) 1.102ms
[2025-03-05T02:28:02.713+0300][82.805s][info ][gc] GC(1808) Pause Young (Normal) (G1 Evacuation Pause) 14M->4M(256M) 1.836ms
[2025-03-05T02:28:02.756+0300][82.848s][info ][gc] GC(1809) Pause Young (Normal) (G1 Evacuation Pause) 14M->3M(256M) 0.867ms
[2025-03-05T02:28:02.804+0300][82.895s][info ][gc] GC(1810) Pause Young (Normal) (G1 Evacuation Pause) 14M->4M(256M) 1.672ms
[2025-03-05T02:28:02.848+0300][82.940s][info ][gc] GC(1811) Pause Young (Normal) (G1 Evacuation Pause) 14M->3M(256M) 0.988ms
[2025-03-05T02:28:02.894+0300][82.986s][info ][gc] GC(1812) Pause Young (Normal) (G1 Evacuation Pause) 14M->4M(256M) 1.764ms
[2025-03-05T02:28:02.934+0300][83.027s][info ][gc] GC(1813) Pause Young (Normal) (G1 Evacuation Pause) 14M->3M(256M) 0.959ms
[2025-03-05T02:28:02.981+0300][83.073s][info ][gc] GC(1814) Pause Young (Normal) (G1 Evacuation Pause) 14M->4M(256M) 1.857ms
[2025-03-05T02:28:03.024+0300][83.115s][info ][gc] GC(1815) Pause Young (Normal) (G1 Evacuation Pause) 14M->3M(256M) 1.201ms
[2025-03-05T02:28:03.070+0300][83.163s][info ][gc] GC(1816) Pause Young (Normal) (G1 Evacuation Pause) 14M->4M(256M) 1.665ms
[2025-03-05T02:28:03.112+0300][83.204s][info ][gc] GC(1817) Pause Young (Normal) (G1 Evacuation Pause) 14M->3M(256M) 0.976ms
[2025-03-05T02:28:03.157+0300][83.249s][info ][gc] GC(1818) Pause Young (Normal) (G1 Evacuation Pause) 14M->4M(256M) 1.708ms
[2025-03-05T02:28:03.198+0300][83.290s][info ][gc] GC(1819) Pause Young (Normal) (G1 Evacuation Pause) 14M->3M(256M) 1.194ms
[2025-03-05T02:28:03.245+0300][83.337s][info ][gc] GC(1820) Pause Young (Normal) (G1 Evacuation Pause) 14M->4M(256M) 2.316ms
[2025-03-05T02:28:03.316+0300][83.408s][info ][gc] GC(1821) Pause Young (Normal) (G1 Evacuation Pause) 14M->3M(256M) 1.190ms
[2025-03-05T02:28:03.393+0300][83.486s][info ][gc] GC(1822) Pause Young (Normal) (G1 Evacuation Pause) 14M->4M(256M) 2.043ms
[2025-03-05T02:28:03.436+0300][83.528s][info ][gc] GC(1823) Pause Young (Normal) (G1 Evacuation Pause) 14M->3M(256M) 1.043ms
[2025-03-05T02:28:03.483+0300][83.575s][info ][gc] GC(1824) Pause Young (Normal) (G1 Evacuation Pause) 14M->4M(256M) 1.666ms
[2025-03-05T02:28:03.526+0300][83.618s][info ][gc] GC(1825) Pause Young (Normal) (G1 Evacuation Pause) 14M->3M(256M) 1.212ms
[2025-03-05T02:28:03.571+0300][83.664s][info ][gc] GC(1826) Pause Young (Normal) (G1 Evacuation Pause) 14M->4M(256M) 1.802ms
[2025-03-05T02:28:03.612+0300][83.704s][info ][gc] GC(1827) Pause Young (Normal) (G1 Evacuation Pause) 14M->3M(256M) 1.211ms
[2025-03-05T02:28:03.659+0300][83.750s][info ][gc] GC(1828) Pause Young (Normal) (G1 Evacuation Pause) 14M->4M(256M) 1.698ms
[2025-03-05T02:28:03.700+0300][83.792s][info ][gc] GC(1829) Pause Young (Normal) (G1 Evacuation Pause) 14M->3M(256M) 1.379ms
[2025-03-05T02:28:03.753+0300][83.845s][info ][gc] GC(1830) Pause Young (Normal) (G1 Evacuation Pause) 14M->4M(256M) 2.038ms
[2025-03-05T02:28:03.796+0300][83.888s][info ][gc] GC(1831) Pause Young (Normal) (G1 Evacuation Pause) 14M->3M(256M) 1.263ms
[2025-03-05T02:28:03.843+0300][83.935s][info ][gc] GC(1832) Pause Young (Normal) (G1 Evacuation Pause) 14M->4M(256M) 1.970ms
[2025-03-05T02:28:03.884+0300][83.976s][info ][gc] GC(1833) Pause Young (Normal) (G1 Evacuation Pause) 14M->3M(256M) 1.418ms
[2025-03-05T02:28:03.932+0300][84.024s][info ][gc] GC(1834) Pause Young (Normal) (G1 Evacuation Pause) 14M->4M(256M) 1.917ms
[2025-03-05T02:28:03.975+0300][84.067s][info ][gc] GC(1835) Pause Young (Normal) (G1 Evacuation Pause) 14M->3M(256M) 1.307ms
[2025-03-05T02:28:04.020+0300][84.113s][info ][gc] GC(1836) Pause Young (Normal) (G1 Evacuation Pause) 14M->4M(256M) 1.711ms
[2025-03-05T02:28:04.063+0300][84.155s][info ][gc] GC(1837) Pause Young (Normal) (G1 Evacuation Pause) 14M->3M(256M) 1.278ms
[2025-03-05T02:28:04.109+0300][84.202s][info ][gc] GC(1838) Pause Young (Normal) (G1 Evacuation Pause) 14M->2M(256M) 0.517ms
[2025-03-05T02:28:04.158+0300][84.249s][info ][gc] GC(1839) Pause Young (Normal) (G1 Evacuation Pause) 13M->3M(256M) 1.794ms
[2025-03-05T02:28:04.203+0300][84.295s][info ][gc] GC(1840) Pause Young (Normal) (G1 Evacuation Pause) 14M->2M(256M) 0.986ms
[2025-03-05T02:28:04.251+0300][84.343s][info ][gc] GC(1841) Pause Young (Normal) (G1 Evacuation Pause) 13M->3M(256M) 1.386ms
[2025-03-05T02:28:04.296+0300][84.388s][info ][gc] GC(1842) Pause Young (Normal) (G1 Evacuation Pause) 14M->2M(256M) 0.781ms
[2025-03-05T02:28:04.344+0300][84.436s][info ][gc] GC(1843) Pause Young (Normal) (G1 Evacuation Pause) 13M->3M(256M) 1.884ms
[2025-03-05T02:28:04.387+0300][84.479s][info ][gc] GC(1844) Pause Young (Normal) (G1 Evacuation Pause) 13M->3M(256M) 0.925ms
[2025-03-05T02:28:04.435+0300][84.527s][info ][gc] GC(1845) Pause Young (Normal) (G1 Evacuation Pause) 14M->3M(256M) 1.580ms
[2025-03-05T02:28:04.476+0300][84.568s][info ][gc] GC(1846) Pause Young (Normal) (G1 Evacuation Pause) 13M->3M(256M) 0.890ms
[2025-03-05T02:28:04.521+0300][84.613s][info ][gc] GC(1847) Pause Young (Normal) (G1 Evacuation Pause) 14M->3M(256M) 1.588ms
[2025-03-05T02:28:04.563+0300][84.655s][info ][gc] GC(1848) Pause Young (Normal) (G1 Evacuation Pause) 13M->3M(256M) 0.991ms
[2025-03-05T02:28:04.608+0300][84.701s][info ][gc] GC(1849) Pause Young (Normal) (G1 Evacuation Pause) 14M->3M(256M) 1.419ms
[2025-03-05T02:28:04.650+0300][84.742s][info ][gc] GC(1850) Pause Young (Normal) (G1 Evacuation Pause) 13M->3M(256M) 0.920ms
[2025-03-05T02:28:04.697+0300][84.789s][info ][gc] GC(1851) Pause Young (Normal) (G1 Evacuation Pause) 14M->3M(256M) 1.674ms
[2025-03-05T02:28:04.739+0300][84.831s][info ][gc] GC(1852) Pause Young (Normal) (G1 Evacuation Pause) 13M->3M(256M) 0.744ms
[2025-03-05T02:28:04.785+0300][84.877s][info ][gc] GC(1853) Pause Young (Normal) (G1 Evacuation Pause) 14M->3M(256M) 1.551ms
[2025-03-05T02:28:04.827+0300][84.919s][info ][gc] GC(1854) Pause Young (Normal) (G1 Evacuation Pause) 13M->3M(256M) 0.899ms
[2025-03-05T02:28:04.873+0300][84.965s][info ][gc] GC(1855) Pause Young (Normal) (G1 Evacuation Pause) 14M->3M(256M) 1.874ms
[2025-03-05T02:28:04.918+0300][85.009s][info ][gc] GC(1856) Pause Young (Normal) (G1 Evacuation Pause) 13M->3M(256M) 1.126ms
[2025-03-05T02:28:04.963+0300][85.056s][info ][gc] GC(1857) Pause Young (Normal) (G1 Evacuation Pause) 14M->3M(256M) 2.030ms
[2025-03-05T02:28:05.005+0300][85.097s][info ][gc] GC(1858) Pause Young (Normal) (G1 Evacuation Pause) 13M->3M(256M) 1.397ms
[2025-03-05T02:28:05.052+0300][85.144s][info ][gc] GC(1859) Pause Young (Normal) (G1 Evacuation Pause) 14M->4M(256M) 2.017ms
[2025-03-05T02:28:05.094+0300][85.186s][info ][gc] GC(1860) Pause Young (Normal) (G1 Evacuation Pause) 14M->3M(256M) 1.167ms
[2025-03-05T02:28:05.139+0300][85.232s][info ][gc] GC(1861) Pause Young (Normal) (G1 Evacuation Pause) 14M->4M(256M) 1.953ms
[2025-03-05T02:28:05.182+0300][85.274s][info ][gc] GC(1862) Pause Young (Normal) (G1 Evacuation Pause) 14M->3M(256M) 0.920ms
[2025-03-05T02:28:05.231+0300][85.323s][info ][gc] GC(1863) Pause Young (Normal) (G1 Evacuation Pause) 14M->4M(256M) 1.666ms
[2025-03-05T02:28:05.272+0300][85.365s][info ][gc] GC(1864) Pause Young (Normal) (G1 Evacuation Pause) 14M->3M(256M) 1.391ms
[2025-03-05T02:28:05.319+0300][85.411s][info ][gc] GC(1865) Pause Young (Normal) (G1 Evacuation Pause) 14M->4M(256M) 1.762ms
[2025-03-05T02:28:05.360+0300][85.452s][info ][gc] GC(1866) Pause Young (Normal) (G1 Evacuation Pause) 14M->3M(256M) 1.200ms
[2025-03-05T02:28:05.406+0300][85.498s][info ][gc] GC(1867) Pause Young (Normal) (G1 Evacuation Pause) 14M->4M(256M) 1.939ms
[2025-03-05T02:28:05.447+0300][85.539s][info ][gc] GC(1868) Pause Young (Normal) (G1 Evacuation Pause) 14M->3M(256M) 1.191ms
[2025-03-05T02:28:05.492+0300][85.584s][info ][gc] GC(1869) Pause Young (Normal) (G1 Evacuation Pause) 14M->4M(256M) 1.851ms
[2025-03-05T02:28:05.533+0300][85.626s][info ][gc] GC(1870) Pause Young (Normal) (G1 Evacuation Pause) 14M->3M(256M) 1.292ms
[2025-03-05T02:28:05.581+0300][85.674s][info ][gc] GC(1871) Pause Young (Normal) (G1 Evacuation Pause) 14M->4M(256M) 1.783ms
[2025-03-05T02:28:05.624+0300][85.715s][info ][gc] GC(1872) Pause Young (Normal) (G1 Evacuation Pause) 14M->3M(256M) 1.192ms
[2025-03-05T02:28:05.669+0300][85.761s][info ][gc] GC(1873) Pause Young (Normal) (G1 Evacuation Pause) 14M->4M(256M) 1.637ms
[2025-03-05T02:28:05.709+0300][85.802s][info ][gc] GC(1874) Pause Young (Normal) (G1 Evacuation Pause) 14M->3M(256M) 1.268ms
[2025-03-05T02:28:05.757+0300][85.849s][info ][gc] GC(1875) Pause Young (Normal) (G1 Evacuation Pause) 14M->4M(256M) 1.727ms
[2025-03-05T02:28:05.797+0300][85.889s][info ][gc] GC(1876) Pause Young (Normal) (G1 Evacuation Pause) 14M->3M(256M) 1.163ms
[2025-03-05T02:28:05.844+0300][85.936s][info ][gc] GC(1877) Pause Young (Normal) (G1 Evacuation Pause) 14M->4M(256M) 2.193ms
[2025-03-05T02:28:05.886+0300][85.977s][info ][gc] GC(1878) Pause Young (Normal) (G1 Evacuation Pause) 14M->3M(256M) 1.162ms
[2025-03-05T02:28:05.934+0300][86.026s][info ][gc] GC(1879) Pause Young (Normal) (G1 Evacuation Pause) 14M->4M(256M) 2.041ms
[2025-03-05T02:28:05.975+0300][86.067s][info ][gc] GC(1880) Pause Young (Normal) (G1 Evacuation Pause) 14M->3M(256M) 1.491ms
[2025-03-05T02:28:06.022+0300][86.114s][info ][gc] GC(1881) Pause Young (Normal) (G1 Evacuation Pause) 14M->4M(256M) 1.865ms
[2025-03-05T02:28:06.064+0300][86.156s][info ][gc] GC(1882) Pause Young (Normal) (G1 Evacuation Pause) 14M->3M(256M) 1.229ms
[2025-03-05T02:28:06.111+0300][86.203s][info ][gc] GC(1883) Pause Young (Normal) (G1 Evacuation Pause) 14M->4M(256M) 2.160ms
[2025-03-05T02:28:06.154+0300][86.245s][info ][gc] GC(1884) Pause Young (Normal) (G1 Evacuation Pause) 14M->3M(256M) 1.200ms
[2025-03-05T02:28:06.202+0300][86.294s][info ][gc] GC(1885) Pause Young (Normal) (G1 Evacuation Pause) 14M->4M(256M) 1.906ms
[2025-03-05T02:28:06.245+0300][86.337s][info ][gc] GC(1886) Pause Young (Normal) (G1 Evacuation Pause) 14M->3M(256M) 1.700ms
[2025-03-05T02:28:06.289+0300][86.381s][info ][gc] GC(1887) Pause Young (Normal) (G1 Evacuation Pause) 14M->2M(256M) 0.587ms
[2025-03-05T02:28:06.333+0300][86.426s][info ][gc] GC(1888) Pause Young (Normal) (G1 Evacuation Pause) 13M->3M(256M) 1.565ms
[2025-03-05T02:28:06.383+0300][86.476s][info ][gc] GC(1889) Pause Young (Normal) (G1 Evacuation Pause) 14M->2M(256M) 0.699ms
[2025-03-05T02:28:06.432+0300][86.524s][info ][gc] GC(1890) Pause Young (Normal) (G1 Evacuation Pause) 13M->3M(256M) 1.493ms
[2025-03-05T02:28:06.501+0300][86.593s][info ][gc] GC(1891) Pause Young (Normal) (G1 Evacuation Pause) 14M->2M(256M) 0.596ms
[2025-03-05T02:28:06.551+0300][86.643s][info ][gc] GC(1892) Pause Young (Normal) (G1 Evacuation Pause) 13M->3M(256M) 1.524ms
[2025-03-05T02:28:06.612+0300][86.704s][info ][gc] GC(1893) Pause Young (Normal) (G1 Evacuation Pause) 13M->3M(256M) 0.802ms
[2025-03-05T02:28:06.677+0300][86.769s][info ][gc] GC(1894) Pause Young (Normal) (G1 Evacuation Pause) 14M->3M(256M) 1.695ms
[2025-03-05T02:28:06.730+0300][86.823s][info ][gc] GC(1895) Pause Young (Normal) (G1 Evacuation Pause) 13M->3M(256M) 0.753ms
[2025-03-05T02:28:06.788+0300][86.880s][info ][gc] GC(1896) Pause Young (Normal) (G1 Evacuation Pause) 14M->3M(256M) 1.466ms
[2025-03-05T02:28:06.833+0300][86.925s][info ][gc] GC(1897) Pause Young (Normal) (G1 Evacuation Pause) 13M->3M(256M) 0.798ms
[2025-03-05T02:28:06.883+0300][86.975s][info ][gc] GC(1898) Pause Young (Normal) (G1 Evacuation Pause) 14M->3M(256M) 1.601ms
[2025-03-05T02:28:06.940+0300][87.032s][info ][gc] GC(1899) Pause Young (Normal) (G1 Evacuation Pause) 13M->3M(256M) 0.950ms
[2025-03-05T02:28:06.998+0300][87.091s][info ][gc] GC(1900) Pause Young (Normal) (G1 Evacuation Pause) 14M->3M(256M) 1.596ms
[2025-03-05T02:28:07.046+0300][87.137s][info ][gc] GC(1901) Pause Young (Normal) (G1 Evacuation Pause) 13M->3M(256M) 1.071ms
[2025-03-05T02:28:07.102+0300][87.194s][info ][gc] GC(1902) Pause Young (Normal) (G1 Evacuation Pause) 14M->3M(256M) 1.506ms
[2025-03-05T02:28:07.147+0300][87.239s][info ][gc] GC(1903) Pause Young (Normal) (G1 Evacuation Pause) 13M->3M(256M) 0.928ms
[2025-03-05T02:28:07.196+0300][87.288s][info ][gc] GC(1904) Pause Young (Normal) (G1 Evacuation Pause) 14M->3M(256M) 1.795ms
[2025-03-05T02:28:07.290+0300][87.382s][info ][gc] GC(1905) Pause Young (Normal) (G1 Evacuation Pause) 13M->3M(256M) 1.568ms
[2025-03-05T02:28:07.378+0300][87.471s][info ][gc] GC(1906) Pause Young (Normal) (G1 Evacuation Pause) 14M->4M(256M) 2.037ms
[2025-03-05T02:28:07.435+0300][87.526s][info ][gc] GC(1907) Pause Young (Normal) (G1 Evacuation Pause) 14M->3M(256M) 0.883ms
[2025-03-05T02:28:07.485+0300][87.577s][info ][gc] GC(1908) Pause Young (Normal) (G1 Evacuation Pause) 14M->4M(256M) 1.774ms
[2025-03-05T02:28:07.527+0300][87.619s][info ][gc] GC(1909) Pause Young (Normal) (G1 Evacuation Pause) 14M->3M(256M) 1.017ms
[2025-03-05T02:28:07.583+0300][87.675s][info ][gc] GC(1910) Pause Young (Normal) (G1 Evacuation Pause) 14M->4M(256M) 1.729ms
[2025-03-05T02:28:07.650+0300][87.742s][info ][gc] GC(1911) Pause Young (Normal) (G1 Evacuation Pause) 14M->3M(256M) 0.956ms
[2025-03-05T02:28:07.703+0300][87.795s][info ][gc] GC(1912) Pause Young (Normal) (G1 Evacuation Pause) 14M->4M(256M) 1.757ms
[2025-03-05T02:28:07.747+0300][87.839s][info ][gc] GC(1913) Pause Young (Normal) (G1 Evacuation Pause) 14M->3M(256M) 1.144ms
[2025-03-05T02:28:07.800+0300][87.891s][info ][gc] GC(1914) Pause Young (Normal) (G1 Evacuation Pause) 14M->4M(256M) 1.812ms
[2025-03-05T02:28:07.848+0300][87.940s][info ][gc] GC(1915) Pause Young (Normal) (G1 Evacuation Pause) 14M->3M(256M) 1.136ms
[2025-03-05T02:28:07.899+0300][87.991s][info ][gc] GC(1916) Pause Young (Normal) (G1 Evacuation Pause) 14M->4M(256M) 1.770ms
[2025-03-05T02:28:07.947+0300][88.039s][info ][gc] GC(1917) Pause Young (Normal) (G1 Evacuation Pause) 14M->3M(256M) 1.077ms
[2025-03-05T02:28:07.997+0300][88.090s][info ][gc] GC(1918) Pause Young (Normal) (G1 Evacuation Pause) 14M->4M(256M) 1.608ms
[2025-03-05T02:28:08.043+0300][88.134s][info ][gc] GC(1919) Pause Young (Normal) (G1 Evacuation Pause) 14M->3M(256M) 1.185ms
[2025-03-05T02:28:08.101+0300][88.193s][info ][gc] GC(1920) Pause Young (Normal) (G1 Evacuation Pause) 14M->4M(256M) 1.717ms
[2025-03-05T02:28:08.143+0300][88.236s][info ][gc] GC(1921) Pause Young (Normal) (G1 Evacuation Pause) 14M->3M(256M) 1.312ms
[2025-03-05T02:28:08.210+0300][88.302s][info ][gc] GC(1922) Pause Young (Normal) (G1 Evacuation Pause) 14M->4M(256M) 2.987ms
[2025-03-05T02:28:08.292+0300][88.384s][info ][gc] GC(1923) Pause Young (Normal) (G1 Evacuation Pause) 14M->3M(256M) 1.118ms
[2025-03-05T02:28:08.341+0300][88.433s][info ][gc] GC(1924) Pause Young (Normal) (G1 Evacuation Pause) 14M->4M(256M) 1.944ms
[2025-03-05T02:28:08.396+0300][88.488s][info ][gc] GC(1925) Pause Young (Normal) (G1 Evacuation Pause) 14M->3M(256M) 1.195ms
[2025-03-05T02:28:08.457+0300][88.549s][info ][gc] GC(1926) Pause Young (Normal) (G1 Evacuation Pause) 14M->4M(256M) 1.770ms
[2025-03-05T02:28:08.508+0300][88.600s][info ][gc] GC(1927) Pause Young (Normal) (G1 Evacuation Pause) 14M->3M(256M) 1.328ms
[2025-03-05T02:28:08.561+0300][88.653s][info ][gc] GC(1928) Pause Young (Normal) (G1 Evacuation Pause) 14M->4M(256M) 1.522ms
[2025-03-05T02:28:08.603+0300][88.695s][info ][gc] GC(1929) Pause Young (Normal) (G1 Evacuation Pause) 14M->3M(256M) 1.073ms
[2025-03-05T02:28:08.650+0300][88.742s][info ][gc] GC(1930) Pause Young (Normal) (G1 Evacuation Pause) 14M->4M(256M) 1.769ms
[2025-03-05T02:28:08.695+0300][88.787s][info ][gc] GC(1931) Pause Young (Normal) (G1 Evacuation Pause) 14M->3M(256M) 1.567ms
[2025-03-05T02:28:08.743+0300][88.835s][info ][gc] GC(1932) Pause Young (Normal) (G1 Evacuation Pause) 14M->4M(256M) 1.998ms
[2025-03-05T02:28:08.785+0300][88.877s][info ][gc] GC(1933) Pause Young (Normal) (G1 Evacuation Pause) 14M->3M(256M) 1.340ms
[2025-03-05T02:28:08.832+0300][88.924s][info ][gc] GC(1934) Pause Young (Normal) (G1 Evacuation Pause) 14M->4M(256M) 2.018ms
[2025-03-05T02:28:08.881+0300][88.973s][info ][gc] GC(1935) Pause Young (Normal) (G1 Evacuation Pause) 14M->3M(256M) 1.458ms
[2025-03-05T02:28:08.938+0300][89.030s][info ][gc] GC(1936) Pause Young (Normal) (G1 Evacuation Pause) 14M->2M(256M) 0.663ms
[2025-03-05T02:28:08.985+0300][89.076s][info ][gc] GC(1937) Pause Young (Normal) (G1 Evacuation Pause) 13M->3M(256M) 1.452ms
[2025-03-05T02:28:09.038+0300][89.130s][info ][gc] GC(1938) Pause Young (Normal) (G1 Evacuation Pause) 14M->2M(256M) 0.818ms
[2025-03-05T02:28:09.099+0300][89.191s][info ][gc] GC(1939) Pause Young (Normal) (G1 Evacuation Pause) 13M->3M(256M) 1.500ms
[2025-03-05T02:28:09.146+0300][89.238s][info ][gc] GC(1940) Pause Young (Normal) (G1 Evacuation Pause) 14M->2M(256M) 0.744ms
[2025-03-05T02:28:09.193+0300][89.285s][info ][gc] GC(1941) Pause Young (Normal) (G1 Evacuation Pause) 13M->3M(256M) 1.597ms
[2025-03-05T02:28:09.239+0300][89.331s][info ][gc] GC(1942) Pause Young (Normal) (G1 Evacuation Pause) 13M->3M(256M) 0.842ms
[2025-03-05T02:28:09.297+0300][89.389s][info ][gc] GC(1943) Pause Young (Normal) (G1 Evacuation Pause) 14M->3M(256M) 1.735ms
[2025-03-05T02:28:09.352+0300][89.444s][info ][gc] GC(1944) Pause Young (Normal) (G1 Evacuation Pause) 13M->3M(256M) 0.833ms
[2025-03-05T02:28:09.406+0300][89.498s][info ][gc] GC(1945) Pause Young (Normal) (G1 Evacuation Pause) 14M->3M(256M) 1.849ms
[2025-03-05T02:28:09.449+0300][89.541s][info ][gc] GC(1946) Pause Young (Normal) (G1 Evacuation Pause) 13M->3M(256M) 0.659ms
[2025-03-05T02:28:09.496+0300][89.588s][info ][gc] GC(1947) Pause Young (Normal) (G1 Evacuation Pause) 14M->3M(256M) 1.731ms
[2025-03-05T02:28:09.540+0300][89.632s][info ][gc] GC(1948) Pause Young (Normal) (G1 Evacuation Pause) 13M->3M(256M) 0.937ms
[2025-03-05T02:28:09.595+0300][89.688s][info ][gc] GC(1949) Pause Young (Normal) (G1 Evacuation Pause) 14M->3M(256M) 1.472ms
[2025-03-05T02:28:09.644+0300][89.736s][info ][gc] GC(1950) Pause Young (Normal) (G1 Evacuation Pause) 13M->3M(256M) 1.018ms
[2025-03-05T02:28:09.694+0300][89.787s][info ][gc] GC(1951) Pause Young (Normal) (G1 Evacuation Pause) 14M->3M(256M) 1.641ms
[2025-03-05T02:28:09.741+0300][89.833s][info ][gc] GC(1952) Pause Young (Normal) (G1 Evacuation Pause) 13M->3M(256M) 0.737ms
[2025-03-05T02:28:09.801+0300][89.893s][info ][gc] GC(1953) Pause Young (Normal) (G1 Evacuation Pause) 17M->4M(256M) 1.819ms
[2025-03-05T02:28:09.851+0300][89.943s][info ][gc] GC(1954) Pause Young (Normal) (G1 Evacuation Pause) 16M->3M(256M) 1.518ms
[2025-03-05T02:28:09.897+0300][89.989s][info ][gc] GC(1955) Pause Young (Normal) (G1 Evacuation Pause) 14M->2M(256M) 0.624ms
[2025-03-05T02:28:09.944+0300][90.036s][info ][gc] GC(1956) Pause Young (Normal) (G1 Evacuation Pause) 13M->3M(256M) 1.633ms
[2025-03-05T02:28:09.988+0300][90.080s][info ][gc] GC(1957) Pause Young (Normal) (G1 Evacuation Pause) 14M->2M(256M) 0.686ms
[2025-03-05T02:28:10.033+0300][90.125s][info ][gc] GC(1958) Pause Young (Normal) (G1 Evacuation Pause) 13M->3M(256M) 1.449ms
[2025-03-05T02:28:10.077+0300][90.169s][info ][gc] GC(1959) Pause Young (Normal) (G1 Evacuation Pause) 14M->2M(256M) 0.790ms
[2025-03-05T02:28:10.125+0300][90.217s][info ][gc] GC(1960) Pause Young (Normal) (G1 Evacuation Pause) 13M->3M(256M) 1.729ms
[2025-03-05T02:28:10.167+0300][90.260s][info ][gc] GC(1961) Pause Young (Normal) (G1 Evacuation Pause) 13M->3M(256M) 1.054ms
[2025-03-05T02:28:10.213+0300][90.305s][info ][gc] GC(1962) Pause Young (Normal) (G1 Evacuation Pause) 14M->3M(256M) 1.779ms
[2025-03-05T02:28:10.254+0300][90.346s][info ][gc] GC(1963) Pause Young (Normal) (G1 Evacuation Pause) 13M->3M(256M) 0.690ms
[2025-03-05T02:28:10.301+0300][90.393s][info ][gc] GC(1964) Pause Young (Normal) (G1 Evacuation Pause) 14M->3M(256M) 1.387ms
[2025-03-05T02:28:10.341+0300][90.432s][info ][gc] GC(1965) Pause Young (Normal) (G1 Evacuation Pause) 13M->3M(256M) 0.747ms
[2025-03-05T02:28:10.386+0300][90.478s][info ][gc] GC(1966) Pause Young (Normal) (G1 Evacuation Pause) 14M->3M(256M) 1.876ms
[2025-03-05T02:28:10.427+0300][90.519s][info ][gc] GC(1967) Pause Young (Normal) (G1 Evacuation Pause) 13M->3M(256M) 1.083ms
[2025-03-05T02:28:10.473+0300][90.567s][info ][gc] GC(1968) Pause Young (Normal) (G1 Evacuation Pause) 14M->3M(256M) 1.700ms
[2025-03-05T02:28:10.515+0300][90.607s][info ][gc] GC(1969) Pause Young (Normal) (G1 Evacuation Pause) 13M->3M(256M) 1.072ms
[2025-03-05T02:28:10.560+0300][90.652s][info ][gc] GC(1970) Pause Young (Normal) (G1 Evacuation Pause) 14M->3M(256M) 1.641ms
[2025-03-05T02:28:10.599+0300][90.692s][info ][gc] GC(1971) Pause Young (Normal) (G1 Evacuation Pause) 13M->3M(256M) 0.870ms
[2025-03-05T02:28:10.645+0300][90.737s][info ][gc] GC(1972) Pause Young (Normal) (G1 Evacuation Pause) 14M->3M(256M) 1.912ms
[2025-03-05T02:28:10.685+0300][90.776s][info ][gc] GC(1973) Pause Young (Normal) (G1 Evacuation Pause) 13M->3M(256M) 0.915ms
[2025-03-05T02:28:10.730+0300][90.822s][info ][gc] GC(1974) Pause Young (Normal) (G1 Evacuation Pause) 14M->4M(256M) 2.041ms
[2025-03-05T02:28:10.774+0300][90.866s][info ][gc] GC(1975) Pause Young (Normal) (G1 Evacuation Pause) 14M->3M(256M) 1.020ms
[2025-03-05T02:28:10.823+0300][90.915s][info ][gc] GC(1976) Pause Young (Normal) (G1 Evacuation Pause) 14M->4M(256M) 1.809ms
[2025-03-05T02:28:10.868+0300][90.960s][info ][gc] GC(1977) Pause Young (Normal) (G1 Evacuation Pause) 14M->3M(256M) 0.968ms
[2025-03-05T02:28:10.915+0300][91.008s][info ][gc] GC(1978) Pause Young (Normal) (G1 Evacuation Pause) 14M->4M(256M) 1.693ms
[2025-03-05T02:28:10.960+0300][91.052s][info ][gc] GC(1979) Pause Young (Normal) (G1 Evacuation Pause) 14M->3M(256M) 1.261ms
[2025-03-05T02:28:11.005+0300][91.098s][info ][gc] GC(1980) Pause Young (Normal) (G1 Evacuation Pause) 14M->4M(256M) 1.874ms
[2025-03-05T02:28:11.048+0300][91.139s][info ][gc] GC(1981) Pause Young (Normal) (G1 Evacuation Pause) 14M->3M(256M) 1.158ms
[2025-03-05T02:28:11.092+0300][91.184s][info ][gc] GC(1982) Pause Young (Normal) (G1 Evacuation Pause) 14M->4M(256M) 1.759ms
[2025-03-05T02:28:11.132+0300][91.224s][info ][gc] GC(1983) Pause Young (Normal) (G1 Evacuation Pause) 14M->3M(256M) 1.240ms
[2025-03-05T02:28:11.177+0300][91.269s][info ][gc] GC(1984) Pause Young (Normal) (G1 Evacuation Pause) 14M->4M(256M) 1.883ms
[2025-03-05T02:28:11.217+0300][91.310s][info ][gc] GC(1985) Pause Young (Normal) (G1 Evacuation Pause) 14M->3M(256M) 1.008ms
[2025-03-05T02:28:11.264+0300][91.356s][info ][gc] GC(1986) Pause Young (Normal) (G1 Evacuation Pause) 14M->4M(256M) 1.966ms
[2025-03-05T02:28:11.305+0300][91.397s][info ][gc] GC(1987) Pause Young (Normal) (G1 Evacuation Pause) 14M->3M(256M) 1.374ms
[2025-03-05T02:28:11.350+0300][91.442s][info ][gc] GC(1988) Pause Young (Normal) (G1 Evacuation Pause) 14M->4M(256M) 1.973ms
[2025-03-05T02:28:11.390+0300][91.482s][info ][gc] GC(1989) Pause Young (Normal) (G1 Evacuation Pause) 14M->3M(256M) 1.156ms
[2025-03-05T02:28:11.435+0300][91.527s][info ][gc] GC(1990) Pause Young (Normal) (G1 Evacuation Pause) 14M->4M(256M) 1.657ms
[2025-03-05T02:28:11.476+0300][91.568s][info ][gc] GC(1991) Pause Young (Normal) (G1 Evacuation Pause) 14M->3M(256M) 1.521ms
[2025-03-05T02:28:11.521+0300][91.614s][info ][gc] GC(1992) Pause Young (Normal) (G1 Evacuation Pause) 14M->4M(256M) 1.803ms
[2025-03-05T02:28:11.562+0300][91.654s][info ][gc] GC(1993) Pause Young (Normal) (G1 Evacuation Pause) 14M->3M(256M) 1.514ms
[2025-03-05T02:28:11.608+0300][91.700s][info ][gc] GC(1994) Pause Young (Normal) (G1 Evacuation Pause) 14M->4M(256M) 1.700ms
[2025-03-05T02:28:11.648+0300][91.740s][info ][gc] GC(1995) Pause Young (Normal) (G1 Evacuation Pause) 14M->3M(256M) 1.205ms
[2025-03-05T02:28:11.692+0300][91.784s][info ][gc] GC(1996) Pause Young (Normal) (G1 Evacuation Pause) 14M->4M(256M) 1.481ms
[2025-03-05T02:28:11.733+0300][91.826s][info ][gc] GC(1997) Pause Young (Normal) (G1 Evacuation Pause) 14M->3M(256M) 1.586ms
[2025-03-05T02:28:11.779+0300][91.870s][info ][gc] GC(1998) Pause Young (Normal) (G1 Evacuation Pause) 14M->4M(256M) 1.757ms
[2025-03-05T02:28:11.819+0300][91.911s][info ][gc] GC(1999) Pause Young (Normal) (G1 Evacuation Pause) 14M->3M(256M) 1.449ms
[2025-03-05T02:28:11.863+0300][91.957s][info ][gc] GC(2000) Pause Young (Normal) (G1 Evacuation Pause) 14M->4M(256M) 2.158ms
[2025-03-05T02:28:11.905+0300][91.998s][info ][gc] GC(2001) Pause Young (Normal) (G1 Evacuation Pause) 14M->3M(256M) 1.588ms
[2025-03-05T02:28:11.950+0300][92.042s][info ][gc] GC(2002) Pause Young (Normal) (G1 Evacuation Pause) 14M->2M(256M) 0.607ms
[2025-03-05T02:28:11.994+0300][92.086s][info ][gc] GC(2003) Pause Young (Normal) (G1 Evacuation Pause) 13M->3M(256M) 1.513ms
[2025-03-05T02:28:12.038+0300][92.130s][info ][gc] GC(2004) Pause Young (Normal) (G1 Evacuation Pause) 14M->2M(256M) 0.793ms
[2025-03-05T02:28:12.082+0300][92.174s][info ][gc] GC(2005) Pause Young (Normal) (G1 Evacuation Pause) 13M->3M(256M) 1.567ms
[2025-03-05T02:28:12.126+0300][92.218s][info ][gc] GC(2006) Pause Young (Normal) (G1 Evacuation Pause) 14M->2M(256M) 0.744ms
[2025-03-05T02:28:12.172+0300][92.265s][info ][gc] GC(2007) Pause Young (Normal) (G1 Evacuation Pause) 13M->3M(256M) 1.722ms
[2025-03-05T02:28:12.214+0300][92.306s][info ][gc] GC(2008) Pause Young (Normal) (G1 Evacuation Pause) 13M->3M(256M) 0.905ms
[2025-03-05T02:28:12.259+0300][92.351s][info ][gc] GC(2009) Pause Young (Normal) (G1 Evacuation Pause) 14M->3M(256M) 1.645ms
[2025-03-05T02:28:12.299+0300][92.391s][info ][gc] GC(2010) Pause Young (Normal) (G1 Evacuation Pause) 13M->3M(256M) 0.957ms
[2025-03-05T02:28:12.344+0300][92.436s][info ][gc] GC(2011) Pause Young (Normal) (G1 Evacuation Pause) 14M->3M(256M) 1.813ms
[2025-03-05T02:28:12.384+0300][92.477s][info ][gc] GC(2012) Pause Young (Normal) (G1 Evacuation Pause) 13M->3M(256M) 0.925ms
[2025-03-05T02:28:12.429+0300][92.522s][info ][gc] GC(2013) Pause Young (Normal) (G1 Evacuation Pause) 14M->3M(256M) 1.764ms
[2025-03-05T02:28:12.471+0300][92.563s][info ][gc] GC(2014) Pause Young (Normal) (G1 Evacuation Pause) 13M->3M(256M) 1.049ms
[2025-03-05T02:28:12.516+0300][92.608s][info ][gc] GC(2015) Pause Young (Normal) (G1 Evacuation Pause) 14M->3M(256M) 1.633ms
[2025-03-05T02:28:12.555+0300][92.648s][info ][gc] GC(2016) Pause Young (Normal) (G1 Evacuation Pause) 13M->3M(256M) 0.937ms
[2025-03-05T02:28:12.601+0300][92.693s][info ][gc] GC(2017) Pause Young (Normal) (G1 Evacuation Pause) 14M->3M(256M) 1.613ms
[2025-03-05T02:28:12.640+0300][92.732s][info ][gc] GC(2018) Pause Young (Normal) (G1 Evacuation Pause) 13M->3M(256M) 0.977ms
[2025-03-05T02:28:12.685+0300][92.777s][info ][gc] GC(2019) Pause Young (Normal) (G1 Evacuation Pause) 14M->3M(256M) 1.694ms
[2025-03-05T02:28:12.726+0300][92.818s][info ][gc] GC(2020) Pause Young (Normal) (G1 Evacuation Pause) 13M->3M(256M) 1.099ms
[2025-03-05T02:28:12.771+0300][92.862s][info ][gc] GC(2021) Pause Young (Normal) (G1 Evacuation Pause) 14M->3M(256M) 1.636ms
[2025-03-05T02:28:12.811+0300][92.903s][info ][gc] GC(2022) Pause Young (Normal) (G1 Evacuation Pause) 13M->3M(256M) 1.270ms
[2025-03-05T02:28:12.858+0300][92.950s][info ][gc] GC(2023) Pause Young (Normal) (G1 Evacuation Pause) 14M->4M(256M) 1.634ms
[2025-03-05T02:28:12.916+0300][93.008s][info ][gc] GC(2024) Pause Young (Normal) (G1 Evacuation Pause) 14M->3M(256M) 0.924ms
[2025-03-05T02:28:12.976+0300][93.068s][info ][gc] GC(2025) Pause Young (Normal) (G1 Evacuation Pause) 15M->4M(256M) 2.753ms
[2025-03-05T02:28:13.032+0300][93.124s][info ][gc] GC(2026) Pause Young (Normal) (G1 Evacuation Pause) 14M->3M(256M) 1.319ms
[2025-03-05T02:28:13.086+0300][93.178s][info ][gc] GC(2027) Pause Young (Normal) (G1 Evacuation Pause) 14M->4M(256M) 1.752ms
[2025-03-05T02:28:13.131+0300][93.223s][info ][gc] GC(2028) Pause Young (Normal) (G1 Evacuation Pause) 14M->3M(256M) 0.883ms
[2025-03-05T02:28:13.177+0300][93.270s][info ][gc] GC(2029) Pause Young (Normal) (G1 Evacuation Pause) 14M->4M(256M) 1.848ms
[2025-03-05T02:28:13.223+0300][93.315s][info ][gc] GC(2030) Pause Young (Normal) (G1 Evacuation Pause) 14M->3M(256M) 1.262ms
[2025-03-05T02:28:13.272+0300][93.365s][info ][gc] GC(2031) Pause Young (Normal) (G1 Evacuation Pause) 14M->4M(256M) 2.156ms
[2025-03-05T02:28:13.321+0300][93.413s][info ][gc] GC(2032) Pause Young (Normal) (G1 Evacuation Pause) 14M->3M(256M) 1.157ms
[2025-03-05T02:28:13.373+0300][93.466s][info ][gc] GC(2033) Pause Young (Normal) (G1 Evacuation Pause) 14M->4M(256M) 2.087ms
[2025-03-05T02:28:13.421+0300][93.513s][info ][gc] GC(2034) Pause Young (Normal) (G1 Evacuation Pause) 14M->3M(256M) 1.182ms
[2025-03-05T02:28:13.474+0300][93.565s][info ][gc] GC(2035) Pause Young (Normal) (G1 Evacuation Pause) 14M->4M(256M) 1.887ms
[2025-03-05T02:28:13.522+0300][93.613s][info ][gc] GC(2036) Pause Young (Normal) (G1 Evacuation Pause) 14M->3M(256M) 1.109ms
[2025-03-05T02:28:13.567+0300][93.659s][info ][gc] GC(2037) Pause Young (Normal) (G1 Evacuation Pause) 14M->4M(256M) 1.675ms
[2025-03-05T02:28:13.617+0300][93.709s][info ][gc] GC(2038) Pause Young (Normal) (G1 Evacuation Pause) 14M->3M(256M) 1.800ms
[2025-03-05T02:28:13.724+0300][93.816s][info ][gc] GC(2039) Pause Young (Normal) (G1 Evacuation Pause) 14M->4M(256M) 1.743ms
[2025-03-05T02:28:13.772+0300][93.863s][info ][gc] GC(2040) Pause Young (Normal) (G1 Evacuation Pause) 14M->3M(256M) 1.115ms
[2025-03-05T02:28:13.821+0300][93.913s][info ][gc] GC(2041) Pause Young (Normal) (G1 Evacuation Pause) 14M->4M(256M) 1.588ms
[2025-03-05T02:28:13.867+0300][93.960s][info ][gc] GC(2042) Pause Young (Normal) (G1 Evacuation Pause) 14M->3M(256M) 1.499ms
[2025-03-05T02:28:13.916+0300][94.008s][info ][gc] GC(2043) Pause Young (Normal) (G1 Evacuation Pause) 14M->4M(256M) 1.887ms
[2025-03-05T02:28:13.961+0300][94.052s][info ][gc] GC(2044) Pause Young (Normal) (G1 Evacuation Pause) 14M->3M(256M) 1.244ms
[2025-03-05T02:28:14.018+0300][94.110s][info ][gc] GC(2045) Pause Young (Normal) (G1 Evacuation Pause) 14M->2M(256M) 0.606ms
[2025-03-05T02:28:14.066+0300][94.159s][info ][gc] GC(2046) Pause Young (Normal) (G1 Evacuation Pause) 13M->3M(256M) 1.569ms
[2025-03-05T02:28:14.111+0300][94.203s][info ][gc] GC(2047) Pause Young (Normal) (G1 Evacuation Pause) 14M->2M(256M) 0.700ms
[2025-03-05T02:28:14.155+0300][94.248s][info ][gc] GC(2048) Pause Young (Normal) (G1 Evacuation Pause) 13M->3M(256M) 1.542ms
[2025-03-05T02:28:14.200+0300][94.293s][info ][gc] GC(2049) Pause Young (Normal) (G1 Evacuation Pause) 14M->2M(256M) 0.869ms
[2025-03-05T02:28:14.246+0300][94.338s][info ][gc] GC(2050) Pause Young (Normal) (G1 Evacuation Pause) 13M->3M(256M) 1.730ms
[2025-03-05T02:28:14.287+0300][94.378s][info ][gc] GC(2051) Pause Young (Normal) (G1 Evacuation Pause) 13M->3M(256M) 0.573ms
[2025-03-05T02:28:14.330+0300][94.422s][info ][gc] GC(2052) Pause Young (Normal) (G1 Evacuation Pause) 14M->3M(256M) 1.341ms
[2025-03-05T02:28:14.370+0300][94.462s][info ][gc] GC(2053) Pause Young (Normal) (G1 Evacuation Pause) 13M->3M(256M) 0.704ms
[2025-03-05T02:28:14.414+0300][94.506s][info ][gc] GC(2054) Pause Young (Normal) (G1 Evacuation Pause) 14M->3M(256M) 1.712ms
[2025-03-05T02:28:14.455+0300][94.547s][info ][gc] GC(2055) Pause Young (Normal) (G1 Evacuation Pause) 13M->3M(256M) 0.749ms
[2025-03-05T02:28:14.502+0300][94.594s][info ][gc] GC(2056) Pause Young (Normal) (G1 Evacuation Pause) 14M->3M(256M) 1.754ms
[2025-03-05T02:28:14.544+0300][94.636s][info ][gc] GC(2057) Pause Young (Normal) (G1 Evacuation Pause) 13M->3M(256M) 1.095ms
[2025-03-05T02:28:14.588+0300][94.681s][info ][gc] GC(2058) Pause Young (Normal) (G1 Evacuation Pause) 14M->3M(256M) 1.479ms
[2025-03-05T02:28:14.628+0300][94.720s][info ][gc] GC(2059) Pause Young (Normal) (G1 Evacuation Pause) 13M->3M(256M) 0.920ms
[2025-03-05T02:28:14.674+0300][94.766s][info ][gc] GC(2060) Pause Young (Normal) (G1 Evacuation Pause) 14M->3M(256M) 1.530ms
[2025-03-05T02:28:14.715+0300][94.807s][info ][gc] GC(2061) Pause Young (Normal) (G1 Evacuation Pause) 13M->3M(256M) 1.080ms
[2025-03-05T02:28:14.761+0300][94.853s][info ][gc] GC(2062) Pause Young (Normal) (G1 Evacuation Pause) 14M->3M(256M) 1.618ms
[2025-03-05T02:28:14.801+0300][94.893s][info ][gc] GC(2063) Pause Young (Normal) (G1 Evacuation Pause) 13M->3M(256M) 0.790ms
[2025-03-05T02:28:14.845+0300][94.938s][info ][gc] GC(2064) Pause Young (Normal) (G1 Evacuation Pause) 14M->3M(256M) 1.734ms
[2025-03-05T02:28:14.888+0300][94.980s][info ][gc] GC(2065) Pause Young (Normal) (G1 Evacuation Pause) 13M->3M(256M) 0.965ms
[2025-03-05T02:28:14.934+0300][95.026s][info ][gc] GC(2066) Pause Young (Normal) (G1 Evacuation Pause) 14M->4M(256M) 2.002ms
[2025-03-05T02:28:14.974+0300][95.066s][info ][gc] GC(2067) Pause Young (Normal) (G1 Evacuation Pause) 14M->3M(256M) 1.100ms
[2025-03-05T02:28:15.020+0300][95.112s][info ][gc] GC(2068) Pause Young (Normal) (G1 Evacuation Pause) 14M->4M(256M) 1.645ms
[2025-03-05T02:28:15.061+0300][95.153s][info ][gc] GC(2069) Pause Young (Normal) (G1 Evacuation Pause) 14M->3M(256M) 1.239ms
[2025-03-05T02:28:15.106+0300][95.197s][info ][gc] GC(2070) Pause Young (Normal) (G1 Evacuation Pause) 14M->4M(256M) 1.499ms
[2025-03-05T02:28:15.146+0300][95.238s][info ][gc] GC(2071) Pause Young (Normal) (G1 Evacuation Pause) 14M->3M(256M) 1.274ms
[2025-03-05T02:28:15.192+0300][95.284s][info ][gc] GC(2072) Pause Young (Normal) (G1 Evacuation Pause) 14M->4M(256M) 1.626ms
[2025-03-05T02:28:15.234+0300][95.326s][info ][gc] GC(2073) Pause Young (Normal) (G1 Evacuation Pause) 14M->3M(256M) 1.135ms
[2025-03-05T02:28:15.279+0300][95.371s][info ][gc] GC(2074) Pause Young (Normal) (G1 Evacuation Pause) 14M->4M(256M) 1.754ms
[2025-03-05T02:28:15.321+0300][95.412s][info ][gc] GC(2075) Pause Young (Normal) (G1 Evacuation Pause) 14M->3M(256M) 1.273ms
[2025-03-05T02:28:15.370+0300][95.462s][info ][gc] GC(2076) Pause Young (Normal) (G1 Evacuation Pause) 14M->4M(256M) 2.931ms
[2025-03-05T02:28:15.418+0300][95.510s][info ][gc] GC(2077) Pause Young (Normal) (G1 Evacuation Pause) 14M->3M(256M) 1.302ms
[2025-03-05T02:28:15.481+0300][95.574s][info ][gc] GC(2078) Pause Young (Normal) (G1 Evacuation Pause) 14M->4M(256M) 3.453ms
[2025-03-05T02:28:15.537+0300][95.629s][info ][gc] GC(2079) Pause Young (Normal) (G1 Evacuation Pause) 14M->3M(256M) 0.929ms
[2025-03-05T02:28:15.589+0300][95.681s][info ][gc] GC(2080) Pause Young (Normal) (G1 Evacuation Pause) 14M->4M(256M) 1.896ms
[2025-03-05T02:28:15.632+0300][95.724s][info ][gc] GC(2081) Pause Young (Normal) (G1 Evacuation Pause) 14M->3M(256M) 0.976ms
[2025-03-05T02:28:15.681+0300][95.773s][info ][gc] GC(2082) Pause Young (Normal) (G1 Evacuation Pause) 14M->4M(256M) 1.431ms
[2025-03-05T02:28:15.727+0300][95.820s][info ][gc] GC(2083) Pause Young (Normal) (G1 Evacuation Pause) 14M->3M(256M) 1.259ms
[2025-03-05T02:28:15.781+0300][95.873s][info ][gc] GC(2084) Pause Young (Normal) (G1 Evacuation Pause) 14M->4M(256M) 1.721ms
[2025-03-05T02:28:15.827+0300][95.919s][info ][gc] GC(2085) Pause Young (Normal) (G1 Evacuation Pause) 14M->3M(256M) 1.174ms
[2025-03-05T02:28:15.873+0300][95.965s][info ][gc] GC(2086) Pause Young (Normal) (G1 Evacuation Pause) 14M->4M(256M) 1.667ms
[2025-03-05T02:28:15.915+0300][96.007s][info ][gc] GC(2087) Pause Young (Normal) (G1 Evacuation Pause) 14M->3M(256M) 1.226ms
[2025-03-05T02:28:15.960+0300][96.052s][info ][gc] GC(2088) Pause Young (Normal) (G1 Evacuation Pause) 14M->4M(256M) 1.916ms
[2025-03-05T02:28:16.001+0300][96.092s][info ][gc] GC(2089) Pause Young (Normal) (G1 Evacuation Pause) 14M->3M(256M) 1.397ms
[2025-03-05T02:28:16.046+0300][96.138s][info ][gc] GC(2090) Pause Young (Normal) (G1 Evacuation Pause) 14M->4M(256M) 1.791ms
[2025-03-05T02:28:16.091+0300][96.183s][info ][gc] GC(2091) Pause Young (Normal) (G1 Evacuation Pause) 14M->3M(256M) 1.356ms
[2025-03-05T02:28:16.139+0300][96.231s][info ][gc] GC(2092) Pause Young (Normal) (G1 Evacuation Pause) 14M->4M(256M) 1.865ms
[2025-03-05T02:28:16.182+0300][96.274s][info ][gc] GC(2093) Pause Young (Normal) (G1 Evacuation Pause) 14M->3M(256M) 1.407ms
[2025-03-05T02:28:16.235+0300][96.327s][info ][gc] GC(2094) Pause Young (Normal) (G1 Evacuation Pause) 14M->4M(256M) 1.866ms
[2025-03-05T02:28:16.281+0300][96.373s][info ][gc] GC(2095) Pause Young (Normal) (G1 Evacuation Pause) 14M->3M(256M) 1.117ms
[2025-03-05T02:28:16.327+0300][96.419s][info ][gc] GC(2096) Pause Young (Normal) (G1 Evacuation Pause) 14M->2M(256M) 0.563ms
[2025-03-05T02:28:16.373+0300][96.465s][info ][gc] GC(2097) Pause Young (Normal) (G1 Evacuation Pause) 13M->3M(256M) 1.164ms
[2025-03-05T02:28:16.417+0300][96.509s][info ][gc] GC(2098) Pause Young (Normal) (G1 Evacuation Pause) 14M->2M(256M) 0.708ms
[2025-03-05T02:28:16.462+0300][96.554s][info ][gc] GC(2099) Pause Young (Normal) (G1 Evacuation Pause) 13M->3M(256M) 1.600ms
[2025-03-05T02:28:16.507+0300][96.599s][info ][gc] GC(2100) Pause Young (Normal) (G1 Evacuation Pause) 14M->2M(256M) 0.790ms
[2025-03-05T02:28:16.552+0300][96.644s][info ][gc] GC(2101) Pause Young (Normal) (G1 Evacuation Pause) 13M->3M(256M) 1.584ms
[2025-03-05T02:28:16.592+0300][96.684s][info ][gc] GC(2102) Pause Young (Normal) (G1 Evacuation Pause) 13M->3M(256M) 1.014ms
[2025-03-05T02:28:16.636+0300][96.728s][info ][gc] GC(2103) Pause Young (Normal) (G1 Evacuation Pause) 14M->3M(256M) 1.622ms
[2025-03-05T02:28:16.676+0300][96.768s][info ][gc] GC(2104) Pause Young (Normal) (G1 Evacuation Pause) 13M->3M(256M) 1.130ms
[2025-03-05T02:28:16.721+0300][96.813s][info ][gc] GC(2105) Pause Young (Normal) (G1 Evacuation Pause) 14M->3M(256M) 1.586ms
[2025-03-05T02:28:16.761+0300][96.854s][info ][gc] GC(2106) Pause Young (Normal) (G1 Evacuation Pause) 13M->3M(256M) 1.029ms
[2025-03-05T02:28:16.808+0300][96.901s][info ][gc] GC(2107) Pause Young (Normal) (G1 Evacuation Pause) 14M->3M(256M) 1.413ms
[2025-03-05T02:28:16.850+0300][96.943s][info ][gc] GC(2108) Pause Young (Normal) (G1 Evacuation Pause) 13M->3M(256M) 0.701ms
[2025-03-05T02:28:16.897+0300][96.989s][info ][gc] GC(2109) Pause Young (Normal) (G1 Evacuation Pause) 14M->3M(256M) 1.533ms
[2025-03-05T02:28:16.940+0300][97.032s][info ][gc] GC(2110) Pause Young (Normal) (G1 Evacuation Pause) 13M->3M(256M) 1.054ms
[2025-03-05T02:28:16.987+0300][97.078s][info ][gc] GC(2111) Pause Young (Normal) (G1 Evacuation Pause) 14M->3M(256M) 1.664ms
[2025-03-05T02:28:17.030+0300][97.122s][info ][gc] GC(2112) Pause Young (Normal) (G1 Evacuation Pause) 13M->3M(256M) 1.021ms
[2025-03-05T02:28:17.077+0300][97.169s][info ][gc] GC(2113) Pause Young (Normal) (G1 Evacuation Pause) 14M->3M(256M) 1.542ms
[2025-03-05T02:28:17.118+0300][97.210s][info ][gc] GC(2114) Pause Young (Normal) (G1 Evacuation Pause) 13M->3M(256M) 0.731ms
[2025-03-05T02:28:17.167+0300][97.259s][info ][gc] GC(2115) Pause Young (Normal) (G1 Evacuation Pause) 14M->4M(256M) 1.474ms
[2025-03-05T02:28:17.214+0300][97.306s][info ][gc] GC(2116) Pause Young (Normal) (G1 Evacuation Pause) 15M->3M(256M) 1.387ms
[2025-03-05T02:28:17.264+0300][97.356s][info ][gc] GC(2117) Pause Young (Normal) (G1 Evacuation Pause) 14M->4M(256M) 1.674ms
[2025-03-05T02:28:17.307+0300][97.399s][info ][gc] GC(2118) Pause Young (Normal) (G1 Evacuation Pause) 14M->3M(256M) 0.908ms
[2025-03-05T02:28:17.356+0300][97.449s][info ][gc] GC(2119) Pause Young (Normal) (G1 Evacuation Pause) 14M->4M(256M) 1.647ms
[2025-03-05T02:28:17.402+0300][97.494s][info ][gc] GC(2120) Pause Young (Normal) (G1 Evacuation Pause) 14M->3M(256M) 1.033ms
[2025-03-05T02:28:17.450+0300][97.542s][info ][gc] GC(2121) Pause Young (Normal) (G1 Evacuation Pause) 14M->4M(256M) 1.741ms
[2025-03-05T02:28:17.492+0300][97.584s][info ][gc] GC(2122) Pause Young (Normal) (G1 Evacuation Pause) 14M->3M(256M) 1.257ms
[2025-03-05T02:28:17.538+0300][97.630s][info ][gc] GC(2123) Pause Young (Normal) (G1 Evacuation Pause) 14M->4M(256M) 1.606ms
[2025-03-05T02:28:17.578+0300][97.670s][info ][gc] GC(2124) Pause Young (Normal) (G1 Evacuation Pause) 14M->3M(256M) 1.090ms
[2025-03-05T02:28:17.624+0300][97.716s][info ][gc] GC(2125) Pause Young (Normal) (G1 Evacuation Pause) 14M->4M(256M) 1.965ms
[2025-03-05T02:28:17.665+0300][97.757s][info ][gc] GC(2126) Pause Young (Normal) (G1 Evacuation Pause) 14M->3M(256M) 1.174ms
[2025-03-05T02:28:17.713+0300][97.805s][info ][gc] GC(2127) Pause Young (Normal) (G1 Evacuation Pause) 14M->4M(256M) 1.744ms
[2025-03-05T02:28:17.756+0300][97.847s][info ][gc] GC(2128) Pause Young (Normal) (G1 Evacuation Pause) 14M->3M(256M) 1.117ms
[2025-03-05T02:28:17.800+0300][97.893s][info ][gc] GC(2129) Pause Young (Normal) (G1 Evacuation Pause) 14M->4M(256M) 1.960ms
[2025-03-05T02:28:17.841+0300][97.934s][info ][gc] GC(2130) Pause Young (Normal) (G1 Evacuation Pause) 14M->3M(256M) 1.315ms
[2025-03-05T02:28:17.887+0300][97.979s][info ][gc] GC(2131) Pause Young (Normal) (G1 Evacuation Pause) 14M->4M(256M) 1.679ms
[2025-03-05T02:28:17.930+0300][98.021s][info ][gc] GC(2132) Pause Young (Normal) (G1 Evacuation Pause) 14M->3M(256M) 1.448ms
[2025-03-05T02:28:17.975+0300][98.067s][info ][gc] GC(2133) Pause Young (Normal) (G1 Evacuation Pause) 14M->4M(256M) 2.158ms
[2025-03-05T02:28:18.016+0300][98.108s][info ][gc] GC(2134) Pause Young (Normal) (G1 Evacuation Pause) 14M->3M(256M) 1.442ms
[2025-03-05T02:28:18.062+0300][98.155s][info ][gc] GC(2135) Pause Young (Normal) (G1 Evacuation Pause) 14M->4M(256M) 1.992ms
[2025-03-05T02:28:18.106+0300][98.198s][info ][gc] GC(2136) Pause Young (Normal) (G1 Evacuation Pause) 14M->3M(256M) 1.283ms
[2025-03-05T02:28:18.156+0300][98.248s][info ][gc] GC(2137) Pause Young (Normal) (G1 Evacuation Pause) 14M->4M(256M) 1.920ms
[2025-03-05T02:28:18.198+0300][98.290s][info ][gc] GC(2138) Pause Young (Normal) (G1 Evacuation Pause) 14M->3M(256M) 1.311ms
[2025-03-05T02:28:18.245+0300][98.337s][info ][gc] GC(2139) Pause Young (Normal) (G1 Evacuation Pause) 14M->2M(256M) 0.520ms
[2025-03-05T02:28:18.290+0300][98.382s][info ][gc] GC(2140) Pause Young (Normal) (G1 Evacuation Pause) 13M->3M(256M) 1.401ms
[2025-03-05T02:28:18.338+0300][98.429s][info ][gc] GC(2141) Pause Young (Normal) (G1 Evacuation Pause) 14M->2M(256M) 0.780ms
[2025-03-05T02:28:18.384+0300][98.476s][info ][gc] GC(2142) Pause Young (Normal) (G1 Evacuation Pause) 13M->3M(256M) 1.543ms
[2025-03-05T02:28:18.429+0300][98.521s][info ][gc] GC(2143) Pause Young (Normal) (G1 Evacuation Pause) 14M->2M(256M) 0.872ms
[2025-03-05T02:28:18.476+0300][98.568s][info ][gc] GC(2144) Pause Young (Normal) (G1 Evacuation Pause) 13M->3M(256M) 1.569ms
[2025-03-05T02:28:18.523+0300][98.615s][info ][gc] GC(2145) Pause Young (Normal) (G1 Evacuation Pause) 13M->2M(256M) 1.032ms
[2025-03-05T02:28:18.573+0300][98.664s][info ][gc] GC(2146) Pause Young (Normal) (G1 Evacuation Pause) 13M->3M(256M) 1.736ms
[2025-03-05T02:28:18.614+0300][98.706s][info ][gc] GC(2147) Pause Young (Normal) (G1 Evacuation Pause) 13M->3M(256M) 0.856ms
[2025-03-05T02:28:18.659+0300][98.752s][info ][gc] GC(2148) Pause Young (Normal) (G1 Evacuation Pause) 14M->3M(256M) 1.800ms
[2025-03-05T02:28:18.700+0300][98.793s][info ][gc] GC(2149) Pause Young (Normal) (G1 Evacuation Pause) 13M->3M(256M) 0.867ms
[2025-03-05T02:28:18.745+0300][98.838s][info ][gc] GC(2150) Pause Young (Normal) (G1 Evacuation Pause) 14M->3M(256M) 1.784ms
[2025-03-05T02:28:18.786+0300][98.878s][info ][gc] GC(2151) Pause Young (Normal) (G1 Evacuation Pause) 13M->3M(256M) 0.900ms
[2025-03-05T02:28:18.831+0300][98.924s][info ][gc] GC(2152) Pause Young (Normal) (G1 Evacuation Pause) 14M->3M(256M) 1.767ms
[2025-03-05T02:28:18.872+0300][98.964s][info ][gc] GC(2153) Pause Young (Normal) (G1 Evacuation Pause) 13M->3M(256M) 0.890ms
[2025-03-05T02:28:18.917+0300][99.009s][info ][gc] GC(2154) Pause Young (Normal) (G1 Evacuation Pause) 14M->3M(256M) 1.749ms
[2025-03-05T02:28:18.958+0300][99.049s][info ][gc] GC(2155) Pause Young (Normal) (G1 Evacuation Pause) 13M->3M(256M) 0.914ms
[2025-03-05T02:28:19.002+0300][99.094s][info ][gc] GC(2156) Pause Young (Normal) (G1 Evacuation Pause) 14M->3M(256M) 1.603ms
[2025-03-05T02:28:19.054+0300][99.146s][info ][gc] GC(2157) Pause Young (Normal) (G1 Evacuation Pause) 15M->3M(256M) 1.323ms
[2025-03-05T02:28:19.100+0300][99.192s][info ][gc] GC(2158) Pause Young (Normal) (G1 Evacuation Pause) 14M->4M(256M) 2.086ms
[2025-03-05T02:28:19.141+0300][99.232s][info ][gc] GC(2159) Pause Young (Normal) (G1 Evacuation Pause) 14M->3M(256M) 1.325ms
[2025-03-05T02:28:19.187+0300][99.279s][info ][gc] GC(2160) Pause Young (Normal) (G1 Evacuation Pause) 14M->4M(256M) 1.776ms
[2025-03-05T02:28:19.231+0300][99.323s][info ][gc] GC(2161) Pause Young (Normal) (G1 Evacuation Pause) 14M->3M(256M) 1.090ms
[2025-03-05T02:28:19.280+0300][99.372s][info ][gc] GC(2162) Pause Young (Normal) (G1 Evacuation Pause) 14M->4M(256M) 1.937ms
[2025-03-05T02:28:19.322+0300][99.414s][info ][gc] GC(2163) Pause Young (Normal) (G1 Evacuation Pause) 14M->3M(256M) 1.119ms
[2025-03-05T02:28:19.367+0300][99.459s][info ][gc] GC(2164) Pause Young (Normal) (G1 Evacuation Pause) 14M->4M(256M) 1.653ms
[2025-03-05T02:28:19.407+0300][99.499s][info ][gc] GC(2165) Pause Young (Normal) (G1 Evacuation Pause) 14M->3M(256M) 1.154ms
[2025-03-05T02:28:19.453+0300][99.546s][info ][gc] GC(2166) Pause Young (Normal) (G1 Evacuation Pause) 14M->4M(256M) 2.015ms
[2025-03-05T02:28:19.496+0300][99.588s][info ][gc] GC(2167) Pause Young (Normal) (G1 Evacuation Pause) 14M->3M(256M) 1.249ms
[2025-03-05T02:28:19.540+0300][99.633s][info ][gc] GC(2168) Pause Young (Normal) (G1 Evacuation Pause) 14M->4M(256M) 1.642ms
[2025-03-05T02:28:19.581+0300][99.673s][info ][gc] GC(2169) Pause Young (Normal) (G1 Evacuation Pause) 14M->3M(256M) 1.177ms
[2025-03-05T02:28:19.625+0300][99.718s][info ][gc] GC(2170) Pause Young (Normal) (G1 Evacuation Pause) 14M->4M(256M) 1.816ms
[2025-03-05T02:28:19.667+0300][99.760s][info ][gc] GC(2171) Pause Young (Normal) (G1 Evacuation Pause) 14M->3M(256M) 1.440ms
[2025-03-05T02:28:19.713+0300][99.806s][info ][gc] GC(2172) Pause Young (Normal) (G1 Evacuation Pause) 14M->4M(256M) 2.104ms
[2025-03-05T02:28:19.756+0300][99.847s][info ][gc] GC(2173) Pause Young (Normal) (G1 Evacuation Pause) 14M->3M(256M) 1.062ms
[2025-03-05T02:28:19.801+0300][99.893s][info ][gc] GC(2174) Pause Young (Normal) (G1 Evacuation Pause) 14M->4M(256M) 1.929ms
[2025-03-05T02:28:19.844+0300][99.935s][info ][gc] GC(2175) Pause Young (Normal) (G1 Evacuation Pause) 14M->3M(256M) 1.601ms
[2025-03-05T02:28:19.889+0300][99.981s][info ][gc] GC(2176) Pause Young (Normal) (G1 Evacuation Pause) 14M->2M(256M) 0.537ms
[2025-03-05T02:28:19.935+0300][100.027s][info ][gc] GC(2177) Pause Young (Normal) (G1 Evacuation Pause) 13M->3M(256M) 1.392ms
[2025-03-05T02:28:19.979+0300][100.072s][info ][gc] GC(2178) Pause Young (Normal) (G1 Evacuation Pause) 14M->2M(256M) 0.912ms
[2025-03-05T02:28:20.026+0300][100.118s][info ][gc] GC(2179) Pause Young (Normal) (G1 Evacuation Pause) 13M->3M(256M) 1.546ms
[2025-03-05T02:28:20.070+0300][100.162s][info ][gc] GC(2180) Pause Young (Normal) (G1 Evacuation Pause) 14M->2M(256M) 0.948ms
[2025-03-05T02:28:20.115+0300][100.208s][info ][gc] GC(2181) Pause Young (Normal) (G1 Evacuation Pause) 13M->3M(256M) 1.730ms
[2025-03-05T02:28:20.159+0300][100.252s][info ][gc] GC(2182) Pause Young (Normal) (G1 Evacuation Pause) 13M->3M(256M) 0.854ms
[2025-03-05T02:28:20.207+0300][100.299s][info ][gc] GC(2183) Pause Young (Normal) (G1 Evacuation Pause) 14M->3M(256M) 1.939ms
[2025-03-05T02:28:20.250+0300][100.342s][info ][gc] GC(2184) Pause Young (Normal) (G1 Evacuation Pause) 13M->3M(256M) 0.595ms
[2025-03-05T02:28:20.297+0300][100.390s][info ][gc] GC(2185) Pause Young (Normal) (G1 Evacuation Pause) 14M->3M(256M) 1.635ms
[2025-03-05T02:28:20.361+0300][100.453s][info ][gc] GC(2186) Pause Young (Normal) (G1 Evacuation Pause) 13M->3M(256M) 0.962ms
[2025-03-05T02:28:20.419+0300][100.511s][info ][gc] GC(2187) Pause Young (Normal) (G1 Evacuation Pause) 14M->3M(256M) 1.595ms
[2025-03-05T02:28:20.469+0300][100.561s][info ][gc] GC(2188) Pause Young (Normal) (G1 Evacuation Pause) 13M->3M(256M) 0.990ms
[2025-03-05T02:28:20.519+0300][100.611s][info ][gc] GC(2189) Pause Young (Normal) (G1 Evacuation Pause) 14M->3M(256M) 1.769ms
[2025-03-05T02:28:20.562+0300][100.655s][info ][gc] GC(2190) Pause Young (Normal) (G1 Evacuation Pause) 13M->3M(256M) 0.963ms
[2025-03-05T02:28:20.610+0300][100.702s][info ][gc] GC(2191) Pause Young (Normal) (G1 Evacuation Pause) 14M->3M(256M) 1.906ms
[2025-03-05T02:28:20.653+0300][100.746s][info ][gc] GC(2192) Pause Young (Normal) (G1 Evacuation Pause) 13M->3M(256M) 1.137ms
[2025-03-05T02:28:20.700+0300][100.792s][info ][gc] GC(2193) Pause Young (Normal) (G1 Evacuation Pause) 14M->4M(256M) 1.569ms
[2025-03-05T02:28:20.740+0300][100.832s][info ][gc] GC(2194) Pause Young (Normal) (G1 Evacuation Pause) 14M->3M(256M) 1.132ms
[2025-03-05T02:28:20.789+0300][100.880s][info ][gc] GC(2195) Pause Young (Normal) (G1 Evacuation Pause) 14M->4M(256M) 1.716ms
[2025-03-05T02:28:20.832+0300][100.924s][info ][gc] GC(2196) Pause Young (Normal) (G1 Evacuation Pause) 14M->3M(256M) 0.972ms
[2025-03-05T02:28:20.878+0300][100.970s][info ][gc] GC(2197) Pause Young (Normal) (G1 Evacuation Pause) 14M->4M(256M) 2.050ms
[2025-03-05T02:28:20.919+0300][101.011s][info ][gc] GC(2198) Pause Young (Normal) (G1 Evacuation Pause) 14M->3M(256M) 1.171ms
[2025-03-05T02:28:20.966+0300][101.058s][info ][gc] GC(2199) Pause Young (Normal) (G1 Evacuation Pause) 14M->4M(256M) 1.753ms
[2025-03-05T02:28:21.006+0300][101.098s][info ][gc] GC(2200) Pause Young (Normal) (G1 Evacuation Pause) 14M->3M(256M) 0.906ms
[2025-03-05T02:28:21.053+0300][101.145s][info ][gc] GC(2201) Pause Young (Normal) (G1 Evacuation Pause) 14M->4M(256M) 1.827ms
[2025-03-05T02:28:21.117+0300][101.209s][info ][gc] GC(2202) Pause Young (Normal) (G1 Evacuation Pause) 14M->3M(256M) 1.192ms
[2025-03-05T02:28:21.209+0300][101.301s][info ][gc] GC(2203) Pause Young (Normal) (G1 Evacuation Pause) 14M->4M(256M) 1.456ms
[2025-03-05T02:28:21.251+0300][101.343s][info ][gc] GC(2204) Pause Young (Normal) (G1 Evacuation Pause) 14M->3M(256M) 0.842ms
[2025-03-05T02:28:21.303+0300][101.395s][info ][gc] GC(2205) Pause Young (Normal) (G1 Evacuation Pause) 14M->4M(256M) 1.692ms
[2025-03-05T02:28:21.352+0300][101.443s][info ][gc] GC(2206) Pause Young (Normal) (G1 Evacuation Pause) 14M->3M(256M) 0.983ms
[2025-03-05T02:28:21.406+0300][101.498s][info ][gc] GC(2207) Pause Young (Normal) (G1 Evacuation Pause) 14M->4M(256M) 1.821ms
[2025-03-05T02:28:21.452+0300][101.544s][info ][gc] GC(2208) Pause Young (Normal) (G1 Evacuation Pause) 14M->3M(256M) 1.298ms
[2025-03-05T02:28:21.522+0300][101.615s][info ][gc] GC(2209) Pause Young (Normal) (G1 Evacuation Pause) 14M->4M(256M) 1.744ms
[2025-03-05T02:28:21.565+0300][101.657s][info ][gc] GC(2210) Pause Young (Normal) (G1 Evacuation Pause) 14M->3M(256M) 0.997ms
[2025-03-05T02:28:21.609+0300][101.702s][info ][gc] GC(2211) Pause Young (Normal) (G1 Evacuation Pause) 14M->4M(256M) 1.948ms
[2025-03-05T02:28:21.650+0300][101.742s][info ][gc] GC(2212) Pause Young (Normal) (G1 Evacuation Pause) 14M->3M(256M) 1.277ms
[2025-03-05T02:28:21.695+0300][101.787s][info ][gc] GC(2213) Pause Young (Normal) (G1 Evacuation Pause) 14M->4M(256M) 1.905ms
[2025-03-05T02:28:21.737+0300][101.829s][info ][gc] GC(2214) Pause Young (Normal) (G1 Evacuation Pause) 14M->3M(256M) 1.476ms
[2025-03-05T02:28:21.786+0300][101.879s][info ][gc] GC(2215) Pause Young (Normal) (G1 Evacuation Pause) 14M->4M(256M) 1.630ms
[2025-03-05T02:28:21.828+0300][101.919s][info ][gc] GC(2216) Pause Young (Normal) (G1 Evacuation Pause) 14M->3M(256M) 1.208ms
[2025-03-05T02:28:21.872+0300][101.965s][info ][gc] GC(2217) Pause Young (Normal) (G1 Evacuation Pause) 14M->4M(256M) 1.742ms
[2025-03-05T02:28:21.916+0300][102.008s][info ][gc] GC(2218) Pause Young (Normal) (G1 Evacuation Pause) 14M->3M(256M) 1.313ms
[2025-03-05T02:28:21.962+0300][102.054s][info ][gc] GC(2219) Pause Young (Normal) (G1 Evacuation Pause) 14M->4M(256M) 2.136ms
[2025-03-05T02:28:22.005+0300][102.097s][info ][gc] GC(2220) Pause Young (Normal) (G1 Evacuation Pause) 14M->3M(256M) 1.534ms
[2025-03-05T02:28:22.050+0300][102.143s][info ][gc] GC(2221) Pause Young (Normal) (G1 Evacuation Pause) 14M->4M(256M) 1.930ms
[2025-03-05T02:28:22.099+0300][102.191s][info ][gc] GC(2222) Pause Young (Normal) (G1 Evacuation Pause) 14M->3M(256M) 1.236ms
[2025-03-05T02:28:22.151+0300][102.243s][info ][gc] GC(2223) Pause Young (Normal) (G1 Evacuation Pause) 14M->4M(256M) 2.276ms
[2025-03-05T02:28:22.195+0300][102.287s][info ][gc] GC(2224) Pause Young (Normal) (G1 Evacuation Pause) 14M->3M(256M) 1.444ms
[2025-03-05T02:28:22.255+0300][102.348s][info ][gc] GC(2225) Pause Young (Normal) (G1 Evacuation Pause) 14M->2M(256M) 0.557ms
[2025-03-05T02:28:22.301+0300][102.393s][info ][gc] GC(2226) Pause Young (Normal) (G1 Evacuation Pause) 13M->3M(256M) 1.224ms
[2025-03-05T02:28:22.347+0300][102.439s][info ][gc] GC(2227) Pause Young (Normal) (G1 Evacuation Pause) 14M->2M(256M) 0.920ms
[2025-03-05T02:28:22.393+0300][102.485s][info ][gc] GC(2228) Pause Young (Normal) (G1 Evacuation Pause) 13M->3M(256M) 1.413ms
[2025-03-05T02:28:22.440+0300][102.533s][info ][gc] GC(2229) Pause Young (Normal) (G1 Evacuation Pause) 14M->2M(256M) 0.911ms
[2025-03-05T02:28:22.490+0300][102.581s][info ][gc] GC(2230) Pause Young (Normal) (G1 Evacuation Pause) 13M->3M(256M) 1.539ms
[2025-03-05T02:28:22.531+0300][102.623s][info ][gc] GC(2231) Pause Young (Normal) (G1 Evacuation Pause) 13M->3M(256M) 0.693ms
[2025-03-05T02:28:22.576+0300][102.668s][info ][gc] GC(2232) Pause Young (Normal) (G1 Evacuation Pause) 14M->3M(256M) 1.661ms
[2025-03-05T02:28:22.617+0300][102.708s][info ][gc] GC(2233) Pause Young (Normal) (G1 Evacuation Pause) 13M->3M(256M) 0.826ms
[2025-03-05T02:28:22.660+0300][102.753s][info ][gc] GC(2234) Pause Young (Normal) (G1 Evacuation Pause) 14M->3M(256M) 1.620ms
[2025-03-05T02:28:22.705+0300][102.797s][info ][gc] GC(2235) Pause Young (Normal) (G1 Evacuation Pause) 13M->3M(256M) 0.821ms
[2025-03-05T02:28:22.750+0300][102.843s][info ][gc] GC(2236) Pause Young (Normal) (G1 Evacuation Pause) 14M->3M(256M) 1.800ms
[2025-03-05T02:28:22.790+0300][102.882s][info ][gc] GC(2237) Pause Young (Normal) (G1 Evacuation Pause) 13M->3M(256M) 0.893ms
[2025-03-05T02:28:22.834+0300][102.927s][info ][gc] GC(2238) Pause Young (Normal) (G1 Evacuation Pause) 14M->3M(256M) 1.758ms
[2025-03-05T02:28:22.876+0300][102.968s][info ][gc] GC(2239) Pause Young (Normal) (G1 Evacuation Pause) 13M->3M(256M) 1.016ms
[2025-03-05T02:28:22.921+0300][103.013s][info ][gc] GC(2240) Pause Young (Normal) (G1 Evacuation Pause) 14M->3M(256M) 1.433ms
[2025-03-05T02:28:22.962+0300][103.054s][info ][gc] GC(2241) Pause Young (Normal) (G1 Evacuation Pause) 13M->3M(256M) 1.035ms
[2025-03-05T02:28:23.006+0300][103.099s][info ][gc] GC(2242) Pause Young (Normal) (G1 Evacuation Pause) 14M->4M(256M) 1.524ms
[2025-03-05T02:28:23.050+0300][103.142s][info ][gc] GC(2243) Pause Young (Normal) (G1 Evacuation Pause) 14M->3M(256M) 1.131ms
[2025-03-05T02:28:23.095+0300][103.187s][info ][gc] GC(2244) Pause Young (Normal) (G1 Evacuation Pause) 14M->4M(256M) 1.562ms
[2025-03-05T02:28:23.139+0300][103.231s][info ][gc] GC(2245) Pause Young (Normal) (G1 Evacuation Pause) 15M->3M(256M) 1.351ms
[2025-03-05T02:28:23.183+0300][103.276s][info ][gc] GC(2246) Pause Young (Normal) (G1 Evacuation Pause) 14M->4M(256M) 1.870ms
[2025-03-05T02:28:23.224+0300][103.317s][info ][gc] GC(2247) Pause Young (Normal) (G1 Evacuation Pause) 14M->3M(256M) 1.022ms
[2025-03-05T02:28:23.269+0300][103.361s][info ][gc] GC(2248) Pause Young (Normal) (G1 Evacuation Pause) 14M->4M(256M) 1.510ms
[2025-03-05T02:28:23.309+0300][103.402s][info ][gc] GC(2249) Pause Young (Normal) (G1 Evacuation Pause) 14M->3M(256M) 1.263ms
[2025-03-05T02:28:23.356+0300][103.448s][info ][gc] GC(2250) Pause Young (Normal) (G1 Evacuation Pause) 14M->4M(256M) 1.933ms
[2025-03-05T02:28:23.396+0300][103.488s][info ][gc] GC(2251) Pause Young (Normal) (G1 Evacuation Pause) 14M->3M(256M) 1.322ms
[2025-03-05T02:28:23.441+0300][103.534s][info ][gc] GC(2252) Pause Young (Normal) (G1 Evacuation Pause) 14M->4M(256M) 1.969ms
[2025-03-05T02:28:23.482+0300][103.574s][info ][gc] GC(2253) Pause Young (Normal) (G1 Evacuation Pause) 14M->3M(256M) 1.305ms
[2025-03-05T02:28:23.527+0300][103.619s][info ][gc] GC(2254) Pause Young (Normal) (G1 Evacuation Pause) 14M->4M(256M) 1.859ms
[2025-03-05T02:28:23.568+0300][103.660s][info ][gc] GC(2255) Pause Young (Normal) (G1 Evacuation Pause) 14M->3M(256M) 1.296ms
[2025-03-05T02:28:23.614+0300][103.706s][info ][gc] GC(2256) Pause Young (Normal) (G1 Evacuation Pause) 14M->4M(256M) 2.011ms
[2025-03-05T02:28:23.655+0300][103.747s][info ][gc] GC(2257) Pause Young (Normal) (G1 Evacuation Pause) 14M->3M(256M) 1.420ms
[2025-03-05T02:28:23.704+0300][103.796s][info ][gc] GC(2258) Pause Young (Normal) (G1 Evacuation Pause) 14M->4M(256M) 1.963ms
[2025-03-05T02:28:23.748+0300][103.840s][info ][gc] GC(2259) Pause Young (Normal) (G1 Evacuation Pause) 14M->3M(256M) 1.455ms
[2025-03-05T02:28:23.793+0300][103.885s][info ][gc] GC(2260) Pause Young (Normal) (G1 Evacuation Pause) 14M->4M(256M) 1.969ms
[2025-03-05T02:28:23.833+0300][103.926s][info ][gc] GC(2261) Pause Young (Normal) (G1 Evacuation Pause) 14M->3M(256M) 1.331ms
[2025-03-05T02:28:23.879+0300][103.971s][info ][gc] GC(2262) Pause Young (Normal) (G1 Evacuation Pause) 14M->4M(256M) 1.679ms
[2025-03-05T02:28:23.919+0300][104.011s][info ][gc] GC(2263) Pause Young (Normal) (G1 Evacuation Pause) 14M->3M(256M) 1.532ms
[2025-03-05T02:28:23.965+0300][104.057s][info ][gc] GC(2264) Pause Young (Normal) (G1 Evacuation Pause) 14M->4M(256M) 2.084ms
[2025-03-05T02:28:24.007+0300][104.098s][info ][gc] GC(2265) Pause Young (Normal) (G1 Evacuation Pause) 14M->3M(256M) 1.542ms
[2025-03-05T02:28:24.052+0300][104.144s][info ][gc] GC(2266) Pause Young (Normal) (G1 Evacuation Pause) 14M->4M(256M) 1.919ms
[2025-03-05T02:28:24.092+0300][104.185s][info ][gc] GC(2267) Pause Young (Normal) (G1 Evacuation Pause) 14M->3M(256M) 1.478ms
[2025-03-05T02:28:24.136+0300][104.228s][info ][gc] GC(2268) Pause Young (Normal) (G1 Evacuation Pause) 14M->2M(256M) 0.406ms
[2025-03-05T02:28:24.182+0300][104.275s][info ][gc] GC(2269) Pause Young (Normal) (G1 Evacuation Pause) 13M->3M(256M) 1.506ms
[2025-03-05T02:28:24.229+0300][104.321s][info ][gc] GC(2270) Pause Young (Normal) (G1 Evacuation Pause) 14M->2M(256M) 0.933ms
[2025-03-05T02:28:24.274+0300][104.366s][info ][gc] GC(2271) Pause Young (Normal) (G1 Evacuation Pause) 13M->3M(256M) 1.623ms
[2025-03-05T02:28:24.319+0300][104.411s][info ][gc] GC(2272) Pause Young (Normal) (G1 Evacuation Pause) 14M->2M(256M) 1.009ms
[2025-03-05T02:28:24.363+0300][104.456s][info ][gc] GC(2273) Pause Young (Normal) (G1 Evacuation Pause) 13M->3M(256M) 1.686ms
[2025-03-05T02:28:24.404+0300][104.496s][info ][gc] GC(2274) Pause Young (Normal) (G1 Evacuation Pause) 13M->3M(256M) 0.969ms
[2025-03-05T02:28:24.451+0300][104.543s][info ][gc] GC(2275) Pause Young (Normal) (G1 Evacuation Pause) 14M->3M(256M) 1.639ms
[2025-03-05T02:28:24.491+0300][104.583s][info ][gc] GC(2276) Pause Young (Normal) (G1 Evacuation Pause) 13M->3M(256M) 0.878ms
[2025-03-05T02:28:24.535+0300][104.627s][info ][gc] GC(2277) Pause Young (Normal) (G1 Evacuation Pause) 14M->3M(256M) 1.445ms
[2025-03-05T02:28:24.576+0300][104.668s][info ][gc] GC(2278) Pause Young (Normal) (G1 Evacuation Pause) 13M->3M(256M) 1.053ms
[2025-03-05T02:28:24.620+0300][104.712s][info ][gc] GC(2279) Pause Young (Normal) (G1 Evacuation Pause) 14M->3M(256M) 1.697ms
[2025-03-05T02:28:24.661+0300][104.753s][info ][gc] GC(2280) Pause Young (Normal) (G1 Evacuation Pause) 13M->3M(256M) 1.065ms
[2025-03-05T02:28:24.706+0300][104.798s][info ][gc] GC(2281) Pause Young (Normal) (G1 Evacuation Pause) 14M->3M(256M) 1.363ms
[2025-03-05T02:28:24.747+0300][104.838s][info ][gc] GC(2282) Pause Young (Normal) (G1 Evacuation Pause) 13M->3M(256M) 1.014ms
[2025-03-05T02:28:24.790+0300][104.882s][info ][gc] GC(2283) Pause Young (Normal) (G1 Evacuation Pause) 14M->3M(256M) 1.460ms
[2025-03-05T02:28:24.831+0300][104.922s][info ][gc] GC(2284) Pause Young (Normal) (G1 Evacuation Pause) 13M->3M(256M) 1.016ms
[2025-03-05T02:28:24.876+0300][104.969s][info ][gc] GC(2285) Pause Young (Normal) (G1 Evacuation Pause) 14M->3M(256M) 2.039ms
[2025-03-05T02:28:24.917+0300][105.009s][info ][gc] GC(2286) Pause Young (Normal) (G1 Evacuation Pause) 13M->3M(256M) 1.025ms
[2025-03-05T02:28:24.962+0300][105.054s][info ][gc] GC(2287) Pause Young (Normal) (G1 Evacuation Pause) 14M->4M(256M) 1.759ms
[2025-03-05T02:28:25.002+0300][105.094s][info ][gc] GC(2288) Pause Young (Normal) (G1 Evacuation Pause) 14M->3M(256M) 0.951ms
[2025-03-05T02:28:25.048+0300][105.140s][info ][gc] GC(2289) Pause Young (Normal) (G1 Evacuation Pause) 14M->4M(256M) 1.798ms
[2025-03-05T02:28:25.097+0300][105.189s][info ][gc] GC(2290) Pause Young (Normal) (G1 Evacuation Pause) 16M->3M(256M) 1.131ms
[2025-03-05T02:28:25.144+0300][105.236s][info ][gc] GC(2291) Pause Young (Normal) (G1 Evacuation Pause) 14M->4M(256M) 2.330ms
[2025-03-05T02:28:25.185+0300][105.277s][info ][gc] GC(2292) Pause Young (Normal) (G1 Evacuation Pause) 14M->3M(256M) 1.210ms
[2025-03-05T02:28:25.229+0300][105.321s][info ][gc] GC(2293) Pause Young (Normal) (G1 Evacuation Pause) 14M->4M(256M) 1.722ms
[2025-03-05T02:28:25.270+0300][105.362s][info ][gc] GC(2294) Pause Young (Normal) (G1 Evacuation Pause) 14M->3M(256M) 1.262ms
[2025-03-05T02:28:25.315+0300][105.407s][info ][gc] GC(2295) Pause Young (Normal) (G1 Evacuation Pause) 14M->4M(256M) 2.055ms
[2025-03-05T02:28:25.356+0300][105.448s][info ][gc] GC(2296) Pause Young (Normal) (G1 Evacuation Pause) 14M->3M(256M) 1.410ms
[2025-03-05T02:28:25.400+0300][105.493s][info ][gc] GC(2297) Pause Young (Normal) (G1 Evacuation Pause) 14M->4M(256M) 2.023ms
[2025-03-05T02:28:25.443+0300][105.534s][info ][gc] GC(2298) Pause Young (Normal) (G1 Evacuation Pause) 14M->3M(256M) 1.287ms
[2025-03-05T02:28:25.488+0300][105.580s][info ][gc] GC(2299) Pause Young (Normal) (G1 Evacuation Pause) 14M->4M(256M) 1.656ms
[2025-03-05T02:28:25.530+0300][105.622s][info ][gc] GC(2300) Pause Young (Normal) (G1 Evacuation Pause) 14M->3M(256M) 1.029ms
[2025-03-05T02:28:25.578+0300][105.671s][info ][gc] GC(2301) Pause Young (Normal) (G1 Evacuation Pause) 14M->4M(256M) 1.844ms
[2025-03-05T02:28:25.621+0300][105.713s][info ][gc] GC(2302) Pause Young (Normal) (G1 Evacuation Pause) 14M->3M(256M) 1.074ms
[2025-03-05T02:28:25.672+0300][105.764s][info ][gc] GC(2303) Pause Young (Normal) (G1 Evacuation Pause) 14M->4M(256M) 1.717ms
[2025-03-05T02:28:25.713+0300][105.806s][info ][gc] GC(2304) Pause Young (Normal) (G1 Evacuation Pause) 14M->3M(256M) 1.442ms
[2025-03-05T02:28:25.765+0300][105.857s][info ][gc] GC(2305) Pause Young (Normal) (G1 Evacuation Pause) 14M->2M(256M) 0.677ms
[2025-03-05T02:28:25.821+0300][105.913s][info ][gc] GC(2306) Pause Young (Normal) (G1 Evacuation Pause) 13M->3M(256M) 1.546ms
[2025-03-05T02:28:25.868+0300][105.960s][info ][gc] GC(2307) Pause Young (Normal) (G1 Evacuation Pause) 14M->2M(256M) 0.751ms
[2025-03-05T02:28:25.917+0300][106.008s][info ][gc] GC(2308) Pause Young (Normal) (G1 Evacuation Pause) 13M->3M(256M) 1.168ms
[2025-03-05T02:28:25.961+0300][106.053s][info ][gc] GC(2309) Pause Young (Normal) (G1 Evacuation Pause) 14M->2M(256M) 1.040ms
[2025-03-05T02:28:26.007+0300][106.098s][info ][gc] GC(2310) Pause Young (Normal) (G1 Evacuation Pause) 13M->3M(256M) 1.688ms
[2025-03-05T02:28:26.048+0300][106.140s][info ][gc] GC(2311) Pause Young (Normal) (G1 Evacuation Pause) 13M->3M(256M) 0.934ms
[2025-03-05T02:28:26.092+0300][106.184s][info ][gc] GC(2312) Pause Young (Normal) (G1 Evacuation Pause) 14M->3M(256M) 1.479ms
[2025-03-05T02:28:26.132+0300][106.224s][info ][gc] GC(2313) Pause Young (Normal) (G1 Evacuation Pause) 13M->3M(256M) 0.805ms
[2025-03-05T02:28:26.181+0300][106.273s][info ][gc] GC(2314) Pause Young (Normal) (G1 Evacuation Pause) 14M->3M(256M) 1.771ms
[2025-03-05T02:28:26.229+0300][106.321s][info ][gc] GC(2315) Pause Young (Normal) (G1 Evacuation Pause) 13M->3M(256M) 1.199ms
[2025-03-05T02:28:26.279+0300][106.370s][info ][gc] GC(2316) Pause Young (Normal) (G1 Evacuation Pause) 14M->3M(256M) 1.940ms
[2025-03-05T02:28:26.320+0300][106.412s][info ][gc] GC(2317) Pause Young (Normal) (G1 Evacuation Pause) 13M->3M(256M) 0.692ms
[2025-03-05T02:28:26.369+0300][106.461s][info ][gc] GC(2318) Pause Young (Normal) (G1 Evacuation Pause) 14M->3M(256M) 1.652ms
[2025-03-05T02:28:26.411+0300][106.503s][info ][gc] GC(2319) Pause Young (Normal) (G1 Evacuation Pause) 13M->3M(256M) 1.220ms
[2025-03-05T02:28:26.457+0300][106.549s][info ][gc] GC(2320) Pause Young (Normal) (G1 Evacuation Pause) 14M->3M(256M) 1.643ms
[2025-03-05T02:28:26.498+0300][106.590s][info ][gc] GC(2321) Pause Young (Normal) (G1 Evacuation Pause) 13M->3M(256M) 1.137ms
[2025-03-05T02:28:26.543+0300][106.635s][info ][gc] GC(2322) Pause Young (Normal) (G1 Evacuation Pause) 14M->3M(256M) 1.720ms
[2025-03-05T02:28:26.582+0300][106.675s][info ][gc] GC(2323) Pause Young (Normal) (G1 Evacuation Pause) 13M->3M(256M) 1.011ms
[2025-03-05T02:28:26.628+0300][106.719s][info ][gc] GC(2324) Pause Young (Normal) (G1 Evacuation Pause) 14M->4M(256M) 1.667ms
[2025-03-05T02:28:26.669+0300][106.760s][info ][gc] GC(2325) Pause Young (Normal) (G1 Evacuation Pause) 14M->3M(256M) 1.222ms
[2025-03-05T02:28:26.713+0300][106.805s][info ][gc] GC(2326) Pause Young (Normal) (G1 Evacuation Pause) 14M->4M(256M) 1.776ms
[2025-03-05T02:28:26.753+0300][106.847s][info ][gc] GC(2327) Pause Young (Normal) (G1 Evacuation Pause) 14M->3M(256M) 1.137ms
[2025-03-05T02:28:26.800+0300][106.892s][info ][gc] GC(2328) Pause Young (Normal) (G1 Evacuation Pause) 14M->4M(256M) 1.995ms
[2025-03-05T02:28:26.841+0300][106.933s][info ][gc] GC(2329) Pause Young (Normal) (G1 Evacuation Pause) 14M->3M(256M) 1.185ms
[2025-03-05T02:28:26.887+0300][106.979s][info ][gc] GC(2330) Pause Young (Normal) (G1 Evacuation Pause) 14M->4M(256M) 1.725ms
[2025-03-05T02:28:26.928+0300][107.020s][info ][gc] GC(2331) Pause Young (Normal) (G1 Evacuation Pause) 14M->3M(256M) 1.251ms
[2025-03-05T02:28:26.973+0300][107.066s][info ][gc] GC(2332) Pause Young (Normal) (G1 Evacuation Pause) 14M->4M(256M) 1.576ms
[2025-03-05T02:28:27.015+0300][107.107s][info ][gc] GC(2333) Pause Young (Normal) (G1 Evacuation Pause) 14M->3M(256M) 1.184ms
[2025-03-05T02:28:27.060+0300][107.151s][info ][gc] GC(2334) Pause Young (Normal) (G1 Evacuation Pause) 14M->4M(256M) 1.765ms
[2025-03-05T02:28:27.100+0300][107.192s][info ][gc] GC(2335) Pause Young (Normal) (G1 Evacuation Pause) 14M->3M(256M) 1.115ms
[2025-03-05T02:28:27.147+0300][107.239s][info ][gc] GC(2336) Pause Young (Normal) (G1 Evacuation Pause) 14M->4M(256M) 2.332ms
[2025-03-05T02:28:27.187+0300][107.279s][info ][gc] GC(2337) Pause Young (Normal) (G1 Evacuation Pause) 14M->3M(256M) 1.123ms
[2025-03-05T02:28:27.233+0300][107.325s][info ][gc] GC(2338) Pause Young (Normal) (G1 Evacuation Pause) 14M->4M(256M) 1.694ms
[2025-03-05T02:28:27.273+0300][107.366s][info ][gc] GC(2339) Pause Young (Normal) (G1 Evacuation Pause) 14M->3M(256M) 1.161ms
[2025-03-05T02:28:27.320+0300][107.412s][info ][gc] GC(2340) Pause Young (Normal) (G1 Evacuation Pause) 14M->4M(256M) 2.020ms
[2025-03-05T02:28:27.361+0300][107.453s][info ][gc] GC(2341) Pause Young (Normal) (G1 Evacuation Pause) 14M->3M(256M) 1.423ms
[2025-03-05T02:28:27.406+0300][107.498s][info ][gc] GC(2342) Pause Young (Normal) (G1 Evacuation Pause) 14M->4M(256M) 1.756ms
[2025-03-05T02:28:27.449+0300][107.541s][info ][gc] GC(2343) Pause Young (Normal) (G1 Evacuation Pause) 14M->3M(256M) 1.323ms
[2025-03-05T02:28:27.497+0300][107.589s][info ][gc] GC(2344) Pause Young (Normal) (G1 Evacuation Pause) 14M->4M(256M) 1.760ms
[2025-03-05T02:28:27.540+0300][107.632s][info ][gc] GC(2345) Pause Young (Normal) (G1 Evacuation Pause) 14M->3M(256M) 1.148ms
[2025-03-05T02:28:27.604+0300][107.696s][info ][gc] GC(2346) Pause Young (Normal) (G1 Evacuation Pause) 14M->4M(256M) 2.081ms
[2025-03-05T02:28:27.648+0300][107.740s][info ][gc] GC(2347) Pause Young (Normal) (G1 Evacuation Pause) 14M->3M(256M) 1.077ms
[2025-03-05T02:28:27.695+0300][107.788s][info ][gc] GC(2348) Pause Young (Normal) (G1 Evacuation Pause) 14M->4M(256M) 1.967ms
[2025-03-05T02:28:27.737+0300][107.829s][info ][gc] GC(2349) Pause Young (Normal) (G1 Evacuation Pause) 14M->3M(256M) 1.046ms
[2025-03-05T02:28:27.787+0300][107.879s][info ][gc] GC(2350) Pause Young (Normal) (G1 Evacuation Pause) 14M->4M(256M) 2.098ms
[2025-03-05T02:28:27.830+0300][107.922s][info ][gc] GC(2351) Pause Young (Normal) (G1 Evacuation Pause) 14M->3M(256M) 1.313ms
[2025-03-05T02:28:27.883+0300][107.975s][info ][gc] GC(2352) Pause Young (Normal) (G1 Evacuation Pause) 14M->4M(256M) 2.797ms
[2025-03-05T02:28:27.931+0300][108.023s][info ][gc] GC(2353) Pause Young (Normal) (G1 Evacuation Pause) 14M->3M(256M) 1.417ms
[2025-03-05T02:28:27.981+0300][108.073s][info ][gc] GC(2354) Pause Young (Normal) (G1 Evacuation Pause) 14M->2M(256M) 0.662ms
[2025-03-05T02:28:28.031+0300][108.124s][info ][gc] GC(2355) Pause Young (Normal) (G1 Evacuation Pause) 13M->3M(256M) 1.729ms
[2025-03-05T02:28:28.077+0300][108.169s][info ][gc] GC(2356) Pause Young (Normal) (G1 Evacuation Pause) 14M->2M(256M) 0.711ms
[2025-03-05T02:28:28.121+0300][108.213s][info ][gc] GC(2357) Pause Young (Normal) (G1 Evacuation Pause) 13M->3M(256M) 1.337ms
[2025-03-05T02:28:28.166+0300][108.257s][info ][gc] GC(2358) Pause Young (Normal) (G1 Evacuation Pause) 14M->2M(256M) 0.999ms
[2025-03-05T02:28:28.210+0300][108.302s][info ][gc] GC(2359) Pause Young (Normal) (G1 Evacuation Pause) 13M->3M(256M) 1.861ms
[2025-03-05T02:28:28.252+0300][108.344s][info ][gc] GC(2360) Pause Young (Normal) (G1 Evacuation Pause) 13M->3M(256M) 0.933ms
[2025-03-05T02:28:28.299+0300][108.391s][info ][gc] GC(2361) Pause Young (Normal) (G1 Evacuation Pause) 14M->3M(256M) 1.564ms
[2025-03-05T02:28:28.339+0300][108.431s][info ][gc] GC(2362) Pause Young (Normal) (G1 Evacuation Pause) 13M->3M(256M) 1.071ms
[2025-03-05T02:28:28.383+0300][108.475s][info ][gc] GC(2363) Pause Young (Normal) (G1 Evacuation Pause) 14M->3M(256M) 1.684ms
[2025-03-05T02:28:28.424+0300][108.516s][info ][gc] GC(2364) Pause Young (Normal) (G1 Evacuation Pause) 13M->3M(256M) 0.996ms
[2025-03-05T02:28:28.470+0300][108.562s][info ][gc] GC(2365) Pause Young (Normal) (G1 Evacuation Pause) 14M->3M(256M) 1.709ms
[2025-03-05T02:28:28.512+0300][108.604s][info ][gc] GC(2366) Pause Young (Normal) (G1 Evacuation Pause) 13M->3M(256M) 0.979ms
[2025-03-05T02:28:28.557+0300][108.650s][info ][gc] GC(2367) Pause Young (Normal) (G1 Evacuation Pause) 14M->3M(256M) 1.494ms
[2025-03-05T02:28:28.597+0300][108.690s][info ][gc] GC(2368) Pause Young (Normal) (G1 Evacuation Pause) 13M->3M(256M) 1.064ms
[2025-03-05T02:28:28.643+0300][108.735s][info ][gc] GC(2369) Pause Young (Normal) (G1 Evacuation Pause) 14M->3M(256M) 1.822ms
[2025-03-05T02:28:28.684+0300][108.776s][info ][gc] GC(2370) Pause Young (Normal) (G1 Evacuation Pause) 13M->3M(256M) 1.193ms
[2025-03-05T02:28:28.729+0300][108.821s][info ][gc] GC(2371) Pause Young (Normal) (G1 Evacuation Pause) 14M->3M(256M) 1.805ms
[2025-03-05T02:28:28.843+0300][108.934s][info ][gc] GC(2372) Pause Young (Normal) (G1 Evacuation Pause) 13M->3M(256M) 1.309ms
[2025-03-05T02:28:28.899+0300][108.991s][info ][gc] GC(2373) Pause Young (Normal) (G1 Evacuation Pause) 14M->3M(256M) 1.535ms
[2025-03-05T02:28:28.951+0300][109.042s][info ][gc] GC(2374) Pause Young (Normal) (G1 Evacuation Pause) 13M->3M(256M) 1.037ms
[2025-03-05T02:28:29.000+0300][109.093s][info ][gc] GC(2375) Pause Young (Normal) (G1 Evacuation Pause) 14M->4M(256M) 1.707ms
[2025-03-05T02:28:29.044+0300][109.136s][info ][gc] GC(2376) Pause Young (Normal) (G1 Evacuation Pause) 14M->3M(256M) 1.284ms
[2025-03-05T02:28:29.092+0300][109.185s][info ][gc] GC(2377) Pause Young (Normal) (G1 Evacuation Pause) 14M->4M(256M) 1.632ms
[2025-03-05T02:28:29.138+0300][109.229s][info ][gc] GC(2378) Pause Young (Normal) (G1 Evacuation Pause) 14M->3M(256M) 0.843ms
[2025-03-05T02:28:29.189+0300][109.281s][info ][gc] GC(2379) Pause Young (Normal) (G1 Evacuation Pause) 14M->4M(256M) 1.461ms
[2025-03-05T02:28:29.233+0300][109.325s][info ][gc] GC(2380) Pause Young (Normal) (G1 Evacuation Pause) 14M->3M(256M) 0.795ms
[2025-03-05T02:28:29.279+0300][109.371s][info ][gc] GC(2381) Pause Young (Normal) (G1 Evacuation Pause) 14M->4M(256M) 1.864ms
[2025-03-05T02:28:29.321+0300][109.413s][info ][gc] GC(2382) Pause Young (Normal) (G1 Evacuation Pause) 14M->3M(256M) 1.309ms
[2025-03-05T02:28:29.371+0300][109.462s][info ][gc] GC(2383) Pause Young (Normal) (G1 Evacuation Pause) 14M->4M(256M) 1.852ms
[2025-03-05T02:28:29.416+0300][109.507s][info ][gc] GC(2384) Pause Young (Normal) (G1 Evacuation Pause) 14M->3M(256M) 1.037ms
[2025-03-05T02:28:29.467+0300][109.559s][info ][gc] GC(2385) Pause Young (Normal) (G1 Evacuation Pause) 14M->4M(256M) 1.900ms
[2025-03-05T02:28:29.511+0300][109.603s][info ][gc] GC(2386) Pause Young (Normal) (G1 Evacuation Pause) 14M->3M(256M) 1.475ms
[2025-03-05T02:28:29.561+0300][109.652s][info ][gc] GC(2387) Pause Young (Normal) (G1 Evacuation Pause) 14M->4M(256M) 1.885ms
[2025-03-05T02:28:29.607+0300][109.699s][info ][gc] GC(2388) Pause Young (Normal) (G1 Evacuation Pause) 14M->3M(256M) 1.064ms
[2025-03-05T02:28:29.654+0300][109.746s][info ][gc] GC(2389) Pause Young (Normal) (G1 Evacuation Pause) 14M->4M(256M) 1.710ms
[2025-03-05T02:28:29.696+0300][109.788s][info ][gc] GC(2390) Pause Young (Normal) (G1 Evacuation Pause) 14M->3M(256M) 1.242ms
[2025-03-05T02:28:29.746+0300][109.838s][info ][gc] GC(2391) Pause Young (Normal) (G1 Evacuation Pause) 14M->4M(256M) 2.025ms
[2025-03-05T02:28:29.790+0300][109.882s][info ][gc] GC(2392) Pause Young (Normal) (G1 Evacuation Pause) 14M->3M(256M) 0.953ms
[2025-03-05T02:28:29.843+0300][109.934s][info ][gc] GC(2393) Pause Young (Normal) (G1 Evacuation Pause) 14M->4M(256M) 2.028ms
[2025-03-05T02:28:29.889+0300][109.981s][info ][gc] GC(2394) Pause Young (Normal) (G1 Evacuation Pause) 14M->3M(256M) 1.407ms
[2025-03-05T02:28:29.935+0300][110.027s][info ][gc] GC(2395) Pause Young (Normal) (G1 Evacuation Pause) 14M->4M(256M) 1.704ms
[2025-03-05T02:28:29.975+0300][110.067s][info ][gc] GC(2396) Pause Young (Normal) (G1 Evacuation Pause) 14M->3M(256M) 1.459ms
[2025-03-05T02:28:30.022+0300][110.114s][info ][gc] GC(2397) Pause Young (Normal) (G1 Evacuation Pause) 14M->4M(256M) 1.596ms
[2025-03-05T02:28:30.066+0300][110.158s][info ][gc] GC(2398) Pause Young (Normal) (G1 Evacuation Pause) 14M->3M(256M) 1.396ms
[2025-03-05T02:28:30.115+0300][110.207s][info ][gc] GC(2399) Pause Young (Normal) (G1 Evacuation Pause) 14M->4M(256M) 2.341ms
[2025-03-05T02:28:30.163+0300][110.256s][info ][gc] GC(2400) Pause Young (Normal) (G1 Evacuation Pause) 14M->3M(256M) 1.516ms
[2025-03-05T02:28:30.216+0300][110.308s][info ][gc] GC(2401) Pause Young (Normal) (G1 Evacuation Pause) 14M->4M(256M) 2.459ms
[2025-03-05T02:28:30.261+0300][110.353s][info ][gc] GC(2402) Pause Young (Normal) (G1 Evacuation Pause) 14M->3M(256M) 1.428ms
[2025-03-05T02:28:30.306+0300][110.399s][info ][gc] GC(2403) Pause Young (Normal) (G1 Evacuation Pause) 14M->2M(256M) 0.645ms
[2025-03-05T02:28:30.351+0300][110.444s][info ][gc] GC(2404) Pause Young (Normal) (G1 Evacuation Pause) 13M->3M(256M) 1.672ms
[2025-03-05T02:28:30.421+0300][110.512s][info ][gc] GC(2405) Pause Young (Normal) (G1 Evacuation Pause) 14M->2M(256M) 0.739ms
[2025-03-05T02:28:30.469+0300][110.561s][info ][gc] GC(2406) Pause Young (Normal) (G1 Evacuation Pause) 13M->3M(256M) 1.228ms
[2025-03-05T02:28:30.518+0300][110.609s][info ][gc] GC(2407) Pause Young (Normal) (G1 Evacuation Pause) 14M->2M(256M) 0.567ms
[2025-03-05T02:28:30.567+0300][110.658s][info ][gc] GC(2408) Pause Young (Normal) (G1 Evacuation Pause) 13M->3M(256M) 1.574ms
[2025-03-05T02:28:30.609+0300][110.701s][info ][gc] GC(2409) Pause Young (Normal) (G1 Evacuation Pause) 13M->3M(256M) 0.679ms
[2025-03-05T02:28:30.658+0300][110.750s][info ][gc] GC(2410) Pause Young (Normal) (G1 Evacuation Pause) 14M->3M(256M) 1.380ms
[2025-03-05T02:28:30.701+0300][110.793s][info ][gc] GC(2411) Pause Young (Normal) (G1 Evacuation Pause) 13M->3M(256M) 0.918ms
[2025-03-05T02:28:30.747+0300][110.839s][info ][gc] GC(2412) Pause Young (Normal) (G1 Evacuation Pause) 14M->3M(256M) 1.808ms
[2025-03-05T02:28:30.792+0300][110.884s][info ][gc] GC(2413) Pause Young (Normal) (G1 Evacuation Pause) 13M->3M(256M) 0.795ms
[2025-03-05T02:28:30.839+0300][110.932s][info ][gc] GC(2414) Pause Young (Normal) (G1 Evacuation Pause) 14M->3M(256M) 1.347ms
[2025-03-05T02:28:30.883+0300][110.976s][info ][gc] GC(2415) Pause Young (Normal) (G1 Evacuation Pause) 13M->3M(256M) 0.911ms
[2025-03-05T02:28:30.938+0300][111.030s][info ][gc] GC(2416) Pause Young (Normal) (G1 Evacuation Pause) 14M->3M(256M) 1.565ms
[2025-03-05T02:28:30.985+0300][111.077s][info ][gc] GC(2417) Pause Young (Normal) (G1 Evacuation Pause) 13M->3M(256M) 0.731ms
[2025-03-05T02:28:31.038+0300][111.130s][info ][gc] GC(2418) Pause Young (Normal) (G1 Evacuation Pause) 14M->3M(256M) 1.739ms
[2025-03-05T02:28:31.083+0300][111.175s][info ][gc] GC(2419) Pause Young (Normal) (G1 Evacuation Pause) 13M->3M(256M) 1.080ms
[2025-03-05T02:28:31.132+0300][111.224s][info ][gc] GC(2420) Pause Young (Normal) (G1 Evacuation Pause) 14M->3M(256M) 1.844ms
[2025-03-05T02:28:31.176+0300][111.268s][info ][gc] GC(2421) Pause Young (Normal) (G1 Evacuation Pause) 13M->3M(256M) 1.040ms
[2025-03-05T02:28:31.230+0300][111.323s][info ][gc] GC(2422) Pause Young (Normal) (G1 Evacuation Pause) 14M->4M(256M) 1.778ms
[2025-03-05T02:28:31.289+0300][111.381s][info ][gc] GC(2423) Pause Young (Normal) (G1 Evacuation Pause) 14M->3M(256M) 0.949ms
[2025-03-05T02:28:31.338+0300][111.430s][info ][gc] GC(2424) Pause Young (Normal) (G1 Evacuation Pause) 14M->4M(256M) 1.605ms
[2025-03-05T02:28:31.385+0300][111.477s][info ][gc] GC(2425) Pause Young (Normal) (G1 Evacuation Pause) 14M->3M(256M) 1.272ms
[2025-03-05T02:28:31.436+0300][111.527s][info ][gc] GC(2426) Pause Young (Normal) (G1 Evacuation Pause) 14M->4M(256M) 1.858ms
[2025-03-05T02:28:31.484+0300][111.576s][info ][gc] GC(2427) Pause Young (Normal) (G1 Evacuation Pause) 14M->3M(256M) 1.109ms
[2025-03-05T02:28:31.536+0300][111.628s][info ][gc] GC(2428) Pause Young (Normal) (G1 Evacuation Pause) 14M->4M(256M) 1.443ms
[2025-03-05T02:28:31.581+0300][111.673s][info ][gc] GC(2429) Pause Young (Normal) (G1 Evacuation Pause) 14M->3M(256M) 1.033ms
[2025-03-05T02:28:31.630+0300][111.722s][info ][gc] GC(2430) Pause Young (Normal) (G1 Evacuation Pause) 14M->4M(256M) 1.759ms
[2025-03-05T02:28:31.673+0300][111.766s][info ][gc] GC(2431) Pause Young (Normal) (G1 Evacuation Pause) 14M->3M(256M) 1.238ms
[2025-03-05T02:28:31.724+0300][111.816s][info ][gc] GC(2432) Pause Young (Normal) (G1 Evacuation Pause) 14M->4M(256M) 1.723ms
[2025-03-05T02:28:31.769+0300][111.861s][info ][gc] GC(2433) Pause Young (Normal) (G1 Evacuation Pause) 14M->3M(256M) 1.158ms
[2025-03-05T02:28:31.816+0300][111.908s][info ][gc] GC(2434) Pause Young (Normal) (G1 Evacuation Pause) 14M->4M(256M) 1.340ms
[2025-03-05T02:28:31.857+0300][111.950s][info ][gc] GC(2435) Pause Young (Normal) (G1 Evacuation Pause) 14M->3M(256M) 1.067ms
[2025-03-05T02:28:31.907+0300][111.999s][info ][gc] GC(2436) Pause Young (Normal) (G1 Evacuation Pause) 14M->4M(256M) 1.583ms
[2025-03-05T02:28:31.952+0300][112.044s][info ][gc] GC(2437) Pause Young (Normal) (G1 Evacuation Pause) 14M->3M(256M) 1.185ms
[2025-03-05T02:28:32.014+0300][112.106s][info ][gc] GC(2438) Pause Young (Normal) (G1 Evacuation Pause) 14M->4M(256M) 1.977ms
[2025-03-05T02:28:32.061+0300][112.153s][info ][gc] GC(2439) Pause Young (Normal) (G1 Evacuation Pause) 14M->3M(256M) 1.179ms
[2025-03-05T02:28:32.107+0300][112.199s][info ][gc] GC(2440) Pause Young (Normal) (G1 Evacuation Pause) 14M->4M(256M) 1.526ms
[2025-03-05T02:28:32.152+0300][112.244s][info ][gc] GC(2441) Pause Young (Normal) (G1 Evacuation Pause) 14M->3M(256M) 1.241ms
[2025-03-05T02:28:32.198+0300][112.290s][info ][gc] GC(2442) Pause Young (Normal) (G1 Evacuation Pause) 14M->4M(256M) 1.742ms
[2025-03-05T02:28:32.241+0300][112.333s][info ][gc] GC(2443) Pause Young (Normal) (G1 Evacuation Pause) 14M->3M(256M) 1.518ms
[2025-03-05T02:28:32.288+0300][112.380s][info ][gc] GC(2444) Pause Young (Normal) (G1 Evacuation Pause) 14M->4M(256M) 1.832ms
[2025-03-05T02:28:32.331+0300][112.423s][info ][gc] GC(2445) Pause Young (Normal) (G1 Evacuation Pause) 14M->3M(256M) 1.090ms
[2025-03-05T02:28:32.379+0300][112.471s][info ][gc] GC(2446) Pause Young (Normal) (G1 Evacuation Pause) 14M->4M(256M) 1.921ms
[2025-03-05T02:28:32.422+0300][112.515s][info ][gc] GC(2447) Pause Young (Normal) (G1 Evacuation Pause) 14M->3M(256M) 1.449ms
[2025-03-05T02:28:32.471+0300][112.564s][info ][gc] GC(2448) Pause Young (Normal) (G1 Evacuation Pause) 14M->4M(256M) 1.739ms
[2025-03-05T02:28:32.513+0300][112.606s][info ][gc] GC(2449) Pause Young (Normal) (G1 Evacuation Pause) 14M->3M(256M) 1.341ms
[2025-03-05T02:28:32.562+0300][112.654s][info ][gc] GC(2450) Pause Young (Normal) (G1 Evacuation Pause) 14M->4M(256M) 2.033ms
[2025-03-05T02:28:32.606+0300][112.698s][info ][gc] GC(2451) Pause Young (Normal) (G1 Evacuation Pause) 14M->3M(256M) 1.305ms
[2025-03-05T02:28:32.656+0300][112.748s][info ][gc] GC(2452) Pause Young (Normal) (G1 Evacuation Pause) 14M->2M(256M) 0.446ms
[2025-03-05T02:28:32.703+0300][112.796s][info ][gc] GC(2453) Pause Young (Normal) (G1 Evacuation Pause) 13M->3M(256M) 1.441ms
[2025-03-05T02:28:32.751+0300][112.843s][info ][gc] GC(2454) Pause Young (Normal) (G1 Evacuation Pause) 14M->2M(256M) 0.685ms
[2025-03-05T02:28:32.797+0300][112.889s][info ][gc] GC(2455) Pause Young (Normal) (G1 Evacuation Pause) 13M->3M(256M) 1.315ms
[2025-03-05T02:28:32.847+0300][112.939s][info ][gc] GC(2456) Pause Young (Normal) (G1 Evacuation Pause) 14M->2M(256M) 0.844ms
[2025-03-05T02:28:32.897+0300][112.989s][info ][gc] GC(2457) Pause Young (Normal) (G1 Evacuation Pause) 13M->3M(256M) 1.650ms
[2025-03-05T02:28:32.941+0300][113.033s][info ][gc] GC(2458) Pause Young (Normal) (G1 Evacuation Pause) 13M->2M(256M) 0.680ms
[2025-03-05T02:28:32.988+0300][113.080s][info ][gc] GC(2459) Pause Young (Normal) (G1 Evacuation Pause) 13M->3M(256M) 1.427ms
[2025-03-05T02:28:33.028+0300][113.120s][info ][gc] GC(2460) Pause Young (Normal) (G1 Evacuation Pause) 13M->3M(256M) 0.957ms
[2025-03-05T02:28:33.073+0300][113.165s][info ][gc] GC(2461) Pause Young (Normal) (G1 Evacuation Pause) 14M->3M(256M) 1.653ms
[2025-03-05T02:28:33.116+0300][113.208s][info ][gc] GC(2462) Pause Young (Normal) (G1 Evacuation Pause) 13M->3M(256M) 1.018ms
[2025-03-05T02:28:33.165+0300][113.257s][info ][gc] GC(2463) Pause Young (Normal) (G1 Evacuation Pause) 14M->3M(256M) 1.599ms
[2025-03-05T02:28:33.209+0300][113.301s][info ][gc] GC(2464) Pause Young (Normal) (G1 Evacuation Pause) 13M->3M(256M) 0.964ms
[2025-03-05T02:28:33.257+0300][113.349s][info ][gc] GC(2465) Pause Young (Normal) (G1 Evacuation Pause) 14M->3M(256M) 1.654ms
[2025-03-05T02:28:33.298+0300][113.390s][info ][gc] GC(2466) Pause Young (Normal) (G1 Evacuation Pause) 13M->3M(256M) 0.836ms
[2025-03-05T02:28:33.348+0300][113.440s][info ][gc] GC(2467) Pause Young (Normal) (G1 Evacuation Pause) 14M->3M(256M) 1.653ms
[2025-03-05T02:28:33.393+0300][113.487s][info ][gc] GC(2468) Pause Young (Normal) (G1 Evacuation Pause) 13M->3M(256M) 0.915ms
[2025-03-05T02:28:33.445+0300][113.537s][info ][gc] GC(2469) Pause Young (Normal) (G1 Evacuation Pause) 14M->3M(256M) 2.139ms
[2025-03-05T02:28:33.490+0300][113.582s][info ][gc] GC(2470) Pause Young (Normal) (G1 Evacuation Pause) 13M->3M(256M) 0.909ms
[2025-03-05T02:28:33.540+0300][113.632s][info ][gc] GC(2471) Pause Young (Normal) (G1 Evacuation Pause) 14M->4M(256M) 1.881ms
[2025-03-05T02:28:33.587+0300][113.679s][info ][gc] GC(2472) Pause Young (Normal) (G1 Evacuation Pause) 14M->3M(256M) 1.370ms
[2025-03-05T02:28:33.633+0300][113.726s][info ][gc] GC(2473) Pause Young (Normal) (G1 Evacuation Pause) 14M->4M(256M) 1.436ms
[2025-03-05T02:28:33.678+0300][113.770s][info ][gc] GC(2474) Pause Young (Normal) (G1 Evacuation Pause) 14M->3M(256M) 0.879ms
[2025-03-05T02:28:33.726+0300][113.817s][info ][gc] GC(2475) Pause Young (Normal) (G1 Evacuation Pause) 14M->4M(256M) 1.488ms
[2025-03-05T02:28:33.768+0300][113.860s][info ][gc] GC(2476) Pause Young (Normal) (G1 Evacuation Pause) 14M->3M(256M) 1.011ms
[2025-03-05T02:28:33.816+0300][113.908s][info ][gc] GC(2477) Pause Young (Normal) (G1 Evacuation Pause) 14M->4M(256M) 1.663ms
[2025-03-05T02:28:33.859+0300][113.951s][info ][gc] GC(2478) Pause Young (Normal) (G1 Evacuation Pause) 14M->3M(256M) 1.010ms
[2025-03-05T02:28:33.904+0300][113.997s][info ][gc] GC(2479) Pause Young (Normal) (G1 Evacuation Pause) 14M->4M(256M) 1.670ms
[2025-03-05T02:28:33.945+0300][114.038s][info ][gc] GC(2480) Pause Young (Normal) (G1 Evacuation Pause) 14M->3M(256M) 1.297ms
[2025-03-05T02:28:33.995+0300][114.086s][info ][gc] GC(2481) Pause Young (Normal) (G1 Evacuation Pause) 14M->4M(256M) 1.860ms
[2025-03-05T02:28:34.045+0300][114.138s][info ][gc] GC(2482) Pause Young (Normal) (G1 Evacuation Pause) 14M->3M(256M) 0.969ms
[2025-03-05T02:28:34.102+0300][114.195s][info ][gc] GC(2483) Pause Young (Normal) (G1 Evacuation Pause) 14M->4M(256M) 1.832ms
[2025-03-05T02:28:34.154+0300][114.246s][info ][gc] GC(2484) Pause Young (Normal) (G1 Evacuation Pause) 14M->3M(256M) 1.190ms
[2025-03-05T02:28:34.227+0300][114.319s][info ][gc] GC(2485) Pause Young (Normal) (G1 Evacuation Pause) 14M->4M(256M) 1.390ms
[2025-03-05T02:28:34.268+0300][114.361s][info ][gc] GC(2486) Pause Young (Normal) (G1 Evacuation Pause) 14M->3M(256M) 0.885ms
[2025-03-05T02:28:34.317+0300][114.409s][info ][gc] GC(2487) Pause Young (Normal) (G1 Evacuation Pause) 14M->4M(256M) 1.469ms
[2025-03-05T02:28:34.362+0300][114.454s][info ][gc] GC(2488) Pause Young (Normal) (G1 Evacuation Pause) 14M->3M(256M) 1.052ms
[2025-03-05T02:28:34.411+0300][114.503s][info ][gc] GC(2489) Pause Young (Normal) (G1 Evacuation Pause) 14M->4M(256M) 2.249ms
[2025-03-05T02:28:34.459+0300][114.550s][info ][gc] GC(2490) Pause Young (Normal) (G1 Evacuation Pause) 14M->3M(256M) 1.097ms
[2025-03-05T02:28:34.518+0300][114.610s][info ][gc] GC(2491) Pause Young (Normal) (G1 Evacuation Pause) 14M->4M(256M) 1.836ms
[2025-03-05T02:28:34.568+0300][114.660s][info ][gc] GC(2492) Pause Young (Normal) (G1 Evacuation Pause) 14M->3M(256M) 1.123ms
[2025-03-05T02:28:34.617+0300][114.709s][info ][gc] GC(2493) Pause Young (Normal) (G1 Evacuation Pause) 14M->4M(256M) 1.616ms
[2025-03-05T02:28:34.675+0300][114.767s][info ][gc] GC(2494) Pause Young (Normal) (G1 Evacuation Pause) 14M->3M(256M) 1.146ms
[2025-03-05T02:28:34.721+0300][114.813s][info ][gc] GC(2495) Pause Young (Normal) (G1 Evacuation Pause) 14M->4M(256M) 1.713ms
[2025-03-05T02:28:34.765+0300][114.857s][info ][gc] GC(2496) Pause Young (Normal) (G1 Evacuation Pause) 14M->3M(256M) 1.387ms
[2025-03-05T02:28:34.825+0300][114.917s][info ][gc] GC(2497) Pause Young (Normal) (G1 Evacuation Pause) 14M->4M(256M) 1.940ms
[2025-03-05T02:28:34.881+0300][114.973s][info ][gc] GC(2498) Pause Young (Normal) (G1 Evacuation Pause) 14M->3M(256M) 1.210ms
[2025-03-05T02:28:34.933+0300][115.026s][info ][gc] GC(2499) Pause Young (Normal) (G1 Evacuation Pause) 14M->4M(256M) 2.057ms
[2025-03-05T02:28:34.976+0300][115.067s][info ][gc] GC(2500) Pause Young (Normal) (G1 Evacuation Pause) 14M->3M(256M) 0.986ms
[2025-03-05T02:28:35.022+0300][115.114s][info ][gc] GC(2501) Pause Young (Normal) (G1 Evacuation Pause) 14M->2M(256M) 0.436ms
[2025-03-05T02:28:35.069+0300][115.161s][info ][gc] GC(2502) Pause Young (Normal) (G1 Evacuation Pause) 13M->3M(256M) 1.329ms
[2025-03-05T02:28:35.117+0300][115.209s][info ][gc] GC(2503) Pause Young (Normal) (G1 Evacuation Pause) 14M->2M(256M) 0.576ms
[2025-03-05T02:28:35.165+0300][115.257s][info ][gc] GC(2504) Pause Young (Normal) (G1 Evacuation Pause) 13M->3M(256M) 1.365ms
[2025-03-05T02:28:35.212+0300][115.304s][info ][gc] GC(2505) Pause Young (Normal) (G1 Evacuation Pause) 14M->2M(256M) 0.967ms
[2025-03-05T02:28:35.263+0300][115.356s][info ][gc] GC(2506) Pause Young (Normal) (G1 Evacuation Pause) 13M->3M(256M) 1.693ms
[2025-03-05T02:28:35.309+0300][115.401s][info ][gc] GC(2507) Pause Young (Normal) (G1 Evacuation Pause) 13M->3M(256M) 0.988ms
[2025-03-05T02:28:35.365+0300][115.457s][info ][gc] GC(2508) Pause Young (Normal) (G1 Evacuation Pause) 14M->3M(256M) 1.777ms
[2025-03-05T02:28:35.422+0300][115.514s][info ][gc] GC(2509) Pause Young (Normal) (G1 Evacuation Pause) 13M->3M(256M) 0.677ms
[2025-03-05T02:28:35.474+0300][115.567s][info ][gc] GC(2510) Pause Young (Normal) (G1 Evacuation Pause) 14M->3M(256M) 1.532ms
[2025-03-05T02:28:35.524+0300][115.616s][info ][gc] GC(2511) Pause Young (Normal) (G1 Evacuation Pause) 13M->3M(256M) 0.876ms
[2025-03-05T02:28:35.573+0300][115.665s][info ][gc] GC(2512) Pause Young (Normal) (G1 Evacuation Pause) 14M->3M(256M) 1.517ms
[2025-03-05T02:28:35.616+0300][115.707s][info ][gc] GC(2513) Pause Young (Normal) (G1 Evacuation Pause) 13M->3M(256M) 0.930ms
[2025-03-05T02:28:35.665+0300][115.756s][info ][gc] GC(2514) Pause Young (Normal) (G1 Evacuation Pause) 14M->3M(256M) 1.827ms
[2025-03-05T02:28:35.711+0300][115.802s][info ][gc] GC(2515) Pause Young (Normal) (G1 Evacuation Pause) 13M->3M(256M) 1.161ms
[2025-03-05T02:28:35.763+0300][115.855s][info ][gc] GC(2516) Pause Young (Normal) (G1 Evacuation Pause) 14M->3M(256M) 1.904ms
[2025-03-05T02:28:35.824+0300][115.916s][info ][gc] GC(2517) Pause Young (Normal) (G1 Evacuation Pause) 13M->3M(256M) 0.941ms
[2025-03-05T02:28:35.873+0300][115.965s][info ][gc] GC(2518) Pause Young (Normal) (G1 Evacuation Pause) 14M->3M(256M) 1.611ms
[2025-03-05T02:28:35.914+0300][116.006s][info ][gc] GC(2519) Pause Young (Normal) (G1 Evacuation Pause) 13M->3M(256M) 0.860ms
[2025-03-05T02:28:35.970+0300][116.062s][info ][gc] GC(2520) Pause Young (Normal) (G1 Evacuation Pause) 14M->4M(256M) 1.647ms
[2025-03-05T02:28:36.016+0300][116.108s][info ][gc] GC(2521) Pause Young (Normal) (G1 Evacuation Pause) 14M->3M(256M) 0.683ms
[2025-03-05T02:28:36.065+0300][116.157s][info ][gc] GC(2522) Pause Young (Normal) (G1 Evacuation Pause) 14M->3M(256M) 1.779ms
[2025-03-05T02:28:36.112+0300][116.204s][info ][gc] GC(2523) Pause Young (Normal) (G1 Evacuation Pause) 14M->3M(256M) 1.314ms
[2025-03-05T02:28:36.162+0300][116.255s][info ][gc] GC(2524) Pause Young (Normal) (G1 Evacuation Pause) 14M->4M(256M) 2.087ms
[2025-03-05T02:28:36.210+0300][116.302s][info ][gc] GC(2525) Pause Young (Normal) (G1 Evacuation Pause) 14M->3M(256M) 1.246ms
[2025-03-05T02:28:36.274+0300][116.366s][info ][gc] GC(2526) Pause Young (Normal) (G1 Evacuation Pause) 14M->4M(256M) 2.489ms
[2025-03-05T02:28:36.321+0300][116.414s][info ][gc] GC(2527) Pause Young (Normal) (G1 Evacuation Pause) 14M->3M(256M) 1.284ms
[2025-03-05T02:28:36.376+0300][116.468s][info ][gc] GC(2528) Pause Young (Normal) (G1 Evacuation Pause) 14M->4M(256M) 2.234ms
[2025-03-05T02:28:36.428+0300][116.519s][info ][gc] GC(2529) Pause Young (Normal) (G1 Evacuation Pause) 14M->3M(256M) 1.144ms
[2025-03-05T02:28:36.488+0300][116.579s][info ][gc] GC(2530) Pause Young (Normal) (G1 Evacuation Pause) 14M->4M(256M) 1.665ms
[2025-03-05T02:28:36.534+0300][116.626s][info ][gc] GC(2531) Pause Young (Normal) (G1 Evacuation Pause) 14M->3M(256M) 1.653ms
[2025-03-05T02:28:36.582+0300][116.674s][info ][gc] GC(2532) Pause Young (Normal) (G1 Evacuation Pause) 14M->4M(256M) 2.060ms
[2025-03-05T02:28:36.628+0300][116.720s][info ][gc] GC(2533) Pause Young (Normal) (G1 Evacuation Pause) 14M->3M(256M) 1.287ms
[2025-03-05T02:28:36.684+0300][116.775s][info ][gc] GC(2534) Pause Young (Normal) (G1 Evacuation Pause) 14M->4M(256M) 1.996ms
[2025-03-05T02:28:36.728+0300][116.820s][info ][gc] GC(2535) Pause Young (Normal) (G1 Evacuation Pause) 14M->3M(256M) 1.002ms
[2025-03-05T02:28:36.778+0300][116.870s][info ][gc] GC(2536) Pause Young (Normal) (G1 Evacuation Pause) 14M->4M(256M) 1.850ms
[2025-03-05T02:28:36.824+0300][116.916s][info ][gc] GC(2537) Pause Young (Normal) (G1 Evacuation Pause) 14M->3M(256M) 1.642ms
[2025-03-05T02:28:36.873+0300][116.965s][info ][gc] GC(2538) Pause Young (Normal) (G1 Evacuation Pause) 14M->4M(256M) 2.256ms
[2025-03-05T02:28:36.918+0300][117.010s][info ][gc] GC(2539) Pause Young (Normal) (G1 Evacuation Pause) 14M->3M(256M) 1.228ms
[2025-03-05T02:28:36.970+0300][117.062s][info ][gc] GC(2540) Pause Young (Normal) (G1 Evacuation Pause) 14M->4M(256M) 1.951ms
[2025-03-05T02:28:37.015+0300][117.107s][info ][gc] GC(2541) Pause Young (Normal) (G1 Evacuation Pause) 14M->3M(256M) 1.369ms
[2025-03-05T02:28:37.062+0300][117.155s][info ][gc] GC(2542) Pause Young (Normal) (G1 Evacuation Pause) 14M->4M(256M) 1.590ms
[2025-03-05T02:28:37.108+0300][117.200s][info ][gc] GC(2543) Pause Young (Normal) (G1 Evacuation Pause) 14M->3M(256M) 1.568ms
[2025-03-05T02:28:37.161+0300][117.253s][info ][gc] GC(2544) Pause Young (Normal) (G1 Evacuation Pause) 14M->2M(256M) 0.573ms
[2025-03-05T02:28:37.216+0300][117.308s][info ][gc] GC(2545) Pause Young (Normal) (G1 Evacuation Pause) 13M->3M(256M) 1.333ms
[2025-03-05T02:28:37.264+0300][117.356s][info ][gc] GC(2546) Pause Young (Normal) (G1 Evacuation Pause) 14M->2M(256M) 0.719ms
[2025-03-05T02:28:37.313+0300][117.406s][info ][gc] GC(2547) Pause Young (Normal) (G1 Evacuation Pause) 13M->3M(256M) 1.617ms
[2025-03-05T02:28:37.361+0300][117.453s][info ][gc] GC(2548) Pause Young (Normal) (G1 Evacuation Pause) 14M->2M(256M) 0.771ms
[2025-03-05T02:28:37.425+0300][117.517s][info ][gc] GC(2549) Pause Young (Normal) (G1 Evacuation Pause) 13M->3M(256M) 2.025ms
[2025-03-05T02:28:37.519+0300][117.610s][info ][gc] GC(2550) Pause Young (Normal) (G1 Evacuation Pause) 13M->2M(256M) 0.753ms
[2025-03-05T02:28:37.608+0300][117.700s][info ][gc] GC(2551) Pause Young (Normal) (G1 Evacuation Pause) 13M->3M(256M) 1.289ms
[2025-03-05T02:28:37.663+0300][117.755s][info ][gc] GC(2552) Pause Young (Normal) (G1 Evacuation Pause) 13M->3M(256M) 0.769ms
[2025-03-05T02:28:37.721+0300][117.812s][info ][gc] GC(2553) Pause Young (Normal) (G1 Evacuation Pause) 14M->3M(256M) 1.608ms
[2025-03-05T02:28:37.773+0300][117.865s][info ][gc] GC(2554) Pause Young (Normal) (G1 Evacuation Pause) 13M->3M(256M) 0.700ms
[2025-03-05T02:28:37.841+0300][117.932s][info ][gc] GC(2555) Pause Young (Normal) (G1 Evacuation Pause) 14M->3M(256M) 1.477ms
[2025-03-05T02:28:37.895+0300][117.988s][info ][gc] GC(2556) Pause Young (Normal) (G1 Evacuation Pause) 13M->3M(256M) 0.922ms
[2025-03-05T02:28:37.945+0300][118.037s][info ][gc] GC(2557) Pause Young (Normal) (G1 Evacuation Pause) 14M->3M(256M) 2.270ms
[2025-03-05T02:28:37.993+0300][118.085s][info ][gc] GC(2558) Pause Young (Normal) (G1 Evacuation Pause) 13M->3M(256M) 1.213ms
[2025-03-05T02:28:38.047+0300][118.139s][info ][gc] GC(2559) Pause Young (Normal) (G1 Evacuation Pause) 14M->3M(256M) 1.904ms
[2025-03-05T02:28:38.093+0300][118.185s][info ][gc] GC(2560) Pause Young (Normal) (G1 Evacuation Pause) 13M->3M(256M) 0.887ms
[2025-03-05T02:28:38.143+0300][118.234s][info ][gc] GC(2561) Pause Young (Normal) (G1 Evacuation Pause) 14M->3M(256M) 1.508ms
[2025-03-05T02:28:38.186+0300][118.278s][info ][gc] GC(2562) Pause Young (Normal) (G1 Evacuation Pause) 13M->3M(256M) 0.903ms
[2025-03-05T02:28:38.236+0300][118.329s][info ][gc] GC(2563) Pause Young (Normal) (G1 Evacuation Pause) 14M->3M(256M) 1.766ms
[2025-03-05T02:28:38.279+0300][118.371s][info ][gc] GC(2564) Pause Young (Normal) (G1 Evacuation Pause) 13M->3M(256M) 1.011ms
[2025-03-05T02:28:38.328+0300][118.421s][info ][gc] GC(2565) Pause Young (Normal) (G1 Evacuation Pause) 14M->4M(256M) 1.861ms
[2025-03-05T02:28:38.374+0300][118.466s][info ][gc] GC(2566) Pause Young (Normal) (G1 Evacuation Pause) 14M->3M(256M) 1.093ms
[2025-03-05T02:28:38.424+0300][118.516s][info ][gc] GC(2567) Pause Young (Normal) (G1 Evacuation Pause) 14M->4M(256M) 2.088ms
[2025-03-05T02:28:38.469+0300][118.560s][info ][gc] GC(2568) Pause Young (Normal) (G1 Evacuation Pause) 14M->3M(256M) 1.155ms
[2025-03-05T02:28:38.516+0300][118.609s][info ][gc] GC(2569) Pause Young (Normal) (G1 Evacuation Pause) 14M->4M(256M) 1.996ms
[2025-03-05T02:28:38.560+0300][118.652s][info ][gc] GC(2570) Pause Young (Normal) (G1 Evacuation Pause) 14M->3M(256M) 1.176ms
[2025-03-05T02:28:38.613+0300][118.705s][info ][gc] GC(2571) Pause Young (Normal) (G1 Evacuation Pause) 14M->4M(256M) 2.092ms
[2025-03-05T02:28:38.684+0300][118.776s][info ][gc] GC(2572) Pause Young (Normal) (G1 Evacuation Pause) 14M->3M(256M) 1.274ms
[2025-03-05T02:28:38.734+0300][118.826s][info ][gc] GC(2573) Pause Young (Normal) (G1 Evacuation Pause) 14M->4M(256M) 2.037ms
[2025-03-05T02:28:38.778+0300][118.870s][info ][gc] GC(2574) Pause Young (Normal) (G1 Evacuation Pause) 14M->3M(256M) 0.919ms
[2025-03-05T02:28:38.828+0300][118.921s][info ][gc] GC(2575) Pause Young (Normal) (G1 Evacuation Pause) 14M->4M(256M) 1.657ms
[2025-03-05T02:28:38.874+0300][118.966s][info ][gc] GC(2576) Pause Young (Normal) (G1 Evacuation Pause) 14M->3M(256M) 1.170ms
[2025-03-05T02:28:38.923+0300][119.015s][info ][gc] GC(2577) Pause Young (Normal) (G1 Evacuation Pause) 14M->4M(256M) 1.620ms
[2025-03-05T02:28:38.967+0300][119.059s][info ][gc] GC(2578) Pause Young (Normal) (G1 Evacuation Pause) 14M->3M(256M) 1.265ms
[2025-03-05T02:28:39.019+0300][119.111s][info ][gc] GC(2579) Pause Young (Normal) (G1 Evacuation Pause) 14M->4M(256M) 2.007ms
[2025-03-05T02:28:39.069+0300][119.160s][info ][gc] GC(2580) Pause Young (Normal) (G1 Evacuation Pause) 14M->3M(256M) 1.308ms
[2025-03-05T02:28:39.117+0300][119.210s][info ][gc] GC(2581) Pause Young (Normal) (G1 Evacuation Pause) 14M->4M(256M) 1.661ms
[2025-03-05T02:28:39.163+0300][119.255s][info ][gc] GC(2582) Pause Young (Normal) (G1 Evacuation Pause) 14M->3M(256M) 1.443ms
[2025-03-05T02:28:39.213+0300][119.305s][info ][gc] GC(2583) Pause Young (Normal) (G1 Evacuation Pause) 14M->4M(256M) 2.033ms
[2025-03-05T02:28:39.259+0300][119.351s][info ][gc] GC(2584) Pause Young (Normal) (G1 Evacuation Pause) 14M->3M(256M) 1.110ms
[2025-03-05T02:28:39.310+0300][119.403s][info ][gc] GC(2585) Pause Young (Normal) (G1 Evacuation Pause) 14M->4M(256M) 2.157ms
[2025-03-05T02:28:39.355+0300][119.447s][info ][gc] GC(2586) Pause Young (Normal) (G1 Evacuation Pause) 14M->3M(256M) 1.249ms
[2025-03-05T02:28:39.414+0300][119.505s][info ][gc] GC(2587) Pause Young (Normal) (G1 Evacuation Pause) 14M->4M(256M) 2.416ms
[2025-03-05T02:28:39.461+0300][119.553s][info ][gc] GC(2588) Pause Young (Normal) (G1 Evacuation Pause) 14M->3M(256M) 1.608ms
[2025-03-05T02:28:39.512+0300][119.604s][info ][gc] GC(2589) Pause Young (Normal) (G1 Evacuation Pause) 14M->4M(256M) 1.797ms
[2025-03-05T02:28:39.562+0300][119.654s][info ][gc] GC(2590) Pause Young (Normal) (G1 Evacuation Pause) 14M->3M(256M) 1.455ms
[2025-03-05T02:28:39.615+0300][119.707s][info ][gc] GC(2591) Pause Young (Normal) (G1 Evacuation Pause) 14M->4M(256M) 1.498ms
[2025-03-05T02:28:39.659+0300][119.752s][info ][gc] GC(2592) Pause Young (Normal) (G1 Evacuation Pause) 14M->3M(256M) 1.548ms
[2025-03-05T02:28:39.713+0300][119.805s][info ][gc] GC(2593) Pause Young (Normal) (G1 Evacuation Pause) 14M->2M(256M) 0.460ms
[2025-03-05T02:28:39.763+0300][119.856s][info ][gc] GC(2594) Pause Young (Normal) (G1 Evacuation Pause) 13M->3M(256M) 1.843ms
[2025-03-05T02:28:39.820+0300][119.911s][info ][gc] GC(2595) Pause Young (Normal) (G1 Evacuation Pause) 14M->2M(256M) 0.655ms
[2025-03-05T02:28:39.890+0300][119.982s][info ][gc] GC(2596) Pause Young (Normal) (G1 Evacuation Pause) 13M->3M(256M) 1.607ms
[2025-03-05T02:28:39.953+0300][120.045s][info ][gc] GC(2597) Pause Young (Normal) (G1 Evacuation Pause) 14M->2M(256M) 0.625ms
[2025-03-05T02:28:40.005+0300][120.097s][info ][gc] GC(2598) Pause Young (Normal) (G1 Evacuation Pause) 13M->3M(256M) 1.595ms
[2025-03-05T02:28:40.053+0300][120.145s][info ][gc] GC(2599) Pause Young (Normal) (G1 Evacuation Pause) 13M->2M(256M) 1.275ms
[2025-03-05T02:28:40.111+0300][120.203s][info ][gc] GC(2600) Pause Young (Normal) (G1 Evacuation Pause) 13M->3M(256M) 1.669ms
[2025-03-05T02:28:40.158+0300][120.250s][info ][gc] GC(2601) Pause Young (Normal) (G1 Evacuation Pause) 13M->3M(256M) 0.668ms
[2025-03-05T02:28:40.215+0300][120.307s][info ][gc] GC(2602) Pause Young (Normal) (G1 Evacuation Pause) 14M->3M(256M) 1.670ms
[2025-03-05T02:28:40.269+0300][120.360s][info ][gc] GC(2603) Pause Young (Normal) (G1 Evacuation Pause) 13M->3M(256M) 0.743ms
[2025-03-05T02:28:40.341+0300][120.433s][info ][gc] GC(2604) Pause Young (Normal) (G1 Evacuation Pause) 14M->3M(256M) 1.994ms
[2025-03-05T02:28:40.387+0300][120.479s][info ][gc] GC(2605) Pause Young (Normal) (G1 Evacuation Pause) 13M->3M(256M) 0.590ms
[2025-03-05T02:28:40.433+0300][120.526s][info ][gc] GC(2606) Pause Young (Normal) (G1 Evacuation Pause) 14M->3M(256M) 1.519ms
[2025-03-05T02:28:40.476+0300][120.567s][info ][gc] GC(2607) Pause Young (Normal) (G1 Evacuation Pause) 13M->3M(256M) 0.707ms
[2025-03-05T02:28:40.528+0300][120.620s][info ][gc] GC(2608) Pause Young (Normal) (G1 Evacuation Pause) 14M->3M(256M) 1.856ms
[2025-03-05T02:28:40.579+0300][120.671s][info ][gc] GC(2609) Pause Young (Normal) (G1 Evacuation Pause) 13M->3M(256M) 0.623ms
[2025-03-05T02:28:40.631+0300][120.723s][info ][gc] GC(2610) Pause Young (Normal) (G1 Evacuation Pause) 14M->3M(256M) 1.950ms
[2025-03-05T02:28:40.681+0300][120.773s][info ][gc] GC(2611) Pause Young (Normal) (G1 Evacuation Pause) 13M->3M(256M) 0.712ms
[2025-03-05T02:28:40.730+0300][120.822s][info ][gc] GC(2612) Pause Young (Normal) (G1 Evacuation Pause) 14M->4M(256M) 1.245ms
[2025-03-05T02:28:40.774+0300][120.866s][info ][gc] GC(2613) Pause Young (Normal) (G1 Evacuation Pause) 14M->3M(256M) 0.674ms
[2025-03-05T02:28:40.823+0300][120.915s][info ][gc] GC(2614) Pause Young (Normal) (G1 Evacuation Pause) 14M->4M(256M) 1.816ms
[2025-03-05T02:28:40.867+0300][120.958s][info ][gc] GC(2615) Pause Young (Normal) (G1 Evacuation Pause) 14M->3M(256M) 1.285ms
[2025-03-05T02:28:40.916+0300][121.008s][info ][gc] GC(2616) Pause Young (Normal) (G1 Evacuation Pause) 14M->4M(256M) 1.745ms
[2025-03-05T02:28:40.957+0300][121.049s][info ][gc] GC(2617) Pause Young (Normal) (G1 Evacuation Pause) 14M->3M(256M) 0.843ms
[2025-03-05T02:28:41.002+0300][121.095s][info ][gc] GC(2618) Pause Young (Normal) (G1 Evacuation Pause) 14M->4M(256M) 1.718ms
[2025-03-05T02:28:41.047+0300][121.139s][info ][gc] GC(2619) Pause Young (Normal) (G1 Evacuation Pause) 14M->3M(256M) 1.172ms
[2025-03-05T02:28:41.092+0300][121.184s][info ][gc] GC(2620) Pause Young (Normal) (G1 Evacuation Pause) 14M->4M(256M) 1.803ms
[2025-03-05T02:28:41.135+0300][121.227s][info ][gc] GC(2621) Pause Young (Normal) (G1 Evacuation Pause) 14M->3M(256M) 0.957ms
[2025-03-05T02:28:41.184+0300][121.276s][info ][gc] GC(2622) Pause Young (Normal) (G1 Evacuation Pause) 14M->4M(256M) 1.710ms
[2025-03-05T02:28:41.226+0300][121.319s][info ][gc] GC(2623) Pause Young (Normal) (G1 Evacuation Pause) 14M->3M(256M) 1.254ms
[2025-03-05T02:28:41.275+0300][121.367s][info ][gc] GC(2624) Pause Young (Normal) (G1 Evacuation Pause) 14M->4M(256M) 1.637ms
[2025-03-05T02:28:41.321+0300][121.413s][info ][gc] GC(2625) Pause Young (Normal) (G1 Evacuation Pause) 14M->3M(256M) 1.244ms
[2025-03-05T02:28:41.375+0300][121.467s][info ][gc] GC(2626) Pause Young (Normal) (G1 Evacuation Pause) 14M->4M(256M) 1.969ms
[2025-03-05T02:28:41.429+0300][121.520s][info ][gc] GC(2627) Pause Young (Normal) (G1 Evacuation Pause) 14M->3M(256M) 0.916ms
[2025-03-05T02:28:41.481+0300][121.573s][info ][gc] GC(2628) Pause Young (Normal) (G1 Evacuation Pause) 14M->4M(256M) 1.846ms
[2025-03-05T02:28:41.536+0300][121.628s][info ][gc] GC(2629) Pause Young (Normal) (G1 Evacuation Pause) 14M->3M(256M) 1.058ms
[2025-03-05T02:28:41.595+0300][121.687s][info ][gc] GC(2630) Pause Young (Normal) (G1 Evacuation Pause) 14M->4M(256M) 2.130ms
[2025-03-05T02:28:41.663+0300][121.755s][info ][gc] GC(2631) Pause Young (Normal) (G1 Evacuation Pause) 14M->3M(256M) 1.223ms
[2025-03-05T02:28:41.731+0300][121.823s][info ][gc] GC(2632) Pause Young (Normal) (G1 Evacuation Pause) 14M->4M(256M) 1.658ms
[2025-03-05T02:28:41.787+0300][121.879s][info ][gc] GC(2633) Pause Young (Normal) (G1 Evacuation Pause) 14M->3M(256M) 1.276ms
[2025-03-05T02:28:41.849+0300][121.941s][info ][gc] GC(2634) Pause Young (Normal) (G1 Evacuation Pause) 14M->4M(256M) 1.954ms
[2025-03-05T02:28:41.901+0300][121.993s][info ][gc] GC(2635) Pause Young (Normal) (G1 Evacuation Pause) 14M->3M(256M) 1.184ms
[2025-03-05T02:28:41.968+0300][122.061s][info ][gc] GC(2636) Pause Young (Normal) (G1 Evacuation Pause) 14M->4M(256M) 1.939ms
[2025-03-05T02:28:42.032+0300][122.124s][info ][gc] GC(2637) Pause Young (Normal) (G1 Evacuation Pause) 14M->3M(256M) 1.252ms
[2025-03-05T02:28:42.089+0300][122.181s][info ][gc] GC(2638) Pause Young (Normal) (G1 Evacuation Pause) 14M->4M(256M) 1.916ms
[2025-03-05T02:28:42.148+0300][122.240s][info ][gc] GC(2639) Pause Young (Normal) (G1 Evacuation Pause) 14M->3M(256M) 1.103ms
[2025-03-05T02:28:42.209+0300][122.301s][info ][gc] GC(2640) Pause Young (Normal) (G1 Evacuation Pause) 14M->4M(256M) 2.584ms
[2025-03-05T02:28:42.262+0300][122.354s][info ][gc] GC(2641) Pause Young (Normal) (G1 Evacuation Pause) 14M->3M(256M) 1.104ms
[2025-03-05T02:28:42.314+0300][122.405s][info ][gc] GC(2642) Pause Young (Normal) (G1 Evacuation Pause) 14M->4M(256M) 1.772ms
[2025-03-05T02:28:42.355+0300][122.447s][info ][gc] GC(2643) Pause Young (Normal) (G1 Evacuation Pause) 14M->3M(256M) 1.212ms
[2025-03-05T02:28:42.407+0300][122.499s][info ][gc] GC(2644) Pause Young (Normal) (G1 Evacuation Pause) 14M->2M(256M) 0.573ms
[2025-03-05T02:28:42.461+0300][122.554s][info ][gc] GC(2645) Pause Young (Normal) (G1 Evacuation Pause) 13M->3M(256M) 1.578ms
[2025-03-05T02:28:42.514+0300][122.606s][info ][gc] GC(2646) Pause Young (Normal) (G1 Evacuation Pause) 14M->2M(256M) 0.731ms
[2025-03-05T02:28:42.568+0300][122.660s][info ][gc] GC(2647) Pause Young (Normal) (G1 Evacuation Pause) 13M->3M(256M) 1.455ms
[2025-03-05T02:28:42.625+0300][122.717s][info ][gc] GC(2648) Pause Young (Normal) (G1 Evacuation Pause) 14M->2M(256M) 0.746ms
[2025-03-05T02:28:42.699+0300][122.791s][info ][gc] GC(2649) Pause Young (Normal) (G1 Evacuation Pause) 13M->3M(256M) 1.637ms
[2025-03-05T02:28:42.766+0300][122.858s][info ][gc] GC(2650) Pause Young (Normal) (G1 Evacuation Pause) 13M->3M(256M) 0.845ms
[2025-03-05T02:28:42.840+0300][122.933s][info ][gc] GC(2651) Pause Young (Normal) (G1 Evacuation Pause) 14M->3M(256M) 1.543ms
[2025-03-05T02:28:42.888+0300][122.980s][info ][gc] GC(2652) Pause Young (Normal) (G1 Evacuation Pause) 13M->3M(256M) 0.602ms
[2025-03-05T02:28:42.947+0300][123.040s][info ][gc] GC(2653) Pause Young (Normal) (G1 Evacuation Pause) 14M->3M(256M) 1.515ms
[2025-03-05T02:28:43.003+0300][123.095s][info ][gc] GC(2654) Pause Young (Normal) (G1 Evacuation Pause) 13M->3M(256M) 0.775ms
[2025-03-05T02:28:43.057+0300][123.149s][info ][gc] GC(2655) Pause Young (Normal) (G1 Evacuation Pause) 14M->3M(256M) 1.330ms
[2025-03-05T02:28:43.103+0300][123.194s][info ][gc] GC(2656) Pause Young (Normal) (G1 Evacuation Pause) 13M->3M(256M) 0.850ms
[2025-03-05T02:28:43.153+0300][123.246s][info ][gc] GC(2657) Pause Young (Normal) (G1 Evacuation Pause) 14M->3M(256M) 1.651ms
[2025-03-05T02:28:43.203+0300][123.295s][info ][gc] GC(2658) Pause Young (Normal) (G1 Evacuation Pause) 13M->3M(256M) 0.702ms
[2025-03-05T02:28:43.257+0300][123.349s][info ][gc] GC(2659) Pause Young (Normal) (G1 Evacuation Pause) 14M->3M(256M) 1.263ms
[2025-03-05T02:28:43.301+0300][123.393s][info ][gc] GC(2660) Pause Young (Normal) (G1 Evacuation Pause) 13M->3M(256M) 0.991ms
[2025-03-05T02:28:43.357+0300][123.449s][info ][gc] GC(2661) Pause Young (Normal) (G1 Evacuation Pause) 14M->4M(256M) 1.902ms
[2025-03-05T02:28:43.403+0300][123.495s][info ][gc] GC(2662) Pause Young (Normal) (G1 Evacuation Pause) 14M->3M(256M) 0.908ms
[2025-03-05T02:28:43.453+0300][123.545s][info ][gc] GC(2663) Pause Young (Normal) (G1 Evacuation Pause) 14M->3M(256M) 1.576ms
[2025-03-05T02:28:43.494+0300][123.586s][info ][gc] GC(2664) Pause Young (Normal) (G1 Evacuation Pause) 13M->3M(256M) 1.292ms
[2025-03-05T02:28:43.543+0300][123.634s][info ][gc] GC(2665) Pause Young (Normal) (G1 Evacuation Pause) 14M->4M(256M) 1.480ms
[2025-03-05T02:28:43.587+0300][123.679s][info ][gc] GC(2666) Pause Young (Normal) (G1 Evacuation Pause) 14M->3M(256M) 1.073ms
[2025-03-05T02:28:43.637+0300][123.728s][info ][gc] GC(2667) Pause Young (Normal) (G1 Evacuation Pause) 14M->4M(256M) 1.726ms
[2025-03-05T02:28:43.683+0300][123.775s][info ][gc] GC(2668) Pause Young (Normal) (G1 Evacuation Pause) 14M->3M(256M) 1.080ms
[2025-03-05T02:28:43.733+0300][123.825s][info ][gc] GC(2669) Pause Young (Normal) (G1 Evacuation Pause) 14M->4M(256M) 1.878ms
[2025-03-05T02:28:43.777+0300][123.869s][info ][gc] GC(2670) Pause Young (Normal) (G1 Evacuation Pause) 14M->3M(256M) 1.401ms
[2025-03-05T02:28:43.828+0300][123.920s][info ][gc] GC(2671) Pause Young (Normal) (G1 Evacuation Pause) 14M->4M(256M) 1.634ms
[2025-03-05T02:28:43.881+0300][123.972s][info ][gc] GC(2672) Pause Young (Normal) (G1 Evacuation Pause) 14M->3M(256M) 1.181ms
[2025-03-05T02:28:43.935+0300][124.027s][info ][gc] GC(2673) Pause Young (Normal) (G1 Evacuation Pause) 14M->4M(256M) 1.629ms
[2025-03-05T02:28:43.980+0300][124.072s][info ][gc] GC(2674) Pause Young (Normal) (G1 Evacuation Pause) 14M->3M(256M) 1.001ms
[2025-03-05T02:28:44.029+0300][124.122s][info ][gc] GC(2675) Pause Young (Normal) (G1 Evacuation Pause) 14M->4M(256M) 1.922ms
[2025-03-05T02:28:44.090+0300][124.182s][info ][gc] GC(2676) Pause Young (Normal) (G1 Evacuation Pause) 14M->3M(256M) 1.361ms
[2025-03-05T02:28:44.160+0300][124.252s][info ][gc] GC(2677) Pause Young (Normal) (G1 Evacuation Pause) 14M->4M(256M) 1.834ms
[2025-03-05T02:28:44.215+0300][124.308s][info ][gc] GC(2678) Pause Young (Normal) (G1 Evacuation Pause) 14M->3M(256M) 1.231ms
[2025-03-05T02:28:44.276+0300][124.367s][info ][gc] GC(2679) Pause Young (Normal) (G1 Evacuation Pause) 14M->4M(256M) 2.230ms
[2025-03-05T02:28:44.339+0300][124.431s][info ][gc] GC(2680) Pause Young (Normal) (G1 Evacuation Pause) 14M->3M(256M) 1.293ms
[2025-03-05T02:28:44.390+0300][124.481s][info ][gc] GC(2681) Pause Young (Normal) (G1 Evacuation Pause) 14M->4M(256M) 1.623ms
[2025-03-05T02:28:44.433+0300][124.525s][info ][gc] GC(2682) Pause Young (Normal) (G1 Evacuation Pause) 14M->3M(256M) 1.107ms
[2025-03-05T02:28:44.485+0300][124.577s][info ][gc] GC(2683) Pause Young (Normal) (G1 Evacuation Pause) 14M->4M(256M) 2.297ms
[2025-03-05T02:28:44.535+0300][124.627s][info ][gc] GC(2684) Pause Young (Normal) (G1 Evacuation Pause) 14M->3M(256M) 1.211ms
[2025-03-05T02:28:44.596+0300][124.688s][info ][gc] GC(2685) Pause Young (Normal) (G1 Evacuation Pause) 14M->4M(256M) 1.703ms
[2025-03-05T02:28:44.643+0300][124.735s][info ][gc] GC(2686) Pause Young (Normal) (G1 Evacuation Pause) 14M->3M(256M) 1.451ms
[2025-03-05T02:28:44.692+0300][124.784s][info ][gc] GC(2687) Pause Young (Normal) (G1 Evacuation Pause) 14M->4M(256M) 1.978ms
[2025-03-05T02:28:44.737+0300][124.829s][info ][gc] GC(2688) Pause Young (Normal) (G1 Evacuation Pause) 14M->3M(256M) 1.276ms
[2025-03-05T02:28:44.797+0300][124.890s][info ][gc] GC(2689) Pause Young (Normal) (G1 Evacuation Pause) 14M->4M(256M) 1.880ms
[2025-03-05T02:28:44.875+0300][124.967s][info ][gc] GC(2690) Pause Young (Normal) (G1 Evacuation Pause) 14M->3M(256M) 1.677ms
[2025-03-05T02:28:44.928+0300][125.021s][info ][gc] GC(2691) Pause Young (Normal) (G1 Evacuation Pause) 14M->4M(256M) 1.849ms
[2025-03-05T02:28:44.974+0300][125.067s][info ][gc] GC(2692) Pause Young (Normal) (G1 Evacuation Pause) 14M->3M(256M) 1.539ms
[2025-03-05T02:28:45.024+0300][125.116s][info ][gc] GC(2693) Pause Young (Normal) (G1 Evacuation Pause) 14M->2M(256M) 0.617ms
[2025-03-05T02:28:45.074+0300][125.166s][info ][gc] GC(2694) Pause Young (Normal) (G1 Evacuation Pause) 13M->3M(256M) 1.554ms
[2025-03-05T02:28:45.136+0300][125.228s][info ][gc] GC(2695) Pause Young (Normal) (G1 Evacuation Pause) 14M->2M(256M) 0.588ms
[2025-03-05T02:28:45.190+0300][125.282s][info ][gc] GC(2696) Pause Young (Normal) (G1 Evacuation Pause) 13M->3M(256M) 1.413ms
[2025-03-05T02:28:45.243+0300][125.334s][info ][gc] GC(2697) Pause Young (Normal) (G1 Evacuation Pause) 14M->2M(256M) 0.596ms
[2025-03-05T02:28:45.290+0300][125.382s][info ][gc] GC(2698) Pause Young (Normal) (G1 Evacuation Pause) 13M->3M(256M) 1.674ms
[2025-03-05T02:28:45.343+0300][125.434s][info ][gc] GC(2699) Pause Young (Normal) (G1 Evacuation Pause) 13M->2M(256M) 0.900ms
[2025-03-05T02:28:45.397+0300][125.490s][info ][gc] GC(2700) Pause Young (Normal) (G1 Evacuation Pause) 13M->3M(256M) 1.294ms
[2025-03-05T02:28:45.441+0300][125.534s][info ][gc] GC(2701) Pause Young (Normal) (G1 Evacuation Pause) 13M->3M(256M) 0.854ms
[2025-03-05T02:28:45.490+0300][125.582s][info ][gc] GC(2702) Pause Young (Normal) (G1 Evacuation Pause) 14M->3M(256M) 1.563ms
[2025-03-05T02:28:45.534+0300][125.625s][info ][gc] GC(2703) Pause Young (Normal) (G1 Evacuation Pause) 13M->3M(256M) 1.071ms
[2025-03-05T02:28:45.585+0300][125.677s][info ][gc] GC(2704) Pause Young (Normal) (G1 Evacuation Pause) 14M->3M(256M) 1.514ms
[2025-03-05T02:28:45.630+0300][125.722s][info ][gc] GC(2705) Pause Young (Normal) (G1 Evacuation Pause) 13M->3M(256M) 1.072ms
[2025-03-05T02:28:45.678+0300][125.771s][info ][gc] GC(2706) Pause Young (Normal) (G1 Evacuation Pause) 14M->3M(256M) 1.718ms
[2025-03-05T02:28:45.721+0300][125.813s][info ][gc] GC(2707) Pause Young (Normal) (G1 Evacuation Pause) 13M->3M(256M) 0.878ms
[2025-03-05T02:28:45.769+0300][125.862s][info ][gc] GC(2708) Pause Young (Normal) (G1 Evacuation Pause) 14M->3M(256M) 1.725ms
[2025-03-05T02:28:45.815+0300][125.907s][info ][gc] GC(2709) Pause Young (Normal) (G1 Evacuation Pause) 13M->3M(256M) 1.107ms
[2025-03-05T02:28:45.861+0300][125.953s][info ][gc] GC(2710) Pause Young (Normal) (G1 Evacuation Pause) 14M->3M(256M) 1.756ms
[2025-03-05T02:28:45.904+0300][125.996s][info ][gc] GC(2711) Pause Young (Normal) (G1 Evacuation Pause) 13M->3M(256M) 0.977ms
[2025-03-05T02:28:45.950+0300][126.042s][info ][gc] GC(2712) Pause Young (Normal) (G1 Evacuation Pause) 14M->3M(256M) 1.694ms
[2025-03-05T02:28:45.991+0300][126.083s][info ][gc] GC(2713) Pause Young (Normal) (G1 Evacuation Pause) 13M->3M(256M) 0.933ms
[2025-03-05T02:28:46.039+0300][126.131s][info ][gc] GC(2714) Pause Young (Normal) (G1 Evacuation Pause) 14M->4M(256M) 1.594ms
[2025-03-05T02:28:46.092+0300][126.184s][info ][gc] GC(2715) Pause Young (Normal) (G1 Evacuation Pause) 14M->3M(256M) 1.189ms
[2025-03-05T02:28:46.139+0300][126.231s][info ][gc] GC(2716) Pause Young (Normal) (G1 Evacuation Pause) 14M->4M(256M) 1.822ms
[2025-03-05T02:28:46.182+0300][126.274s][info ][gc] GC(2717) Pause Young (Normal) (G1 Evacuation Pause) 14M->3M(256M) 1.215ms
[2025-03-05T02:28:46.229+0300][126.321s][info ][gc] GC(2718) Pause Young (Normal) (G1 Evacuation Pause) 14M->4M(256M) 1.665ms
[2025-03-05T02:28:46.270+0300][126.362s][info ][gc] GC(2719) Pause Young (Normal) (G1 Evacuation Pause) 14M->3M(256M) 0.995ms
[2025-03-05T02:28:46.319+0300][126.412s][info ][gc] GC(2720) Pause Young (Normal) (G1 Evacuation Pause) 14M->4M(256M) 2.085ms
[2025-03-05T02:28:46.363+0300][126.456s][info ][gc] GC(2721) Pause Young (Normal) (G1 Evacuation Pause) 14M->3M(256M) 1.300ms
[2025-03-05T02:28:46.411+0300][126.503s][info ][gc] GC(2722) Pause Young (Normal) (G1 Evacuation Pause) 14M->4M(256M) 1.922ms
[2025-03-05T02:28:46.453+0300][126.545s][info ][gc] GC(2723) Pause Young (Normal) (G1 Evacuation Pause) 14M->3M(256M) 1.250ms
[2025-03-05T02:28:46.498+0300][126.591s][info ][gc] GC(2724) Pause Young (Normal) (G1 Evacuation Pause) 14M->4M(256M) 1.661ms
[2025-03-05T02:28:46.541+0300][126.633s][info ][gc] GC(2725) Pause Young (Normal) (G1 Evacuation Pause) 14M->3M(256M) 1.246ms
[2025-03-05T02:28:46.589+0300][126.681s][info ][gc] GC(2726) Pause Young (Normal) (G1 Evacuation Pause) 14M->4M(256M) 1.549ms
[2025-03-05T02:28:46.630+0300][126.722s][info ][gc] GC(2727) Pause Young (Normal) (G1 Evacuation Pause) 14M->3M(256M) 1.177ms
[2025-03-05T02:28:46.675+0300][126.768s][info ][gc] GC(2728) Pause Young (Normal) (G1 Evacuation Pause) 14M->4M(256M) 1.519ms
[2025-03-05T02:28:46.717+0300][126.809s][info ][gc] GC(2729) Pause Young (Normal) (G1 Evacuation Pause) 14M->3M(256M) 1.095ms
[2025-03-05T02:28:46.763+0300][126.856s][info ][gc] GC(2730) Pause Young (Normal) (G1 Evacuation Pause) 14M->4M(256M) 1.810ms
[2025-03-05T02:28:46.810+0300][126.902s][info ][gc] GC(2731) Pause Young (Normal) (G1 Evacuation Pause) 14M->3M(256M) 1.368ms
[2025-03-05T02:28:46.856+0300][126.948s][info ][gc] GC(2732) Pause Young (Normal) (G1 Evacuation Pause) 14M->4M(256M) 1.966ms
[2025-03-05T02:28:46.898+0300][126.990s][info ][gc] GC(2733) Pause Young (Normal) (G1 Evacuation Pause) 14M->3M(256M) 1.340ms
[2025-03-05T02:28:46.944+0300][127.036s][info ][gc] GC(2734) Pause Young (Normal) (G1 Evacuation Pause) 14M->4M(256M) 2.256ms
[2025-03-05T02:28:46.986+0300][127.078s][info ][gc] GC(2735) Pause Young (Normal) (G1 Evacuation Pause) 14M->3M(256M) 1.429ms
[2025-03-05T02:28:47.032+0300][127.124s][info ][gc] GC(2736) Pause Young (Normal) (G1 Evacuation Pause) 14M->4M(256M) 1.875ms
[2025-03-05T02:28:47.074+0300][127.166s][info ][gc] GC(2737) Pause Young (Normal) (G1 Evacuation Pause) 14M->3M(256M) 1.354ms
[2025-03-05T02:28:47.120+0300][127.212s][info ][gc] GC(2738) Pause Young (Normal) (G1 Evacuation Pause) 14M->4M(256M) 2.010ms
[2025-03-05T02:28:47.162+0300][127.254s][info ][gc] GC(2739) Pause Young (Normal) (G1 Evacuation Pause) 14M->3M(256M) 1.335ms
[2025-03-05T02:28:47.210+0300][127.302s][info ][gc] GC(2740) Pause Young (Normal) (G1 Evacuation Pause) 14M->4M(256M) 1.790ms
[2025-03-05T02:28:47.257+0300][127.349s][info ][gc] GC(2741) Pause Young (Normal) (G1 Evacuation Pause) 14M->3M(256M) 1.633ms
[2025-03-05T02:28:47.308+0300][127.399s][info ][gc] GC(2742) Pause Young (Normal) (G1 Evacuation Pause) 14M->2M(256M) 0.449ms
[2025-03-05T02:28:47.356+0300][127.448s][info ][gc] GC(2743) Pause Young (Normal) (G1 Evacuation Pause) 13M->3M(256M) 1.362ms
[2025-03-05T02:28:47.403+0300][127.495s][info ][gc] GC(2744) Pause Young (Normal) (G1 Evacuation Pause) 14M->2M(256M) 0.750ms
[2025-03-05T02:28:47.452+0300][127.544s][info ][gc] GC(2745) Pause Young (Normal) (G1 Evacuation Pause) 13M->3M(256M) 1.611ms
[2025-03-05T02:28:47.500+0300][127.591s][info ][gc] GC(2746) Pause Young (Normal) (G1 Evacuation Pause) 14M->2M(256M) 0.839ms
[2025-03-05T02:28:47.549+0300][127.641s][info ][gc] GC(2747) Pause Young (Normal) (G1 Evacuation Pause) 13M->3M(256M) 1.682ms
[2025-03-05T02:28:47.590+0300][127.682s][info ][gc] GC(2748) Pause Young (Normal) (G1 Evacuation Pause) 13M->3M(256M) 0.985ms
[2025-03-05T02:28:47.636+0300][127.727s][info ][gc] GC(2749) Pause Young (Normal) (G1 Evacuation Pause) 14M->3M(256M) 1.728ms
[2025-03-05T02:28:47.677+0300][127.769s][info ][gc] GC(2750) Pause Young (Normal) (G1 Evacuation Pause) 13M->3M(256M) 1.022ms
[2025-03-05T02:28:47.724+0300][127.815s][info ][gc] GC(2751) Pause Young (Normal) (G1 Evacuation Pause) 14M->3M(256M) 1.537ms
[2025-03-05T02:28:47.767+0300][127.858s][info ][gc] GC(2752) Pause Young (Normal) (G1 Evacuation Pause) 13M->3M(256M) 1.081ms
[2025-03-05T02:28:47.817+0300][127.908s][info ][gc] GC(2753) Pause Young (Normal) (G1 Evacuation Pause) 14M->3M(256M) 1.561ms
[2025-03-05T02:28:47.859+0300][127.950s][info ][gc] GC(2754) Pause Young (Normal) (G1 Evacuation Pause) 13M->3M(256M) 0.643ms
[2025-03-05T02:28:47.908+0300][127.999s][info ][gc] GC(2755) Pause Young (Normal) (G1 Evacuation Pause) 14M->3M(256M) 2.100ms
[2025-03-05T02:28:47.957+0300][128.049s][info ][gc] GC(2756) Pause Young (Normal) (G1 Evacuation Pause) 13M->3M(256M) 0.830ms
[2025-03-05T02:28:48.005+0300][128.098s][info ][gc] GC(2757) Pause Young (Normal) (G1 Evacuation Pause) 14M->3M(256M) 1.810ms
[2025-03-05T02:28:48.051+0300][128.143s][info ][gc] GC(2758) Pause Young (Normal) (G1 Evacuation Pause) 13M->3M(256M) 1.143ms
[2025-03-05T02:28:48.098+0300][128.191s][info ][gc] GC(2759) Pause Young (Normal) (G1 Evacuation Pause) 14M->3M(256M) 1.532ms
[2025-03-05T02:28:48.143+0300][128.234s][info ][gc] GC(2760) Pause Young (Normal) (G1 Evacuation Pause) 13M->3M(256M) 1.121ms
[2025-03-05T02:28:48.191+0300][128.283s][info ][gc] GC(2761) Pause Young (Normal) (G1 Evacuation Pause) 14M->4M(256M) 1.730ms
[2025-03-05T02:28:48.236+0300][128.328s][info ][gc] GC(2762) Pause Young (Normal) (G1 Evacuation Pause) 14M->3M(256M) 0.896ms
[2025-03-05T02:28:48.294+0300][128.386s][info ][gc] GC(2763) Pause Young (Normal) (G1 Evacuation Pause) 16M->4M(256M) 2.001ms
[2025-03-05T02:28:48.348+0300][128.440s][info ][gc] GC(2764) Pause Young (Normal) (G1 Evacuation Pause) 15M->3M(256M) 1.445ms
[2025-03-05T02:28:48.397+0300][128.489s][info ][gc] GC(2765) Pause Young (Normal) (G1 Evacuation Pause) 14M->4M(256M) 1.734ms
[2025-03-05T02:28:48.438+0300][128.530s][info ][gc] GC(2766) Pause Young (Normal) (G1 Evacuation Pause) 14M->3M(256M) 1.223ms
[2025-03-05T02:28:48.483+0300][128.576s][info ][gc] GC(2767) Pause Young (Normal) (G1 Evacuation Pause) 14M->4M(256M) 1.851ms
[2025-03-05T02:28:48.526+0300][128.618s][info ][gc] GC(2768) Pause Young (Normal) (G1 Evacuation Pause) 14M->3M(256M) 1.414ms
[2025-03-05T02:28:48.572+0300][128.665s][info ][gc] GC(2769) Pause Young (Normal) (G1 Evacuation Pause) 14M->4M(256M) 1.622ms
[2025-03-05T02:28:48.615+0300][128.708s][info ][gc] GC(2770) Pause Young (Normal) (G1 Evacuation Pause) 14M->3M(256M) 1.146ms
[2025-03-05T02:28:48.662+0300][128.754s][info ][gc] GC(2771) Pause Young (Normal) (G1 Evacuation Pause) 14M->4M(256M) 1.765ms
[2025-03-05T02:28:48.704+0300][128.796s][info ][gc] GC(2772) Pause Young (Normal) (G1 Evacuation Pause) 14M->3M(256M) 1.310ms
[2025-03-05T02:28:48.750+0300][128.842s][info ][gc] GC(2773) Pause Young (Normal) (G1 Evacuation Pause) 14M->2M(256M) 0.620ms
[2025-03-05T02:28:48.795+0300][128.887s][info ][gc] GC(2774) Pause Young (Normal) (G1 Evacuation Pause) 13M->3M(256M) 1.500ms
[2025-03-05T02:28:48.841+0300][128.934s][info ][gc] GC(2775) Pause Young (Normal) (G1 Evacuation Pause) 14M->2M(256M) 0.849ms
[2025-03-05T02:28:48.888+0300][128.980s][info ][gc] GC(2776) Pause Young (Normal) (G1 Evacuation Pause) 13M->3M(256M) 1.475ms
[2025-03-05T02:28:48.929+0300][129.021s][info ][gc] GC(2777) Pause Young (Normal) (G1 Evacuation Pause) 13M->2M(256M) 0.814ms
[2025-03-05T02:28:48.975+0300][129.067s][info ][gc] GC(2778) Pause Young (Normal) (G1 Evacuation Pause) 13M->3M(256M) 1.592ms
[2025-03-05T02:28:49.020+0300][129.113s][info ][gc] GC(2779) Pause Young (Normal) (G1 Evacuation Pause) 14M->3M(256M) 0.827ms
[2025-03-05T02:28:49.066+0300][129.159s][info ][gc] GC(2780) Pause Young (Normal) (G1 Evacuation Pause) 14M->3M(256M) 1.640ms
[2025-03-05T02:28:49.108+0300][129.200s][info ][gc] GC(2781) Pause Young (Normal) (G1 Evacuation Pause) 13M->3M(256M) 0.796ms
[2025-03-05T02:28:49.154+0300][129.246s][info ][gc] GC(2782) Pause Young (Normal) (G1 Evacuation Pause) 14M->3M(256M) 1.630ms
[2025-03-05T02:28:49.195+0300][129.287s][info ][gc] GC(2783) Pause Young (Normal) (G1 Evacuation Pause) 13M->3M(256M) 0.873ms
[2025-03-05T02:28:49.242+0300][129.334s][info ][gc] GC(2784) Pause Young (Normal) (G1 Evacuation Pause) 14M->3M(256M) 1.673ms
[2025-03-05T02:28:49.284+0300][129.377s][info ][gc] GC(2785) Pause Young (Normal) (G1 Evacuation Pause) 13M->3M(256M) 0.976ms
[2025-03-05T02:28:49.331+0300][129.423s][info ][gc] GC(2786) Pause Young (Normal) (G1 Evacuation Pause) 14M->3M(256M) 1.873ms
[2025-03-05T02:28:49.373+0300][129.465s][info ][gc] GC(2787) Pause Young (Normal) (G1 Evacuation Pause) 13M->3M(256M) 1.026ms
[2025-03-05T02:28:49.421+0300][129.512s][info ][gc] GC(2788) Pause Young (Normal) (G1 Evacuation Pause) 14M->3M(256M) 1.559ms
[2025-03-05T02:28:49.471+0300][129.563s][info ][gc] GC(2789) Pause Young (Normal) (G1 Evacuation Pause) 13M->3M(256M) 1.034ms
[2025-03-05T02:28:49.520+0300][129.612s][info ][gc] GC(2790) Pause Young (Normal) (G1 Evacuation Pause) 14M->3M(256M) 1.758ms
[2025-03-05T02:28:49.565+0300][129.658s][info ][gc] GC(2791) Pause Young (Normal) (G1 Evacuation Pause) 13M->3M(256M) 1.117ms
[2025-03-05T02:28:49.613+0300][129.705s][info ][gc] GC(2792) Pause Young (Normal) (G1 Evacuation Pause) 14M->4M(256M) 1.675ms
[2025-03-05T02:28:49.655+0300][129.747s][info ][gc] GC(2793) Pause Young (Normal) (G1 Evacuation Pause) 14M->3M(256M) 1.067ms
[2025-03-05T02:28:49.702+0300][129.794s][info ][gc] GC(2794) Pause Young (Normal) (G1 Evacuation Pause) 14M->4M(256M) 1.808ms
[2025-03-05T02:28:49.746+0300][129.838s][info ][gc] GC(2795) Pause Young (Normal) (G1 Evacuation Pause) 14M->3M(256M) 1.019ms
[2025-03-05T02:28:49.793+0300][129.885s][info ][gc] GC(2796) Pause Young (Normal) (G1 Evacuation Pause) 14M->4M(256M) 1.786ms
[2025-03-05T02:28:49.833+0300][129.926s][info ][gc] GC(2797) Pause Young (Normal) (G1 Evacuation Pause) 14M->3M(256M) 0.986ms
[2025-03-05T02:28:49.882+0300][129.974s][info ][gc] GC(2798) Pause Young (Normal) (G1 Evacuation Pause) 14M->4M(256M) 1.733ms
[2025-03-05T02:28:49.928+0300][130.020s][info ][gc] GC(2799) Pause Young (Normal) (G1 Evacuation Pause) 14M->3M(256M) 1.216ms
[2025-03-05T02:28:49.974+0300][130.066s][info ][gc] GC(2800) Pause Young (Normal) (G1 Evacuation Pause) 14M->4M(256M) 1.821ms
[2025-03-05T02:28:50.024+0300][130.116s][info ][gc] GC(2801) Pause Young (Normal) (G1 Evacuation Pause) 14M->3M(256M) 1.237ms
[2025-03-05T02:28:50.070+0300][130.163s][info ][gc] GC(2802) Pause Young (Normal) (G1 Evacuation Pause) 14M->4M(256M) 1.848ms
[2025-03-05T02:28:50.112+0300][130.204s][info ][gc] GC(2803) Pause Young (Normal) (G1 Evacuation Pause) 14M->3M(256M) 1.109ms
[2025-03-05T02:28:50.157+0300][130.250s][info ][gc] GC(2804) Pause Young (Normal) (G1 Evacuation Pause) 14M->4M(256M) 1.815ms
[2025-03-05T02:28:50.200+0300][130.292s][info ][gc] GC(2805) Pause Young (Normal) (G1 Evacuation Pause) 14M->3M(256M) 1.253ms
[2025-03-05T02:28:50.253+0300][130.345s][info ][gc] GC(2806) Pause Young (Normal) (G1 Evacuation Pause) 14M->4M(256M) 2.028ms
[2025-03-05T02:28:50.296+0300][130.388s][info ][gc] GC(2807) Pause Young (Normal) (G1 Evacuation Pause) 14M->3M(256M) 1.354ms
[2025-03-05T02:28:50.345+0300][130.437s][info ][gc] GC(2808) Pause Young (Normal) (G1 Evacuation Pause) 14M->4M(256M) 2.566ms
[2025-03-05T02:28:50.389+0300][130.481s][info ][gc] GC(2809) Pause Young (Normal) (G1 Evacuation Pause) 14M->3M(256M) 1.217ms
[2025-03-05T02:28:50.438+0300][130.530s][info ][gc] GC(2810) Pause Young (Normal) (G1 Evacuation Pause) 14M->4M(256M) 1.942ms
[2025-03-05T02:28:50.482+0300][130.574s][info ][gc] GC(2811) Pause Young (Normal) (G1 Evacuation Pause) 14M->3M(256M) 1.361ms
[2025-03-05T02:28:50.531+0300][130.623s][info ][gc] GC(2812) Pause Young (Normal) (G1 Evacuation Pause) 14M->4M(256M) 1.876ms
[2025-03-05T02:28:50.579+0300][130.671s][info ][gc] GC(2813) Pause Young (Normal) (G1 Evacuation Pause) 14M->3M(256M) 1.442ms
[2025-03-05T02:28:50.631+0300][130.723s][info ][gc] GC(2814) Pause Young (Normal) (G1 Evacuation Pause) 14M->4M(256M) 1.881ms
[2025-03-05T02:28:50.678+0300][130.770s][info ][gc] GC(2815) Pause Young (Normal) (G1 Evacuation Pause) 14M->3M(256M) 1.553ms
[2025-03-05T02:28:50.726+0300][130.818s][info ][gc] GC(2816) Pause Young (Normal) (G1 Evacuation Pause) 14M->4M(256M) 2.014ms
[2025-03-05T02:28:50.770+0300][130.862s][info ][gc] GC(2817) Pause Young (Normal) (G1 Evacuation Pause) 14M->3M(256M) 1.498ms
[2025-03-05T02:28:50.817+0300][130.910s][info ][gc] GC(2818) Pause Young (Normal) (G1 Evacuation Pause) 14M->4M(256M) 1.855ms
[2025-03-05T02:28:50.861+0300][130.953s][info ][gc] GC(2819) Pause Young (Normal) (G1 Evacuation Pause) 14M->3M(256M) 1.466ms
[2025-03-05T02:28:50.917+0300][131.009s][info ][gc] GC(2820) Pause Young (Normal) (G1 Evacuation Pause) 14M->4M(256M) 2.284ms
[2025-03-05T02:28:50.966+0300][131.058s][info ][gc] GC(2821) Pause Young (Normal) (G1 Evacuation Pause) 14M->3M(256M) 1.403ms
[2025-03-05T02:28:51.010+0300][131.103s][info ][gc] GC(2822) Pause Young (Normal) (G1 Evacuation Pause) 14M->2M(256M) 0.658ms
[2025-03-05T02:28:51.057+0300][131.149s][info ][gc] GC(2823) Pause Young (Normal) (G1 Evacuation Pause) 13M->3M(256M) 1.306ms
[2025-03-05T02:28:51.103+0300][131.196s][info ][gc] GC(2824) Pause Young (Normal) (G1 Evacuation Pause) 14M->2M(256M) 0.768ms
[2025-03-05T02:28:51.151+0300][131.243s][info ][gc] GC(2825) Pause Young (Normal) (G1 Evacuation Pause) 13M->3M(256M) 1.711ms
[2025-03-05T02:28:51.196+0300][131.288s][info ][gc] GC(2826) Pause Young (Normal) (G1 Evacuation Pause) 14M->2M(256M) 0.597ms
[2025-03-05T02:28:51.243+0300][131.334s][info ][gc] GC(2827) Pause Young (Normal) (G1 Evacuation Pause) 13M->3M(256M) 1.438ms
[2025-03-05T02:28:51.286+0300][131.377s][info ][gc] GC(2828) Pause Young (Normal) (G1 Evacuation Pause) 13M->2M(256M) 0.779ms
[2025-03-05T02:28:51.333+0300][131.424s][info ][gc] GC(2829) Pause Young (Normal) (G1 Evacuation Pause) 13M->3M(256M) 1.819ms
[2025-03-05T02:28:51.377+0300][131.469s][info ][gc] GC(2830) Pause Young (Normal) (G1 Evacuation Pause) 13M->3M(256M) 0.944ms
[2025-03-05T02:28:51.424+0300][131.516s][info ][gc] GC(2831) Pause Young (Normal) (G1 Evacuation Pause) 14M->3M(256M) 1.678ms
[2025-03-05T02:28:51.466+0300][131.559s][info ][gc] GC(2832) Pause Young (Normal) (G1 Evacuation Pause) 13M->3M(256M) 0.826ms
[2025-03-05T02:28:51.513+0300][131.606s][info ][gc] GC(2833) Pause Young (Normal) (G1 Evacuation Pause) 14M->3M(256M) 1.813ms
[2025-03-05T02:28:51.556+0300][131.649s][info ][gc] GC(2834) Pause Young (Normal) (G1 Evacuation Pause) 13M->3M(256M) 0.904ms
[2025-03-05T02:28:51.603+0300][131.695s][info ][gc] GC(2835) Pause Young (Normal) (G1 Evacuation Pause) 14M->3M(256M) 1.631ms
[2025-03-05T02:28:51.648+0300][131.740s][info ][gc] GC(2836) Pause Young (Normal) (G1 Evacuation Pause) 13M->3M(256M) 0.796ms
[2025-03-05T02:28:51.695+0300][131.788s][info ][gc] GC(2837) Pause Young (Normal) (G1 Evacuation Pause) 14M->3M(256M) 1.588ms
[2025-03-05T02:28:51.741+0300][131.833s][info ][gc] GC(2838) Pause Young (Normal) (G1 Evacuation Pause) 13M->3M(256M) 0.899ms
[2025-03-05T02:28:51.789+0300][131.881s][info ][gc] GC(2839) Pause Young (Normal) (G1 Evacuation Pause) 14M->3M(256M) 1.460ms
[2025-03-05T02:28:51.832+0300][131.925s][info ][gc] GC(2840) Pause Young (Normal) (G1 Evacuation Pause) 13M->3M(256M) 1.047ms
[2025-03-05T02:28:51.894+0300][131.987s][info ][gc] GC(2841) Pause Young (Normal) (G1 Evacuation Pause) 14M->3M(256M) 1.801ms
[2025-03-05T02:28:51.938+0300][132.030s][info ][gc] GC(2842) Pause Young (Normal) (G1 Evacuation Pause) 13M->3M(256M) 1.044ms
[2025-03-05T02:28:51.985+0300][132.077s][info ][gc] GC(2843) Pause Young (Normal) (G1 Evacuation Pause) 14M->4M(256M) 1.686ms
[2025-03-05T02:28:52.026+0300][132.118s][info ][gc] GC(2844) Pause Young (Normal) (G1 Evacuation Pause) 14M->3M(256M) 1.194ms
[2025-03-05T02:28:52.071+0300][132.164s][info ][gc] GC(2845) Pause Young (Normal) (G1 Evacuation Pause) 14M->4M(256M) 1.776ms
[2025-03-05T02:28:52.115+0300][132.207s][info ][gc] GC(2846) Pause Young (Normal) (G1 Evacuation Pause) 14M->3M(256M) 0.968ms
[2025-03-05T02:28:52.172+0300][132.264s][info ][gc] GC(2847) Pause Young (Normal) (G1 Evacuation Pause) 14M->4M(256M) 1.827ms
[2025-03-05T02:28:52.222+0300][132.314s][info ][gc] GC(2848) Pause Young (Normal) (G1 Evacuation Pause) 14M->3M(256M) 1.075ms
[2025-03-05T02:28:52.269+0300][132.361s][info ][gc] GC(2849) Pause Young (Normal) (G1 Evacuation Pause) 14M->4M(256M) 1.473ms
[2025-03-05T02:28:52.313+0300][132.406s][info ][gc] GC(2850) Pause Young (Normal) (G1 Evacuation Pause) 14M->3M(256M) 1.398ms
[2025-03-05T02:28:52.362+0300][132.454s][info ][gc] GC(2851) Pause Young (Normal) (G1 Evacuation Pause) 14M->4M(256M) 1.940ms
[2025-03-05T02:28:52.405+0300][132.497s][info ][gc] GC(2852) Pause Young (Normal) (G1 Evacuation Pause) 14M->3M(256M) 1.311ms
[2025-03-05T02:28:52.526+0300][132.618s][info ][gc] GC(2853) Pause Young (Normal) (G1 Evacuation Pause) 14M->4M(256M) 1.974ms
[2025-03-05T02:28:52.591+0300][132.683s][info ][gc] GC(2854) Pause Young (Normal) (G1 Evacuation Pause) 14M->3M(256M) 1.089ms
[2025-03-05T02:28:52.645+0300][132.737s][info ][gc] GC(2855) Pause Young (Normal) (G1 Evacuation Pause) 14M->4M(256M) 1.835ms
[2025-03-05T02:28:52.695+0300][132.787s][info ][gc] GC(2856) Pause Young (Normal) (G1 Evacuation Pause) 14M->3M(256M) 1.060ms
[2025-03-05T02:28:52.750+0300][132.842s][info ][gc] GC(2857) Pause Young (Normal) (G1 Evacuation Pause) 14M->4M(256M) 1.819ms
[2025-03-05T02:28:52.808+0300][132.899s][info ][gc] GC(2858) Pause Young (Normal) (G1 Evacuation Pause) 14M->3M(256M) 0.932ms
[2025-03-05T02:28:52.873+0300][132.966s][info ][gc] GC(2859) Pause Young (Normal) (G1 Evacuation Pause) 14M->4M(256M) 1.698ms
[2025-03-05T02:28:52.917+0300][133.009s][info ][gc] GC(2860) Pause Young (Normal) (G1 Evacuation Pause) 14M->3M(256M) 0.904ms
[2025-03-05T02:28:52.964+0300][133.056s][info ][gc] GC(2861) Pause Young (Normal) (G1 Evacuation Pause) 14M->4M(256M) 1.867ms
[2025-03-05T02:28:53.007+0300][133.100s][info ][gc] GC(2862) Pause Young (Normal) (G1 Evacuation Pause) 14M->3M(256M) 1.370ms
[2025-03-05T02:28:53.058+0300][133.150s][info ][gc] GC(2863) Pause Young (Normal) (G1 Evacuation Pause) 14M->4M(256M) 1.781ms
[2025-03-05T02:28:53.104+0300][133.195s][info ][gc] GC(2864) Pause Young (Normal) (G1 Evacuation Pause) 14M->3M(256M) 1.353ms
[2025-03-05T02:28:53.149+0300][133.241s][info ][gc] GC(2865) Pause Young (Normal) (G1 Evacuation Pause) 14M->4M(256M) 1.845ms
[2025-03-05T02:28:53.191+0300][133.283s][info ][gc] GC(2866) Pause Young (Normal) (G1 Evacuation Pause) 14M->3M(256M) 1.431ms
[2025-03-05T02:28:53.243+0300][133.335s][info ][gc] GC(2867) Pause Young (Normal) (G1 Evacuation Pause) 14M->4M(256M) 1.796ms
[2025-03-05T02:28:53.285+0300][133.377s][info ][gc] GC(2868) Pause Young (Normal) (G1 Evacuation Pause) 14M->3M(256M) 1.417ms
[2025-03-05T02:28:53.332+0300][133.424s][info ][gc] GC(2869) Pause Young (Normal) (G1 Evacuation Pause) 14M->4M(256M) 2.084ms
[2025-03-05T02:28:53.374+0300][133.467s][info ][gc] GC(2870) Pause Young (Normal) (G1 Evacuation Pause) 14M->3M(256M) 1.716ms
[2025-03-05T02:28:53.420+0300][133.513s][info ][gc] GC(2871) Pause Young (Normal) (G1 Evacuation Pause) 14M->2M(256M) 0.532ms
[2025-03-05T02:28:53.466+0300][133.558s][info ][gc] GC(2872) Pause Young (Normal) (G1 Evacuation Pause) 13M->3M(256M) 1.550ms
[2025-03-05T02:28:53.512+0300][133.604s][info ][gc] GC(2873) Pause Young (Normal) (G1 Evacuation Pause) 14M->2M(256M) 0.857ms
[2025-03-05T02:28:53.559+0300][133.652s][info ][gc] GC(2874) Pause Young (Normal) (G1 Evacuation Pause) 13M->3M(256M) 1.578ms
[2025-03-05T02:28:53.605+0300][133.696s][info ][gc] GC(2875) Pause Young (Normal) (G1 Evacuation Pause) 14M->3M(256M) 0.879ms
[2025-03-05T02:28:53.654+0300][133.746s][info ][gc] GC(2876) Pause Young (Normal) (G1 Evacuation Pause) 14M->3M(256M) 1.647ms
[2025-03-05T02:28:53.696+0300][133.788s][info ][gc] GC(2877) Pause Young (Normal) (G1 Evacuation Pause) 13M->2M(256M) 0.934ms
[2025-03-05T02:28:53.745+0300][133.837s][info ][gc] GC(2878) Pause Young (Normal) (G1 Evacuation Pause) 13M->3M(256M) 2.257ms
[2025-03-05T02:28:53.787+0300][133.879s][info ][gc] GC(2879) Pause Young (Normal) (G1 Evacuation Pause) 13M->3M(256M) 0.849ms
[2025-03-05T02:28:53.833+0300][133.925s][info ][gc] GC(2880) Pause Young (Normal) (G1 Evacuation Pause) 14M->3M(256M) 1.695ms
[2025-03-05T02:28:53.876+0300][133.967s][info ][gc] GC(2881) Pause Young (Normal) (G1 Evacuation Pause) 13M->3M(256M) 1.019ms
[2025-03-05T02:28:53.921+0300][134.013s][info ][gc] GC(2882) Pause Young (Normal) (G1 Evacuation Pause) 14M->3M(256M) 1.582ms
[2025-03-05T02:28:53.962+0300][134.054s][info ][gc] GC(2883) Pause Young (Normal) (G1 Evacuation Pause) 13M->3M(256M) 0.992ms
[2025-03-05T02:28:54.009+0300][134.102s][info ][gc] GC(2884) Pause Young (Normal) (G1 Evacuation Pause) 14M->3M(256M) 1.717ms
[2025-03-05T02:28:54.051+0300][134.143s][info ][gc] GC(2885) Pause Young (Normal) (G1 Evacuation Pause) 13M->3M(256M) 1.042ms
[2025-03-05T02:28:54.098+0300][134.190s][info ][gc] GC(2886) Pause Young (Normal) (G1 Evacuation Pause) 14M->3M(256M) 1.560ms
[2025-03-05T02:28:54.140+0300][134.231s][info ][gc] GC(2887) Pause Young (Normal) (G1 Evacuation Pause) 13M->3M(256M) 1.040ms
[2025-03-05T02:28:54.189+0300][134.281s][info ][gc] GC(2888) Pause Young (Normal) (G1 Evacuation Pause) 14M->3M(256M) 1.809ms
[2025-03-05T02:28:54.234+0300][134.326s][info ][gc] GC(2889) Pause Young (Normal) (G1 Evacuation Pause) 13M->3M(256M) 0.927ms
[2025-03-05T02:28:54.288+0300][134.379s][info ][gc] GC(2890) Pause Young (Normal) (G1 Evacuation Pause) 14M->4M(256M) 1.606ms
[2025-03-05T02:28:54.328+0300][134.420s][info ][gc] GC(2891) Pause Young (Normal) (G1 Evacuation Pause) 14M->3M(256M) 0.977ms
[2025-03-05T02:28:54.375+0300][134.467s][info ][gc] GC(2892) Pause Young (Normal) (G1 Evacuation Pause) 14M->3M(256M) 1.915ms
[2025-03-05T02:28:54.416+0300][134.508s][info ][gc] GC(2893) Pause Young (Normal) (G1 Evacuation Pause) 13M->3M(256M) 0.999ms
[2025-03-05T02:28:54.462+0300][134.555s][info ][gc] GC(2894) Pause Young (Normal) (G1 Evacuation Pause) 14M->4M(256M) 1.710ms
[2025-03-05T02:28:54.506+0300][134.597s][info ][gc] GC(2895) Pause Young (Normal) (G1 Evacuation Pause) 14M->3M(256M) 1.063ms
[2025-03-05T02:28:54.552+0300][134.644s][info ][gc] GC(2896) Pause Young (Normal) (G1 Evacuation Pause) 14M->4M(256M) 1.641ms
[2025-03-05T02:28:54.593+0300][134.686s][info ][gc] GC(2897) Pause Young (Normal) (G1 Evacuation Pause) 14M->3M(256M) 1.076ms
[2025-03-05T02:28:54.645+0300][134.737s][info ][gc] GC(2898) Pause Young (Normal) (G1 Evacuation Pause) 14M->4M(256M) 1.866ms
[2025-03-05T02:28:54.690+0300][134.782s][info ][gc] GC(2899) Pause Young (Normal) (G1 Evacuation Pause) 14M->3M(256M) 1.377ms
[2025-03-05T02:28:54.737+0300][134.829s][info ][gc] GC(2900) Pause Young (Normal) (G1 Evacuation Pause) 14M->4M(256M) 1.836ms
[2025-03-05T02:28:54.778+0300][134.870s][info ][gc] GC(2901) Pause Young (Normal) (G1 Evacuation Pause) 14M->3M(256M) 1.184ms
[2025-03-05T02:28:54.823+0300][134.916s][info ][gc] GC(2902) Pause Young (Normal) (G1 Evacuation Pause) 14M->4M(256M) 1.545ms
[2025-03-05T02:28:54.866+0300][134.958s][info ][gc] GC(2903) Pause Young (Normal) (G1 Evacuation Pause) 14M->3M(256M) 1.155ms
[2025-03-05T02:28:54.913+0300][135.005s][info ][gc] GC(2904) Pause Young (Normal) (G1 Evacuation Pause) 14M->4M(256M) 2.109ms
[2025-03-05T02:28:54.958+0300][135.050s][info ][gc] GC(2905) Pause Young (Normal) (G1 Evacuation Pause) 14M->3M(256M) 1.293ms
[2025-03-05T02:28:55.007+0300][135.099s][info ][gc] GC(2906) Pause Young (Normal) (G1 Evacuation Pause) 14M->4M(256M) 1.948ms
[2025-03-05T02:28:55.050+0300][135.142s][info ][gc] GC(2907) Pause Young (Normal) (G1 Evacuation Pause) 14M->3M(256M) 1.222ms
[2025-03-05T02:28:55.097+0300][135.188s][info ][gc] GC(2908) Pause Young (Normal) (G1 Evacuation Pause) 14M->4M(256M) 2.144ms
[2025-03-05T02:28:55.138+0300][135.230s][info ][gc] GC(2909) Pause Young (Normal) (G1 Evacuation Pause) 14M->3M(256M) 1.500ms
[2025-03-05T02:28:55.187+0300][135.279s][info ][gc] GC(2910) Pause Young (Normal) (G1 Evacuation Pause) 14M->4M(256M) 1.992ms
[2025-03-05T02:28:55.234+0300][135.326s][info ][gc] GC(2911) Pause Young (Normal) (G1 Evacuation Pause) 14M->3M(256M) 1.374ms
[2025-03-05T02:28:55.280+0300][135.372s][info ][gc] GC(2912) Pause Young (Normal) (G1 Evacuation Pause) 14M->4M(256M) 1.741ms
[2025-03-05T02:28:55.322+0300][135.414s][info ][gc] GC(2913) Pause Young (Normal) (G1 Evacuation Pause) 14M->3M(256M) 1.111ms
[2025-03-05T02:28:55.369+0300][135.461s][info ][gc] GC(2914) Pause Young (Normal) (G1 Evacuation Pause) 14M->4M(256M) 1.969ms
[2025-03-05T02:28:55.413+0300][135.506s][info ][gc] GC(2915) Pause Young (Normal) (G1 Evacuation Pause) 14M->3M(256M) 1.549ms
[2025-03-05T02:28:55.468+0300][135.561s][info ][gc] GC(2916) Pause Young (Normal) (G1 Evacuation Pause) 14M->4M(256M) 2.037ms
[2025-03-05T02:28:55.515+0300][135.607s][info ][gc] GC(2917) Pause Young (Normal) (G1 Evacuation Pause) 14M->3M(256M) 1.534ms
[2025-03-05T02:28:55.567+0300][135.659s][info ][gc] GC(2918) Pause Young (Normal) (G1 Evacuation Pause) 14M->4M(256M) 1.759ms
[2025-03-05T02:28:55.611+0300][135.703s][info ][gc] GC(2919) Pause Young (Normal) (G1 Evacuation Pause) 14M->3M(256M) 1.588ms
[2025-03-05T02:28:55.657+0300][135.750s][info ][gc] GC(2920) Pause Young (Normal) (G1 Evacuation Pause) 14M->2M(256M) 0.744ms
[2025-03-05T02:28:55.708+0300][135.800s][info ][gc] GC(2921) Pause Young (Normal) (G1 Evacuation Pause) 13M->3M(256M) 1.713ms
[2025-03-05T02:28:55.755+0300][135.847s][info ][gc] GC(2922) Pause Young (Normal) (G1 Evacuation Pause) 14M->2M(256M) 0.848ms
[2025-03-05T02:28:55.812+0300][135.904s][info ][gc] GC(2923) Pause Young (Normal) (G1 Evacuation Pause) 13M->3M(256M) 2.147ms
[2025-03-05T02:28:55.866+0300][135.958s][info ][gc] GC(2924) Pause Young (Normal) (G1 Evacuation Pause) 14M->2M(256M) 0.938ms
[2025-03-05T02:28:55.923+0300][136.015s][info ][gc] GC(2925) Pause Young (Normal) (G1 Evacuation Pause) 13M->3M(256M) 1.212ms
[2025-03-05T02:28:55.966+0300][136.058s][info ][gc] GC(2926) Pause Young (Normal) (G1 Evacuation Pause) 13M->3M(256M) 0.539ms
[2025-03-05T02:28:56.019+0300][136.111s][info ][gc] GC(2927) Pause Young (Normal) (G1 Evacuation Pause) 14M->3M(256M) 1.723ms
[2025-03-05T02:28:56.069+0300][136.161s][info ][gc] GC(2928) Pause Young (Normal) (G1 Evacuation Pause) 13M->3M(256M) 0.965ms
[2025-03-05T02:28:56.118+0300][136.211s][info ][gc] GC(2929) Pause Young (Normal) (G1 Evacuation Pause) 14M->3M(256M) 1.458ms
[2025-03-05T02:28:56.161+0300][136.253s][info ][gc] GC(2930) Pause Young (Normal) (G1 Evacuation Pause) 13M->3M(256M) 1.007ms
[2025-03-05T02:28:56.208+0300][136.301s][info ][gc] GC(2931) Pause Young (Normal) (G1 Evacuation Pause) 14M->3M(256M) 1.665ms
[2025-03-05T02:28:56.252+0300][136.345s][info ][gc] GC(2932) Pause Young (Normal) (G1 Evacuation Pause) 13M->3M(256M) 0.942ms
[2025-03-05T02:28:56.301+0300][136.393s][info ][gc] GC(2933) Pause Young (Normal) (G1 Evacuation Pause) 14M->3M(256M) 1.716ms
[2025-03-05T02:28:56.346+0300][136.438s][info ][gc] GC(2934) Pause Young (Normal) (G1 Evacuation Pause) 13M->3M(256M) 0.831ms
[2025-03-05T02:28:56.396+0300][136.488s][info ][gc] GC(2935) Pause Young (Normal) (G1 Evacuation Pause) 14M->3M(256M) 1.800ms
[2025-03-05T02:28:56.440+0300][136.532s][info ][gc] GC(2936) Pause Young (Normal) (G1 Evacuation Pause) 13M->3M(256M) 0.613ms
[2025-03-05T02:28:56.490+0300][136.582s][info ][gc] GC(2937) Pause Young (Normal) (G1 Evacuation Pause) 14M->3M(256M) 1.862ms
[2025-03-05T02:28:56.537+0300][136.628s][info ][gc] GC(2938) Pause Young (Normal) (G1 Evacuation Pause) 13M->3M(256M) 1.091ms
[2025-03-05T02:28:56.588+0300][136.680s][info ][gc] GC(2939) Pause Young (Normal) (G1 Evacuation Pause) 14M->4M(256M) 1.566ms
[2025-03-05T02:28:56.629+0300][136.721s][info ][gc] GC(2940) Pause Young (Normal) (G1 Evacuation Pause) 14M->3M(256M) 1.009ms
[2025-03-05T02:28:56.674+0300][136.767s][info ][gc] GC(2941) Pause Young (Normal) (G1 Evacuation Pause) 14M->4M(256M) 1.743ms
[2025-03-05T02:28:56.716+0300][136.808s][info ][gc] GC(2942) Pause Young (Normal) (G1 Evacuation Pause) 14M->3M(256M) 0.891ms
[2025-03-05T02:28:56.766+0300][136.859s][info ][gc] GC(2943) Pause Young (Normal) (G1 Evacuation Pause) 14M->4M(256M) 1.937ms
[2025-03-05T02:28:56.810+0300][136.901s][info ][gc] GC(2944) Pause Young (Normal) (G1 Evacuation Pause) 14M->3M(256M) 0.968ms
[2025-03-05T02:28:56.855+0300][136.947s][info ][gc] GC(2945) Pause Young (Normal) (G1 Evacuation Pause) 14M->3M(256M) 1.834ms
[2025-03-05T02:28:56.898+0300][136.990s][info ][gc] GC(2946) Pause Young (Normal) (G1 Evacuation Pause) 13M->3M(256M) 1.169ms
[2025-03-05T02:28:56.947+0300][137.039s][info ][gc] GC(2947) Pause Young (Normal) (G1 Evacuation Pause) 14M->4M(256M) 1.618ms
[2025-03-05T02:28:56.996+0300][137.088s][info ][gc] GC(2948) Pause Young (Normal) (G1 Evacuation Pause) 14M->3M(256M) 1.261ms
[2025-03-05T02:28:57.050+0300][137.142s][info ][gc] GC(2949) Pause Young (Normal) (G1 Evacuation Pause) 14M->4M(256M) 1.503ms
[2025-03-05T02:28:57.097+0300][137.188s][info ][gc] GC(2950) Pause Young (Normal) (G1 Evacuation Pause) 14M->3M(256M) 1.243ms
[2025-03-05T02:28:57.141+0300][137.233s][info ][gc] GC(2951) Pause Young (Normal) (G1 Evacuation Pause) 14M->4M(256M) 1.700ms
[2025-03-05T02:28:57.190+0300][137.281s][info ][gc] GC(2952) Pause Young (Normal) (G1 Evacuation Pause) 14M->3M(256M) 1.368ms
[2025-03-05T02:28:57.237+0300][137.330s][info ][gc] GC(2953) Pause Young (Normal) (G1 Evacuation Pause) 14M->4M(256M) 1.855ms
[2025-03-05T02:28:57.282+0300][137.373s][info ][gc] GC(2954) Pause Young (Normal) (G1 Evacuation Pause) 14M->3M(256M) 1.262ms
[2025-03-05T02:28:57.327+0300][137.419s][info ][gc] GC(2955) Pause Young (Normal) (G1 Evacuation Pause) 14M->4M(256M) 1.757ms
[2025-03-05T02:28:57.367+0300][137.459s][info ][gc] GC(2956) Pause Young (Normal) (G1 Evacuation Pause) 14M->3M(256M) 1.141ms
[2025-03-05T02:28:57.415+0300][137.508s][info ][gc] GC(2957) Pause Young (Normal) (G1 Evacuation Pause) 14M->4M(256M) 1.749ms
[2025-03-05T02:28:57.461+0300][137.553s][info ][gc] GC(2958) Pause Young (Normal) (G1 Evacuation Pause) 14M->3M(256M) 1.548ms
[2025-03-05T02:28:57.510+0300][137.602s][info ][gc] GC(2959) Pause Young (Normal) (G1 Evacuation Pause) 14M->4M(256M) 2.137ms
[2025-03-05T02:28:57.555+0300][137.647s][info ][gc] GC(2960) Pause Young (Normal) (G1 Evacuation Pause) 14M->3M(256M) 1.346ms
[2025-03-05T02:28:57.603+0300][137.695s][info ][gc] GC(2961) Pause Young (Normal) (G1 Evacuation Pause) 14M->4M(256M) 1.717ms
[2025-03-05T02:28:57.645+0300][137.737s][info ][gc] GC(2962) Pause Young (Normal) (G1 Evacuation Pause) 14M->3M(256M) 1.185ms
[2025-03-05T02:28:57.694+0300][137.786s][info ][gc] GC(2963) Pause Young (Normal) (G1 Evacuation Pause) 14M->4M(256M) 1.963ms
[2025-03-05T02:28:57.739+0300][137.831s][info ][gc] GC(2964) Pause Young (Normal) (G1 Evacuation Pause) 14M->3M(256M) 1.588ms
[2025-03-05T02:28:57.787+0300][137.879s][info ][gc] GC(2965) Pause Young (Normal) (G1 Evacuation Pause) 14M->4M(256M) 1.959ms
[2025-03-05T02:28:57.830+0300][137.922s][info ][gc] GC(2966) Pause Young (Normal) (G1 Evacuation Pause) 14M->3M(256M) 1.592ms
[2025-03-05T02:28:57.879+0300][137.970s][info ][gc] GC(2967) Pause Young (Normal) (G1 Evacuation Pause) 14M->4M(256M) 2.207ms
[2025-03-05T02:28:57.922+0300][138.014s][info ][gc] GC(2968) Pause Young (Normal) (G1 Evacuation Pause) 14M->3M(256M) 1.449ms
[2025-03-05T02:28:57.989+0300][138.081s][info ][gc] GC(2969) Pause Young (Normal) (G1 Evacuation Pause) 14M->4M(256M) 1.995ms
[2025-03-05T02:28:58.038+0300][138.130s][info ][gc] GC(2970) Pause Young (Normal) (G1 Evacuation Pause) 14M->3M(256M) 1.321ms
[2025-03-05T02:28:58.086+0300][138.177s][info ][gc] GC(2971) Pause Young (Normal) (G1 Evacuation Pause) 14M->2M(256M) 0.703ms
[2025-03-05T02:28:58.134+0300][138.226s][info ][gc] GC(2972) Pause Young (Normal) (G1 Evacuation Pause) 13M->3M(256M) 1.719ms
[2025-03-05T02:28:58.190+0300][138.282s][info ][gc] GC(2973) Pause Young (Normal) (G1 Evacuation Pause) 14M->2M(256M) 0.732ms
[2025-03-05T02:28:58.237+0300][138.329s][info ][gc] GC(2974) Pause Young (Normal) (G1 Evacuation Pause) 13M->3M(256M) 1.165ms
[2025-03-05T02:28:58.284+0300][138.375s][info ][gc] GC(2975) Pause Young (Normal) (G1 Evacuation Pause) 14M->3M(256M) 0.994ms
[2025-03-05T02:28:58.330+0300][138.422s][info ][gc] GC(2976) Pause Young (Normal) (G1 Evacuation Pause) 14M->3M(256M) 1.419ms
[2025-03-05T02:28:58.371+0300][138.463s][info ][gc] GC(2977) Pause Young (Normal) (G1 Evacuation Pause) 13M->3M(256M) 0.761ms
[2025-03-05T02:28:58.418+0300][138.510s][info ][gc] GC(2978) Pause Young (Normal) (G1 Evacuation Pause) 14M->3M(256M) 1.522ms
[2025-03-05T02:28:58.460+0300][138.551s][info ][gc] GC(2979) Pause Young (Normal) (G1 Evacuation Pause) 13M->3M(256M) 0.975ms
[2025-03-05T02:28:58.506+0300][138.598s][info ][gc] GC(2980) Pause Young (Normal) (G1 Evacuation Pause) 14M->3M(256M) 1.350ms
[2025-03-05T02:28:58.548+0300][138.640s][info ][gc] GC(2981) Pause Young (Normal) (G1 Evacuation Pause) 13M->3M(256M) 1.068ms
[2025-03-05T02:28:58.594+0300][138.687s][info ][gc] GC(2982) Pause Young (Normal) (G1 Evacuation Pause) 14M->3M(256M) 1.484ms
[2025-03-05T02:28:58.637+0300][138.729s][info ][gc] GC(2983) Pause Young (Normal) (G1 Evacuation Pause) 13M->3M(256M) 0.946ms
[2025-03-05T02:28:58.684+0300][138.776s][info ][gc] GC(2984) Pause Young (Normal) (G1 Evacuation Pause) 14M->3M(256M) 1.972ms
[2025-03-05T02:28:58.723+0300][138.817s][info ][gc] GC(2985) Pause Young (Normal) (G1 Evacuation Pause) 13M->3M(256M) 0.820ms
[2025-03-05T02:28:58.770+0300][138.863s][info ][gc] GC(2986) Pause Young (Normal) (G1 Evacuation Pause) 14M->3M(256M) 1.485ms
[2025-03-05T02:28:58.815+0300][138.907s][info ][gc] GC(2987) Pause Young (Normal) (G1 Evacuation Pause) 13M->3M(256M) 0.938ms
[2025-03-05T02:28:58.863+0300][138.954s][info ][gc] GC(2988) Pause Young (Normal) (G1 Evacuation Pause) 14M->4M(256M) 1.644ms
[2025-03-05T02:28:58.903+0300][138.996s][info ][gc] GC(2989) Pause Young (Normal) (G1 Evacuation Pause) 14M->3M(256M) 1.059ms
[2025-03-05T02:28:58.952+0300][139.044s][info ][gc] GC(2990) Pause Young (Normal) (G1 Evacuation Pause) 14M->4M(256M) 1.633ms
[2025-03-05T02:28:58.996+0300][139.088s][info ][gc] GC(2991) Pause Young (Normal) (G1 Evacuation Pause) 14M->3M(256M) 1.081ms
[2025-03-05T02:28:59.046+0300][139.138s][info ][gc] GC(2992) Pause Young (Normal) (G1 Evacuation Pause) 14M->4M(256M) 1.716ms
[2025-03-05T02:28:59.092+0300][139.184s][info ][gc] GC(2993) Pause Young (Normal) (G1 Evacuation Pause) 14M->3M(256M) 0.947ms
[2025-03-05T02:28:59.145+0300][139.237s][info ][gc] GC(2994) Pause Young (Normal) (G1 Evacuation Pause) 14M->4M(256M) 2.131ms
[2025-03-05T02:28:59.196+0300][139.287s][info ][gc] GC(2995) Pause Young (Normal) (G1 Evacuation Pause) 14M->3M(256M) 0.884ms
[2025-03-05T02:28:59.244+0300][139.336s][info ][gc] GC(2996) Pause Young (Normal) (G1 Evacuation Pause) 14M->4M(256M) 1.930ms
[2025-03-05T02:28:59.286+0300][139.378s][info ][gc] GC(2997) Pause Young (Normal) (G1 Evacuation Pause) 14M->3M(256M) 1.015ms
[2025-03-05T02:28:59.334+0300][139.426s][info ][gc] GC(2998) Pause Young (Normal) (G1 Evacuation Pause) 14M->4M(256M) 1.966ms
[2025-03-05T02:28:59.375+0300][139.467s][info ][gc] GC(2999) Pause Young (Normal) (G1 Evacuation Pause) 14M->3M(256M) 1.204ms
[2025-03-05T02:28:59.429+0300][139.521s][info ][gc] GC(3000) Pause Young (Normal) (G1 Evacuation Pause) 14M->4M(256M) 1.977ms
[2025-03-05T02:28:59.474+0300][139.566s][info ][gc] GC(3001) Pause Young (Normal) (G1 Evacuation Pause) 14M->3M(256M) 1.133ms
[2025-03-05T02:28:59.527+0300][139.619s][info ][gc] GC(3002) Pause Young (Normal) (G1 Evacuation Pause) 14M->4M(256M) 2.008ms
[2025-03-05T02:28:59.572+0300][139.665s][info ][gc] GC(3003) Pause Young (Normal) (G1 Evacuation Pause) 14M->3M(256M) 1.210ms
[2025-03-05T02:28:59.622+0300][139.714s][info ][gc] GC(3004) Pause Young (Normal) (G1 Evacuation Pause) 14M->4M(256M) 1.740ms
[2025-03-05T02:28:59.666+0300][139.757s][info ][gc] GC(3005) Pause Young (Normal) (G1 Evacuation Pause) 14M->3M(256M) 1.270ms
[2025-03-05T02:28:59.712+0300][139.805s][info ][gc] GC(3006) Pause Young (Normal) (G1 Evacuation Pause) 14M->4M(256M) 1.824ms
[2025-03-05T02:28:59.757+0300][139.849s][info ][gc] GC(3007) Pause Young (Normal) (G1 Evacuation Pause) 14M->3M(256M) 1.624ms
[2025-03-05T02:28:59.807+0300][139.900s][info ][gc] GC(3008) Pause Young (Normal) (G1 Evacuation Pause) 14M->4M(256M) 1.679ms
[2025-03-05T02:28:59.851+0300][139.942s][info ][gc] GC(3009) Pause Young (Normal) (G1 Evacuation Pause) 14M->3M(256M) 1.172ms
[2025-03-05T02:28:59.899+0300][139.991s][info ][gc] GC(3010) Pause Young (Normal) (G1 Evacuation Pause) 14M->4M(256M) 1.892ms
[2025-03-05T02:28:59.945+0300][140.037s][info ][gc] GC(3011) Pause Young (Normal) (G1 Evacuation Pause) 14M->3M(256M) 1.799ms
[2025-03-05T02:29:00.005+0300][140.097s][info ][gc] GC(3012) Pause Young (Normal) (G1 Evacuation Pause) 14M->4M(256M) 2.329ms
[2025-03-05T02:29:00.055+0300][140.147s][info ][gc] GC(3013) Pause Young (Normal) (G1 Evacuation Pause) 14M->3M(256M) 1.137ms
[2025-03-05T02:29:00.103+0300][140.195s][info ][gc] GC(3014) Pause Young (Normal) (G1 Evacuation Pause) 14M->4M(256M) 1.808ms
[2025-03-05T02:29:00.146+0300][140.238s][info ][gc] GC(3015) Pause Young (Normal) (G1 Evacuation Pause) 14M->3M(256M) 1.510ms
[2025-03-05T02:29:00.199+0300][140.291s][info ][gc] GC(3016) Pause Young (Normal) (G1 Evacuation Pause) 14M->4M(256M) 1.703ms
[2025-03-05T02:29:00.244+0300][140.336s][info ][gc] GC(3017) Pause Young (Normal) (G1 Evacuation Pause) 14M->3M(256M) 1.563ms
[2025-03-05T02:29:00.292+0300][140.384s][info ][gc] GC(3018) Pause Young (Normal) (G1 Evacuation Pause) 14M->4M(256M) 1.474ms
[2025-03-05T02:29:00.334+0300][140.426s][info ][gc] GC(3019) Pause Young (Normal) (G1 Evacuation Pause) 14M->3M(256M) 1.482ms
[2025-03-05T02:29:00.380+0300][140.472s][info ][gc] GC(3020) Pause Young (Normal) (G1 Evacuation Pause) 14M->2M(256M) 0.524ms
[2025-03-05T02:29:00.428+0300][140.519s][info ][gc] GC(3021) Pause Young (Normal) (G1 Evacuation Pause) 13M->3M(256M) 1.382ms
[2025-03-05T02:29:00.474+0300][140.567s][info ][gc] GC(3022) Pause Young (Normal) (G1 Evacuation Pause) 14M->2M(256M) 0.665ms
[2025-03-05T02:29:00.524+0300][140.617s][info ][gc] GC(3023) Pause Young (Normal) (G1 Evacuation Pause) 13M->3M(256M) 1.641ms
[2025-03-05T02:29:00.573+0300][140.666s][info ][gc] GC(3024) Pause Young (Normal) (G1 Evacuation Pause) 14M->2M(256M) 0.834ms
[2025-03-05T02:29:00.623+0300][140.716s][info ][gc] GC(3025) Pause Young (Normal) (G1 Evacuation Pause) 13M->3M(256M) 1.756ms
[2025-03-05T02:29:00.663+0300][140.757s][info ][gc] GC(3026) Pause Young (Normal) (G1 Evacuation Pause) 13M->3M(256M) 0.857ms
[2025-03-05T02:29:00.710+0300][140.803s][info ][gc] GC(3027) Pause Young (Normal) (G1 Evacuation Pause) 14M->3M(256M) 1.847ms
[2025-03-05T02:29:00.753+0300][140.845s][info ][gc] GC(3028) Pause Young (Normal) (G1 Evacuation Pause) 13M->3M(256M) 0.876ms
[2025-03-05T02:29:00.799+0300][140.891s][info ][gc] GC(3029) Pause Young (Normal) (G1 Evacuation Pause) 14M->3M(256M) 1.758ms
[2025-03-05T02:29:00.844+0300][140.935s][info ][gc] GC(3030) Pause Young (Normal) (G1 Evacuation Pause) 13M->3M(256M) 0.950ms
[2025-03-05T02:29:00.891+0300][140.983s][info ][gc] GC(3031) Pause Young (Normal) (G1 Evacuation Pause) 14M->3M(256M) 1.670ms
[2025-03-05T02:29:00.935+0300][141.027s][info ][gc] GC(3032) Pause Young (Normal) (G1 Evacuation Pause) 13M->3M(256M) 0.899ms
[2025-03-05T02:29:00.986+0300][141.078s][info ][gc] GC(3033) Pause Young (Normal) (G1 Evacuation Pause) 14M->3M(256M) 1.655ms
[2025-03-05T02:29:01.030+0300][141.122s][info ][gc] GC(3034) Pause Young (Normal) (G1 Evacuation Pause) 13M->3M(256M) 0.884ms
[2025-03-05T02:29:01.078+0300][141.170s][info ][gc] GC(3035) Pause Young (Normal) (G1 Evacuation Pause) 14M->3M(256M) 1.895ms
[2025-03-05T02:29:01.136+0300][141.228s][info ][gc] GC(3036) Pause Young (Normal) (G1 Evacuation Pause) 13M->3M(256M) 1.033ms
[2025-03-05T02:29:01.188+0300][141.281s][info ][gc] GC(3037) Pause Young (Normal) (G1 Evacuation Pause) 14M->3M(256M) 1.690ms
[2025-03-05T02:29:01.237+0300][141.329s][info ][gc] GC(3038) Pause Young (Normal) (G1 Evacuation Pause) 13M->3M(256M) 0.843ms
[2025-03-05T02:29:01.287+0300][141.380s][info ][gc] GC(3039) Pause Young (Normal) (G1 Evacuation Pause) 14M->4M(256M) 1.667ms
[2025-03-05T02:29:01.332+0300][141.424s][info ][gc] GC(3040) Pause Young (Normal) (G1 Evacuation Pause) 14M->3M(256M) 0.978ms
[2025-03-05T02:29:01.382+0300][141.474s][info ][gc] GC(3041) Pause Young (Normal) (G1 Evacuation Pause) 14M->4M(256M) 1.748ms
[2025-03-05T02:29:01.424+0300][141.517s][info ][gc] GC(3042) Pause Young (Normal) (G1 Evacuation Pause) 14M->3M(256M) 0.884ms
[2025-03-05T02:29:01.472+0300][141.564s][info ][gc] GC(3043) Pause Young (Normal) (G1 Evacuation Pause) 14M->4M(256M) 1.838ms
[2025-03-05T02:29:01.514+0300][141.605s][info ][gc] GC(3044) Pause Young (Normal) (G1 Evacuation Pause) 14M->3M(256M) 1.096ms
[2025-03-05T02:29:01.561+0300][141.653s][info ][gc] GC(3045) Pause Young (Normal) (G1 Evacuation Pause) 14M->4M(256M) 1.851ms
[2025-03-05T02:29:01.602+0300][141.694s][info ][gc] GC(3046) Pause Young (Normal) (G1 Evacuation Pause) 14M->3M(256M) 1.029ms
[2025-03-05T02:29:01.653+0300][141.746s][info ][gc] GC(3047) Pause Young (Normal) (G1 Evacuation Pause) 14M->4M(256M) 2.095ms
[2025-03-05T02:29:01.696+0300][141.789s][info ][gc] GC(3048) Pause Young (Normal) (G1 Evacuation Pause) 14M->3M(256M) 1.029ms
[2025-03-05T02:29:01.747+0300][141.838s][info ][gc] GC(3049) Pause Young (Normal) (G1 Evacuation Pause) 14M->4M(256M) 2.067ms
[2025-03-05T02:29:01.791+0300][141.883s][info ][gc] GC(3050) Pause Young (Normal) (G1 Evacuation Pause) 14M->3M(256M) 1.132ms
[2025-03-05T02:29:01.840+0300][141.932s][info ][gc] GC(3051) Pause Young (Normal) (G1 Evacuation Pause) 14M->4M(256M) 1.865ms
[2025-03-05T02:29:01.885+0300][141.977s][info ][gc] GC(3052) Pause Young (Normal) (G1 Evacuation Pause) 14M->3M(256M) 1.598ms
[2025-03-05T02:29:01.935+0300][142.027s][info ][gc] GC(3053) Pause Young (Normal) (G1 Evacuation Pause) 14M->4M(256M) 1.901ms
[2025-03-05T02:29:01.984+0300][142.075s][info ][gc] GC(3054) Pause Young (Normal) (G1 Evacuation Pause) 14M->3M(256M) 1.405ms
[2025-03-05T02:29:02.031+0300][142.123s][info ][gc] GC(3055) Pause Young (Normal) (G1 Evacuation Pause) 14M->4M(256M) 1.729ms
[2025-03-05T02:29:02.074+0300][142.166s][info ][gc] GC(3056) Pause Young (Normal) (G1 Evacuation Pause) 14M->3M(256M) 1.123ms
[2025-03-05T02:29:02.122+0300][142.214s][info ][gc] GC(3057) Pause Young (Normal) (G1 Evacuation Pause) 14M->4M(256M) 2.023ms
[2025-03-05T02:29:02.165+0300][142.257s][info ][gc] GC(3058) Pause Young (Normal) (G1 Evacuation Pause) 14M->3M(256M) 1.384ms
[2025-03-05T02:29:02.212+0300][142.304s][info ][gc] GC(3059) Pause Young (Normal) (G1 Evacuation Pause) 14M->4M(256M) 1.894ms
[2025-03-05T02:29:02.256+0300][142.348s][info ][gc] GC(3060) Pause Young (Normal) (G1 Evacuation Pause) 14M->3M(256M) 1.357ms
[2025-03-05T02:29:02.331+0300][142.423s][info ][gc] GC(3061) Pause Young (Normal) (G1 Evacuation Pause) 14M->4M(256M) 1.838ms
[2025-03-05T02:29:02.397+0300][142.489s][info ][gc] GC(3062) Pause Young (Normal) (G1 Evacuation Pause) 14M->3M(256M) 1.368ms
[2025-03-05T02:29:02.446+0300][142.538s][info ][gc] GC(3063) Pause Young (Normal) (G1 Evacuation Pause) 14M->4M(256M) 1.762ms
[2025-03-05T02:29:02.489+0300][142.581s][info ][gc] GC(3064) Pause Young (Normal) (G1 Evacuation Pause) 14M->3M(256M) 1.265ms
[2025-03-05T02:29:02.537+0300][142.629s][info ][gc] GC(3065) Pause Young (Normal) (G1 Evacuation Pause) 14M->4M(256M) 1.988ms
[2025-03-05T02:29:02.583+0300][142.675s][info ][gc] GC(3066) Pause Young (Normal) (G1 Evacuation Pause) 14M->3M(256M) 1.471ms
[2025-03-05T02:29:02.633+0300][142.726s][info ][gc] GC(3067) Pause Young (Normal) (G1 Evacuation Pause) 14M->4M(256M) 2.111ms
[2025-03-05T02:29:02.676+0300][142.767s][info ][gc] GC(3068) Pause Young (Normal) (G1 Evacuation Pause) 14M->3M(256M) 1.452ms
[2025-03-05T02:29:02.721+0300][142.813s][info ][gc] GC(3069) Pause Young (Normal) (G1 Evacuation Pause) 14M->2M(256M) 0.715ms
[2025-03-05T02:29:02.767+0300][142.859s][info ][gc] GC(3070) Pause Young (Normal) (G1 Evacuation Pause) 13M->3M(256M) 1.715ms
[2025-03-05T02:29:02.815+0300][142.907s][info ][gc] GC(3071) Pause Young (Normal) (G1 Evacuation Pause) 14M->2M(256M) 0.685ms
[2025-03-05T02:29:02.861+0300][142.953s][info ][gc] GC(3072) Pause Young (Normal) (G1 Evacuation Pause) 13M->3M(256M) 1.257ms
[2025-03-05T02:29:02.907+0300][142.999s][info ][gc] GC(3073) Pause Young (Normal) (G1 Evacuation Pause) 14M->2M(256M) 0.844ms
[2025-03-05T02:29:02.953+0300][143.045s][info ][gc] GC(3074) Pause Young (Normal) (G1 Evacuation Pause) 13M->3M(256M) 1.809ms
[2025-03-05T02:29:02.994+0300][143.086s][info ][gc] GC(3075) Pause Young (Normal) (G1 Evacuation Pause) 13M->3M(256M) 0.971ms
[2025-03-05T02:29:03.040+0300][143.132s][info ][gc] GC(3076) Pause Young (Normal) (G1 Evacuation Pause) 14M->3M(256M) 1.678ms
[2025-03-05T02:29:03.082+0300][143.173s][info ][gc] GC(3077) Pause Young (Normal) (G1 Evacuation Pause) 13M->3M(256M) 0.776ms
[2025-03-05T02:29:03.128+0300][143.220s][info ][gc] GC(3078) Pause Young (Normal) (G1 Evacuation Pause) 14M->3M(256M) 1.466ms
[2025-03-05T02:29:03.170+0300][143.262s][info ][gc] GC(3079) Pause Young (Normal) (G1 Evacuation Pause) 13M->3M(256M) 1.049ms
[2025-03-05T02:29:03.218+0300][143.310s][info ][gc] GC(3080) Pause Young (Normal) (G1 Evacuation Pause) 14M->3M(256M) 1.565ms
[2025-03-05T02:29:03.258+0300][143.350s][info ][gc] GC(3081) Pause Young (Normal) (G1 Evacuation Pause) 13M->3M(256M) 0.768ms
[2025-03-05T02:29:03.305+0300][143.397s][info ][gc] GC(3082) Pause Young (Normal) (G1 Evacuation Pause) 14M->3M(256M) 1.594ms
[2025-03-05T02:29:03.350+0300][143.441s][info ][gc] GC(3083) Pause Young (Normal) (G1 Evacuation Pause) 13M->3M(256M) 1.079ms
[2025-03-05T02:29:03.416+0300][143.509s][info ][gc] GC(3084) Pause Young (Normal) (G1 Evacuation Pause) 14M->3M(256M) 1.841ms
[2025-03-05T02:29:03.459+0300][143.550s][info ][gc] GC(3085) Pause Young (Normal) (G1 Evacuation Pause) 13M->3M(256M) 1.049ms
[2025-03-05T02:29:03.504+0300][143.595s][info ][gc] GC(3086) Pause Young (Normal) (G1 Evacuation Pause) 14M->3M(256M) 1.497ms
[2025-03-05T02:29:03.547+0300][143.639s][info ][gc] GC(3087) Pause Young (Normal) (G1 Evacuation Pause) 13M->3M(256M) 0.957ms
[2025-03-05T02:29:03.594+0300][143.686s][info ][gc] GC(3088) Pause Young (Normal) (G1 Evacuation Pause) 14M->4M(256M) 1.393ms
[2025-03-05T02:29:03.635+0300][143.726s][info ][gc] GC(3089) Pause Young (Normal) (G1 Evacuation Pause) 14M->3M(256M) 1.057ms
[2025-03-05T02:29:03.680+0300][143.772s][info ][gc] GC(3090) Pause Young (Normal) (G1 Evacuation Pause) 14M->4M(256M) 1.765ms
[2025-03-05T02:29:03.722+0300][143.814s][info ][gc] GC(3091) Pause Young (Normal) (G1 Evacuation Pause) 14M->3M(256M) 1.138ms
[2025-03-05T02:29:03.770+0300][143.862s][info ][gc] GC(3092) Pause Young (Normal) (G1 Evacuation Pause) 14M->4M(256M) 2.083ms
[2025-03-05T02:29:03.815+0300][143.907s][info ][gc] GC(3093) Pause Young (Normal) (G1 Evacuation Pause) 14M->3M(256M) 1.098ms
[2025-03-05T02:29:03.862+0300][143.954s][info ][gc] GC(3094) Pause Young (Normal) (G1 Evacuation Pause) 14M->4M(256M) 1.617ms
[2025-03-05T02:29:03.905+0300][143.998s][info ][gc] GC(3095) Pause Young (Normal) (G1 Evacuation Pause) 14M->3M(256M) 1.134ms
[2025-03-05T02:29:03.953+0300][144.045s][info ][gc] GC(3096) Pause Young (Normal) (G1 Evacuation Pause) 14M->4M(256M) 1.921ms
[2025-03-05T02:29:03.999+0300][144.092s][info ][gc] GC(3097) Pause Young (Normal) (G1 Evacuation Pause) 14M->3M(256M) 1.219ms
[2025-03-05T02:29:04.053+0300][144.145s][info ][gc] GC(3098) Pause Young (Normal) (G1 Evacuation Pause) 14M->4M(256M) 1.875ms
[2025-03-05T02:29:04.094+0300][144.187s][info ][gc] GC(3099) Pause Young (Normal) (G1 Evacuation Pause) 14M->3M(256M) 1.267ms
[2025-03-05T02:29:04.139+0300][144.231s][info ][gc] GC(3100) Pause Young (Normal) (G1 Evacuation Pause) 14M->4M(256M) 1.691ms
[2025-03-05T02:29:04.181+0300][144.273s][info ][gc] GC(3101) Pause Young (Normal) (G1 Evacuation Pause) 14M->3M(256M) 1.316ms
[2025-03-05T02:29:04.232+0300][144.324s][info ][gc] GC(3102) Pause Young (Normal) (G1 Evacuation Pause) 14M->4M(256M) 1.798ms
[2025-03-05T02:29:04.275+0300][144.367s][info ][gc] GC(3103) Pause Young (Normal) (G1 Evacuation Pause) 14M->3M(256M) 1.221ms
[2025-03-05T02:29:04.324+0300][144.416s][info ][gc] GC(3104) Pause Young (Normal) (G1 Evacuation Pause) 14M->4M(256M) 1.875ms
[2025-03-05T02:29:04.367+0300][144.458s][info ][gc] GC(3105) Pause Young (Normal) (G1 Evacuation Pause) 14M->3M(256M) 1.210ms
[2025-03-05T02:29:04.418+0300][144.511s][info ][gc] GC(3106) Pause Young (Normal) (G1 Evacuation Pause) 14M->4M(256M) 1.585ms
[2025-03-05T02:29:04.462+0300][144.554s][info ][gc] GC(3107) Pause Young (Normal) (G1 Evacuation Pause) 14M->3M(256M) 1.319ms
[2025-03-05T02:29:04.511+0300][144.603s][info ][gc] GC(3108) Pause Young (Normal) (G1 Evacuation Pause) 14M->4M(256M) 1.792ms
[2025-03-05T02:29:04.554+0300][144.647s][info ][gc] GC(3109) Pause Young (Normal) (G1 Evacuation Pause) 14M->3M(256M) 1.414ms
[2025-03-05T02:29:04.600+0300][144.692s][info ][gc] GC(3110) Pause Young (Normal) (G1 Evacuation Pause) 14M->4M(256M) 1.892ms
[2025-03-05T02:29:04.644+0300][144.735s][info ][gc] GC(3111) Pause Young (Normal) (G1 Evacuation Pause) 14M->3M(256M) 1.602ms
[2025-03-05T02:29:04.689+0300][144.782s][info ][gc] GC(3112) Pause Young (Normal) (G1 Evacuation Pause) 14M->4M(256M) 1.784ms
[2025-03-05T02:29:04.732+0300][144.824s][info ][gc] GC(3113) Pause Young (Normal) (G1 Evacuation Pause) 14M->3M(256M) 1.543ms
[2025-03-05T02:29:04.781+0300][144.873s][info ][gc] GC(3114) Pause Young (Normal) (G1 Evacuation Pause) 14M->4M(256M) 2.119ms
[2025-03-05T02:29:04.823+0300][144.915s][info ][gc] GC(3115) Pause Young (Normal) (G1 Evacuation Pause) 14M->3M(256M) 1.367ms
[2025-03-05T02:29:04.873+0300][144.965s][info ][gc] GC(3116) Pause Young (Normal) (G1 Evacuation Pause) 14M->4M(256M) 1.992ms
[2025-03-05T02:29:04.918+0300][145.010s][info ][gc] GC(3117) Pause Young (Normal) (G1 Evacuation Pause) 14M->3M(256M) 1.475ms
[2025-03-05T02:29:04.967+0300][145.060s][info ][gc] GC(3118) Pause Young (Normal) (G1 Evacuation Pause) 14M->2M(256M) 0.602ms
[2025-03-05T02:29:05.020+0300][145.112s][info ][gc] GC(3119) Pause Young (Normal) (G1 Evacuation Pause) 13M->3M(256M) 1.474ms
[2025-03-05T02:29:05.066+0300][145.158s][info ][gc] GC(3120) Pause Young (Normal) (G1 Evacuation Pause) 14M->2M(256M) 0.990ms
[2025-03-05T02:29:05.111+0300][145.203s][info ][gc] GC(3121) Pause Young (Normal) (G1 Evacuation Pause) 13M->3M(256M) 1.578ms
[2025-03-05T02:29:05.158+0300][145.249s][info ][gc] GC(3122) Pause Young (Normal) (G1 Evacuation Pause) 14M->2M(256M) 0.903ms
[2025-03-05T02:29:05.203+0300][145.295s][info ][gc] GC(3123) Pause Young (Normal) (G1 Evacuation Pause) 13M->3M(256M) 1.357ms
[2025-03-05T02:29:05.245+0300][145.337s][info ][gc] GC(3124) Pause Young (Normal) (G1 Evacuation Pause) 13M->3M(256M) 0.761ms
[2025-03-05T02:29:05.292+0300][145.384s][info ][gc] GC(3125) Pause Young (Normal) (G1 Evacuation Pause) 14M->3M(256M) 1.475ms
[2025-03-05T02:29:05.334+0300][145.427s][info ][gc] GC(3126) Pause Young (Normal) (G1 Evacuation Pause) 13M->3M(256M) 0.879ms
[2025-03-05T02:29:05.388+0300][145.480s][info ][gc] GC(3127) Pause Young (Normal) (G1 Evacuation Pause) 14M->3M(256M) 1.635ms
[2025-03-05T02:29:05.430+0300][145.523s][info ][gc] GC(3128) Pause Young (Normal) (G1 Evacuation Pause) 13M->3M(256M) 0.848ms
[2025-03-05T02:29:05.477+0300][145.569s][info ][gc] GC(3129) Pause Young (Normal) (G1 Evacuation Pause) 14M->3M(256M) 1.910ms
[2025-03-05T02:29:05.520+0300][145.611s][info ][gc] GC(3130) Pause Young (Normal) (G1 Evacuation Pause) 13M->3M(256M) 0.876ms
[2025-03-05T02:29:05.566+0300][145.658s][info ][gc] GC(3131) Pause Young (Normal) (G1 Evacuation Pause) 14M->3M(256M) 1.585ms
[2025-03-05T02:29:05.609+0300][145.702s][info ][gc] GC(3132) Pause Young (Normal) (G1 Evacuation Pause) 13M->3M(256M) 1.060ms
[2025-03-05T02:29:05.659+0300][145.750s][info ][gc] GC(3133) Pause Young (Normal) (G1 Evacuation Pause) 14M->3M(256M) 1.656ms
[2025-03-05T02:29:05.701+0300][145.793s][info ][gc] GC(3134) Pause Young (Normal) (G1 Evacuation Pause) 13M->3M(256M) 0.940ms
[2025-03-05T02:29:05.749+0300][145.840s][info ][gc] GC(3135) Pause Young (Normal) (G1 Evacuation Pause) 14M->3M(256M) 1.522ms
[2025-03-05T02:29:05.790+0300][145.882s][info ][gc] GC(3136) Pause Young (Normal) (G1 Evacuation Pause) 13M->3M(256M) 0.869ms
[2025-03-05T02:29:05.836+0300][145.929s][info ][gc] GC(3137) Pause Young (Normal) (G1 Evacuation Pause) 14M->3M(256M) 1.691ms
[2025-03-05T02:29:05.878+0300][145.970s][info ][gc] GC(3138) Pause Young (Normal) (G1 Evacuation Pause) 13M->3M(256M) 1.083ms
[2025-03-05T02:29:05.923+0300][146.016s][info ][gc] GC(3139) Pause Young (Normal) (G1 Evacuation Pause) 14M->4M(256M) 1.678ms
[2025-03-05T02:29:05.965+0300][146.057s][info ][gc] GC(3140) Pause Young (Normal) (G1 Evacuation Pause) 14M->3M(256M) 0.884ms
[2025-03-05T02:29:06.015+0300][146.107s][info ][gc] GC(3141) Pause Young (Normal) (G1 Evacuation Pause) 14M->4M(256M) 1.492ms
[2025-03-05T02:29:06.065+0300][146.157s][info ][gc] GC(3142) Pause Young (Normal) (G1 Evacuation Pause) 14M->3M(256M) 1.279ms
[2025-03-05T02:29:06.121+0300][146.214s][info ][gc] GC(3143) Pause Young (Normal) (G1 Evacuation Pause) 14M->4M(256M) 1.764ms
[2025-03-05T02:29:06.166+0300][146.257s][info ][gc] GC(3144) Pause Young (Normal) (G1 Evacuation Pause) 14M->3M(256M) 1.225ms
[2025-03-05T02:29:06.218+0300][146.311s][info ][gc] GC(3145) Pause Young (Normal) (G1 Evacuation Pause) 14M->4M(256M) 1.772ms
[2025-03-05T02:29:06.265+0300][146.357s][info ][gc] GC(3146) Pause Young (Normal) (G1 Evacuation Pause) 14M->3M(256M) 1.253ms
[2025-03-05T02:29:06.317+0300][146.409s][info ][gc] GC(3147) Pause Young (Normal) (G1 Evacuation Pause) 14M->4M(256M) 1.579ms
[2025-03-05T02:29:06.362+0300][146.454s][info ][gc] GC(3148) Pause Young (Normal) (G1 Evacuation Pause) 14M->3M(256M) 1.064ms
[2025-03-05T02:29:06.413+0300][146.505s][info ][gc] GC(3149) Pause Young (Normal) (G1 Evacuation Pause) 14M->4M(256M) 1.887ms
[2025-03-05T02:29:06.459+0300][146.551s][info ][gc] GC(3150) Pause Young (Normal) (G1 Evacuation Pause) 14M->3M(256M) 1.134ms
[2025-03-05T02:29:06.506+0300][146.598s][info ][gc] GC(3151) Pause Young (Normal) (G1 Evacuation Pause) 14M->4M(256M) 1.697ms
[2025-03-05T02:29:06.550+0300][146.642s][info ][gc] GC(3152) Pause Young (Normal) (G1 Evacuation Pause) 14M->3M(256M) 1.305ms
[2025-03-05T02:29:06.610+0300][146.701s][info ][gc] GC(3153) Pause Young (Normal) (G1 Evacuation Pause) 14M->4M(256M) 1.774ms
[2025-03-05T02:29:06.651+0300][146.743s][info ][gc] GC(3154) Pause Young (Normal) (G1 Evacuation Pause) 14M->3M(256M) 1.305ms
[2025-03-05T02:29:06.703+0300][146.795s][info ][gc] GC(3155) Pause Young (Normal) (G1 Evacuation Pause) 14M->4M(256M) 1.892ms
[2025-03-05T02:29:06.751+0300][146.843s][info ][gc] GC(3156) Pause Young (Normal) (G1 Evacuation Pause) 14M->3M(256M) 1.460ms
[2025-03-05T02:29:06.798+0300][146.890s][info ][gc] GC(3157) Pause Young (Normal) (G1 Evacuation Pause) 14M->4M(256M) 1.916ms
[2025-03-05T02:29:06.846+0300][146.938s][info ][gc] GC(3158) Pause Young (Normal) (G1 Evacuation Pause) 14M->3M(256M) 1.270ms
[2025-03-05T02:29:06.891+0300][146.984s][info ][gc] GC(3159) Pause Young (Normal) (G1 Evacuation Pause) 14M->4M(256M) 1.429ms
[2025-03-05T02:29:06.933+0300][147.025s][info ][gc] GC(3160) Pause Young (Normal) (G1 Evacuation Pause) 14M->3M(256M) 1.253ms
[2025-03-05T02:29:06.980+0300][147.072s][info ][gc] GC(3161) Pause Young (Normal) (G1 Evacuation Pause) 14M->4M(256M) 1.839ms
[2025-03-05T02:29:07.023+0300][147.115s][info ][gc] GC(3162) Pause Young (Normal) (G1 Evacuation Pause) 14M->3M(256M) 1.456ms
[2025-03-05T02:29:07.071+0300][147.162s][info ][gc] GC(3163) Pause Young (Normal) (G1 Evacuation Pause) 14M->4M(256M) 1.974ms
[2025-03-05T02:29:07.113+0300][147.205s][info ][gc] GC(3164) Pause Young (Normal) (G1 Evacuation Pause) 14M->3M(256M) 1.402ms
[2025-03-05T02:29:07.164+0300][147.256s][info ][gc] GC(3165) Pause Young (Normal) (G1 Evacuation Pause) 14M->4M(256M) 2.182ms
[2025-03-05T02:29:07.211+0300][147.303s][info ][gc] GC(3166) Pause Young (Normal) (G1 Evacuation Pause) 14M->3M(256M) 1.492ms
[2025-03-05T02:29:07.256+0300][147.348s][info ][gc] GC(3167) Pause Young (Normal) (G1 Evacuation Pause) 14M->2M(256M) 0.397ms
[2025-03-05T02:29:07.303+0300][147.394s][info ][gc] GC(3168) Pause Young (Normal) (G1 Evacuation Pause) 13M->3M(256M) 1.448ms
[2025-03-05T02:29:07.348+0300][147.440s][info ][gc] GC(3169) Pause Young (Normal) (G1 Evacuation Pause) 14M->2M(256M) 0.951ms
[2025-03-05T02:29:07.394+0300][147.487s][info ][gc] GC(3170) Pause Young (Normal) (G1 Evacuation Pause) 13M->3M(256M) 1.524ms
[2025-03-05T02:29:07.456+0300][147.548s][info ][gc] GC(3171) Pause Young (Normal) (G1 Evacuation Pause) 14M->2M(256M) 0.710ms
[2025-03-05T02:29:07.543+0300][147.634s][info ][gc] GC(3172) Pause Young (Normal) (G1 Evacuation Pause) 13M->3M(256M) 1.729ms
[2025-03-05T02:29:07.596+0300][147.688s][info ][gc] GC(3173) Pause Young (Normal) (G1 Evacuation Pause) 13M->3M(256M) 0.690ms
[2025-03-05T02:29:07.653+0300][147.745s][info ][gc] GC(3174) Pause Young (Normal) (G1 Evacuation Pause) 14M->3M(256M) 1.447ms
[2025-03-05T02:29:07.699+0300][147.791s][info ][gc] GC(3175) Pause Young (Normal) (G1 Evacuation Pause) 13M->3M(256M) 0.593ms
[2025-03-05T02:29:07.749+0300][147.841s][info ][gc] GC(3176) Pause Young (Normal) (G1 Evacuation Pause) 14M->3M(256M) 1.422ms
[2025-03-05T02:29:07.793+0300][147.887s][info ][gc] GC(3177) Pause Young (Normal) (G1 Evacuation Pause) 13M->3M(256M) 0.569ms
[2025-03-05T02:29:07.868+0300][147.961s][info ][gc] GC(3178) Pause Young (Normal) (G1 Evacuation Pause) 14M->3M(256M) 1.303ms
[2025-03-05T02:29:07.911+0300][148.003s][info ][gc] GC(3179) Pause Young (Normal) (G1 Evacuation Pause) 13M->3M(256M) 0.584ms
[2025-03-05T02:29:07.958+0300][148.050s][info ][gc] GC(3180) Pause Young (Normal) (G1 Evacuation Pause) 14M->3M(256M) 1.496ms
[2025-03-05T02:29:08.001+0300][148.093s][info ][gc] GC(3181) Pause Young (Normal) (G1 Evacuation Pause) 13M->3M(256M) 0.768ms
[2025-03-05T02:29:08.048+0300][148.140s][info ][gc] GC(3182) Pause Young (Normal) (G1 Evacuation Pause) 14M->3M(256M) 1.374ms
[2025-03-05T02:29:08.089+0300][148.181s][info ][gc] GC(3183) Pause Young (Normal) (G1 Evacuation Pause) 13M->3M(256M) 0.781ms
[2025-03-05T02:29:08.134+0300][148.226s][info ][gc] GC(3184) Pause Young (Normal) (G1 Evacuation Pause) 14M->3M(256M) 1.731ms
[2025-03-05T02:29:08.175+0300][148.267s][info ][gc] GC(3185) Pause Young (Normal) (G1 Evacuation Pause) 13M->3M(256M) 0.787ms
[2025-03-05T02:29:08.227+0300][148.319s][info ][gc] GC(3186) Pause Young (Normal) (G1 Evacuation Pause) 14M->3M(256M) 2.008ms
[2025-03-05T02:29:08.269+0300][148.361s][info ][gc] GC(3187) Pause Young (Normal) (G1 Evacuation Pause) 13M->3M(256M) 0.954ms
[2025-03-05T02:29:08.316+0300][148.407s][info ][gc] GC(3188) Pause Young (Normal) (G1 Evacuation Pause) 14M->4M(256M) 1.655ms
[2025-03-05T02:29:08.356+0300][148.448s][info ][gc] GC(3189) Pause Young (Normal) (G1 Evacuation Pause) 14M->3M(256M) 0.965ms
[2025-03-05T02:29:08.401+0300][148.494s][info ][gc] GC(3190) Pause Young (Normal) (G1 Evacuation Pause) 14M->4M(256M) 1.683ms
[2025-03-05T02:29:08.445+0300][148.537s][info ][gc] GC(3191) Pause Young (Normal) (G1 Evacuation Pause) 14M->3M(256M) 1.126ms
[2025-03-05T02:29:08.493+0300][148.585s][info ][gc] GC(3192) Pause Young (Normal) (G1 Evacuation Pause) 14M->4M(256M) 1.765ms
[2025-03-05T02:29:08.533+0300][148.626s][info ][gc] GC(3193) Pause Young (Normal) (G1 Evacuation Pause) 14M->3M(256M) 1.056ms
[2025-03-05T02:29:08.597+0300][148.689s][info ][gc] GC(3194) Pause Young (Normal) (G1 Evacuation Pause) 14M->4M(256M) 1.937ms
[2025-03-05T02:29:08.640+0300][148.732s][info ][gc] GC(3195) Pause Young (Normal) (G1 Evacuation Pause) 14M->3M(256M) 1.122ms
[2025-03-05T02:29:08.689+0300][148.781s][info ][gc] GC(3196) Pause Young (Normal) (G1 Evacuation Pause) 14M->4M(256M) 1.906ms
[2025-03-05T02:29:08.733+0300][148.825s][info ][gc] GC(3197) Pause Young (Normal) (G1 Evacuation Pause) 14M->3M(256M) 1.351ms
[2025-03-05T02:29:08.783+0300][148.875s][info ][gc] GC(3198) Pause Young (Normal) (G1 Evacuation Pause) 14M->4M(256M) 1.589ms
[2025-03-05T02:29:08.827+0300][148.919s][info ][gc] GC(3199) Pause Young (Normal) (G1 Evacuation Pause) 14M->3M(256M) 1.291ms
[2025-03-05T02:29:08.875+0300][148.967s][info ][gc] GC(3200) Pause Young (Normal) (G1 Evacuation Pause) 14M->4M(256M) 1.786ms
[2025-03-05T02:29:08.923+0300][149.015s][info ][gc] GC(3201) Pause Young (Normal) (G1 Evacuation Pause) 14M->3M(256M) 1.328ms
[2025-03-05T02:29:08.972+0300][149.064s][info ][gc] GC(3202) Pause Young (Normal) (G1 Evacuation Pause) 14M->4M(256M) 1.880ms
[2025-03-05T02:29:09.015+0300][149.107s][info ][gc] GC(3203) Pause Young (Normal) (G1 Evacuation Pause) 14M->3M(256M) 1.304ms
[2025-03-05T02:29:09.065+0300][149.156s][info ][gc] GC(3204) Pause Young (Normal) (G1 Evacuation Pause) 14M->4M(256M) 2.077ms
[2025-03-05T02:29:09.108+0300][149.200s][info ][gc] GC(3205) Pause Young (Normal) (G1 Evacuation Pause) 14M->3M(256M) 1.172ms
[2025-03-05T02:29:09.158+0300][149.251s][info ][gc] GC(3206) Pause Young (Normal) (G1 Evacuation Pause) 14M->4M(256M) 1.505ms
[2025-03-05T02:29:09.203+0300][149.296s][info ][gc] GC(3207) Pause Young (Normal) (G1 Evacuation Pause) 14M->3M(256M) 1.308ms
[2025-03-05T02:29:09.255+0300][149.348s][info ][gc] GC(3208) Pause Young (Normal) (G1 Evacuation Pause) 14M->4M(256M) 1.922ms
[2025-03-05T02:29:09.300+0300][149.392s][info ][gc] GC(3209) Pause Young (Normal) (G1 Evacuation Pause) 14M->3M(256M) 1.287ms
[2025-03-05T02:29:09.348+0300][149.439s][info ][gc] GC(3210) Pause Young (Normal) (G1 Evacuation Pause) 14M->4M(256M) 1.844ms
[2025-03-05T02:29:09.392+0300][149.484s][info ][gc] GC(3211) Pause Young (Normal) (G1 Evacuation Pause) 14M->3M(256M) 1.457ms
[2025-03-05T02:29:09.443+0300][149.534s][info ][gc] GC(3212) Pause Young (Normal) (G1 Evacuation Pause) 14M->4M(256M) 2.105ms
[2025-03-05T02:29:09.490+0300][149.582s][info ][gc] GC(3213) Pause Young (Normal) (G1 Evacuation Pause) 14M->3M(256M) 1.321ms
[2025-03-05T02:29:09.538+0300][149.630s][info ][gc] GC(3214) Pause Young (Normal) (G1 Evacuation Pause) 14M->4M(256M) 1.859ms
[2025-03-05T02:29:09.583+0300][149.675s][info ][gc] GC(3215) Pause Young (Normal) (G1 Evacuation Pause) 14M->3M(256M) 1.503ms
[2025-03-05T02:29:09.633+0300][149.725s][info ][gc] GC(3216) Pause Young (Normal) (G1 Evacuation Pause) 14M->2M(256M) 0.577ms
[2025-03-05T02:29:09.680+0300][149.772s][info ][gc] GC(3217) Pause Young (Normal) (G1 Evacuation Pause) 13M->3M(256M) 1.379ms
[2025-03-05T02:29:09.727+0300][149.819s][info ][gc] GC(3218) Pause Young (Normal) (G1 Evacuation Pause) 14M->2M(256M) 0.958ms
[2025-03-05T02:29:09.772+0300][149.864s][info ][gc] GC(3219) Pause Young (Normal) (G1 Evacuation Pause) 13M->3M(256M) 1.490ms
[2025-03-05T02:29:09.813+0300][149.906s][info ][gc] GC(3220) Pause Young (Normal) (G1 Evacuation Pause) 13M->2M(256M) 0.668ms
[2025-03-05T02:29:09.860+0300][149.951s][info ][gc] GC(3221) Pause Young (Normal) (G1 Evacuation Pause) 13M->3M(256M) 1.862ms
[2025-03-05T02:29:09.906+0300][149.997s][info ][gc] GC(3222) Pause Young (Normal) (G1 Evacuation Pause) 14M->2M(256M) 0.971ms
[2025-03-05T02:29:09.952+0300][150.044s][info ][gc] GC(3223) Pause Young (Normal) (G1 Evacuation Pause) 13M->3M(256M) 1.606ms
[2025-03-05T02:29:09.992+0300][150.084s][info ][gc] GC(3224) Pause Young (Normal) (G1 Evacuation Pause) 13M->3M(256M) 0.754ms
[2025-03-05T02:29:10.039+0300][150.131s][info ][gc] GC(3225) Pause Young (Normal) (G1 Evacuation Pause) 14M->3M(256M) 1.689ms
[2025-03-05T02:29:10.081+0300][150.173s][info ][gc] GC(3226) Pause Young (Normal) (G1 Evacuation Pause) 13M->3M(256M) 0.821ms
[2025-03-05T02:29:10.127+0300][150.219s][info ][gc] GC(3227) Pause Young (Normal) (G1 Evacuation Pause) 14M->3M(256M) 1.564ms
[2025-03-05T02:29:10.167+0300][150.260s][info ][gc] GC(3228) Pause Young (Normal) (G1 Evacuation Pause) 13M->3M(256M) 0.995ms
[2025-03-05T02:29:10.216+0300][150.307s][info ][gc] GC(3229) Pause Young (Normal) (G1 Evacuation Pause) 14M->3M(256M) 1.564ms
[2025-03-05T02:29:10.257+0300][150.349s][info ][gc] GC(3230) Pause Young (Normal) (G1 Evacuation Pause) 13M->3M(256M) 1.042ms
[2025-03-05T02:29:10.303+0300][150.395s][info ][gc] GC(3231) Pause Young (Normal) (G1 Evacuation Pause) 14M->3M(256M) 1.869ms
[2025-03-05T02:29:10.345+0300][150.437s][info ][gc] GC(3232) Pause Young (Normal) (G1 Evacuation Pause) 13M->3M(256M) 0.986ms
[2025-03-05T02:29:10.393+0300][150.485s][info ][gc] GC(3233) Pause Young (Normal) (G1 Evacuation Pause) 14M->3M(256M) 1.653ms
[2025-03-05T02:29:10.433+0300][150.526s][info ][gc] GC(3234) Pause Young (Normal) (G1 Evacuation Pause) 13M->3M(256M) 1.039ms
[2025-03-05T02:29:10.481+0300][150.572s][info ][gc] GC(3235) Pause Young (Normal) (G1 Evacuation Pause) 14M->3M(256M) 1.892ms
[2025-03-05T02:29:10.522+0300][150.613s][info ][gc] GC(3236) Pause Young (Normal) (G1 Evacuation Pause) 13M->3M(256M) 0.832ms
[2025-03-05T02:29:10.568+0300][150.660s][info ][gc] GC(3237) Pause Young (Normal) (G1 Evacuation Pause) 14M->4M(256M) 2.019ms
[2025-03-05T02:29:10.610+0300][150.702s][info ][gc] GC(3238) Pause Young (Normal) (G1 Evacuation Pause) 14M->3M(256M) 1.206ms
[2025-03-05T02:29:10.656+0300][150.748s][info ][gc] GC(3239) Pause Young (Normal) (G1 Evacuation Pause) 14M->4M(256M) 1.816ms
[2025-03-05T02:29:10.697+0300][150.789s][info ][gc] GC(3240) Pause Young (Normal) (G1 Evacuation Pause) 14M->3M(256M) 1.174ms
[2025-03-05T02:29:10.744+0300][150.836s][info ][gc] GC(3241) Pause Young (Normal) (G1 Evacuation Pause) 14M->4M(256M) 2.401ms
[2025-03-05T02:29:10.787+0300][150.879s][info ][gc] GC(3242) Pause Young (Normal) (G1 Evacuation Pause) 14M->3M(256M) 1.198ms
[2025-03-05T02:29:10.833+0300][150.925s][info ][gc] GC(3243) Pause Young (Normal) (G1 Evacuation Pause) 14M->4M(256M) 1.779ms
[2025-03-05T02:29:10.875+0300][150.967s][info ][gc] GC(3244) Pause Young (Normal) (G1 Evacuation Pause) 14M->3M(256M) 1.081ms
[2025-03-05T02:29:10.923+0300][151.014s][info ][gc] GC(3245) Pause Young (Normal) (G1 Evacuation Pause) 14M->4M(256M) 1.673ms
[2025-03-05T02:29:10.964+0300][151.056s][info ][gc] GC(3246) Pause Young (Normal) (G1 Evacuation Pause) 14M->3M(256M) 1.292ms
[2025-03-05T02:29:11.014+0300][151.106s][info ][gc] GC(3247) Pause Young (Normal) (G1 Evacuation Pause) 14M->4M(256M) 1.919ms
[2025-03-05T02:29:11.056+0300][151.148s][info ][gc] GC(3248) Pause Young (Normal) (G1 Evacuation Pause) 14M->3M(256M) 1.309ms
[2025-03-05T02:29:11.102+0300][151.194s][info ][gc] GC(3249) Pause Young (Normal) (G1 Evacuation Pause) 14M->4M(256M) 1.965ms
[2025-03-05T02:29:11.144+0300][151.236s][info ][gc] GC(3250) Pause Young (Normal) (G1 Evacuation Pause) 14M->3M(256M) 1.417ms
[2025-03-05T02:29:11.190+0300][151.282s][info ][gc] GC(3251) Pause Young (Normal) (G1 Evacuation Pause) 14M->4M(256M) 1.861ms
[2025-03-05T02:29:11.233+0300][151.325s][info ][gc] GC(3252) Pause Young (Normal) (G1 Evacuation Pause) 14M->3M(256M) 1.276ms
[2025-03-05T02:29:11.280+0300][151.372s][info ][gc] GC(3253) Pause Young (Normal) (G1 Evacuation Pause) 14M->4M(256M) 1.676ms
[2025-03-05T02:29:11.320+0300][151.412s][info ][gc] GC(3254) Pause Young (Normal) (G1 Evacuation Pause) 14M->3M(256M) 1.365ms
[2025-03-05T02:29:11.366+0300][151.458s][info ][gc] GC(3255) Pause Young (Normal) (G1 Evacuation Pause) 14M->4M(256M) 1.868ms
[2025-03-05T02:29:11.407+0300][151.499s][info ][gc] GC(3256) Pause Young (Normal) (G1 Evacuation Pause) 14M->3M(256M) 1.255ms
[2025-03-05T02:29:11.454+0300][151.546s][info ][gc] GC(3257) Pause Young (Normal) (G1 Evacuation Pause) 14M->4M(256M) 2.428ms
[2025-03-05T02:29:11.496+0300][151.588s][info ][gc] GC(3258) Pause Young (Normal) (G1 Evacuation Pause) 14M->3M(256M) 1.505ms
[2025-03-05T02:29:11.541+0300][151.633s][info ][gc] GC(3259) Pause Young (Normal) (G1 Evacuation Pause) 14M->4M(256M) 1.765ms
[2025-03-05T02:29:11.582+0300][151.674s][info ][gc] GC(3260) Pause Young (Normal) (G1 Evacuation Pause) 14M->3M(256M) 1.211ms
[2025-03-05T02:29:11.628+0300][151.721s][info ][gc] GC(3261) Pause Young (Normal) (G1 Evacuation Pause) 14M->4M(256M) 1.829ms
[2025-03-05T02:29:11.671+0300][151.763s][info ][gc] GC(3262) Pause Young (Normal) (G1 Evacuation Pause) 14M->3M(256M) 1.460ms
[2025-03-05T02:29:11.717+0300][151.809s][info ][gc] GC(3263) Pause Young (Normal) (G1 Evacuation Pause) 14M->4M(256M) 1.870ms
[2025-03-05T02:29:11.760+0300][151.852s][info ][gc] GC(3264) Pause Young (Normal) (G1 Evacuation Pause) 14M->3M(256M) 1.477ms
[2025-03-05T02:29:11.806+0300][151.898s][info ][gc] GC(3265) Pause Young (Normal) (G1 Evacuation Pause) 14M->4M(256M) 1.739ms
[2025-03-05T02:29:11.851+0300][151.943s][info ][gc] GC(3266) Pause Young (Normal) (G1 Evacuation Pause) 14M->3M(256M) 1.255ms
[2025-03-05T02:29:11.901+0300][151.993s][info ][gc] GC(3267) Pause Young (Normal) (G1 Evacuation Pause) 14M->2M(256M) 0.533ms
[2025-03-05T02:29:11.951+0300][152.043s][info ][gc] GC(3268) Pause Young (Normal) (G1 Evacuation Pause) 13M->3M(256M) 1.232ms
[2025-03-05T02:29:11.999+0300][152.091s][info ][gc] GC(3269) Pause Young (Normal) (G1 Evacuation Pause) 14M->2M(256M) 0.559ms
[2025-03-05T02:29:12.055+0300][152.147s][info ][gc] GC(3270) Pause Young (Normal) (G1 Evacuation Pause) 13M->3M(256M) 1.320ms
[2025-03-05T02:29:12.102+0300][152.194s][info ][gc] GC(3271) Pause Young (Normal) (G1 Evacuation Pause) 14M->2M(256M) 0.824ms
[2025-03-05T02:29:12.156+0300][152.247s][info ][gc] GC(3272) Pause Young (Normal) (G1 Evacuation Pause) 13M->3M(256M) 1.465ms
[2025-03-05T02:29:12.196+0300][152.288s][info ][gc] GC(3273) Pause Young (Normal) (G1 Evacuation Pause) 13M->3M(256M) 0.738ms
[2025-03-05T02:29:12.244+0300][152.336s][info ][gc] GC(3274) Pause Young (Normal) (G1 Evacuation Pause) 14M->3M(256M) 1.896ms
[2025-03-05T02:29:12.285+0300][152.377s][info ][gc] GC(3275) Pause Young (Normal) (G1 Evacuation Pause) 13M->3M(256M) 0.801ms
[2025-03-05T02:29:12.331+0300][152.423s][info ][gc] GC(3276) Pause Young (Normal) (G1 Evacuation Pause) 14M->3M(256M) 1.645ms
[2025-03-05T02:29:12.372+0300][152.465s][info ][gc] GC(3277) Pause Young (Normal) (G1 Evacuation Pause) 13M->3M(256M) 0.901ms
[2025-03-05T02:29:12.418+0300][152.510s][info ][gc] GC(3278) Pause Young (Normal) (G1 Evacuation Pause) 14M->3M(256M) 1.623ms
[2025-03-05T02:29:12.459+0300][152.551s][info ][gc] GC(3279) Pause Young (Normal) (G1 Evacuation Pause) 13M->3M(256M) 0.891ms
[2025-03-05T02:29:12.504+0300][152.596s][info ][gc] GC(3280) Pause Young (Normal) (G1 Evacuation Pause) 14M->3M(256M) 1.736ms
[2025-03-05T02:29:12.546+0300][152.638s][info ][gc] GC(3281) Pause Young (Normal) (G1 Evacuation Pause) 13M->3M(256M) 0.872ms
[2025-03-05T02:29:12.591+0300][152.684s][info ][gc] GC(3282) Pause Young (Normal) (G1 Evacuation Pause) 14M->3M(256M) 1.858ms
[2025-03-05T02:29:12.632+0300][152.724s][info ][gc] GC(3283) Pause Young (Normal) (G1 Evacuation Pause) 13M->3M(256M) 0.976ms
[2025-03-05T02:29:12.678+0300][152.770s][info ][gc] GC(3284) Pause Young (Normal) (G1 Evacuation Pause) 14M->3M(256M) 2.048ms
[2025-03-05T02:29:12.720+0300][152.811s][info ][gc] GC(3285) Pause Young (Normal) (G1 Evacuation Pause) 13M->3M(256M) 1.311ms
[2025-03-05T02:29:12.766+0300][152.858s][info ][gc] GC(3286) Pause Young (Normal) (G1 Evacuation Pause) 14M->4M(256M) 1.732ms
[2025-03-05T02:29:12.809+0300][152.900s][info ][gc] GC(3287) Pause Young (Normal) (G1 Evacuation Pause) 14M->3M(256M) 1.081ms
[2025-03-05T02:29:12.854+0300][152.947s][info ][gc] GC(3288) Pause Young (Normal) (G1 Evacuation Pause) 14M->4M(256M) 1.780ms
[2025-03-05T02:29:12.893+0300][152.987s][info ][gc] GC(3289) Pause Young (Normal) (G1 Evacuation Pause) 14M->3M(256M) 0.901ms
[2025-03-05T02:29:12.940+0300][153.032s][info ][gc] GC(3290) Pause Young (Normal) (G1 Evacuation Pause) 14M->4M(256M) 1.545ms
[2025-03-05T02:29:12.982+0300][153.074s][info ][gc] GC(3291) Pause Young (Normal) (G1 Evacuation Pause) 14M->3M(256M) 1.159ms
[2025-03-05T02:29:13.029+0300][153.121s][info ][gc] GC(3292) Pause Young (Normal) (G1 Evacuation Pause) 14M->4M(256M) 2.020ms
[2025-03-05T02:29:13.069+0300][153.162s][info ][gc] GC(3293) Pause Young (Normal) (G1 Evacuation Pause) 14M->3M(256M) 1.068ms
[2025-03-05T02:29:13.116+0300][153.208s][info ][gc] GC(3294) Pause Young (Normal) (G1 Evacuation Pause) 14M->4M(256M) 1.797ms
[2025-03-05T02:29:13.157+0300][153.249s][info ][gc] GC(3295) Pause Young (Normal) (G1 Evacuation Pause) 14M->3M(256M) 1.248ms
[2025-03-05T02:29:13.203+0300][153.295s][info ][gc] GC(3296) Pause Young (Normal) (G1 Evacuation Pause) 14M->4M(256M) 1.926ms
[2025-03-05T02:29:13.250+0300][153.341s][info ][gc] GC(3297) Pause Young (Normal) (G1 Evacuation Pause) 14M->3M(256M) 1.377ms
[2025-03-05T02:29:13.295+0300][153.387s][info ][gc] GC(3298) Pause Young (Normal) (G1 Evacuation Pause) 14M->4M(256M) 1.942ms
[2025-03-05T02:29:13.337+0300][153.429s][info ][gc] GC(3299) Pause Young (Normal) (G1 Evacuation Pause) 14M->3M(256M) 1.104ms
[2025-03-05T02:29:13.383+0300][153.475s][info ][gc] GC(3300) Pause Young (Normal) (G1 Evacuation Pause) 14M->4M(256M) 1.700ms
[2025-03-05T02:29:13.426+0300][153.518s][info ][gc] GC(3301) Pause Young (Normal) (G1 Evacuation Pause) 14M->3M(256M) 1.301ms
[2025-03-05T02:29:13.473+0300][153.565s][info ][gc] GC(3302) Pause Young (Normal) (G1 Evacuation Pause) 14M->4M(256M) 1.942ms
[2025-03-05T02:29:13.515+0300][153.607s][info ][gc] GC(3303) Pause Young (Normal) (G1 Evacuation Pause) 14M->3M(256M) 1.395ms
[2025-03-05T02:29:13.562+0300][153.654s][info ][gc] GC(3304) Pause Young (Normal) (G1 Evacuation Pause) 14M->4M(256M) 1.692ms
[2025-03-05T02:29:13.607+0300][153.698s][info ][gc] GC(3305) Pause Young (Normal) (G1 Evacuation Pause) 14M->3M(256M) 1.339ms
[2025-03-05T02:29:13.663+0300][153.755s][info ][gc] GC(3306) Pause Young (Normal) (G1 Evacuation Pause) 14M->4M(256M) 1.816ms
[2025-03-05T02:29:13.710+0300][153.802s][info ][gc] GC(3307) Pause Young (Normal) (G1 Evacuation Pause) 14M->3M(256M) 1.453ms
[2025-03-05T02:29:13.761+0300][153.853s][info ][gc] GC(3308) Pause Young (Normal) (G1 Evacuation Pause) 14M->4M(256M) 1.904ms
[2025-03-05T02:29:13.807+0300][153.899s][info ][gc] GC(3309) Pause Young (Normal) (G1 Evacuation Pause) 14M->3M(256M) 1.089ms
[2025-03-05T02:29:13.858+0300][153.950s][info ][gc] GC(3310) Pause Young (Normal) (G1 Evacuation Pause) 14M->4M(256M) 1.815ms
[2025-03-05T02:29:13.903+0300][153.996s][info ][gc] GC(3311) Pause Young (Normal) (G1 Evacuation Pause) 14M->3M(256M) 1.096ms
[2025-03-05T02:29:13.953+0300][154.046s][info ][gc] GC(3312) Pause Young (Normal) (G1 Evacuation Pause) 14M->4M(256M) 1.642ms
[2025-03-05T02:29:13.997+0300][154.089s][info ][gc] GC(3313) Pause Young (Normal) (G1 Evacuation Pause) 14M->3M(256M) 1.002ms
[2025-03-05T02:29:14.045+0300][154.137s][info ][gc] GC(3314) Pause Young (Normal) (G1 Evacuation Pause) 14M->4M(256M) 2.060ms
[2025-03-05T02:29:14.092+0300][154.184s][info ][gc] GC(3315) Pause Young (Normal) (G1 Evacuation Pause) 14M->3M(256M) 1.365ms
[2025-03-05T02:29:14.140+0300][154.232s][info ][gc] GC(3316) Pause Young (Normal) (G1 Evacuation Pause) 14M->2M(256M) 0.400ms
[2025-03-05T02:29:14.187+0300][154.279s][info ][gc] GC(3317) Pause Young (Normal) (G1 Evacuation Pause) 13M->3M(256M) 1.191ms
[2025-03-05T02:29:14.234+0300][154.326s][info ][gc] GC(3318) Pause Young (Normal) (G1 Evacuation Pause) 14M->2M(256M) 0.797ms
[2025-03-05T02:29:14.282+0300][154.374s][info ][gc] GC(3319) Pause Young (Normal) (G1 Evacuation Pause) 13M->3M(256M) 1.562ms
[2025-03-05T02:29:14.329+0300][154.421s][info ][gc] GC(3320) Pause Young (Normal) (G1 Evacuation Pause) 14M->2M(256M) 0.640ms
[2025-03-05T02:29:14.381+0300][154.473s][info ][gc] GC(3321) Pause Young (Normal) (G1 Evacuation Pause) 13M->3M(256M) 1.781ms
[2025-03-05T02:29:14.447+0300][154.539s][info ][gc] GC(3322) Pause Young (Normal) (G1 Evacuation Pause) 13M->2M(256M) 0.822ms
[2025-03-05T02:29:14.495+0300][154.587s][info ][gc] GC(3323) Pause Young (Normal) (G1 Evacuation Pause) 13M->3M(256M) 1.810ms
[2025-03-05T02:29:14.536+0300][154.628s][info ][gc] GC(3324) Pause Young (Normal) (G1 Evacuation Pause) 13M->3M(256M) 0.751ms
[2025-03-05T02:29:14.583+0300][154.676s][info ][gc] GC(3325) Pause Young (Normal) (G1 Evacuation Pause) 14M->3M(256M) 1.752ms
[2025-03-05T02:29:14.627+0300][154.719s][info ][gc] GC(3326) Pause Young (Normal) (G1 Evacuation Pause) 13M->3M(256M) 0.837ms
[2025-03-05T02:29:14.677+0300][154.769s][info ][gc] GC(3327) Pause Young (Normal) (G1 Evacuation Pause) 14M->3M(256M) 1.944ms
[2025-03-05T02:29:14.718+0300][154.810s][info ][gc] GC(3328) Pause Young (Normal) (G1 Evacuation Pause) 13M->3M(256M) 0.800ms
[2025-03-05T02:29:14.765+0300][154.857s][info ][gc] GC(3329) Pause Young (Normal) (G1 Evacuation Pause) 14M->3M(256M) 1.654ms
[2025-03-05T02:29:14.808+0300][154.899s][info ][gc] GC(3330) Pause Young (Normal) (G1 Evacuation Pause) 13M->3M(256M) 0.735ms
[2025-03-05T02:29:14.858+0300][154.950s][info ][gc] GC(3331) Pause Young (Normal) (G1 Evacuation Pause) 14M->3M(256M) 1.712ms
[2025-03-05T02:29:14.902+0300][154.994s][info ][gc] GC(3332) Pause Young (Normal) (G1 Evacuation Pause) 13M->3M(256M) 0.990ms
[2025-03-05T02:29:14.949+0300][155.041s][info ][gc] GC(3333) Pause Young (Normal) (G1 Evacuation Pause) 14M->3M(256M) 1.601ms
[2025-03-05T02:29:14.990+0300][155.082s][info ][gc] GC(3334) Pause Young (Normal) (G1 Evacuation Pause) 13M->3M(256M) 1.051ms
[2025-03-05T02:29:15.038+0300][155.129s][info ][gc] GC(3335) Pause Young (Normal) (G1 Evacuation Pause) 14M->4M(256M) 1.695ms
[2025-03-05T02:29:15.079+0300][155.171s][info ][gc] GC(3336) Pause Young (Normal) (G1 Evacuation Pause) 14M->3M(256M) 1.320ms
[2025-03-05T02:29:15.127+0300][155.219s][info ][gc] GC(3337) Pause Young (Normal) (G1 Evacuation Pause) 14M->4M(256M) 2.032ms
[2025-03-05T02:29:15.169+0300][155.261s][info ][gc] GC(3338) Pause Young (Normal) (G1 Evacuation Pause) 14M->3M(256M) 1.143ms
[2025-03-05T02:29:15.218+0300][155.310s][info ][gc] GC(3339) Pause Young (Normal) (G1 Evacuation Pause) 14M->4M(256M) 1.836ms
[2025-03-05T02:29:15.263+0300][155.355s][info ][gc] GC(3340) Pause Young (Normal) (G1 Evacuation Pause) 14M->3M(256M) 0.935ms
[2025-03-05T02:29:15.340+0300][155.433s][info ][gc] GC(3341) Pause Young (Normal) (G1 Evacuation Pause) 14M->4M(256M) 2.032ms
[2025-03-05T02:29:15.387+0300][155.479s][info ][gc] GC(3342) Pause Young (Normal) (G1 Evacuation Pause) 14M->3M(256M) 0.929ms
[2025-03-05T02:29:15.439+0300][155.531s][info ][gc] GC(3343) Pause Young (Normal) (G1 Evacuation Pause) 14M->4M(256M) 1.662ms
[2025-03-05T02:29:15.489+0300][155.581s][info ][gc] GC(3344) Pause Young (Normal) (G1 Evacuation Pause) 14M->3M(256M) 0.994ms
[2025-03-05T02:29:15.541+0300][155.633s][info ][gc] GC(3345) Pause Young (Normal) (G1 Evacuation Pause) 14M->4M(256M) 1.612ms
[2025-03-05T02:29:15.588+0300][155.680s][info ][gc] GC(3346) Pause Young (Normal) (G1 Evacuation Pause) 14M->3M(256M) 0.943ms
[2025-03-05T02:29:15.638+0300][155.730s][info ][gc] GC(3347) Pause Young (Normal) (G1 Evacuation Pause) 14M->4M(256M) 1.461ms
[2025-03-05T02:29:15.685+0300][155.777s][info ][gc] GC(3348) Pause Young (Normal) (G1 Evacuation Pause) 14M->3M(256M) 1.283ms
[2025-03-05T02:29:15.740+0300][155.832s][info ][gc] GC(3349) Pause Young (Normal) (G1 Evacuation Pause) 14M->4M(256M) 1.950ms
[2025-03-05T02:29:15.784+0300][155.876s][info ][gc] GC(3350) Pause Young (Normal) (G1 Evacuation Pause) 14M->3M(256M) 1.340ms
[2025-03-05T02:29:15.832+0300][155.924s][info ][gc] GC(3351) Pause Young (Normal) (G1 Evacuation Pause) 14M->4M(256M) 1.657ms
[2025-03-05T02:29:15.882+0300][155.974s][info ][gc] GC(3352) Pause Young (Normal) (G1 Evacuation Pause) 14M->3M(256M) 0.922ms
[2025-03-05T02:29:15.939+0300][156.031s][info ][gc] GC(3353) Pause Young (Normal) (G1 Evacuation Pause) 14M->4M(256M) 2.095ms
[2025-03-05T02:29:15.999+0300][156.090s][info ][gc] GC(3354) Pause Young (Normal) (G1 Evacuation Pause) 14M->3M(256M) 1.241ms
[2025-03-05T02:29:16.065+0300][156.157s][info ][gc] GC(3355) Pause Young (Normal) (G1 Evacuation Pause) 14M->4M(256M) 1.944ms
[2025-03-05T02:29:16.109+0300][156.201s][info ][gc] GC(3356) Pause Young (Normal) (G1 Evacuation Pause) 14M->3M(256M) 1.360ms
[2025-03-05T02:29:16.161+0300][156.253s][info ][gc] GC(3357) Pause Young (Normal) (G1 Evacuation Pause) 14M->4M(256M) 1.716ms
[2025-03-05T02:29:16.207+0300][156.299s][info ][gc] GC(3358) Pause Young (Normal) (G1 Evacuation Pause) 14M->3M(256M) 1.210ms
[2025-03-05T02:29:16.265+0300][156.357s][info ][gc] GC(3359) Pause Young (Normal) (G1 Evacuation Pause) 14M->4M(256M) 2.229ms
[2025-03-05T02:29:16.315+0300][156.407s][info ][gc] GC(3360) Pause Young (Normal) (G1 Evacuation Pause) 14M->3M(256M) 1.751ms
[2025-03-05T02:29:16.366+0300][156.458s][info ][gc] GC(3361) Pause Young (Normal) (G1 Evacuation Pause) 14M->4M(256M) 1.609ms
[2025-03-05T02:29:16.412+0300][156.504s][info ][gc] GC(3362) Pause Young (Normal) (G1 Evacuation Pause) 14M->3M(256M) 1.713ms
[2025-03-05T02:29:16.468+0300][156.560s][info ][gc] GC(3363) Pause Young (Normal) (G1 Evacuation Pause) 14M->4M(256M) 1.765ms
[2025-03-05T02:29:16.515+0300][156.607s][info ][gc] GC(3364) Pause Young (Normal) (G1 Evacuation Pause) 14M->3M(256M) 1.350ms
[2025-03-05T02:29:16.566+0300][156.657s][info ][gc] GC(3365) Pause Young (Normal) (G1 Evacuation Pause) 14M->2M(256M) 0.463ms
[2025-03-05T02:29:16.615+0300][156.707s][info ][gc] GC(3366) Pause Young (Normal) (G1 Evacuation Pause) 13M->3M(256M) 1.334ms
[2025-03-05T02:29:16.667+0300][156.760s][info ][gc] GC(3367) Pause Young (Normal) (G1 Evacuation Pause) 14M->2M(256M) 0.568ms
[2025-03-05T02:29:16.718+0300][156.810s][info ][gc] GC(3368) Pause Young (Normal) (G1 Evacuation Pause) 13M->3M(256M) 1.444ms
[2025-03-05T02:29:16.767+0300][156.859s][info ][gc] GC(3369) Pause Young (Normal) (G1 Evacuation Pause) 14M->2M(256M) 0.758ms
[2025-03-05T02:29:16.813+0300][156.906s][info ][gc] GC(3370) Pause Young (Normal) (G1 Evacuation Pause) 13M->3M(256M) 1.764ms
[2025-03-05T02:29:16.856+0300][156.949s][info ][gc] GC(3371) Pause Young (Normal) (G1 Evacuation Pause) 13M->3M(256M) 0.834ms
[2025-03-05T02:29:16.904+0300][156.996s][info ][gc] GC(3372) Pause Young (Normal) (G1 Evacuation Pause) 14M->3M(256M) 1.736ms
[2025-03-05T02:29:16.946+0300][157.038s][info ][gc] GC(3373) Pause Young (Normal) (G1 Evacuation Pause) 13M->3M(256M) 1.223ms
[2025-03-05T02:29:16.993+0300][157.084s][info ][gc] GC(3374) Pause Young (Normal) (G1 Evacuation Pause) 14M->3M(256M) 1.753ms
[2025-03-05T02:29:17.036+0300][157.128s][info ][gc] GC(3375) Pause Young (Normal) (G1 Evacuation Pause) 13M->3M(256M) 0.975ms
[2025-03-05T02:29:17.083+0300][157.176s][info ][gc] GC(3376) Pause Young (Normal) (G1 Evacuation Pause) 14M->3M(256M) 1.987ms
[2025-03-05T02:29:17.125+0300][157.217s][info ][gc] GC(3377) Pause Young (Normal) (G1 Evacuation Pause) 13M->3M(256M) 0.946ms
[2025-03-05T02:29:17.173+0300][157.265s][info ][gc] GC(3378) Pause Young (Normal) (G1 Evacuation Pause) 14M->3M(256M) 1.697ms
[2025-03-05T02:29:17.215+0300][157.307s][info ][gc] GC(3379) Pause Young (Normal) (G1 Evacuation Pause) 13M->3M(256M) 0.769ms
[2025-03-05T02:29:17.263+0300][157.355s][info ][gc] GC(3380) Pause Young (Normal) (G1 Evacuation Pause) 14M->3M(256M) 1.825ms
[2025-03-05T02:29:17.314+0300][157.406s][info ][gc] GC(3381) Pause Young (Normal) (G1 Evacuation Pause) 13M->3M(256M) 1.041ms
[2025-03-05T02:29:17.363+0300][157.456s][info ][gc] GC(3382) Pause Young (Normal) (G1 Evacuation Pause) 14M->3M(256M) 2.000ms
[2025-03-05T02:29:17.407+0300][157.499s][info ][gc] GC(3383) Pause Young (Normal) (G1 Evacuation Pause) 13M->3M(256M) 0.936ms
[2025-03-05T02:29:17.455+0300][157.547s][info ][gc] GC(3384) Pause Young (Normal) (G1 Evacuation Pause) 14M->4M(256M) 1.796ms
[2025-03-05T02:29:17.498+0300][157.590s][info ][gc] GC(3385) Pause Young (Normal) (G1 Evacuation Pause) 14M->3M(256M) 1.084ms
[2025-03-05T02:29:17.547+0300][157.639s][info ][gc] GC(3386) Pause Young (Normal) (G1 Evacuation Pause) 14M->4M(256M) 1.812ms
[2025-03-05T02:29:17.589+0300][157.681s][info ][gc] GC(3387) Pause Young (Normal) (G1 Evacuation Pause) 14M->3M(256M) 1.110ms
[2025-03-05T02:29:17.635+0300][157.727s][info ][gc] GC(3388) Pause Young (Normal) (G1 Evacuation Pause) 14M->4M(256M) 2.100ms
[2025-03-05T02:29:17.676+0300][157.768s][info ][gc] GC(3389) Pause Young (Normal) (G1 Evacuation Pause) 14M->3M(256M) 0.948ms
[2025-03-05T02:29:17.722+0300][157.814s][info ][gc] GC(3390) Pause Young (Normal) (G1 Evacuation Pause) 14M->4M(256M) 1.848ms
[2025-03-05T02:29:17.764+0300][157.856s][info ][gc] GC(3391) Pause Young (Normal) (G1 Evacuation Pause) 14M->3M(256M) 1.126ms
[2025-03-05T02:29:17.809+0300][157.901s][info ][gc] GC(3392) Pause Young (Normal) (G1 Evacuation Pause) 14M->4M(256M) 1.779ms
[2025-03-05T02:29:17.852+0300][157.944s][info ][gc] GC(3393) Pause Young (Normal) (G1 Evacuation Pause) 14M->3M(256M) 1.267ms
[2025-03-05T02:29:17.898+0300][157.990s][info ][gc] GC(3394) Pause Young (Normal) (G1 Evacuation Pause) 14M->4M(256M) 1.684ms
[2025-03-05T02:29:17.941+0300][158.033s][info ][gc] GC(3395) Pause Young (Normal) (G1 Evacuation Pause) 14M->3M(256M) 1.017ms
[2025-03-05T02:29:17.992+0300][158.084s][info ][gc] GC(3396) Pause Young (Normal) (G1 Evacuation Pause) 14M->4M(256M) 1.973ms
[2025-03-05T02:29:18.035+0300][158.128s][info ][gc] GC(3397) Pause Young (Normal) (G1 Evacuation Pause) 14M->3M(256M) 1.038ms
[2025-03-05T02:29:18.085+0300][158.177s][info ][gc] GC(3398) Pause Young (Normal) (G1 Evacuation Pause) 14M->4M(256M) 2.204ms
[2025-03-05T02:29:18.131+0300][158.223s][info ][gc] GC(3399) Pause Young (Normal) (G1 Evacuation Pause) 14M->3M(256M) 1.066ms
[2025-03-05T02:29:18.183+0300][158.275s][info ][gc] GC(3400) Pause Young (Normal) (G1 Evacuation Pause) 14M->4M(256M) 1.909ms
[2025-03-05T02:29:18.232+0300][158.324s][info ][gc] GC(3401) Pause Young (Normal) (G1 Evacuation Pause) 14M->3M(256M) 1.043ms
[2025-03-05T02:29:18.283+0300][158.375s][info ][gc] GC(3402) Pause Young (Normal) (G1 Evacuation Pause) 14M->4M(256M) 1.829ms
[2025-03-05T02:29:18.327+0300][158.419s][info ][gc] GC(3403) Pause Young (Normal) (G1 Evacuation Pause) 14M->3M(256M) 1.181ms
[2025-03-05T02:29:18.373+0300][158.465s][info ][gc] GC(3404) Pause Young (Normal) (G1 Evacuation Pause) 14M->4M(256M) 1.790ms
[2025-03-05T02:29:18.415+0300][158.508s][info ][gc] GC(3405) Pause Young (Normal) (G1 Evacuation Pause) 14M->3M(256M) 1.606ms
[2025-03-05T02:29:18.465+0300][158.557s][info ][gc] GC(3406) Pause Young (Normal) (G1 Evacuation Pause) 14M->4M(256M) 2.015ms
[2025-03-05T02:29:18.507+0300][158.600s][info ][gc] GC(3407) Pause Young (Normal) (G1 Evacuation Pause) 14M->3M(256M) 1.358ms
[2025-03-05T02:29:18.553+0300][158.647s][info ][gc] GC(3408) Pause Young (Normal) (G1 Evacuation Pause) 14M->4M(256M) 2.021ms
[2025-03-05T02:29:18.597+0300][158.689s][info ][gc] GC(3409) Pause Young (Normal) (G1 Evacuation Pause) 14M->3M(256M) 1.282ms
[2025-03-05T02:29:18.645+0300][158.737s][info ][gc] GC(3410) Pause Young (Normal) (G1 Evacuation Pause) 14M->4M(256M) 2.238ms
[2025-03-05T02:29:18.688+0300][158.781s][info ][gc] GC(3411) Pause Young (Normal) (G1 Evacuation Pause) 14M->3M(256M) 1.362ms
[2025-03-05T02:29:18.734+0300][158.827s][info ][gc] GC(3412) Pause Young (Normal) (G1 Evacuation Pause) 14M->4M(256M) 1.875ms
[2025-03-05T02:29:18.777+0300][158.870s][info ][gc] GC(3413) Pause Young (Normal) (G1 Evacuation Pause) 14M->3M(256M) 1.566ms
[2025-03-05T02:29:18.822+0300][158.914s][info ][gc] GC(3414) Pause Young (Normal) (G1 Evacuation Pause) 14M->2M(256M) 0.457ms
[2025-03-05T02:29:18.868+0300][158.961s][info ][gc] GC(3415) Pause Young (Normal) (G1 Evacuation Pause) 13M->3M(256M) 1.873ms
[2025-03-05T02:29:18.916+0300][159.008s][info ][gc] GC(3416) Pause Young (Normal) (G1 Evacuation Pause) 14M->2M(256M) 0.969ms
[2025-03-05T02:29:18.962+0300][159.054s][info ][gc] GC(3417) Pause Young (Normal) (G1 Evacuation Pause) 13M->3M(256M) 1.664ms
[2025-03-05T02:29:19.008+0300][159.099s][info ][gc] GC(3418) Pause Young (Normal) (G1 Evacuation Pause) 14M->2M(256M) 0.785ms
[2025-03-05T02:29:19.053+0300][159.145s][info ][gc] GC(3419) Pause Young (Normal) (G1 Evacuation Pause) 13M->3M(256M) 1.822ms
[2025-03-05T02:29:19.096+0300][159.188s][info ][gc] GC(3420) Pause Young (Normal) (G1 Evacuation Pause) 13M->3M(256M) 0.987ms
[2025-03-05T02:29:19.143+0300][159.234s][info ][gc] GC(3421) Pause Young (Normal) (G1 Evacuation Pause) 14M->3M(256M) 1.425ms
[2025-03-05T02:29:19.184+0300][159.276s][info ][gc] GC(3422) Pause Young (Normal) (G1 Evacuation Pause) 13M->3M(256M) 0.956ms
[2025-03-05T02:29:19.230+0300][159.322s][info ][gc] GC(3423) Pause Young (Normal) (G1 Evacuation Pause) 14M->3M(256M) 1.562ms
[2025-03-05T02:29:19.272+0300][159.364s][info ][gc] GC(3424) Pause Young (Normal) (G1 Evacuation Pause) 13M->3M(256M) 0.981ms
[2025-03-05T02:29:19.318+0300][159.410s][info ][gc] GC(3425) Pause Young (Normal) (G1 Evacuation Pause) 14M->3M(256M) 1.573ms
[2025-03-05T02:29:19.361+0300][159.453s][info ][gc] GC(3426) Pause Young (Normal) (G1 Evacuation Pause) 13M->3M(256M) 1.053ms
[2025-03-05T02:29:19.406+0300][159.499s][info ][gc] GC(3427) Pause Young (Normal) (G1 Evacuation Pause) 14M->3M(256M) 1.418ms
[2025-03-05T02:29:19.449+0300][159.541s][info ][gc] GC(3428) Pause Young (Normal) (G1 Evacuation Pause) 13M->3M(256M) 1.121ms
[2025-03-05T02:29:19.495+0300][159.588s][info ][gc] GC(3429) Pause Young (Normal) (G1 Evacuation Pause) 14M->3M(256M) 1.794ms
[2025-03-05T02:29:19.538+0300][159.630s][info ][gc] GC(3430) Pause Young (Normal) (G1 Evacuation Pause) 13M->3M(256M) 1.083ms
[2025-03-05T02:29:19.585+0300][159.677s][info ][gc] GC(3431) Pause Young (Normal) (G1 Evacuation Pause) 14M->3M(256M) 1.817ms
[2025-03-05T02:29:19.626+0300][159.719s][info ][gc] GC(3432) Pause Young (Normal) (G1 Evacuation Pause) 13M->3M(256M) 0.657ms
[2025-03-05T02:29:19.673+0300][159.765s][info ][gc] GC(3433) Pause Young (Normal) (G1 Evacuation Pause) 14M->4M(256M) 1.557ms
[2025-03-05T02:29:19.716+0300][159.808s][info ][gc] GC(3434) Pause Young (Normal) (G1 Evacuation Pause) 14M->3M(256M) 1.001ms
[2025-03-05T02:29:19.764+0300][159.856s][info ][gc] GC(3435) Pause Young (Normal) (G1 Evacuation Pause) 14M->4M(256M) 2.083ms
[2025-03-05T02:29:19.806+0300][159.898s][info ][gc] GC(3436) Pause Young (Normal) (G1 Evacuation Pause) 14M->3M(256M) 0.961ms
[2025-03-05T02:29:19.853+0300][159.945s][info ][gc] GC(3437) Pause Young (Normal) (G1 Evacuation Pause) 14M->4M(256M) 1.839ms
[2025-03-05T02:29:19.907+0300][159.999s][info ][gc] GC(3438) Pause Young (Normal) (G1 Evacuation Pause) 14M->3M(256M) 1.165ms
[2025-03-05T02:29:19.956+0300][160.048s][info ][gc] GC(3439) Pause Young (Normal) (G1 Evacuation Pause) 14M->4M(256M) 1.689ms
[2025-03-05T02:29:20.000+0300][160.091s][info ][gc] GC(3440) Pause Young (Normal) (G1 Evacuation Pause) 14M->3M(256M) 1.188ms
[2025-03-05T02:29:20.047+0300][160.139s][info ][gc] GC(3441) Pause Young (Normal) (G1 Evacuation Pause) 14M->4M(256M) 2.030ms
[2025-03-05T02:29:20.088+0300][160.180s][info ][gc] GC(3442) Pause Young (Normal) (G1 Evacuation Pause) 14M->3M(256M) 1.238ms
[2025-03-05T02:29:20.135+0300][160.228s][info ][gc] GC(3443) Pause Young (Normal) (G1 Evacuation Pause) 14M->4M(256M) 1.870ms
[2025-03-05T02:29:20.178+0300][160.270s][info ][gc] GC(3444) Pause Young (Normal) (G1 Evacuation Pause) 14M->3M(256M) 1.208ms
[2025-03-05T02:29:20.228+0300][160.319s][info ][gc] GC(3445) Pause Young (Normal) (G1 Evacuation Pause) 14M->4M(256M) 1.884ms
[2025-03-05T02:29:20.269+0300][160.361s][info ][gc] GC(3446) Pause Young (Normal) (G1 Evacuation Pause) 14M->3M(256M) 1.161ms
[2025-03-05T02:29:20.315+0300][160.407s][info ][gc] GC(3447) Pause Young (Normal) (G1 Evacuation Pause) 14M->4M(256M) 1.928ms
[2025-03-05T02:29:20.359+0300][160.451s][info ][gc] GC(3448) Pause Young (Normal) (G1 Evacuation Pause) 14M->3M(256M) 1.214ms
[2025-03-05T02:29:20.406+0300][160.498s][info ][gc] GC(3449) Pause Young (Normal) (G1 Evacuation Pause) 14M->4M(256M) 1.999ms
[2025-03-05T02:29:20.451+0300][160.543s][info ][gc] GC(3450) Pause Young (Normal) (G1 Evacuation Pause) 14M->3M(256M) 1.332ms
[2025-03-05T02:29:20.499+0300][160.592s][info ][gc] GC(3451) Pause Young (Normal) (G1 Evacuation Pause) 14M->4M(256M) 1.881ms
[2025-03-05T02:29:20.544+0300][160.635s][info ][gc] GC(3452) Pause Young (Normal) (G1 Evacuation Pause) 14M->3M(256M) 1.646ms
[2025-03-05T02:29:20.591+0300][160.684s][info ][gc] GC(3453) Pause Young (Normal) (G1 Evacuation Pause) 14M->4M(256M) 1.797ms
[2025-03-05T02:29:20.635+0300][160.727s][info ][gc] GC(3454) Pause Young (Normal) (G1 Evacuation Pause) 14M->3M(256M) 1.667ms
[2025-03-05T02:29:20.685+0300][160.777s][info ][gc] GC(3455) Pause Young (Normal) (G1 Evacuation Pause) 14M->4M(256M) 2.136ms
[2025-03-05T02:29:20.729+0300][160.821s][info ][gc] GC(3456) Pause Young (Normal) (G1 Evacuation Pause) 14M->3M(256M) 1.191ms
[2025-03-05T02:29:20.777+0300][160.869s][info ][gc] GC(3457) Pause Young (Normal) (G1 Evacuation Pause) 14M->4M(256M) 2.159ms
[2025-03-05T02:29:20.820+0300][160.913s][info ][gc] GC(3458) Pause Young (Normal) (G1 Evacuation Pause) 14M->3M(256M) 1.296ms
[2025-03-05T02:29:20.869+0300][160.960s][info ][gc] GC(3459) Pause Young (Normal) (G1 Evacuation Pause) 14M->4M(256M) 2.023ms
[2025-03-05T02:29:20.913+0300][161.005s][info ][gc] GC(3460) Pause Young (Normal) (G1 Evacuation Pause) 14M->3M(256M) 1.685ms
[2025-03-05T02:29:20.961+0300][161.053s][info ][gc] GC(3461) Pause Young (Normal) (G1 Evacuation Pause) 14M->4M(256M) 1.917ms
[2025-03-05T02:29:21.010+0300][161.102s][info ][gc] GC(3462) Pause Young (Normal) (G1 Evacuation Pause) 14M->3M(256M) 1.656ms
[2025-03-05T02:29:21.058+0300][161.149s][info ][gc] GC(3463) Pause Young (Normal) (G1 Evacuation Pause) 14M->2M(256M) 0.686ms
[2025-03-05T02:29:21.106+0300][161.198s][info ][gc] GC(3464) Pause Young (Normal) (G1 Evacuation Pause) 13M->3M(256M) 1.503ms
[2025-03-05T02:29:21.153+0300][161.245s][info ][gc] GC(3465) Pause Young (Normal) (G1 Evacuation Pause) 14M->2M(256M) 1.023ms
[2025-03-05T02:29:21.201+0300][161.293s][info ][gc] GC(3466) Pause Young (Normal) (G1 Evacuation Pause) 13M->3M(256M) 1.485ms
[2025-03-05T02:29:21.250+0300][161.342s][info ][gc] GC(3467) Pause Young (Normal) (G1 Evacuation Pause) 14M->2M(256M) 0.995ms
[2025-03-05T02:29:21.299+0300][161.390s][info ][gc] GC(3468) Pause Young (Normal) (G1 Evacuation Pause) 13M->3M(256M) 1.564ms
[2025-03-05T02:29:21.342+0300][161.434s][info ][gc] GC(3469) Pause Young (Normal) (G1 Evacuation Pause) 13M->3M(256M) 0.716ms
[2025-03-05T02:29:21.391+0300][161.483s][info ][gc] GC(3470) Pause Young (Normal) (G1 Evacuation Pause) 14M->3M(256M) 1.539ms
[2025-03-05T02:29:21.437+0300][161.528s][info ][gc] GC(3471) Pause Young (Normal) (G1 Evacuation Pause) 13M->3M(256M) 0.640ms
[2025-03-05T02:29:21.485+0300][161.577s][info ][gc] GC(3472) Pause Young (Normal) (G1 Evacuation Pause) 14M->3M(256M) 1.464ms
[2025-03-05T02:29:21.529+0300][161.620s][info ][gc] GC(3473) Pause Young (Normal) (G1 Evacuation Pause) 13M->3M(256M) 0.565ms
[2025-03-05T02:29:21.577+0300][161.669s][info ][gc] GC(3474) Pause Young (Normal) (G1 Evacuation Pause) 14M->3M(256M) 1.740ms
[2025-03-05T02:29:21.625+0300][161.717s][info ][gc] GC(3475) Pause Young (Normal) (G1 Evacuation Pause) 13M->3M(256M) 1.053ms
[2025-03-05T02:29:21.686+0300][161.777s][info ][gc] GC(3476) Pause Young (Normal) (G1 Evacuation Pause) 14M->3M(256M) 2.298ms
[2025-03-05T02:29:21.735+0300][161.828s][info ][gc] GC(3477) Pause Young (Normal) (G1 Evacuation Pause) 13M->3M(256M) 0.790ms
[2025-03-05T02:29:21.788+0300][161.881s][info ][gc] GC(3478) Pause Young (Normal) (G1 Evacuation Pause) 14M->3M(256M) 1.240ms
[2025-03-05T02:29:21.832+0300][161.924s][info ][gc] GC(3479) Pause Young (Normal) (G1 Evacuation Pause) 13M->3M(256M) 0.852ms
[2025-03-05T02:29:21.887+0300][161.978s][info ][gc] GC(3480) Pause Young (Normal) (G1 Evacuation Pause) 14M->3M(256M) 1.938ms
[2025-03-05T02:29:21.932+0300][162.024s][info ][gc] GC(3481) Pause Young (Normal) (G1 Evacuation Pause) 13M->3M(256M) 0.961ms
[2025-03-05T02:29:21.982+0300][162.074s][info ][gc] GC(3482) Pause Young (Normal) (G1 Evacuation Pause) 14M->4M(256M) 1.501ms
[2025-03-05T02:29:22.025+0300][162.117s][info ][gc] GC(3483) Pause Young (Normal) (G1 Evacuation Pause) 14M->3M(256M) 1.240ms
[2025-03-05T02:29:22.075+0300][162.167s][info ][gc] GC(3484) Pause Young (Normal) (G1 Evacuation Pause) 14M->4M(256M) 1.796ms
[2025-03-05T02:29:22.121+0300][162.213s][info ][gc] GC(3485) Pause Young (Normal) (G1 Evacuation Pause) 14M->3M(256M) 1.035ms
[2025-03-05T02:29:22.175+0300][162.266s][info ][gc] GC(3486) Pause Young (Normal) (G1 Evacuation Pause) 14M->4M(256M) 2.147ms
[2025-03-05T02:29:22.239+0300][162.331s][info ][gc] GC(3487) Pause Young (Normal) (G1 Evacuation Pause) 14M->3M(256M) 1.099ms
[2025-03-05T02:29:22.295+0300][162.387s][info ][gc] GC(3488) Pause Young (Normal) (G1 Evacuation Pause) 14M->4M(256M) 1.954ms
[2025-03-05T02:29:22.346+0300][162.439s][info ][gc] GC(3489) Pause Young (Normal) (G1 Evacuation Pause) 14M->3M(256M) 1.447ms
[2025-03-05T02:29:22.408+0300][162.500s][info ][gc] GC(3490) Pause Young (Normal) (G1 Evacuation Pause) 14M->4M(256M) 1.656ms
[2025-03-05T02:29:22.558+0300][162.650s][info ][gc] GC(3491) Pause Young (Normal) (G1 Evacuation Pause) 14M->3M(256M) 1.245ms
[2025-03-05T02:29:22.741+0300][162.833s][info ][gc] GC(3492) Pause Young (Normal) (G1 Evacuation Pause) 14M->4M(256M) 1.679ms
[2025-03-05T02:29:22.850+0300][162.942s][info ][gc] GC(3493) Pause Young (Normal) (G1 Evacuation Pause) 14M->3M(256M) 1.009ms
[2025-03-05T02:29:22.995+0300][163.087s][info ][gc] GC(3494) Pause Young (Normal) (G1 Evacuation Pause) 14M->4M(256M) 2.149ms
[2025-03-05T02:29:23.074+0300][163.165s][info ][gc] GC(3495) Pause Young (Normal) (G1 Evacuation Pause) 14M->3M(256M) 1.308ms
[2025-03-05T02:29:23.139+0300][163.231s][info ][gc] GC(3496) Pause Young (Normal) (G1 Evacuation Pause) 14M->4M(256M) 1.643ms
[2025-03-05T02:29:23.199+0300][163.291s][info ][gc] GC(3497) Pause Young (Normal) (G1 Evacuation Pause) 14M->3M(256M) 0.994ms
[2025-03-05T02:29:23.249+0300][163.341s][info ][gc] GC(3498) Pause Young (Normal) (G1 Evacuation Pause) 14M->4M(256M) 1.563ms
[2025-03-05T02:29:23.294+0300][163.385s][info ][gc] GC(3499) Pause Young (Normal) (G1 Evacuation Pause) 14M->3M(256M) 1.011ms
[2025-03-05T02:29:23.340+0300][163.432s][info ][gc] GC(3500) Pause Young (Normal) (G1 Evacuation Pause) 14M->4M(256M) 1.735ms
[2025-03-05T02:29:23.385+0300][163.477s][info ][gc] GC(3501) Pause Young (Normal) (G1 Evacuation Pause) 14M->3M(256M) 1.267ms
[2025-03-05T02:29:23.433+0300][163.525s][info ][gc] GC(3502) Pause Young (Normal) (G1 Evacuation Pause) 14M->4M(256M) 1.724ms
[2025-03-05T02:29:23.481+0300][163.573s][info ][gc] GC(3503) Pause Young (Normal) (G1 Evacuation Pause) 14M->3M(256M) 1.393ms
[2025-03-05T02:29:23.528+0300][163.620s][info ][gc] GC(3504) Pause Young (Normal) (G1 Evacuation Pause) 14M->4M(256M) 1.672ms
[2025-03-05T02:29:23.571+0300][163.663s][info ][gc] GC(3505) Pause Young (Normal) (G1 Evacuation Pause) 14M->3M(256M) 1.262ms
[2025-03-05T02:29:23.617+0300][163.710s][info ][gc] GC(3506) Pause Young (Normal) (G1 Evacuation Pause) 14M->4M(256M) 1.960ms
[2025-03-05T02:29:23.661+0300][163.754s][info ][gc] GC(3507) Pause Young (Normal) (G1 Evacuation Pause) 14M->3M(256M) 1.558ms
[2025-03-05T02:29:23.710+0300][163.803s][info ][gc] GC(3508) Pause Young (Normal) (G1 Evacuation Pause) 14M->4M(256M) 2.220ms
[2025-03-05T02:29:23.754+0300][163.846s][info ][gc] GC(3509) Pause Young (Normal) (G1 Evacuation Pause) 14M->3M(256M) 1.527ms
[2025-03-05T02:29:23.802+0300][163.894s][info ][gc] GC(3510) Pause Young (Normal) (G1 Evacuation Pause) 14M->4M(256M) 2.073ms
[2025-03-05T02:29:23.844+0300][163.936s][info ][gc] GC(3511) Pause Young (Normal) (G1 Evacuation Pause) 14M->3M(256M) 1.838ms
[2025-03-05T02:29:23.891+0300][163.983s][info ][gc] GC(3512) Pause Young (Normal) (G1 Evacuation Pause) 14M->4M(256M) 2.092ms
[2025-03-05T02:29:23.933+0300][164.025s][info ][gc] GC(3513) Pause Young (Normal) (G1 Evacuation Pause) 14M->3M(256M) 1.477ms
[2025-03-05T02:29:23.980+0300][164.072s][info ][gc] GC(3514) Pause Young (Normal) (G1 Evacuation Pause) 14M->2M(256M) 0.846ms
[2025-03-05T02:29:24.028+0300][164.119s][info ][gc] GC(3515) Pause Young (Normal) (G1 Evacuation Pause) 13M->3M(256M) 1.494ms
[2025-03-05T02:29:24.073+0300][164.164s][info ][gc] GC(3516) Pause Young (Normal) (G1 Evacuation Pause) 14M->2M(256M) 0.726ms
[2025-03-05T02:29:24.119+0300][164.212s][info ][gc] GC(3517) Pause Young (Normal) (G1 Evacuation Pause) 13M->3M(256M) 1.582ms
[2025-03-05T02:29:24.167+0300][164.259s][info ][gc] GC(3518) Pause Young (Normal) (G1 Evacuation Pause) 14M->3M(256M) 1.081ms
[2025-03-05T02:29:24.216+0300][164.308s][info ][gc] GC(3519) Pause Young (Normal) (G1 Evacuation Pause) 14M->3M(256M) 1.616ms
[2025-03-05T02:29:24.258+0300][164.350s][info ][gc] GC(3520) Pause Young (Normal) (G1 Evacuation Pause) 13M->3M(256M) 0.811ms
[2025-03-05T02:29:24.303+0300][164.396s][info ][gc] GC(3521) Pause Young (Normal) (G1 Evacuation Pause) 14M->3M(256M) 1.716ms
[2025-03-05T02:29:24.346+0300][164.438s][info ][gc] GC(3522) Pause Young (Normal) (G1 Evacuation Pause) 13M->3M(256M) 0.989ms
[2025-03-05T02:29:24.393+0300][164.485s][info ][gc] GC(3523) Pause Young (Normal) (G1 Evacuation Pause) 14M->3M(256M) 1.619ms
[2025-03-05T02:29:24.434+0300][164.526s][info ][gc] GC(3524) Pause Young (Normal) (G1 Evacuation Pause) 13M->3M(256M) 0.850ms
[2025-03-05T02:29:24.481+0300][164.573s][info ][gc] GC(3525) Pause Young (Normal) (G1 Evacuation Pause) 14M->3M(256M) 1.343ms
[2025-03-05T02:29:24.522+0300][164.614s][info ][gc] GC(3526) Pause Young (Normal) (G1 Evacuation Pause) 13M->3M(256M) 0.849ms
[2025-03-05T02:29:24.570+0300][164.662s][info ][gc] GC(3527) Pause Young (Normal) (G1 Evacuation Pause) 14M->3M(256M) 1.692ms
[2025-03-05T02:29:24.613+0300][164.706s][info ][gc] GC(3528) Pause Young (Normal) (G1 Evacuation Pause) 13M->3M(256M) 0.935ms
[2025-03-05T02:29:24.660+0300][164.752s][info ][gc] GC(3529) Pause Young (Normal) (G1 Evacuation Pause) 14M->3M(256M) 1.733ms
[2025-03-05T02:29:24.701+0300][164.793s][info ][gc] GC(3530) Pause Young (Normal) (G1 Evacuation Pause) 13M->3M(256M) 1.259ms
[2025-03-05T02:29:24.747+0300][164.839s][info ][gc] GC(3531) Pause Young (Normal) (G1 Evacuation Pause) 14M->3M(256M) 1.703ms
[2025-03-05T02:29:24.790+0300][164.882s][info ][gc] GC(3532) Pause Young (Normal) (G1 Evacuation Pause) 13M->3M(256M) 1.223ms
[2025-03-05T02:29:24.838+0300][164.930s][info ][gc] GC(3533) Pause Young (Normal) (G1 Evacuation Pause) 14M->4M(256M) 1.739ms
[2025-03-05T02:29:24.879+0300][164.971s][info ][gc] GC(3534) Pause Young (Normal) (G1 Evacuation Pause) 14M->3M(256M) 1.150ms
[2025-03-05T02:29:24.925+0300][165.017s][info ][gc] GC(3535) Pause Young (Normal) (G1 Evacuation Pause) 14M->4M(256M) 1.830ms
[2025-03-05T02:29:24.966+0300][165.058s][info ][gc] GC(3536) Pause Young (Normal) (G1 Evacuation Pause) 14M->3M(256M) 1.165ms
[2025-03-05T02:29:25.014+0300][165.106s][info ][gc] GC(3537) Pause Young (Normal) (G1 Evacuation Pause) 14M->4M(256M) 1.856ms
[2025-03-05T02:29:25.058+0300][165.150s][info ][gc] GC(3538) Pause Young (Normal) (G1 Evacuation Pause) 14M->3M(256M) 1.176ms
[2025-03-05T02:29:25.104+0300][165.196s][info ][gc] GC(3539) Pause Young (Normal) (G1 Evacuation Pause) 14M->4M(256M) 1.948ms
[2025-03-05T02:29:25.147+0300][165.240s][info ][gc] GC(3540) Pause Young (Normal) (G1 Evacuation Pause) 14M->3M(256M) 1.283ms
[2025-03-05T02:29:25.194+0300][165.286s][info ][gc] GC(3541) Pause Young (Normal) (G1 Evacuation Pause) 14M->4M(256M) 1.941ms
[2025-03-05T02:29:25.237+0300][165.328s][info ][gc] GC(3542) Pause Young (Normal) (G1 Evacuation Pause) 14M->3M(256M) 1.062ms
[2025-03-05T02:29:25.282+0300][165.374s][info ][gc] GC(3543) Pause Young (Normal) (G1 Evacuation Pause) 14M->4M(256M) 1.725ms
[2025-03-05T02:29:25.323+0300][165.416s][info ][gc] GC(3544) Pause Young (Normal) (G1 Evacuation Pause) 14M->3M(256M) 1.049ms
[2025-03-05T02:29:25.369+0300][165.462s][info ][gc] GC(3545) Pause Young (Normal) (G1 Evacuation Pause) 14M->4M(256M) 2.021ms
[2025-03-05T02:29:25.412+0300][165.504s][info ][gc] GC(3546) Pause Young (Normal) (G1 Evacuation Pause) 14M->3M(256M) 1.223ms
[2025-03-05T02:29:25.459+0300][165.552s][info ][gc] GC(3547) Pause Young (Normal) (G1 Evacuation Pause) 14M->4M(256M) 2.127ms
[2025-03-05T02:29:25.501+0300][165.594s][info ][gc] GC(3548) Pause Young (Normal) (G1 Evacuation Pause) 14M->3M(256M) 1.201ms
[2025-03-05T02:29:25.549+0300][165.641s][info ][gc] GC(3549) Pause Young (Normal) (G1 Evacuation Pause) 14M->4M(256M) 1.985ms
[2025-03-05T02:29:25.591+0300][165.684s][info ][gc] GC(3550) Pause Young (Normal) (G1 Evacuation Pause) 14M->3M(256M) 1.283ms
[2025-03-05T02:29:25.641+0300][165.734s][info ][gc] GC(3551) Pause Young (Normal) (G1 Evacuation Pause) 14M->4M(256M) 1.984ms
[2025-03-05T02:29:25.685+0300][165.777s][info ][gc] GC(3552) Pause Young (Normal) (G1 Evacuation Pause) 14M->3M(256M) 1.436ms
[2025-03-05T02:29:25.734+0300][165.826s][info ][gc] GC(3553) Pause Young (Normal) (G1 Evacuation Pause) 14M->4M(256M) 2.041ms
[2025-03-05T02:29:25.777+0300][165.869s][info ][gc] GC(3554) Pause Young (Normal) (G1 Evacuation Pause) 14M->3M(256M) 1.620ms
[2025-03-05T02:29:25.827+0300][165.918s][info ][gc] GC(3555) Pause Young (Normal) (G1 Evacuation Pause) 14M->4M(256M) 1.777ms
[2025-03-05T02:29:25.870+0300][165.962s][info ][gc] GC(3556) Pause Young (Normal) (G1 Evacuation Pause) 14M->3M(256M) 1.161ms
[2025-03-05T02:29:25.919+0300][166.011s][info ][gc] GC(3557) Pause Young (Normal) (G1 Evacuation Pause) 14M->4M(256M) 1.804ms
[2025-03-05T02:29:25.963+0300][166.055s][info ][gc] GC(3558) Pause Young (Normal) (G1 Evacuation Pause) 14M->3M(256M) 1.544ms
[2025-03-05T02:29:26.011+0300][166.102s][info ][gc] GC(3559) Pause Young (Normal) (G1 Evacuation Pause) 14M->4M(256M) 2.158ms
[2025-03-05T02:29:26.056+0300][166.148s][info ][gc] GC(3560) Pause Young (Normal) (G1 Evacuation Pause) 14M->3M(256M) 1.321ms
[2025-03-05T02:29:26.105+0300][166.197s][info ][gc] GC(3561) Pause Young (Normal) (G1 Evacuation Pause) 14M->4M(256M) 1.984ms
[2025-03-05T02:29:26.150+0300][166.242s][info ][gc] GC(3562) Pause Young (Normal) (G1 Evacuation Pause) 14M->3M(256M) 1.480ms
[2025-03-05T02:29:26.198+0300][166.289s][info ][gc] GC(3563) Pause Young (Normal) (G1 Evacuation Pause) 14M->2M(256M) 0.833ms
[2025-03-05T02:29:26.246+0300][166.337s][info ][gc] GC(3564) Pause Young (Normal) (G1 Evacuation Pause) 13M->3M(256M) 1.558ms
[2025-03-05T02:29:26.299+0300][166.391s][info ][gc] GC(3565) Pause Young (Normal) (G1 Evacuation Pause) 14M->2M(256M) 0.921ms
[2025-03-05T02:29:26.349+0300][166.441s][info ][gc] GC(3566) Pause Young (Normal) (G1 Evacuation Pause) 13M->3M(256M) 1.468ms
[2025-03-05T02:29:26.398+0300][166.490s][info ][gc] GC(3567) Pause Young (Normal) (G1 Evacuation Pause) 14M->3M(256M) 0.809ms
[2025-03-05T02:29:26.446+0300][166.539s][info ][gc] GC(3568) Pause Young (Normal) (G1 Evacuation Pause) 14M->3M(256M) 1.679ms
[2025-03-05T02:29:26.507+0300][166.599s][info ][gc] GC(3569) Pause Young (Normal) (G1 Evacuation Pause) 13M->3M(256M) 0.833ms
[2025-03-05T02:29:26.556+0300][166.648s][info ][gc] GC(3570) Pause Young (Normal) (G1 Evacuation Pause) 14M->3M(256M) 1.577ms
[2025-03-05T02:29:26.600+0300][166.692s][info ][gc] GC(3571) Pause Young (Normal) (G1 Evacuation Pause) 13M->3M(256M) 0.865ms
[2025-03-05T02:29:26.649+0300][166.741s][info ][gc] GC(3572) Pause Young (Normal) (G1 Evacuation Pause) 14M->3M(256M) 1.661ms
[2025-03-05T02:29:26.691+0300][166.783s][info ][gc] GC(3573) Pause Young (Normal) (G1 Evacuation Pause) 13M->3M(256M) 0.916ms
[2025-03-05T02:29:26.737+0300][166.829s][info ][gc] GC(3574) Pause Young (Normal) (G1 Evacuation Pause) 14M->3M(256M) 1.531ms
[2025-03-05T02:29:26.778+0300][166.870s][info ][gc] GC(3575) Pause Young (Normal) (G1 Evacuation Pause) 13M->3M(256M) 1.007ms
[2025-03-05T02:29:26.823+0300][166.916s][info ][gc] GC(3576) Pause Young (Normal) (G1 Evacuation Pause) 14M->3M(256M) 1.870ms
[2025-03-05T02:29:26.866+0300][166.958s][info ][gc] GC(3577) Pause Young (Normal) (G1 Evacuation Pause) 13M->3M(256M) 1.145ms
[2025-03-05T02:29:26.913+0300][167.006s][info ][gc] GC(3578) Pause Young (Normal) (G1 Evacuation Pause) 14M->3M(256M) 1.997ms
[2025-03-05T02:29:26.956+0300][167.047s][info ][gc] GC(3579) Pause Young (Normal) (G1 Evacuation Pause) 13M->3M(256M) 0.951ms
[2025-03-05T02:29:27.001+0300][167.092s][info ][gc] GC(3580) Pause Young (Normal) (G1 Evacuation Pause) 14M->3M(256M) 1.582ms
[2025-03-05T02:29:27.043+0300][167.134s][info ][gc] GC(3581) Pause Young (Normal) (G1 Evacuation Pause) 13M->3M(256M) 0.961ms
[2025-03-05T02:29:27.089+0300][167.181s][info ][gc] GC(3582) Pause Young (Normal) (G1 Evacuation Pause) 14M->4M(256M) 1.916ms
[2025-03-05T02:29:27.131+0300][167.224s][info ][gc] GC(3583) Pause Young (Normal) (G1 Evacuation Pause) 14M->3M(256M) 1.136ms
[2025-03-05T02:29:27.180+0300][167.272s][info ][gc] GC(3584) Pause Young (Normal) (G1 Evacuation Pause) 14M->4M(256M) 1.718ms
[2025-03-05T02:29:27.222+0300][167.315s][info ][gc] GC(3585) Pause Young (Normal) (G1 Evacuation Pause) 14M->3M(256M) 1.039ms
[2025-03-05T02:29:27.270+0300][167.362s][info ][gc] GC(3586) Pause Young (Normal) (G1 Evacuation Pause) 14M->4M(256M) 1.957ms
[2025-03-05T02:29:27.312+0300][167.404s][info ][gc] GC(3587) Pause Young (Normal) (G1 Evacuation Pause) 14M->3M(256M) 1.195ms
[2025-03-05T02:29:27.359+0300][167.451s][info ][gc] GC(3588) Pause Young (Normal) (G1 Evacuation Pause) 14M->4M(256M) 1.719ms
[2025-03-05T02:29:27.400+0300][167.492s][info ][gc] GC(3589) Pause Young (Normal) (G1 Evacuation Pause) 14M->3M(256M) 1.107ms
[2025-03-05T02:29:27.447+0300][167.539s][info ][gc] GC(3590) Pause Young (Normal) (G1 Evacuation Pause) 14M->4M(256M) 1.833ms
[2025-03-05T02:29:27.487+0300][167.580s][info ][gc] GC(3591) Pause Young (Normal) (G1 Evacuation Pause) 14M->3M(256M) 1.028ms
[2025-03-05T02:29:27.534+0300][167.627s][info ][gc] GC(3592) Pause Young (Normal) (G1 Evacuation Pause) 14M->4M(256M) 2.039ms
[2025-03-05T02:29:27.578+0300][167.670s][info ][gc] GC(3593) Pause Young (Normal) (G1 Evacuation Pause) 14M->3M(256M) 1.286ms
[2025-03-05T02:29:27.624+0300][167.716s][info ][gc] GC(3594) Pause Young (Normal) (G1 Evacuation Pause) 14M->4M(256M) 1.993ms
[2025-03-05T02:29:27.667+0300][167.759s][info ][gc] GC(3595) Pause Young (Normal) (G1 Evacuation Pause) 14M->3M(256M) 1.200ms
[2025-03-05T02:29:27.713+0300][167.806s][info ][gc] GC(3596) Pause Young (Normal) (G1 Evacuation Pause) 14M->4M(256M) 2.015ms
[2025-03-05T02:29:27.755+0300][167.847s][info ][gc] GC(3597) Pause Young (Normal) (G1 Evacuation Pause) 14M->3M(256M) 1.312ms
[2025-03-05T02:29:27.802+0300][167.895s][info ][gc] GC(3598) Pause Young (Normal) (G1 Evacuation Pause) 14M->4M(256M) 1.810ms
[2025-03-05T02:29:27.845+0300][167.937s][info ][gc] GC(3599) Pause Young (Normal) (G1 Evacuation Pause) 14M->3M(256M) 1.460ms
[2025-03-05T02:29:27.891+0300][167.983s][info ][gc] GC(3600) Pause Young (Normal) (G1 Evacuation Pause) 14M->4M(256M) 1.823ms
[2025-03-05T02:29:27.933+0300][168.025s][info ][gc] GC(3601) Pause Young (Normal) (G1 Evacuation Pause) 14M->3M(256M) 1.490ms
[2025-03-05T02:29:27.980+0300][168.072s][info ][gc] GC(3602) Pause Young (Normal) (G1 Evacuation Pause) 14M->4M(256M) 1.779ms
[2025-03-05T02:29:28.022+0300][168.114s][info ][gc] GC(3603) Pause Young (Normal) (G1 Evacuation Pause) 14M->3M(256M) 1.500ms
[2025-03-05T02:29:28.069+0300][168.161s][info ][gc] GC(3604) Pause Young (Normal) (G1 Evacuation Pause) 14M->4M(256M) 1.815ms
[2025-03-05T02:29:28.111+0300][168.203s][info ][gc] GC(3605) Pause Young (Normal) (G1 Evacuation Pause) 14M->3M(256M) 1.337ms
[2025-03-05T02:29:28.160+0300][168.252s][info ][gc] GC(3606) Pause Young (Normal) (G1 Evacuation Pause) 14M->4M(256M) 1.838ms
[2025-03-05T02:29:28.202+0300][168.295s][info ][gc] GC(3607) Pause Young (Normal) (G1 Evacuation Pause) 14M->3M(256M) 1.527ms
[2025-03-05T02:29:28.251+0300][168.343s][info ][gc] GC(3608) Pause Young (Normal) (G1 Evacuation Pause) 14M->4M(256M) 1.900ms
[2025-03-05T02:29:28.292+0300][168.384s][info ][gc] GC(3609) Pause Young (Normal) (G1 Evacuation Pause) 14M->3M(256M) 1.194ms
[2025-03-05T02:29:28.337+0300][168.430s][info ][gc] GC(3610) Pause Young (Normal) (G1 Evacuation Pause) 14M->4M(256M) 1.869ms
[2025-03-05T02:29:28.382+0300][168.474s][info ][gc] GC(3611) Pause Young (Normal) (G1 Evacuation Pause) 14M->3M(256M) 1.305ms
[2025-03-05T02:29:28.436+0300][168.528s][info ][gc] GC(3612) Pause Young (Normal) (G1 Evacuation Pause) 14M->2M(256M) 0.620ms
[2025-03-05T02:29:28.486+0300][168.578s][info ][gc] GC(3613) Pause Young (Normal) (G1 Evacuation Pause) 13M->3M(256M) 1.327ms
[2025-03-05T02:29:28.531+0300][168.623s][info ][gc] GC(3614) Pause Young (Normal) (G1 Evacuation Pause) 14M->2M(256M) 0.752ms
[2025-03-05T02:29:28.579+0300][168.671s][info ][gc] GC(3615) Pause Young (Normal) (G1 Evacuation Pause) 13M->3M(256M) 1.719ms
[2025-03-05T02:29:28.624+0300][168.717s][info ][gc] GC(3616) Pause Young (Normal) (G1 Evacuation Pause) 14M->3M(256M) 0.885ms
[2025-03-05T02:29:28.671+0300][168.763s][info ][gc] GC(3617) Pause Young (Normal) (G1 Evacuation Pause) 14M->3M(256M) 1.844ms
[2025-03-05T02:29:28.713+0300][168.805s][info ][gc] GC(3618) Pause Young (Normal) (G1 Evacuation Pause) 13M->3M(256M) 1.130ms
[2025-03-05T02:29:28.760+0300][168.852s][info ][gc] GC(3619) Pause Young (Normal) (G1 Evacuation Pause) 14M->3M(256M) 1.422ms
[2025-03-05T02:29:28.801+0300][168.893s][info ][gc] GC(3620) Pause Young (Normal) (G1 Evacuation Pause) 13M->3M(256M) 0.990ms
[2025-03-05T02:29:28.846+0300][168.939s][info ][gc] GC(3621) Pause Young (Normal) (G1 Evacuation Pause) 14M->3M(256M) 1.842ms
[2025-03-05T02:29:28.888+0300][168.981s][info ][gc] GC(3622) Pause Young (Normal) (G1 Evacuation Pause) 13M->3M(256M) 0.937ms
[2025-03-05T02:29:28.935+0300][169.027s][info ][gc] GC(3623) Pause Young (Normal) (G1 Evacuation Pause) 14M->3M(256M) 1.612ms
[2025-03-05T02:29:28.976+0300][169.068s][info ][gc] GC(3624) Pause Young (Normal) (G1 Evacuation Pause) 13M->3M(256M) 0.807ms
[2025-03-05T02:29:29.022+0300][169.114s][info ][gc] GC(3625) Pause Young (Normal) (G1 Evacuation Pause) 14M->3M(256M) 1.628ms
[2025-03-05T02:29:29.063+0300][169.155s][info ][gc] GC(3626) Pause Young (Normal) (G1 Evacuation Pause) 13M->3M(256M) 0.994ms
[2025-03-05T02:29:29.110+0300][169.202s][info ][gc] GC(3627) Pause Young (Normal) (G1 Evacuation Pause) 14M->3M(256M) 1.736ms
[2025-03-05T02:29:29.152+0300][169.244s][info ][gc] GC(3628) Pause Young (Normal) (G1 Evacuation Pause) 13M->3M(256M) 1.076ms
[2025-03-05T02:29:29.198+0300][169.290s][info ][gc] GC(3629) Pause Young (Normal) (G1 Evacuation Pause) 14M->3M(256M) 1.850ms
[2025-03-05T02:29:29.240+0300][169.333s][info ][gc] GC(3630) Pause Young (Normal) (G1 Evacuation Pause) 13M->3M(256M) 1.090ms
[2025-03-05T02:29:29.287+0300][169.379s][info ][gc] GC(3631) Pause Young (Normal) (G1 Evacuation Pause) 14M->4M(256M) 1.625ms
[2025-03-05T02:29:29.329+0300][169.421s][info ][gc] GC(3632) Pause Young (Normal) (G1 Evacuation Pause) 14M->3M(256M) 1.021ms
[2025-03-05T02:29:29.376+0300][169.468s][info ][gc] GC(3633) Pause Young (Normal) (G1 Evacuation Pause) 14M->4M(256M) 1.700ms
[2025-03-05T02:29:29.417+0300][169.509s][info ][gc] GC(3634) Pause Young (Normal) (G1 Evacuation Pause) 14M->3M(256M) 1.229ms
[2025-03-05T02:29:29.463+0300][169.555s][info ][gc] GC(3635) Pause Young (Normal) (G1 Evacuation Pause) 14M->4M(256M) 1.701ms
[2025-03-05T02:29:29.504+0300][169.597s][info ][gc] GC(3636) Pause Young (Normal) (G1 Evacuation Pause) 14M->3M(256M) 1.087ms
[2025-03-05T02:29:29.551+0300][169.643s][info ][gc] GC(3637) Pause Young (Normal) (G1 Evacuation Pause) 14M->4M(256M) 1.787ms
[2025-03-05T02:29:29.593+0300][169.685s][info ][gc] GC(3638) Pause Young (Normal) (G1 Evacuation Pause) 14M->3M(256M) 1.220ms
[2025-03-05T02:29:29.639+0300][169.731s][info ][gc] GC(3639) Pause Young (Normal) (G1 Evacuation Pause) 14M->4M(256M) 1.553ms
[2025-03-05T02:29:29.681+0300][169.773s][info ][gc] GC(3640) Pause Young (Normal) (G1 Evacuation Pause) 14M->3M(256M) 1.364ms
[2025-03-05T02:29:29.728+0300][169.820s][info ][gc] GC(3641) Pause Young (Normal) (G1 Evacuation Pause) 14M->4M(256M) 1.565ms
[2025-03-05T02:29:29.770+0300][169.862s][info ][gc] GC(3642) Pause Young (Normal) (G1 Evacuation Pause) 14M->3M(256M) 1.284ms
[2025-03-05T02:29:29.817+0300][169.909s][info ][gc] GC(3643) Pause Young (Normal) (G1 Evacuation Pause) 14M->4M(256M) 2.183ms
[2025-03-05T02:29:29.859+0300][169.951s][info ][gc] GC(3644) Pause Young (Normal) (G1 Evacuation Pause) 14M->3M(256M) 1.427ms
[2025-03-05T02:29:29.906+0300][169.998s][info ][gc] GC(3645) Pause Young (Normal) (G1 Evacuation Pause) 14M->4M(256M) 1.883ms
[2025-03-05T02:29:29.948+0300][170.039s][info ][gc] GC(3646) Pause Young (Normal) (G1 Evacuation Pause) 14M->3M(256M) 1.419ms
[2025-03-05T02:29:29.994+0300][170.086s][info ][gc] GC(3647) Pause Young (Normal) (G1 Evacuation Pause) 14M->4M(256M) 1.955ms
[2025-03-05T02:29:30.038+0300][170.130s][info ][gc] GC(3648) Pause Young (Normal) (G1 Evacuation Pause) 14M->3M(256M) 1.366ms
[2025-03-05T02:29:30.083+0300][170.176s][info ][gc] GC(3649) Pause Young (Normal) (G1 Evacuation Pause) 14M->4M(256M) 2.214ms
[2025-03-05T02:29:30.125+0300][170.218s][info ][gc] GC(3650) Pause Young (Normal) (G1 Evacuation Pause) 14M->3M(256M) 1.228ms
[2025-03-05T02:29:30.175+0300][170.267s][info ][gc] GC(3651) Pause Young (Normal) (G1 Evacuation Pause) 14M->4M(256M) 2.188ms
[2025-03-05T02:29:30.220+0300][170.312s][info ][gc] GC(3652) Pause Young (Normal) (G1 Evacuation Pause) 14M->3M(256M) 1.348ms
[2025-03-05T02:29:30.269+0300][170.362s][info ][gc] GC(3653) Pause Young (Normal) (G1 Evacuation Pause) 14M->4M(256M) 1.886ms
[2025-03-05T02:29:30.312+0300][170.404s][info ][gc] GC(3654) Pause Young (Normal) (G1 Evacuation Pause) 14M->3M(256M) 1.257ms
[2025-03-05T02:29:30.358+0300][170.450s][info ][gc] GC(3655) Pause Young (Normal) (G1 Evacuation Pause) 14M->4M(256M) 2.052ms
[2025-03-05T02:29:30.401+0300][170.492s][info ][gc] GC(3656) Pause Young (Normal) (G1 Evacuation Pause) 14M->3M(256M) 1.453ms
[2025-03-05T02:29:30.447+0300][170.540s][info ][gc] GC(3657) Pause Young (Normal) (G1 Evacuation Pause) 14M->4M(256M) 2.304ms
[2025-03-05T02:29:30.490+0300][170.582s][info ][gc] GC(3658) Pause Young (Normal) (G1 Evacuation Pause) 14M->3M(256M) 1.241ms
[2025-03-05T02:29:30.536+0300][170.628s][info ][gc] GC(3659) Pause Young (Normal) (G1 Evacuation Pause) 14M->4M(256M) 1.969ms
[2025-03-05T02:29:30.578+0300][170.670s][info ][gc] GC(3660) Pause Young (Normal) (G1 Evacuation Pause) 14M->3M(256M) 1.419ms
[2025-03-05T02:29:30.624+0300][170.715s][info ][gc] GC(3661) Pause Young (Normal) (G1 Evacuation Pause) 14M->2M(256M) 0.658ms
[2025-03-05T02:29:30.670+0300][170.761s][info ][gc] GC(3662) Pause Young (Normal) (G1 Evacuation Pause) 13M->3M(256M) 1.335ms
[2025-03-05T02:29:30.715+0300][170.807s][info ][gc] GC(3663) Pause Young (Normal) (G1 Evacuation Pause) 14M->2M(256M) 0.748ms
[2025-03-05T02:29:30.761+0300][170.852s][info ][gc] GC(3664) Pause Young (Normal) (G1 Evacuation Pause) 13M->3M(256M) 1.375ms
[2025-03-05T02:29:30.805+0300][170.897s][info ][gc] GC(3665) Pause Young (Normal) (G1 Evacuation Pause) 14M->2M(256M) 0.841ms
[2025-03-05T02:29:30.851+0300][170.943s][info ][gc] GC(3666) Pause Young (Normal) (G1 Evacuation Pause) 13M->3M(256M) 1.612ms
[2025-03-05T02:29:30.893+0300][170.986s][info ][gc] GC(3667) Pause Young (Normal) (G1 Evacuation Pause) 13M->3M(256M) 0.980ms
[2025-03-05T02:29:30.941+0300][171.033s][info ][gc] GC(3668) Pause Young (Normal) (G1 Evacuation Pause) 14M->3M(256M) 1.453ms
[2025-03-05T02:29:30.982+0300][171.075s][info ][gc] GC(3669) Pause Young (Normal) (G1 Evacuation Pause) 13M->3M(256M) 0.847ms
[2025-03-05T02:29:31.029+0300][171.120s][info ][gc] GC(3670) Pause Young (Normal) (G1 Evacuation Pause) 14M->3M(256M) 1.700ms
[2025-03-05T02:29:31.070+0300][171.162s][info ][gc] GC(3671) Pause Young (Normal) (G1 Evacuation Pause) 13M->3M(256M) 0.827ms
[2025-03-05T02:29:31.117+0300][171.208s][info ][gc] GC(3672) Pause Young (Normal) (G1 Evacuation Pause) 14M->3M(256M) 1.520ms
[2025-03-05T02:29:31.160+0300][171.251s][info ][gc] GC(3673) Pause Young (Normal) (G1 Evacuation Pause) 13M->3M(256M) 0.816ms
[2025-03-05T02:29:31.206+0300][171.298s][info ][gc] GC(3674) Pause Young (Normal) (G1 Evacuation Pause) 14M->3M(256M) 1.915ms
[2025-03-05T02:29:31.248+0300][171.340s][info ][gc] GC(3675) Pause Young (Normal) (G1 Evacuation Pause) 13M->3M(256M) 0.925ms
[2025-03-05T02:29:31.294+0300][171.386s][info ][gc] GC(3676) Pause Young (Normal) (G1 Evacuation Pause) 14M->3M(256M) 1.692ms
[2025-03-05T02:29:31.335+0300][171.427s][info ][gc] GC(3677) Pause Young (Normal) (G1 Evacuation Pause) 13M->3M(256M) 0.781ms
[2025-03-05T02:29:31.382+0300][171.475s][info ][gc] GC(3678) Pause Young (Normal) (G1 Evacuation Pause) 14M->3M(256M) 1.533ms
[2025-03-05T02:29:31.424+0300][171.516s][info ][gc] GC(3679) Pause Young (Normal) (G1 Evacuation Pause) 13M->3M(256M) 0.875ms
[2025-03-05T02:29:31.471+0300][171.563s][info ][gc] GC(3680) Pause Young (Normal) (G1 Evacuation Pause) 14M->4M(256M) 1.597ms
[2025-03-05T02:29:31.511+0300][171.604s][info ][gc] GC(3681) Pause Young (Normal) (G1 Evacuation Pause) 14M->3M(256M) 1.071ms
[2025-03-05T02:29:31.558+0300][171.650s][info ][gc] GC(3682) Pause Young (Normal) (G1 Evacuation Pause) 14M->4M(256M) 1.791ms
[2025-03-05T02:29:31.600+0300][171.692s][info ][gc] GC(3683) Pause Young (Normal) (G1 Evacuation Pause) 14M->3M(256M) 1.171ms
[2025-03-05T02:29:31.647+0300][171.739s][info ][gc] GC(3684) Pause Young (Normal) (G1 Evacuation Pause) 14M->4M(256M) 1.924ms
[2025-03-05T02:29:31.691+0300][171.783s][info ][gc] GC(3685) Pause Young (Normal) (G1 Evacuation Pause) 14M->3M(256M) 1.229ms
[2025-03-05T02:29:31.738+0300][171.831s][info ][gc] GC(3686) Pause Young (Normal) (G1 Evacuation Pause) 14M->4M(256M) 1.920ms
[2025-03-05T02:29:31.781+0300][171.873s][info ][gc] GC(3687) Pause Young (Normal) (G1 Evacuation Pause) 14M->3M(256M) 1.155ms
[2025-03-05T02:29:31.830+0300][171.922s][info ][gc] GC(3688) Pause Young (Normal) (G1 Evacuation Pause) 14M->4M(256M) 1.885ms
[2025-03-05T02:29:31.871+0300][171.964s][info ][gc] GC(3689) Pause Young (Normal) (G1 Evacuation Pause) 14M->3M(256M) 1.312ms
[2025-03-05T02:29:31.918+0300][172.011s][info ][gc] GC(3690) Pause Young (Normal) (G1 Evacuation Pause) 14M->4M(256M) 1.886ms
[2025-03-05T02:29:31.959+0300][172.052s][info ][gc] GC(3691) Pause Young (Normal) (G1 Evacuation Pause) 14M->3M(256M) 1.350ms
[2025-03-05T02:29:32.005+0300][172.098s][info ][gc] GC(3692) Pause Young (Normal) (G1 Evacuation Pause) 14M->4M(256M) 1.825ms
[2025-03-05T02:29:32.048+0300][172.140s][info ][gc] GC(3693) Pause Young (Normal) (G1 Evacuation Pause) 14M->3M(256M) 1.156ms
[2025-03-05T02:29:32.094+0300][172.186s][info ][gc] GC(3694) Pause Young (Normal) (G1 Evacuation Pause) 14M->4M(256M) 1.870ms
[2025-03-05T02:29:32.136+0300][172.228s][info ][gc] GC(3695) Pause Young (Normal) (G1 Evacuation Pause) 14M->3M(256M) 1.111ms
[2025-03-05T02:29:32.183+0300][172.274s][info ][gc] GC(3696) Pause Young (Normal) (G1 Evacuation Pause) 14M->4M(256M) 1.777ms
[2025-03-05T02:29:32.225+0300][172.317s][info ][gc] GC(3697) Pause Young (Normal) (G1 Evacuation Pause) 14M->3M(256M) 1.123ms
[2025-03-05T02:29:32.271+0300][172.364s][info ][gc] GC(3698) Pause Young (Normal) (G1 Evacuation Pause) 14M->4M(256M) 2.007ms
[2025-03-05T02:29:32.313+0300][172.406s][info ][gc] GC(3699) Pause Young (Normal) (G1 Evacuation Pause) 14M->3M(256M) 1.465ms
[2025-03-05T02:29:32.362+0300][172.454s][info ][gc] GC(3700) Pause Young (Normal) (G1 Evacuation Pause) 14M->4M(256M) 1.939ms
[2025-03-05T02:29:32.404+0300][172.496s][info ][gc] GC(3701) Pause Young (Normal) (G1 Evacuation Pause) 14M->3M(256M) 1.311ms
[2025-03-05T02:29:32.452+0300][172.545s][info ][gc] GC(3702) Pause Young (Normal) (G1 Evacuation Pause) 14M->4M(256M) 1.965ms
[2025-03-05T02:29:32.495+0300][172.587s][info ][gc] GC(3703) Pause Young (Normal) (G1 Evacuation Pause) 14M->3M(256M) 1.328ms
[2025-03-05T02:29:32.541+0300][172.634s][info ][gc] GC(3704) Pause Young (Normal) (G1 Evacuation Pause) 14M->4M(256M) 1.752ms
[2025-03-05T02:29:32.583+0300][172.675s][info ][gc] GC(3705) Pause Young (Normal) (G1 Evacuation Pause) 14M->3M(256M) 1.140ms
[2025-03-05T02:29:32.630+0300][172.722s][info ][gc] GC(3706) Pause Young (Normal) (G1 Evacuation Pause) 14M->4M(256M) 1.912ms
[2025-03-05T02:29:32.673+0300][172.764s][info ][gc] GC(3707) Pause Young (Normal) (G1 Evacuation Pause) 14M->3M(256M) 1.278ms
[2025-03-05T02:29:32.721+0300][172.813s][info ][gc] GC(3708) Pause Young (Normal) (G1 Evacuation Pause) 14M->4M(256M) 1.756ms
[2025-03-05T02:29:32.762+0300][172.855s][info ][gc] GC(3709) Pause Young (Normal) (G1 Evacuation Pause) 14M->3M(256M) 1.482ms
[2025-03-05T02:29:32.808+0300][172.899s][info ][gc] GC(3710) Pause Young (Normal) (G1 Evacuation Pause) 14M->2M(256M) 0.512ms
[2025-03-05T02:29:32.853+0300][172.945s][info ][gc] GC(3711) Pause Young (Normal) (G1 Evacuation Pause) 13M->3M(256M) 1.611ms
[2025-03-05T02:29:32.898+0300][172.990s][info ][gc] GC(3712) Pause Young (Normal) (G1 Evacuation Pause) 14M->2M(256M) 0.890ms
[2025-03-05T02:29:32.946+0300][173.038s][info ][gc] GC(3713) Pause Young (Normal) (G1 Evacuation Pause) 13M->3M(256M) 1.561ms
[2025-03-05T02:29:32.992+0300][173.084s][info ][gc] GC(3714) Pause Young (Normal) (G1 Evacuation Pause) 14M->2M(256M) 0.984ms
[2025-03-05T02:29:33.039+0300][173.131s][info ][gc] GC(3715) Pause Young (Normal) (G1 Evacuation Pause) 13M->3M(256M) 1.645ms
[2025-03-05T02:29:33.080+0300][173.172s][info ][gc] GC(3716) Pause Young (Normal) (G1 Evacuation Pause) 13M->3M(256M) 0.995ms
[2025-03-05T02:29:33.126+0300][173.219s][info ][gc] GC(3717) Pause Young (Normal) (G1 Evacuation Pause) 14M->3M(256M) 1.506ms
[2025-03-05T02:29:33.169+0300][173.261s][info ][gc] GC(3718) Pause Young (Normal) (G1 Evacuation Pause) 13M->3M(256M) 0.766ms
[2025-03-05T02:29:33.215+0300][173.307s][info ][gc] GC(3719) Pause Young (Normal) (G1 Evacuation Pause) 14M->3M(256M) 1.727ms
[2025-03-05T02:29:33.257+0300][173.349s][info ][gc] GC(3720) Pause Young (Normal) (G1 Evacuation Pause) 13M->3M(256M) 1.051ms
[2025-03-05T02:29:33.303+0300][173.396s][info ][gc] GC(3721) Pause Young (Normal) (G1 Evacuation Pause) 14M->3M(256M) 1.964ms
[2025-03-05T02:29:33.347+0300][173.439s][info ][gc] GC(3722) Pause Young (Normal) (G1 Evacuation Pause) 13M->3M(256M) 1.061ms
[2025-03-05T02:29:33.393+0300][173.486s][info ][gc] GC(3723) Pause Young (Normal) (G1 Evacuation Pause) 14M->3M(256M) 1.654ms
[2025-03-05T02:29:33.436+0300][173.528s][info ][gc] GC(3724) Pause Young (Normal) (G1 Evacuation Pause) 13M->3M(256M) 1.121ms
[2025-03-05T02:29:33.482+0300][173.574s][info ][gc] GC(3725) Pause Young (Normal) (G1 Evacuation Pause) 14M->3M(256M) 1.480ms
[2025-03-05T02:29:33.523+0300][173.615s][info ][gc] GC(3726) Pause Young (Normal) (G1 Evacuation Pause) 13M->3M(256M) 0.994ms
[2025-03-05T02:29:33.582+0300][173.674s][info ][gc] GC(3727) Pause Young (Normal) (G1 Evacuation Pause) 14M->3M(256M) 1.552ms
[2025-03-05T02:29:33.629+0300][173.720s][info ][gc] GC(3728) Pause Young (Normal) (G1 Evacuation Pause) 13M->3M(256M) 0.912ms
[2025-03-05T02:29:33.681+0300][173.773s][info ][gc] GC(3729) Pause Young (Normal) (G1 Evacuation Pause) 14M->4M(256M) 1.530ms
[2025-03-05T02:29:33.737+0300][173.829s][info ][gc] GC(3730) Pause Young (Normal) (G1 Evacuation Pause) 17M->3M(256M) 1.340ms
[2025-03-05T02:29:33.791+0300][173.883s][info ][gc] GC(3731) Pause Young (Normal) (G1 Evacuation Pause) 15M->4M(256M) 1.855ms
[2025-03-05T02:29:33.836+0300][173.928s][info ][gc] GC(3732) Pause Young (Normal) (G1 Evacuation Pause) 14M->3M(256M) 1.359ms
[2025-03-05T02:29:33.882+0300][173.974s][info ][gc] GC(3733) Pause Young (Normal) (G1 Evacuation Pause) 14M->4M(256M) 1.832ms
[2025-03-05T02:29:33.925+0300][174.017s][info ][gc] GC(3734) Pause Young (Normal) (G1 Evacuation Pause) 14M->3M(256M) 1.467ms
[2025-03-05T02:29:33.969+0300][174.062s][info ][gc] GC(3735) Pause Young (Normal) (G1 Evacuation Pause) 14M->2M(256M) 0.454ms
[2025-03-05T02:29:34.016+0300][174.109s][info ][gc] GC(3736) Pause Young (Normal) (G1 Evacuation Pause) 13M->3M(256M) 1.470ms
[2025-03-05T02:29:34.063+0300][174.155s][info ][gc] GC(3737) Pause Young (Normal) (G1 Evacuation Pause) 14M->2M(256M) 0.888ms
[2025-03-05T02:29:34.109+0300][174.201s][info ][gc] GC(3738) Pause Young (Normal) (G1 Evacuation Pause) 13M->3M(256M) 1.593ms
[2025-03-05T02:29:34.155+0300][174.247s][info ][gc] GC(3739) Pause Young (Normal) (G1 Evacuation Pause) 14M->3M(256M) 1.025ms
[2025-03-05T02:29:34.200+0300][174.293s][info ][gc] GC(3740) Pause Young (Normal) (G1 Evacuation Pause) 14M->3M(256M) 1.726ms
[2025-03-05T02:29:34.245+0300][174.337s][info ][gc] GC(3741) Pause Young (Normal) (G1 Evacuation Pause) 13M->3M(256M) 1.012ms
[2025-03-05T02:29:34.291+0300][174.383s][info ][gc] GC(3742) Pause Young (Normal) (G1 Evacuation Pause) 14M->3M(256M) 1.448ms
[2025-03-05T02:29:34.333+0300][174.424s][info ][gc] GC(3743) Pause Young (Normal) (G1 Evacuation Pause) 13M->3M(256M) 1.032ms
[2025-03-05T02:29:34.379+0300][174.471s][info ][gc] GC(3744) Pause Young (Normal) (G1 Evacuation Pause) 14M->3M(256M) 1.646ms
[2025-03-05T02:29:34.421+0300][174.512s][info ][gc] GC(3745) Pause Young (Normal) (G1 Evacuation Pause) 13M->3M(256M) 0.905ms
[2025-03-05T02:29:34.466+0300][174.559s][info ][gc] GC(3746) Pause Young (Normal) (G1 Evacuation Pause) 14M->3M(256M) 1.812ms
[2025-03-05T02:29:34.509+0300][174.602s][info ][gc] GC(3747) Pause Young (Normal) (G1 Evacuation Pause) 13M->3M(256M) 1.057ms
[2025-03-05T02:29:34.557+0300][174.649s][info ][gc] GC(3748) Pause Young (Normal) (G1 Evacuation Pause) 14M->3M(256M) 1.537ms
[2025-03-05T02:29:34.610+0300][174.701s][info ][gc] GC(3749) Pause Young (Normal) (G1 Evacuation Pause) 13M->3M(256M) 0.935ms
[2025-03-05T02:29:34.660+0300][174.752s][info ][gc] GC(3750) Pause Young (Normal) (G1 Evacuation Pause) 14M->3M(256M) 1.689ms
[2025-03-05T02:29:34.702+0300][174.794s][info ][gc] GC(3751) Pause Young (Normal) (G1 Evacuation Pause) 13M->3M(256M) 1.038ms
[2025-03-05T02:29:34.750+0300][174.842s][info ][gc] GC(3752) Pause Young (Normal) (G1 Evacuation Pause) 14M->3M(256M) 1.776ms
[2025-03-05T02:29:34.791+0300][174.882s][info ][gc] GC(3753) Pause Young (Normal) (G1 Evacuation Pause) 13M->3M(256M) 1.011ms
[2025-03-05T02:29:34.836+0300][174.928s][info ][gc] GC(3754) Pause Young (Normal) (G1 Evacuation Pause) 14M->4M(256M) 1.431ms
[2025-03-05T02:29:34.879+0300][174.971s][info ][gc] GC(3755) Pause Young (Normal) (G1 Evacuation Pause) 14M->3M(256M) 0.977ms
[2025-03-05T02:29:34.926+0300][175.019s][info ][gc] GC(3756) Pause Young (Normal) (G1 Evacuation Pause) 14M->4M(256M) 1.659ms
[2025-03-05T02:29:34.969+0300][175.061s][info ][gc] GC(3757) Pause Young (Normal) (G1 Evacuation Pause) 14M->3M(256M) 1.055ms
[2025-03-05T02:29:35.015+0300][175.107s][info ][gc] GC(3758) Pause Young (Normal) (G1 Evacuation Pause) 14M->4M(256M) 1.728ms
[2025-03-05T02:29:35.057+0300][175.149s][info ][gc] GC(3759) Pause Young (Normal) (G1 Evacuation Pause) 14M->3M(256M) 1.139ms
[2025-03-05T02:29:35.102+0300][175.195s][info ][gc] GC(3760) Pause Young (Normal) (G1 Evacuation Pause) 14M->4M(256M) 1.777ms
[2025-03-05T02:29:35.144+0300][175.237s][info ][gc] GC(3761) Pause Young (Normal) (G1 Evacuation Pause) 14M->3M(256M) 1.436ms
[2025-03-05T02:29:35.192+0300][175.284s][info ][gc] GC(3762) Pause Young (Normal) (G1 Evacuation Pause) 14M->4M(256M) 1.857ms
[2025-03-05T02:29:35.234+0300][175.326s][info ][gc] GC(3763) Pause Young (Normal) (G1 Evacuation Pause) 14M->3M(256M) 1.441ms
[2025-03-05T02:29:35.290+0300][175.382s][info ][gc] GC(3764) Pause Young (Normal) (G1 Evacuation Pause) 14M->4M(256M) 1.779ms
[2025-03-05T02:29:35.330+0300][175.423s][info ][gc] GC(3765) Pause Young (Normal) (G1 Evacuation Pause) 14M->3M(256M) 1.329ms
[2025-03-05T02:29:35.378+0300][175.470s][info ][gc] GC(3766) Pause Young (Normal) (G1 Evacuation Pause) 14M->4M(256M) 1.710ms
[2025-03-05T02:29:35.420+0300][175.513s][info ][gc] GC(3767) Pause Young (Normal) (G1 Evacuation Pause) 14M->3M(256M) 1.325ms
[2025-03-05T02:29:35.466+0300][175.559s][info ][gc] GC(3768) Pause Young (Normal) (G1 Evacuation Pause) 14M->4M(256M) 1.833ms
[2025-03-05T02:29:35.508+0300][175.601s][info ][gc] GC(3769) Pause Young (Normal) (G1 Evacuation Pause) 14M->3M(256M) 1.229ms
[2025-03-05T02:29:35.555+0300][175.646s][info ][gc] GC(3770) Pause Young (Normal) (G1 Evacuation Pause) 14M->4M(256M) 1.869ms
[2025-03-05T02:29:35.596+0300][175.688s][info ][gc] GC(3771) Pause Young (Normal) (G1 Evacuation Pause) 14M->3M(256M) 1.435ms
[2025-03-05T02:29:35.644+0300][175.737s][info ][gc] GC(3772) Pause Young (Normal) (G1 Evacuation Pause) 14M->4M(256M) 2.294ms
[2025-03-05T02:29:35.686+0300][175.778s][info ][gc] GC(3773) Pause Young (Normal) (G1 Evacuation Pause) 14M->3M(256M) 1.445ms
[2025-03-05T02:29:35.732+0300][175.824s][info ][gc] GC(3774) Pause Young (Normal) (G1 Evacuation Pause) 14M->4M(256M) 1.860ms
[2025-03-05T02:29:35.774+0300][175.866s][info ][gc] GC(3775) Pause Young (Normal) (G1 Evacuation Pause) 14M->3M(256M) 1.447ms
[2025-03-05T02:29:35.820+0300][175.913s][info ][gc] GC(3776) Pause Young (Normal) (G1 Evacuation Pause) 14M->4M(256M) 1.766ms
[2025-03-05T02:29:35.863+0300][175.956s][info ][gc] GC(3777) Pause Young (Normal) (G1 Evacuation Pause) 14M->3M(256M) 1.522ms
[2025-03-05T02:29:35.910+0300][176.003s][info ][gc] GC(3778) Pause Young (Normal) (G1 Evacuation Pause) 14M->4M(256M) 2.255ms
[2025-03-05T02:29:35.952+0300][176.044s][info ][gc] GC(3779) Pause Young (Normal) (G1 Evacuation Pause) 14M->3M(256M) 1.190ms
[2025-03-05T02:29:35.998+0300][176.090s][info ][gc] GC(3780) Pause Young (Normal) (G1 Evacuation Pause) 14M->4M(256M) 2.099ms
[2025-03-05T02:29:36.041+0300][176.133s][info ][gc] GC(3781) Pause Young (Normal) (G1 Evacuation Pause) 14M->3M(256M) 1.369ms
[2025-03-05T02:29:36.087+0300][176.180s][info ][gc] GC(3782) Pause Young (Normal) (G1 Evacuation Pause) 14M->4M(256M) 1.838ms
[2025-03-05T02:29:36.131+0300][176.223s][info ][gc] GC(3783) Pause Young (Normal) (G1 Evacuation Pause) 14M->3M(256M) 1.425ms
[2025-03-05T02:29:36.176+0300][176.268s][info ][gc] GC(3784) Pause Young (Normal) (G1 Evacuation Pause) 14M->2M(256M) 0.705ms
[2025-03-05T02:29:36.223+0300][176.315s][info ][gc] GC(3785) Pause Young (Normal) (G1 Evacuation Pause) 13M->3M(256M) 1.467ms
[2025-03-05T02:29:36.270+0300][176.362s][info ][gc] GC(3786) Pause Young (Normal) (G1 Evacuation Pause) 14M->2M(256M) 0.919ms
[2025-03-05T02:29:36.316+0300][176.408s][info ][gc] GC(3787) Pause Young (Normal) (G1 Evacuation Pause) 13M->3M(256M) 1.617ms
[2025-03-05T02:29:36.362+0300][176.454s][info ][gc] GC(3788) Pause Young (Normal) (G1 Evacuation Pause) 14M->3M(256M) 0.920ms
[2025-03-05T02:29:36.408+0300][176.499s][info ][gc] GC(3789) Pause Young (Normal) (G1 Evacuation Pause) 14M->3M(256M) 1.448ms
[2025-03-05T02:29:36.450+0300][176.541s][info ][gc] GC(3790) Pause Young (Normal) (G1 Evacuation Pause) 13M->3M(256M) 0.987ms
[2025-03-05T02:29:36.495+0300][176.588s][info ][gc] GC(3791) Pause Young (Normal) (G1 Evacuation Pause) 14M->3M(256M) 1.714ms
[2025-03-05T02:29:36.537+0300][176.629s][info ][gc] GC(3792) Pause Young (Normal) (G1 Evacuation Pause) 13M->3M(256M) 0.926ms
[2025-03-05T02:29:36.584+0300][176.677s][info ][gc] GC(3793) Pause Young (Normal) (G1 Evacuation Pause) 14M->3M(256M) 1.430ms
[2025-03-05T02:29:36.625+0300][176.718s][info ][gc] GC(3794) Pause Young (Normal) (G1 Evacuation Pause) 13M->3M(256M) 0.945ms
[2025-03-05T02:29:36.673+0300][176.764s][info ][gc] GC(3795) Pause Young (Normal) (G1 Evacuation Pause) 14M->3M(256M) 1.754ms
[2025-03-05T02:29:36.715+0300][176.807s][info ][gc] GC(3796) Pause Young (Normal) (G1 Evacuation Pause) 13M->3M(256M) 0.944ms
[2025-03-05T02:29:36.765+0300][176.858s][info ][gc] GC(3797) Pause Young (Normal) (G1 Evacuation Pause) 14M->3M(256M) 1.747ms
[2025-03-05T02:29:36.806+0300][176.898s][info ][gc] GC(3798) Pause Young (Normal) (G1 Evacuation Pause) 13M->3M(256M) 0.854ms
[2025-03-05T02:29:36.853+0300][176.945s][info ][gc] GC(3799) Pause Young (Normal) (G1 Evacuation Pause) 14M->3M(256M) 1.894ms
[2025-03-05T02:29:36.893+0300][176.985s][info ][gc] GC(3800) Pause Young (Normal) (G1 Evacuation Pause) 13M->3M(256M) 1.071ms
[2025-03-05T02:29:36.939+0300][177.032s][info ][gc] GC(3801) Pause Young (Normal) (G1 Evacuation Pause) 14M->3M(256M) 1.509ms
[2025-03-05T02:29:36.982+0300][177.074s][info ][gc] GC(3802) Pause Young (Normal) (G1 Evacuation Pause) 13M->3M(256M) 0.957ms
[2025-03-05T02:29:37.028+0300][177.120s][info ][gc] GC(3803) Pause Young (Normal) (G1 Evacuation Pause) 14M->4M(256M) 1.806ms
[2025-03-05T02:29:37.070+0300][177.162s][info ][gc] GC(3804) Pause Young (Normal) (G1 Evacuation Pause) 14M->3M(256M) 1.173ms
[2025-03-05T02:29:37.116+0300][177.207s][info ][gc] GC(3805) Pause Young (Normal) (G1 Evacuation Pause) 14M->4M(256M) 1.987ms
[2025-03-05T02:29:37.158+0300][177.250s][info ][gc] GC(3806) Pause Young (Normal) (G1 Evacuation Pause) 14M->3M(256M) 1.207ms
[2025-03-05T02:29:37.210+0300][177.302s][info ][gc] GC(3807) Pause Young (Normal) (G1 Evacuation Pause) 14M->4M(256M) 2.119ms
[2025-03-05T02:29:37.257+0300][177.348s][info ][gc] GC(3808) Pause Young (Normal) (G1 Evacuation Pause) 14M->3M(256M) 0.854ms
[2025-03-05T02:29:37.304+0300][177.397s][info ][gc] GC(3809) Pause Young (Normal) (G1 Evacuation Pause) 14M->4M(256M) 1.798ms
[2025-03-05T02:29:37.347+0300][177.439s][info ][gc] GC(3810) Pause Young (Normal) (G1 Evacuation Pause) 14M->3M(256M) 1.240ms
[2025-03-05T02:29:37.393+0300][177.486s][info ][gc] GC(3811) Pause Young (Normal) (G1 Evacuation Pause) 14M->4M(256M) 2.000ms
[2025-03-05T02:29:37.436+0300][177.529s][info ][gc] GC(3812) Pause Young (Normal) (G1 Evacuation Pause) 14M->3M(256M) 1.140ms
[2025-03-05T02:29:37.503+0300][177.595s][info ][gc] GC(3813) Pause Young (Normal) (G1 Evacuation Pause) 14M->4M(256M) 1.910ms
[2025-03-05T02:29:37.570+0300][177.662s][info ][gc] GC(3814) Pause Young (Normal) (G1 Evacuation Pause) 14M->3M(256M) 1.102ms
[2025-03-05T02:29:37.619+0300][177.711s][info ][gc] GC(3815) Pause Young (Normal) (G1 Evacuation Pause) 14M->4M(256M) 1.695ms
[2025-03-05T02:29:37.667+0300][177.758s][info ][gc] GC(3816) Pause Young (Normal) (G1 Evacuation Pause) 14M->3M(256M) 1.122ms
[2025-03-05T02:29:37.715+0300][177.806s][info ][gc] GC(3817) Pause Young (Normal) (G1 Evacuation Pause) 14M->4M(256M) 1.953ms
[2025-03-05T02:29:37.759+0300][177.850s][info ][gc] GC(3818) Pause Young (Normal) (G1 Evacuation Pause) 14M->3M(256M) 1.007ms
[2025-03-05T02:29:37.811+0300][177.903s][info ][gc] GC(3819) Pause Young (Normal) (G1 Evacuation Pause) 14M->4M(256M) 2.155ms
[2025-03-05T02:29:37.866+0300][177.959s][info ][gc] GC(3820) Pause Young (Normal) (G1 Evacuation Pause) 14M->3M(256M) 1.110ms
[2025-03-05T02:29:37.915+0300][178.007s][info ][gc] GC(3821) Pause Young (Normal) (G1 Evacuation Pause) 14M->4M(256M) 1.579ms
[2025-03-05T02:29:37.957+0300][178.048s][info ][gc] GC(3822) Pause Young (Normal) (G1 Evacuation Pause) 14M->3M(256M) 1.196ms
[2025-03-05T02:29:38.002+0300][178.094s][info ][gc] GC(3823) Pause Young (Normal) (G1 Evacuation Pause) 14M->4M(256M) 1.961ms
[2025-03-05T02:29:38.044+0300][178.137s][info ][gc] GC(3824) Pause Young (Normal) (G1 Evacuation Pause) 14M->3M(256M) 1.448ms
[2025-03-05T02:29:38.091+0300][178.184s][info ][gc] GC(3825) Pause Young (Normal) (G1 Evacuation Pause) 14M->4M(256M) 1.935ms
[2025-03-05T02:29:38.134+0300][178.226s][info ][gc] GC(3826) Pause Young (Normal) (G1 Evacuation Pause) 14M->3M(256M) 1.361ms
[2025-03-05T02:29:38.180+0300][178.273s][info ][gc] GC(3827) Pause Young (Normal) (G1 Evacuation Pause) 14M->4M(256M) 2.095ms
[2025-03-05T02:29:38.223+0300][178.316s][info ][gc] GC(3828) Pause Young (Normal) (G1 Evacuation Pause) 14M->3M(256M) 1.451ms
[2025-03-05T02:29:38.270+0300][178.362s][info ][gc] GC(3829) Pause Young (Normal) (G1 Evacuation Pause) 14M->4M(256M) 1.819ms
[2025-03-05T02:29:38.311+0300][178.403s][info ][gc] GC(3830) Pause Young (Normal) (G1 Evacuation Pause) 14M->3M(256M) 1.477ms
[2025-03-05T02:29:38.358+0300][178.450s][info ][gc] GC(3831) Pause Young (Normal) (G1 Evacuation Pause) 14M->4M(256M) 1.823ms
[2025-03-05T02:29:38.400+0300][178.491s][info ][gc] GC(3832) Pause Young (Normal) (G1 Evacuation Pause) 14M->3M(256M) 1.286ms
[2025-03-05T02:29:38.445+0300][178.537s][info ][gc] GC(3833) Pause Young (Normal) (G1 Evacuation Pause) 14M->2M(256M) 0.673ms
[2025-03-05T02:29:38.490+0300][178.582s][info ][gc] GC(3834) Pause Young (Normal) (G1 Evacuation Pause) 13M->3M(256M) 1.414ms
[2025-03-05T02:29:38.536+0300][178.628s][info ][gc] GC(3835) Pause Young (Normal) (G1 Evacuation Pause) 14M->2M(256M) 0.904ms
[2025-03-05T02:29:38.586+0300][178.678s][info ][gc] GC(3836) Pause Young (Normal) (G1 Evacuation Pause) 13M->3M(256M) 1.514ms
[2025-03-05T02:29:38.631+0300][178.723s][info ][gc] GC(3837) Pause Young (Normal) (G1 Evacuation Pause) 14M->2M(256M) 0.816ms
[2025-03-05T02:29:38.678+0300][178.769s][info ][gc] GC(3838) Pause Young (Normal) (G1 Evacuation Pause) 13M->3M(256M) 1.827ms
[2025-03-05T02:29:38.720+0300][178.812s][info ][gc] GC(3839) Pause Young (Normal) (G1 Evacuation Pause) 13M->3M(256M) 0.575ms
[2025-03-05T02:29:38.769+0300][178.861s][info ][gc] GC(3840) Pause Young (Normal) (G1 Evacuation Pause) 14M->3M(256M) 1.689ms
[2025-03-05T02:29:38.813+0300][178.905s][info ][gc] GC(3841) Pause Young (Normal) (G1 Evacuation Pause) 13M->3M(256M) 0.856ms
[2025-03-05T02:29:38.862+0300][178.954s][info ][gc] GC(3842) Pause Young (Normal) (G1 Evacuation Pause) 14M->3M(256M) 1.395ms
[2025-03-05T02:29:38.908+0300][179.000s][info ][gc] GC(3843) Pause Young (Normal) (G1 Evacuation Pause) 13M->3M(256M) 0.940ms
[2025-03-05T02:29:38.961+0300][179.054s][info ][gc] GC(3844) Pause Young (Normal) (G1 Evacuation Pause) 14M->3M(256M) 1.651ms
[2025-03-05T02:29:39.008+0300][179.100s][info ][gc] GC(3845) Pause Young (Normal) (G1 Evacuation Pause) 13M->3M(256M) 0.690ms
[2025-03-05T02:29:39.060+0300][179.152s][info ][gc] GC(3846) Pause Young (Normal) (G1 Evacuation Pause) 14M->3M(256M) 1.825ms
[2025-03-05T02:29:39.109+0300][179.201s][info ][gc] GC(3847) Pause Young (Normal) (G1 Evacuation Pause) 13M->3M(256M) 1.330ms
[2025-03-05T02:29:39.169+0300][179.261s][info ][gc] GC(3848) Pause Young (Normal) (G1 Evacuation Pause) 14M->3M(256M) 1.994ms
[2025-03-05T02:29:39.217+0300][179.309s][info ][gc] GC(3849) Pause Young (Normal) (G1 Evacuation Pause) 13M->3M(256M) 0.764ms
[2025-03-05T02:29:39.270+0300][179.362s][info ][gc] GC(3850) Pause Young (Normal) (G1 Evacuation Pause) 14M->3M(256M) 1.628ms
[2025-03-05T02:29:39.313+0300][179.406s][info ][gc] GC(3851) Pause Young (Normal) (G1 Evacuation Pause) 13M->3M(256M) 1.017ms
[2025-03-05T02:29:39.361+0300][179.453s][info ][gc] GC(3852) Pause Young (Normal) (G1 Evacuation Pause) 14M->4M(256M) 1.772ms
[2025-03-05T02:29:39.405+0300][179.497s][info ][gc] GC(3853) Pause Young (Normal) (G1 Evacuation Pause) 14M->3M(256M) 1.085ms
[2025-03-05T02:29:39.451+0300][179.544s][info ][gc] GC(3854) Pause Young (Normal) (G1 Evacuation Pause) 14M->4M(256M) 1.492ms
[2025-03-05T02:29:39.494+0300][179.586s][info ][gc] GC(3855) Pause Young (Normal) (G1 Evacuation Pause) 14M->3M(256M) 1.085ms
[2025-03-05T02:29:39.543+0300][179.634s][info ][gc] GC(3856) Pause Young (Normal) (G1 Evacuation Pause) 14M->4M(256M) 1.500ms
[2025-03-05T02:29:39.586+0300][179.678s][info ][gc] GC(3857) Pause Young (Normal) (G1 Evacuation Pause) 14M->3M(256M) 0.949ms
[2025-03-05T02:29:39.634+0300][179.725s][info ][gc] GC(3858) Pause Young (Normal) (G1 Evacuation Pause) 14M->4M(256M) 1.446ms
[2025-03-05T02:29:39.679+0300][179.771s][info ][gc] GC(3859) Pause Young (Normal) (G1 Evacuation Pause) 14M->3M(256M) 0.986ms
[2025-03-05T02:29:39.730+0300][179.822s][info ][gc] GC(3860) Pause Young (Normal) (G1 Evacuation Pause) 14M->4M(256M) 1.375ms
[2025-03-05T02:29:39.776+0300][179.868s][info ][gc] GC(3861) Pause Young (Normal) (G1 Evacuation Pause) 14M->3M(256M) 1.479ms
[2025-03-05T02:29:39.824+0300][179.916s][info ][gc] GC(3862) Pause Young (Normal) (G1 Evacuation Pause) 14M->4M(256M) 1.838ms
[2025-03-05T02:29:39.867+0300][179.959s][info ][gc] GC(3863) Pause Young (Normal) (G1 Evacuation Pause) 14M->3M(256M) 1.300ms
[2025-03-05T02:29:39.914+0300][180.006s][info ][gc] GC(3864) Pause Young (Normal) (G1 Evacuation Pause) 14M->4M(256M) 2.177ms
[2025-03-05T02:29:39.958+0300][180.050s][info ][gc] GC(3865) Pause Young (Normal) (G1 Evacuation Pause) 14M->3M(256M) 1.367ms
[2025-03-05T02:29:40.004+0300][180.096s][info ][gc] GC(3866) Pause Young (Normal) (G1 Evacuation Pause) 14M->4M(256M) 1.978ms
[2025-03-05T02:29:40.045+0300][180.138s][info ][gc] GC(3867) Pause Young (Normal) (G1 Evacuation Pause) 14M->3M(256M) 1.218ms
[2025-03-05T02:29:40.092+0300][180.184s][info ][gc] GC(3868) Pause Young (Normal) (G1 Evacuation Pause) 14M->4M(256M) 1.831ms
[2025-03-05T02:29:40.135+0300][180.227s][info ][gc] GC(3869) Pause Young (Normal) (G1 Evacuation Pause) 14M->3M(256M) 1.381ms
[2025-03-05T02:29:40.182+0300][180.275s][info ][gc] GC(3870) Pause Young (Normal) (G1 Evacuation Pause) 14M->4M(256M) 1.762ms
[2025-03-05T02:29:40.228+0300][180.320s][info ][gc] GC(3871) Pause Young (Normal) (G1 Evacuation Pause) 14M->3M(256M) 1.396ms
[2025-03-05T02:29:40.274+0300][180.367s][info ][gc] GC(3872) Pause Young (Normal) (G1 Evacuation Pause) 14M->4M(256M) 1.958ms
[2025-03-05T02:29:40.315+0300][180.408s][info ][gc] GC(3873) Pause Young (Normal) (G1 Evacuation Pause) 14M->3M(256M) 1.076ms
[2025-03-05T02:29:40.363+0300][180.455s][info ][gc] GC(3874) Pause Young (Normal) (G1 Evacuation Pause) 14M->4M(256M) 1.782ms
[2025-03-05T02:29:40.405+0300][180.497s][info ][gc] GC(3875) Pause Young (Normal) (G1 Evacuation Pause) 14M->3M(256M) 1.540ms
[2025-03-05T02:29:40.453+0300][180.545s][info ][gc] GC(3876) Pause Young (Normal) (G1 Evacuation Pause) 14M->4M(256M) 1.979ms
[2025-03-05T02:29:40.494+0300][180.586s][info ][gc] GC(3877) Pause Young (Normal) (G1 Evacuation Pause) 14M->3M(256M) 1.254ms
[2025-03-05T02:29:40.541+0300][180.633s][info ][gc] GC(3878) Pause Young (Normal) (G1 Evacuation Pause) 14M->4M(256M) 1.850ms
[2025-03-05T02:29:40.582+0300][180.674s][info ][gc] GC(3879) Pause Young (Normal) (G1 Evacuation Pause) 14M->3M(256M) 1.340ms
[2025-03-05T02:29:40.628+0300][180.720s][info ][gc] GC(3880) Pause Young (Normal) (G1 Evacuation Pause) 14M->4M(256M) 1.825ms
[2025-03-05T02:29:40.671+0300][180.764s][info ][gc] GC(3881) Pause Young (Normal) (G1 Evacuation Pause) 14M->3M(256M) 1.569ms
[2025-03-05T02:29:40.717+0300][180.809s][info ][gc] GC(3882) Pause Young (Normal) (G1 Evacuation Pause) 14M->2M(256M) 0.582ms
[2025-03-05T02:29:40.762+0300][180.855s][info ][gc] GC(3883) Pause Young (Normal) (G1 Evacuation Pause) 13M->3M(256M) 1.511ms
[2025-03-05T02:29:40.817+0300][180.910s][info ][gc] GC(3884) Pause Young (Normal) (G1 Evacuation Pause) 14M->2M(256M) 0.714ms
[2025-03-05T02:29:40.863+0300][180.956s][info ][gc] GC(3885) Pause Young (Normal) (G1 Evacuation Pause) 13M->3M(256M) 1.789ms
[2025-03-05T02:29:40.911+0300][181.002s][info ][gc] GC(3886) Pause Young (Normal) (G1 Evacuation Pause) 14M->2M(256M) 0.634ms
[2025-03-05T02:29:40.956+0300][181.048s][info ][gc] GC(3887) Pause Young (Normal) (G1 Evacuation Pause) 13M->3M(256M) 1.546ms
[2025-03-05T02:29:40.998+0300][181.090s][info ][gc] GC(3888) Pause Young (Normal) (G1 Evacuation Pause) 13M->3M(256M) 0.944ms
[2025-03-05T02:29:41.045+0300][181.137s][info ][gc] GC(3889) Pause Young (Normal) (G1 Evacuation Pause) 14M->3M(256M) 1.880ms
[2025-03-05T02:29:41.087+0300][181.178s][info ][gc] GC(3890) Pause Young (Normal) (G1 Evacuation Pause) 13M->3M(256M) 0.751ms
[2025-03-05T02:29:41.133+0300][181.225s][info ][gc] GC(3891) Pause Young (Normal) (G1 Evacuation Pause) 14M->3M(256M) 1.700ms
[2025-03-05T02:29:41.175+0300][181.267s][info ][gc] GC(3892) Pause Young (Normal) (G1 Evacuation Pause) 13M->3M(256M) 0.938ms
[2025-03-05T02:29:41.221+0300][181.313s][info ][gc] GC(3893) Pause Young (Normal) (G1 Evacuation Pause) 14M->3M(256M) 1.329ms
[2025-03-05T02:29:41.262+0300][181.354s][info ][gc] GC(3894) Pause Young (Normal) (G1 Evacuation Pause) 13M->3M(256M) 1.069ms
[2025-03-05T02:29:41.310+0300][181.401s][info ][gc] GC(3895) Pause Young (Normal) (G1 Evacuation Pause) 14M->3M(256M) 1.424ms
[2025-03-05T02:29:41.352+0300][181.444s][info ][gc] GC(3896) Pause Young (Normal) (G1 Evacuation Pause) 13M->3M(256M) 0.917ms
[2025-03-05T02:29:41.398+0300][181.490s][info ][gc] GC(3897) Pause Young (Normal) (G1 Evacuation Pause) 14M->3M(256M) 1.922ms
[2025-03-05T02:29:41.440+0300][181.531s][info ][gc] GC(3898) Pause Young (Normal) (G1 Evacuation Pause) 13M->3M(256M) 0.999ms
[2025-03-05T02:29:41.486+0300][181.578s][info ][gc] GC(3899) Pause Young (Normal) (G1 Evacuation Pause) 14M->3M(256M) 1.686ms
[2025-03-05T02:29:41.528+0300][181.620s][info ][gc] GC(3900) Pause Young (Normal) (G1 Evacuation Pause) 13M->3M(256M) 0.991ms
[2025-03-05T02:29:41.574+0300][181.667s][info ][gc] GC(3901) Pause Young (Normal) (G1 Evacuation Pause) 14M->4M(256M) 1.988ms
[2025-03-05T02:29:41.616+0300][181.708s][info ][gc] GC(3902) Pause Young (Normal) (G1 Evacuation Pause) 14M->3M(256M) 1.081ms
[2025-03-05T02:29:41.662+0300][181.754s][info ][gc] GC(3903) Pause Young (Normal) (G1 Evacuation Pause) 14M->4M(256M) 1.643ms
[2025-03-05T02:29:41.703+0300][181.796s][info ][gc] GC(3904) Pause Young (Normal) (G1 Evacuation Pause) 14M->3M(256M) 0.982ms
[2025-03-05T02:29:41.750+0300][181.843s][info ][gc] GC(3905) Pause Young (Normal) (G1 Evacuation Pause) 14M->4M(256M) 2.035ms
[2025-03-05T02:29:41.792+0300][181.884s][info ][gc] GC(3906) Pause Young (Normal) (G1 Evacuation Pause) 14M->3M(256M) 1.066ms
[2025-03-05T02:29:41.838+0300][181.930s][info ][gc] GC(3907) Pause Young (Normal) (G1 Evacuation Pause) 14M->4M(256M) 1.676ms
[2025-03-05T02:29:41.881+0300][181.972s][info ][gc] GC(3908) Pause Young (Normal) (G1 Evacuation Pause) 14M->3M(256M) 1.088ms
[2025-03-05T02:29:41.927+0300][182.019s][info ][gc] GC(3909) Pause Young (Normal) (G1 Evacuation Pause) 14M->4M(256M) 1.729ms
[2025-03-05T02:29:41.970+0300][182.062s][info ][gc] GC(3910) Pause Young (Normal) (G1 Evacuation Pause) 14M->3M(256M) 1.301ms
[2025-03-05T02:29:42.018+0300][182.110s][info ][gc] GC(3911) Pause Young (Normal) (G1 Evacuation Pause) 14M->4M(256M) 1.924ms
[2025-03-05T02:29:42.059+0300][182.152s][info ][gc] GC(3912) Pause Young (Normal) (G1 Evacuation Pause) 14M->3M(256M) 1.212ms
[2025-03-05T02:29:42.105+0300][182.197s][info ][gc] GC(3913) Pause Young (Normal) (G1 Evacuation Pause) 14M->4M(256M) 1.617ms
[2025-03-05T02:29:42.147+0300][182.239s][info ][gc] GC(3914) Pause Young (Normal) (G1 Evacuation Pause) 14M->3M(256M) 1.307ms
[2025-03-05T02:29:42.193+0300][182.285s][info ][gc] GC(3915) Pause Young (Normal) (G1 Evacuation Pause) 14M->4M(256M) 1.780ms
[2025-03-05T02:29:42.239+0300][182.331s][info ][gc] GC(3916) Pause Young (Normal) (G1 Evacuation Pause) 14M->3M(256M) 1.297ms
[2025-03-05T02:29:42.285+0300][182.377s][info ][gc] GC(3917) Pause Young (Normal) (G1 Evacuation Pause) 14M->4M(256M) 1.616ms
[2025-03-05T02:29:42.329+0300][182.422s][info ][gc] GC(3918) Pause Young (Normal) (G1 Evacuation Pause) 14M->3M(256M) 1.362ms
[2025-03-05T02:29:42.377+0300][182.469s][info ][gc] GC(3919) Pause Young (Normal) (G1 Evacuation Pause) 14M->4M(256M) 1.887ms
[2025-03-05T02:29:42.420+0300][182.512s][info ][gc] GC(3920) Pause Young (Normal) (G1 Evacuation Pause) 14M->3M(256M) 1.283ms
[2025-03-05T02:29:42.466+0300][182.559s][info ][gc] GC(3921) Pause Young (Normal) (G1 Evacuation Pause) 14M->4M(256M) 1.895ms
[2025-03-05T02:29:42.509+0300][182.601s][info ][gc] GC(3922) Pause Young (Normal) (G1 Evacuation Pause) 14M->3M(256M) 1.479ms
[2025-03-05T02:29:42.555+0300][182.647s][info ][gc] GC(3923) Pause Young (Normal) (G1 Evacuation Pause) 14M->4M(256M) 1.767ms
[2025-03-05T02:29:42.597+0300][182.689s][info ][gc] GC(3924) Pause Young (Normal) (G1 Evacuation Pause) 14M->3M(256M) 1.401ms
[2025-03-05T02:29:42.644+0300][182.737s][info ][gc] GC(3925) Pause Young (Normal) (G1 Evacuation Pause) 14M->4M(256M) 2.200ms
[2025-03-05T02:29:42.689+0300][182.781s][info ][gc] GC(3926) Pause Young (Normal) (G1 Evacuation Pause) 14M->3M(256M) 1.252ms
[2025-03-05T02:29:42.736+0300][182.828s][info ][gc] GC(3927) Pause Young (Normal) (G1 Evacuation Pause) 14M->4M(256M) 1.485ms
[2025-03-05T02:29:42.780+0300][182.871s][info ][gc] GC(3928) Pause Young (Normal) (G1 Evacuation Pause) 14M->3M(256M) 1.117ms
[2025-03-05T02:29:42.827+0300][182.919s][info ][gc] GC(3929) Pause Young (Normal) (G1 Evacuation Pause) 14M->4M(256M) 1.534ms
[2025-03-05T02:29:42.873+0300][182.965s][info ][gc] GC(3930) Pause Young (Normal) (G1 Evacuation Pause) 14M->3M(256M) 1.306ms
[2025-03-05T02:29:42.926+0300][183.017s][info ][gc] GC(3931) Pause Young (Normal) (G1 Evacuation Pause) 14M->4M(256M) 1.792ms
[2025-03-05T02:29:42.969+0300][183.061s][info ][gc] GC(3932) Pause Young (Normal) (G1 Evacuation Pause) 14M->3M(256M) 1.557ms
[2025-03-05T02:29:43.017+0300][183.109s][info ][gc] GC(3933) Pause Young (Normal) (G1 Evacuation Pause) 14M->2M(256M) 0.788ms
[2025-03-05T02:29:43.063+0300][183.155s][info ][gc] GC(3934) Pause Young (Normal) (G1 Evacuation Pause) 13M->3M(256M) 1.626ms
[2025-03-05T02:29:43.111+0300][183.202s][info ][gc] GC(3935) Pause Young (Normal) (G1 Evacuation Pause) 14M->2M(256M) 0.679ms
[2025-03-05T02:29:43.157+0300][183.250s][info ][gc] GC(3936) Pause Young (Normal) (G1 Evacuation Pause) 13M->3M(256M) 1.437ms
[2025-03-05T02:29:43.202+0300][183.294s][info ][gc] GC(3937) Pause Young (Normal) (G1 Evacuation Pause) 14M->3M(256M) 0.788ms
[2025-03-05T02:29:43.249+0300][183.341s][info ][gc] GC(3938) Pause Young (Normal) (G1 Evacuation Pause) 14M->3M(256M) 1.535ms
[2025-03-05T02:29:43.292+0300][183.383s][info ][gc] GC(3939) Pause Young (Normal) (G1 Evacuation Pause) 13M->3M(256M) 1.021ms
[2025-03-05T02:29:43.339+0300][183.431s][info ][gc] GC(3940) Pause Young (Normal) (G1 Evacuation Pause) 14M->3M(256M) 2.014ms
[2025-03-05T02:29:43.381+0300][183.474s][info ][gc] GC(3941) Pause Young (Normal) (G1 Evacuation Pause) 13M->3M(256M) 0.863ms
[2025-03-05T02:29:43.430+0300][183.522s][info ][gc] GC(3942) Pause Young (Normal) (G1 Evacuation Pause) 14M->3M(256M) 1.862ms
[2025-03-05T02:29:43.471+0300][183.563s][info ][gc] GC(3943) Pause Young (Normal) (G1 Evacuation Pause) 13M->3M(256M) 0.981ms
[2025-03-05T02:29:43.518+0300][183.609s][info ][gc] GC(3944) Pause Young (Normal) (G1 Evacuation Pause) 14M->3M(256M) 1.669ms
[2025-03-05T02:29:43.559+0300][183.651s][info ][gc] GC(3945) Pause Young (Normal) (G1 Evacuation Pause) 13M->3M(256M) 0.901ms
[2025-03-05T02:29:43.605+0300][183.697s][info ][gc] GC(3946) Pause Young (Normal) (G1 Evacuation Pause) 14M->3M(256M) 1.979ms
[2025-03-05T02:29:43.648+0300][183.740s][info ][gc] GC(3947) Pause Young (Normal) (G1 Evacuation Pause) 13M->3M(256M) 1.116ms
[2025-03-05T02:29:43.695+0300][183.788s][info ][gc] GC(3948) Pause Young (Normal) (G1 Evacuation Pause) 14M->3M(256M) 1.611ms
[2025-03-05T02:29:43.737+0300][183.828s][info ][gc] GC(3949) Pause Young (Normal) (G1 Evacuation Pause) 13M->3M(256M) 1.032ms
[2025-03-05T02:29:43.785+0300][183.877s][info ][gc] GC(3950) Pause Young (Normal) (G1 Evacuation Pause) 14M->4M(256M) 1.674ms
[2025-03-05T02:29:43.827+0300][183.919s][info ][gc] GC(3951) Pause Young (Normal) (G1 Evacuation Pause) 14M->3M(256M) 1.069ms
[2025-03-05T02:29:43.874+0300][183.966s][info ][gc] GC(3952) Pause Young (Normal) (G1 Evacuation Pause) 14M->4M(256M) 1.726ms
[2025-03-05T02:29:43.916+0300][184.008s][info ][gc] GC(3953) Pause Young (Normal) (G1 Evacuation Pause) 14M->3M(256M) 1.170ms
[2025-03-05T02:29:43.963+0300][184.056s][info ][gc] GC(3954) Pause Young (Normal) (G1 Evacuation Pause) 14M->4M(256M) 2.008ms
[2025-03-05T02:29:44.005+0300][184.098s][info ][gc] GC(3955) Pause Young (Normal) (G1 Evacuation Pause) 14M->3M(256M) 1.177ms
[2025-03-05T02:29:44.053+0300][184.146s][info ][gc] GC(3956) Pause Young (Normal) (G1 Evacuation Pause) 14M->4M(256M) 1.895ms
[2025-03-05T02:29:44.095+0300][184.187s][info ][gc] GC(3957) Pause Young (Normal) (G1 Evacuation Pause) 14M->3M(256M) 1.161ms
[2025-03-05T02:29:44.141+0300][184.233s][info ][gc] GC(3958) Pause Young (Normal) (G1 Evacuation Pause) 14M->4M(256M) 1.561ms
[2025-03-05T02:29:44.183+0300][184.275s][info ][gc] GC(3959) Pause Young (Normal) (G1 Evacuation Pause) 14M->3M(256M) 1.058ms
[2025-03-05T02:29:44.232+0300][184.324s][info ][gc] GC(3960) Pause Young (Normal) (G1 Evacuation Pause) 14M->4M(256M) 2.015ms
[2025-03-05T02:29:44.278+0300][184.370s][info ][gc] GC(3961) Pause Young (Normal) (G1 Evacuation Pause) 14M->3M(256M) 1.301ms
[2025-03-05T02:29:44.329+0300][184.421s][info ][gc] GC(3962) Pause Young (Normal) (G1 Evacuation Pause) 14M->4M(256M) 1.817ms
[2025-03-05T02:29:44.372+0300][184.464s][info ][gc] GC(3963) Pause Young (Normal) (G1 Evacuation Pause) 14M->3M(256M) 1.135ms
[2025-03-05T02:29:44.418+0300][184.510s][info ][gc] GC(3964) Pause Young (Normal) (G1 Evacuation Pause) 14M->4M(256M) 1.766ms
[2025-03-05T02:29:44.463+0300][184.555s][info ][gc] GC(3965) Pause Young (Normal) (G1 Evacuation Pause) 14M->3M(256M) 1.552ms
[2025-03-05T02:29:44.509+0300][184.602s][info ][gc] GC(3966) Pause Young (Normal) (G1 Evacuation Pause) 14M->4M(256M) 2.104ms
[2025-03-05T02:29:44.552+0300][184.644s][info ][gc] GC(3967) Pause Young (Normal) (G1 Evacuation Pause) 14M->3M(256M) 1.252ms
[2025-03-05T02:29:44.598+0300][184.690s][info ][gc] GC(3968) Pause Young (Normal) (G1 Evacuation Pause) 14M->4M(256M) 1.940ms
[2025-03-05T02:29:44.640+0300][184.732s][info ][gc] GC(3969) Pause Young (Normal) (G1 Evacuation Pause) 14M->3M(256M) 1.264ms
[2025-03-05T02:29:44.687+0300][184.779s][info ][gc] GC(3970) Pause Young (Normal) (G1 Evacuation Pause) 14M->4M(256M) 2.072ms
[2025-03-05T02:29:44.729+0300][184.821s][info ][gc] GC(3971) Pause Young (Normal) (G1 Evacuation Pause) 14M->3M(256M) 1.416ms
[2025-03-05T02:29:44.776+0300][184.868s][info ][gc] GC(3972) Pause Young (Normal) (G1 Evacuation Pause) 14M->4M(256M) 2.069ms
[2025-03-05T02:29:44.818+0300][184.910s][info ][gc] GC(3973) Pause Young (Normal) (G1 Evacuation Pause) 14M->3M(256M) 1.333ms
[2025-03-05T02:29:44.865+0300][184.956s][info ][gc] GC(3974) Pause Young (Normal) (G1 Evacuation Pause) 14M->4M(256M) 2.173ms
[2025-03-05T02:29:44.906+0300][184.998s][info ][gc] GC(3975) Pause Young (Normal) (G1 Evacuation Pause) 14M->3M(256M) 1.373ms
[2025-03-05T02:29:44.955+0300][185.047s][info ][gc] GC(3976) Pause Young (Normal) (G1 Evacuation Pause) 14M->4M(256M) 2.160ms
[2025-03-05T02:29:44.997+0300][185.089s][info ][gc] GC(3977) Pause Young (Normal) (G1 Evacuation Pause) 14M->3M(256M) 1.541ms
[2025-03-05T02:29:45.044+0300][185.136s][info ][gc] GC(3978) Pause Young (Normal) (G1 Evacuation Pause) 14M->4M(256M) 2.187ms
[2025-03-05T02:29:45.086+0300][185.178s][info ][gc] GC(3979) Pause Young (Normal) (G1 Evacuation Pause) 14M->3M(256M) 1.305ms
[2025-03-05T02:29:45.137+0300][185.229s][info ][gc] GC(3980) Pause Young (Normal) (G1 Evacuation Pause) 14M->4M(256M) 2.129ms
[2025-03-05T02:29:45.182+0300][185.275s][info ][gc] GC(3981) Pause Young (Normal) (G1 Evacuation Pause) 14M->3M(256M) 1.430ms
[2025-03-05T02:29:45.231+0300][185.323s][info ][gc] GC(3982) Pause Young (Normal) (G1 Evacuation Pause) 14M->2M(256M) 0.645ms
[2025-03-05T02:29:45.278+0300][185.370s][info ][gc] GC(3983) Pause Young (Normal) (G1 Evacuation Pause) 13M->3M(256M) 1.598ms
[2025-03-05T02:29:45.324+0300][185.417s][info ][gc] GC(3984) Pause Young (Normal) (G1 Evacuation Pause) 14M->2M(256M) 0.836ms
[2025-03-05T02:29:45.374+0300][185.466s][info ][gc] GC(3985) Pause Young (Normal) (G1 Evacuation Pause) 13M->3M(256M) 1.706ms
[2025-03-05T02:29:45.421+0300][185.514s][info ][gc] GC(3986) Pause Young (Normal) (G1 Evacuation Pause) 14M->3M(256M) 0.817ms
[2025-03-05T02:29:45.469+0300][185.561s][info ][gc] GC(3987) Pause Young (Normal) (G1 Evacuation Pause) 14M->3M(256M) 1.710ms
[2025-03-05T02:29:45.513+0300][185.605s][info ][gc] GC(3988) Pause Young (Normal) (G1 Evacuation Pause) 13M->3M(256M) 0.887ms
[2025-03-05T02:29:45.561+0300][185.653s][info ][gc] GC(3989) Pause Young (Normal) (G1 Evacuation Pause) 14M->3M(256M) 1.601ms
[2025-03-05T02:29:45.605+0300][185.697s][info ][gc] GC(3990) Pause Young (Normal) (G1 Evacuation Pause) 13M->3M(256M) 0.814ms
[2025-03-05T02:29:45.653+0300][185.745s][info ][gc] GC(3991) Pause Young (Normal) (G1 Evacuation Pause) 14M->3M(256M) 1.665ms
[2025-03-05T02:29:45.699+0300][185.790s][info ][gc] GC(3992) Pause Young (Normal) (G1 Evacuation Pause) 13M->3M(256M) 1.021ms
[2025-03-05T02:29:45.747+0300][185.839s][info ][gc] GC(3993) Pause Young (Normal) (G1 Evacuation Pause) 14M->3M(256M) 1.709ms
[2025-03-05T02:29:45.792+0300][185.884s][info ][gc] GC(3994) Pause Young (Normal) (G1 Evacuation Pause) 13M->3M(256M) 0.948ms
[2025-03-05T02:29:45.841+0300][185.933s][info ][gc] GC(3995) Pause Young (Normal) (G1 Evacuation Pause) 14M->3M(256M) 2.059ms
[2025-03-05T02:29:45.885+0300][185.976s][info ][gc] GC(3996) Pause Young (Normal) (G1 Evacuation Pause) 13M->3M(256M) 0.992ms
[2025-03-05T02:29:45.932+0300][186.024s][info ][gc] GC(3997) Pause Young (Normal) (G1 Evacuation Pause) 14M->3M(256M) 1.645ms
[2025-03-05T02:29:45.976+0300][186.069s][info ][gc] GC(3998) Pause Young (Normal) (G1 Evacuation Pause) 13M->3M(256M) 1.180ms
[2025-03-05T02:29:46.023+0300][186.116s][info ][gc] GC(3999) Pause Young (Normal) (G1 Evacuation Pause) 14M->3M(256M) 2.156ms
[2025-03-05T02:29:46.068+0300][186.160s][info ][gc] GC(4000) Pause Young (Normal) (G1 Evacuation Pause) 13M->3M(256M) 0.938ms
[2025-03-05T02:29:46.118+0300][186.210s][info ][gc] GC(4001) Pause Young (Normal) (G1 Evacuation Pause) 14M->4M(256M) 1.733ms
[2025-03-05T02:29:46.159+0300][186.251s][info ][gc] GC(4002) Pause Young (Normal) (G1 Evacuation Pause) 14M->3M(256M) 1.128ms
[2025-03-05T02:29:46.205+0300][186.297s][info ][gc] GC(4003) Pause Young (Normal) (G1 Evacuation Pause) 14M->4M(256M) 1.921ms
[2025-03-05T02:29:46.248+0300][186.340s][info ][gc] GC(4004) Pause Young (Normal) (G1 Evacuation Pause) 14M->3M(256M) 1.139ms
[2025-03-05T02:29:46.294+0300][186.386s][info ][gc] GC(4005) Pause Young (Normal) (G1 Evacuation Pause) 14M->4M(256M) 1.869ms
[2025-03-05T02:29:46.336+0300][186.428s][info ][gc] GC(4006) Pause Young (Normal) (G1 Evacuation Pause) 14M->3M(256M) 1.173ms
[2025-03-05T02:29:46.383+0300][186.474s][info ][gc] GC(4007) Pause Young (Normal) (G1 Evacuation Pause) 14M->4M(256M) 1.842ms
[2025-03-05T02:29:46.424+0300][186.516s][info ][gc] GC(4008) Pause Young (Normal) (G1 Evacuation Pause) 14M->3M(256M) 1.238ms
[2025-03-05T02:29:46.469+0300][186.562s][info ][gc] GC(4009) Pause Young (Normal) (G1 Evacuation Pause) 14M->4M(256M) 1.670ms
[2025-03-05T02:29:46.512+0300][186.604s][info ][gc] GC(4010) Pause Young (Normal) (G1 Evacuation Pause) 14M->3M(256M) 1.171ms
[2025-03-05T02:29:46.560+0300][186.652s][info ][gc] GC(4011) Pause Young (Normal) (G1 Evacuation Pause) 14M->4M(256M) 1.780ms
[2025-03-05T02:29:46.601+0300][186.693s][info ][gc] GC(4012) Pause Young (Normal) (G1 Evacuation Pause) 14M->3M(256M) 1.077ms
[2025-03-05T02:29:46.646+0300][186.739s][info ][gc] GC(4013) Pause Young (Normal) (G1 Evacuation Pause) 14M->4M(256M) 1.917ms
[2025-03-05T02:29:46.689+0300][186.781s][info ][gc] GC(4014) Pause Young (Normal) (G1 Evacuation Pause) 14M->3M(256M) 1.209ms
[2025-03-05T02:29:46.735+0300][186.827s][info ][gc] GC(4015) Pause Young (Normal) (G1 Evacuation Pause) 14M->4M(256M) 2.078ms
[2025-03-05T02:29:46.778+0300][186.870s][info ][gc] GC(4016) Pause Young (Normal) (G1 Evacuation Pause) 14M->3M(256M) 1.340ms
[2025-03-05T02:29:46.824+0300][186.917s][info ][gc] GC(4017) Pause Young (Normal) (G1 Evacuation Pause) 14M->4M(256M) 1.848ms
[2025-03-05T02:29:46.866+0300][186.958s][info ][gc] GC(4018) Pause Young (Normal) (G1 Evacuation Pause) 14M->3M(256M) 1.244ms
[2025-03-05T02:29:46.912+0300][187.004s][info ][gc] GC(4019) Pause Young (Normal) (G1 Evacuation Pause) 14M->4M(256M) 1.796ms
[2025-03-05T02:29:46.956+0300][187.048s][info ][gc] GC(4020) Pause Young (Normal) (G1 Evacuation Pause) 14M->3M(256M) 1.418ms
[2025-03-05T02:29:47.003+0300][187.095s][info ][gc] GC(4021) Pause Young (Normal) (G1 Evacuation Pause) 14M->4M(256M) 1.939ms
[2025-03-05T02:29:47.045+0300][187.137s][info ][gc] GC(4022) Pause Young (Normal) (G1 Evacuation Pause) 14M->3M(256M) 1.411ms
[2025-03-05T02:29:47.092+0300][187.184s][info ][gc] GC(4023) Pause Young (Normal) (G1 Evacuation Pause) 14M->4M(256M) 1.963ms
[2025-03-05T02:29:47.133+0300][187.226s][info ][gc] GC(4024) Pause Young (Normal) (G1 Evacuation Pause) 14M->3M(256M) 1.402ms
[2025-03-05T02:29:47.179+0300][187.271s][info ][gc] GC(4025) Pause Young (Normal) (G1 Evacuation Pause) 14M->4M(256M) 1.945ms
[2025-03-05T02:29:47.222+0300][187.314s][info ][gc] GC(4026) Pause Young (Normal) (G1 Evacuation Pause) 14M->3M(256M) 1.219ms
[2025-03-05T02:29:47.269+0300][187.361s][info ][gc] GC(4027) Pause Young (Normal) (G1 Evacuation Pause) 14M->4M(256M) 1.972ms
[2025-03-05T02:29:47.311+0300][187.403s][info ][gc] GC(4028) Pause Young (Normal) (G1 Evacuation Pause) 14M->3M(256M) 1.473ms
[2025-03-05T02:29:47.357+0300][187.449s][info ][gc] GC(4029) Pause Young (Normal) (G1 Evacuation Pause) 14M->4M(256M) 1.974ms
[2025-03-05T02:29:47.398+0300][187.490s][info ][gc] GC(4030) Pause Young (Normal) (G1 Evacuation Pause) 14M->3M(256M) 1.643ms
[2025-03-05T02:29:47.445+0300][187.537s][info ][gc] GC(4031) Pause Young (Normal) (G1 Evacuation Pause) 14M->2M(256M) 0.749ms
[2025-03-05T02:29:47.491+0300][187.583s][info ][gc] GC(4032) Pause Young (Normal) (G1 Evacuation Pause) 13M->3M(256M) 1.479ms
[2025-03-05T02:29:47.536+0300][187.628s][info ][gc] GC(4033) Pause Young (Normal) (G1 Evacuation Pause) 14M->2M(256M) 0.938ms
[2025-03-05T02:29:47.582+0300][187.674s][info ][gc] GC(4034) Pause Young (Normal) (G1 Evacuation Pause) 13M->3M(256M) 1.509ms
[2025-03-05T02:29:47.628+0300][187.720s][info ][gc] GC(4035) Pause Young (Normal) (G1 Evacuation Pause) 14M->2M(256M) 0.992ms
[2025-03-05T02:29:47.676+0300][187.768s][info ][gc] GC(4036) Pause Young (Normal) (G1 Evacuation Pause) 13M->3M(256M) 1.623ms
[2025-03-05T02:29:47.717+0300][187.809s][info ][gc] GC(4037) Pause Young (Normal) (G1 Evacuation Pause) 13M->3M(256M) 0.836ms
[2025-03-05T02:29:47.763+0300][187.855s][info ][gc] GC(4038) Pause Young (Normal) (G1 Evacuation Pause) 14M->3M(256M) 1.509ms
[2025-03-05T02:29:47.805+0300][187.896s][info ][gc] GC(4039) Pause Young (Normal) (G1 Evacuation Pause) 13M->3M(256M) 0.757ms
[2025-03-05T02:29:47.850+0300][187.942s][info ][gc] GC(4040) Pause Young (Normal) (G1 Evacuation Pause) 14M->3M(256M) 1.685ms
[2025-03-05T02:29:47.891+0300][187.984s][info ][gc] GC(4041) Pause Young (Normal) (G1 Evacuation Pause) 13M->3M(256M) 0.973ms
[2025-03-05T02:29:47.939+0300][188.031s][info ][gc] GC(4042) Pause Young (Normal) (G1 Evacuation Pause) 14M->3M(256M) 1.568ms
[2025-03-05T02:29:47.981+0300][188.073s][info ][gc] GC(4043) Pause Young (Normal) (G1 Evacuation Pause) 13M->3M(256M) 0.922ms
[2025-03-05T02:29:48.027+0300][188.119s][info ][gc] GC(4044) Pause Young (Normal) (G1 Evacuation Pause) 14M->3M(256M) 1.469ms
[2025-03-05T02:29:48.068+0300][188.161s][info ][gc] GC(4045) Pause Young (Normal) (G1 Evacuation Pause) 13M->3M(256M) 1.019ms
[2025-03-05T02:29:48.115+0300][188.208s][info ][gc] GC(4046) Pause Young (Normal) (G1 Evacuation Pause) 14M->3M(256M) 1.737ms
[2025-03-05T02:29:48.157+0300][188.249s][info ][gc] GC(4047) Pause Young (Normal) (G1 Evacuation Pause) 13M->3M(256M) 0.892ms
[2025-03-05T02:29:48.204+0300][188.296s][info ][gc] GC(4048) Pause Young (Normal) (G1 Evacuation Pause) 14M->3M(256M) 1.819ms
[2025-03-05T02:29:48.246+0300][188.338s][info ][gc] GC(4049) Pause Young (Normal) (G1 Evacuation Pause) 13M->3M(256M) 0.907ms
[2025-03-05T02:29:48.293+0300][188.385s][info ][gc] GC(4050) Pause Young (Normal) (G1 Evacuation Pause) 14M->4M(256M) 1.705ms
[2025-03-05T02:29:48.337+0300][188.429s][info ][gc] GC(4051) Pause Young (Normal) (G1 Evacuation Pause) 14M->3M(256M) 0.961ms
[2025-03-05T02:29:48.383+0300][188.475s][info ][gc] GC(4052) Pause Young (Normal) (G1 Evacuation Pause) 14M->4M(256M) 1.767ms
[2025-03-05T02:29:48.427+0300][188.519s][info ][gc] GC(4053) Pause Young (Normal) (G1 Evacuation Pause) 14M->3M(256M) 1.137ms
[2025-03-05T02:29:48.473+0300][188.565s][info ][gc] GC(4054) Pause Young (Normal) (G1 Evacuation Pause) 14M->4M(256M) 1.825ms
[2025-03-05T02:29:48.516+0300][188.608s][info ][gc] GC(4055) Pause Young (Normal) (G1 Evacuation Pause) 14M->3M(256M) 1.228ms
[2025-03-05T02:29:48.567+0300][188.659s][info ][gc] GC(4056) Pause Young (Normal) (G1 Evacuation Pause) 14M->4M(256M) 1.683ms
[2025-03-05T02:29:48.615+0300][188.707s][info ][gc] GC(4057) Pause Young (Normal) (G1 Evacuation Pause) 14M->3M(256M) 1.174ms
[2025-03-05T02:29:48.665+0300][188.756s][info ][gc] GC(4058) Pause Young (Normal) (G1 Evacuation Pause) 14M->4M(256M) 1.931ms
[2025-03-05T02:29:48.707+0300][188.799s][info ][gc] GC(4059) Pause Young (Normal) (G1 Evacuation Pause) 14M->3M(256M) 1.293ms
[2025-03-05T02:29:48.756+0300][188.848s][info ][gc] GC(4060) Pause Young (Normal) (G1 Evacuation Pause) 14M->4M(256M) 1.995ms
[2025-03-05T02:29:48.800+0300][188.892s][info ][gc] GC(4061) Pause Young (Normal) (G1 Evacuation Pause) 14M->3M(256M) 1.088ms
[2025-03-05T02:29:48.848+0300][188.941s][info ][gc] GC(4062) Pause Young (Normal) (G1 Evacuation Pause) 14M->4M(256M) 1.666ms
[2025-03-05T02:29:48.892+0300][188.984s][info ][gc] GC(4063) Pause Young (Normal) (G1 Evacuation Pause) 14M->3M(256M) 1.268ms
[2025-03-05T02:29:48.945+0300][189.037s][info ][gc] GC(4064) Pause Young (Normal) (G1 Evacuation Pause) 14M->4M(256M) 2.268ms
[2025-03-05T02:29:48.991+0300][189.083s][info ][gc] GC(4065) Pause Young (Normal) (G1 Evacuation Pause) 14M->3M(256M) 1.331ms
[2025-03-05T02:29:49.038+0300][189.130s][info ][gc] GC(4066) Pause Young (Normal) (G1 Evacuation Pause) 14M->4M(256M) 1.796ms
[2025-03-05T02:29:49.080+0300][189.172s][info ][gc] GC(4067) Pause Young (Normal) (G1 Evacuation Pause) 14M->3M(256M) 1.336ms
[2025-03-05T02:29:49.125+0300][189.218s][info ][gc] GC(4068) Pause Young (Normal) (G1 Evacuation Pause) 14M->4M(256M) 1.844ms
[2025-03-05T02:29:49.167+0300][189.259s][info ][gc] GC(4069) Pause Young (Normal) (G1 Evacuation Pause) 14M->3M(256M) 1.272ms
[2025-03-05T02:29:49.216+0300][189.308s][info ][gc] GC(4070) Pause Young (Normal) (G1 Evacuation Pause) 14M->4M(256M) 2.225ms
[2025-03-05T02:29:49.259+0300][189.350s][info ][gc] GC(4071) Pause Young (Normal) (G1 Evacuation Pause) 14M->3M(256M) 1.453ms
[2025-03-05T02:29:49.304+0300][189.396s][info ][gc] GC(4072) Pause Young (Normal) (G1 Evacuation Pause) 14M->4M(256M) 1.918ms
[2025-03-05T02:29:49.346+0300][189.438s][info ][gc] GC(4073) Pause Young (Normal) (G1 Evacuation Pause) 14M->3M(256M) 1.348ms
[2025-03-05T02:29:49.393+0300][189.484s][info ][gc] GC(4074) Pause Young (Normal) (G1 Evacuation Pause) 14M->4M(256M) 1.961ms
[2025-03-05T02:29:49.434+0300][189.525s][info ][gc] GC(4075) Pause Young (Normal) (G1 Evacuation Pause) 14M->3M(256M) 1.515ms
[2025-03-05T02:29:49.481+0300][189.573s][info ][gc] GC(4076) Pause Young (Normal) (G1 Evacuation Pause) 14M->4M(256M) 1.885ms
[2025-03-05T02:29:49.526+0300][189.619s][info ][gc] GC(4077) Pause Young (Normal) (G1 Evacuation Pause) 14M->3M(256M) 1.467ms
[2025-03-05T02:29:49.578+0300][189.670s][info ][gc] GC(4078) Pause Young (Normal) (G1 Evacuation Pause) 14M->4M(256M) 2.126ms
[2025-03-05T02:29:49.621+0300][189.713s][info ][gc] GC(4079) Pause Young (Normal) (G1 Evacuation Pause) 14M->3M(256M) 1.401ms
[2025-03-05T02:29:49.667+0300][189.759s][info ][gc] GC(4080) Pause Young (Normal) (G1 Evacuation Pause) 14M->2M(256M) 0.616ms
[2025-03-05T02:29:49.714+0300][189.806s][info ][gc] GC(4081) Pause Young (Normal) (G1 Evacuation Pause) 13M->3M(256M) 1.557ms
[2025-03-05T02:29:49.760+0300][189.852s][info ][gc] GC(4082) Pause Young (Normal) (G1 Evacuation Pause) 14M->2M(256M) 0.966ms
[2025-03-05T02:29:49.806+0300][189.898s][info ][gc] GC(4083) Pause Young (Normal) (G1 Evacuation Pause) 13M->3M(256M) 1.351ms
[2025-03-05T02:29:49.850+0300][189.943s][info ][gc] GC(4084) Pause Young (Normal) (G1 Evacuation Pause) 14M->3M(256M) 0.912ms
[2025-03-05T02:29:49.899+0300][189.991s][info ][gc] GC(4085) Pause Young (Normal) (G1 Evacuation Pause) 14M->3M(256M) 1.605ms
[2025-03-05T02:29:49.940+0300][190.033s][info ][gc] GC(4086) Pause Young (Normal) (G1 Evacuation Pause) 13M->3M(256M) 0.991ms
[2025-03-05T02:29:49.988+0300][190.081s][info ][gc] GC(4087) Pause Young (Normal) (G1 Evacuation Pause) 14M->3M(256M) 1.597ms
[2025-03-05T02:29:50.070+0300][190.162s][info ][gc] GC(4088) Pause Young (Normal) (G1 Evacuation Pause) 13M->3M(256M) 1.057ms
[2025-03-05T02:29:50.128+0300][190.220s][info ][gc] GC(4089) Pause Young (Normal) (G1 Evacuation Pause) 14M->3M(256M) 1.898ms
[2025-03-05T02:29:50.172+0300][190.265s][info ][gc] GC(4090) Pause Young (Normal) (G1 Evacuation Pause) 13M->3M(256M) 0.873ms
[2025-03-05T02:29:50.219+0300][190.312s][info ][gc] GC(4091) Pause Young (Normal) (G1 Evacuation Pause) 14M->3M(256M) 1.362ms
[2025-03-05T02:29:50.262+0300][190.354s][info ][gc] GC(4092) Pause Young (Normal) (G1 Evacuation Pause) 13M->3M(256M) 0.957ms
[2025-03-05T02:29:50.308+0300][190.400s][info ][gc] GC(4093) Pause Young (Normal) (G1 Evacuation Pause) 14M->3M(256M) 1.835ms
[2025-03-05T02:29:50.350+0300][190.442s][info ][gc] GC(4094) Pause Young (Normal) (G1 Evacuation Pause) 13M->3M(256M) 1.110ms
[2025-03-05T02:29:50.397+0300][190.489s][info ][gc] GC(4095) Pause Young (Normal) (G1 Evacuation Pause) 14M->3M(256M) 1.448ms
[2025-03-05T02:29:50.438+0300][190.531s][info ][gc] GC(4096) Pause Young (Normal) (G1 Evacuation Pause) 13M->3M(256M) 1.023ms
[2025-03-05T02:29:50.488+0300][190.580s][info ][gc] GC(4097) Pause Young (Normal) (G1 Evacuation Pause) 14M->3M(256M) 1.641ms
[2025-03-05T02:29:50.529+0300][190.621s][info ][gc] GC(4098) Pause Young (Normal) (G1 Evacuation Pause) 13M->3M(256M) 1.052ms
[2025-03-05T02:29:50.577+0300][190.669s][info ][gc] GC(4099) Pause Young (Normal) (G1 Evacuation Pause) 14M->3M(256M) 2.195ms
[2025-03-05T02:29:50.620+0300][190.712s][info ][gc] GC(4100) Pause Young (Normal) (G1 Evacuation Pause) 13M->3M(256M) 1.044ms
[2025-03-05T02:29:50.665+0300][190.758s][info ][gc] GC(4101) Pause Young (Normal) (G1 Evacuation Pause) 14M->4M(256M) 1.699ms
[2025-03-05T02:29:50.709+0300][190.801s][info ][gc] GC(4102) Pause Young (Normal) (G1 Evacuation Pause) 14M->3M(256M) 1.040ms
[2025-03-05T02:29:50.755+0300][190.848s][info ][gc] GC(4103) Pause Young (Normal) (G1 Evacuation Pause) 14M->4M(256M) 2.042ms
[2025-03-05T02:29:50.797+0300][190.890s][info ][gc] GC(4104) Pause Young (Normal) (G1 Evacuation Pause) 14M->3M(256M) 1.254ms
[2025-03-05T02:29:50.845+0300][190.937s][info ][gc] GC(4105) Pause Young (Normal) (G1 Evacuation Pause) 14M->4M(256M) 1.904ms
[2025-03-05T02:29:50.886+0300][190.979s][info ][gc] GC(4106) Pause Young (Normal) (G1 Evacuation Pause) 14M->3M(256M) 1.020ms
[2025-03-05T02:29:50.933+0300][191.026s][info ][gc] GC(4107) Pause Young (Normal) (G1 Evacuation Pause) 14M->4M(256M) 2.022ms
[2025-03-05T02:29:50.979+0300][191.071s][info ][gc] GC(4108) Pause Young (Normal) (G1 Evacuation Pause) 14M->3M(256M) 1.178ms
[2025-03-05T02:29:51.025+0300][191.118s][info ][gc] GC(4109) Pause Young (Normal) (G1 Evacuation Pause) 14M->4M(256M) 1.828ms
[2025-03-05T02:29:51.068+0300][191.160s][info ][gc] GC(4110) Pause Young (Normal) (G1 Evacuation Pause) 14M->3M(256M) 1.128ms
[2025-03-05T02:29:51.114+0300][191.206s][info ][gc] GC(4111) Pause Young (Normal) (G1 Evacuation Pause) 14M->4M(256M) 2.104ms
[2025-03-05T02:29:51.157+0300][191.249s][info ][gc] GC(4112) Pause Young (Normal) (G1 Evacuation Pause) 14M->3M(256M) 1.286ms
[2025-03-05T02:29:51.202+0300][191.295s][info ][gc] GC(4113) Pause Young (Normal) (G1 Evacuation Pause) 14M->4M(256M) 1.997ms
[2025-03-05T02:29:51.245+0300][191.337s][info ][gc] GC(4114) Pause Young (Normal) (G1 Evacuation Pause) 14M->3M(256M) 1.181ms
[2025-03-05T02:29:51.290+0300][191.383s][info ][gc] GC(4115) Pause Young (Normal) (G1 Evacuation Pause) 14M->4M(256M) 1.813ms
[2025-03-05T02:29:51.333+0300][191.425s][info ][gc] GC(4116) Pause Young (Normal) (G1 Evacuation Pause) 14M->3M(256M) 1.362ms
[2025-03-05T02:29:51.379+0300][191.471s][info ][gc] GC(4117) Pause Young (Normal) (G1 Evacuation Pause) 14M->4M(256M) 1.747ms
[2025-03-05T02:29:51.420+0300][191.512s][info ][gc] GC(4118) Pause Young (Normal) (G1 Evacuation Pause) 14M->3M(256M) 1.124ms
[2025-03-05T02:29:51.467+0300][191.559s][info ][gc] GC(4119) Pause Young (Normal) (G1 Evacuation Pause) 14M->4M(256M) 1.881ms
[2025-03-05T02:29:51.510+0300][191.602s][info ][gc] GC(4120) Pause Young (Normal) (G1 Evacuation Pause) 14M->3M(256M) 1.388ms
[2025-03-05T02:29:51.557+0300][191.649s][info ][gc] GC(4121) Pause Young (Normal) (G1 Evacuation Pause) 14M->4M(256M) 1.740ms
[2025-03-05T02:29:51.598+0300][191.690s][info ][gc] GC(4122) Pause Young (Normal) (G1 Evacuation Pause) 14M->3M(256M) 1.406ms
[2025-03-05T02:29:51.644+0300][191.737s][info ][gc] GC(4123) Pause Young (Normal) (G1 Evacuation Pause) 14M->4M(256M) 2.494ms
[2025-03-05T02:29:51.688+0300][191.780s][info ][gc] GC(4124) Pause Young (Normal) (G1 Evacuation Pause) 14M->3M(256M) 1.304ms
[2025-03-05T02:29:51.734+0300][191.826s][info ][gc] GC(4125) Pause Young (Normal) (G1 Evacuation Pause) 14M->4M(256M) 1.899ms
[2025-03-05T02:29:51.776+0300][191.868s][info ][gc] GC(4126) Pause Young (Normal) (G1 Evacuation Pause) 14M->3M(256M) 1.379ms
[2025-03-05T02:29:51.821+0300][191.913s][info ][gc] GC(4127) Pause Young (Normal) (G1 Evacuation Pause) 14M->4M(256M) 1.778ms
[2025-03-05T02:29:51.863+0300][191.955s][info ][gc] GC(4128) Pause Young (Normal) (G1 Evacuation Pause) 14M->3M(256M) 1.519ms
[2025-03-05T02:29:51.908+0300][192.001s][info ][gc] GC(4129) Pause Young (Normal) (G1 Evacuation Pause) 14M->2M(256M) 0.696ms
[2025-03-05T02:29:51.955+0300][192.047s][info ][gc] GC(4130) Pause Young (Normal) (G1 Evacuation Pause) 13M->3M(256M) 1.521ms
[2025-03-05T02:29:52.000+0300][192.092s][info ][gc] GC(4131) Pause Young (Normal) (G1 Evacuation Pause) 14M->2M(256M) 0.905ms
[2025-03-05T02:29:52.046+0300][192.138s][info ][gc] GC(4132) Pause Young (Normal) (G1 Evacuation Pause) 13M->3M(256M) 1.765ms
[2025-03-05T02:29:52.091+0300][192.184s][info ][gc] GC(4133) Pause Young (Normal) (G1 Evacuation Pause) 14M->2M(256M) 0.964ms
[2025-03-05T02:29:52.138+0300][192.230s][info ][gc] GC(4134) Pause Young (Normal) (G1 Evacuation Pause) 13M->3M(256M) 1.632ms
[2025-03-05T02:29:52.182+0300][192.274s][info ][gc] GC(4135) Pause Young (Normal) (G1 Evacuation Pause) 13M->3M(256M) 0.819ms
[2025-03-05T02:29:52.238+0300][192.330s][info ][gc] GC(4136) Pause Young (Normal) (G1 Evacuation Pause) 14M->3M(256M) 1.435ms
[2025-03-05T02:29:52.286+0300][192.378s][info ][gc] GC(4137) Pause Young (Normal) (G1 Evacuation Pause) 13M->3M(256M) 0.890ms
[2025-03-05T02:29:52.331+0300][192.424s][info ][gc] GC(4138) Pause Young (Normal) (G1 Evacuation Pause) 14M->3M(256M) 1.892ms
[2025-03-05T02:29:52.375+0300][192.467s][info ][gc] GC(4139) Pause Young (Normal) (G1 Evacuation Pause) 13M->3M(256M) 0.754ms
[2025-03-05T02:29:52.422+0300][192.514s][info ][gc] GC(4140) Pause Young (Normal) (G1 Evacuation Pause) 14M->3M(256M) 1.599ms
[2025-03-05T02:29:52.463+0300][192.555s][info ][gc] GC(4141) Pause Young (Normal) (G1 Evacuation Pause) 13M->3M(256M) 1.053ms
[2025-03-05T02:29:52.544+0300][192.636s][info ][gc] GC(4142) Pause Young (Normal) (G1 Evacuation Pause) 14M->3M(256M) 2.289ms
[2025-03-05T02:29:52.599+0300][192.691s][info ][gc] GC(4143) Pause Young (Normal) (G1 Evacuation Pause) 13M->3M(256M) 0.622ms
[2025-03-05T02:29:52.650+0300][192.741s][info ][gc] GC(4144) Pause Young (Normal) (G1 Evacuation Pause) 14M->3M(256M) 1.478ms
[2025-03-05T02:29:52.692+0300][192.785s][info ][gc] GC(4145) Pause Young (Normal) (G1 Evacuation Pause) 13M->3M(256M) 0.914ms
[2025-03-05T02:29:52.760+0300][192.852s][info ][gc] GC(4146) Pause Young (Normal) (G1 Evacuation Pause) 14M->3M(256M) 1.352ms
[2025-03-05T02:29:52.807+0300][192.899s][info ][gc] GC(4147) Pause Young (Normal) (G1 Evacuation Pause) 13M->3M(256M) 0.823ms
[2025-03-05T02:29:52.905+0300][192.997s][info ][gc] GC(4148) Pause Young (Normal) (G1 Evacuation Pause) 14M->4M(256M) 2.042ms
[2025-03-05T02:29:52.961+0300][193.053s][info ][gc] GC(4149) Pause Young (Normal) (G1 Evacuation Pause) 14M->3M(256M) 1.110ms
[2025-03-05T02:29:53.020+0300][193.111s][info ][gc] GC(4150) Pause Young (Normal) (G1 Evacuation Pause) 15M->4M(256M) 1.875ms
[2025-03-05T02:29:53.077+0300][193.170s][info ][gc] GC(4151) Pause Young (Normal) (G1 Evacuation Pause) 16M->3M(256M) 1.752ms
[2025-03-05T02:29:53.126+0300][193.218s][info ][gc] GC(4152) Pause Young (Normal) (G1 Evacuation Pause) 14M->4M(256M) 1.834ms
[2025-03-05T02:29:53.172+0300][193.264s][info ][gc] GC(4153) Pause Young (Normal) (G1 Evacuation Pause) 14M->3M(256M) 0.996ms
[2025-03-05T02:29:53.220+0300][193.313s][info ][gc] GC(4154) Pause Young (Normal) (G1 Evacuation Pause) 14M->4M(256M) 1.809ms
[2025-03-05T02:29:53.271+0300][193.363s][info ][gc] GC(4155) Pause Young (Normal) (G1 Evacuation Pause) 14M->3M(256M) 1.412ms
[2025-03-05T02:29:53.323+0300][193.416s][info ][gc] GC(4156) Pause Young (Normal) (G1 Evacuation Pause) 14M->4M(256M) 1.936ms
[2025-03-05T02:29:53.372+0300][193.463s][info ][gc] GC(4157) Pause Young (Normal) (G1 Evacuation Pause) 14M->3M(256M) 1.066ms
[2025-03-05T02:29:53.419+0300][193.512s][info ][gc] GC(4158) Pause Young (Normal) (G1 Evacuation Pause) 14M->4M(256M) 1.672ms
[2025-03-05T02:29:53.463+0300][193.555s][info ][gc] GC(4159) Pause Young (Normal) (G1 Evacuation Pause) 14M->3M(256M) 1.176ms
[2025-03-05T02:29:53.510+0300][193.602s][info ][gc] GC(4160) Pause Young (Normal) (G1 Evacuation Pause) 14M->2M(256M) 0.496ms
[2025-03-05T02:29:53.565+0300][193.657s][info ][gc] GC(4161) Pause Young (Normal) (G1 Evacuation Pause) 13M->3M(256M) 1.562ms
[2025-03-05T02:29:53.614+0300][193.706s][info ][gc] GC(4162) Pause Young (Normal) (G1 Evacuation Pause) 14M->2M(256M) 0.530ms
[2025-03-05T02:29:53.665+0300][193.757s][info ][gc] GC(4163) Pause Young (Normal) (G1 Evacuation Pause) 13M->3M(256M) 1.767ms
[2025-03-05T02:29:53.713+0300][193.806s][info ][gc] GC(4164) Pause Young (Normal) (G1 Evacuation Pause) 14M->2M(256M) 0.798ms
[2025-03-05T02:29:53.763+0300][193.856s][info ][gc] GC(4165) Pause Young (Normal) (G1 Evacuation Pause) 13M->3M(256M) 1.613ms
[2025-03-05T02:29:53.808+0300][193.900s][info ][gc] GC(4166) Pause Young (Normal) (G1 Evacuation Pause) 13M->3M(256M) 0.884ms
[2025-03-05T02:29:53.860+0300][193.951s][info ][gc] GC(4167) Pause Young (Normal) (G1 Evacuation Pause) 14M->3M(256M) 1.570ms
[2025-03-05T02:29:53.903+0300][193.995s][info ][gc] GC(4168) Pause Young (Normal) (G1 Evacuation Pause) 13M->3M(256M) 0.739ms
[2025-03-05T02:29:53.971+0300][194.064s][info ][gc] GC(4169) Pause Young (Normal) (G1 Evacuation Pause) 14M->3M(256M) 1.474ms
[2025-03-05T02:29:54.019+0300][194.111s][info ][gc] GC(4170) Pause Young (Normal) (G1 Evacuation Pause) 13M->3M(256M) 0.793ms
[2025-03-05T02:29:54.070+0300][194.162s][info ][gc] GC(4171) Pause Young (Normal) (G1 Evacuation Pause) 14M->3M(256M) 1.540ms
[2025-03-05T02:29:54.118+0300][194.210s][info ][gc] GC(4172) Pause Young (Normal) (G1 Evacuation Pause) 13M->3M(256M) 0.951ms
[2025-03-05T02:29:54.196+0300][194.288s][info ][gc] GC(4173) Pause Young (Normal) (G1 Evacuation Pause) 14M->3M(256M) 1.816ms
[2025-03-05T02:29:54.277+0300][194.370s][info ][gc] GC(4174) Pause Young (Normal) (G1 Evacuation Pause) 13M->3M(256M) 0.881ms
[2025-03-05T02:29:54.325+0300][194.418s][info ][gc] GC(4175) Pause Young (Normal) (G1 Evacuation Pause) 14M->3M(256M) 1.225ms
[2025-03-05T02:29:54.368+0300][194.459s][info ][gc] GC(4176) Pause Young (Normal) (G1 Evacuation Pause) 13M->3M(256M) 0.797ms
[2025-03-05T02:29:54.418+0300][194.509s][info ][gc] GC(4177) Pause Young (Normal) (G1 Evacuation Pause) 14M->4M(256M) 1.272ms
[2025-03-05T02:29:54.463+0300][194.555s][info ][gc] GC(4178) Pause Young (Normal) (G1 Evacuation Pause) 14M->3M(256M) 0.866ms
[2025-03-05T02:29:54.517+0300][194.608s][info ][gc] GC(4179) Pause Young (Normal) (G1 Evacuation Pause) 14M->4M(256M) 2.132ms
[2025-03-05T02:29:54.563+0300][194.656s][info ][gc] GC(4180) Pause Young (Normal) (G1 Evacuation Pause) 14M->3M(256M) 0.802ms
[2025-03-05T02:29:54.614+0300][194.706s][info ][gc] GC(4181) Pause Young (Normal) (G1 Evacuation Pause) 14M->4M(256M) 1.806ms
[2025-03-05T02:29:54.658+0300][194.750s][info ][gc] GC(4182) Pause Young (Normal) (G1 Evacuation Pause) 14M->3M(256M) 1.161ms
[2025-03-05T02:29:54.714+0300][194.805s][info ][gc] GC(4183) Pause Young (Normal) (G1 Evacuation Pause) 14M->4M(256M) 1.976ms
[2025-03-05T02:29:54.758+0300][194.851s][info ][gc] GC(4184) Pause Young (Normal) (G1 Evacuation Pause) 14M->3M(256M) 0.974ms
[2025-03-05T02:29:54.815+0300][194.906s][info ][gc] GC(4185) Pause Young (Normal) (G1 Evacuation Pause) 14M->4M(256M) 2.115ms
[2025-03-05T02:29:54.871+0300][194.963s][info ][gc] GC(4186) Pause Young (Normal) (G1 Evacuation Pause) 14M->3M(256M) 1.284ms
[2025-03-05T02:29:54.933+0300][195.026s][info ][gc] GC(4187) Pause Young (Normal) (G1 Evacuation Pause) 14M->4M(256M) 1.937ms
[2025-03-05T02:29:54.982+0300][195.074s][info ][gc] GC(4188) Pause Young (Normal) (G1 Evacuation Pause) 14M->3M(256M) 0.939ms
[2025-03-05T02:29:55.034+0300][195.126s][info ][gc] GC(4189) Pause Young (Normal) (G1 Evacuation Pause) 14M->4M(256M) 1.861ms
[2025-03-05T02:29:55.080+0300][195.171s][info ][gc] GC(4190) Pause Young (Normal) (G1 Evacuation Pause) 14M->3M(256M) 1.228ms
[2025-03-05T02:29:55.129+0300][195.221s][info ][gc] GC(4191) Pause Young (Normal) (G1 Evacuation Pause) 14M->4M(256M) 1.739ms
[2025-03-05T02:29:55.173+0300][195.265s][info ][gc] GC(4192) Pause Young (Normal) (G1 Evacuation Pause) 14M->3M(256M) 1.295ms
[2025-03-05T02:29:55.232+0300][195.324s][info ][gc] GC(4193) Pause Young (Normal) (G1 Evacuation Pause) 14M->4M(256M) 1.843ms
[2025-03-05T02:29:55.281+0300][195.372s][info ][gc] GC(4194) Pause Young (Normal) (G1 Evacuation Pause) 14M->3M(256M) 1.042ms
[2025-03-05T02:29:55.330+0300][195.421s][info ][gc] GC(4195) Pause Young (Normal) (G1 Evacuation Pause) 14M->4M(256M) 1.565ms
[2025-03-05T02:29:55.372+0300][195.464s][info ][gc] GC(4196) Pause Young (Normal) (G1 Evacuation Pause) 14M->3M(256M) 0.939ms
[2025-03-05T02:29:55.420+0300][195.512s][info ][gc] GC(4197) Pause Young (Normal) (G1 Evacuation Pause) 14M->4M(256M) 1.685ms
[2025-03-05T02:29:55.465+0300][195.557s][info ][gc] GC(4198) Pause Young (Normal) (G1 Evacuation Pause) 14M->3M(256M) 1.362ms
[2025-03-05T02:29:55.519+0300][195.611s][info ][gc] GC(4199) Pause Young (Normal) (G1 Evacuation Pause) 14M->4M(256M) 2.113ms
[2025-03-05T02:29:55.569+0300][195.662s][info ][gc] GC(4200) Pause Young (Normal) (G1 Evacuation Pause) 14M->3M(256M) 1.171ms
[2025-03-05T02:29:55.620+0300][195.713s][info ][gc] GC(4201) Pause Young (Normal) (G1 Evacuation Pause) 14M->4M(256M) 1.602ms
[2025-03-05T02:29:55.668+0300][195.759s][info ][gc] GC(4202) Pause Young (Normal) (G1 Evacuation Pause) 14M->3M(256M) 1.140ms
[2025-03-05T02:29:55.719+0300][195.811s][info ][gc] GC(4203) Pause Young (Normal) (G1 Evacuation Pause) 14M->4M(256M) 1.857ms
[2025-03-05T02:29:55.773+0300][195.865s][info ][gc] GC(4204) Pause Young (Normal) (G1 Evacuation Pause) 14M->3M(256M) 1.512ms
[2025-03-05T02:29:55.826+0300][195.918s][info ][gc] GC(4205) Pause Young (Normal) (G1 Evacuation Pause) 14M->4M(256M) 1.698ms
[2025-03-05T02:29:55.872+0300][195.964s][info ][gc] GC(4206) Pause Young (Normal) (G1 Evacuation Pause) 14M->3M(256M) 1.272ms
[2025-03-05T02:29:55.924+0300][196.015s][info ][gc] GC(4207) Pause Young (Normal) (G1 Evacuation Pause) 14M->4M(256M) 1.784ms
[2025-03-05T02:29:55.976+0300][196.068s][info ][gc] GC(4208) Pause Young (Normal) (G1 Evacuation Pause) 14M->3M(256M) 1.636ms
[2025-03-05T02:29:56.029+0300][196.121s][info ][gc] GC(4209) Pause Young (Normal) (G1 Evacuation Pause) 14M->2M(256M) 0.519ms
[2025-03-05T02:29:56.084+0300][196.177s][info ][gc] GC(4210) Pause Young (Normal) (G1 Evacuation Pause) 13M->3M(256M) 1.930ms
[2025-03-05T02:29:56.135+0300][196.227s][info ][gc] GC(4211) Pause Young (Normal) (G1 Evacuation Pause) 14M->2M(256M) 0.508ms
[2025-03-05T02:29:56.185+0300][196.276s][info ][gc] GC(4212) Pause Young (Normal) (G1 Evacuation Pause) 13M->3M(256M) 1.307ms
[2025-03-05T02:29:56.237+0300][196.329s][info ][gc] GC(4213) Pause Young (Normal) (G1 Evacuation Pause) 14M->3M(256M) 0.545ms
[2025-03-05T02:29:56.291+0300][196.383s][info ][gc] GC(4214) Pause Young (Normal) (G1 Evacuation Pause) 14M->3M(256M) 1.781ms
[2025-03-05T02:29:56.337+0300][196.428s][info ][gc] GC(4215) Pause Young (Normal) (G1 Evacuation Pause) 13M->3M(256M) 0.602ms
[2025-03-05T02:29:56.387+0300][196.479s][info ][gc] GC(4216) Pause Young (Normal) (G1 Evacuation Pause) 14M->3M(256M) 1.831ms
[2025-03-05T02:29:56.429+0300][196.521s][info ][gc] GC(4217) Pause Young (Normal) (G1 Evacuation Pause) 13M->3M(256M) 0.659ms
[2025-03-05T02:29:56.475+0300][196.567s][info ][gc] GC(4218) Pause Young (Normal) (G1 Evacuation Pause) 14M->3M(256M) 1.429ms
[2025-03-05T02:29:56.519+0300][196.611s][info ][gc] GC(4219) Pause Young (Normal) (G1 Evacuation Pause) 13M->3M(256M) 0.860ms
[2025-03-05T02:29:56.569+0300][196.662s][info ][gc] GC(4220) Pause Young (Normal) (G1 Evacuation Pause) 14M->3M(256M) 1.972ms
[2025-03-05T02:29:56.628+0300][196.719s][info ][gc] GC(4221) Pause Young (Normal) (G1 Evacuation Pause) 13M->3M(256M) 0.886ms
[2025-03-05T02:29:56.681+0300][196.773s][info ][gc] GC(4222) Pause Young (Normal) (G1 Evacuation Pause) 14M->3M(256M) 1.260ms
[2025-03-05T02:29:56.732+0300][196.824s][info ][gc] GC(4223) Pause Young (Normal) (G1 Evacuation Pause) 13M->3M(256M) 0.948ms
[2025-03-05T02:29:56.786+0300][196.878s][info ][gc] GC(4224) Pause Young (Normal) (G1 Evacuation Pause) 14M->3M(256M) 2.237ms
[2025-03-05T02:29:56.828+0300][196.921s][info ][gc] GC(4225) Pause Young (Normal) (G1 Evacuation Pause) 13M->3M(256M) 0.604ms
[2025-03-05T02:29:56.876+0300][196.968s][info ][gc] GC(4226) Pause Young (Normal) (G1 Evacuation Pause) 14M->3M(256M) 1.615ms
[2025-03-05T02:29:56.918+0300][197.010s][info ][gc] GC(4227) Pause Young (Normal) (G1 Evacuation Pause) 13M->3M(256M) 1.137ms
[2025-03-05T02:29:56.962+0300][197.055s][info ][gc] GC(4228) Pause Young (Normal) (G1 Evacuation Pause) 14M->4M(256M) 1.730ms
[2025-03-05T02:29:57.005+0300][197.097s][info ][gc] GC(4229) Pause Young (Normal) (G1 Evacuation Pause) 14M->3M(256M) 1.044ms
[2025-03-05T02:29:57.051+0300][197.143s][info ][gc] GC(4230) Pause Young (Normal) (G1 Evacuation Pause) 14M->4M(256M) 1.814ms
[2025-03-05T02:29:57.091+0300][197.183s][info ][gc] GC(4231) Pause Young (Normal) (G1 Evacuation Pause) 14M->3M(256M) 1.177ms
[2025-03-05T02:29:57.136+0300][197.228s][info ][gc] GC(4232) Pause Young (Normal) (G1 Evacuation Pause) 14M->4M(256M) 1.748ms
[2025-03-05T02:29:57.183+0300][197.276s][info ][gc] GC(4233) Pause Young (Normal) (G1 Evacuation Pause) 14M->3M(256M) 1.361ms
[2025-03-05T02:29:57.243+0300][197.335s][info ][gc] GC(4234) Pause Young (Normal) (G1 Evacuation Pause) 14M->4M(256M) 2.029ms
[2025-03-05T02:29:57.294+0300][197.387s][info ][gc] GC(4235) Pause Young (Normal) (G1 Evacuation Pause) 14M->3M(256M) 1.192ms
[2025-03-05T02:29:57.351+0300][197.443s][info ][gc] GC(4236) Pause Young (Normal) (G1 Evacuation Pause) 14M->4M(256M) 2.008ms
[2025-03-05T02:29:57.396+0300][197.488s][info ][gc] GC(4237) Pause Young (Normal) (G1 Evacuation Pause) 14M->3M(256M) 0.954ms
[2025-03-05T02:29:57.449+0300][197.541s][info ][gc] GC(4238) Pause Young (Normal) (G1 Evacuation Pause) 14M->4M(256M) 1.954ms
[2025-03-05T02:29:57.497+0300][197.589s][info ][gc] GC(4239) Pause Young (Normal) (G1 Evacuation Pause) 14M->3M(256M) 1.576ms
[2025-03-05T02:29:57.554+0300][197.646s][info ][gc] GC(4240) Pause Young (Normal) (G1 Evacuation Pause) 14M->4M(256M) 2.214ms
[2025-03-05T02:29:57.599+0300][197.691s][info ][gc] GC(4241) Pause Young (Normal) (G1 Evacuation Pause) 14M->3M(256M) 1.141ms
[2025-03-05T02:29:57.649+0300][197.741s][info ][gc] GC(4242) Pause Young (Normal) (G1 Evacuation Pause) 14M->4M(256M) 1.621ms
[2025-03-05T02:29:57.700+0300][197.792s][info ][gc] GC(4243) Pause Young (Normal) (G1 Evacuation Pause) 14M->3M(256M) 0.981ms
[2025-03-05T02:29:57.752+0300][197.844s][info ][gc] GC(4244) Pause Young (Normal) (G1 Evacuation Pause) 14M->4M(256M) 1.678ms
[2025-03-05T02:29:57.796+0300][197.888s][info ][gc] GC(4245) Pause Young (Normal) (G1 Evacuation Pause) 14M->3M(256M) 0.936ms
[2025-03-05T02:29:57.844+0300][197.936s][info ][gc] GC(4246) Pause Young (Normal) (G1 Evacuation Pause) 14M->4M(256M) 1.948ms
[2025-03-05T02:29:57.891+0300][197.983s][info ][gc] GC(4247) Pause Young (Normal) (G1 Evacuation Pause) 14M->3M(256M) 1.191ms
[2025-03-05T02:29:57.944+0300][198.036s][info ][gc] GC(4248) Pause Young (Normal) (G1 Evacuation Pause) 14M->4M(256M) 2.588ms
[2025-03-05T02:29:57.990+0300][198.082s][info ][gc] GC(4249) Pause Young (Normal) (G1 Evacuation Pause) 14M->3M(256M) 1.296ms
[2025-03-05T02:29:58.044+0300][198.137s][info ][gc] GC(4250) Pause Young (Normal) (G1 Evacuation Pause) 14M->4M(256M) 2.718ms
[2025-03-05T02:29:58.095+0300][198.186s][info ][gc] GC(4251) Pause Young (Normal) (G1 Evacuation Pause) 14M->3M(256M) 1.312ms
[2025-03-05T02:29:58.145+0300][198.238s][info ][gc] GC(4252) Pause Young (Normal) (G1 Evacuation Pause) 14M->4M(256M) 2.835ms
[2025-03-05T02:29:58.199+0300][198.291s][info ][gc] GC(4253) Pause Young (Normal) (G1 Evacuation Pause) 14M->3M(256M) 1.259ms
[2025-03-05T02:29:58.252+0300][198.343s][info ][gc] GC(4254) Pause Young (Normal) (G1 Evacuation Pause) 14M->4M(256M) 1.687ms
[2025-03-05T02:29:58.297+0300][198.389s][info ][gc] GC(4255) Pause Young (Normal) (G1 Evacuation Pause) 14M->3M(256M) 1.255ms
[2025-03-05T02:29:58.345+0300][198.437s][info ][gc] GC(4256) Pause Young (Normal) (G1 Evacuation Pause) 14M->4M(256M) 2.827ms
[2025-03-05T02:29:58.393+0300][198.486s][info ][gc] GC(4257) Pause Young (Normal) (G1 Evacuation Pause) 14M->3M(256M) 1.342ms
[2025-03-05T02:29:58.446+0300][198.538s][info ][gc] GC(4258) Pause Young (Normal) (G1 Evacuation Pause) 14M->2M(256M) 0.552ms
[2025-03-05T02:29:58.496+0300][198.588s][info ][gc] GC(4259) Pause Young (Normal) (G1 Evacuation Pause) 13M->3M(256M) 1.954ms
[2025-03-05T02:29:58.547+0300][198.639s][info ][gc] GC(4260) Pause Young (Normal) (G1 Evacuation Pause) 14M->2M(256M) 0.603ms
[2025-03-05T02:29:58.596+0300][198.688s][info ][gc] GC(4261) Pause Young (Normal) (G1 Evacuation Pause) 13M->3M(256M) 1.199ms
[2025-03-05T02:29:58.644+0300][198.736s][info ][gc] GC(4262) Pause Young (Normal) (G1 Evacuation Pause) 14M->2M(256M) 0.908ms
[2025-03-05T02:29:58.694+0300][198.786s][info ][gc] GC(4263) Pause Young (Normal) (G1 Evacuation Pause) 13M->3M(256M) 2.116ms
[2025-03-05T02:29:58.746+0300][198.838s][info ][gc] GC(4264) Pause Young (Normal) (G1 Evacuation Pause) 13M->3M(256M) 0.916ms
[2025-03-05T02:29:58.793+0300][198.885s][info ][gc] GC(4265) Pause Young (Normal) (G1 Evacuation Pause) 14M->3M(256M) 1.490ms
[2025-03-05T02:29:58.834+0300][198.926s][info ][gc] GC(4266) Pause Young (Normal) (G1 Evacuation Pause) 13M->3M(256M) 0.912ms
[2025-03-05T02:29:58.880+0300][198.972s][info ][gc] GC(4267) Pause Young (Normal) (G1 Evacuation Pause) 14M->3M(256M) 1.540ms
[2025-03-05T02:29:58.922+0300][199.014s][info ][gc] GC(4268) Pause Young (Normal) (G1 Evacuation Pause) 13M->3M(256M) 0.947ms
[2025-03-05T02:29:58.970+0300][199.062s][info ][gc] GC(4269) Pause Young (Normal) (G1 Evacuation Pause) 14M->3M(256M) 1.430ms
[2025-03-05T02:29:59.015+0300][199.107s][info ][gc] GC(4270) Pause Young (Normal) (G1 Evacuation Pause) 13M->3M(256M) 0.929ms
[2025-03-05T02:29:59.065+0300][199.157s][info ][gc] GC(4271) Pause Young (Normal) (G1 Evacuation Pause) 14M->3M(256M) 1.871ms
[2025-03-05T02:29:59.108+0300][199.200s][info ][gc] GC(4272) Pause Young (Normal) (G1 Evacuation Pause) 13M->3M(256M) 0.761ms
[2025-03-05T02:29:59.157+0300][199.248s][info ][gc] GC(4273) Pause Young (Normal) (G1 Evacuation Pause) 14M->3M(256M) 1.716ms
[2025-03-05T02:29:59.209+0300][199.301s][info ][gc] GC(4274) Pause Young (Normal) (G1 Evacuation Pause) 13M->3M(256M) 1.098ms
[2025-03-05T02:29:59.256+0300][199.348s][info ][gc] GC(4275) Pause Young (Normal) (G1 Evacuation Pause) 14M->3M(256M) 1.659ms
[2025-03-05T02:29:59.298+0300][199.390s][info ][gc] GC(4276) Pause Young (Normal) (G1 Evacuation Pause) 13M->3M(256M) 0.871ms
[2025-03-05T02:29:59.344+0300][199.436s][info ][gc] GC(4277) Pause Young (Normal) (G1 Evacuation Pause) 14M->4M(256M) 2.226ms
[2025-03-05T02:29:59.387+0300][199.479s][info ][gc] GC(4278) Pause Young (Normal) (G1 Evacuation Pause) 14M->3M(256M) 0.901ms
[2025-03-05T02:29:59.435+0300][199.527s][info ][gc] GC(4279) Pause Young (Normal) (G1 Evacuation Pause) 14M->4M(256M) 1.812ms
[2025-03-05T02:29:59.476+0300][199.568s][info ][gc] GC(4280) Pause Young (Normal) (G1 Evacuation Pause) 14M->3M(256M) 0.993ms
[2025-03-05T02:29:59.523+0300][199.615s][info ][gc] GC(4281) Pause Young (Normal) (G1 Evacuation Pause) 14M->4M(256M) 1.612ms
[2025-03-05T02:29:59.568+0300][199.661s][info ][gc] GC(4282) Pause Young (Normal) (G1 Evacuation Pause) 14M->3M(256M) 1.096ms
[2025-03-05T02:29:59.624+0300][199.716s][info ][gc] GC(4283) Pause Young (Normal) (G1 Evacuation Pause) 14M->4M(256M) 2.336ms
[2025-03-05T02:29:59.672+0300][199.764s][info ][gc] GC(4284) Pause Young (Normal) (G1 Evacuation Pause) 14M->3M(256M) 1.149ms
[2025-03-05T02:29:59.722+0300][199.815s][info ][gc] GC(4285) Pause Young (Normal) (G1 Evacuation Pause) 14M->4M(256M) 1.525ms
[2025-03-05T02:29:59.767+0300][199.859s][info ][gc] GC(4286) Pause Young (Normal) (G1 Evacuation Pause) 14M->3M(256M) 1.257ms
[2025-03-05T02:29:59.816+0300][199.908s][info ][gc] GC(4287) Pause Young (Normal) (G1 Evacuation Pause) 14M->4M(256M) 1.850ms
[2025-03-05T02:29:59.867+0300][199.959s][info ][gc] GC(4288) Pause Young (Normal) (G1 Evacuation Pause) 14M->3M(256M) 1.297ms
[2025-03-05T02:29:59.924+0300][200.016s][info ][gc] GC(4289) Pause Young (Normal) (G1 Evacuation Pause) 14M->4M(256M) 1.741ms
[2025-03-05T02:29:59.966+0300][200.058s][info ][gc] GC(4290) Pause Young (Normal) (G1 Evacuation Pause) 14M->3M(256M) 1.053ms
[2025-03-05T02:30:00.014+0300][200.106s][info ][gc] GC(4291) Pause Young (Normal) (G1 Evacuation Pause) 14M->4M(256M) 2.086ms
[2025-03-05T02:30:00.055+0300][200.147s][info ][gc] GC(4292) Pause Young (Normal) (G1 Evacuation Pause) 14M->3M(256M) 1.232ms
[2025-03-05T02:30:00.100+0300][200.192s][info ][gc] GC(4293) Pause Young (Normal) (G1 Evacuation Pause) 14M->4M(256M) 1.867ms
[2025-03-05T02:30:00.144+0300][200.236s][info ][gc] GC(4294) Pause Young (Normal) (G1 Evacuation Pause) 14M->3M(256M) 1.791ms
[2025-03-05T02:30:00.193+0300][200.285s][info ][gc] GC(4295) Pause Young (Normal) (G1 Evacuation Pause) 14M->4M(256M) 2.007ms
[2025-03-05T02:30:00.238+0300][200.330s][info ][gc] GC(4296) Pause Young (Normal) (G1 Evacuation Pause) 14M->3M(256M) 0.907ms
[2025-03-05T02:30:00.286+0300][200.377s][info ][gc] GC(4297) Pause Young (Normal) (G1 Evacuation Pause) 14M->4M(256M) 1.454ms
[2025-03-05T02:30:00.330+0300][200.422s][info ][gc] GC(4298) Pause Young (Normal) (G1 Evacuation Pause) 14M->3M(256M) 1.651ms
[2025-03-05T02:30:00.381+0300][200.474s][info ][gc] GC(4299) Pause Young (Normal) (G1 Evacuation Pause) 14M->4M(256M) 1.785ms
[2025-03-05T02:30:00.425+0300][200.517s][info ][gc] GC(4300) Pause Young (Normal) (G1 Evacuation Pause) 14M->3M(256M) 1.228ms
[2025-03-05T02:30:00.473+0300][200.566s][info ][gc] GC(4301) Pause Young (Normal) (G1 Evacuation Pause) 14M->4M(256M) 1.864ms
[2025-03-05T02:30:00.540+0300][200.632s][info ][gc] GC(4302) Pause Young (Normal) (G1 Evacuation Pause) 14M->3M(256M) 1.064ms
[2025-03-05T02:30:00.605+0300][200.698s][info ][gc] GC(4303) Pause Young (Normal) (G1 Evacuation Pause) 14M->4M(256M) 1.588ms
[2025-03-05T02:30:00.646+0300][200.738s][info ][gc] GC(4304) Pause Young (Normal) (G1 Evacuation Pause) 14M->3M(256M) 1.344ms
[2025-03-05T02:30:00.690+0300][200.782s][info ][gc] GC(4305) Pause Young (Normal) (G1 Evacuation Pause) 14M->4M(256M) 1.572ms
[2025-03-05T02:30:00.731+0300][200.823s][info ][gc] GC(4306) Pause Young (Normal) (G1 Evacuation Pause) 14M->3M(256M) 1.431ms
[2025-03-05T02:30:00.776+0300][200.868s][info ][gc] GC(4307) Pause Young (Normal) (G1 Evacuation Pause) 14M->4M(256M) 1.611ms
[2025-03-05T02:30:00.817+0300][200.909s][info ][gc] GC(4308) Pause Young (Normal) (G1 Evacuation Pause) 14M->3M(256M) 1.150ms
[2025-03-05T02:30:00.861+0300][200.953s][info ][gc] GC(4309) Pause Young (Normal) (G1 Evacuation Pause) 14M->2M(256M) 0.722ms
[2025-03-05T02:30:00.907+0300][200.999s][info ][gc] GC(4310) Pause Young (Normal) (G1 Evacuation Pause) 13M->3M(256M) 1.532ms
[2025-03-05T02:30:00.952+0300][201.045s][info ][gc] GC(4311) Pause Young (Normal) (G1 Evacuation Pause) 14M->2M(256M) 0.875ms
[2025-03-05T02:30:00.998+0300][201.090s][info ][gc] GC(4312) Pause Young (Normal) (G1 Evacuation Pause) 13M->3M(256M) 1.666ms
[2025-03-05T02:30:01.045+0300][201.137s][info ][gc] GC(4313) Pause Young (Normal) (G1 Evacuation Pause) 14M->2M(256M) 0.616ms
[2025-03-05T02:30:01.094+0300][201.187s][info ][gc] GC(4314) Pause Young (Normal) (G1 Evacuation Pause) 13M->3M(256M) 1.658ms
[2025-03-05T02:30:01.137+0300][201.228s][info ][gc] GC(4315) Pause Young (Normal) (G1 Evacuation Pause) 13M->3M(256M) 0.771ms
[2025-03-05T02:30:01.185+0300][201.277s][info ][gc] GC(4316) Pause Young (Normal) (G1 Evacuation Pause) 14M->3M(256M) 1.633ms
[2025-03-05T02:30:01.229+0300][201.322s][info ][gc] GC(4317) Pause Young (Normal) (G1 Evacuation Pause) 13M->3M(256M) 0.931ms
[2025-03-05T02:30:01.281+0300][201.373s][info ][gc] GC(4318) Pause Young (Normal) (G1 Evacuation Pause) 14M->3M(256M) 1.414ms
[2025-03-05T02:30:01.326+0300][201.417s][info ][gc] GC(4319) Pause Young (Normal) (G1 Evacuation Pause) 13M->3M(256M) 0.671ms
[2025-03-05T02:30:01.372+0300][201.464s][info ][gc] GC(4320) Pause Young (Normal) (G1 Evacuation Pause) 14M->3M(256M) 1.260ms
[2025-03-05T02:30:01.412+0300][201.504s][info ][gc] GC(4321) Pause Young (Normal) (G1 Evacuation Pause) 13M->3M(256M) 0.895ms
[2025-03-05T02:30:01.462+0300][201.554s][info ][gc] GC(4322) Pause Young (Normal) (G1 Evacuation Pause) 14M->3M(256M) 1.797ms
[2025-03-05T02:30:01.507+0300][201.599s][info ][gc] GC(4323) Pause Young (Normal) (G1 Evacuation Pause) 13M->3M(256M) 1.006ms
[2025-03-05T02:30:01.562+0300][201.654s][info ][gc] GC(4324) Pause Young (Normal) (G1 Evacuation Pause) 14M->3M(256M) 1.749ms
[2025-03-05T02:30:01.614+0300][201.706s][info ][gc] GC(4325) Pause Young (Normal) (G1 Evacuation Pause) 13M->3M(256M) 0.897ms
[2025-03-05T02:30:01.664+0300][201.756s][info ][gc] GC(4326) Pause Young (Normal) (G1 Evacuation Pause) 14M->3M(256M) 1.766ms
[2025-03-05T02:30:01.708+0300][201.800s][info ][gc] GC(4327) Pause Young (Normal) (G1 Evacuation Pause) 13M->3M(256M) 0.911ms
[2025-03-05T02:30:01.758+0300][201.850s][info ][gc] GC(4328) Pause Young (Normal) (G1 Evacuation Pause) 14M->4M(256M) 1.370ms
[2025-03-05T02:30:01.804+0300][201.896s][info ][gc] GC(4329) Pause Young (Normal) (G1 Evacuation Pause) 14M->3M(256M) 1.090ms
[2025-03-05T02:30:01.853+0300][201.945s][info ][gc] GC(4330) Pause Young (Normal) (G1 Evacuation Pause) 14M->4M(256M) 1.910ms
[2025-03-05T02:30:01.900+0300][201.992s][info ][gc] GC(4331) Pause Young (Normal) (G1 Evacuation Pause) 14M->3M(256M) 1.059ms
[2025-03-05T02:30:01.949+0300][202.041s][info ][gc] GC(4332) Pause Young (Normal) (G1 Evacuation Pause) 14M->4M(256M) 1.898ms
[2025-03-05T02:30:01.992+0300][202.084s][info ][gc] GC(4333) Pause Young (Normal) (G1 Evacuation Pause) 14M->3M(256M) 1.478ms
[2025-03-05T02:30:02.041+0300][202.134s][info ][gc] GC(4334) Pause Young (Normal) (G1 Evacuation Pause) 14M->4M(256M) 1.663ms
[2025-03-05T02:30:02.083+0300][202.175s][info ][gc] GC(4335) Pause Young (Normal) (G1 Evacuation Pause) 14M->3M(256M) 1.296ms
[2025-03-05T02:30:02.130+0300][202.221s][info ][gc] GC(4336) Pause Young (Normal) (G1 Evacuation Pause) 14M->4M(256M) 1.781ms
[2025-03-05T02:30:02.173+0300][202.266s][info ][gc] GC(4337) Pause Young (Normal) (G1 Evacuation Pause) 14M->3M(256M) 1.341ms
[2025-03-05T02:30:02.249+0300][202.341s][info ][gc] GC(4338) Pause Young (Normal) (G1 Evacuation Pause) 14M->4M(256M) 2.255ms
[2025-03-05T02:30:02.294+0300][202.386s][info ][gc] GC(4339) Pause Young (Normal) (G1 Evacuation Pause) 14M->3M(256M) 1.159ms
[2025-03-05T02:30:02.341+0300][202.433s][info ][gc] GC(4340) Pause Young (Normal) (G1 Evacuation Pause) 14M->4M(256M) 1.543ms
[2025-03-05T02:30:02.386+0300][202.478s][info ][gc] GC(4341) Pause Young (Normal) (G1 Evacuation Pause) 14M->3M(256M) 1.245ms
[2025-03-05T02:30:02.435+0300][202.528s][info ][gc] GC(4342) Pause Young (Normal) (G1 Evacuation Pause) 14M->4M(256M) 2.311ms
[2025-03-05T02:30:02.480+0300][202.572s][info ][gc] GC(4343) Pause Young (Normal) (G1 Evacuation Pause) 14M->3M(256M) 1.143ms
[2025-03-05T02:30:02.534+0300][202.626s][info ][gc] GC(4344) Pause Young (Normal) (G1 Evacuation Pause) 14M->4M(256M) 2.062ms
[2025-03-05T02:30:02.577+0300][202.668s][info ][gc] GC(4345) Pause Young (Normal) (G1 Evacuation Pause) 14M->3M(256M) 1.245ms
[2025-03-05T02:30:02.625+0300][202.717s][info ][gc] GC(4346) Pause Young (Normal) (G1 Evacuation Pause) 14M->4M(256M) 1.651ms
[2025-03-05T02:30:02.668+0300][202.761s][info ][gc] GC(4347) Pause Young (Normal) (G1 Evacuation Pause) 14M->3M(256M) 0.954ms
[2025-03-05T02:30:02.722+0300][202.814s][info ][gc] GC(4348) Pause Young (Normal) (G1 Evacuation Pause) 14M->4M(256M) 1.572ms
[2025-03-05T02:30:02.764+0300][202.856s][info ][gc] GC(4349) Pause Young (Normal) (G1 Evacuation Pause) 14M->3M(256M) 1.474ms
[2025-03-05T02:30:02.812+0300][202.905s][info ][gc] GC(4350) Pause Young (Normal) (G1 Evacuation Pause) 14M->4M(256M) 2.031ms
[2025-03-05T02:30:02.860+0300][202.952s][info ][gc] GC(4351) Pause Young (Normal) (G1 Evacuation Pause) 14M->3M(256M) 1.234ms
[2025-03-05T02:30:02.908+0300][203.000s][info ][gc] GC(4352) Pause Young (Normal) (G1 Evacuation Pause) 14M->4M(256M) 2.020ms
[2025-03-05T02:30:02.955+0300][203.047s][info ][gc] GC(4353) Pause Young (Normal) (G1 Evacuation Pause) 14M->3M(256M) 1.379ms
[2025-03-05T02:30:03.004+0300][203.096s][info ][gc] GC(4354) Pause Young (Normal) (G1 Evacuation Pause) 14M->4M(256M) 2.059ms
[2025-03-05T02:30:03.048+0300][203.140s][info ][gc] GC(4355) Pause Young (Normal) (G1 Evacuation Pause) 14M->3M(256M) 1.408ms
[2025-03-05T02:30:03.095+0300][203.187s][info ][gc] GC(4356) Pause Young (Normal) (G1 Evacuation Pause) 14M->4M(256M) 2.214ms
[2025-03-05T02:30:03.142+0300][203.234s][info ][gc] GC(4357) Pause Young (Normal) (G1 Evacuation Pause) 14M->3M(256M) 1.369ms
[2025-03-05T02:30:03.190+0300][203.282s][info ][gc] GC(4358) Pause Young (Normal) (G1 Evacuation Pause) 14M->2M(256M) 0.336ms
[2025-03-05T02:30:03.241+0300][203.334s][info ][gc] GC(4359) Pause Young (Normal) (G1 Evacuation Pause) 13M->3M(256M) 1.533ms
[2025-03-05T02:30:03.289+0300][203.381s][info ][gc] GC(4360) Pause Young (Normal) (G1 Evacuation Pause) 14M->2M(256M) 0.555ms
[2025-03-05T02:30:03.336+0300][203.429s][info ][gc] GC(4361) Pause Young (Normal) (G1 Evacuation Pause) 13M->3M(256M) 1.399ms
[2025-03-05T02:30:03.384+0300][203.475s][info ][gc] GC(4362) Pause Young (Normal) (G1 Evacuation Pause) 14M->2M(256M) 0.915ms
[2025-03-05T02:30:03.438+0300][203.530s][info ][gc] GC(4363) Pause Young (Normal) (G1 Evacuation Pause) 13M->3M(256M) 1.567ms
[2025-03-05T02:30:03.481+0300][203.574s][info ][gc] GC(4364) Pause Young (Normal) (G1 Evacuation Pause) 13M->3M(256M) 0.917ms
[2025-03-05T02:30:03.527+0300][203.619s][info ][gc] GC(4365) Pause Young (Normal) (G1 Evacuation Pause) 14M->3M(256M) 1.456ms
[2025-03-05T02:30:03.572+0300][203.665s][info ][gc] GC(4366) Pause Young (Normal) (G1 Evacuation Pause) 13M->3M(256M) 0.908ms
[2025-03-05T02:30:03.620+0300][203.711s][info ][gc] GC(4367) Pause Young (Normal) (G1 Evacuation Pause) 14M->3M(256M) 1.512ms
[2025-03-05T02:30:03.660+0300][203.752s][info ][gc] GC(4368) Pause Young (Normal) (G1 Evacuation Pause) 13M->3M(256M) 0.718ms
[2025-03-05T02:30:03.715+0300][203.807s][info ][gc] GC(4369) Pause Young (Normal) (G1 Evacuation Pause) 14M->3M(256M) 5.027ms
[2025-03-05T02:30:03.780+0300][203.873s][info ][gc] GC(4370) Pause Young (Normal) (G1 Evacuation Pause) 13M->3M(256M) 0.671ms
[2025-03-05T02:30:03.829+0300][203.921s][info ][gc] GC(4371) Pause Young (Normal) (G1 Evacuation Pause) 14M->3M(256M) 1.478ms
[2025-03-05T02:30:03.877+0300][203.969s][info ][gc] GC(4372) Pause Young (Normal) (G1 Evacuation Pause) 13M->3M(256M) 1.163ms
[2025-03-05T02:30:03.930+0300][204.022s][info ][gc] GC(4373) Pause Young (Normal) (G1 Evacuation Pause) 14M->3M(256M) 1.565ms
[2025-03-05T02:30:03.976+0300][204.068s][info ][gc] GC(4374) Pause Young (Normal) (G1 Evacuation Pause) 13M->3M(256M) 1.182ms
[2025-03-05T02:30:04.027+0300][204.119s][info ][gc] GC(4375) Pause Young (Normal) (G1 Evacuation Pause) 14M->4M(256M) 1.718ms
[2025-03-05T02:30:04.075+0300][204.167s][info ][gc] GC(4376) Pause Young (Normal) (G1 Evacuation Pause) 14M->3M(256M) 0.801ms
[2025-03-05T02:30:04.130+0300][204.222s][info ][gc] GC(4377) Pause Young (Normal) (G1 Evacuation Pause) 14M->4M(256M) 1.713ms
[2025-03-05T02:30:04.183+0300][204.275s][info ][gc] GC(4378) Pause Young (Normal) (G1 Evacuation Pause) 14M->3M(256M) 0.891ms
[2025-03-05T02:30:04.237+0300][204.330s][info ][gc] GC(4379) Pause Young (Normal) (G1 Evacuation Pause) 14M->4M(256M) 1.271ms
[2025-03-05T02:30:04.282+0300][204.375s][info ][gc] GC(4380) Pause Young (Normal) (G1 Evacuation Pause) 14M->3M(256M) 0.754ms
[2025-03-05T02:30:04.329+0300][204.420s][info ][gc] GC(4381) Pause Young (Normal) (G1 Evacuation Pause) 14M->4M(256M) 1.434ms
[2025-03-05T02:30:04.370+0300][204.462s][info ][gc] GC(4382) Pause Young (Normal) (G1 Evacuation Pause) 14M->3M(256M) 0.996ms
[2025-03-05T02:30:04.493+0300][204.585s][info ][gc] GC(4383) Pause Young (Normal) (G1 Evacuation Pause) 14M->4M(256M) 1.898ms
[2025-03-05T02:30:04.559+0300][204.651s][info ][gc] GC(4384) Pause Young (Normal) (G1 Evacuation Pause) 14M->3M(256M) 1.001ms
[2025-03-05T02:30:04.614+0300][204.707s][info ][gc] GC(4385) Pause Young (Normal) (G1 Evacuation Pause) 14M->4M(256M) 3.025ms
[2025-03-05T02:30:04.672+0300][204.764s][info ][gc] GC(4386) Pause Young (Normal) (G1 Evacuation Pause) 14M->3M(256M) 1.106ms
[2025-03-05T02:30:04.731+0300][204.823s][info ][gc] GC(4387) Pause Young (Normal) (G1 Evacuation Pause) 14M->4M(256M) 1.748ms
[2025-03-05T02:30:04.777+0300][204.869s][info ][gc] GC(4388) Pause Young (Normal) (G1 Evacuation Pause) 14M->3M(256M) 1.081ms
[2025-03-05T02:30:04.845+0300][204.937s][info ][gc] GC(4389) Pause Young (Normal) (G1 Evacuation Pause) 14M->4M(256M) 1.891ms
[2025-03-05T02:30:04.888+0300][204.980s][info ][gc] GC(4390) Pause Young (Normal) (G1 Evacuation Pause) 14M->3M(256M) 1.181ms
[2025-03-05T02:30:04.940+0300][205.033s][info ][gc] GC(4391) Pause Young (Normal) (G1 Evacuation Pause) 14M->4M(256M) 1.649ms
[2025-03-05T02:30:04.986+0300][205.078s][info ][gc] GC(4392) Pause Young (Normal) (G1 Evacuation Pause) 14M->3M(256M) 1.330ms
[2025-03-05T02:30:05.037+0300][205.129s][info ][gc] GC(4393) Pause Young (Normal) (G1 Evacuation Pause) 14M->4M(256M) 1.650ms
[2025-03-05T02:30:05.083+0300][205.175s][info ][gc] GC(4394) Pause Young (Normal) (G1 Evacuation Pause) 14M->3M(256M) 1.209ms
[2025-03-05T02:30:05.134+0300][205.225s][info ][gc] GC(4395) Pause Young (Normal) (G1 Evacuation Pause) 14M->4M(256M) 1.800ms
[2025-03-05T02:30:05.177+0300][205.268s][info ][gc] GC(4396) Pause Young (Normal) (G1 Evacuation Pause) 14M->3M(256M) 1.189ms
[2025-03-05T02:30:05.224+0300][205.316s][info ][gc] GC(4397) Pause Young (Normal) (G1 Evacuation Pause) 14M->4M(256M) 1.537ms
[2025-03-05T02:30:05.267+0300][205.359s][info ][gc] GC(4398) Pause Young (Normal) (G1 Evacuation Pause) 14M->3M(256M) 1.384ms
[2025-03-05T02:30:05.315+0300][205.407s][info ][gc] GC(4399) Pause Young (Normal) (G1 Evacuation Pause) 14M->4M(256M) 1.955ms
[2025-03-05T02:30:05.357+0300][205.449s][info ][gc] GC(4400) Pause Young (Normal) (G1 Evacuation Pause) 14M->3M(256M) 1.181ms
[2025-03-05T02:30:05.402+0300][205.494s][info ][gc] GC(4401) Pause Young (Normal) (G1 Evacuation Pause) 14M->4M(256M) 1.774ms
[2025-03-05T02:30:05.448+0300][205.539s][info ][gc] GC(4402) Pause Young (Normal) (G1 Evacuation Pause) 14M->3M(256M) 1.365ms
[2025-03-05T02:30:05.494+0300][205.586s][info ][gc] GC(4403) Pause Young (Normal) (G1 Evacuation Pause) 14M->4M(256M) 1.997ms
[2025-03-05T02:30:05.535+0300][205.627s][info ][gc] GC(4404) Pause Young (Normal) (G1 Evacuation Pause) 14M->3M(256M) 1.190ms
[2025-03-05T02:30:05.583+0300][205.675s][info ][gc] GC(4405) Pause Young (Normal) (G1 Evacuation Pause) 14M->4M(256M) 1.711ms
[2025-03-05T02:30:05.624+0300][205.716s][info ][gc] GC(4406) Pause Young (Normal) (G1 Evacuation Pause) 14M->3M(256M) 1.403ms
[2025-03-05T02:30:05.667+0300][205.760s][info ][gc] GC(4407) Pause Young (Normal) (G1 Evacuation Pause) 14M->2M(256M) 0.526ms
[2025-03-05T02:30:05.712+0300][205.804s][info ][gc] GC(4408) Pause Young (Normal) (G1 Evacuation Pause) 13M->3M(256M) 1.433ms
[2025-03-05T02:30:05.757+0300][205.850s][info ][gc] GC(4409) Pause Young (Normal) (G1 Evacuation Pause) 14M->2M(256M) 0.963ms
[2025-03-05T02:30:05.802+0300][205.894s][info ][gc] GC(4410) Pause Young (Normal) (G1 Evacuation Pause) 13M->3M(256M) 1.623ms
[2025-03-05T02:30:05.847+0300][205.939s][info ][gc] GC(4411) Pause Young (Normal) (G1 Evacuation Pause) 14M->3M(256M) 0.740ms
[2025-03-05T02:30:05.893+0300][205.984s][info ][gc] GC(4412) Pause Young (Normal) (G1 Evacuation Pause) 14M->3M(256M) 1.411ms
[2025-03-05T02:30:05.933+0300][206.025s][info ][gc] GC(4413) Pause Young (Normal) (G1 Evacuation Pause) 13M->3M(256M) 0.709ms
[2025-03-05T02:30:05.979+0300][206.071s][info ][gc] GC(4414) Pause Young (Normal) (G1 Evacuation Pause) 14M->3M(256M) 1.638ms
[2025-03-05T02:30:06.022+0300][206.114s][info ][gc] GC(4415) Pause Young (Normal) (G1 Evacuation Pause) 13M->3M(256M) 0.843ms
[2025-03-05T02:30:06.072+0300][206.164s][info ][gc] GC(4416) Pause Young (Normal) (G1 Evacuation Pause) 14M->3M(256M) 1.686ms
[2025-03-05T02:30:06.117+0300][206.209s][info ][gc] GC(4417) Pause Young (Normal) (G1 Evacuation Pause) 13M->3M(256M) 0.656ms
[2025-03-05T02:30:06.169+0300][206.261s][info ][gc] GC(4418) Pause Young (Normal) (G1 Evacuation Pause) 14M->3M(256M) 2.224ms
[2025-03-05T02:30:06.227+0300][206.319s][info ][gc] GC(4419) Pause Young (Normal) (G1 Evacuation Pause) 13M->3M(256M) 0.814ms
[2025-03-05T02:30:06.276+0300][206.368s][info ][gc] GC(4420) Pause Young (Normal) (G1 Evacuation Pause) 14M->3M(256M) 1.709ms
[2025-03-05T02:30:06.329+0300][206.421s][info ][gc] GC(4421) Pause Young (Normal) (G1 Evacuation Pause) 13M->3M(256M) 0.937ms
[2025-03-05T02:30:06.390+0300][206.482s][info ][gc] GC(4422) Pause Young (Normal) (G1 Evacuation Pause) 14M->3M(256M) 1.608ms
[2025-03-05T02:30:06.448+0300][206.540s][info ][gc] GC(4423) Pause Young (Normal) (G1 Evacuation Pause) 13M->3M(256M) 0.882ms
[2025-03-05T02:30:06.498+0300][206.590s][info ][gc] GC(4424) Pause Young (Normal) (G1 Evacuation Pause) 14M->3M(256M) 1.468ms
[2025-03-05T02:30:06.541+0300][206.633s][info ][gc] GC(4425) Pause Young (Normal) (G1 Evacuation Pause) 13M->3M(256M) 0.783ms
[2025-03-05T02:30:06.591+0300][206.683s][info ][gc] GC(4426) Pause Young (Normal) (G1 Evacuation Pause) 14M->4M(256M) 1.462ms
[2025-03-05T02:30:06.634+0300][206.726s][info ][gc] GC(4427) Pause Young (Normal) (G1 Evacuation Pause) 14M->3M(256M) 1.183ms
[2025-03-05T02:30:06.683+0300][206.775s][info ][gc] GC(4428) Pause Young (Normal) (G1 Evacuation Pause) 14M->4M(256M) 1.687ms
[2025-03-05T02:30:06.729+0300][206.821s][info ][gc] GC(4429) Pause Young (Normal) (G1 Evacuation Pause) 14M->3M(256M) 0.769ms
[2025-03-05T02:30:06.779+0300][206.871s][info ][gc] GC(4430) Pause Young (Normal) (G1 Evacuation Pause) 14M->4M(256M) 1.858ms
[2025-03-05T02:30:06.821+0300][206.913s][info ][gc] GC(4431) Pause Young (Normal) (G1 Evacuation Pause) 14M->3M(256M) 0.982ms
[2025-03-05T02:30:06.908+0300][207.001s][info ][gc] GC(4432) Pause Young (Normal) (G1 Evacuation Pause) 14M->4M(256M) 1.691ms
[2025-03-05T02:30:06.964+0300][207.056s][info ][gc] GC(4433) Pause Young (Normal) (G1 Evacuation Pause) 14M->3M(256M) 0.949ms
