[2025-03-05T13:23:54.833+0300][0.012s][info][gc] Using G1
[2025-03-05T13:23:54.833+0300][0.013s][debug][gc] ConcGCThreads: 2 offset 16
[2025-03-05T13:23:54.833+0300][0.013s][debug][gc] ParallelGCThreads: 8
[2025-03-05T13:23:54.833+0300][0.013s][debug][gc] Initialize mark stack with 4096 chunks, maximum 524288
[2025-03-05T13:23:56.153+0300][1.333s][info ][gc] GC(0) Pause Young (Normal) (G1 Evacuation Pause) 102M->4M(2048M) 4.802ms
[2025-03-05T13:23:56.505+0300][1.684s][info ][gc] GC(1) Pause Young (Normal) (G1 Evacuation Pause) 112M->5M(2048M) 4.577ms
[2025-03-05T13:24:00.215+0300][5.395s][info ][gc] GC(2) Pause Young (Normal) (G1 Evacuation Pause) 1227M->3M(2048M) 3.582ms
[2025-03-05T13:24:03.434+0300][8.614s][info ][gc] GC(3) Pause Young (Normal) (G1 Evacuation Pause) 1227M->5M(2048M) 5.252ms
[2025-03-05T13:24:06.688+0300][11.867s][info ][gc] GC(4) Pause Young (Normal) (G1 Evacuation Pause) 1227M->4M(2048M) 3.205ms
[2025-03-05T13:24:09.970+0300][15.149s][info ][gc] GC(5) Pause Young (Normal) (G1 Evacuation Pause) 1228M->5M(2048M) 4.659ms
[2025-03-05T13:24:13.116+0300][18.296s][info ][gc] GC(6) Pause Young (Normal) (G1 Evacuation Pause) 1227M->4M(2048M) 4.201ms
[2025-03-05T13:24:16.231+0300][21.410s][info ][gc] GC(7) Pause Young (Normal) (G1 Evacuation Pause) 1227M->2M(2048M) 2.809ms
[2025-03-05T13:24:19.315+0300][24.495s][info ][gc] GC(8) Pause Young (Normal) (G1 Evacuation Pause) 1227M->4M(2048M) 4.250ms
[2025-03-05T13:24:22.371+0300][27.550s][info ][gc] GC(9) Pause Young (Normal) (G1 Evacuation Pause) 1227M->3M(2048M) 3.115ms
[2025-03-05T13:24:25.409+0300][30.588s][info ][gc] GC(10) Pause Young (Normal) (G1 Evacuation Pause) 1227M->5M(2048M) 4.739ms
[2025-03-05T13:24:28.459+0300][33.638s][info ][gc] GC(11) Pause Young (Normal) (G1 Evacuation Pause) 1227M->3M(2048M) 3.190ms
[2025-03-05T13:24:31.506+0300][36.686s][info ][gc] GC(12) Pause Young (Normal) (G1 Evacuation Pause) 1227M->5M(2048M) 4.947ms
[2025-03-05T13:24:34.621+0300][39.801s][info ][gc] GC(13) Pause Young (Normal) (G1 Evacuation Pause) 1227M->4M(2048M) 4.247ms
[2025-03-05T13:24:37.645+0300][42.825s][info ][gc] GC(14) Pause Young (Normal) (G1 Evacuation Pause) 1227M->2M(2048M) 2.803ms
[2025-03-05T13:24:40.694+0300][45.873s][info ][gc] GC(15) Pause Young (Normal) (G1 Evacuation Pause) 1227M->4M(2048M) 4.308ms
[2025-03-05T13:24:43.899+0300][49.079s][info ][gc] GC(16) Pause Young (Normal) (G1 Evacuation Pause) 1229M->3M(2048M) 2.316ms
[2025-03-05T13:24:47.146+0300][52.326s][info ][gc] GC(17) Pause Young (Normal) (G1 Evacuation Pause) 1229M->5M(2048M) 4.192ms
[2025-03-05T13:24:50.417+0300][55.596s][info ][gc] GC(18) Pause Young (Normal) (G1 Evacuation Pause) 1229M->4M(2048M) 2.898ms
[2025-03-05T13:24:53.653+0300][58.832s][info ][gc] GC(19) Pause Young (Normal) (G1 Evacuation Pause) 1230M->3M(2048M) 2.232ms
[2025-03-05T13:24:56.854+0300][62.033s][info ][gc] GC(20) Pause Young (Normal) (G1 Evacuation Pause) 1230M->5M(2048M) 4.063ms
[2025-03-05T13:25:00.056+0300][65.235s][info ][gc] GC(21) Pause Young (Normal) (G1 Evacuation Pause) 1230M->4M(2048M) 2.842ms
[2025-03-05T13:25:03.262+0300][68.441s][info ][gc] GC(22) Pause Young (Normal) (G1 Evacuation Pause) 1230M->3M(2048M) 2.097ms
[2025-03-05T13:25:06.491+0300][71.670s][info ][gc] GC(23) Pause Young (Normal) (G1 Evacuation Pause) 1230M->5M(2048M) 4.023ms
[2025-03-05T13:25:09.689+0300][74.869s][info ][gc] GC(24) Pause Young (Normal) (G1 Evacuation Pause) 1230M->4M(2048M) 2.790ms
[2025-03-05T13:25:13.005+0300][78.185s][info ][gc] GC(25) Pause Young (Normal) (G1 Evacuation Pause) 1230M->2M(2048M) 2.173ms
[2025-03-05T13:25:16.879+0300][82.058s][info ][gc] GC(26) Pause Young (Normal) (G1 Evacuation Pause) 1229M->4M(2048M) 3.704ms
[2025-03-05T13:25:20.413+0300][85.593s][info ][gc] GC(27) Pause Young (Normal) (G1 Evacuation Pause) 1229M->3M(2048M) 2.618ms
[2025-03-05T13:25:23.660+0300][88.840s][info ][gc] GC(28) Pause Young (Normal) (G1 Evacuation Pause) 1229M->2M(2048M) 1.907ms
[2025-03-05T13:25:27.066+0300][92.245s][info ][gc] GC(29) Pause Young (Normal) (G1 Evacuation Pause) 1229M->4M(2048M) 3.735ms
[2025-03-05T13:25:30.390+0300][95.570s][info ][gc] GC(30) Pause Young (Normal) (G1 Evacuation Pause) 1229M->3M(2048M) 2.876ms
[2025-03-05T13:25:33.654+0300][98.834s][info ][gc] GC(31) Pause Young (Normal) (G1 Evacuation Pause) 1229M->5M(2048M) 4.818ms
[2025-03-05T13:25:37.024+0300][102.204s][info ][gc] GC(32) Pause Young (Normal) (G1 Evacuation Pause) 1229M->4M(2048M) 3.386ms
[2025-03-05T13:25:40.267+0300][105.446s][info ][gc] GC(33) Pause Young (Normal) (G1 Evacuation Pause) 1230M->3M(2048M) 2.003ms
[2025-03-05T13:25:43.507+0300][108.686s][info ][gc] GC(34) Pause Young (Normal) (G1 Evacuation Pause) 1229M->5M(2048M) 4.148ms
[2025-03-05T13:25:46.808+0300][111.987s][info ][gc] GC(35) Pause Young (Normal) (G1 Evacuation Pause) 1230M->4M(2048M) 2.940ms
[2025-03-05T13:25:50.042+0300][115.221s][info ][gc] GC(36) Pause Young (Normal) (G1 Evacuation Pause) 1230M->3M(2048M) 2.302ms
[2025-03-05T13:25:53.348+0300][118.528s][info ][gc] GC(37) Pause Young (Normal) (G1 Evacuation Pause) 1230M->5M(2048M) 3.992ms
[2025-03-05T13:25:56.562+0300][121.741s][info ][gc] GC(38) Pause Young (Normal) (G1 Evacuation Pause) 1230M->4M(2048M) 2.855ms
[2025-03-05T13:25:59.811+0300][124.991s][info ][gc] GC(39) Pause Young (Normal) (G1 Evacuation Pause) 1230M->2M(2048M) 1.931ms
[2025-03-05T13:26:03.134+0300][128.314s][info ][gc] GC(40) Pause Young (Normal) (G1 Evacuation Pause) 1229M->4M(2048M) 3.736ms
[2025-03-05T13:26:06.365+0300][131.545s][info ][gc] GC(41) Pause Young (Normal) (G1 Evacuation Pause) 1229M->3M(2048M) 3.116ms
[2025-03-05T13:26:09.613+0300][134.793s][info ][gc] GC(42) Pause Young (Normal) (G1 Evacuation Pause) 1229M->2M(2048M) 1.882ms
[2025-03-05T13:26:12.882+0300][138.061s][info ][gc] GC(43) Pause Young (Normal) (G1 Evacuation Pause) 1229M->4M(2048M) 4.048ms
[2025-03-05T13:26:16.283+0300][141.463s][info ][gc] GC(44) Pause Young (Normal) (G1 Evacuation Pause) 1229M->3M(2048M) 2.492ms
[2025-03-05T13:26:19.528+0300][144.707s][info ][gc] GC(45) Pause Young (Normal) (G1 Evacuation Pause) 1229M->5M(2048M) 4.083ms
[2025-03-05T13:26:22.849+0300][148.028s][info ][gc] GC(46) Pause Young (Normal) (G1 Evacuation Pause) 1229M->4M(2048M) 3.217ms
[2025-03-05T13:26:26.061+0300][151.241s][info ][gc] GC(47) Pause Young (Normal) (G1 Evacuation Pause) 1230M->3M(2048M) 2.300ms
[2025-03-05T13:26:29.310+0300][154.489s][info ][gc] GC(48) Pause Young (Normal) (G1 Evacuation Pause) 1230M->5M(2048M) 3.704ms
[2025-03-05T13:26:32.643+0300][157.822s][info ][gc] GC(49) Pause Young (Normal) (G1 Evacuation Pause) 1230M->4M(2048M) 2.960ms
[2025-03-05T13:26:35.879+0300][161.058s][info ][gc] GC(50) Pause Young (Normal) (G1 Evacuation Pause) 1230M->3M(2048M) 2.073ms
[2025-03-05T13:26:39.136+0300][164.315s][info ][gc] GC(51) Pause Young (Normal) (G1 Evacuation Pause) 1230M->5M(2048M) 4.412ms
[2025-03-05T13:26:42.441+0300][167.620s][info ][gc] GC(52) Pause Young (Normal) (G1 Evacuation Pause) 1230M->4M(2048M) 2.957ms
[2025-03-05T13:26:45.859+0300][171.039s][info ][gc] GC(53) Pause Young (Normal) (G1 Evacuation Pause) 1230M->2M(2048M) 1.956ms
[2025-03-05T13:26:49.110+0300][174.290s][info ][gc] GC(54) Pause Young (Normal) (G1 Evacuation Pause) 1229M->5M(2048M) 3.886ms
[2025-03-05T13:26:52.380+0300][177.560s][info ][gc] GC(55) Pause Young (Normal) (G1 Evacuation Pause) 1230M->3M(2048M) 2.954ms
[2025-03-05T13:26:55.630+0300][180.809s][info ][gc] GC(56) Pause Young (Normal) (G1 Evacuation Pause) 1229M->2M(2048M) 1.960ms
[2025-03-05T13:26:59.208+0300][184.387s][info ][gc] GC(57) Pause Young (Normal) (G1 Evacuation Pause) 1229M->4M(2048M) 4.087ms
[2025-03-05T13:27:02.424+0300][187.604s][info ][gc] GC(58) Pause Young (Normal) (G1 Evacuation Pause) 1229M->3M(2048M) 2.470ms
[2025-03-05T13:27:05.622+0300][190.801s][info ][gc] GC(59) Pause Young (Normal) (G1 Evacuation Pause) 1229M->2M(2048M) 1.826ms
[2025-03-05T13:27:08.873+0300][194.053s][info ][gc] GC(60) Pause Young (Normal) (G1 Evacuation Pause) 1229M->4M(2048M) 3.617ms
[2025-03-05T13:27:12.076+0300][197.256s][info ][gc] GC(61) Pause Young (Normal) (G1 Evacuation Pause) 1229M->3M(2048M) 3.012ms
[2025-03-05T13:27:15.281+0300][200.461s][info ][gc] GC(62) Pause Young (Normal) (G1 Evacuation Pause) 1229M->5M(2048M) 4.497ms
[2025-03-05T13:27:18.591+0300][203.770s][info ][gc] GC(63) Pause Young (Normal) (G1 Evacuation Pause) 1229M->4M(2048M) 3.450ms
[2025-03-05T13:27:21.804+0300][206.984s][info ][gc] GC(64) Pause Young (Normal) (G1 Evacuation Pause) 1229M->3M(2048M) 2.237ms
[2025-03-05T13:27:25.001+0300][210.180s][info ][gc] GC(65) Pause Young (Normal) (G1 Evacuation Pause) 1230M->5M(2048M) 3.966ms
[2025-03-05T13:27:28.212+0300][213.390s][info ][gc] GC(66) Pause Young (Normal) (G1 Evacuation Pause) 1230M->4M(2048M) 3.053ms
[2025-03-05T13:27:31.407+0300][216.586s][info ][gc] GC(67) Pause Young (Normal) (G1 Evacuation Pause) 1230M->2M(2048M) 1.746ms
[2025-03-05T13:27:34.662+0300][219.841s][info ][gc] GC(68) Pause Young (Normal) (G1 Evacuation Pause) 1229M->5M(2048M) 3.991ms
[2025-03-05T13:27:37.848+0300][223.028s][info ][gc] GC(69) Pause Young (Normal) (G1 Evacuation Pause) 1230M->4M(2048M) 2.716ms
[2025-03-05T13:27:41.054+0300][226.234s][info ][gc] GC(70) Pause Young (Normal) (G1 Evacuation Pause) 1230M->2M(2048M) 2.098ms
[2025-03-05T13:27:44.276+0300][229.455s][info ][gc] GC(71) Pause Young (Normal) (G1 Evacuation Pause) 1229M->5M(2048M) 4.309ms
[2025-03-05T13:27:47.535+0300][232.715s][info ][gc] GC(72) Pause Young (Normal) (G1 Evacuation Pause) 1230M->3M(2048M) 2.708ms
[2025-03-05T13:27:50.760+0300][235.940s][info ][gc] GC(73) Pause Young (Normal) (G1 Evacuation Pause) 1229M->2M(2048M) 1.945ms
[2025-03-05T13:27:54.004+0300][239.184s][info ][gc] GC(74) Pause Young (Normal) (G1 Evacuation Pause) 1229M->4M(2048M) 3.712ms
[2025-03-05T13:27:57.213+0300][242.393s][info ][gc] GC(75) Pause Young (Normal) (G1 Evacuation Pause) 1229M->3M(2048M) 2.422ms
[2025-03-05T13:28:00.416+0300][245.595s][info ][gc] GC(76) Pause Young (Normal) (G1 Evacuation Pause) 1229M->2M(2048M) 1.500ms
[2025-03-05T13:28:03.691+0300][248.870s][info ][gc] GC(77) Pause Young (Normal) (G1 Evacuation Pause) 1229M->4M(2048M) 3.504ms
[2025-03-05T13:28:06.888+0300][252.067s][info ][gc] GC(78) Pause Young (Normal) (G1 Evacuation Pause) 1229M->3M(2048M) 2.430ms
[2025-03-05T13:28:10.099+0300][255.279s][info ][gc] GC(79) Pause Young (Normal) (G1 Evacuation Pause) 1229M->5M(2048M) 4.194ms
[2025-03-05T13:28:13.308+0300][258.487s][info ][gc] GC(80) Pause Young (Normal) (G1 Evacuation Pause) 1229M->4M(2048M) 2.757ms
[2025-03-05T13:28:16.523+0300][261.703s][info ][gc] GC(81) Pause Young (Normal) (G1 Evacuation Pause) 1230M->3M(2048M) 1.871ms
[2025-03-05T13:28:19.741+0300][264.920s][info ][gc] GC(82) Pause Young (Normal) (G1 Evacuation Pause) 1230M->5M(2048M) 4.659ms
[2025-03-05T13:28:23.027+0300][268.206s][info ][gc] GC(83) Pause Young (Normal) (G1 Evacuation Pause) 1230M->4M(2048M) 3.572ms
[2025-03-05T13:28:26.279+0300][271.458s][info ][gc] GC(84) Pause Young (Normal) (G1 Evacuation Pause) 1230M->2M(2048M) 1.850ms
[2025-03-05T13:28:29.538+0300][274.717s][info ][gc] GC(85) Pause Young (Normal) (G1 Evacuation Pause) 1229M->5M(2048M) 3.643ms
[2025-03-05T13:28:32.733+0300][277.912s][info ][gc] GC(86) Pause Young (Normal) (G1 Evacuation Pause) 1230M->3M(2048M) 2.867ms
[2025-03-05T13:28:35.954+0300][281.134s][info ][gc] GC(87) Pause Young (Normal) (G1 Evacuation Pause) 1229M->2M(2048M) 1.716ms
[2025-03-05T13:28:39.161+0300][284.340s][info ][gc] GC(88) Pause Young (Normal) (G1 Evacuation Pause) 1229M->4M(2048M) 3.689ms
[2025-03-05T13:28:42.353+0300][287.533s][info ][gc] GC(89) Pause Young (Normal) (G1 Evacuation Pause) 1229M->3M(2048M) 2.588ms
[2025-03-05T13:28:45.573+0300][290.753s][info ][gc] GC(90) Pause Young (Normal) (G1 Evacuation Pause) 1229M->2M(2048M) 1.797ms
[2025-03-05T13:28:48.778+0300][293.958s][info ][gc] GC(91) Pause Young (Normal) (G1 Evacuation Pause) 1229M->4M(2048M) 3.708ms
[2025-03-05T13:28:52.222+0300][297.402s][info ][gc] GC(92) Pause Young (Normal) (G1 Evacuation Pause) 1229M->3M(2048M) 2.230ms
[2025-03-05T13:28:55.438+0300][300.617s][info ][gc] GC(93) Pause Young (Normal) (G1 Evacuation Pause) 1229M->5M(2048M) 4.186ms
[2025-03-05T13:28:58.666+0300][303.846s][info ][gc] GC(94) Pause Young (Normal) (G1 Evacuation Pause) 1229M->4M(2048M) 3.246ms
[2025-03-05T13:29:01.878+0300][307.058s][info ][gc] GC(95) Pause Young (Normal) (G1 Evacuation Pause) 1230M->3M(2048M) 1.899ms
[2025-03-05T13:29:05.104+0300][310.284s][info ][gc] GC(96) Pause Young (Normal) (G1 Evacuation Pause) 1230M->5M(2048M) 3.865ms
[2025-03-05T13:29:08.432+0300][313.611s][info ][gc] GC(97) Pause Young (Normal) (G1 Evacuation Pause) 1229M->4M(2048M) 3.206ms
[2025-03-05T13:29:11.875+0300][317.055s][info ][gc] GC(98) Pause Young (Normal) (G1 Evacuation Pause) 1230M->3M(2048M) 2.508ms
[2025-03-05T13:29:15.087+0300][320.267s][info ][gc] GC(99) Pause Young (Normal) (G1 Evacuation Pause) 1230M->5M(2048M) 3.733ms
[2025-03-05T13:29:18.301+0300][323.480s][info ][gc] GC(100) Pause Young (Normal) (G1 Evacuation Pause) 1230M->4M(2048M) 2.996ms
[2025-03-05T13:29:21.528+0300][326.707s][info ][gc] GC(101) Pause Young (Normal) (G1 Evacuation Pause) 1230M->2M(2048M) 1.853ms
[2025-03-05T13:29:24.773+0300][329.952s][info ][gc] GC(102) Pause Young (Normal) (G1 Evacuation Pause) 1229M->4M(2048M) 3.756ms
[2025-03-05T13:29:27.976+0300][333.156s][info ][gc] GC(103) Pause Young (Normal) (G1 Evacuation Pause) 1229M->3M(2048M) 3.181ms
[2025-03-05T13:29:31.183+0300][336.362s][info ][gc] GC(104) Pause Young (Normal) (G1 Evacuation Pause) 1229M->2M(2048M) 1.750ms
[2025-03-05T13:29:34.415+0300][339.594s][info ][gc] GC(105) Pause Young (Normal) (G1 Evacuation Pause) 1229M->4M(2048M) 3.554ms
[2025-03-05T13:29:37.620+0300][342.800s][info ][gc] GC(106) Pause Young (Normal) (G1 Evacuation Pause) 1229M->3M(2048M) 2.869ms
[2025-03-05T13:29:40.824+0300][346.004s][info ][gc] GC(107) Pause Young (Normal) (G1 Evacuation Pause) 1229M->5M(2048M) 4.098ms
[2025-03-05T13:29:44.031+0300][349.211s][info ][gc] GC(108) Pause Young (Normal) (G1 Evacuation Pause) 1229M->4M(2048M) 3.323ms
[2025-03-05T13:29:47.223+0300][352.403s][info ][gc] GC(109) Pause Young (Normal) (G1 Evacuation Pause) 1230M->3M(2048M) 2.129ms
[2025-03-05T13:29:50.493+0300][355.673s][info ][gc] GC(110) Pause Young (Normal) (G1 Evacuation Pause) 1229M->5M(2048M) 3.797ms
[2025-03-05T13:29:53.735+0300][358.915s][info ][gc] GC(111) Pause Young (Normal) (G1 Evacuation Pause) 1230M->4M(2048M) 2.932ms
[2025-03-05T13:29:56.938+0300][362.118s][info ][gc] GC(112) Pause Young (Normal) (G1 Evacuation Pause) 1230M->3M(2048M) 2.092ms
[2025-03-05T13:30:00.159+0300][365.339s][info ][gc] GC(113) Pause Young (Normal) (G1 Evacuation Pause) 1230M->5M(2048M) 3.540ms
[2025-03-05T13:30:03.361+0300][368.541s][info ][gc] GC(114) Pause Young (Normal) (G1 Evacuation Pause) 1230M->4M(2048M) 2.934ms
[2025-03-05T13:30:06.563+0300][371.743s][info ][gc] GC(115) Pause Young (Normal) (G1 Evacuation Pause) 1230M->2M(2048M) 1.713ms
[2025-03-05T13:30:09.816+0300][374.996s][info ][gc] GC(116) Pause Young (Normal) (G1 Evacuation Pause) 1229M->4M(2048M) 3.501ms
[2025-03-05T13:30:13.021+0300][378.201s][info ][gc] GC(117) Pause Young (Normal) (G1 Evacuation Pause) 1229M->3M(2048M) 2.859ms
[2025-03-05T13:30:16.230+0300][381.409s][info ][gc] GC(118) Pause Young (Normal) (G1 Evacuation Pause) 1229M->2M(2048M) 1.905ms
[2025-03-05T13:30:19.436+0300][384.616s][info ][gc] GC(119) Pause Young (Normal) (G1 Evacuation Pause) 1229M->4M(2048M) 3.539ms
[2025-03-05T13:30:22.638+0300][387.818s][info ][gc] GC(120) Pause Young (Normal) (G1 Evacuation Pause) 1229M->3M(2048M) 2.513ms
[2025-03-05T13:30:25.851+0300][391.030s][info ][gc] GC(121) Pause Young (Normal) (G1 Evacuation Pause) 1229M->2M(2048M) 1.540ms
[2025-03-05T13:30:29.133+0300][394.312s][info ][gc] GC(122) Pause Young (Normal) (G1 Evacuation Pause) 1229M->4M(2048M) 3.554ms
[2025-03-05T13:30:32.318+0300][397.497s][info ][gc] GC(123) Pause Young (Normal) (G1 Evacuation Pause) 1229M->3M(2048M) 2.205ms
[2025-03-05T13:30:35.531+0300][400.710s][info ][gc] GC(124) Pause Young (Normal) (G1 Evacuation Pause) 1230M->5M(2048M) 4.484ms
[2025-03-05T13:30:38.732+0300][403.911s][info ][gc] GC(125) Pause Young (Normal) (G1 Evacuation Pause) 1229M->4M(2048M) 3.424ms
[2025-03-05T13:30:41.930+0300][407.110s][info ][gc] GC(126) Pause Young (Normal) (G1 Evacuation Pause) 1229M->3M(2048M) 2.276ms
[2025-03-05T13:30:45.160+0300][410.340s][info ][gc] GC(127) Pause Young (Normal) (G1 Evacuation Pause) 1230M->5M(2048M) 3.963ms
[2025-03-05T13:30:48.359+0300][413.539s][info ][gc] GC(128) Pause Young (Normal) (G1 Evacuation Pause) 1230M->4M(2048M) 2.911ms
[2025-03-05T13:30:51.593+0300][416.772s][info ][gc] GC(129) Pause Young (Normal) (G1 Evacuation Pause) 1230M->3M(2048M) 2.441ms
[2025-03-05T13:30:54.847+0300][420.026s][info ][gc] GC(130) Pause Young (Normal) (G1 Evacuation Pause) 1230M->5M(2048M) 3.801ms
[2025-03-05T13:30:58.046+0300][423.225s][info ][gc] GC(131) Pause Young (Normal) (G1 Evacuation Pause) 1230M->3M(2048M) 2.720ms
[2025-03-05T13:31:01.261+0300][426.440s][info ][gc] GC(132) Pause Young (Normal) (G1 Evacuation Pause) 1229M->2M(2048M) 2.063ms
[2025-03-05T13:31:04.489+0300][429.668s][info ][gc] GC(133) Pause Young (Normal) (G1 Evacuation Pause) 1229M->4M(2048M) 3.584ms
[2025-03-05T13:31:07.696+0300][432.876s][info ][gc] GC(134) Pause Young (Normal) (G1 Evacuation Pause) 1229M->3M(2048M) 2.684ms
[2025-03-05T13:31:10.888+0300][436.067s][info ][gc] GC(135) Pause Young (Normal) (G1 Evacuation Pause) 1229M->2M(2048M) 1.670ms
[2025-03-05T13:31:14.090+0300][439.271s][info ][gc] GC(136) Pause Young (Normal) (G1 Evacuation Pause) 1229M->4M(2048M) 3.532ms
[2025-03-05T13:31:17.301+0300][442.481s][info ][gc] GC(137) Pause Young (Normal) (G1 Evacuation Pause) 1229M->3M(2048M) 2.775ms
[2025-03-05T13:31:20.580+0300][445.760s][info ][gc] GC(138) Pause Young (Normal) (G1 Evacuation Pause) 1229M->5M(2048M) 4.108ms
[2025-03-05T13:31:23.783+0300][448.963s][info ][gc] GC(139) Pause Young (Normal) (G1 Evacuation Pause) 1229M->4M(2048M) 3.164ms
[2025-03-05T13:31:26.997+0300][452.177s][info ][gc] GC(140) Pause Young (Normal) (G1 Evacuation Pause) 1230M->3M(2048M) 2.135ms
[2025-03-05T13:31:30.233+0300][455.412s][info ][gc] GC(141) Pause Young (Normal) (G1 Evacuation Pause) 1230M->5M(2048M) 4.062ms
