[2025-03-05T15:00:05.044+0300][0.011s][info][gc] Using G1
[2025-03-05T15:00:05.044+0300][0.012s][debug][gc] ConcGCThreads: 2 offset 16
[2025-03-05T15:00:05.044+0300][0.012s][debug][gc] ParallelGCThreads: 8
[2025-03-05T15:00:05.044+0300][0.012s][debug][gc] Initialize mark stack with 4096 chunks, maximum 524288
[2025-03-05T15:00:06.049+0300][1.017s][info ][gc] GC(0) Pause Young (Normal) (G1 Evacuation Pause) 102M->2M(2048M) 2.840ms
[2025-03-05T15:00:06.551+0300][1.519s][info ][gc] GC(1) Pause Young (Normal) (G1 Evacuation Pause) 113M->3M(2048M) 2.364ms
[2025-03-05T15:00:11.873+0300][6.842s][info ][gc] GC(2) Pause Young (Normal) (G1 Evacuation Pause) 1227M->3M(2048M) 4.684ms
[2025-03-05T15:00:17.132+0300][12.101s][info ][gc] GC(3) Pause Young (Normal) (G1 Evacuation Pause) 1227M->2M(2048M) 2.601ms
[2025-03-05T15:00:22.706+0300][17.674s][info ][gc] GC(4) Pause Young (Normal) (G1 Evacuation Pause) 1227M->3M(2048M) 3.272ms
[2025-03-05T15:00:27.568+0300][22.537s][info ][gc] GC(5) Pause Young (Normal) (G1 Evacuation Pause) 1227M->4M(2048M) 3.506ms
[2025-03-05T15:00:32.703+0300][27.671s][info ][gc] GC(6) Pause Young (Normal) (G1 Evacuation Pause) 1228M->3M(2048M) 2.588ms
[2025-03-05T15:00:37.600+0300][32.568s][info ][gc] GC(7) Pause Young (Normal) (G1 Evacuation Pause) 1227M->3M(2048M) 3.215ms
[2025-03-05T15:00:42.452+0300][37.420s][info ][gc] GC(8) Pause Young (Normal) (G1 Evacuation Pause) 1227M->3M(2048M) 3.572ms
[2025-03-05T15:00:47.501+0300][42.469s][info ][gc] GC(9) Pause Young (Normal) (G1 Evacuation Pause) 1227M->2M(2048M) 3.285ms
[2025-03-05T15:00:52.482+0300][47.451s][info ][gc] GC(10) Pause Young (Normal) (G1 Evacuation Pause) 1227M->3M(2048M) 2.902ms
[2025-03-05T15:00:57.359+0300][52.328s][info ][gc] GC(11) Pause Young (Normal) (G1 Evacuation Pause) 1227M->3M(2048M) 3.704ms
[2025-03-05T15:01:02.342+0300][57.310s][info ][gc] GC(12) Pause Young (Normal) (G1 Evacuation Pause) 1227M->2M(2048M) 2.634ms
[2025-03-05T15:01:07.220+0300][62.188s][info ][gc] GC(13) Pause Young (Normal) (G1 Evacuation Pause) 1227M->3M(2048M) 3.702ms
[2025-03-05T15:01:12.097+0300][67.066s][info ][gc] GC(14) Pause Young (Normal) (G1 Evacuation Pause) 1227M->3M(2048M) 3.403ms
[2025-03-05T15:01:17.128+0300][72.096s][info ][gc] GC(15) Pause Young (Normal) (G1 Evacuation Pause) 1227M->2M(2048M) 3.173ms
[2025-03-05T15:01:22.102+0300][77.070s][info ][gc] GC(16) Pause Young (Normal) (G1 Evacuation Pause) 1229M->3M(2048M) 2.106ms
[2025-03-05T15:01:27.150+0300][82.118s][info ][gc] GC(17) Pause Young (Normal) (G1 Evacuation Pause) 1230M->2M(2048M) 1.797ms
[2025-03-05T15:01:32.257+0300][87.225s][info ][gc] GC(18) Pause Young (Normal) (G1 Evacuation Pause) 1229M->3M(2048M) 2.106ms
[2025-03-05T15:01:37.170+0300][92.138s][info ][gc] GC(19) Pause Young (Normal) (G1 Evacuation Pause) 1230M->2M(2048M) 1.490ms
[2025-03-05T15:01:42.166+0300][97.134s][info ][gc] GC(20) Pause Young (Normal) (G1 Evacuation Pause) 1229M->3M(2048M) 2.251ms
[2025-03-05T15:01:47.154+0300][102.123s][info ][gc] GC(21) Pause Young (Normal) (G1 Evacuation Pause) 1230M->3M(2048M) 3.608ms
[2025-03-05T15:01:52.163+0300][107.132s][info ][gc] GC(22) Pause Young (Normal) (G1 Evacuation Pause) 1229M->2M(2048M) 2.348ms
[2025-03-05T15:01:57.104+0300][112.072s][info ][gc] GC(23) Pause Young (Normal) (G1 Evacuation Pause) 1229M->3M(2048M) 2.650ms
[2025-03-05T15:02:02.155+0300][117.124s][info ][gc] GC(24) Pause Young (Normal) (G1 Evacuation Pause) 1229M->2M(2048M) 1.778ms
[2025-03-05T15:02:07.092+0300][122.061s][info ][gc] GC(25) Pause Young (Normal) (G1 Evacuation Pause) 1229M->3M(2048M) 2.308ms
[2025-03-05T15:02:12.049+0300][127.017s][info ][gc] GC(26) Pause Young (Normal) (G1 Evacuation Pause) 1229M->2M(2048M) 1.801ms
[2025-03-05T15:02:17.103+0300][132.072s][info ][gc] GC(27) Pause Young (Normal) (G1 Evacuation Pause) 1229M->3M(2048M) 2.627ms
[2025-03-05T15:02:22.113+0300][137.081s][info ][gc] GC(28) Pause Young (Normal) (G1 Evacuation Pause) 1230M->2M(2048M) 1.484ms
[2025-03-05T15:02:27.042+0300][142.010s][info ][gc] GC(29) Pause Young (Normal) (G1 Evacuation Pause) 1229M->3M(2048M) 2.151ms
[2025-03-05T15:02:32.111+0300][147.079s][info ][gc] GC(30) Pause Young (Normal) (G1 Evacuation Pause) 1230M->3M(2048M) 3.389ms
[2025-03-05T15:02:37.213+0300][152.181s][info ][gc] GC(31) Pause Young (Normal) (G1 Evacuation Pause) 1229M->2M(2048M) 2.018ms
[2025-03-05T15:02:42.132+0300][157.101s][info ][gc] GC(32) Pause Young (Normal) (G1 Evacuation Pause) 1229M->3M(2048M) 2.639ms
[2025-03-05T15:02:47.166+0300][162.134s][info ][gc] GC(33) Pause Young (Normal) (G1 Evacuation Pause) 1229M->2M(2048M) 1.581ms
[2025-03-05T15:02:52.156+0300][167.124s][info ][gc] GC(34) Pause Young (Normal) (G1 Evacuation Pause) 1229M->3M(2048M) 2.426ms
[2025-03-05T15:02:57.098+0300][172.066s][info ][gc] GC(35) Pause Young (Normal) (G1 Evacuation Pause) 1229M->2M(2048M) 1.810ms
[2025-03-05T15:03:02.126+0300][177.095s][info ][gc] GC(36) Pause Young (Normal) (G1 Evacuation Pause) 1229M->3M(2048M) 2.207ms
[2025-03-05T15:03:07.075+0300][182.043s][info ][gc] GC(37) Pause Young (Normal) (G1 Evacuation Pause) 1229M->3M(2048M) 2.909ms
[2025-03-05T15:03:11.967+0300][186.935s][info ][gc] GC(38) Pause Young (Normal) (G1 Evacuation Pause) 1229M->3M(2048M) 2.091ms
[2025-03-05T15:03:17.042+0300][192.010s][info ][gc] GC(39) Pause Young (Normal) (G1 Evacuation Pause) 1230M->3M(2048M) 2.646ms
[2025-03-05T15:03:22.036+0300][197.005s][info ][gc] GC(40) Pause Young (Normal) (G1 Evacuation Pause) 1229M->2M(2048M) 1.759ms
[2025-03-05T15:03:26.960+0300][201.928s][info ][gc] GC(41) Pause Young (Normal) (G1 Evacuation Pause) 1229M->3M(2048M) 2.850ms
[2025-03-05T15:03:32.044+0300][207.012s][info ][gc] GC(42) Pause Young (Normal) (G1 Evacuation Pause) 1229M->2M(2048M) 1.632ms
[2025-03-05T15:03:36.975+0300][211.943s][info ][gc] GC(43) Pause Young (Normal) (G1 Evacuation Pause) 1229M->3M(2048M) 2.560ms
[2025-03-05T15:03:41.916+0300][216.885s][info ][gc] GC(44) Pause Young (Normal) (G1 Evacuation Pause) 1229M->2M(2048M) 1.587ms
[2025-03-05T15:03:46.911+0300][221.879s][info ][gc] GC(45) Pause Young (Normal) (G1 Evacuation Pause) 1229M->3M(2048M) 3.232ms
[2025-03-05T15:03:51.937+0300][226.906s][info ][gc] GC(46) Pause Young (Normal) (G1 Evacuation Pause) 1230M->3M(2048M) 2.754ms
[2025-03-05T15:03:56.935+0300][231.903s][info ][gc] GC(47) Pause Young (Normal) (G1 Evacuation Pause) 1229M->3M(2048M) 2.104ms
[2025-03-05T15:04:01.941+0300][236.909s][info ][gc] GC(48) Pause Young (Normal) (G1 Evacuation Pause) 1230M->3M(2048M) 2.485ms
[2025-03-05T15:04:06.854+0300][241.823s][info ][gc] GC(49) Pause Young (Normal) (G1 Evacuation Pause) 1229M->2M(2048M) 1.998ms
[2025-03-05T15:04:11.777+0300][246.745s][info ][gc] GC(50) Pause Young (Normal) (G1 Evacuation Pause) 1229M->3M(2048M) 2.327ms
[2025-03-05T15:04:16.773+0300][251.742s][info ][gc] GC(51) Pause Young (Normal) (G1 Evacuation Pause) 1229M->2M(2048M) 1.866ms
[2025-03-05T15:04:21.782+0300][256.750s][info ][gc] GC(52) Pause Young (Normal) (G1 Evacuation Pause) 1229M->3M(2048M) 2.177ms
[2025-03-05T15:04:26.699+0300][261.667s][info ][gc] GC(53) Pause Young (Normal) (G1 Evacuation Pause) 1230M->2M(2048M) 1.537ms
[2025-03-05T15:04:31.714+0300][266.683s][info ][gc] GC(54) Pause Young (Normal) (G1 Evacuation Pause) 1229M->3M(2048M) 2.047ms
[2025-03-05T15:04:36.704+0300][271.672s][info ][gc] GC(55) Pause Young (Normal) (G1 Evacuation Pause) 1230M->3M(2048M) 2.984ms
[2025-03-05T15:04:41.631+0300][276.598s][info ][gc] GC(56) Pause Young (Normal) (G1 Evacuation Pause) 1229M->2M(2048M) 2.336ms
[2025-03-05T15:04:46.636+0300][281.604s][info ][gc] GC(57) Pause Young (Normal) (G1 Evacuation Pause) 1229M->3M(2048M) 2.791ms
[2025-03-05T15:04:51.605+0300][286.573s][info ][gc] GC(58) Pause Young (Normal) (G1 Evacuation Pause) 1229M->2M(2048M) 2.157ms
[2025-03-05T15:04:56.532+0300][291.501s][info ][gc] GC(59) Pause Young (Normal) (G1 Evacuation Pause) 1229M->3M(2048M) 2.313ms
[2025-03-05T15:05:01.586+0300][296.554s][info ][gc] GC(60) Pause Young (Normal) (G1 Evacuation Pause) 1229M->2M(2048M) 2.060ms
[2025-03-05T15:05:06.499+0300][301.468s][info ][gc] GC(61) Pause Young (Normal) (G1 Evacuation Pause) 1229M->3M(2048M) 2.557ms
[2025-03-05T15:05:11.424+0300][306.392s][info ][gc] GC(62) Pause Young (Normal) (G1 Evacuation Pause) 1230M->2M(2048M) 1.477ms
[2025-03-05T15:05:16.541+0300][311.509s][info ][gc] GC(63) Pause Young (Normal) (G1 Evacuation Pause) 1229M->3M(2048M) 1.901ms
[2025-03-05T15:05:21.528+0300][316.496s][info ][gc] GC(64) Pause Young (Normal) (G1 Evacuation Pause) 1230M->2M(2048M) 1.569ms
[2025-03-05T15:05:26.540+0300][321.509s][info ][gc] GC(65) Pause Young (Normal) (G1 Evacuation Pause) 1229M->3M(2048M) 2.274ms
[2025-03-05T15:05:31.633+0300][326.601s][info ][gc] GC(66) Pause Young (Normal) (G1 Evacuation Pause) 1230M->3M(2048M) 3.058ms
[2025-03-05T15:05:36.575+0300][331.543s][info ][gc] GC(67) Pause Young (Normal) (G1 Evacuation Pause) 1229M->2M(2048M) 1.852ms
[2025-03-05T15:05:41.515+0300][336.482s][info ][gc] GC(68) Pause Young (Normal) (G1 Evacuation Pause) 1229M->3M(2048M) 2.447ms
[2025-03-05T15:05:46.518+0300][341.486s][info ][gc] GC(69) Pause Young (Normal) (G1 Evacuation Pause) 1229M->2M(2048M) 1.629ms
[2025-03-05T15:05:51.528+0300][346.498s][info ][gc] GC(70) Pause Young (Normal) (G1 Evacuation Pause) 1229M->3M(2048M) 2.852ms
[2025-03-05T15:05:56.470+0300][351.439s][info ][gc] GC(71) Pause Young (Normal) (G1 Evacuation Pause) 1229M->2M(2048M) 1.668ms
[2025-03-05T15:06:01.460+0300][356.428s][info ][gc] GC(72) Pause Young (Normal) (G1 Evacuation Pause) 1229M->3M(2048M) 2.501ms
[2025-03-05T15:06:06.440+0300][361.408s][info ][gc] GC(73) Pause Young (Normal) (G1 Evacuation Pause) 1230M->2M(2048M) 1.655ms
[2025-03-05T15:06:11.345+0300][366.314s][info ][gc] GC(74) Pause Young (Normal) (G1 Evacuation Pause) 1229M->3M(2048M) 2.198ms
[2025-03-05T15:06:16.357+0300][371.325s][info ][gc] GC(75) Pause Young (Normal) (G1 Evacuation Pause) 1230M->3M(2048M) 3.405ms
[2025-03-05T15:06:21.294+0300][376.262s][info ][gc] GC(76) Pause Young (Normal) (G1 Evacuation Pause) 1229M->3M(2048M) 2.392ms
[2025-03-05T15:06:26.215+0300][381.183s][info ][gc] GC(77) Pause Young (Normal) (G1 Evacuation Pause) 1230M->3M(2048M) 3.223ms
[2025-03-05T15:06:31.186+0300][386.154s][info ][gc] GC(78) Pause Young (Normal) (G1 Evacuation Pause) 1229M->2M(2048M) 1.924ms
[2025-03-05T15:06:36.102+0300][391.070s][info ][gc] GC(79) Pause Young (Normal) (G1 Evacuation Pause) 1229M->3M(2048M) 2.325ms
[2025-03-05T15:06:41.032+0300][396.000s][info ][gc] GC(80) Pause Young (Normal) (G1 Evacuation Pause) 1229M->2M(2048M) 1.570ms
[2025-03-05T15:06:46.095+0300][401.063s][info ][gc] GC(81) Pause Young (Normal) (G1 Evacuation Pause) 1229M->3M(2048M) 2.175ms
[2025-03-05T15:06:51.050+0300][406.018s][info ][gc] GC(82) Pause Young (Normal) (G1 Evacuation Pause) 1230M->2M(2048M) 1.809ms
[2025-03-05T15:06:55.966+0300][410.934s][info ][gc] GC(83) Pause Young (Normal) (G1 Evacuation Pause) 1229M->3M(2048M) 1.916ms
[2025-03-05T15:07:00.994+0300][415.962s][info ][gc] GC(84) Pause Young (Normal) (G1 Evacuation Pause) 1230M->3M(2048M) 3.241ms
