[2025-03-05T14:22:35.624+0300][0.014s][info][gc] Using G1
[2025-03-05T14:22:35.624+0300][0.014s][debug][gc] ConcGCThreads: 2 offset 16
[2025-03-05T14:22:35.624+0300][0.015s][debug][gc] ParallelGCThreads: 8
[2025-03-05T14:22:35.624+0300][0.015s][debug][gc] Initialize mark stack with 4096 chunks, maximum 524288
[2025-03-05T14:22:36.124+0300][0.514s][info ][gc] GC(0) Pause Young (Normal) (G1 Evacuation Pause) 23M->3M(256M) 4.528ms
[2025-03-05T14:22:36.337+0300][0.726s][info ][gc] GC(1) Pause Young (Normal) (G1 Evacuation Pause) 36M->3M(256M) 4.196ms
[2025-03-05T14:22:37.166+0300][1.556s][info ][gc] GC(2) Pause Young (Normal) (G1 Evacuation Pause) 154M->2M(256M) 1.091ms
[2025-03-05T14:22:37.777+0300][2.168s][info ][gc] GC(3) Pause Young (Normal) (G1 Evacuation Pause) 154M->3M(256M) 1.669ms
[2025-03-05T14:22:38.383+0300][2.773s][info ][gc] GC(4) Pause Young (Normal) (G1 Evacuation Pause) 154M->3M(256M) 2.223ms
[2025-03-05T14:22:38.988+0300][3.379s][info ][gc] GC(5) Pause Young (Normal) (G1 Evacuation Pause) 154M->2M(256M) 1.305ms
[2025-03-05T14:22:39.601+0300][3.991s][info ][gc] GC(6) Pause Young (Normal) (G1 Evacuation Pause) 154M->3M(256M) 1.663ms
[2025-03-05T14:22:40.200+0300][4.590s][info ][gc] GC(7) Pause Young (Normal) (G1 Evacuation Pause) 154M->3M(256M) 2.215ms
[2025-03-05T14:22:40.811+0300][5.201s][info ][gc] GC(8) Pause Young (Normal) (G1 Evacuation Pause) 154M->2M(256M) 1.095ms
[2025-03-05T14:22:41.415+0300][5.805s][info ][gc] GC(9) Pause Young (Normal) (G1 Evacuation Pause) 154M->3M(256M) 1.692ms
[2025-03-05T14:22:42.017+0300][6.407s][info ][gc] GC(10) Pause Young (Normal) (G1 Evacuation Pause) 154M->3M(256M) 2.310ms
[2025-03-05T14:22:42.619+0300][7.008s][info ][gc] GC(11) Pause Young (Normal) (G1 Evacuation Pause) 154M->2M(256M) 1.063ms
[2025-03-05T14:22:43.223+0300][7.613s][info ][gc] GC(12) Pause Young (Normal) (G1 Evacuation Pause) 154M->3M(256M) 1.597ms
[2025-03-05T14:22:43.843+0300][8.233s][info ][gc] GC(13) Pause Young (Normal) (G1 Evacuation Pause) 154M->3M(256M) 2.853ms
[2025-03-05T14:22:44.438+0300][8.827s][info ][gc] GC(14) Pause Young (Normal) (G1 Evacuation Pause) 154M->2M(256M) 0.944ms
[2025-03-05T14:22:45.051+0300][9.441s][info ][gc] GC(15) Pause Young (Normal) (G1 Evacuation Pause) 154M->3M(256M) 1.613ms
[2025-03-05T14:22:45.655+0300][10.045s][info ][gc] GC(16) Pause Young (Normal) (G1 Evacuation Pause) 154M->4M(256M) 3.273ms
[2025-03-05T14:22:46.266+0300][10.656s][info ][gc] GC(17) Pause Young (Normal) (G1 Evacuation Pause) 155M->2M(256M) 1.077ms
[2025-03-05T14:22:46.877+0300][11.267s][info ][gc] GC(18) Pause Young (Normal) (G1 Evacuation Pause) 154M->3M(256M) 1.458ms
[2025-03-05T14:22:47.482+0300][11.872s][info ][gc] GC(19) Pause Young (Normal) (G1 Evacuation Pause) 155M->4M(256M) 2.148ms
[2025-03-05T14:22:48.085+0300][12.475s][info ][gc] GC(20) Pause Young (Normal) (G1 Evacuation Pause) 155M->2M(256M) 1.107ms
[2025-03-05T14:22:48.727+0300][13.117s][info ][gc] GC(21) Pause Young (Normal) (G1 Evacuation Pause) 154M->3M(256M) 1.898ms
[2025-03-05T14:22:49.395+0300][13.785s][info ][gc] GC(22) Pause Young (Normal) (G1 Evacuation Pause) 154M->4M(256M) 2.460ms
[2025-03-05T14:22:50.080+0300][14.470s][info ][gc] GC(23) Pause Young (Normal) (G1 Evacuation Pause) 155M->2M(256M) 1.290ms
[2025-03-05T14:22:50.903+0300][15.293s][info ][gc] GC(24) Pause Young (Normal) (G1 Evacuation Pause) 154M->3M(256M) 1.711ms
[2025-03-05T14:22:51.529+0300][15.920s][info ][gc] GC(25) Pause Young (Normal) (G1 Evacuation Pause) 154M->4M(256M) 2.217ms
[2025-03-05T14:22:52.162+0300][16.553s][info ][gc] GC(26) Pause Young (Normal) (G1 Evacuation Pause) 155M->2M(256M) 1.306ms
[2025-03-05T14:22:52.803+0300][17.192s][info ][gc] GC(27) Pause Young (Normal) (G1 Evacuation Pause) 154M->3M(256M) 1.699ms
[2025-03-05T14:22:53.452+0300][17.842s][info ][gc] GC(28) Pause Young (Normal) (G1 Evacuation Pause) 154M->4M(256M) 2.469ms
[2025-03-05T14:22:54.197+0300][18.587s][info ][gc] GC(29) Pause Young (Normal) (G1 Evacuation Pause) 155M->2M(256M) 1.014ms
[2025-03-05T14:22:54.875+0300][19.265s][info ][gc] GC(30) Pause Young (Normal) (G1 Evacuation Pause) 154M->3M(256M) 1.510ms
[2025-03-05T14:22:55.500+0300][19.891s][info ][gc] GC(31) Pause Young (Normal) (G1 Evacuation Pause) 154M->3M(256M) 2.317ms
[2025-03-05T14:22:56.107+0300][20.497s][info ][gc] GC(32) Pause Young (Normal) (G1 Evacuation Pause) 154M->2M(256M) 1.320ms
[2025-03-05T14:22:56.717+0300][21.106s][info ][gc] GC(33) Pause Young (Normal) (G1 Evacuation Pause) 154M->3M(256M) 1.855ms
[2025-03-05T14:22:57.336+0300][21.726s][info ][gc] GC(34) Pause Young (Normal) (G1 Evacuation Pause) 154M->4M(256M) 2.604ms
[2025-03-05T14:22:57.934+0300][22.324s][info ][gc] GC(35) Pause Young (Normal) (G1 Evacuation Pause) 155M->3M(256M) 1.216ms
[2025-03-05T14:22:58.538+0300][22.928s][info ][gc] GC(36) Pause Young (Normal) (G1 Evacuation Pause) 155M->3M(256M) 1.850ms
[2025-03-05T14:22:59.148+0300][23.538s][info ][gc] GC(37) Pause Young (Normal) (G1 Evacuation Pause) 154M->4M(256M) 2.141ms
[2025-03-05T14:22:59.757+0300][24.147s][info ][gc] GC(38) Pause Young (Normal) (G1 Evacuation Pause) 155M->2M(256M) 1.138ms
[2025-03-05T14:23:00.368+0300][24.757s][info ][gc] GC(39) Pause Young (Normal) (G1 Evacuation Pause) 154M->3M(256M) 1.479ms
[2025-03-05T14:23:00.972+0300][25.362s][info ][gc] GC(40) Pause Young (Normal) (G1 Evacuation Pause) 154M->4M(256M) 2.348ms
[2025-03-05T14:23:01.606+0300][25.996s][info ][gc] GC(41) Pause Young (Normal) (G1 Evacuation Pause) 155M->2M(256M) 1.202ms
[2025-03-05T14:23:02.282+0300][26.671s][info ][gc] GC(42) Pause Young (Normal) (G1 Evacuation Pause) 154M->3M(256M) 1.862ms
[2025-03-05T14:23:02.883+0300][27.273s][info ][gc] GC(43) Pause Young (Normal) (G1 Evacuation Pause) 154M->4M(256M) 2.304ms
[2025-03-05T14:23:03.483+0300][27.873s][info ][gc] GC(44) Pause Young (Normal) (G1 Evacuation Pause) 155M->3M(256M) 1.226ms
[2025-03-05T14:23:04.088+0300][28.479s][info ][gc] GC(45) Pause Young (Normal) (G1 Evacuation Pause) 155M->3M(256M) 1.950ms
[2025-03-05T14:23:04.696+0300][29.086s][info ][gc] GC(46) Pause Young (Normal) (G1 Evacuation Pause) 154M->4M(256M) 2.683ms
[2025-03-05T14:23:05.450+0300][29.840s][info ][gc] GC(47) Pause Young (Normal) (G1 Evacuation Pause) 155M->2M(256M) 1.063ms
[2025-03-05T14:23:06.156+0300][30.545s][info ][gc] GC(48) Pause Young (Normal) (G1 Evacuation Pause) 154M->3M(256M) 2.190ms
[2025-03-05T14:23:06.754+0300][31.144s][info ][gc] GC(49) Pause Young (Normal) (G1 Evacuation Pause) 154M->4M(256M) 2.693ms
[2025-03-05T14:23:07.355+0300][31.745s][info ][gc] GC(50) Pause Young (Normal) (G1 Evacuation Pause) 155M->3M(256M) 1.242ms
[2025-03-05T14:23:07.956+0300][32.346s][info ][gc] GC(51) Pause Young (Normal) (G1 Evacuation Pause) 155M->3M(256M) 1.772ms
[2025-03-05T14:23:08.557+0300][32.947s][info ][gc] GC(52) Pause Young (Normal) (G1 Evacuation Pause) 154M->4M(256M) 2.709ms
[2025-03-05T14:23:09.165+0300][33.555s][info ][gc] GC(53) Pause Young (Normal) (G1 Evacuation Pause) 155M->3M(256M) 1.250ms
[2025-03-05T14:23:09.768+0300][34.158s][info ][gc] GC(54) Pause Young (Normal) (G1 Evacuation Pause) 155M->3M(256M) 1.904ms
[2025-03-05T14:23:10.376+0300][34.765s][info ][gc] GC(55) Pause Young (Normal) (G1 Evacuation Pause) 154M->4M(256M) 3.059ms
[2025-03-05T14:23:10.977+0300][35.367s][info ][gc] GC(56) Pause Young (Normal) (G1 Evacuation Pause) 155M->3M(256M) 1.202ms
[2025-03-05T14:23:11.578+0300][35.968s][info ][gc] GC(57) Pause Young (Normal) (G1 Evacuation Pause) 155M->3M(256M) 1.849ms
[2025-03-05T14:23:12.183+0300][36.573s][info ][gc] GC(58) Pause Young (Normal) (G1 Evacuation Pause) 154M->4M(256M) 2.323ms
[2025-03-05T14:23:12.785+0300][37.174s][info ][gc] GC(59) Pause Young (Normal) (G1 Evacuation Pause) 155M->3M(256M) 1.156ms
[2025-03-05T14:23:13.383+0300][37.773s][info ][gc] GC(60) Pause Young (Normal) (G1 Evacuation Pause) 155M->3M(256M) 1.742ms
[2025-03-05T14:23:13.986+0300][38.376s][info ][gc] GC(61) Pause Young (Normal) (G1 Evacuation Pause) 154M->4M(256M) 2.578ms
[2025-03-05T14:23:14.584+0300][38.974s][info ][gc] GC(62) Pause Young (Normal) (G1 Evacuation Pause) 155M->3M(256M) 1.287ms
[2025-03-05T14:23:15.195+0300][39.585s][info ][gc] GC(63) Pause Young (Normal) (G1 Evacuation Pause) 155M->3M(256M) 1.726ms
[2025-03-05T14:23:15.794+0300][40.185s][info ][gc] GC(64) Pause Young (Normal) (G1 Evacuation Pause) 154M->4M(256M) 2.181ms
[2025-03-05T14:23:16.395+0300][40.785s][info ][gc] GC(65) Pause Young (Normal) (G1 Evacuation Pause) 155M->3M(256M) 1.325ms
[2025-03-05T14:23:17.000+0300][41.390s][info ][gc] GC(66) Pause Young (Normal) (G1 Evacuation Pause) 155M->3M(256M) 2.152ms
[2025-03-05T14:23:17.599+0300][41.990s][info ][gc] GC(67) Pause Young (Normal) (G1 Evacuation Pause) 154M->4M(256M) 2.570ms
[2025-03-05T14:23:18.197+0300][42.587s][info ][gc] GC(68) Pause Young (Normal) (G1 Evacuation Pause) 155M->3M(256M) 1.233ms
[2025-03-05T14:23:18.809+0300][43.200s][info ][gc] GC(69) Pause Young (Normal) (G1 Evacuation Pause) 155M->3M(256M) 2.039ms
[2025-03-05T14:23:19.407+0300][43.796s][info ][gc] GC(70) Pause Young (Normal) (G1 Evacuation Pause) 154M->2M(256M) 0.646ms
[2025-03-05T14:23:20.020+0300][44.410s][info ][gc] GC(71) Pause Young (Normal) (G1 Evacuation Pause) 154M->3M(256M) 1.613ms
[2025-03-05T14:23:20.709+0300][45.099s][info ][gc] GC(72) Pause Young (Normal) (G1 Evacuation Pause) 155M->3M(256M) 1.668ms
[2025-03-05T14:23:21.320+0300][45.709s][info ][gc] GC(73) Pause Young (Normal) (G1 Evacuation Pause) 154M->2M(256M) 0.884ms
[2025-03-05T14:23:21.941+0300][46.332s][info ][gc] GC(74) Pause Young (Normal) (G1 Evacuation Pause) 154M->3M(256M) 1.222ms
[2025-03-05T14:23:22.544+0300][46.934s][info ][gc] GC(75) Pause Young (Normal) (G1 Evacuation Pause) 155M->3M(256M) 1.887ms
[2025-03-05T14:23:23.146+0300][47.536s][info ][gc] GC(76) Pause Young (Normal) (G1 Evacuation Pause) 154M->2M(256M) 0.813ms
[2025-03-05T14:23:23.753+0300][48.142s][info ][gc] GC(77) Pause Young (Normal) (G1 Evacuation Pause) 154M->3M(256M) 1.585ms
[2025-03-05T14:23:24.359+0300][48.749s][info ][gc] GC(78) Pause Young (Normal) (G1 Evacuation Pause) 155M->3M(256M) 1.849ms
[2025-03-05T14:23:24.959+0300][49.350s][info ][gc] GC(79) Pause Young (Normal) (G1 Evacuation Pause) 154M->2M(256M) 0.957ms
[2025-03-05T14:23:25.573+0300][49.963s][info ][gc] GC(80) Pause Young (Normal) (G1 Evacuation Pause) 154M->3M(256M) 1.552ms
[2025-03-05T14:23:26.249+0300][50.639s][info ][gc] GC(81) Pause Young (Normal) (G1 Evacuation Pause) 155M->3M(256M) 2.504ms
[2025-03-05T14:23:26.876+0300][51.266s][info ][gc] GC(82) Pause Young (Normal) (G1 Evacuation Pause) 154M->2M(256M) 1.093ms
[2025-03-05T14:23:27.475+0300][51.866s][info ][gc] GC(83) Pause Young (Normal) (G1 Evacuation Pause) 154M->3M(256M) 1.558ms
[2025-03-05T14:23:28.080+0300][52.470s][info ][gc] GC(84) Pause Young (Normal) (G1 Evacuation Pause) 155M->3M(256M) 2.124ms
[2025-03-05T14:23:28.681+0300][53.071s][info ][gc] GC(85) Pause Young (Normal) (G1 Evacuation Pause) 154M->2M(256M) 1.121ms
[2025-03-05T14:23:29.284+0300][53.674s][info ][gc] GC(86) Pause Young (Normal) (G1 Evacuation Pause) 154M->3M(256M) 1.706ms
[2025-03-05T14:23:29.891+0300][54.282s][info ][gc] GC(87) Pause Young (Normal) (G1 Evacuation Pause) 154M->4M(256M) 2.111ms
[2025-03-05T14:23:30.494+0300][54.885s][info ][gc] GC(88) Pause Young (Normal) (G1 Evacuation Pause) 155M->2M(256M) 1.189ms
[2025-03-05T14:23:31.098+0300][55.488s][info ][gc] GC(89) Pause Young (Normal) (G1 Evacuation Pause) 154M->3M(256M) 1.831ms
[2025-03-05T14:23:31.703+0300][56.093s][info ][gc] GC(90) Pause Young (Normal) (G1 Evacuation Pause) 155M->4M(256M) 2.569ms
[2025-03-05T14:23:32.308+0300][56.698s][info ][gc] GC(91) Pause Young (Normal) (G1 Evacuation Pause) 155M->3M(256M) 1.254ms
[2025-03-05T14:23:32.916+0300][57.306s][info ][gc] GC(92) Pause Young (Normal) (G1 Evacuation Pause) 155M->3M(256M) 1.889ms
[2025-03-05T14:23:33.514+0300][57.905s][info ][gc] GC(93) Pause Young (Normal) (G1 Evacuation Pause) 154M->4M(256M) 2.147ms
[2025-03-05T14:23:34.118+0300][58.508s][info ][gc] GC(94) Pause Young (Normal) (G1 Evacuation Pause) 155M->3M(256M) 1.283ms
[2025-03-05T14:23:34.721+0300][59.111s][info ][gc] GC(95) Pause Young (Normal) (G1 Evacuation Pause) 155M->3M(256M) 2.512ms
[2025-03-05T14:23:35.384+0300][59.773s][info ][gc] GC(96) Pause Young (Normal) (G1 Evacuation Pause) 154M->4M(256M) 2.540ms
[2025-03-05T14:23:36.028+0300][60.419s][info ][gc] GC(97) Pause Young (Normal) (G1 Evacuation Pause) 155M->3M(256M) 1.182ms
[2025-03-05T14:23:36.633+0300][61.023s][info ][gc] GC(98) Pause Young (Normal) (G1 Evacuation Pause) 155M->3M(256M) 1.721ms
[2025-03-05T14:23:37.230+0300][61.620s][info ][gc] GC(99) Pause Young (Normal) (G1 Evacuation Pause) 154M->4M(256M) 2.269ms
[2025-03-05T14:23:37.832+0300][62.222s][info ][gc] GC(100) Pause Young (Normal) (G1 Evacuation Pause) 155M->3M(256M) 1.388ms
[2025-03-05T14:23:38.434+0300][62.824s][info ][gc] GC(101) Pause Young (Normal) (G1 Evacuation Pause) 155M->3M(256M) 1.949ms
[2025-03-05T14:23:39.034+0300][63.424s][info ][gc] GC(102) Pause Young (Normal) (G1 Evacuation Pause) 154M->2M(256M) 0.799ms
[2025-03-05T14:23:39.637+0300][64.026s][info ][gc] GC(103) Pause Young (Normal) (G1 Evacuation Pause) 154M->3M(256M) 1.378ms
[2025-03-05T14:23:40.238+0300][64.630s][info ][gc] GC(104) Pause Young (Normal) (G1 Evacuation Pause) 155M->3M(256M) 1.809ms
[2025-03-05T14:23:40.842+0300][65.232s][info ][gc] GC(105) Pause Young (Normal) (G1 Evacuation Pause) 154M->2M(256M) 0.655ms
[2025-03-05T14:23:41.441+0300][65.832s][info ][gc] GC(106) Pause Young (Normal) (G1 Evacuation Pause) 154M->3M(256M) 1.190ms
[2025-03-05T14:23:42.053+0300][66.442s][info ][gc] GC(107) Pause Young (Normal) (G1 Evacuation Pause) 155M->3M(256M) 2.288ms
[2025-03-05T14:23:42.654+0300][67.044s][info ][gc] GC(108) Pause Young (Normal) (G1 Evacuation Pause) 154M->2M(256M) 1.034ms
[2025-03-05T14:23:43.258+0300][67.649s][info ][gc] GC(109) Pause Young (Normal) (G1 Evacuation Pause) 154M->3M(256M) 1.592ms
[2025-03-05T14:23:43.865+0300][68.255s][info ][gc] GC(110) Pause Young (Normal) (G1 Evacuation Pause) 155M->3M(256M) 1.879ms
[2025-03-05T14:23:44.468+0300][68.859s][info ][gc] GC(111) Pause Young (Normal) (G1 Evacuation Pause) 154M->2M(256M) 1.079ms
[2025-03-05T14:23:45.073+0300][69.464s][info ][gc] GC(112) Pause Young (Normal) (G1 Evacuation Pause) 154M->3M(256M) 1.509ms
[2025-03-05T14:23:45.683+0300][70.073s][info ][gc] GC(113) Pause Young (Normal) (G1 Evacuation Pause) 155M->3M(256M) 2.362ms
[2025-03-05T14:23:46.279+0300][70.669s][info ][gc] GC(114) Pause Young (Normal) (G1 Evacuation Pause) 154M->2M(256M) 0.863ms
[2025-03-05T14:23:46.883+0300][71.273s][info ][gc] GC(115) Pause Young (Normal) (G1 Evacuation Pause) 154M->3M(256M) 1.686ms
[2025-03-05T14:23:47.540+0300][71.930s][info ][gc] GC(116) Pause Young (Normal) (G1 Evacuation Pause) 155M->3M(256M) 2.345ms
[2025-03-05T14:23:48.142+0300][72.532s][info ][gc] GC(117) Pause Young (Normal) (G1 Evacuation Pause) 154M->2M(256M) 1.153ms
[2025-03-05T14:23:48.776+0300][73.166s][info ][gc] GC(118) Pause Young (Normal) (G1 Evacuation Pause) 154M->3M(256M) 1.576ms
[2025-03-05T14:23:49.377+0300][73.766s][info ][gc] GC(119) Pause Young (Normal) (G1 Evacuation Pause) 154M->4M(256M) 2.046ms
[2025-03-05T14:23:49.976+0300][74.365s][info ][gc] GC(120) Pause Young (Normal) (G1 Evacuation Pause) 155M->2M(256M) 0.918ms
[2025-03-05T14:23:50.678+0300][75.068s][info ][gc] GC(121) Pause Young (Normal) (G1 Evacuation Pause) 154M->3M(256M) 1.647ms
[2025-03-05T14:23:51.290+0300][75.681s][info ][gc] GC(122) Pause Young (Normal) (G1 Evacuation Pause) 155M->4M(256M) 2.632ms
[2025-03-05T14:23:51.913+0300][76.304s][info ][gc] GC(123) Pause Young (Normal) (G1 Evacuation Pause) 155M->3M(256M) 1.324ms
[2025-03-05T14:23:52.542+0300][76.933s][info ][gc] GC(124) Pause Young (Normal) (G1 Evacuation Pause) 155M->3M(256M) 1.692ms
[2025-03-05T14:23:53.143+0300][77.533s][info ][gc] GC(125) Pause Young (Normal) (G1 Evacuation Pause) 154M->4M(256M) 2.271ms
[2025-03-05T14:23:53.746+0300][78.135s][info ][gc] GC(126) Pause Young (Normal) (G1 Evacuation Pause) 155M->3M(256M) 1.211ms
[2025-03-05T14:23:54.369+0300][78.759s][info ][gc] GC(127) Pause Young (Normal) (G1 Evacuation Pause) 155M->3M(256M) 2.248ms
[2025-03-05T14:23:54.970+0300][79.360s][info ][gc] GC(128) Pause Young (Normal) (G1 Evacuation Pause) 154M->4M(256M) 2.949ms
[2025-03-05T14:23:55.570+0300][79.960s][info ][gc] GC(129) Pause Young (Normal) (G1 Evacuation Pause) 155M->3M(256M) 1.176ms
[2025-03-05T14:23:56.178+0300][80.568s][info ][gc] GC(130) Pause Young (Normal) (G1 Evacuation Pause) 155M->3M(256M) 1.754ms
[2025-03-05T14:23:56.780+0300][81.170s][info ][gc] GC(131) Pause Young (Normal) (G1 Evacuation Pause) 154M->4M(256M) 2.438ms
[2025-03-05T14:23:57.380+0300][81.770s][info ][gc] GC(132) Pause Young (Normal) (G1 Evacuation Pause) 155M->3M(256M) 1.298ms
[2025-03-05T14:23:57.983+0300][82.374s][info ][gc] GC(133) Pause Young (Normal) (G1 Evacuation Pause) 155M->3M(256M) 1.833ms
[2025-03-05T14:23:58.581+0300][82.971s][info ][gc] GC(134) Pause Young (Normal) (G1 Evacuation Pause) 154M->4M(256M) 2.339ms
[2025-03-05T14:23:59.182+0300][83.572s][info ][gc] GC(135) Pause Young (Normal) (G1 Evacuation Pause) 155M->3M(256M) 1.195ms
[2025-03-05T14:23:59.803+0300][84.192s][info ][gc] GC(136) Pause Young (Normal) (G1 Evacuation Pause) 155M->3M(256M) 2.015ms
[2025-03-05T14:24:00.411+0300][84.800s][info ][gc] GC(137) Pause Young (Normal) (G1 Evacuation Pause) 154M->2M(256M) 0.752ms
[2025-03-05T14:24:01.015+0300][85.404s][info ][gc] GC(138) Pause Young (Normal) (G1 Evacuation Pause) 154M->3M(256M) 1.227ms
[2025-03-05T14:24:01.622+0300][86.011s][info ][gc] GC(139) Pause Young (Normal) (G1 Evacuation Pause) 155M->3M(256M) 2.836ms
[2025-03-05T14:24:02.221+0300][86.612s][info ][gc] GC(140) Pause Young (Normal) (G1 Evacuation Pause) 154M->2M(256M) 1.044ms
[2025-03-05T14:24:02.831+0300][87.221s][info ][gc] GC(141) Pause Young (Normal) (G1 Evacuation Pause) 154M->3M(256M) 1.289ms
[2025-03-05T14:24:03.436+0300][87.826s][info ][gc] GC(142) Pause Young (Normal) (G1 Evacuation Pause) 155M->3M(256M) 2.177ms
[2025-03-05T14:24:04.039+0300][88.429s][info ][gc] GC(143) Pause Young (Normal) (G1 Evacuation Pause) 154M->2M(256M) 0.844ms
[2025-03-05T14:24:04.650+0300][89.040s][info ][gc] GC(144) Pause Young (Normal) (G1 Evacuation Pause) 154M->3M(256M) 1.423ms
[2025-03-05T14:24:05.288+0300][89.678s][info ][gc] GC(145) Pause Young (Normal) (G1 Evacuation Pause) 155M->3M(256M) 2.522ms
[2025-03-05T14:24:05.974+0300][90.365s][info ][gc] GC(146) Pause Young (Normal) (G1 Evacuation Pause) 154M->2M(256M) 1.012ms
[2025-03-05T14:24:06.579+0300][90.969s][info ][gc] GC(147) Pause Young (Normal) (G1 Evacuation Pause) 154M->3M(256M) 1.657ms
[2025-03-05T14:24:07.188+0300][91.578s][info ][gc] GC(148) Pause Young (Normal) (G1 Evacuation Pause) 155M->3M(256M) 2.661ms
[2025-03-05T14:24:07.787+0300][92.177s][info ][gc] GC(149) Pause Young (Normal) (G1 Evacuation Pause) 154M->2M(256M) 1.244ms
[2025-03-05T14:24:08.388+0300][92.778s][info ][gc] GC(150) Pause Young (Normal) (G1 Evacuation Pause) 154M->3M(256M) 1.901ms
[2025-03-05T14:24:09.051+0300][93.441s][info ][gc] GC(151) Pause Young (Normal) (G1 Evacuation Pause) 155M->4M(256M) 2.317ms
[2025-03-05T14:24:09.648+0300][94.038s][info ][gc] GC(152) Pause Young (Normal) (G1 Evacuation Pause) 155M->2M(256M) 1.052ms
[2025-03-05T14:24:10.248+0300][94.639s][info ][gc] GC(153) Pause Young (Normal) (G1 Evacuation Pause) 154M->3M(256M) 1.744ms
[2025-03-05T14:24:10.853+0300][95.243s][info ][gc] GC(154) Pause Young (Normal) (G1 Evacuation Pause) 154M->4M(256M) 2.436ms
[2025-03-05T14:24:11.447+0300][95.836s][info ][gc] GC(155) Pause Young (Normal) (G1 Evacuation Pause) 155M->2M(256M) 1.062ms
[2025-03-05T14:24:12.055+0300][96.446s][info ][gc] GC(156) Pause Young (Normal) (G1 Evacuation Pause) 154M->3M(256M) 1.943ms
[2025-03-05T14:24:12.659+0300][97.050s][info ][gc] GC(157) Pause Young (Normal) (G1 Evacuation Pause) 154M->4M(256M) 2.308ms
[2025-03-05T14:24:13.256+0300][97.646s][info ][gc] GC(158) Pause Young (Normal) (G1 Evacuation Pause) 155M->2M(256M) 1.230ms
[2025-03-05T14:24:13.860+0300][98.250s][info ][gc] GC(159) Pause Young (Normal) (G1 Evacuation Pause) 154M->3M(256M) 1.842ms
[2025-03-05T14:24:14.457+0300][98.847s][info ][gc] GC(160) Pause Young (Normal) (G1 Evacuation Pause) 154M->4M(256M) 2.189ms
[2025-03-05T14:24:15.061+0300][99.451s][info ][gc] GC(161) Pause Young (Normal) (G1 Evacuation Pause) 155M->2M(256M) 1.035ms
[2025-03-05T14:24:15.674+0300][100.064s][info ][gc] GC(162) Pause Young (Normal) (G1 Evacuation Pause) 154M->3M(256M) 1.854ms
[2025-03-05T14:24:16.283+0300][100.674s][info ][gc] GC(163) Pause Young (Normal) (G1 Evacuation Pause) 154M->4M(256M) 2.410ms
[2025-03-05T14:24:16.974+0300][101.364s][info ][gc] GC(164) Pause Young (Normal) (G1 Evacuation Pause) 155M->2M(256M) 1.333ms
[2025-03-05T14:24:17.663+0300][102.053s][info ][gc] GC(165) Pause Young (Normal) (G1 Evacuation Pause) 154M->3M(256M) 1.399ms
[2025-03-05T14:24:18.264+0300][102.654s][info ][gc] GC(166) Pause Young (Normal) (G1 Evacuation Pause) 154M->4M(256M) 2.246ms
[2025-03-05T14:24:18.861+0300][103.251s][info ][gc] GC(167) Pause Young (Normal) (G1 Evacuation Pause) 155M->2M(256M) 0.972ms
[2025-03-05T14:24:19.462+0300][103.852s][info ][gc] GC(168) Pause Young (Normal) (G1 Evacuation Pause) 154M->3M(256M) 1.764ms
[2025-03-05T14:24:20.070+0300][104.460s][info ][gc] GC(169) Pause Young (Normal) (G1 Evacuation Pause) 154M->4M(256M) 2.885ms
[2025-03-05T14:24:20.837+0300][105.227s][info ][gc] GC(170) Pause Young (Normal) (G1 Evacuation Pause) 155M->2M(256M) 0.891ms
[2025-03-05T14:24:21.497+0300][105.887s][info ][gc] GC(171) Pause Young (Normal) (G1 Evacuation Pause) 154M->3M(256M) 1.791ms
[2025-03-05T14:24:22.117+0300][106.507s][info ][gc] GC(172) Pause Young (Normal) (G1 Evacuation Pause) 154M->4M(256M) 2.173ms
[2025-03-05T14:24:22.715+0300][107.105s][info ][gc] GC(173) Pause Young (Normal) (G1 Evacuation Pause) 155M->2M(256M) 1.026ms
[2025-03-05T14:24:23.319+0300][107.709s][info ][gc] GC(174) Pause Young (Normal) (G1 Evacuation Pause) 154M->3M(256M) 1.962ms
[2025-03-05T14:24:23.917+0300][108.307s][info ][gc] GC(175) Pause Young (Normal) (G1 Evacuation Pause) 154M->4M(256M) 2.132ms
[2025-03-05T14:24:24.517+0300][108.907s][info ][gc] GC(176) Pause Young (Normal) (G1 Evacuation Pause) 155M->2M(256M) 1.104ms
[2025-03-05T14:24:25.124+0300][109.514s][info ][gc] GC(177) Pause Young (Normal) (G1 Evacuation Pause) 154M->3M(256M) 1.876ms
[2025-03-05T14:24:25.728+0300][110.118s][info ][gc] GC(178) Pause Young (Normal) (G1 Evacuation Pause) 154M->3M(256M) 2.146ms
[2025-03-05T14:24:26.331+0300][110.722s][info ][gc] GC(179) Pause Young (Normal) (G1 Evacuation Pause) 154M->2M(256M) 1.294ms
[2025-03-05T14:24:26.944+0300][111.334s][info ][gc] GC(180) Pause Young (Normal) (G1 Evacuation Pause) 154M->3M(256M) 1.748ms
[2025-03-05T14:24:27.549+0300][111.940s][info ][gc] GC(181) Pause Young (Normal) (G1 Evacuation Pause) 154M->4M(256M) 2.259ms
[2025-03-05T14:24:28.151+0300][112.542s][info ][gc] GC(182) Pause Young (Normal) (G1 Evacuation Pause) 155M->2M(256M) 1.296ms
[2025-03-05T14:24:28.755+0300][113.145s][info ][gc] GC(183) Pause Young (Normal) (G1 Evacuation Pause) 154M->3M(256M) 2.382ms
[2025-03-05T14:24:29.354+0300][113.743s][info ][gc] GC(184) Pause Young (Normal) (G1 Evacuation Pause) 154M->4M(256M) 2.539ms
[2025-03-05T14:24:29.961+0300][114.352s][info ][gc] GC(185) Pause Young (Normal) (G1 Evacuation Pause) 155M->2M(256M) 1.310ms
[2025-03-05T14:24:30.562+0300][114.953s][info ][gc] GC(186) Pause Young (Normal) (G1 Evacuation Pause) 154M->3M(256M) 1.762ms
[2025-03-05T14:24:31.160+0300][115.550s][info ][gc] GC(187) Pause Young (Normal) (G1 Evacuation Pause) 154M->4M(256M) 2.172ms
[2025-03-05T14:24:31.759+0300][116.149s][info ][gc] GC(188) Pause Young (Normal) (G1 Evacuation Pause) 155M->2M(256M) 1.276ms
[2025-03-05T14:24:32.378+0300][116.768s][info ][gc] GC(189) Pause Young (Normal) (G1 Evacuation Pause) 154M->3M(256M) 1.750ms
[2025-03-05T14:24:33.039+0300][117.429s][info ][gc] GC(190) Pause Young (Normal) (G1 Evacuation Pause) 154M->3M(256M) 2.136ms
[2025-03-05T14:24:33.646+0300][118.035s][info ][gc] GC(191) Pause Young (Normal) (G1 Evacuation Pause) 154M->3M(256M) 1.264ms
[2025-03-05T14:24:34.253+0300][118.642s][info ][gc] GC(192) Pause Young (Normal) (G1 Evacuation Pause) 155M->3M(256M) 2.037ms
[2025-03-05T14:24:34.854+0300][119.243s][info ][gc] GC(193) Pause Young (Normal) (G1 Evacuation Pause) 154M->4M(256M) 2.557ms
[2025-03-05T14:24:35.528+0300][119.918s][info ][gc] GC(194) Pause Young (Normal) (G1 Evacuation Pause) 155M->2M(256M) 1.141ms
[2025-03-05T14:24:36.172+0300][120.562s][info ][gc] GC(195) Pause Young (Normal) (G1 Evacuation Pause) 154M->3M(256M) 1.585ms
[2025-03-05T14:24:36.783+0300][121.173s][info ][gc] GC(196) Pause Young (Normal) (G1 Evacuation Pause) 154M->4M(256M) 2.190ms
[2025-03-05T14:24:37.379+0300][121.769s][info ][gc] GC(197) Pause Young (Normal) (G1 Evacuation Pause) 155M->2M(256M) 1.236ms
[2025-03-05T14:24:37.996+0300][122.386s][info ][gc] GC(198) Pause Young (Normal) (G1 Evacuation Pause) 154M->3M(256M) 1.872ms
[2025-03-05T14:24:38.595+0300][122.985s][info ][gc] GC(199) Pause Young (Normal) (G1 Evacuation Pause) 154M->4M(256M) 2.150ms
[2025-03-05T14:24:39.195+0300][123.585s][info ][gc] GC(200) Pause Young (Normal) (G1 Evacuation Pause) 155M->2M(256M) 1.225ms
[2025-03-05T14:24:39.808+0300][124.199s][info ][gc] GC(201) Pause Young (Normal) (G1 Evacuation Pause) 154M->3M(256M) 1.794ms
[2025-03-05T14:24:40.408+0300][124.798s][info ][gc] GC(202) Pause Young (Normal) (G1 Evacuation Pause) 154M->4M(256M) 2.320ms
[2025-03-05T14:24:41.007+0300][125.397s][info ][gc] GC(203) Pause Young (Normal) (G1 Evacuation Pause) 155M->3M(256M) 1.301ms
[2025-03-05T14:24:41.609+0300][125.998s][info ][gc] GC(204) Pause Young (Normal) (G1 Evacuation Pause) 155M->3M(256M) 1.751ms
[2025-03-05T14:24:42.204+0300][126.594s][info ][gc] GC(205) Pause Young (Normal) (G1 Evacuation Pause) 154M->4M(256M) 2.402ms
[2025-03-05T14:24:42.806+0300][127.195s][info ][gc] GC(206) Pause Young (Normal) (G1 Evacuation Pause) 155M->3M(256M) 1.208ms
[2025-03-05T14:24:43.415+0300][127.806s][info ][gc] GC(207) Pause Young (Normal) (G1 Evacuation Pause) 155M->3M(256M) 1.896ms
[2025-03-05T14:24:44.016+0300][128.407s][info ][gc] GC(208) Pause Young (Normal) (G1 Evacuation Pause) 154M->4M(256M) 2.259ms
[2025-03-05T14:24:44.611+0300][129.001s][info ][gc] GC(209) Pause Young (Normal) (G1 Evacuation Pause) 155M->3M(256M) 1.271ms
[2025-03-05T14:24:45.217+0300][129.607s][info ][gc] GC(210) Pause Young (Normal) (G1 Evacuation Pause) 155M->3M(256M) 1.959ms
[2025-03-05T14:24:45.821+0300][130.211s][info ][gc] GC(211) Pause Young (Normal) (G1 Evacuation Pause) 154M->4M(256M) 2.778ms
[2025-03-05T14:24:46.417+0300][130.806s][info ][gc] GC(212) Pause Young (Normal) (G1 Evacuation Pause) 155M->3M(256M) 1.042ms
[2025-03-05T14:24:47.028+0300][131.419s][info ][gc] GC(213) Pause Young (Normal) (G1 Evacuation Pause) 155M->3M(256M) 1.786ms
[2025-03-05T14:24:47.630+0300][132.020s][info ][gc] GC(214) Pause Young (Normal) (G1 Evacuation Pause) 154M->4M(256M) 2.523ms
[2025-03-05T14:24:48.227+0300][132.616s][info ][gc] GC(215) Pause Young (Normal) (G1 Evacuation Pause) 155M->3M(256M) 1.211ms
[2025-03-05T14:24:48.842+0300][133.232s][info ][gc] GC(216) Pause Young (Normal) (G1 Evacuation Pause) 155M->3M(256M) 1.598ms
[2025-03-05T14:24:49.444+0300][133.834s][info ][gc] GC(217) Pause Young (Normal) (G1 Evacuation Pause) 154M->4M(256M) 2.317ms
[2025-03-05T14:24:50.046+0300][134.436s][info ][gc] GC(218) Pause Young (Normal) (G1 Evacuation Pause) 155M->3M(256M) 1.281ms
[2025-03-05T14:24:50.740+0300][135.130s][info ][gc] GC(219) Pause Young (Normal) (G1 Evacuation Pause) 155M->3M(256M) 1.697ms
[2025-03-05T14:24:51.337+0300][135.726s][info ][gc] GC(220) Pause Young (Normal) (G1 Evacuation Pause) 154M->4M(256M) 2.383ms
[2025-03-05T14:24:51.935+0300][136.325s][info ][gc] GC(221) Pause Young (Normal) (G1 Evacuation Pause) 155M->3M(256M) 1.515ms
[2025-03-05T14:24:52.537+0300][136.928s][info ][gc] GC(222) Pause Young (Normal) (G1 Evacuation Pause) 155M->3M(256M) 1.816ms
[2025-03-05T14:24:53.141+0300][137.531s][info ][gc] GC(223) Pause Young (Normal) (G1 Evacuation Pause) 154M->4M(256M) 2.223ms
[2025-03-05T14:24:53.736+0300][138.127s][info ][gc] GC(224) Pause Young (Normal) (G1 Evacuation Pause) 155M->3M(256M) 1.227ms
[2025-03-05T14:24:54.348+0300][138.737s][info ][gc] GC(225) Pause Young (Normal) (G1 Evacuation Pause) 155M->3M(256M) 1.820ms
[2025-03-05T14:24:54.948+0300][139.339s][info ][gc] GC(226) Pause Young (Normal) (G1 Evacuation Pause) 154M->4M(256M) 2.243ms
[2025-03-05T14:24:55.553+0300][139.942s][info ][gc] GC(227) Pause Young (Normal) (G1 Evacuation Pause) 155M->3M(256M) 1.417ms
[2025-03-05T14:24:56.156+0300][140.546s][info ][gc] GC(228) Pause Young (Normal) (G1 Evacuation Pause) 155M->3M(256M) 1.721ms
[2025-03-05T14:24:56.750+0300][141.140s][info ][gc] GC(229) Pause Young (Normal) (G1 Evacuation Pause) 154M->3M(256M) 2.436ms
[2025-03-05T14:24:57.348+0300][141.739s][info ][gc] GC(230) Pause Young (Normal) (G1 Evacuation Pause) 154M->3M(256M) 1.301ms
[2025-03-05T14:24:57.951+0300][142.341s][info ][gc] GC(231) Pause Young (Normal) (G1 Evacuation Pause) 155M->3M(256M) 1.805ms
[2025-03-05T14:24:58.553+0300][142.943s][info ][gc] GC(232) Pause Young (Normal) (G1 Evacuation Pause) 154M->4M(256M) 2.634ms
[2025-03-05T14:24:59.157+0300][143.547s][info ][gc] GC(233) Pause Young (Normal) (G1 Evacuation Pause) 155M->3M(256M) 1.158ms
[2025-03-05T14:24:59.774+0300][144.164s][info ][gc] GC(234) Pause Young (Normal) (G1 Evacuation Pause) 155M->3M(256M) 2.050ms
[2025-03-05T14:25:00.379+0300][144.769s][info ][gc] GC(235) Pause Young (Normal) (G1 Evacuation Pause) 154M->2M(256M) 0.669ms
[2025-03-05T14:25:00.985+0300][145.374s][info ][gc] GC(236) Pause Young (Normal) (G1 Evacuation Pause) 154M->3M(256M) 1.675ms
[2025-03-05T14:25:01.625+0300][146.015s][info ][gc] GC(237) Pause Young (Normal) (G1 Evacuation Pause) 155M->3M(256M) 1.517ms
[2025-03-05T14:25:02.229+0300][146.618s][info ][gc] GC(238) Pause Young (Normal) (G1 Evacuation Pause) 154M->2M(256M) 0.824ms
[2025-03-05T14:25:02.832+0300][147.222s][info ][gc] GC(239) Pause Young (Normal) (G1 Evacuation Pause) 154M->3M(256M) 1.377ms
[2025-03-05T14:25:03.441+0300][147.832s][info ][gc] GC(240) Pause Young (Normal) (G1 Evacuation Pause) 155M->3M(256M) 2.083ms
[2025-03-05T14:25:04.046+0300][148.436s][info ][gc] GC(241) Pause Young (Normal) (G1 Evacuation Pause) 154M->2M(256M) 0.877ms
[2025-03-05T14:25:04.650+0300][149.041s][info ][gc] GC(242) Pause Young (Normal) (G1 Evacuation Pause) 154M->3M(256M) 1.604ms
[2025-03-05T14:25:05.276+0300][149.666s][info ][gc] GC(243) Pause Young (Normal) (G1 Evacuation Pause) 155M->3M(256M) 1.716ms
[2025-03-05T14:25:05.991+0300][150.382s][info ][gc] GC(244) Pause Young (Normal) (G1 Evacuation Pause) 154M->2M(256M) 1.008ms
[2025-03-05T14:25:06.657+0300][151.047s][info ][gc] GC(245) Pause Young (Normal) (G1 Evacuation Pause) 154M->3M(256M) 1.329ms
[2025-03-05T14:25:07.258+0300][151.648s][info ][gc] GC(246) Pause Young (Normal) (G1 Evacuation Pause) 155M->3M(256M) 1.957ms
[2025-03-05T14:25:07.859+0300][152.249s][info ][gc] GC(247) Pause Young (Normal) (G1 Evacuation Pause) 154M->2M(256M) 1.034ms
[2025-03-05T14:25:08.456+0300][152.846s][info ][gc] GC(248) Pause Young (Normal) (G1 Evacuation Pause) 154M->3M(256M) 1.436ms
[2025-03-05T14:25:09.057+0300][153.448s][info ][gc] GC(249) Pause Young (Normal) (G1 Evacuation Pause) 155M->3M(256M) 2.238ms
[2025-03-05T14:25:09.659+0300][154.050s][info ][gc] GC(250) Pause Young (Normal) (G1 Evacuation Pause) 154M->2M(256M) 1.044ms
[2025-03-05T14:25:10.263+0300][154.653s][info ][gc] GC(251) Pause Young (Normal) (G1 Evacuation Pause) 154M->3M(256M) 1.801ms
[2025-03-05T14:25:10.878+0300][155.268s][info ][gc] GC(252) Pause Young (Normal) (G1 Evacuation Pause) 155M->4M(256M) 2.382ms
[2025-03-05T14:25:11.473+0300][155.863s][info ][gc] GC(253) Pause Young (Normal) (G1 Evacuation Pause) 155M->3M(256M) 1.311ms
[2025-03-05T14:25:12.080+0300][156.470s][info ][gc] GC(254) Pause Young (Normal) (G1 Evacuation Pause) 155M->3M(256M) 1.760ms
[2025-03-05T14:25:12.684+0300][157.074s][info ][gc] GC(255) Pause Young (Normal) (G1 Evacuation Pause) 154M->4M(256M) 2.531ms
[2025-03-05T14:25:13.277+0300][157.667s][info ][gc] GC(256) Pause Young (Normal) (G1 Evacuation Pause) 155M->3M(256M) 0.996ms
[2025-03-05T14:25:13.884+0300][158.274s][info ][gc] GC(257) Pause Young (Normal) (G1 Evacuation Pause) 155M->3M(256M) 1.767ms
[2025-03-05T14:25:14.488+0300][158.879s][info ][gc] GC(258) Pause Young (Normal) (G1 Evacuation Pause) 154M->4M(256M) 2.906ms
[2025-03-05T14:25:15.088+0300][159.478s][info ][gc] GC(259) Pause Young (Normal) (G1 Evacuation Pause) 155M->2M(256M) 1.855ms
[2025-03-05T14:25:15.694+0300][160.085s][info ][gc] GC(260) Pause Young (Normal) (G1 Evacuation Pause) 154M->3M(256M) 1.640ms
[2025-03-05T14:25:16.336+0300][160.726s][info ][gc] GC(261) Pause Young (Normal) (G1 Evacuation Pause) 154M->4M(256M) 2.643ms
[2025-03-05T14:25:16.976+0300][161.366s][info ][gc] GC(262) Pause Young (Normal) (G1 Evacuation Pause) 155M->3M(256M) 1.259ms
[2025-03-05T14:25:17.580+0300][161.971s][info ][gc] GC(263) Pause Young (Normal) (G1 Evacuation Pause) 155M->3M(256M) 1.805ms
[2025-03-05T14:25:18.198+0300][162.588s][info ][gc] GC(264) Pause Young (Normal) (G1 Evacuation Pause) 154M->4M(256M) 2.026ms
[2025-03-05T14:25:18.802+0300][163.192s][info ][gc] GC(265) Pause Young (Normal) (G1 Evacuation Pause) 155M->3M(256M) 1.202ms
[2025-03-05T14:25:19.404+0300][163.794s][info ][gc] GC(266) Pause Young (Normal) (G1 Evacuation Pause) 155M->3M(256M) 1.970ms
[2025-03-05T14:25:20.009+0300][164.398s][info ][gc] GC(267) Pause Young (Normal) (G1 Evacuation Pause) 154M->2M(256M) 0.601ms
[2025-03-05T14:25:20.701+0300][165.091s][info ][gc] GC(268) Pause Young (Normal) (G1 Evacuation Pause) 154M->3M(256M) 1.288ms
[2025-03-05T14:25:21.340+0300][165.730s][info ][gc] GC(269) Pause Young (Normal) (G1 Evacuation Pause) 155M->3M(256M) 1.950ms
[2025-03-05T14:25:21.961+0300][166.350s][info ][gc] GC(270) Pause Young (Normal) (G1 Evacuation Pause) 154M->2M(256M) 0.710ms
[2025-03-05T14:25:22.560+0300][166.950s][info ][gc] GC(271) Pause Young (Normal) (G1 Evacuation Pause) 154M->3M(256M) 1.512ms
[2025-03-05T14:25:23.163+0300][167.553s][info ][gc] GC(272) Pause Young (Normal) (G1 Evacuation Pause) 155M->3M(256M) 1.990ms
[2025-03-05T14:25:23.765+0300][168.156s][info ][gc] GC(273) Pause Young (Normal) (G1 Evacuation Pause) 154M->2M(256M) 0.796ms
[2025-03-05T14:25:24.366+0300][168.757s][info ][gc] GC(274) Pause Young (Normal) (G1 Evacuation Pause) 154M->3M(256M) 1.495ms
[2025-03-05T14:25:24.980+0300][169.371s][info ][gc] GC(275) Pause Young (Normal) (G1 Evacuation Pause) 155M->3M(256M) 2.116ms
[2025-03-05T14:25:25.585+0300][169.975s][info ][gc] GC(276) Pause Young (Normal) (G1 Evacuation Pause) 154M->2M(256M) 1.023ms
[2025-03-05T14:25:26.189+0300][170.580s][info ][gc] GC(277) Pause Young (Normal) (G1 Evacuation Pause) 154M->3M(256M) 1.667ms
[2025-03-05T14:25:26.793+0300][171.184s][info ][gc] GC(278) Pause Young (Normal) (G1 Evacuation Pause) 155M->3M(256M) 2.169ms
[2025-03-05T14:25:27.398+0300][171.787s][info ][gc] GC(279) Pause Young (Normal) (G1 Evacuation Pause) 154M->2M(256M) 0.924ms
[2025-03-05T14:25:28.002+0300][172.392s][info ][gc] GC(280) Pause Young (Normal) (G1 Evacuation Pause) 154M->3M(256M) 1.668ms
[2025-03-05T14:25:28.602+0300][172.992s][info ][gc] GC(281) Pause Young (Normal) (G1 Evacuation Pause) 155M->3M(256M) 2.652ms
[2025-03-05T14:25:29.278+0300][173.668s][info ][gc] GC(282) Pause Young (Normal) (G1 Evacuation Pause) 154M->2M(256M) 1.179ms
[2025-03-05T14:25:29.902+0300][174.292s][info ][gc] GC(283) Pause Young (Normal) (G1 Evacuation Pause) 154M->3M(256M) 2.027ms
[2025-03-05T14:25:30.496+0300][174.886s][info ][gc] GC(284) Pause Young (Normal) (G1 Evacuation Pause) 154M->4M(256M) 2.306ms
[2025-03-05T14:25:31.097+0300][175.487s][info ][gc] GC(285) Pause Young (Normal) (G1 Evacuation Pause) 155M->2M(256M) 1.107ms
[2025-03-05T14:25:31.703+0300][176.093s][info ][gc] GC(286) Pause Young (Normal) (G1 Evacuation Pause) 154M->3M(256M) 1.824ms
[2025-03-05T14:25:32.311+0300][176.701s][info ][gc] GC(287) Pause Young (Normal) (G1 Evacuation Pause) 154M->4M(256M) 2.326ms
[2025-03-05T14:25:32.917+0300][177.306s][info ][gc] GC(288) Pause Young (Normal) (G1 Evacuation Pause) 155M->2M(256M) 1.091ms
[2025-03-05T14:25:33.520+0300][177.909s][info ][gc] GC(289) Pause Young (Normal) (G1 Evacuation Pause) 154M->3M(256M) 2.115ms
[2025-03-05T14:25:34.123+0300][178.513s][info ][gc] GC(290) Pause Young (Normal) (G1 Evacuation Pause) 154M->4M(256M) 2.284ms
[2025-03-05T14:25:34.724+0300][179.113s][info ][gc] GC(291) Pause Young (Normal) (G1 Evacuation Pause) 155M->2M(256M) 1.139ms
[2025-03-05T14:25:35.345+0300][179.736s][info ][gc] GC(292) Pause Young (Normal) (G1 Evacuation Pause) 154M->3M(256M) 1.805ms
[2025-03-05T14:25:36.053+0300][180.443s][info ][gc] GC(293) Pause Young (Normal) (G1 Evacuation Pause) 154M->4M(256M) 2.587ms
[2025-03-05T14:25:36.648+0300][181.038s][info ][gc] GC(294) Pause Young (Normal) (G1 Evacuation Pause) 155M->2M(256M) 1.119ms
[2025-03-05T14:25:37.247+0300][181.638s][info ][gc] GC(295) Pause Young (Normal) (G1 Evacuation Pause) 154M->3M(256M) 1.737ms
[2025-03-05T14:25:37.856+0300][182.247s][info ][gc] GC(296) Pause Young (Normal) (G1 Evacuation Pause) 154M->4M(256M) 2.189ms
[2025-03-05T14:25:38.461+0300][182.851s][info ][gc] GC(297) Pause Young (Normal) (G1 Evacuation Pause) 155M->2M(256M) 1.079ms
[2025-03-05T14:25:39.071+0300][183.461s][info ][gc] GC(298) Pause Young (Normal) (G1 Evacuation Pause) 154M->3M(256M) 1.526ms
[2025-03-05T14:25:39.676+0300][184.067s][info ][gc] GC(299) Pause Young (Normal) (G1 Evacuation Pause) 155M->4M(256M) 2.133ms
[2025-03-05T14:25:40.276+0300][184.667s][info ][gc] GC(300) Pause Young (Normal) (G1 Evacuation Pause) 155M->3M(256M) 1.041ms
[2025-03-05T14:25:40.888+0300][185.278s][info ][gc] GC(301) Pause Young (Normal) (G1 Evacuation Pause) 155M->3M(256M) 2.605ms
[2025-03-05T14:25:41.485+0300][185.875s][info ][gc] GC(302) Pause Young (Normal) (G1 Evacuation Pause) 154M->4M(256M) 2.199ms
[2025-03-05T14:25:42.084+0300][186.474s][info ][gc] GC(303) Pause Young (Normal) (G1 Evacuation Pause) 155M->3M(256M) 1.316ms
[2025-03-05T14:25:42.686+0300][187.076s][info ][gc] GC(304) Pause Young (Normal) (G1 Evacuation Pause) 155M->3M(256M) 1.932ms
[2025-03-05T14:25:43.284+0300][187.674s][info ][gc] GC(305) Pause Young (Normal) (G1 Evacuation Pause) 154M->4M(256M) 2.341ms
[2025-03-05T14:25:43.886+0300][188.276s][info ][gc] GC(306) Pause Young (Normal) (G1 Evacuation Pause) 155M->3M(256M) 1.125ms
[2025-03-05T14:25:44.490+0300][188.880s][info ][gc] GC(307) Pause Young (Normal) (G1 Evacuation Pause) 155M->3M(256M) 2.030ms
[2025-03-05T14:25:45.099+0300][189.489s][info ][gc] GC(308) Pause Young (Normal) (G1 Evacuation Pause) 154M->4M(256M) 2.225ms
[2025-03-05T14:25:45.701+0300][190.091s][info ][gc] GC(309) Pause Young (Normal) (G1 Evacuation Pause) 155M->3M(256M) 1.338ms
[2025-03-05T14:25:46.305+0300][190.695s][info ][gc] GC(310) Pause Young (Normal) (G1 Evacuation Pause) 155M->3M(256M) 1.789ms
[2025-03-05T14:25:46.903+0300][191.294s][info ][gc] GC(311) Pause Young (Normal) (G1 Evacuation Pause) 154M->4M(256M) 2.363ms
[2025-03-05T14:25:47.505+0300][191.895s][info ][gc] GC(312) Pause Young (Normal) (G1 Evacuation Pause) 155M->3M(256M) 1.296ms
[2025-03-05T14:25:48.117+0300][192.507s][info ][gc] GC(313) Pause Young (Normal) (G1 Evacuation Pause) 155M->3M(256M) 1.996ms
[2025-03-05T14:25:48.732+0300][193.121s][info ][gc] GC(314) Pause Young (Normal) (G1 Evacuation Pause) 154M->3M(256M) 2.100ms
[2025-03-05T14:25:49.341+0300][193.731s][info ][gc] GC(315) Pause Young (Normal) (G1 Evacuation Pause) 154M->3M(256M) 1.246ms
[2025-03-05T14:25:49.972+0300][194.362s][info ][gc] GC(316) Pause Young (Normal) (G1 Evacuation Pause) 155M->3M(256M) 1.819ms
[2025-03-05T14:25:50.660+0300][195.050s][info ][gc] GC(317) Pause Young (Normal) (G1 Evacuation Pause) 154M->4M(256M) 2.387ms
[2025-03-05T14:25:51.314+0300][195.703s][info ][gc] GC(318) Pause Young (Normal) (G1 Evacuation Pause) 155M->3M(256M) 1.317ms
[2025-03-05T14:25:51.924+0300][196.314s][info ][gc] GC(319) Pause Young (Normal) (G1 Evacuation Pause) 155M->3M(256M) 2.019ms
[2025-03-05T14:25:52.521+0300][196.912s][info ][gc] GC(320) Pause Young (Normal) (G1 Evacuation Pause) 154M->4M(256M) 2.954ms
[2025-03-05T14:25:53.124+0300][197.515s][info ][gc] GC(321) Pause Young (Normal) (G1 Evacuation Pause) 155M->3M(256M) 1.127ms
[2025-03-05T14:25:53.726+0300][198.116s][info ][gc] GC(322) Pause Young (Normal) (G1 Evacuation Pause) 155M->3M(256M) 1.639ms
[2025-03-05T14:25:54.323+0300][198.714s][info ][gc] GC(323) Pause Young (Normal) (G1 Evacuation Pause) 154M->4M(256M) 2.221ms
[2025-03-05T14:25:54.923+0300][199.313s][info ][gc] GC(324) Pause Young (Normal) (G1 Evacuation Pause) 155M->3M(256M) 1.449ms
[2025-03-05T14:25:55.528+0300][199.918s][info ][gc] GC(325) Pause Young (Normal) (G1 Evacuation Pause) 155M->3M(256M) 1.544ms
[2025-03-05T14:25:56.131+0300][200.521s][info ][gc] GC(326) Pause Young (Normal) (G1 Evacuation Pause) 154M->4M(256M) 2.227ms
[2025-03-05T14:25:56.736+0300][201.125s][info ][gc] GC(327) Pause Young (Normal) (G1 Evacuation Pause) 155M->3M(256M) 1.262ms
[2025-03-05T14:25:57.336+0300][201.726s][info ][gc] GC(328) Pause Young (Normal) (G1 Evacuation Pause) 155M->3M(256M) 2.002ms
[2025-03-05T14:25:57.938+0300][202.328s][info ][gc] GC(329) Pause Young (Normal) (G1 Evacuation Pause) 154M->2M(256M) 0.747ms
[2025-03-05T14:25:58.539+0300][202.929s][info ][gc] GC(330) Pause Young (Normal) (G1 Evacuation Pause) 154M->3M(256M) 1.281ms
[2025-03-05T14:25:59.143+0300][203.533s][info ][gc] GC(331) Pause Young (Normal) (G1 Evacuation Pause) 155M->3M(256M) 1.882ms
[2025-03-05T14:25:59.741+0300][204.131s][info ][gc] GC(332) Pause Young (Normal) (G1 Evacuation Pause) 154M->2M(256M) 0.748ms
[2025-03-05T14:26:00.354+0300][204.745s][info ][gc] GC(333) Pause Young (Normal) (G1 Evacuation Pause) 154M->3M(256M) 1.918ms
[2025-03-05T14:26:00.958+0300][205.348s][info ][gc] GC(334) Pause Young (Normal) (G1 Evacuation Pause) 155M->3M(256M) 1.951ms
[2025-03-05T14:26:01.554+0300][205.943s][info ][gc] GC(335) Pause Young (Normal) (G1 Evacuation Pause) 154M->2M(256M) 1.070ms
[2025-03-05T14:26:02.160+0300][206.550s][info ][gc] GC(336) Pause Young (Normal) (G1 Evacuation Pause) 154M->3M(256M) 1.483ms
[2025-03-05T14:26:02.763+0300][207.154s][info ][gc] GC(337) Pause Young (Normal) (G1 Evacuation Pause) 155M->3M(256M) 1.983ms
[2025-03-05T14:26:03.365+0300][207.755s][info ][gc] GC(338) Pause Young (Normal) (G1 Evacuation Pause) 154M->2M(256M) 0.879ms
[2025-03-05T14:26:03.971+0300][208.361s][info ][gc] GC(339) Pause Young (Normal) (G1 Evacuation Pause) 154M->3M(256M) 1.455ms
[2025-03-05T14:26:04.576+0300][208.966s][info ][gc] GC(340) Pause Young (Normal) (G1 Evacuation Pause) 155M->3M(256M) 2.161ms
[2025-03-05T14:26:05.181+0300][209.571s][info ][gc] GC(341) Pause Young (Normal) (G1 Evacuation Pause) 154M->2M(256M) 1.074ms
[2025-03-05T14:26:05.892+0300][210.282s][info ][gc] GC(342) Pause Young (Normal) (G1 Evacuation Pause) 154M->3M(256M) 1.631ms
[2025-03-05T14:26:06.543+0300][210.933s][info ][gc] GC(343) Pause Young (Normal) (G1 Evacuation Pause) 155M->4M(256M) 2.094ms
[2025-03-05T14:26:07.143+0300][211.533s][info ][gc] GC(344) Pause Young (Normal) (G1 Evacuation Pause) 155M->2M(256M) 1.094ms
[2025-03-05T14:26:07.742+0300][212.132s][info ][gc] GC(345) Pause Young (Normal) (G1 Evacuation Pause) 154M->3M(256M) 1.538ms
[2025-03-05T14:26:08.345+0300][212.735s][info ][gc] GC(346) Pause Young (Normal) (G1 Evacuation Pause) 154M->4M(256M) 1.996ms
[2025-03-05T14:26:08.940+0300][213.331s][info ][gc] GC(347) Pause Young (Normal) (G1 Evacuation Pause) 155M->2M(256M) 1.242ms
[2025-03-05T14:26:09.543+0300][213.933s][info ][gc] GC(348) Pause Young (Normal) (G1 Evacuation Pause) 154M->3M(256M) 1.927ms
[2025-03-05T14:26:10.148+0300][214.538s][info ][gc] GC(349) Pause Young (Normal) (G1 Evacuation Pause) 155M->4M(256M) 2.245ms
[2025-03-05T14:26:10.746+0300][215.137s][info ][gc] GC(350) Pause Young (Normal) (G1 Evacuation Pause) 155M->3M(256M) 1.108ms
[2025-03-05T14:26:11.353+0300][215.742s][info ][gc] GC(351) Pause Young (Normal) (G1 Evacuation Pause) 155M->3M(256M) 1.785ms
[2025-03-05T14:26:11.953+0300][216.343s][info ][gc] GC(352) Pause Young (Normal) (G1 Evacuation Pause) 154M->4M(256M) 2.515ms
[2025-03-05T14:26:12.551+0300][216.941s][info ][gc] GC(353) Pause Young (Normal) (G1 Evacuation Pause) 155M->3M(256M) 1.401ms
[2025-03-05T14:26:13.155+0300][217.545s][info ][gc] GC(354) Pause Young (Normal) (G1 Evacuation Pause) 155M->3M(256M) 2.409ms
[2025-03-05T14:26:13.754+0300][218.144s][info ][gc] GC(355) Pause Young (Normal) (G1 Evacuation Pause) 154M->4M(256M) 2.733ms
[2025-03-05T14:26:14.359+0300][218.749s][info ][gc] GC(356) Pause Young (Normal) (G1 Evacuation Pause) 155M->3M(256M) 1.183ms
[2025-03-05T14:26:14.968+0300][219.358s][info ][gc] GC(357) Pause Young (Normal) (G1 Evacuation Pause) 155M->3M(256M) 1.767ms
[2025-03-05T14:26:15.570+0300][219.960s][info ][gc] GC(358) Pause Young (Normal) (G1 Evacuation Pause) 154M->4M(256M) 3.003ms
[2025-03-05T14:26:16.168+0300][220.557s][info ][gc] GC(359) Pause Young (Normal) (G1 Evacuation Pause) 155M->3M(256M) 1.335ms
[2025-03-05T14:26:16.778+0300][221.167s][info ][gc] GC(360) Pause Young (Normal) (G1 Evacuation Pause) 155M->3M(256M) 1.733ms
[2025-03-05T14:26:17.371+0300][221.761s][info ][gc] GC(361) Pause Young (Normal) (G1 Evacuation Pause) 154M->2M(256M) 0.576ms
[2025-03-05T14:26:17.975+0300][222.364s][info ][gc] GC(362) Pause Young (Normal) (G1 Evacuation Pause) 154M->3M(256M) 1.154ms
[2025-03-05T14:26:18.585+0300][222.975s][info ][gc] GC(363) Pause Young (Normal) (G1 Evacuation Pause) 155M->3M(256M) 2.218ms
[2025-03-05T14:26:19.187+0300][223.578s][info ][gc] GC(364) Pause Young (Normal) (G1 Evacuation Pause) 154M->2M(256M) 0.916ms
[2025-03-05T14:26:19.803+0300][224.194s][info ][gc] GC(365) Pause Young (Normal) (G1 Evacuation Pause) 154M->3M(256M) 1.306ms
[2025-03-05T14:26:20.421+0300][224.810s][info ][gc] GC(366) Pause Young (Normal) (G1 Evacuation Pause) 155M->3M(256M) 2.556ms
[2025-03-05T14:26:21.217+0300][225.608s][info ][gc] GC(367) Pause Young (Normal) (G1 Evacuation Pause) 154M->2M(256M) 0.927ms
[2025-03-05T14:26:21.827+0300][226.217s][info ][gc] GC(368) Pause Young (Normal) (G1 Evacuation Pause) 154M->3M(256M) 1.410ms
[2025-03-05T14:26:22.441+0300][226.832s][info ][gc] GC(369) Pause Young (Normal) (G1 Evacuation Pause) 155M->3M(256M) 1.945ms
[2025-03-05T14:26:23.039+0300][227.428s][info ][gc] GC(370) Pause Young (Normal) (G1 Evacuation Pause) 154M->2M(256M) 0.925ms
[2025-03-05T14:26:23.639+0300][228.029s][info ][gc] GC(371) Pause Young (Normal) (G1 Evacuation Pause) 154M->3M(256M) 1.605ms
[2025-03-05T14:26:24.239+0300][228.629s][info ][gc] GC(372) Pause Young (Normal) (G1 Evacuation Pause) 155M->3M(256M) 2.296ms
[2025-03-05T14:26:24.837+0300][229.227s][info ][gc] GC(373) Pause Young (Normal) (G1 Evacuation Pause) 154M->2M(256M) 0.839ms
[2025-03-05T14:26:25.442+0300][229.832s][info ][gc] GC(374) Pause Young (Normal) (G1 Evacuation Pause) 154M->3M(256M) 1.657ms
[2025-03-05T14:26:26.048+0300][230.438s][info ][gc] GC(375) Pause Young (Normal) (G1 Evacuation Pause) 155M->3M(256M) 2.152ms
[2025-03-05T14:26:26.647+0300][231.037s][info ][gc] GC(376) Pause Young (Normal) (G1 Evacuation Pause) 154M->2M(256M) 1.118ms
[2025-03-05T14:26:27.248+0300][231.638s][info ][gc] GC(377) Pause Young (Normal) (G1 Evacuation Pause) 154M->3M(256M) 1.743ms
[2025-03-05T14:26:27.866+0300][232.256s][info ][gc] GC(378) Pause Young (Normal) (G1 Evacuation Pause) 155M->4M(256M) 2.107ms
[2025-03-05T14:26:28.466+0300][232.856s][info ][gc] GC(379) Pause Young (Normal) (G1 Evacuation Pause) 155M->3M(256M) 1.325ms
[2025-03-05T14:26:29.071+0300][233.461s][info ][gc] GC(380) Pause Young (Normal) (G1 Evacuation Pause) 155M->3M(256M) 1.673ms
[2025-03-05T14:26:29.679+0300][234.070s][info ][gc] GC(381) Pause Young (Normal) (G1 Evacuation Pause) 154M->4M(256M) 2.174ms
[2025-03-05T14:26:30.277+0300][234.667s][info ][gc] GC(382) Pause Young (Normal) (G1 Evacuation Pause) 155M->3M(256M) 1.245ms
[2025-03-05T14:26:30.881+0300][235.271s][info ][gc] GC(383) Pause Young (Normal) (G1 Evacuation Pause) 155M->3M(256M) 1.889ms
[2025-03-05T14:26:31.479+0300][235.869s][info ][gc] GC(384) Pause Young (Normal) (G1 Evacuation Pause) 154M->4M(256M) 2.288ms
[2025-03-05T14:26:32.082+0300][236.472s][info ][gc] GC(385) Pause Young (Normal) (G1 Evacuation Pause) 155M->3M(256M) 1.203ms
[2025-03-05T14:26:32.687+0300][237.078s][info ][gc] GC(386) Pause Young (Normal) (G1 Evacuation Pause) 155M->3M(256M) 2.403ms
[2025-03-05T14:26:33.307+0300][237.698s][info ][gc] GC(387) Pause Young (Normal) (G1 Evacuation Pause) 154M->4M(256M) 2.061ms
[2025-03-05T14:26:33.914+0300][238.304s][info ][gc] GC(388) Pause Young (Normal) (G1 Evacuation Pause) 155M->3M(256M) 1.041ms
[2025-03-05T14:26:34.515+0300][238.904s][info ][gc] GC(389) Pause Young (Normal) (G1 Evacuation Pause) 155M->3M(256M) 1.720ms
[2025-03-05T14:26:35.130+0300][239.520s][info ][gc] GC(390) Pause Young (Normal) (G1 Evacuation Pause) 154M->4M(256M) 2.518ms
[2025-03-05T14:26:35.821+0300][240.211s][info ][gc] GC(391) Pause Young (Normal) (G1 Evacuation Pause) 155M->3M(256M) 1.405ms
[2025-03-05T14:26:36.427+0300][240.816s][info ][gc] GC(392) Pause Young (Normal) (G1 Evacuation Pause) 155M->3M(256M) 1.755ms
[2025-03-05T14:26:37.030+0300][241.420s][info ][gc] GC(393) Pause Young (Normal) (G1 Evacuation Pause) 154M->4M(256M) 2.314ms
[2025-03-05T14:26:37.634+0300][242.025s][info ][gc] GC(394) Pause Young (Normal) (G1 Evacuation Pause) 155M->3M(256M) 1.532ms
[2025-03-05T14:26:38.320+0300][242.710s][info ][gc] GC(395) Pause Young (Normal) (G1 Evacuation Pause) 155M->3M(256M) 2.263ms
[2025-03-05T14:26:38.929+0300][243.318s][info ][gc] GC(396) Pause Young (Normal) (G1 Evacuation Pause) 154M->2M(256M) 0.807ms
[2025-03-05T14:26:39.532+0300][243.922s][info ][gc] GC(397) Pause Young (Normal) (G1 Evacuation Pause) 154M->3M(256M) 1.178ms
[2025-03-05T14:26:40.140+0300][244.530s][info ][gc] GC(398) Pause Young (Normal) (G1 Evacuation Pause) 155M->3M(256M) 1.917ms
[2025-03-05T14:26:40.736+0300][245.127s][info ][gc] GC(399) Pause Young (Normal) (G1 Evacuation Pause) 154M->2M(256M) 0.955ms
[2025-03-05T14:26:41.343+0300][245.733s][info ][gc] GC(400) Pause Young (Normal) (G1 Evacuation Pause) 154M->3M(256M) 1.467ms
[2025-03-05T14:26:41.950+0300][246.340s][info ][gc] GC(401) Pause Young (Normal) (G1 Evacuation Pause) 155M->3M(256M) 1.873ms
[2025-03-05T14:26:42.551+0300][246.941s][info ][gc] GC(402) Pause Young (Normal) (G1 Evacuation Pause) 154M->2M(256M) 0.955ms
[2025-03-05T14:26:43.164+0300][247.554s][info ][gc] GC(403) Pause Young (Normal) (G1 Evacuation Pause) 154M->3M(256M) 1.558ms
[2025-03-05T14:26:43.774+0300][248.163s][info ][gc] GC(404) Pause Young (Normal) (G1 Evacuation Pause) 155M->3M(256M) 1.943ms
[2025-03-05T14:26:44.385+0300][248.775s][info ][gc] GC(405) Pause Young (Normal) (G1 Evacuation Pause) 154M->2M(256M) 0.926ms
[2025-03-05T14:26:44.989+0300][249.378s][info ][gc] GC(406) Pause Young (Normal) (G1 Evacuation Pause) 154M->3M(256M) 1.886ms
[2025-03-05T14:26:45.597+0300][249.987s][info ][gc] GC(407) Pause Young (Normal) (G1 Evacuation Pause) 155M->3M(256M) 1.936ms
[2025-03-05T14:26:46.199+0300][250.588s][info ][gc] GC(408) Pause Young (Normal) (G1 Evacuation Pause) 154M->2M(256M) 1.053ms
[2025-03-05T14:26:46.798+0300][251.189s][info ][gc] GC(409) Pause Young (Normal) (G1 Evacuation Pause) 154M->3M(256M) 1.665ms
[2025-03-05T14:26:47.404+0300][251.794s][info ][gc] GC(410) Pause Young (Normal) (G1 Evacuation Pause) 155M->3M(256M) 2.427ms
[2025-03-05T14:26:48.002+0300][252.392s][info ][gc] GC(411) Pause Young (Normal) (G1 Evacuation Pause) 154M->2M(256M) 1.127ms
[2025-03-05T14:26:48.677+0300][253.067s][info ][gc] GC(412) Pause Young (Normal) (G1 Evacuation Pause) 154M->3M(256M) 1.766ms
[2025-03-05T14:26:49.274+0300][253.665s][info ][gc] GC(413) Pause Young (Normal) (G1 Evacuation Pause) 154M->4M(256M) 2.362ms
[2025-03-05T14:26:49.879+0300][254.268s][info ][gc] GC(414) Pause Young (Normal) (G1 Evacuation Pause) 155M->2M(256M) 1.072ms
[2025-03-05T14:26:50.536+0300][254.926s][info ][gc] GC(415) Pause Young (Normal) (G1 Evacuation Pause) 154M->3M(256M) 1.865ms
[2025-03-05T14:26:51.192+0300][255.582s][info ][gc] GC(416) Pause Young (Normal) (G1 Evacuation Pause) 154M->4M(256M) 2.279ms
[2025-03-05T14:26:51.823+0300][256.214s][info ][gc] GC(417) Pause Young (Normal) (G1 Evacuation Pause) 155M->2M(256M) 1.087ms
[2025-03-05T14:26:52.445+0300][256.835s][info ][gc] GC(418) Pause Young (Normal) (G1 Evacuation Pause) 154M->3M(256M) 1.566ms
[2025-03-05T14:26:53.052+0300][257.442s][info ][gc] GC(419) Pause Young (Normal) (G1 Evacuation Pause) 155M->4M(256M) 2.716ms
[2025-03-05T14:26:53.649+0300][258.039s][info ][gc] GC(420) Pause Young (Normal) (G1 Evacuation Pause) 155M->3M(256M) 1.218ms
[2025-03-05T14:26:54.247+0300][258.637s][info ][gc] GC(421) Pause Young (Normal) (G1 Evacuation Pause) 155M->3M(256M) 1.706ms
[2025-03-05T14:26:54.847+0300][259.237s][info ][gc] GC(422) Pause Young (Normal) (G1 Evacuation Pause) 154M->4M(256M) 2.135ms
[2025-03-05T14:26:55.458+0300][259.849s][info ][gc] GC(423) Pause Young (Normal) (G1 Evacuation Pause) 155M->3M(256M) 1.206ms
[2025-03-05T14:26:56.097+0300][260.487s][info ][gc] GC(424) Pause Young (Normal) (G1 Evacuation Pause) 155M->3M(256M) 1.754ms
[2025-03-05T14:26:56.713+0300][261.103s][info ][gc] GC(425) Pause Young (Normal) (G1 Evacuation Pause) 154M->4M(256M) 2.295ms
[2025-03-05T14:26:57.318+0300][261.707s][info ][gc] GC(426) Pause Young (Normal) (G1 Evacuation Pause) 155M->3M(256M) 1.038ms
[2025-03-05T14:26:57.918+0300][262.308s][info ][gc] GC(427) Pause Young (Normal) (G1 Evacuation Pause) 155M->3M(256M) 1.677ms
[2025-03-05T14:26:58.518+0300][262.908s][info ][gc] GC(428) Pause Young (Normal) (G1 Evacuation Pause) 154M->4M(256M) 2.391ms
[2025-03-05T14:26:59.117+0300][263.507s][info ][gc] GC(429) Pause Young (Normal) (G1 Evacuation Pause) 155M->3M(256M) 1.141ms
[2025-03-05T14:26:59.722+0300][264.112s][info ][gc] GC(430) Pause Young (Normal) (G1 Evacuation Pause) 155M->3M(256M) 2.378ms
[2025-03-05T14:27:00.323+0300][264.713s][info ][gc] GC(431) Pause Young (Normal) (G1 Evacuation Pause) 154M->2M(256M) 0.664ms
[2025-03-05T14:27:00.931+0300][265.321s][info ][gc] GC(432) Pause Young (Normal) (G1 Evacuation Pause) 154M->3M(256M) 1.178ms
[2025-03-05T14:27:01.533+0300][265.923s][info ][gc] GC(433) Pause Young (Normal) (G1 Evacuation Pause) 155M->3M(256M) 1.749ms
[2025-03-05T14:27:02.138+0300][266.528s][info ][gc] GC(434) Pause Young (Normal) (G1 Evacuation Pause) 154M->2M(256M) 0.875ms
[2025-03-05T14:27:02.743+0300][267.133s][info ][gc] GC(435) Pause Young (Normal) (G1 Evacuation Pause) 154M->3M(256M) 1.502ms
[2025-03-05T14:27:03.343+0300][267.734s][info ][gc] GC(436) Pause Young (Normal) (G1 Evacuation Pause) 155M->3M(256M) 2.155ms
[2025-03-05T14:27:03.946+0300][268.336s][info ][gc] GC(437) Pause Young (Normal) (G1 Evacuation Pause) 154M->2M(256M) 0.835ms
[2025-03-05T14:27:04.548+0300][268.938s][info ][gc] GC(438) Pause Young (Normal) (G1 Evacuation Pause) 154M->3M(256M) 1.264ms
[2025-03-05T14:27:05.155+0300][269.545s][info ][gc] GC(439) Pause Young (Normal) (G1 Evacuation Pause) 155M->3M(256M) 2.549ms
[2025-03-05T14:27:05.841+0300][270.231s][info ][gc] GC(440) Pause Young (Normal) (G1 Evacuation Pause) 154M->2M(256M) 1.038ms
[2025-03-05T14:27:06.451+0300][270.842s][info ][gc] GC(441) Pause Young (Normal) (G1 Evacuation Pause) 154M->3M(256M) 1.269ms
[2025-03-05T14:27:07.061+0300][271.451s][info ][gc] GC(442) Pause Young (Normal) (G1 Evacuation Pause) 155M->3M(256M) 2.245ms
[2025-03-05T14:27:07.668+0300][272.058s][info ][gc] GC(443) Pause Young (Normal) (G1 Evacuation Pause) 154M->2M(256M) 0.936ms
[2025-03-05T14:27:08.266+0300][272.657s][info ][gc] GC(444) Pause Young (Normal) (G1 Evacuation Pause) 154M->3M(256M) 1.594ms
[2025-03-05T14:27:08.868+0300][273.259s][info ][gc] GC(445) Pause Young (Normal) (G1 Evacuation Pause) 155M->3M(256M) 2.648ms
[2025-03-05T14:27:09.462+0300][273.852s][info ][gc] GC(446) Pause Young (Normal) (G1 Evacuation Pause) 154M->2M(256M) 0.961ms
[2025-03-05T14:27:10.066+0300][274.456s][info ][gc] GC(447) Pause Young (Normal) (G1 Evacuation Pause) 154M->3M(256M) 1.781ms
[2025-03-05T14:27:10.671+0300][275.061s][info ][gc] GC(448) Pause Young (Normal) (G1 Evacuation Pause) 155M->4M(256M) 2.035ms
[2025-03-05T14:27:11.265+0300][275.655s][info ][gc] GC(449) Pause Young (Normal) (G1 Evacuation Pause) 155M->3M(256M) 1.081ms
[2025-03-05T14:27:11.877+0300][276.267s][info ][gc] GC(450) Pause Young (Normal) (G1 Evacuation Pause) 155M->3M(256M) 1.712ms
[2025-03-05T14:27:12.477+0300][276.866s][info ][gc] GC(451) Pause Young (Normal) (G1 Evacuation Pause) 154M->4M(256M) 1.973ms
[2025-03-05T14:27:13.074+0300][277.465s][info ][gc] GC(452) Pause Young (Normal) (G1 Evacuation Pause) 155M->3M(256M) 1.334ms
[2025-03-05T14:27:13.682+0300][278.072s][info ][gc] GC(453) Pause Young (Normal) (G1 Evacuation Pause) 155M->3M(256M) 1.780ms
[2025-03-05T14:27:14.303+0300][278.693s][info ][gc] GC(454) Pause Young (Normal) (G1 Evacuation Pause) 154M->4M(256M) 2.318ms
[2025-03-05T14:27:14.923+0300][279.314s][info ][gc] GC(455) Pause Young (Normal) (G1 Evacuation Pause) 155M->3M(256M) 1.246ms
[2025-03-05T14:27:15.541+0300][279.931s][info ][gc] GC(456) Pause Young (Normal) (G1 Evacuation Pause) 155M->3M(256M) 1.803ms
[2025-03-05T14:27:16.143+0300][280.533s][info ][gc] GC(457) Pause Young (Normal) (G1 Evacuation Pause) 154M->4M(256M) 2.142ms
[2025-03-05T14:27:16.739+0300][281.129s][info ][gc] GC(458) Pause Young (Normal) (G1 Evacuation Pause) 155M->3M(256M) 1.195ms
[2025-03-05T14:27:17.353+0300][281.742s][info ][gc] GC(459) Pause Young (Normal) (G1 Evacuation Pause) 155M->3M(256M) 2.000ms
[2025-03-05T14:27:17.966+0300][282.356s][info ][gc] GC(460) Pause Young (Normal) (G1 Evacuation Pause) 154M->4M(256M) 2.287ms
[2025-03-05T14:27:18.575+0300][282.965s][info ][gc] GC(461) Pause Young (Normal) (G1 Evacuation Pause) 155M->3M(256M) 1.340ms
[2025-03-05T14:27:19.198+0300][283.588s][info ][gc] GC(462) Pause Young (Normal) (G1 Evacuation Pause) 155M->3M(256M) 1.834ms
[2025-03-05T14:27:19.802+0300][284.192s][info ][gc] GC(463) Pause Young (Normal) (G1 Evacuation Pause) 154M->2M(256M) 0.781ms
[2025-03-05T14:27:20.406+0300][284.796s][info ][gc] GC(464) Pause Young (Normal) (G1 Evacuation Pause) 154M->3M(256M) 1.262ms
[2025-03-05T14:27:21.104+0300][285.495s][info ][gc] GC(465) Pause Young (Normal) (G1 Evacuation Pause) 155M->3M(256M) 1.656ms
[2025-03-05T14:27:21.713+0300][286.103s][info ][gc] GC(466) Pause Young (Normal) (G1 Evacuation Pause) 154M->2M(256M) 0.795ms
[2025-03-05T14:27:22.323+0300][286.713s][info ][gc] GC(467) Pause Young (Normal) (G1 Evacuation Pause) 154M->3M(256M) 1.638ms
[2025-03-05T14:27:22.942+0300][287.332s][info ][gc] GC(468) Pause Young (Normal) (G1 Evacuation Pause) 155M->3M(256M) 1.952ms
[2025-03-05T14:27:23.540+0300][287.930s][info ][gc] GC(469) Pause Young (Normal) (G1 Evacuation Pause) 154M->2M(256M) 0.762ms
[2025-03-05T14:27:24.141+0300][288.531s][info ][gc] GC(470) Pause Young (Normal) (G1 Evacuation Pause) 154M->3M(256M) 1.224ms
[2025-03-05T14:27:24.749+0300][289.138s][info ][gc] GC(471) Pause Young (Normal) (G1 Evacuation Pause) 155M->3M(256M) 1.965ms
[2025-03-05T14:27:25.344+0300][289.734s][info ][gc] GC(472) Pause Young (Normal) (G1 Evacuation Pause) 154M->2M(256M) 0.883ms
[2025-03-05T14:27:26.036+0300][290.426s][info ][gc] GC(473) Pause Young (Normal) (G1 Evacuation Pause) 154M->3M(256M) 1.609ms
[2025-03-05T14:27:26.638+0300][291.029s][info ][gc] GC(474) Pause Young (Normal) (G1 Evacuation Pause) 155M->3M(256M) 2.410ms
[2025-03-05T14:27:27.239+0300][291.629s][info ][gc] GC(475) Pause Young (Normal) (G1 Evacuation Pause) 154M->2M(256M) 0.948ms
[2025-03-05T14:27:27.843+0300][292.234s][info ][gc] GC(476) Pause Young (Normal) (G1 Evacuation Pause) 154M->3M(256M) 1.827ms
[2025-03-05T14:27:28.451+0300][292.841s][info ][gc] GC(477) Pause Young (Normal) (G1 Evacuation Pause) 155M->3M(256M) 2.397ms
[2025-03-05T14:27:29.061+0300][293.451s][info ][gc] GC(478) Pause Young (Normal) (G1 Evacuation Pause) 154M->2M(256M) 1.080ms
[2025-03-05T14:27:29.664+0300][294.054s][info ][gc] GC(479) Pause Young (Normal) (G1 Evacuation Pause) 154M->3M(256M) 1.882ms
[2025-03-05T14:27:30.264+0300][294.654s][info ][gc] GC(480) Pause Young (Normal) (G1 Evacuation Pause) 154M->4M(256M) 2.063ms
[2025-03-05T14:27:30.863+0300][295.253s][info ][gc] GC(481) Pause Young (Normal) (G1 Evacuation Pause) 155M->2M(256M) 0.925ms
[2025-03-05T14:27:31.468+0300][295.859s][info ][gc] GC(482) Pause Young (Normal) (G1 Evacuation Pause) 154M->3M(256M) 1.824ms
[2025-03-05T14:27:32.066+0300][296.456s][info ][gc] GC(483) Pause Young (Normal) (G1 Evacuation Pause) 154M->4M(256M) 2.018ms
[2025-03-05T14:27:32.661+0300][297.052s][info ][gc] GC(484) Pause Young (Normal) (G1 Evacuation Pause) 155M->2M(256M) 1.264ms
[2025-03-05T14:27:33.261+0300][297.651s][info ][gc] GC(485) Pause Young (Normal) (G1 Evacuation Pause) 154M->3M(256M) 1.574ms
[2025-03-05T14:27:33.870+0300][298.261s][info ][gc] GC(486) Pause Young (Normal) (G1 Evacuation Pause) 154M->4M(256M) 2.435ms
[2025-03-05T14:27:34.468+0300][298.858s][info ][gc] GC(487) Pause Young (Normal) (G1 Evacuation Pause) 155M->2M(256M) 1.536ms
[2025-03-05T14:27:35.082+0300][299.472s][info ][gc] GC(488) Pause Young (Normal) (G1 Evacuation Pause) 154M->3M(256M) 1.790ms
[2025-03-05T14:27:35.777+0300][300.167s][info ][gc] GC(489) Pause Young (Normal) (G1 Evacuation Pause) 155M->4M(256M) 2.207ms
[2025-03-05T14:27:36.397+0300][300.787s][info ][gc] GC(490) Pause Young (Normal) (G1 Evacuation Pause) 155M->3M(256M) 1.416ms
[2025-03-05T14:27:37.002+0300][301.393s][info ][gc] GC(491) Pause Young (Normal) (G1 Evacuation Pause) 155M->3M(256M) 1.766ms
[2025-03-05T14:27:37.659+0300][302.049s][info ][gc] GC(492) Pause Young (Normal) (G1 Evacuation Pause) 154M->4M(256M) 3.105ms
[2025-03-05T14:27:38.319+0300][302.709s][info ][gc] GC(493) Pause Young (Normal) (G1 Evacuation Pause) 155M->3M(256M) 1.064ms
[2025-03-05T14:27:38.947+0300][303.337s][info ][gc] GC(494) Pause Young (Normal) (G1 Evacuation Pause) 155M->3M(256M) 1.783ms
[2025-03-05T14:27:39.567+0300][303.957s][info ][gc] GC(495) Pause Young (Normal) (G1 Evacuation Pause) 154M->4M(256M) 2.900ms
[2025-03-05T14:27:40.267+0300][304.658s][info ][gc] GC(496) Pause Young (Normal) (G1 Evacuation Pause) 155M->3M(256M) 1.108ms
[2025-03-05T14:27:40.931+0300][305.321s][info ][gc] GC(497) Pause Young (Normal) (G1 Evacuation Pause) 155M->3M(256M) 1.492ms
[2025-03-05T14:27:41.532+0300][305.922s][info ][gc] GC(498) Pause Young (Normal) (G1 Evacuation Pause) 154M->4M(256M) 2.315ms
[2025-03-05T14:27:42.137+0300][306.527s][info ][gc] GC(499) Pause Young (Normal) (G1 Evacuation Pause) 155M->3M(256M) 1.103ms
[2025-03-05T14:27:42.748+0300][307.138s][info ][gc] GC(500) Pause Young (Normal) (G1 Evacuation Pause) 155M->3M(256M) 1.828ms
[2025-03-05T14:27:43.356+0300][307.746s][info ][gc] GC(501) Pause Young (Normal) (G1 Evacuation Pause) 154M->4M(256M) 3.007ms
[2025-03-05T14:27:43.964+0300][308.354s][info ][gc] GC(502) Pause Young (Normal) (G1 Evacuation Pause) 155M->3M(256M) 1.190ms
[2025-03-05T14:27:44.568+0300][308.958s][info ][gc] GC(503) Pause Young (Normal) (G1 Evacuation Pause) 155M->3M(256M) 1.752ms
[2025-03-05T14:27:45.176+0300][309.567s][info ][gc] GC(504) Pause Young (Normal) (G1 Evacuation Pause) 154M->4M(256M) 2.427ms
[2025-03-05T14:27:45.782+0300][310.172s][info ][gc] GC(505) Pause Young (Normal) (G1 Evacuation Pause) 155M->3M(256M) 1.146ms
[2025-03-05T14:27:46.411+0300][310.801s][info ][gc] GC(506) Pause Young (Normal) (G1 Evacuation Pause) 155M->3M(256M) 1.743ms
[2025-03-05T14:27:47.038+0300][311.427s][info ][gc] GC(507) Pause Young (Normal) (G1 Evacuation Pause) 154M->4M(256M) 2.380ms
[2025-03-05T14:27:47.641+0300][312.031s][info ][gc] GC(508) Pause Young (Normal) (G1 Evacuation Pause) 155M->3M(256M) 1.345ms
[2025-03-05T14:27:48.249+0300][312.639s][info ][gc] GC(509) Pause Young (Normal) (G1 Evacuation Pause) 155M->3M(256M) 1.963ms
[2025-03-05T14:27:48.853+0300][313.243s][info ][gc] GC(510) Pause Young (Normal) (G1 Evacuation Pause) 154M->2M(256M) 0.693ms
[2025-03-05T14:27:49.456+0300][313.845s][info ][gc] GC(511) Pause Young (Normal) (G1 Evacuation Pause) 154M->3M(256M) 1.707ms
[2025-03-05T14:27:50.076+0300][314.467s][info ][gc] GC(512) Pause Young (Normal) (G1 Evacuation Pause) 155M->3M(256M) 1.906ms
[2025-03-05T14:27:50.786+0300][315.176s][info ][gc] GC(513) Pause Young (Normal) (G1 Evacuation Pause) 154M->2M(256M) 0.805ms
[2025-03-05T14:27:51.418+0300][315.808s][info ][gc] GC(514) Pause Young (Normal) (G1 Evacuation Pause) 154M->3M(256M) 1.459ms
[2025-03-05T14:27:52.030+0300][316.420s][info ][gc] GC(515) Pause Young (Normal) (G1 Evacuation Pause) 155M->3M(256M) 2.310ms
[2025-03-05T14:27:52.635+0300][317.025s][info ][gc] GC(516) Pause Young (Normal) (G1 Evacuation Pause) 154M->2M(256M) 0.757ms
[2025-03-05T14:27:53.242+0300][317.632s][info ][gc] GC(517) Pause Young (Normal) (G1 Evacuation Pause) 154M->3M(256M) 1.409ms
[2025-03-05T14:27:53.852+0300][318.242s][info ][gc] GC(518) Pause Young (Normal) (G1 Evacuation Pause) 155M->3M(256M) 2.027ms
[2025-03-05T14:27:54.458+0300][318.848s][info ][gc] GC(519) Pause Young (Normal) (G1 Evacuation Pause) 154M->2M(256M) 1.075ms
[2025-03-05T14:27:55.068+0300][319.459s][info ][gc] GC(520) Pause Young (Normal) (G1 Evacuation Pause) 154M->3M(256M) 1.592ms
[2025-03-05T14:27:55.688+0300][320.079s][info ][gc] GC(521) Pause Young (Normal) (G1 Evacuation Pause) 155M->3M(256M) 2.741ms
[2025-03-05T14:27:56.288+0300][320.678s][info ][gc] GC(522) Pause Young (Normal) (G1 Evacuation Pause) 154M->2M(256M) 1.359ms
[2025-03-05T14:27:56.895+0300][321.284s][info ][gc] GC(523) Pause Young (Normal) (G1 Evacuation Pause) 154M->3M(256M) 1.341ms
[2025-03-05T14:27:57.514+0300][321.904s][info ][gc] GC(524) Pause Young (Normal) (G1 Evacuation Pause) 155M->3M(256M) 2.373ms
[2025-03-05T14:27:58.118+0300][322.508s][info ][gc] GC(525) Pause Young (Normal) (G1 Evacuation Pause) 154M->2M(256M) 1.152ms
[2025-03-05T14:27:58.728+0300][323.118s][info ][gc] GC(526) Pause Young (Normal) (G1 Evacuation Pause) 154M->3M(256M) 1.922ms
[2025-03-05T14:27:59.338+0300][323.728s][info ][gc] GC(527) Pause Young (Normal) (G1 Evacuation Pause) 154M->3M(256M) 2.120ms
[2025-03-05T14:27:59.942+0300][324.332s][info ][gc] GC(528) Pause Young (Normal) (G1 Evacuation Pause) 154M->2M(256M) 1.069ms
[2025-03-05T14:28:00.545+0300][324.936s][info ][gc] GC(529) Pause Young (Normal) (G1 Evacuation Pause) 154M->3M(256M) 1.845ms
[2025-03-05T14:28:01.166+0300][325.555s][info ][gc] GC(530) Pause Young (Normal) (G1 Evacuation Pause) 155M->4M(256M) 2.564ms
[2025-03-05T14:28:01.771+0300][326.161s][info ][gc] GC(531) Pause Young (Normal) (G1 Evacuation Pause) 155M->3M(256M) 1.146ms
[2025-03-05T14:28:02.380+0300][326.770s][info ][gc] GC(532) Pause Young (Normal) (G1 Evacuation Pause) 155M->3M(256M) 1.901ms
[2025-03-05T14:28:02.994+0300][327.384s][info ][gc] GC(533) Pause Young (Normal) (G1 Evacuation Pause) 154M->4M(256M) 2.374ms
[2025-03-05T14:28:03.593+0300][327.983s][info ][gc] GC(534) Pause Young (Normal) (G1 Evacuation Pause) 155M->3M(256M) 1.096ms
[2025-03-05T14:28:04.208+0300][328.598s][info ][gc] GC(535) Pause Young (Normal) (G1 Evacuation Pause) 155M->3M(256M) 1.873ms
[2025-03-05T14:28:04.820+0300][329.210s][info ][gc] GC(536) Pause Young (Normal) (G1 Evacuation Pause) 154M->4M(256M) 2.383ms
[2025-03-05T14:28:05.441+0300][329.831s][info ][gc] GC(537) Pause Young (Normal) (G1 Evacuation Pause) 155M->3M(256M) 1.352ms
[2025-03-05T14:28:06.176+0300][330.566s][info ][gc] GC(538) Pause Young (Normal) (G1 Evacuation Pause) 155M->3M(256M) 1.801ms
[2025-03-05T14:28:06.777+0300][331.166s][info ][gc] GC(539) Pause Young (Normal) (G1 Evacuation Pause) 154M->4M(256M) 2.323ms
[2025-03-05T14:28:07.382+0300][331.773s][info ][gc] GC(540) Pause Young (Normal) (G1 Evacuation Pause) 155M->3M(256M) 1.102ms
[2025-03-05T14:28:08.008+0300][332.398s][info ][gc] GC(541) Pause Young (Normal) (G1 Evacuation Pause) 155M->3M(256M) 1.933ms
[2025-03-05T14:28:08.621+0300][333.011s][info ][gc] GC(542) Pause Young (Normal) (G1 Evacuation Pause) 154M->2M(256M) 0.711ms
[2025-03-05T14:28:09.229+0300][333.619s][info ][gc] GC(543) Pause Young (Normal) (G1 Evacuation Pause) 154M->3M(256M) 1.745ms
[2025-03-05T14:28:09.841+0300][334.230s][info ][gc] GC(544) Pause Young (Normal) (G1 Evacuation Pause) 155M->3M(256M) 1.728ms
[2025-03-05T14:28:10.509+0300][334.899s][info ][gc] GC(545) Pause Young (Normal) (G1 Evacuation Pause) 154M->2M(256M) 0.914ms
[2025-03-05T14:28:11.122+0300][335.512s][info ][gc] GC(546) Pause Young (Normal) (G1 Evacuation Pause) 154M->3M(256M) 1.465ms
[2025-03-05T14:28:11.744+0300][336.135s][info ][gc] GC(547) Pause Young (Normal) (G1 Evacuation Pause) 155M->3M(256M) 2.044ms
[2025-03-05T14:28:12.343+0300][336.733s][info ][gc] GC(548) Pause Young (Normal) (G1 Evacuation Pause) 154M->2M(256M) 0.867ms
[2025-03-05T14:28:12.954+0300][337.344s][info ][gc] GC(549) Pause Young (Normal) (G1 Evacuation Pause) 154M->3M(256M) 1.859ms
[2025-03-05T14:28:13.567+0300][337.957s][info ][gc] GC(550) Pause Young (Normal) (G1 Evacuation Pause) 155M->3M(256M) 2.062ms
[2025-03-05T14:28:14.170+0300][338.561s][info ][gc] GC(551) Pause Young (Normal) (G1 Evacuation Pause) 154M->2M(256M) 1.023ms
[2025-03-05T14:28:14.787+0300][339.177s][info ][gc] GC(552) Pause Young (Normal) (G1 Evacuation Pause) 154M->3M(256M) 1.998ms
[2025-03-05T14:28:15.402+0300][339.792s][info ][gc] GC(553) Pause Young (Normal) (G1 Evacuation Pause) 155M->3M(256M) 2.205ms
[2025-03-05T14:28:16.013+0300][340.402s][info ][gc] GC(554) Pause Young (Normal) (G1 Evacuation Pause) 154M->2M(256M) 0.990ms
[2025-03-05T14:28:16.619+0300][341.009s][info ][gc] GC(555) Pause Young (Normal) (G1 Evacuation Pause) 154M->3M(256M) 1.797ms
[2025-03-05T14:28:17.237+0300][341.628s][info ][gc] GC(556) Pause Young (Normal) (G1 Evacuation Pause) 155M->4M(256M) 1.912ms
[2025-03-05T14:28:17.842+0300][342.231s][info ][gc] GC(557) Pause Young (Normal) (G1 Evacuation Pause) 155M->2M(256M) 0.923ms
[2025-03-05T14:28:18.447+0300][342.838s][info ][gc] GC(558) Pause Young (Normal) (G1 Evacuation Pause) 154M->3M(256M) 1.753ms
[2025-03-05T14:28:19.068+0300][343.458s][info ][gc] GC(559) Pause Young (Normal) (G1 Evacuation Pause) 154M->4M(256M) 2.409ms
[2025-03-05T14:28:19.676+0300][344.065s][info ][gc] GC(560) Pause Young (Normal) (G1 Evacuation Pause) 155M->2M(256M) 1.060ms
[2025-03-05T14:28:20.289+0300][344.679s][info ][gc] GC(561) Pause Young (Normal) (G1 Evacuation Pause) 154M->3M(256M) 2.588ms
[2025-03-05T14:28:21.057+0300][345.448s][info ][gc] GC(562) Pause Young (Normal) (G1 Evacuation Pause) 155M->4M(256M) 2.467ms
[2025-03-05T14:28:21.706+0300][346.096s][info ][gc] GC(563) Pause Young (Normal) (G1 Evacuation Pause) 155M->3M(256M) 0.991ms
[2025-03-05T14:28:22.335+0300][346.725s][info ][gc] GC(564) Pause Young (Normal) (G1 Evacuation Pause) 155M->3M(256M) 1.596ms
[2025-03-05T14:28:22.951+0300][347.341s][info ][gc] GC(565) Pause Young (Normal) (G1 Evacuation Pause) 154M->4M(256M) 2.314ms
[2025-03-05T14:28:23.551+0300][347.941s][info ][gc] GC(566) Pause Young (Normal) (G1 Evacuation Pause) 155M->3M(256M) 1.208ms
[2025-03-05T14:28:24.216+0300][348.607s][info ][gc] GC(567) Pause Young (Normal) (G1 Evacuation Pause) 155M->3M(256M) 1.504ms
[2025-03-05T14:28:24.834+0300][349.223s][info ][gc] GC(568) Pause Young (Normal) (G1 Evacuation Pause) 154M->4M(256M) 2.295ms
[2025-03-05T14:28:25.436+0300][349.826s][info ][gc] GC(569) Pause Young (Normal) (G1 Evacuation Pause) 155M->3M(256M) 1.262ms
[2025-03-05T14:28:26.053+0300][350.444s][info ][gc] GC(570) Pause Young (Normal) (G1 Evacuation Pause) 155M->3M(256M) 1.892ms
[2025-03-05T14:28:26.657+0300][351.047s][info ][gc] GC(571) Pause Young (Normal) (G1 Evacuation Pause) 154M->4M(256M) 2.365ms
[2025-03-05T14:28:27.258+0300][351.647s][info ][gc] GC(572) Pause Young (Normal) (G1 Evacuation Pause) 155M->3M(256M) 1.175ms
[2025-03-05T14:28:27.874+0300][352.265s][info ][gc] GC(573) Pause Young (Normal) (G1 Evacuation Pause) 155M->3M(256M) 1.473ms
[2025-03-05T14:28:28.489+0300][352.880s][info ][gc] GC(574) Pause Young (Normal) (G1 Evacuation Pause) 154M->4M(256M) 2.383ms
[2025-03-05T14:28:29.103+0300][353.493s][info ][gc] GC(575) Pause Young (Normal) (G1 Evacuation Pause) 155M->3M(256M) 1.157ms
[2025-03-05T14:28:29.710+0300][354.100s][info ][gc] GC(576) Pause Young (Normal) (G1 Evacuation Pause) 155M->3M(256M) 1.916ms
[2025-03-05T14:28:30.315+0300][354.705s][info ][gc] GC(577) Pause Young (Normal) (G1 Evacuation Pause) 154M->2M(256M) 0.524ms
[2025-03-05T14:28:30.926+0300][355.315s][info ][gc] GC(578) Pause Young (Normal) (G1 Evacuation Pause) 154M->3M(256M) 1.094ms
[2025-03-05T14:28:31.530+0300][355.920s][info ][gc] GC(579) Pause Young (Normal) (G1 Evacuation Pause) 155M->3M(256M) 2.070ms
[2025-03-05T14:28:32.132+0300][356.521s][info ][gc] GC(580) Pause Young (Normal) (G1 Evacuation Pause) 154M->2M(256M) 0.892ms
[2025-03-05T14:28:32.740+0300][357.130s][info ][gc] GC(581) Pause Young (Normal) (G1 Evacuation Pause) 154M->3M(256M) 1.405ms
[2025-03-05T14:28:33.358+0300][357.748s][info ][gc] GC(582) Pause Young (Normal) (G1 Evacuation Pause) 155M->3M(256M) 1.983ms
[2025-03-05T14:28:33.966+0300][358.356s][info ][gc] GC(583) Pause Young (Normal) (G1 Evacuation Pause) 154M->2M(256M) 0.983ms
[2025-03-05T14:28:34.571+0300][358.960s][info ][gc] GC(584) Pause Young (Normal) (G1 Evacuation Pause) 154M->3M(256M) 1.306ms
[2025-03-05T14:28:35.220+0300][359.611s][info ][gc] GC(585) Pause Young (Normal) (G1 Evacuation Pause) 155M->3M(256M) 2.450ms
[2025-03-05T14:28:35.991+0300][360.381s][info ][gc] GC(586) Pause Young (Normal) (G1 Evacuation Pause) 154M->2M(256M) 0.672ms
[2025-03-05T14:28:36.620+0300][361.010s][info ][gc] GC(587) Pause Young (Normal) (G1 Evacuation Pause) 154M->3M(256M) 1.595ms
[2025-03-05T14:28:37.241+0300][361.630s][info ][gc] GC(588) Pause Young (Normal) (G1 Evacuation Pause) 155M->3M(256M) 2.205ms
[2025-03-05T14:28:37.888+0300][362.277s][info ][gc] GC(589) Pause Young (Normal) (G1 Evacuation Pause) 154M->2M(256M) 1.242ms
[2025-03-05T14:28:38.550+0300][362.940s][info ][gc] GC(590) Pause Young (Normal) (G1 Evacuation Pause) 154M->3M(256M) 1.840ms
[2025-03-05T14:28:39.203+0300][363.594s][info ][gc] GC(591) Pause Young (Normal) (G1 Evacuation Pause) 155M->4M(256M) 2.231ms
[2025-03-05T14:28:39.896+0300][364.286s][info ][gc] GC(592) Pause Young (Normal) (G1 Evacuation Pause) 155M->2M(256M) 0.971ms
[2025-03-05T14:28:40.510+0300][364.900s][info ][gc] GC(593) Pause Young (Normal) (G1 Evacuation Pause) 154M->3M(256M) 1.565ms
[2025-03-05T14:28:41.126+0300][365.516s][info ][gc] GC(594) Pause Young (Normal) (G1 Evacuation Pause) 154M->3M(256M) 1.947ms
[2025-03-05T14:28:41.726+0300][366.116s][info ][gc] GC(595) Pause Young (Normal) (G1 Evacuation Pause) 154M->2M(256M) 1.119ms
[2025-03-05T14:28:42.335+0300][366.726s][info ][gc] GC(596) Pause Young (Normal) (G1 Evacuation Pause) 154M->3M(256M) 1.489ms
[2025-03-05T14:28:42.945+0300][367.335s][info ][gc] GC(597) Pause Young (Normal) (G1 Evacuation Pause) 155M->4M(256M) 2.210ms
[2025-03-05T14:28:43.550+0300][367.940s][info ][gc] GC(598) Pause Young (Normal) (G1 Evacuation Pause) 155M->3M(256M) 1.233ms
[2025-03-05T14:28:44.163+0300][368.553s][info ][gc] GC(599) Pause Young (Normal) (G1 Evacuation Pause) 155M->3M(256M) 1.841ms
[2025-03-05T14:28:44.772+0300][369.162s][info ][gc] GC(600) Pause Young (Normal) (G1 Evacuation Pause) 154M->4M(256M) 2.175ms
[2025-03-05T14:28:45.374+0300][369.764s][info ][gc] GC(601) Pause Young (Normal) (G1 Evacuation Pause) 155M->3M(256M) 1.085ms
[2025-03-05T14:28:45.984+0300][370.375s][info ][gc] GC(602) Pause Young (Normal) (G1 Evacuation Pause) 155M->3M(256M) 1.573ms
[2025-03-05T14:28:46.586+0300][370.976s][info ][gc] GC(603) Pause Young (Normal) (G1 Evacuation Pause) 154M->4M(256M) 2.192ms
[2025-03-05T14:28:47.195+0300][371.586s][info ][gc] GC(604) Pause Young (Normal) (G1 Evacuation Pause) 155M->3M(256M) 1.154ms
[2025-03-05T14:28:47.806+0300][372.196s][info ][gc] GC(605) Pause Young (Normal) (G1 Evacuation Pause) 155M->3M(256M) 1.843ms
[2025-03-05T14:28:48.417+0300][372.807s][info ][gc] GC(606) Pause Young (Normal) (G1 Evacuation Pause) 154M->4M(256M) 2.252ms
[2025-03-05T14:28:49.038+0300][373.429s][info ][gc] GC(607) Pause Young (Normal) (G1 Evacuation Pause) 155M->3M(256M) 1.210ms
[2025-03-05T14:28:49.651+0300][374.041s][info ][gc] GC(608) Pause Young (Normal) (G1 Evacuation Pause) 155M->3M(256M) 1.883ms
[2025-03-05T14:28:50.256+0300][374.647s][info ][gc] GC(609) Pause Young (Normal) (G1 Evacuation Pause) 154M->4M(256M) 3.334ms
[2025-03-05T14:28:50.996+0300][375.386s][info ][gc] GC(610) Pause Young (Normal) (G1 Evacuation Pause) 155M->3M(256M) 1.210ms
[2025-03-05T14:28:51.618+0300][376.009s][info ][gc] GC(611) Pause Young (Normal) (G1 Evacuation Pause) 155M->3M(256M) 1.897ms
[2025-03-05T14:28:52.227+0300][376.617s][info ][gc] GC(612) Pause Young (Normal) (G1 Evacuation Pause) 154M->2M(256M) 0.562ms
[2025-03-05T14:28:52.836+0300][377.226s][info ][gc] GC(613) Pause Young (Normal) (G1 Evacuation Pause) 154M->3M(256M) 1.276ms
[2025-03-05T14:28:53.444+0300][377.834s][info ][gc] GC(614) Pause Young (Normal) (G1 Evacuation Pause) 155M->3M(256M) 1.889ms
[2025-03-05T14:28:54.045+0300][378.434s][info ][gc] GC(615) Pause Young (Normal) (G1 Evacuation Pause) 154M->2M(256M) 0.753ms
[2025-03-05T14:28:54.658+0300][379.048s][info ][gc] GC(616) Pause Young (Normal) (G1 Evacuation Pause) 154M->3M(256M) 1.326ms
[2025-03-05T14:28:55.274+0300][379.664s][info ][gc] GC(617) Pause Young (Normal) (G1 Evacuation Pause) 155M->3M(256M) 1.740ms
[2025-03-05T14:28:55.881+0300][380.271s][info ][gc] GC(618) Pause Young (Normal) (G1 Evacuation Pause) 154M->2M(256M) 1.049ms
[2025-03-05T14:28:56.491+0300][380.881s][info ][gc] GC(619) Pause Young (Normal) (G1 Evacuation Pause) 154M->3M(256M) 1.401ms
[2025-03-05T14:28:57.103+0300][381.494s][info ][gc] GC(620) Pause Young (Normal) (G1 Evacuation Pause) 155M->3M(256M) 2.202ms
[2025-03-05T14:28:57.708+0300][382.098s][info ][gc] GC(621) Pause Young (Normal) (G1 Evacuation Pause) 154M->2M(256M) 1.012ms
[2025-03-05T14:28:58.313+0300][382.702s][info ][gc] GC(622) Pause Young (Normal) (G1 Evacuation Pause) 154M->3M(256M) 1.429ms
[2025-03-05T14:28:58.922+0300][383.312s][info ][gc] GC(623) Pause Young (Normal) (G1 Evacuation Pause) 155M->4M(256M) 3.055ms
[2025-03-05T14:28:59.523+0300][383.914s][info ][gc] GC(624) Pause Young (Normal) (G1 Evacuation Pause) 155M->2M(256M) 0.928ms
[2025-03-05T14:29:00.147+0300][384.537s][info ][gc] GC(625) Pause Young (Normal) (G1 Evacuation Pause) 154M->3M(256M) 1.533ms
[2025-03-05T14:29:00.757+0300][385.148s][info ][gc] GC(626) Pause Young (Normal) (G1 Evacuation Pause) 155M->4M(256M) 2.352ms
[2025-03-05T14:29:01.360+0300][385.750s][info ][gc] GC(627) Pause Young (Normal) (G1 Evacuation Pause) 155M->2M(256M) 1.128ms
[2025-03-05T14:29:01.965+0300][386.355s][info ][gc] GC(628) Pause Young (Normal) (G1 Evacuation Pause) 154M->3M(256M) 1.554ms
[2025-03-05T14:29:02.572+0300][386.961s][info ][gc] GC(629) Pause Young (Normal) (G1 Evacuation Pause) 155M->4M(256M) 1.965ms
[2025-03-05T14:29:03.181+0300][387.570s][info ][gc] GC(630) Pause Young (Normal) (G1 Evacuation Pause) 155M->2M(256M) 1.316ms
[2025-03-05T14:29:03.801+0300][388.191s][info ][gc] GC(631) Pause Young (Normal) (G1 Evacuation Pause) 154M->3M(256M) 1.508ms
[2025-03-05T14:29:04.424+0300][388.814s][info ][gc] GC(632) Pause Young (Normal) (G1 Evacuation Pause) 154M->4M(256M) 3.272ms
[2025-03-05T14:29:05.032+0300][389.422s][info ][gc] GC(633) Pause Young (Normal) (G1 Evacuation Pause) 155M->3M(256M) 1.278ms
[2025-03-05T14:29:05.737+0300][390.127s][info ][gc] GC(634) Pause Young (Normal) (G1 Evacuation Pause) 155M->3M(256M) 1.733ms
[2025-03-05T14:29:06.407+0300][390.797s][info ][gc] GC(635) Pause Young (Normal) (G1 Evacuation Pause) 154M->4M(256M) 2.586ms
[2025-03-05T14:29:07.015+0300][391.404s][info ][gc] GC(636) Pause Young (Normal) (G1 Evacuation Pause) 155M->3M(256M) 1.291ms
[2025-03-05T14:29:07.627+0300][392.017s][info ][gc] GC(637) Pause Young (Normal) (G1 Evacuation Pause) 155M->3M(256M) 1.760ms
[2025-03-05T14:29:08.233+0300][392.623s][info ][gc] GC(638) Pause Young (Normal) (G1 Evacuation Pause) 154M->4M(256M) 2.596ms
[2025-03-05T14:29:08.837+0300][393.227s][info ][gc] GC(639) Pause Young (Normal) (G1 Evacuation Pause) 155M->3M(256M) 1.070ms
[2025-03-05T14:29:09.448+0300][393.838s][info ][gc] GC(640) Pause Young (Normal) (G1 Evacuation Pause) 155M->3M(256M) 1.682ms
[2025-03-05T14:29:10.054+0300][394.443s][info ][gc] GC(641) Pause Young (Normal) (G1 Evacuation Pause) 154M->4M(256M) 2.487ms
[2025-03-05T14:29:10.667+0300][395.057s][info ][gc] GC(642) Pause Young (Normal) (G1 Evacuation Pause) 155M->3M(256M) 1.158ms
[2025-03-05T14:29:11.278+0300][395.667s][info ][gc] GC(643) Pause Young (Normal) (G1 Evacuation Pause) 155M->3M(256M) 1.723ms
[2025-03-05T14:29:11.884+0300][396.274s][info ][gc] GC(644) Pause Young (Normal) (G1 Evacuation Pause) 154M->2M(256M) 0.714ms
[2025-03-05T14:29:12.492+0300][396.882s][info ][gc] GC(645) Pause Young (Normal) (G1 Evacuation Pause) 154M->3M(256M) 1.213ms
[2025-03-05T14:29:13.104+0300][397.494s][info ][gc] GC(646) Pause Young (Normal) (G1 Evacuation Pause) 155M->3M(256M) 2.217ms
[2025-03-05T14:29:13.707+0300][398.097s][info ][gc] GC(647) Pause Young (Normal) (G1 Evacuation Pause) 154M->2M(256M) 0.630ms
[2025-03-05T14:29:14.318+0300][398.707s][info ][gc] GC(648) Pause Young (Normal) (G1 Evacuation Pause) 154M->3M(256M) 1.175ms
[2025-03-05T14:29:14.928+0300][399.317s][info ][gc] GC(649) Pause Young (Normal) (G1 Evacuation Pause) 155M->3M(256M) 1.769ms
[2025-03-05T14:29:15.527+0300][399.917s][info ][gc] GC(650) Pause Young (Normal) (G1 Evacuation Pause) 154M->2M(256M) 0.771ms
[2025-03-05T14:29:16.151+0300][400.541s][info ][gc] GC(651) Pause Young (Normal) (G1 Evacuation Pause) 154M->3M(256M) 1.519ms
[2025-03-05T14:29:16.761+0300][401.151s][info ][gc] GC(652) Pause Young (Normal) (G1 Evacuation Pause) 155M->3M(256M) 2.068ms
[2025-03-05T14:29:17.360+0300][401.750s][info ][gc] GC(653) Pause Young (Normal) (G1 Evacuation Pause) 154M->2M(256M) 0.910ms
[2025-03-05T14:29:17.970+0300][402.361s][info ][gc] GC(654) Pause Young (Normal) (G1 Evacuation Pause) 154M->3M(256M) 1.350ms
[2025-03-05T14:29:18.577+0300][402.968s][info ][gc] GC(655) Pause Young (Normal) (G1 Evacuation Pause) 155M->3M(256M) 2.062ms
[2025-03-05T14:29:19.197+0300][403.587s][info ][gc] GC(656) Pause Young (Normal) (G1 Evacuation Pause) 154M->2M(256M) 1.013ms
[2025-03-05T14:29:19.848+0300][404.239s][info ][gc] GC(657) Pause Young (Normal) (G1 Evacuation Pause) 154M->3M(256M) 1.724ms
[2025-03-05T14:29:20.473+0300][404.864s][info ][gc] GC(658) Pause Young (Normal) (G1 Evacuation Pause) 155M->3M(256M) 2.291ms
[2025-03-05T14:29:21.188+0300][405.578s][info ][gc] GC(659) Pause Young (Normal) (G1 Evacuation Pause) 154M->2M(256M) 1.564ms
[2025-03-05T14:29:21.805+0300][406.195s][info ][gc] GC(660) Pause Young (Normal) (G1 Evacuation Pause) 154M->3M(256M) 1.751ms
[2025-03-05T14:29:22.415+0300][406.806s][info ][gc] GC(661) Pause Young (Normal) (G1 Evacuation Pause) 155M->4M(256M) 2.211ms
[2025-03-05T14:29:23.021+0300][407.411s][info ][gc] GC(662) Pause Young (Normal) (G1 Evacuation Pause) 155M->3M(256M) 1.524ms
[2025-03-05T14:29:23.630+0300][408.021s][info ][gc] GC(663) Pause Young (Normal) (G1 Evacuation Pause) 155M->3M(256M) 2.276ms
[2025-03-05T14:29:24.236+0300][408.626s][info ][gc] GC(664) Pause Young (Normal) (G1 Evacuation Pause) 154M->4M(256M) 2.248ms
[2025-03-05T14:29:24.839+0300][409.229s][info ][gc] GC(665) Pause Young (Normal) (G1 Evacuation Pause) 155M->3M(256M) 1.110ms
[2025-03-05T14:29:25.445+0300][409.835s][info ][gc] GC(666) Pause Young (Normal) (G1 Evacuation Pause) 155M->3M(256M) 1.678ms
[2025-03-05T14:29:26.058+0300][410.448s][info ][gc] GC(667) Pause Young (Normal) (G1 Evacuation Pause) 154M->4M(256M) 2.147ms
[2025-03-05T14:29:26.672+0300][411.062s][info ][gc] GC(668) Pause Young (Normal) (G1 Evacuation Pause) 155M->3M(256M) 1.300ms
[2025-03-05T14:29:27.276+0300][411.667s][info ][gc] GC(669) Pause Young (Normal) (G1 Evacuation Pause) 155M->3M(256M) 1.646ms
[2025-03-05T14:29:27.882+0300][412.272s][info ][gc] GC(670) Pause Young (Normal) (G1 Evacuation Pause) 154M->4M(256M) 2.263ms
[2025-03-05T14:29:28.484+0300][412.874s][info ][gc] GC(671) Pause Young (Normal) (G1 Evacuation Pause) 155M->3M(256M) 1.117ms
[2025-03-05T14:29:29.093+0300][413.484s][info ][gc] GC(672) Pause Young (Normal) (G1 Evacuation Pause) 155M->3M(256M) 1.739ms
[2025-03-05T14:29:29.701+0300][414.090s][info ][gc] GC(673) Pause Young (Normal) (G1 Evacuation Pause) 154M->4M(256M) 2.348ms
[2025-03-05T14:29:30.302+0300][414.692s][info ][gc] GC(674) Pause Young (Normal) (G1 Evacuation Pause) 155M->3M(256M) 1.234ms
[2025-03-05T14:29:30.911+0300][415.302s][info ][gc] GC(675) Pause Young (Normal) (G1 Evacuation Pause) 155M->3M(256M) 1.676ms
[2025-03-05T14:29:31.515+0300][415.906s][info ][gc] GC(676) Pause Young (Normal) (G1 Evacuation Pause) 154M->4M(256M) 2.176ms
[2025-03-05T14:29:32.132+0300][416.522s][info ][gc] GC(677) Pause Young (Normal) (G1 Evacuation Pause) 155M->3M(256M) 1.074ms
[2025-03-05T14:29:32.741+0300][417.131s][info ][gc] GC(678) Pause Young (Normal) (G1 Evacuation Pause) 155M->3M(256M) 1.729ms
[2025-03-05T14:29:33.342+0300][417.732s][info ][gc] GC(679) Pause Young (Normal) (G1 Evacuation Pause) 154M->2M(256M) 0.759ms
[2025-03-05T14:29:33.956+0300][418.346s][info ][gc] GC(680) Pause Young (Normal) (G1 Evacuation Pause) 154M->3M(256M) 1.331ms
[2025-03-05T14:29:34.564+0300][418.954s][info ][gc] GC(681) Pause Young (Normal) (G1 Evacuation Pause) 155M->3M(256M) 1.777ms
