[2025-03-05T02:14:16.103+0300][0.014s][info][gc] Using G1
[2025-03-05T02:14:16.104+0300][0.014s][debug][gc] ConcGCThreads: 2 offset 16
[2025-03-05T02:14:16.104+0300][0.015s][debug][gc] ParallelGCThreads: 8
[2025-03-05T02:14:16.104+0300][0.015s][debug][gc] Initialize mark stack with 4096 chunks, maximum 524288
[2025-03-05T02:14:16.526+0300][0.437s][info ][gc] GC(0) Pause Young (Normal) (G1 Evacuation Pause) 12M->2M(256M) 2.687ms
[2025-03-05T02:14:16.578+0300][0.490s][info ][gc] GC(1) Pause Young (Normal) (G1 Evacuation Pause) 12M->3M(256M) 2.986ms
[2025-03-05T02:14:16.627+0300][0.538s][info ][gc] GC(2) Pause Young (Normal) (G1 Evacuation Pause) 13M->4M(256M) 1.793ms
[2025-03-05T02:14:16.677+0300][0.589s][info ][gc] GC(3) Pause Young (Normal) (G1 Evacuation Pause) 14M->4M(256M) 3.594ms
[2025-03-05T02:14:16.726+0300][0.637s][info ][gc] GC(4) Pause Young (Normal) (G1 Evacuation Pause) 14M->4M(256M) 1.044ms
[2025-03-05T02:14:16.785+0300][0.697s][info ][gc] GC(5) Pause Young (Normal) (G1 Evacuation Pause) 15M->5M(256M) 2.498ms
[2025-03-05T02:14:16.836+0300][0.747s][info ][gc] GC(6) Pause Young (Normal) (G1 Evacuation Pause) 15M->6M(256M) 2.684ms
[2025-03-05T02:14:16.878+0300][0.789s][info ][gc] GC(7) Pause Young (Normal) (G1 Evacuation Pause) 16M->7M(288M) 2.936ms
[2025-03-05T02:14:16.930+0300][0.842s][info ][gc] GC(8) Pause Young (Normal) (G1 Evacuation Pause) 19M->6M(288M) 1.576ms
[2025-03-05T02:14:16.966+0300][0.877s][info ][gc] GC(9) Pause Young (Normal) (G1 Evacuation Pause) 18M->7M(288M) 2.334ms
[2025-03-05T02:14:17.004+0300][0.915s][info ][gc] GC(10) Pause Young (Normal) (G1 Evacuation Pause) 19M->6M(288M) 0.628ms
[2025-03-05T02:14:17.044+0300][0.956s][info ][gc] GC(11) Pause Young (Normal) (G1 Evacuation Pause) 19M->7M(288M) 2.085ms
[2025-03-05T02:14:17.087+0300][0.998s][info ][gc] GC(12) Pause Young (Normal) (G1 Evacuation Pause) 19M->8M(288M) 2.373ms
[2025-03-05T02:14:17.124+0300][1.035s][info ][gc] GC(13) Pause Young (Normal) (G1 Evacuation Pause) 20M->7M(319M) 0.928ms
[2025-03-05T02:14:17.169+0300][1.080s][info ][gc] GC(14) Pause Young (Normal) (G1 Evacuation Pause) 21M->8M(319M) 2.119ms
[2025-03-05T02:14:17.212+0300][1.123s][info ][gc] GC(15) Pause Young (Normal) (G1 Evacuation Pause) 21M->9M(319M) 2.998ms
[2025-03-05T02:14:17.258+0300][1.168s][info ][gc] GC(16) Pause Young (Normal) (G1 Evacuation Pause) 22M->9M(319M) 1.078ms
[2025-03-05T02:14:17.296+0300][1.208s][info ][gc] GC(17) Pause Young (Normal) (G1 Evacuation Pause) 23M->10M(319M) 2.091ms
[2025-03-05T02:14:17.335+0300][1.247s][info ][gc] GC(18) Pause Young (Normal) (G1 Evacuation Pause) 23M->9M(319M) 0.695ms
[2025-03-05T02:14:17.376+0300][1.287s][info ][gc] GC(19) Pause Young (Normal) (G1 Evacuation Pause) 23M->10M(319M) 1.980ms
[2025-03-05T02:14:17.416+0300][1.328s][info ][gc] GC(20) Pause Young (Normal) (G1 Evacuation Pause) 23M->11M(319M) 2.823ms
[2025-03-05T02:14:17.455+0300][1.366s][info ][gc] GC(21) Pause Young (Normal) (G1 Evacuation Pause) 24M->10M(319M) 1.384ms
[2025-03-05T02:14:17.500+0300][1.412s][info ][gc] GC(22) Pause Young (Normal) (G1 Evacuation Pause) 24M->12M(319M) 1.970ms
[2025-03-05T02:14:17.548+0300][1.459s][info ][gc] GC(23) Pause Young (Normal) (G1 Evacuation Pause) 25M->13M(319M) 2.533ms
[2025-03-05T02:14:17.584+0300][1.495s][info ][gc] GC(24) Pause Young (Normal) (G1 Evacuation Pause) 26M->13M(348M) 1.810ms
[2025-03-05T02:14:17.632+0300][1.543s][info ][gc] GC(25) Pause Young (Normal) (G1 Evacuation Pause) 28M->14M(348M) 2.489ms
[2025-03-05T02:14:17.670+0300][1.581s][info ][gc] GC(26) Pause Young (Normal) (G1 Evacuation Pause) 28M->13M(348M) 1.106ms
[2025-03-05T02:14:17.714+0300][1.625s][info ][gc] GC(27) Pause Young (Normal) (G1 Evacuation Pause) 29M->14M(348M) 2.210ms
[2025-03-05T02:14:17.751+0300][1.663s][info ][gc] GC(28) Pause Young (Normal) (G1 Evacuation Pause) 28M->12M(348M) 0.924ms
[2025-03-05T02:14:17.796+0300][1.708s][info ][gc] GC(29) Pause Young (Normal) (G1 Evacuation Pause) 28M->13M(348M) 2.123ms
[2025-03-05T02:14:17.837+0300][1.749s][info ][gc] GC(30) Pause Young (Normal) (G1 Evacuation Pause) 28M->15M(348M) 2.602ms
[2025-03-05T02:14:17.877+0300][1.787s][info ][gc] GC(31) Pause Young (Normal) (G1 Evacuation Pause) 29M->13M(348M) 1.598ms
[2025-03-05T02:14:17.917+0300][1.829s][info ][gc] GC(32) Pause Young (Normal) (G1 Evacuation Pause) 28M->15M(348M) 2.547ms
[2025-03-05T02:14:17.955+0300][1.866s][info ][gc] GC(33) Pause Young (Normal) (G1 Evacuation Pause) 29M->13M(348M) 1.403ms
[2025-03-05T02:14:17.997+0300][1.909s][info ][gc] GC(34) Pause Young (Normal) (G1 Evacuation Pause) 29M->14M(348M) 2.247ms
[2025-03-05T02:14:18.035+0300][1.946s][info ][gc] GC(35) Pause Young (Normal) (G1 Evacuation Pause) 28M->12M(348M) 0.981ms
[2025-03-05T02:14:18.080+0300][1.992s][info ][gc] GC(36) Pause Young (Normal) (G1 Evacuation Pause) 28M->14M(348M) 2.167ms
[2025-03-05T02:14:18.122+0300][2.034s][info ][gc] GC(37) Pause Young (Normal) (G1 Evacuation Pause) 29M->15M(348M) 2.953ms
[2025-03-05T02:14:18.160+0300][2.071s][info ][gc] GC(38) Pause Young (Normal) (G1 Evacuation Pause) 29M->14M(348M) 1.696ms
[2025-03-05T02:14:18.200+0300][2.112s][info ][gc] GC(39) Pause Young (Normal) (G1 Evacuation Pause) 29M->15M(348M) 2.421ms
[2025-03-05T02:14:18.238+0300][2.149s][info ][gc] GC(40) Pause Young (Normal) (G1 Evacuation Pause) 29M->13M(376M) 1.582ms
[2025-03-05T02:14:18.286+0300][2.197s][info ][gc] GC(41) Pause Young (Normal) (G1 Evacuation Pause) 30M->15M(376M) 2.497ms
[2025-03-05T02:14:18.327+0300][2.238s][info ][gc] GC(42) Pause Young (Normal) (G1 Evacuation Pause) 30M->13M(376M) 1.284ms
[2025-03-05T02:14:18.373+0300][2.285s][info ][gc] GC(43) Pause Young (Normal) (G1 Evacuation Pause) 30M->14M(376M) 2.517ms
[2025-03-05T02:14:18.413+0300][2.325s][info ][gc] GC(44) Pause Young (Normal) (G1 Evacuation Pause) 29M->13M(376M) 1.233ms
[2025-03-05T02:14:18.460+0300][2.370s][info ][gc] GC(45) Pause Young (Normal) (G1 Evacuation Pause) 30M->14M(376M) 2.186ms
[2025-03-05T02:14:18.502+0300][2.413s][info ][gc] GC(46) Pause Young (Normal) (G1 Evacuation Pause) 30M->13M(376M) 0.917ms
[2025-03-05T02:14:18.549+0300][2.460s][info ][gc] GC(47) Pause Young (Normal) (G1 Evacuation Pause) 30M->14M(376M) 1.820ms
[2025-03-05T02:14:18.592+0300][2.503s][info ][gc] GC(48) Pause Young (Normal) (G1 Evacuation Pause) 30M->12M(376M) 0.512ms
[2025-03-05T02:14:18.641+0300][2.552s][info ][gc] GC(49) Pause Young (Normal) (G1 Evacuation Pause) 29M->14M(376M) 2.158ms
[2025-03-05T02:14:18.686+0300][2.597s][info ][gc] GC(50) Pause Young (Normal) (G1 Evacuation Pause) 30M->15M(376M) 3.046ms
[2025-03-05T02:14:18.729+0300][2.641s][info ][gc] GC(51) Pause Young (Normal) (G1 Evacuation Pause) 31M->15M(376M) 1.932ms
[2025-03-05T02:14:18.776+0300][2.687s][info ][gc] GC(52) Pause Young (Normal) (G1 Evacuation Pause) 31M->17M(376M) 2.880ms
[2025-03-05T02:14:18.820+0300][2.731s][info ][gc] GC(53) Pause Young (Normal) (G1 Evacuation Pause) 32M->15M(376M) 1.937ms
[2025-03-05T02:14:18.865+0300][2.776s][info ][gc] GC(54) Pause Young (Normal) (G1 Evacuation Pause) 31M->17M(376M) 2.782ms
[2025-03-05T02:14:18.915+0300][2.827s][info ][gc] GC(55) Pause Young (Normal) (G1 Evacuation Pause) 32M->15M(376M) 1.413ms
[2025-03-05T02:14:18.970+0300][2.881s][info ][gc] GC(56) Pause Young (Normal) (G1 Evacuation Pause) 32M->16M(376M) 2.262ms
[2025-03-05T02:14:19.018+0300][2.930s][info ][gc] GC(57) Pause Young (Normal) (G1 Evacuation Pause) 31M->15M(376M) 1.135ms
[2025-03-05T02:14:19.081+0300][2.993s][info ][gc] GC(58) Pause Young (Normal) (G1 Evacuation Pause) 32M->16M(376M) 2.227ms
[2025-03-05T02:14:19.126+0300][3.037s][info ][gc] GC(59) Pause Young (Normal) (G1 Evacuation Pause) 31M->14M(376M) 0.788ms
[2025-03-05T02:14:19.183+0300][3.094s][info ][gc] GC(60) Pause Young (Normal) (G1 Evacuation Pause) 31M->16M(376M) 2.433ms
[2025-03-05T02:14:19.234+0300][3.145s][info ][gc] GC(61) Pause Young (Normal) (G1 Evacuation Pause) 32M->14M(376M) 0.839ms
[2025-03-05T02:14:19.286+0300][3.197s][info ][gc] GC(62) Pause Young (Normal) (G1 Evacuation Pause) 31M->16M(376M) 2.286ms
[2025-03-05T02:14:19.334+0300][3.246s][info ][gc] GC(63) Pause Young (Normal) (G1 Evacuation Pause) 32M->14M(376M) 0.589ms
[2025-03-05T02:14:19.383+0300][3.294s][info ][gc] GC(64) Pause Young (Normal) (G1 Evacuation Pause) 31M->16M(376M) 1.834ms
[2025-03-05T02:14:19.428+0300][3.340s][info ][gc] GC(65) Pause Young (Normal) (G1 Evacuation Pause) 32M->17M(376M) 2.542ms
[2025-03-05T02:14:19.475+0300][3.386s][info ][gc] GC(66) Pause Young (Normal) (G1 Evacuation Pause) 33M->17M(376M) 2.003ms
[2025-03-05T02:14:19.530+0300][3.441s][info ][gc] GC(67) Pause Young (Normal) (G1 Evacuation Pause) 33M->19M(376M) 2.733ms
[2025-03-05T02:14:19.573+0300][3.484s][info ][gc] GC(68) Pause Young (Normal) (G1 Evacuation Pause) 34M->17M(376M) 1.596ms
[2025-03-05T02:14:19.620+0300][3.531s][info ][gc] GC(69) Pause Young (Normal) (G1 Evacuation Pause) 33M->18M(376M) 2.248ms
[2025-03-05T02:14:19.664+0300][3.575s][info ][gc] GC(70) Pause Young (Normal) (G1 Evacuation Pause) 33M->17M(376M) 1.211ms
[2025-03-05T02:14:19.716+0300][3.628s][info ][gc] GC(71) Pause Young (Normal) (G1 Evacuation Pause) 34M->18M(376M) 2.606ms
[2025-03-05T02:14:19.761+0300][3.671s][info ][gc] GC(72) Pause Young (Normal) (G1 Evacuation Pause) 33M->16M(376M) 1.123ms
[2025-03-05T02:14:19.813+0300][3.724s][info ][gc] GC(73) Pause Young (Normal) (G1 Evacuation Pause) 33M->18M(376M) 2.180ms
[2025-03-05T02:14:19.854+0300][3.765s][info ][gc] GC(74) Pause Young (Normal) (G1 Evacuation Pause) 33M->16M(376M) 0.937ms
[2025-03-05T02:14:19.900+0300][3.811s][info ][gc] GC(75) Pause Young (Normal) (G1 Evacuation Pause) 33M->18M(376M) 2.230ms
[2025-03-05T02:14:19.943+0300][3.854s][info ][gc] GC(76) Pause Young (Normal) (G1 Evacuation Pause) 34M->16M(376M) 0.892ms
[2025-03-05T02:14:19.988+0300][3.900s][info ][gc] GC(77) Pause Young (Normal) (G1 Evacuation Pause) 33M->17M(376M) 2.065ms
[2025-03-05T02:14:20.031+0300][3.942s][info ][gc] GC(78) Pause Young (Normal) (G1 Evacuation Pause) 33M->16M(376M) 0.728ms
[2025-03-05T02:14:20.076+0300][3.988s][info ][gc] GC(79) Pause Young (Normal) (G1 Evacuation Pause) 33M->17M(376M) 1.910ms
[2025-03-05T02:14:20.121+0300][4.032s][info ][gc] GC(80) Pause Young (Normal) (G1 Evacuation Pause) 33M->19M(376M) 2.644ms
[2025-03-05T02:14:20.164+0300][4.076s][info ][gc] GC(81) Pause Young (Normal) (G1 Evacuation Pause) 35M->19M(376M) 2.265ms
[2025-03-05T02:14:20.210+0300][4.121s][info ][gc] GC(82) Pause Young (Normal) (G1 Evacuation Pause) 35M->20M(376M) 2.544ms
[2025-03-05T02:14:20.250+0300][4.162s][info ][gc] GC(83) Pause Young (Normal) (G1 Evacuation Pause) 35M->19M(376M) 1.675ms
[2025-03-05T02:14:20.294+0300][4.206s][info ][gc] GC(84) Pause Young (Normal) (G1 Evacuation Pause) 35M->20M(376M) 2.623ms
[2025-03-05T02:14:20.335+0300][4.247s][info ][gc] GC(85) Pause Young (Normal) (G1 Evacuation Pause) 35M->18M(376M) 1.379ms
[2025-03-05T02:14:20.381+0300][4.293s][info ][gc] GC(86) Pause Young (Normal) (G1 Evacuation Pause) 35M->20M(376M) 2.459ms
[2025-03-05T02:14:20.423+0300][4.333s][info ][gc] GC(87) Pause Young (Normal) (G1 Evacuation Pause) 35M->18M(376M) 1.180ms
[2025-03-05T02:14:20.469+0300][4.380s][info ][gc] GC(88) Pause Young (Normal) (G1 Evacuation Pause) 35M->19M(376M) 2.199ms
[2025-03-05T02:14:20.508+0300][4.420s][info ][gc] GC(89) Pause Young (Normal) (G1 Evacuation Pause) 34M->18M(376M) 1.125ms
[2025-03-05T02:14:20.554+0300][4.466s][info ][gc] GC(90) Pause Young (Normal) (G1 Evacuation Pause) 35M->19M(376M) 2.298ms
[2025-03-05T02:14:20.598+0300][4.509s][info ][gc] GC(91) Pause Young (Normal) (G1 Evacuation Pause) 35M->18M(376M) 1.098ms
[2025-03-05T02:14:20.644+0300][4.556s][info ][gc] GC(92) Pause Young (Normal) (G1 Evacuation Pause) 35M->19M(376M) 1.891ms
[2025-03-05T02:14:20.687+0300][4.598s][info ][gc] GC(93) Pause Young (Normal) (G1 Evacuation Pause) 35M->17M(376M) 0.794ms
[2025-03-05T02:14:20.734+0300][4.644s][info ][gc] GC(94) Pause Young (Normal) (G1 Evacuation Pause) 34M->19M(376M) 2.014ms
[2025-03-05T02:14:20.777+0300][4.688s][info ][gc] GC(95) Pause Young (Normal) (G1 Evacuation Pause) 35M->20M(376M) 2.706ms
[2025-03-05T02:14:20.827+0300][4.739s][info ][gc] GC(96) Pause Young (Normal) (G1 Evacuation Pause) 36M->20M(376M) 2.014ms
