[2025-03-05T02:30:40.492+0300][0.011s][info][gc] Using G1
[2025-03-05T02:30:40.492+0300][0.011s][debug][gc] ConcGCThreads: 2 offset 16
[2025-03-05T02:30:40.492+0300][0.011s][debug][gc] ParallelGCThreads: 8
[2025-03-05T02:30:40.492+0300][0.011s][debug][gc] Initialize mark stack with 4096 chunks, maximum 524288
[2025-03-05T02:30:40.868+0300][0.387s][info ][gc] GC(0) Pause Young (Normal) (G1 Evacuation Pause) 12M->2M(256M) 3.372ms
[2025-03-05T02:30:40.930+0300][0.450s][info ][gc] GC(1) Pause Young (Normal) (G1 Evacuation Pause) 12M->2M(256M) 2.106ms
[2025-03-05T02:30:40.998+0300][0.518s][info ][gc] GC(2) Pause Young (Normal) (G1 Evacuation Pause) 13M->3M(256M) 3.179ms
[2025-03-05T02:30:41.059+0300][0.579s][info ][gc] GC(3) Pause Young (Normal) (G1 Evacuation Pause) 13M->3M(256M) 1.140ms
[2025-03-05T02:30:41.126+0300][0.645s][info ][gc] GC(4) Pause Young (Normal) (G1 Evacuation Pause) 14M->4M(256M) 1.648ms
[2025-03-05T02:30:41.185+0300][0.704s][info ][gc] GC(5) Pause Young (Normal) (G1 Evacuation Pause) 14M->3M(256M) 1.358ms
[2025-03-05T02:30:41.250+0300][0.769s][info ][gc] GC(6) Pause Young (Normal) (G1 Evacuation Pause) 14M->3M(256M) 1.492ms
[2025-03-05T02:30:41.300+0300][0.819s][info ][gc] GC(7) Pause Young (Normal) (G1 Evacuation Pause) 13M->3M(256M) 1.125ms
[2025-03-05T02:30:41.353+0300][0.872s][info ][gc] GC(8) Pause Young (Normal) (G1 Evacuation Pause) 14M->4M(256M) 1.665ms
[2025-03-05T02:30:41.398+0300][0.917s][info ][gc] GC(9) Pause Young (Normal) (G1 Evacuation Pause) 14M->3M(256M) 1.002ms
[2025-03-05T02:30:41.454+0300][0.973s][info ][gc] GC(10) Pause Young (Normal) (G1 Evacuation Pause) 14M->4M(256M) 1.908ms
[2025-03-05T02:30:41.499+0300][1.018s][info ][gc] GC(11) Pause Young (Normal) (G1 Evacuation Pause) 14M->3M(256M) 0.965ms
[2025-03-05T02:30:41.553+0300][1.072s][info ][gc] GC(12) Pause Young (Normal) (G1 Evacuation Pause) 14M->4M(256M) 1.702ms
[2025-03-05T02:30:41.596+0300][1.115s][info ][gc] GC(13) Pause Young (Normal) (G1 Evacuation Pause) 14M->3M(256M) 1.325ms
[2025-03-05T02:30:41.645+0300][1.165s][info ][gc] GC(14) Pause Young (Normal) (G1 Evacuation Pause) 14M->4M(256M) 1.788ms
[2025-03-05T02:30:41.689+0300][1.208s][info ][gc] GC(15) Pause Young (Normal) (G1 Evacuation Pause) 14M->3M(256M) 1.190ms
[2025-03-05T02:30:41.741+0300][1.260s][info ][gc] GC(16) Pause Young (Normal) (G1 Evacuation Pause) 14M->4M(256M) 1.717ms
[2025-03-05T02:30:41.795+0300][1.314s][info ][gc] GC(17) Pause Young (Normal) (G1 Evacuation Pause) 14M->3M(256M) 1.388ms
[2025-03-05T02:30:41.841+0300][1.361s][info ][gc] GC(18) Pause Young (Normal) (G1 Evacuation Pause) 14M->4M(256M) 1.808ms
[2025-03-05T02:30:41.882+0300][1.402s][info ][gc] GC(19) Pause Young (Normal) (G1 Evacuation Pause) 14M->3M(256M) 1.169ms
[2025-03-05T02:30:41.929+0300][1.448s][info ][gc] GC(20) Pause Young (Normal) (G1 Evacuation Pause) 14M->4M(256M) 1.833ms
[2025-03-05T02:30:41.970+0300][1.489s][info ][gc] GC(21) Pause Young (Normal) (G1 Evacuation Pause) 14M->3M(256M) 1.421ms
[2025-03-05T02:30:42.016+0300][1.535s][info ][gc] GC(22) Pause Young (Normal) (G1 Evacuation Pause) 14M->4M(256M) 1.929ms
[2025-03-05T02:30:42.062+0300][1.581s][info ][gc] GC(23) Pause Young (Normal) (G1 Evacuation Pause) 14M->3M(256M) 1.252ms
[2025-03-05T02:30:42.165+0300][1.684s][info ][gc] GC(24) Pause Young (Normal) (G1 Evacuation Pause) 14M->2M(256M) 0.755ms
[2025-03-05T02:30:42.212+0300][1.731s][info ][gc] GC(25) Pause Young (Normal) (G1 Evacuation Pause) 13M->3M(256M) 1.375ms
[2025-03-05T02:30:42.258+0300][1.777s][info ][gc] GC(26) Pause Young (Normal) (G1 Evacuation Pause) 14M->2M(256M) 0.677ms
[2025-03-05T02:30:42.303+0300][1.823s][info ][gc] GC(27) Pause Young (Normal) (G1 Evacuation Pause) 13M->3M(256M) 1.526ms
[2025-03-05T02:30:42.349+0300][1.868s][info ][gc] GC(28) Pause Young (Normal) (G1 Evacuation Pause) 14M->2M(256M) 0.929ms
[2025-03-05T02:30:42.393+0300][1.913s][info ][gc] GC(29) Pause Young (Normal) (G1 Evacuation Pause) 13M->3M(256M) 1.815ms
[2025-03-05T02:30:42.436+0300][1.954s][info ][gc] GC(30) Pause Young (Normal) (G1 Evacuation Pause) 13M->2M(256M) 0.885ms
[2025-03-05T02:30:42.482+0300][2.001s][info ][gc] GC(31) Pause Young (Normal) (G1 Evacuation Pause) 13M->3M(256M) 1.735ms
[2025-03-05T02:30:42.523+0300][2.042s][info ][gc] GC(32) Pause Young (Normal) (G1 Evacuation Pause) 13M->2M(256M) 0.827ms
[2025-03-05T02:30:42.568+0300][2.088s][info ][gc] GC(33) Pause Young (Normal) (G1 Evacuation Pause) 13M->3M(256M) 1.741ms
[2025-03-05T02:30:42.610+0300][2.128s][info ][gc] GC(34) Pause Young (Normal) (G1 Evacuation Pause) 13M->2M(256M) 0.957ms
[2025-03-05T02:30:42.653+0300][2.173s][info ][gc] GC(35) Pause Young (Normal) (G1 Evacuation Pause) 13M->3M(256M) 1.641ms
[2025-03-05T02:30:42.695+0300][2.213s][info ][gc] GC(36) Pause Young (Normal) (G1 Evacuation Pause) 13M->3M(256M) 0.982ms
[2025-03-05T02:30:42.739+0300][2.258s][info ][gc] GC(37) Pause Young (Normal) (G1 Evacuation Pause) 14M->3M(256M) 1.531ms
[2025-03-05T02:30:42.781+0300][2.300s][info ][gc] GC(38) Pause Young (Normal) (G1 Evacuation Pause) 13M->2M(256M) 0.985ms
[2025-03-05T02:30:42.826+0300][2.346s][info ][gc] GC(39) Pause Young (Normal) (G1 Evacuation Pause) 13M->3M(256M) 1.544ms
[2025-03-05T02:30:42.867+0300][2.386s][info ][gc] GC(40) Pause Young (Normal) (G1 Evacuation Pause) 13M->3M(256M) 0.914ms
[2025-03-05T02:30:42.915+0300][2.434s][info ][gc] GC(41) Pause Young (Normal) (G1 Evacuation Pause) 14M->3M(256M) 1.849ms
[2025-03-05T02:30:42.959+0300][2.478s][info ][gc] GC(42) Pause Young (Normal) (G1 Evacuation Pause) 13M->2M(256M) 1.138ms
[2025-03-05T02:30:43.003+0300][2.522s][info ][gc] GC(43) Pause Young (Normal) (G1 Evacuation Pause) 13M->3M(256M) 1.639ms
[2025-03-05T02:30:43.045+0300][2.564s][info ][gc] GC(44) Pause Young (Normal) (G1 Evacuation Pause) 13M->3M(256M) 1.253ms
[2025-03-05T02:30:43.089+0300][2.609s][info ][gc] GC(45) Pause Young (Normal) (G1 Evacuation Pause) 14M->3M(256M) 1.463ms
[2025-03-05T02:30:43.132+0300][2.652s][info ][gc] GC(46) Pause Young (Normal) (G1 Evacuation Pause) 13M->3M(256M) 1.113ms
[2025-03-05T02:30:43.179+0300][2.699s][info ][gc] GC(47) Pause Young (Normal) (G1 Evacuation Pause) 14M->3M(256M) 1.935ms
[2025-03-05T02:30:43.222+0300][2.741s][info ][gc] GC(48) Pause Young (Normal) (G1 Evacuation Pause) 13M->3M(256M) 1.033ms
[2025-03-05T02:30:43.267+0300][2.786s][info ][gc] GC(49) Pause Young (Normal) (G1 Evacuation Pause) 14M->3M(256M) 1.553ms
[2025-03-05T02:30:43.308+0300][2.826s][info ][gc] GC(50) Pause Young (Normal) (G1 Evacuation Pause) 13M->3M(256M) 0.940ms
[2025-03-05T02:30:43.353+0300][2.872s][info ][gc] GC(51) Pause Young (Normal) (G1 Evacuation Pause) 14M->3M(256M) 2.039ms
[2025-03-05T02:30:43.396+0300][2.915s][info ][gc] GC(52) Pause Young (Normal) (G1 Evacuation Pause) 13M->3M(256M) 1.276ms
[2025-03-05T02:30:43.453+0300][2.973s][info ][gc] GC(53) Pause Young (Normal) (G1 Evacuation Pause) 14M->4M(256M) 1.914ms
[2025-03-05T02:30:43.503+0300][3.021s][info ][gc] GC(54) Pause Young (Normal) (G1 Evacuation Pause) 14M->3M(256M) 1.175ms
[2025-03-05T02:30:43.551+0300][3.070s][info ][gc] GC(55) Pause Young (Normal) (G1 Evacuation Pause) 14M->4M(256M) 1.795ms
[2025-03-05T02:30:43.594+0300][3.113s][info ][gc] GC(56) Pause Young (Normal) (G1 Evacuation Pause) 14M->3M(256M) 1.258ms
[2025-03-05T02:30:43.641+0300][3.160s][info ][gc] GC(57) Pause Young (Normal) (G1 Evacuation Pause) 14M->4M(256M) 1.872ms
[2025-03-05T02:30:43.683+0300][3.202s][info ][gc] GC(58) Pause Young (Normal) (G1 Evacuation Pause) 14M->3M(256M) 1.207ms
[2025-03-05T02:30:43.733+0300][3.253s][info ][gc] GC(59) Pause Young (Normal) (G1 Evacuation Pause) 14M->4M(256M) 2.019ms
[2025-03-05T02:30:43.782+0300][3.300s][info ][gc] GC(60) Pause Young (Normal) (G1 Evacuation Pause) 14M->3M(256M) 1.099ms
[2025-03-05T02:30:43.840+0300][3.359s][info ][gc] GC(61) Pause Young (Normal) (G1 Evacuation Pause) 14M->4M(256M) 1.823ms
[2025-03-05T02:30:43.884+0300][3.403s][info ][gc] GC(62) Pause Young (Normal) (G1 Evacuation Pause) 14M->3M(256M) 1.135ms
[2025-03-05T02:30:43.931+0300][3.450s][info ][gc] GC(63) Pause Young (Normal) (G1 Evacuation Pause) 14M->4M(256M) 1.855ms
[2025-03-05T02:30:43.973+0300][3.493s][info ][gc] GC(64) Pause Young (Normal) (G1 Evacuation Pause) 14M->3M(256M) 1.580ms
[2025-03-05T02:30:44.021+0300][3.540s][info ][gc] GC(65) Pause Young (Normal) (G1 Evacuation Pause) 14M->4M(256M) 1.688ms
[2025-03-05T02:30:44.062+0300][3.581s][info ][gc] GC(66) Pause Young (Normal) (G1 Evacuation Pause) 14M->3M(256M) 1.221ms
[2025-03-05T02:30:44.111+0300][3.630s][info ][gc] GC(67) Pause Young (Normal) (G1 Evacuation Pause) 14M->4M(256M) 2.052ms
[2025-03-05T02:30:44.156+0300][3.675s][info ][gc] GC(68) Pause Young (Normal) (G1 Evacuation Pause) 14M->3M(256M) 1.251ms
[2025-03-05T02:30:44.206+0300][3.725s][info ][gc] GC(69) Pause Young (Normal) (G1 Evacuation Pause) 14M->4M(256M) 2.505ms
[2025-03-05T02:30:44.250+0300][3.770s][info ][gc] GC(70) Pause Young (Normal) (G1 Evacuation Pause) 14M->3M(256M) 1.175ms
[2025-03-05T02:30:44.324+0300][3.843s][info ][gc] GC(71) Pause Young (Normal) (G1 Evacuation Pause) 14M->4M(256M) 2.488ms
[2025-03-05T02:30:44.389+0300][3.908s][info ][gc] GC(72) Pause Young (Normal) (G1 Evacuation Pause) 14M->3M(256M) 1.487ms
[2025-03-05T02:30:44.468+0300][3.987s][info ][gc] GC(73) Pause Young (Normal) (G1 Evacuation Pause) 14M->4M(256M) 2.105ms
[2025-03-05T02:30:44.529+0300][4.047s][info ][gc] GC(74) Pause Young (Normal) (G1 Evacuation Pause) 14M->3M(256M) 1.283ms
[2025-03-05T02:30:44.582+0300][4.101s][info ][gc] GC(75) Pause Young (Normal) (G1 Evacuation Pause) 14M->2M(256M) 0.442ms
[2025-03-05T02:30:44.631+0300][4.149s][info ][gc] GC(76) Pause Young (Normal) (G1 Evacuation Pause) 13M->3M(256M) 1.108ms
[2025-03-05T02:30:44.675+0300][4.194s][info ][gc] GC(77) Pause Young (Normal) (G1 Evacuation Pause) 14M->2M(256M) 0.613ms
[2025-03-05T02:30:44.724+0300][4.243s][info ][gc] GC(78) Pause Young (Normal) (G1 Evacuation Pause) 13M->3M(256M) 1.414ms
[2025-03-05T02:30:44.775+0300][4.294s][info ][gc] GC(79) Pause Young (Normal) (G1 Evacuation Pause) 14M->2M(256M) 0.750ms
[2025-03-05T02:30:44.847+0300][4.365s][info ][gc] GC(80) Pause Young (Normal) (G1 Evacuation Pause) 13M->3M(256M) 2.115ms
[2025-03-05T02:30:44.906+0300][4.424s][info ][gc] GC(81) Pause Young (Normal) (G1 Evacuation Pause) 13M->2M(256M) 0.694ms
[2025-03-05T02:30:44.963+0300][4.482s][info ][gc] GC(82) Pause Young (Normal) (G1 Evacuation Pause) 13M->3M(256M) 1.720ms
[2025-03-05T02:30:45.007+0300][4.525s][info ][gc] GC(83) Pause Young (Normal) (G1 Evacuation Pause) 13M->2M(256M) 0.601ms
[2025-03-05T02:30:45.052+0300][4.572s][info ][gc] GC(84) Pause Young (Normal) (G1 Evacuation Pause) 13M->3M(256M) 1.510ms
[2025-03-05T02:30:45.094+0300][4.613s][info ][gc] GC(85) Pause Young (Normal) (G1 Evacuation Pause) 13M->2M(256M) 0.843ms
[2025-03-05T02:30:45.140+0300][4.660s][info ][gc] GC(86) Pause Young (Normal) (G1 Evacuation Pause) 13M->3M(256M) 1.576ms
[2025-03-05T02:30:45.188+0300][4.706s][info ][gc] GC(87) Pause Young (Normal) (G1 Evacuation Pause) 13M->2M(256M) 1.186ms
[2025-03-05T02:30:45.245+0300][4.765s][info ][gc] GC(88) Pause Young (Normal) (G1 Evacuation Pause) 13M->3M(256M) 1.730ms
[2025-03-05T02:30:45.296+0300][4.815s][info ][gc] GC(89) Pause Young (Normal) (G1 Evacuation Pause) 13M->2M(256M) 0.779ms
[2025-03-05T02:30:45.346+0300][4.866s][info ][gc] GC(90) Pause Young (Normal) (G1 Evacuation Pause) 13M->3M(256M) 1.470ms
[2025-03-05T02:30:45.391+0300][4.910s][info ][gc] GC(91) Pause Young (Normal) (G1 Evacuation Pause) 13M->2M(256M) 0.789ms
[2025-03-05T02:30:45.441+0300][4.960s][info ][gc] GC(92) Pause Young (Normal) (G1 Evacuation Pause) 13M->3M(256M) 1.427ms
[2025-03-05T02:30:45.483+0300][5.001s][info ][gc] GC(93) Pause Young (Normal) (G1 Evacuation Pause) 13M->2M(256M) 0.716ms
[2025-03-05T02:30:45.533+0300][5.052s][info ][gc] GC(94) Pause Young (Normal) (G1 Evacuation Pause) 13M->3M(256M) 1.734ms
[2025-03-05T02:30:45.584+0300][5.103s][info ][gc] GC(95) Pause Young (Normal) (G1 Evacuation Pause) 13M->3M(256M) 0.888ms
[2025-03-05T02:30:45.632+0300][5.151s][info ][gc] GC(96) Pause Young (Normal) (G1 Evacuation Pause) 14M->3M(256M) 1.526ms
[2025-03-05T02:30:45.680+0300][5.198s][info ][gc] GC(97) Pause Young (Normal) (G1 Evacuation Pause) 13M->3M(256M) 1.237ms
[2025-03-05T02:30:45.726+0300][5.245s][info ][gc] GC(98) Pause Young (Normal) (G1 Evacuation Pause) 14M->3M(256M) 1.852ms
[2025-03-05T02:30:45.770+0300][5.289s][info ][gc] GC(99) Pause Young (Normal) (G1 Evacuation Pause) 13M->3M(256M) 1.709ms
[2025-03-05T02:30:45.818+0300][5.337s][info ][gc] GC(100) Pause Young (Normal) (G1 Evacuation Pause) 14M->3M(256M) 1.919ms
[2025-03-05T02:30:45.862+0300][5.382s][info ][gc] GC(101) Pause Young (Normal) (G1 Evacuation Pause) 13M->3M(256M) 1.038ms
[2025-03-05T02:30:45.913+0300][5.433s][info ][gc] GC(102) Pause Young (Normal) (G1 Evacuation Pause) 14M->4M(256M) 1.753ms
[2025-03-05T02:30:45.963+0300][5.483s][info ][gc] GC(103) Pause Young (Normal) (G1 Evacuation Pause) 14M->3M(256M) 1.138ms
[2025-03-05T02:30:46.024+0300][5.543s][info ][gc] GC(104) Pause Young (Normal) (G1 Evacuation Pause) 14M->4M(256M) 1.918ms
[2025-03-05T02:30:46.075+0300][5.594s][info ][gc] GC(105) Pause Young (Normal) (G1 Evacuation Pause) 14M->3M(256M) 1.079ms
[2025-03-05T02:30:46.131+0300][5.650s][info ][gc] GC(106) Pause Young (Normal) (G1 Evacuation Pause) 14M->4M(256M) 1.716ms
[2025-03-05T02:30:46.231+0300][5.750s][info ][gc] GC(107) Pause Young (Normal) (G1 Evacuation Pause) 14M->3M(256M) 1.213ms
[2025-03-05T02:30:46.311+0300][5.830s][info ][gc] GC(108) Pause Young (Normal) (G1 Evacuation Pause) 14M->4M(256M) 1.901ms
[2025-03-05T02:30:46.353+0300][5.873s][info ][gc] GC(109) Pause Young (Normal) (G1 Evacuation Pause) 14M->3M(256M) 1.008ms
[2025-03-05T02:30:46.402+0300][5.921s][info ][gc] GC(110) Pause Young (Normal) (G1 Evacuation Pause) 14M->4M(256M) 1.970ms
[2025-03-05T02:30:46.473+0300][5.992s][info ][gc] GC(111) Pause Young (Normal) (G1 Evacuation Pause) 14M->3M(256M) 1.565ms
[2025-03-05T02:30:46.531+0300][6.050s][info ][gc] GC(112) Pause Young (Normal) (G1 Evacuation Pause) 14M->4M(256M) 1.901ms
[2025-03-05T02:30:46.595+0300][6.115s][info ][gc] GC(113) Pause Young (Normal) (G1 Evacuation Pause) 14M->3M(256M) 1.251ms
[2025-03-05T02:30:46.658+0300][6.177s][info ][gc] GC(114) Pause Young (Normal) (G1 Evacuation Pause) 14M->4M(256M) 1.955ms
[2025-03-05T02:30:46.715+0300][6.234s][info ][gc] GC(115) Pause Young (Normal) (G1 Evacuation Pause) 14M->3M(256M) 1.182ms
[2025-03-05T02:30:46.773+0300][6.291s][info ][gc] GC(116) Pause Young (Normal) (G1 Evacuation Pause) 14M->4M(256M) 1.700ms
[2025-03-05T02:30:46.818+0300][6.337s][info ][gc] GC(117) Pause Young (Normal) (G1 Evacuation Pause) 14M->3M(256M) 1.305ms
[2025-03-05T02:30:46.868+0300][6.387s][info ][gc] GC(118) Pause Young (Normal) (G1 Evacuation Pause) 14M->4M(256M) 1.612ms
[2025-03-05T02:30:46.920+0300][6.439s][info ][gc] GC(119) Pause Young (Normal) (G1 Evacuation Pause) 14M->3M(256M) 1.709ms
[2025-03-05T02:30:46.989+0300][6.508s][info ][gc] GC(120) Pause Young (Normal) (G1 Evacuation Pause) 14M->4M(256M) 1.697ms
[2025-03-05T02:30:47.036+0300][6.556s][info ][gc] GC(121) Pause Young (Normal) (G1 Evacuation Pause) 14M->3M(256M) 1.589ms
[2025-03-05T02:30:47.089+0300][6.608s][info ][gc] GC(122) Pause Young (Normal) (G1 Evacuation Pause) 14M->4M(256M) 2.178ms
[2025-03-05T02:30:47.132+0300][6.651s][info ][gc] GC(123) Pause Young (Normal) (G1 Evacuation Pause) 14M->3M(256M) 1.165ms
[2025-03-05T02:30:47.180+0300][6.699s][info ][gc] GC(124) Pause Young (Normal) (G1 Evacuation Pause) 14M->2M(256M) 0.370ms
[2025-03-05T02:30:47.252+0300][6.771s][info ][gc] GC(125) Pause Young (Normal) (G1 Evacuation Pause) 13M->3M(256M) 2.015ms
[2025-03-05T02:30:47.308+0300][6.827s][info ][gc] GC(126) Pause Young (Normal) (G1 Evacuation Pause) 14M->2M(256M) 0.580ms
[2025-03-05T02:30:47.360+0300][6.879s][info ][gc] GC(127) Pause Young (Normal) (G1 Evacuation Pause) 13M->3M(256M) 1.487ms
[2025-03-05T02:30:47.411+0300][6.930s][info ][gc] GC(128) Pause Young (Normal) (G1 Evacuation Pause) 14M->2M(256M) 0.942ms
[2025-03-05T02:30:47.463+0300][6.983s][info ][gc] GC(129) Pause Young (Normal) (G1 Evacuation Pause) 13M->3M(256M) 1.628ms
[2025-03-05T02:30:47.512+0300][7.031s][info ][gc] GC(130) Pause Young (Normal) (G1 Evacuation Pause) 13M->2M(256M) 0.923ms
[2025-03-05T02:30:47.566+0300][7.085s][info ][gc] GC(131) Pause Young (Normal) (G1 Evacuation Pause) 13M->3M(256M) 1.371ms
[2025-03-05T02:30:47.611+0300][7.131s][info ][gc] GC(132) Pause Young (Normal) (G1 Evacuation Pause) 13M->2M(256M) 1.079ms
[2025-03-05T02:30:47.661+0300][7.180s][info ][gc] GC(133) Pause Young (Normal) (G1 Evacuation Pause) 13M->3M(256M) 1.223ms
[2025-03-05T02:30:47.710+0300][7.230s][info ][gc] GC(134) Pause Young (Normal) (G1 Evacuation Pause) 13M->2M(256M) 0.922ms
[2025-03-05T02:30:47.770+0300][7.289s][info ][gc] GC(135) Pause Young (Normal) (G1 Evacuation Pause) 13M->3M(256M) 1.479ms
[2025-03-05T02:30:47.814+0300][7.334s][info ][gc] GC(136) Pause Young (Normal) (G1 Evacuation Pause) 13M->2M(256M) 0.947ms
[2025-03-05T02:30:47.867+0300][7.386s][info ][gc] GC(137) Pause Young (Normal) (G1 Evacuation Pause) 13M->3M(256M) 1.330ms
[2025-03-05T02:30:47.921+0300][7.440s][info ][gc] GC(138) Pause Young (Normal) (G1 Evacuation Pause) 14M->3M(256M) 1.057ms
[2025-03-05T02:30:47.994+0300][7.513s][info ][gc] GC(139) Pause Young (Normal) (G1 Evacuation Pause) 14M->3M(256M) 1.767ms
[2025-03-05T02:30:48.041+0300][7.559s][info ][gc] GC(140) Pause Young (Normal) (G1 Evacuation Pause) 13M->3M(256M) 1.028ms
[2025-03-05T02:30:48.090+0300][7.609s][info ][gc] GC(141) Pause Young (Normal) (G1 Evacuation Pause) 14M->3M(256M) 1.407ms
[2025-03-05T02:30:48.133+0300][7.653s][info ][gc] GC(142) Pause Young (Normal) (G1 Evacuation Pause) 13M->3M(256M) 1.071ms
[2025-03-05T02:30:48.184+0300][7.703s][info ][gc] GC(143) Pause Young (Normal) (G1 Evacuation Pause) 14M->3M(256M) 1.795ms
[2025-03-05T02:30:48.231+0300][7.750s][info ][gc] GC(144) Pause Young (Normal) (G1 Evacuation Pause) 13M->3M(256M) 1.173ms
[2025-03-05T02:30:48.280+0300][7.799s][info ][gc] GC(145) Pause Young (Normal) (G1 Evacuation Pause) 14M->3M(256M) 1.987ms
[2025-03-05T02:30:48.337+0300][7.856s][info ][gc] GC(146) Pause Young (Normal) (G1 Evacuation Pause) 13M->3M(256M) 1.149ms
[2025-03-05T02:30:48.403+0300][7.922s][info ][gc] GC(147) Pause Young (Normal) (G1 Evacuation Pause) 14M->4M(256M) 2.110ms
[2025-03-05T02:30:48.453+0300][7.973s][info ][gc] GC(148) Pause Young (Normal) (G1 Evacuation Pause) 14M->3M(256M) 1.826ms
[2025-03-05T02:30:48.504+0300][8.024s][info ][gc] GC(149) Pause Young (Normal) (G1 Evacuation Pause) 14M->4M(256M) 1.940ms
[2025-03-05T02:30:48.550+0300][8.069s][info ][gc] GC(150) Pause Young (Normal) (G1 Evacuation Pause) 14M->3M(256M) 0.998ms
[2025-03-05T02:30:48.600+0300][8.119s][info ][gc] GC(151) Pause Young (Normal) (G1 Evacuation Pause) 14M->4M(256M) 1.500ms
[2025-03-05T02:30:48.646+0300][8.165s][info ][gc] GC(152) Pause Young (Normal) (G1 Evacuation Pause) 14M->3M(256M) 1.263ms
[2025-03-05T02:30:48.700+0300][8.219s][info ][gc] GC(153) Pause Young (Normal) (G1 Evacuation Pause) 14M->4M(256M) 1.978ms
[2025-03-05T02:30:48.748+0300][8.267s][info ][gc] GC(154) Pause Young (Normal) (G1 Evacuation Pause) 14M->3M(256M) 1.295ms
[2025-03-05T02:30:48.797+0300][8.317s][info ][gc] GC(155) Pause Young (Normal) (G1 Evacuation Pause) 14M->4M(256M) 2.134ms
[2025-03-05T02:30:48.841+0300][8.360s][info ][gc] GC(156) Pause Young (Normal) (G1 Evacuation Pause) 14M->3M(256M) 1.329ms
[2025-03-05T02:30:48.892+0300][8.411s][info ][gc] GC(157) Pause Young (Normal) (G1 Evacuation Pause) 14M->4M(256M) 1.738ms
[2025-03-05T02:30:48.934+0300][8.454s][info ][gc] GC(158) Pause Young (Normal) (G1 Evacuation Pause) 14M->3M(256M) 1.311ms
[2025-03-05T02:30:49.001+0300][8.520s][info ][gc] GC(159) Pause Young (Normal) (G1 Evacuation Pause) 14M->4M(256M) 2.616ms
[2025-03-05T02:30:49.056+0300][8.576s][info ][gc] GC(160) Pause Young (Normal) (G1 Evacuation Pause) 14M->3M(256M) 1.145ms
[2025-03-05T02:30:49.105+0300][8.625s][info ][gc] GC(161) Pause Young (Normal) (G1 Evacuation Pause) 14M->4M(256M) 2.286ms
[2025-03-05T02:30:49.158+0300][8.677s][info ][gc] GC(162) Pause Young (Normal) (G1 Evacuation Pause) 14M->3M(256M) 0.994ms
[2025-03-05T02:30:49.210+0300][8.728s][info ][gc] GC(163) Pause Young (Normal) (G1 Evacuation Pause) 14M->4M(256M) 1.991ms
[2025-03-05T02:30:49.262+0300][8.781s][info ][gc] GC(164) Pause Young (Normal) (G1 Evacuation Pause) 14M->3M(256M) 1.120ms
[2025-03-05T02:30:49.313+0300][8.832s][info ][gc] GC(165) Pause Young (Normal) (G1 Evacuation Pause) 14M->4M(256M) 2.473ms
[2025-03-05T02:30:49.358+0300][8.878s][info ][gc] GC(166) Pause Young (Normal) (G1 Evacuation Pause) 14M->3M(256M) 1.403ms
[2025-03-05T02:30:49.406+0300][8.925s][info ][gc] GC(167) Pause Young (Normal) (G1 Evacuation Pause) 14M->2M(256M) 0.596ms
[2025-03-05T02:30:49.455+0300][8.975s][info ][gc] GC(168) Pause Young (Normal) (G1 Evacuation Pause) 13M->3M(256M) 1.608ms
[2025-03-05T02:30:49.502+0300][9.022s][info ][gc] GC(169) Pause Young (Normal) (G1 Evacuation Pause) 14M->2M(256M) 0.668ms
[2025-03-05T02:30:49.549+0300][9.069s][info ][gc] GC(170) Pause Young (Normal) (G1 Evacuation Pause) 13M->3M(256M) 1.666ms
[2025-03-05T02:30:49.598+0300][9.117s][info ][gc] GC(171) Pause Young (Normal) (G1 Evacuation Pause) 14M->2M(256M) 0.803ms
[2025-03-05T02:30:49.674+0300][9.193s][info ][gc] GC(172) Pause Young (Normal) (G1 Evacuation Pause) 13M->3M(256M) 2.018ms
[2025-03-05T02:30:49.734+0300][9.253s][info ][gc] GC(173) Pause Young (Normal) (G1 Evacuation Pause) 13M->2M(256M) 0.803ms
[2025-03-05T02:30:49.792+0300][9.311s][info ][gc] GC(174) Pause Young (Normal) (G1 Evacuation Pause) 13M->3M(256M) 1.591ms
[2025-03-05T02:30:49.846+0300][9.365s][info ][gc] GC(175) Pause Young (Normal) (G1 Evacuation Pause) 13M->2M(256M) 0.914ms
[2025-03-05T02:30:49.894+0300][9.413s][info ][gc] GC(176) Pause Young (Normal) (G1 Evacuation Pause) 13M->3M(256M) 1.532ms
[2025-03-05T02:30:49.939+0300][9.458s][info ][gc] GC(177) Pause Young (Normal) (G1 Evacuation Pause) 13M->2M(256M) 0.764ms
[2025-03-05T02:30:49.989+0300][9.508s][info ][gc] GC(178) Pause Young (Normal) (G1 Evacuation Pause) 13M->3M(256M) 1.426ms
[2025-03-05T02:30:50.033+0300][9.552s][info ][gc] GC(179) Pause Young (Normal) (G1 Evacuation Pause) 13M->3M(256M) 1.164ms
[2025-03-05T02:30:50.083+0300][9.602s][info ][gc] GC(180) Pause Young (Normal) (G1 Evacuation Pause) 14M->3M(256M) 1.691ms
[2025-03-05T02:30:50.127+0300][9.646s][info ][gc] GC(181) Pause Young (Normal) (G1 Evacuation Pause) 13M->3M(256M) 0.924ms
[2025-03-05T02:30:50.181+0300][9.701s][info ][gc] GC(182) Pause Young (Normal) (G1 Evacuation Pause) 14M->3M(256M) 1.788ms
[2025-03-05T02:30:50.238+0300][9.757s][info ][gc] GC(183) Pause Young (Normal) (G1 Evacuation Pause) 13M->3M(256M) 0.937ms
[2025-03-05T02:30:50.292+0300][9.812s][info ][gc] GC(184) Pause Young (Normal) (G1 Evacuation Pause) 14M->3M(256M) 1.573ms
[2025-03-05T02:30:50.341+0300][9.860s][info ][gc] GC(185) Pause Young (Normal) (G1 Evacuation Pause) 14M->3M(256M) 1.091ms
[2025-03-05T02:30:50.393+0300][9.913s][info ][gc] GC(186) Pause Young (Normal) (G1 Evacuation Pause) 15M->4M(256M) 1.788ms
[2025-03-05T02:30:50.436+0300][9.955s][info ][gc] GC(187) Pause Young (Normal) (G1 Evacuation Pause) 14M->3M(256M) 1.026ms
[2025-03-05T02:30:50.483+0300][10.002s][info ][gc] GC(188) Pause Young (Normal) (G1 Evacuation Pause) 14M->4M(256M) 2.248ms
[2025-03-05T02:30:50.526+0300][10.045s][info ][gc] GC(189) Pause Young (Normal) (G1 Evacuation Pause) 14M->3M(256M) 1.345ms
[2025-03-05T02:30:50.573+0300][10.094s][info ][gc] GC(190) Pause Young (Normal) (G1 Evacuation Pause) 14M->4M(256M) 1.933ms
[2025-03-05T02:30:50.617+0300][10.136s][info ][gc] GC(191) Pause Young (Normal) (G1 Evacuation Pause) 14M->3M(256M) 1.137ms
[2025-03-05T02:30:50.665+0300][10.185s][info ][gc] GC(192) Pause Young (Normal) (G1 Evacuation Pause) 14M->4M(256M) 1.782ms
[2025-03-05T02:30:50.708+0300][10.227s][info ][gc] GC(193) Pause Young (Normal) (G1 Evacuation Pause) 14M->3M(256M) 1.413ms
[2025-03-05T02:30:50.756+0300][10.275s][info ][gc] GC(194) Pause Young (Normal) (G1 Evacuation Pause) 14M->4M(256M) 1.725ms
[2025-03-05T02:30:50.801+0300][10.320s][info ][gc] GC(195) Pause Young (Normal) (G1 Evacuation Pause) 14M->3M(256M) 1.233ms
[2025-03-05T02:30:50.849+0300][10.368s][info ][gc] GC(196) Pause Young (Normal) (G1 Evacuation Pause) 14M->4M(256M) 1.907ms
[2025-03-05T02:30:50.892+0300][10.412s][info ][gc] GC(197) Pause Young (Normal) (G1 Evacuation Pause) 14M->3M(256M) 1.364ms
[2025-03-05T02:30:50.941+0300][10.459s][info ][gc] GC(198) Pause Young (Normal) (G1 Evacuation Pause) 14M->4M(256M) 1.836ms
[2025-03-05T02:30:50.984+0300][10.503s][info ][gc] GC(199) Pause Young (Normal) (G1 Evacuation Pause) 14M->3M(256M) 1.440ms
[2025-03-05T02:30:51.032+0300][10.551s][info ][gc] GC(200) Pause Young (Normal) (G1 Evacuation Pause) 14M->4M(256M) 1.893ms
[2025-03-05T02:30:51.079+0300][10.598s][info ][gc] GC(201) Pause Young (Normal) (G1 Evacuation Pause) 14M->3M(256M) 1.613ms
[2025-03-05T02:30:51.126+0300][10.646s][info ][gc] GC(202) Pause Young (Normal) (G1 Evacuation Pause) 14M->4M(256M) 1.970ms
[2025-03-05T02:30:51.168+0300][10.688s][info ][gc] GC(203) Pause Young (Normal) (G1 Evacuation Pause) 14M->3M(256M) 1.194ms
[2025-03-05T02:30:51.213+0300][10.734s][info ][gc] GC(204) Pause Young (Normal) (G1 Evacuation Pause) 14M->2M(256M) 0.430ms
[2025-03-05T02:30:51.263+0300][10.783s][info ][gc] GC(205) Pause Young (Normal) (G1 Evacuation Pause) 13M->3M(256M) 1.785ms
[2025-03-05T02:30:51.313+0300][10.832s][info ][gc] GC(206) Pause Young (Normal) (G1 Evacuation Pause) 14M->2M(256M) 1.076ms
[2025-03-05T02:30:51.359+0300][10.879s][info ][gc] GC(207) Pause Young (Normal) (G1 Evacuation Pause) 13M->3M(256M) 1.605ms
[2025-03-05T02:30:51.407+0300][10.926s][info ][gc] GC(208) Pause Young (Normal) (G1 Evacuation Pause) 14M->2M(256M) 1.006ms
[2025-03-05T02:30:51.454+0300][10.973s][info ][gc] GC(209) Pause Young (Normal) (G1 Evacuation Pause) 13M->3M(256M) 1.609ms
[2025-03-05T02:30:51.496+0300][11.016s][info ][gc] GC(210) Pause Young (Normal) (G1 Evacuation Pause) 13M->2M(256M) 0.926ms
[2025-03-05T02:30:51.548+0300][11.067s][info ][gc] GC(211) Pause Young (Normal) (G1 Evacuation Pause) 13M->3M(256M) 1.674ms
[2025-03-05T02:30:51.590+0300][11.109s][info ][gc] GC(212) Pause Young (Normal) (G1 Evacuation Pause) 13M->2M(256M) 0.882ms
[2025-03-05T02:30:51.636+0300][11.155s][info ][gc] GC(213) Pause Young (Normal) (G1 Evacuation Pause) 13M->3M(256M) 1.475ms
[2025-03-05T02:30:51.677+0300][11.197s][info ][gc] GC(214) Pause Young (Normal) (G1 Evacuation Pause) 13M->2M(256M) 0.862ms
[2025-03-05T02:30:51.733+0300][11.252s][info ][gc] GC(215) Pause Young (Normal) (G1 Evacuation Pause) 13M->3M(256M) 1.697ms
[2025-03-05T02:30:51.786+0300][11.305s][info ][gc] GC(216) Pause Young (Normal) (G1 Evacuation Pause) 13M->2M(256M) 0.942ms
[2025-03-05T02:30:51.841+0300][11.360s][info ][gc] GC(217) Pause Young (Normal) (G1 Evacuation Pause) 13M->3M(256M) 1.533ms
[2025-03-05T02:30:51.888+0300][11.408s][info ][gc] GC(218) Pause Young (Normal) (G1 Evacuation Pause) 13M->3M(256M) 1.052ms
[2025-03-05T02:30:51.940+0300][11.459s][info ][gc] GC(219) Pause Young (Normal) (G1 Evacuation Pause) 14M->3M(256M) 1.515ms
[2025-03-05T02:30:51.985+0300][11.505s][info ][gc] GC(220) Pause Young (Normal) (G1 Evacuation Pause) 13M->2M(256M) 0.940ms
[2025-03-05T02:30:52.039+0300][11.558s][info ][gc] GC(221) Pause Young (Normal) (G1 Evacuation Pause) 13M->3M(256M) 1.575ms
[2025-03-05T02:30:52.087+0300][11.606s][info ][gc] GC(222) Pause Young (Normal) (G1 Evacuation Pause) 13M->3M(256M) 1.075ms
[2025-03-05T02:30:52.140+0300][11.659s][info ][gc] GC(223) Pause Young (Normal) (G1 Evacuation Pause) 14M->3M(256M) 1.688ms
[2025-03-05T02:30:52.191+0300][11.710s][info ][gc] GC(224) Pause Young (Normal) (G1 Evacuation Pause) 13M->3M(256M) 0.781ms
[2025-03-05T02:30:52.240+0300][11.760s][info ][gc] GC(225) Pause Young (Normal) (G1 Evacuation Pause) 14M->3M(256M) 1.623ms
[2025-03-05T02:30:52.304+0300][11.823s][info ][gc] GC(226) Pause Young (Normal) (G1 Evacuation Pause) 14M->3M(256M) 1.131ms
[2025-03-05T02:30:52.350+0300][11.869s][info ][gc] GC(227) Pause Young (Normal) (G1 Evacuation Pause) 14M->4M(256M) 1.612ms
[2025-03-05T02:30:52.451+0300][11.970s][info ][gc] GC(228) Pause Young (Normal) (G1 Evacuation Pause) 14M->3M(256M) 1.224ms
[2025-03-05T02:30:52.511+0300][12.030s][info ][gc] GC(229) Pause Young (Normal) (G1 Evacuation Pause) 14M->4M(256M) 2.193ms
[2025-03-05T02:30:52.566+0300][12.085s][info ][gc] GC(230) Pause Young (Normal) (G1 Evacuation Pause) 14M->3M(256M) 1.032ms
[2025-03-05T02:30:52.625+0300][12.144s][info ][gc] GC(231) Pause Young (Normal) (G1 Evacuation Pause) 14M->4M(256M) 1.770ms
[2025-03-05T02:30:52.682+0300][12.202s][info ][gc] GC(232) Pause Young (Normal) (G1 Evacuation Pause) 14M->3M(256M) 1.277ms
[2025-03-05T02:30:52.739+0300][12.258s][info ][gc] GC(233) Pause Young (Normal) (G1 Evacuation Pause) 14M->4M(256M) 1.512ms
[2025-03-05T02:30:52.798+0300][12.317s][info ][gc] GC(234) Pause Young (Normal) (G1 Evacuation Pause) 14M->3M(256M) 1.125ms
[2025-03-05T02:30:52.846+0300][12.365s][info ][gc] GC(235) Pause Young (Normal) (G1 Evacuation Pause) 14M->4M(256M) 1.573ms
[2025-03-05T02:30:52.890+0300][12.409s][info ][gc] GC(236) Pause Young (Normal) (G1 Evacuation Pause) 14M->3M(256M) 1.088ms
[2025-03-05T02:30:52.940+0300][12.460s][info ][gc] GC(237) Pause Young (Normal) (G1 Evacuation Pause) 14M->4M(256M) 1.861ms
[2025-03-05T02:30:52.989+0300][12.509s][info ][gc] GC(238) Pause Young (Normal) (G1 Evacuation Pause) 14M->3M(256M) 1.403ms
[2025-03-05T02:30:53.041+0300][12.560s][info ][gc] GC(239) Pause Young (Normal) (G1 Evacuation Pause) 14M->4M(256M) 1.764ms
[2025-03-05T02:30:53.083+0300][12.603s][info ][gc] GC(240) Pause Young (Normal) (G1 Evacuation Pause) 14M->3M(256M) 1.511ms
[2025-03-05T02:30:53.132+0300][12.651s][info ][gc] GC(241) Pause Young (Normal) (G1 Evacuation Pause) 14M->4M(256M) 1.913ms
[2025-03-05T02:30:53.175+0300][12.694s][info ][gc] GC(242) Pause Young (Normal) (G1 Evacuation Pause) 14M->3M(256M) 1.320ms
[2025-03-05T02:30:53.225+0300][12.744s][info ][gc] GC(243) Pause Young (Normal) (G1 Evacuation Pause) 14M->4M(256M) 1.926ms
[2025-03-05T02:30:53.267+0300][12.786s][info ][gc] GC(244) Pause Young (Normal) (G1 Evacuation Pause) 14M->3M(256M) 1.410ms
[2025-03-05T02:30:53.314+0300][12.833s][info ][gc] GC(245) Pause Young (Normal) (G1 Evacuation Pause) 14M->4M(256M) 2.069ms
[2025-03-05T02:30:53.357+0300][12.876s][info ][gc] GC(246) Pause Young (Normal) (G1 Evacuation Pause) 14M->3M(256M) 1.382ms
[2025-03-05T02:30:53.404+0300][12.923s][info ][gc] GC(247) Pause Young (Normal) (G1 Evacuation Pause) 14M->2M(256M) 0.729ms
[2025-03-05T02:30:53.451+0300][12.971s][info ][gc] GC(248) Pause Young (Normal) (G1 Evacuation Pause) 13M->3M(256M) 1.741ms
[2025-03-05T02:30:53.496+0300][13.016s][info ][gc] GC(249) Pause Young (Normal) (G1 Evacuation Pause) 14M->2M(256M) 0.777ms
[2025-03-05T02:30:53.544+0300][13.063s][info ][gc] GC(250) Pause Young (Normal) (G1 Evacuation Pause) 13M->3M(256M) 1.852ms
[2025-03-05T02:30:53.611+0300][13.130s][info ][gc] GC(251) Pause Young (Normal) (G1 Evacuation Pause) 14M->2M(256M) 0.958ms
[2025-03-05T02:30:53.662+0300][13.182s][info ][gc] GC(252) Pause Young (Normal) (G1 Evacuation Pause) 13M->3M(256M) 1.639ms
[2025-03-05T02:30:53.706+0300][13.225s][info ][gc] GC(253) Pause Young (Normal) (G1 Evacuation Pause) 13M->2M(256M) 0.827ms
[2025-03-05T02:30:53.754+0300][13.273s][info ][gc] GC(254) Pause Young (Normal) (G1 Evacuation Pause) 13M->3M(256M) 1.682ms
[2025-03-05T02:30:53.796+0300][13.315s][info ][gc] GC(255) Pause Young (Normal) (G1 Evacuation Pause) 13M->2M(256M) 1.091ms
[2025-03-05T02:30:53.843+0300][13.362s][info ][gc] GC(256) Pause Young (Normal) (G1 Evacuation Pause) 13M->3M(256M) 1.729ms
[2025-03-05T02:30:53.887+0300][13.406s][info ][gc] GC(257) Pause Young (Normal) (G1 Evacuation Pause) 13M->2M(256M) 0.793ms
[2025-03-05T02:30:53.935+0300][13.454s][info ][gc] GC(258) Pause Young (Normal) (G1 Evacuation Pause) 13M->3M(256M) 1.743ms
[2025-03-05T02:30:53.977+0300][13.496s][info ][gc] GC(259) Pause Young (Normal) (G1 Evacuation Pause) 13M->3M(256M) 1.223ms
[2025-03-05T02:30:54.024+0300][13.544s][info ][gc] GC(260) Pause Young (Normal) (G1 Evacuation Pause) 14M->3M(256M) 1.642ms
[2025-03-05T02:30:54.068+0300][13.586s][info ][gc] GC(261) Pause Young (Normal) (G1 Evacuation Pause) 13M->2M(256M) 1.020ms
[2025-03-05T02:30:54.115+0300][13.634s][info ][gc] GC(262) Pause Young (Normal) (G1 Evacuation Pause) 13M->3M(256M) 1.451ms
[2025-03-05T02:30:54.159+0300][13.678s][info ][gc] GC(263) Pause Young (Normal) (G1 Evacuation Pause) 13M->2M(256M) 0.954ms
[2025-03-05T02:30:54.213+0300][13.733s][info ][gc] GC(264) Pause Young (Normal) (G1 Evacuation Pause) 13M->3M(256M) 1.779ms
[2025-03-05T02:30:54.260+0300][13.780s][info ][gc] GC(265) Pause Young (Normal) (G1 Evacuation Pause) 13M->2M(256M) 1.069ms
[2025-03-05T02:30:54.314+0300][13.833s][info ][gc] GC(266) Pause Young (Normal) (G1 Evacuation Pause) 13M->3M(256M) 1.663ms
[2025-03-05T02:30:54.365+0300][13.883s][info ][gc] GC(267) Pause Young (Normal) (G1 Evacuation Pause) 13M->3M(256M) 0.840ms
[2025-03-05T02:30:54.415+0300][13.934s][info ][gc] GC(268) Pause Young (Normal) (G1 Evacuation Pause) 14M->3M(256M) 1.998ms
[2025-03-05T02:30:54.462+0300][13.981s][info ][gc] GC(269) Pause Young (Normal) (G1 Evacuation Pause) 13M->3M(256M) 0.821ms
[2025-03-05T02:30:54.514+0300][14.033s][info ][gc] GC(270) Pause Young (Normal) (G1 Evacuation Pause) 14M->3M(256M) 1.664ms
[2025-03-05T02:30:54.561+0300][14.079s][info ][gc] GC(271) Pause Young (Normal) (G1 Evacuation Pause) 13M->3M(256M) 1.024ms
[2025-03-05T02:30:54.610+0300][14.129s][info ][gc] GC(272) Pause Young (Normal) (G1 Evacuation Pause) 14M->4M(256M) 1.948ms
[2025-03-05T02:30:54.652+0300][14.171s][info ][gc] GC(273) Pause Young (Normal) (G1 Evacuation Pause) 14M->3M(256M) 1.155ms
[2025-03-05T02:30:54.701+0300][14.221s][info ][gc] GC(274) Pause Young (Normal) (G1 Evacuation Pause) 14M->3M(256M) 1.518ms
[2025-03-05T02:30:54.745+0300][14.265s][info ][gc] GC(275) Pause Young (Normal) (G1 Evacuation Pause) 13M->3M(256M) 0.898ms
[2025-03-05T02:30:54.797+0300][14.316s][info ][gc] GC(276) Pause Young (Normal) (G1 Evacuation Pause) 14M->4M(256M) 1.878ms
[2025-03-05T02:30:54.846+0300][14.365s][info ][gc] GC(277) Pause Young (Normal) (G1 Evacuation Pause) 14M->3M(256M) 1.375ms
[2025-03-05T02:30:54.901+0300][14.420s][info ][gc] GC(278) Pause Young (Normal) (G1 Evacuation Pause) 14M->4M(256M) 1.742ms
[2025-03-05T02:30:54.950+0300][14.469s][info ][gc] GC(279) Pause Young (Normal) (G1 Evacuation Pause) 14M->3M(256M) 1.173ms
[2025-03-05T02:30:55.000+0300][14.519s][info ][gc] GC(280) Pause Young (Normal) (G1 Evacuation Pause) 14M->4M(256M) 1.659ms
[2025-03-05T02:30:55.047+0300][14.565s][info ][gc] GC(281) Pause Young (Normal) (G1 Evacuation Pause) 14M->3M(256M) 1.175ms
[2025-03-05T02:30:55.095+0300][14.614s][info ][gc] GC(282) Pause Young (Normal) (G1 Evacuation Pause) 14M->4M(256M) 1.722ms
[2025-03-05T02:30:55.139+0300][14.658s][info ][gc] GC(283) Pause Young (Normal) (G1 Evacuation Pause) 14M->3M(256M) 1.178ms
[2025-03-05T02:30:55.186+0300][14.705s][info ][gc] GC(284) Pause Young (Normal) (G1 Evacuation Pause) 14M->4M(256M) 1.772ms
[2025-03-05T02:30:55.229+0300][14.747s][info ][gc] GC(285) Pause Young (Normal) (G1 Evacuation Pause) 14M->3M(256M) 1.193ms
[2025-03-05T02:30:55.274+0300][14.793s][info ][gc] GC(286) Pause Young (Normal) (G1 Evacuation Pause) 14M->4M(256M) 1.895ms
[2025-03-05T02:30:55.318+0300][14.837s][info ][gc] GC(287) Pause Young (Normal) (G1 Evacuation Pause) 14M->3M(256M) 1.617ms
[2025-03-05T02:30:55.366+0300][14.886s][info ][gc] GC(288) Pause Young (Normal) (G1 Evacuation Pause) 14M->4M(256M) 2.006ms
[2025-03-05T02:30:55.410+0300][14.929s][info ][gc] GC(289) Pause Young (Normal) (G1 Evacuation Pause) 14M->3M(256M) 1.408ms
[2025-03-05T02:30:55.458+0300][14.978s][info ][gc] GC(290) Pause Young (Normal) (G1 Evacuation Pause) 14M->4M(256M) 1.845ms
[2025-03-05T02:30:55.504+0300][15.023s][info ][gc] GC(291) Pause Young (Normal) (G1 Evacuation Pause) 14M->3M(256M) 1.438ms
[2025-03-05T02:30:55.554+0300][15.073s][info ][gc] GC(292) Pause Young (Normal) (G1 Evacuation Pause) 14M->4M(256M) 2.090ms
[2025-03-05T02:30:55.600+0300][15.119s][info ][gc] GC(293) Pause Young (Normal) (G1 Evacuation Pause) 14M->3M(256M) 1.088ms
[2025-03-05T02:30:55.648+0300][15.168s][info ][gc] GC(294) Pause Young (Normal) (G1 Evacuation Pause) 14M->4M(256M) 1.854ms
[2025-03-05T02:30:55.690+0300][15.209s][info ][gc] GC(295) Pause Young (Normal) (G1 Evacuation Pause) 14M->3M(256M) 1.271ms
[2025-03-05T02:30:55.735+0300][15.254s][info ][gc] GC(296) Pause Young (Normal) (G1 Evacuation Pause) 14M->2M(256M) 0.629ms
[2025-03-05T02:30:55.783+0300][15.302s][info ][gc] GC(297) Pause Young (Normal) (G1 Evacuation Pause) 13M->3M(256M) 1.597ms
[2025-03-05T02:30:55.830+0300][15.348s][info ][gc] GC(298) Pause Young (Normal) (G1 Evacuation Pause) 14M->2M(256M) 0.725ms
[2025-03-05T02:30:55.876+0300][15.395s][info ][gc] GC(299) Pause Young (Normal) (G1 Evacuation Pause) 13M->3M(256M) 1.730ms
[2025-03-05T02:30:55.921+0300][15.441s][info ][gc] GC(300) Pause Young (Normal) (G1 Evacuation Pause) 14M->2M(256M) 0.819ms
[2025-03-05T02:30:55.967+0300][15.487s][info ][gc] GC(301) Pause Young (Normal) (G1 Evacuation Pause) 13M->3M(256M) 1.659ms
[2025-03-05T02:30:56.009+0300][15.528s][info ][gc] GC(302) Pause Young (Normal) (G1 Evacuation Pause) 13M->2M(256M) 0.931ms
[2025-03-05T02:30:56.055+0300][15.575s][info ][gc] GC(303) Pause Young (Normal) (G1 Evacuation Pause) 13M->3M(256M) 1.571ms
[2025-03-05T02:30:56.097+0300][15.616s][info ][gc] GC(304) Pause Young (Normal) (G1 Evacuation Pause) 13M->2M(256M) 1.050ms
[2025-03-05T02:30:56.143+0300][15.662s][info ][gc] GC(305) Pause Young (Normal) (G1 Evacuation Pause) 13M->3M(256M) 1.830ms
[2025-03-05T02:30:56.186+0300][15.705s][info ][gc] GC(306) Pause Young (Normal) (G1 Evacuation Pause) 13M->2M(256M) 0.994ms
[2025-03-05T02:30:56.233+0300][15.752s][info ][gc] GC(307) Pause Young (Normal) (G1 Evacuation Pause) 13M->3M(256M) 1.723ms
[2025-03-05T02:30:56.275+0300][15.794s][info ][gc] GC(308) Pause Young (Normal) (G1 Evacuation Pause) 13M->2M(256M) 1.042ms
[2025-03-05T02:30:56.321+0300][15.840s][info ][gc] GC(309) Pause Young (Normal) (G1 Evacuation Pause) 13M->3M(256M) 1.561ms
[2025-03-05T02:30:56.363+0300][15.883s][info ][gc] GC(310) Pause Young (Normal) (G1 Evacuation Pause) 13M->2M(256M) 1.019ms
[2025-03-05T02:30:56.409+0300][15.928s][info ][gc] GC(311) Pause Young (Normal) (G1 Evacuation Pause) 13M->3M(256M) 1.641ms
[2025-03-05T02:30:56.451+0300][15.970s][info ][gc] GC(312) Pause Young (Normal) (G1 Evacuation Pause) 13M->3M(256M) 1.056ms
[2025-03-05T02:30:56.497+0300][16.016s][info ][gc] GC(313) Pause Young (Normal) (G1 Evacuation Pause) 14M->3M(256M) 1.408ms
[2025-03-05T02:30:56.538+0300][16.057s][info ][gc] GC(314) Pause Young (Normal) (G1 Evacuation Pause) 13M->2M(256M) 0.992ms
[2025-03-05T02:30:56.585+0300][16.104s][info ][gc] GC(315) Pause Young (Normal) (G1 Evacuation Pause) 13M->3M(256M) 1.843ms
[2025-03-05T02:30:56.626+0300][16.145s][info ][gc] GC(316) Pause Young (Normal) (G1 Evacuation Pause) 13M->3M(256M) 0.971ms
[2025-03-05T02:30:56.672+0300][16.192s][info ][gc] GC(317) Pause Young (Normal) (G1 Evacuation Pause) 14M->3M(256M) 1.710ms
[2025-03-05T02:30:56.716+0300][16.235s][info ][gc] GC(318) Pause Young (Normal) (G1 Evacuation Pause) 13M->3M(256M) 1.019ms
[2025-03-05T02:30:56.762+0300][16.282s][info ][gc] GC(319) Pause Young (Normal) (G1 Evacuation Pause) 14M->3M(256M) 1.449ms
[2025-03-05T02:30:56.810+0300][16.329s][info ][gc] GC(320) Pause Young (Normal) (G1 Evacuation Pause) 14M->3M(256M) 1.290ms
[2025-03-05T02:30:56.861+0300][16.380s][info ][gc] GC(321) Pause Young (Normal) (G1 Evacuation Pause) 14M->4M(256M) 1.646ms
[2025-03-05T02:30:56.911+0300][16.430s][info ][gc] GC(322) Pause Young (Normal) (G1 Evacuation Pause) 14M->3M(256M) 1.390ms
[2025-03-05T02:30:56.971+0300][16.490s][info ][gc] GC(323) Pause Young (Normal) (G1 Evacuation Pause) 14M->4M(256M) 1.748ms
[2025-03-05T02:30:57.021+0300][16.540s][info ][gc] GC(324) Pause Young (Normal) (G1 Evacuation Pause) 14M->3M(256M) 1.412ms
[2025-03-05T02:30:57.077+0300][16.596s][info ][gc] GC(325) Pause Young (Normal) (G1 Evacuation Pause) 14M->4M(256M) 2.412ms
[2025-03-05T02:30:57.131+0300][16.651s][info ][gc] GC(326) Pause Young (Normal) (G1 Evacuation Pause) 14M->3M(256M) 1.558ms
[2025-03-05T02:30:57.191+0300][16.710s][info ][gc] GC(327) Pause Young (Normal) (G1 Evacuation Pause) 14M->4M(256M) 1.738ms
[2025-03-05T02:30:57.239+0300][16.758s][info ][gc] GC(328) Pause Young (Normal) (G1 Evacuation Pause) 14M->3M(256M) 1.260ms
[2025-03-05T02:30:57.291+0300][16.811s][info ][gc] GC(329) Pause Young (Normal) (G1 Evacuation Pause) 14M->4M(256M) 1.568ms
[2025-03-05T02:30:57.339+0300][16.858s][info ][gc] GC(330) Pause Young (Normal) (G1 Evacuation Pause) 14M->3M(256M) 1.293ms
[2025-03-05T02:30:57.394+0300][16.913s][info ][gc] GC(331) Pause Young (Normal) (G1 Evacuation Pause) 14M->4M(256M) 1.756ms
[2025-03-05T02:30:57.440+0300][16.959s][info ][gc] GC(332) Pause Young (Normal) (G1 Evacuation Pause) 14M->3M(256M) 1.285ms
[2025-03-05T02:30:57.487+0300][17.007s][info ][gc] GC(333) Pause Young (Normal) (G1 Evacuation Pause) 14M->4M(256M) 1.708ms
[2025-03-05T02:30:57.554+0300][17.073s][info ][gc] GC(334) Pause Young (Normal) (G1 Evacuation Pause) 14M->3M(256M) 1.242ms
[2025-03-05T02:30:57.602+0300][17.122s][info ][gc] GC(335) Pause Young (Normal) (G1 Evacuation Pause) 14M->4M(256M) 1.808ms
[2025-03-05T02:30:57.649+0300][17.168s][info ][gc] GC(336) Pause Young (Normal) (G1 Evacuation Pause) 14M->3M(256M) 1.406ms
[2025-03-05T02:30:57.697+0300][17.216s][info ][gc] GC(337) Pause Young (Normal) (G1 Evacuation Pause) 14M->4M(256M) 1.429ms
[2025-03-05T02:30:57.739+0300][17.258s][info ][gc] GC(338) Pause Young (Normal) (G1 Evacuation Pause) 14M->3M(256M) 1.226ms
[2025-03-05T02:30:57.784+0300][17.303s][info ][gc] GC(339) Pause Young (Normal) (G1 Evacuation Pause) 14M->2M(256M) 0.556ms
[2025-03-05T02:30:57.830+0300][17.350s][info ][gc] GC(340) Pause Young (Normal) (G1 Evacuation Pause) 13M->3M(256M) 1.477ms
[2025-03-05T02:30:57.882+0300][17.401s][info ][gc] GC(341) Pause Young (Normal) (G1 Evacuation Pause) 14M->2M(256M) 0.738ms
[2025-03-05T02:30:57.948+0300][17.468s][info ][gc] GC(342) Pause Young (Normal) (G1 Evacuation Pause) 13M->3M(256M) 1.591ms
[2025-03-05T02:30:57.998+0300][17.517s][info ][gc] GC(343) Pause Young (Normal) (G1 Evacuation Pause) 14M->2M(256M) 0.735ms
[2025-03-05T02:30:58.046+0300][17.565s][info ][gc] GC(344) Pause Young (Normal) (G1 Evacuation Pause) 13M->3M(256M) 1.766ms
[2025-03-05T02:30:58.091+0300][17.611s][info ][gc] GC(345) Pause Young (Normal) (G1 Evacuation Pause) 13M->2M(256M) 0.982ms
[2025-03-05T02:30:58.140+0300][17.659s][info ][gc] GC(346) Pause Young (Normal) (G1 Evacuation Pause) 13M->3M(256M) 1.600ms
[2025-03-05T02:30:58.182+0300][17.701s][info ][gc] GC(347) Pause Young (Normal) (G1 Evacuation Pause) 13M->2M(256M) 0.729ms
[2025-03-05T02:30:58.230+0300][17.750s][info ][gc] GC(348) Pause Young (Normal) (G1 Evacuation Pause) 13M->3M(256M) 1.473ms
[2025-03-05T02:30:58.273+0300][17.792s][info ][gc] GC(349) Pause Young (Normal) (G1 Evacuation Pause) 13M->2M(256M) 0.939ms
[2025-03-05T02:30:58.320+0300][17.839s][info ][gc] GC(350) Pause Young (Normal) (G1 Evacuation Pause) 13M->3M(256M) 1.736ms
[2025-03-05T02:30:58.362+0300][17.882s][info ][gc] GC(351) Pause Young (Normal) (G1 Evacuation Pause) 13M->2M(256M) 0.917ms
[2025-03-05T02:30:58.409+0300][17.929s][info ][gc] GC(352) Pause Young (Normal) (G1 Evacuation Pause) 13M->3M(256M) 1.692ms
[2025-03-05T02:30:58.454+0300][17.973s][info ][gc] GC(353) Pause Young (Normal) (G1 Evacuation Pause) 13M->3M(256M) 1.102ms
[2025-03-05T02:30:58.500+0300][18.020s][info ][gc] GC(354) Pause Young (Normal) (G1 Evacuation Pause) 14M->3M(256M) 1.806ms
[2025-03-05T02:30:58.546+0300][18.065s][info ][gc] GC(355) Pause Young (Normal) (G1 Evacuation Pause) 13M->2M(256M) 0.960ms
[2025-03-05T02:30:58.595+0300][18.114s][info ][gc] GC(356) Pause Young (Normal) (G1 Evacuation Pause) 13M->3M(256M) 1.897ms
[2025-03-05T02:30:58.638+0300][18.157s][info ][gc] GC(357) Pause Young (Normal) (G1 Evacuation Pause) 13M->2M(256M) 1.001ms
[2025-03-05T02:30:58.684+0300][18.204s][info ][gc] GC(358) Pause Young (Normal) (G1 Evacuation Pause) 13M->3M(256M) 1.747ms
[2025-03-05T02:30:58.725+0300][18.245s][info ][gc] GC(359) Pause Young (Normal) (G1 Evacuation Pause) 13M->3M(256M) 0.833ms
[2025-03-05T02:30:58.793+0300][18.312s][info ][gc] GC(360) Pause Young (Normal) (G1 Evacuation Pause) 14M->3M(256M) 1.880ms
[2025-03-05T02:30:58.850+0300][18.369s][info ][gc] GC(361) Pause Young (Normal) (G1 Evacuation Pause) 13M->3M(256M) 0.793ms
[2025-03-05T02:30:58.896+0300][18.415s][info ][gc] GC(362) Pause Young (Normal) (G1 Evacuation Pause) 14M->3M(256M) 1.303ms
[2025-03-05T02:30:58.939+0300][18.458s][info ][gc] GC(363) Pause Young (Normal) (G1 Evacuation Pause) 13M->3M(256M) 0.863ms
[2025-03-05T02:30:58.986+0300][18.505s][info ][gc] GC(364) Pause Young (Normal) (G1 Evacuation Pause) 14M->3M(256M) 1.314ms
[2025-03-05T02:30:59.029+0300][18.547s][info ][gc] GC(365) Pause Young (Normal) (G1 Evacuation Pause) 13M->3M(256M) 0.957ms
[2025-03-05T02:30:59.079+0300][18.599s][info ][gc] GC(366) Pause Young (Normal) (G1 Evacuation Pause) 14M->4M(256M) 1.953ms
[2025-03-05T02:30:59.122+0300][18.641s][info ][gc] GC(367) Pause Young (Normal) (G1 Evacuation Pause) 14M->3M(256M) 1.039ms
[2025-03-05T02:30:59.168+0300][18.688s][info ][gc] GC(368) Pause Young (Normal) (G1 Evacuation Pause) 14M->4M(256M) 1.720ms
[2025-03-05T02:30:59.211+0300][18.730s][info ][gc] GC(369) Pause Young (Normal) (G1 Evacuation Pause) 14M->3M(256M) 1.347ms
[2025-03-05T02:30:59.262+0300][18.781s][info ][gc] GC(370) Pause Young (Normal) (G1 Evacuation Pause) 14M->4M(256M) 1.794ms
[2025-03-05T02:30:59.305+0300][18.824s][info ][gc] GC(371) Pause Young (Normal) (G1 Evacuation Pause) 14M->3M(256M) 1.148ms
[2025-03-05T02:30:59.353+0300][18.873s][info ][gc] GC(372) Pause Young (Normal) (G1 Evacuation Pause) 14M->4M(256M) 2.006ms
[2025-03-05T02:30:59.413+0300][18.933s][info ][gc] GC(373) Pause Young (Normal) (G1 Evacuation Pause) 14M->3M(256M) 1.374ms
[2025-03-05T02:30:59.459+0300][18.979s][info ][gc] GC(374) Pause Young (Normal) (G1 Evacuation Pause) 14M->4M(256M) 1.765ms
[2025-03-05T02:30:59.502+0300][19.021s][info ][gc] GC(375) Pause Young (Normal) (G1 Evacuation Pause) 14M->3M(256M) 1.260ms
[2025-03-05T02:30:59.549+0300][19.068s][info ][gc] GC(376) Pause Young (Normal) (G1 Evacuation Pause) 14M->4M(256M) 1.801ms
[2025-03-05T02:30:59.590+0300][19.109s][info ][gc] GC(377) Pause Young (Normal) (G1 Evacuation Pause) 14M->3M(256M) 1.205ms
[2025-03-05T02:30:59.637+0300][19.157s][info ][gc] GC(378) Pause Young (Normal) (G1 Evacuation Pause) 14M->4M(256M) 1.697ms
[2025-03-05T02:30:59.680+0300][19.199s][info ][gc] GC(379) Pause Young (Normal) (G1 Evacuation Pause) 14M->3M(256M) 1.148ms
[2025-03-05T02:30:59.729+0300][19.248s][info ][gc] GC(380) Pause Young (Normal) (G1 Evacuation Pause) 14M->4M(256M) 1.904ms
[2025-03-05T02:30:59.771+0300][19.291s][info ][gc] GC(381) Pause Young (Normal) (G1 Evacuation Pause) 14M->3M(256M) 1.327ms
[2025-03-05T02:30:59.818+0300][19.337s][info ][gc] GC(382) Pause Young (Normal) (G1 Evacuation Pause) 14M->4M(256M) 1.819ms
[2025-03-05T02:30:59.861+0300][19.380s][info ][gc] GC(383) Pause Young (Normal) (G1 Evacuation Pause) 14M->3M(256M) 1.336ms
[2025-03-05T02:30:59.907+0300][19.427s][info ][gc] GC(384) Pause Young (Normal) (G1 Evacuation Pause) 14M->4M(256M) 1.671ms
[2025-03-05T02:30:59.950+0300][19.469s][info ][gc] GC(385) Pause Young (Normal) (G1 Evacuation Pause) 14M->3M(256M) 1.138ms
[2025-03-05T02:30:59.998+0300][19.518s][info ][gc] GC(386) Pause Young (Normal) (G1 Evacuation Pause) 14M->4M(256M) 1.788ms
[2025-03-05T02:31:00.044+0300][19.563s][info ][gc] GC(387) Pause Young (Normal) (G1 Evacuation Pause) 14M->3M(256M) 1.628ms
[2025-03-05T02:31:00.091+0300][19.610s][info ][gc] GC(388) Pause Young (Normal) (G1 Evacuation Pause) 14M->2M(256M) 0.745ms
[2025-03-05T02:31:00.141+0300][19.660s][info ][gc] GC(389) Pause Young (Normal) (G1 Evacuation Pause) 13M->3M(256M) 1.482ms
[2025-03-05T02:31:00.191+0300][19.710s][info ][gc] GC(390) Pause Young (Normal) (G1 Evacuation Pause) 14M->2M(256M) 0.897ms
[2025-03-05T02:31:00.239+0300][19.758s][info ][gc] GC(391) Pause Young (Normal) (G1 Evacuation Pause) 13M->3M(256M) 1.681ms
[2025-03-05T02:31:00.286+0300][19.805s][info ][gc] GC(392) Pause Young (Normal) (G1 Evacuation Pause) 14M->2M(256M) 0.821ms
[2025-03-05T02:31:00.333+0300][19.852s][info ][gc] GC(393) Pause Young (Normal) (G1 Evacuation Pause) 13M->3M(256M) 1.632ms
[2025-03-05T02:31:00.375+0300][19.894s][info ][gc] GC(394) Pause Young (Normal) (G1 Evacuation Pause) 13M->2M(256M) 0.784ms
[2025-03-05T02:31:00.424+0300][19.943s][info ][gc] GC(395) Pause Young (Normal) (G1 Evacuation Pause) 13M->3M(256M) 1.562ms
[2025-03-05T02:31:00.469+0300][19.988s][info ][gc] GC(396) Pause Young (Normal) (G1 Evacuation Pause) 13M->2M(256M) 0.986ms
[2025-03-05T02:31:00.515+0300][20.035s][info ][gc] GC(397) Pause Young (Normal) (G1 Evacuation Pause) 13M->3M(256M) 1.472ms
[2025-03-05T02:31:00.558+0300][20.076s][info ][gc] GC(398) Pause Young (Normal) (G1 Evacuation Pause) 13M->2M(256M) 1.070ms
[2025-03-05T02:31:00.603+0300][20.122s][info ][gc] GC(399) Pause Young (Normal) (G1 Evacuation Pause) 13M->3M(256M) 1.712ms
[2025-03-05T02:31:00.644+0300][20.164s][info ][gc] GC(400) Pause Young (Normal) (G1 Evacuation Pause) 13M->2M(256M) 0.965ms
[2025-03-05T02:31:00.691+0300][20.210s][info ][gc] GC(401) Pause Young (Normal) (G1 Evacuation Pause) 13M->3M(256M) 1.538ms
[2025-03-05T02:31:00.733+0300][20.253s][info ][gc] GC(402) Pause Young (Normal) (G1 Evacuation Pause) 13M->2M(256M) 0.788ms
[2025-03-05T02:31:00.782+0300][20.301s][info ][gc] GC(403) Pause Young (Normal) (G1 Evacuation Pause) 13M->3M(256M) 1.547ms
[2025-03-05T02:31:00.824+0300][20.344s][info ][gc] GC(404) Pause Young (Normal) (G1 Evacuation Pause) 13M->3M(256M) 0.869ms
[2025-03-05T02:31:00.871+0300][20.390s][info ][gc] GC(405) Pause Young (Normal) (G1 Evacuation Pause) 14M->3M(256M) 1.763ms
[2025-03-05T02:31:00.914+0300][20.434s][info ][gc] GC(406) Pause Young (Normal) (G1 Evacuation Pause) 13M->2M(256M) 0.901ms
[2025-03-05T02:31:00.961+0300][20.480s][info ][gc] GC(407) Pause Young (Normal) (G1 Evacuation Pause) 13M->3M(256M) 1.929ms
[2025-03-05T02:31:01.003+0300][20.522s][info ][gc] GC(408) Pause Young (Normal) (G1 Evacuation Pause) 13M->3M(256M) 1.206ms
[2025-03-05T02:31:01.048+0300][20.568s][info ][gc] GC(409) Pause Young (Normal) (G1 Evacuation Pause) 14M->3M(256M) 1.712ms
[2025-03-05T02:31:01.092+0300][20.611s][info ][gc] GC(410) Pause Young (Normal) (G1 Evacuation Pause) 13M->3M(256M) 1.122ms
[2025-03-05T02:31:01.140+0300][20.659s][info ][gc] GC(411) Pause Young (Normal) (G1 Evacuation Pause) 14M->3M(256M) 1.547ms
[2025-03-05T02:31:01.182+0300][20.701s][info ][gc] GC(412) Pause Young (Normal) (G1 Evacuation Pause) 13M->3M(256M) 1.106ms
[2025-03-05T02:31:01.229+0300][20.748s][info ][gc] GC(413) Pause Young (Normal) (G1 Evacuation Pause) 14M->3M(256M) 1.700ms
[2025-03-05T02:31:01.280+0300][20.799s][info ][gc] GC(414) Pause Young (Normal) (G1 Evacuation Pause) 13M->3M(256M) 1.168ms
[2025-03-05T02:31:01.328+0300][20.847s][info ][gc] GC(415) Pause Young (Normal) (G1 Evacuation Pause) 14M->4M(256M) 1.764ms
[2025-03-05T02:31:01.370+0300][20.890s][info ][gc] GC(416) Pause Young (Normal) (G1 Evacuation Pause) 14M->3M(256M) 0.954ms
[2025-03-05T02:31:01.419+0300][20.939s][info ][gc] GC(417) Pause Young (Normal) (G1 Evacuation Pause) 14M->4M(256M) 1.849ms
[2025-03-05T02:31:01.462+0300][20.981s][info ][gc] GC(418) Pause Young (Normal) (G1 Evacuation Pause) 14M->3M(256M) 1.189ms
[2025-03-05T02:31:01.508+0300][21.027s][info ][gc] GC(419) Pause Young (Normal) (G1 Evacuation Pause) 14M->4M(256M) 1.642ms
[2025-03-05T02:31:01.552+0300][21.072s][info ][gc] GC(420) Pause Young (Normal) (G1 Evacuation Pause) 14M->3M(256M) 1.243ms
[2025-03-05T02:31:01.599+0300][21.119s][info ][gc] GC(421) Pause Young (Normal) (G1 Evacuation Pause) 14M->4M(256M) 1.540ms
[2025-03-05T02:31:01.642+0300][21.161s][info ][gc] GC(422) Pause Young (Normal) (G1 Evacuation Pause) 14M->3M(256M) 1.255ms
[2025-03-05T02:31:01.690+0300][21.210s][info ][gc] GC(423) Pause Young (Normal) (G1 Evacuation Pause) 14M->4M(256M) 1.483ms
[2025-03-05T02:31:01.745+0300][21.264s][info ][gc] GC(424) Pause Young (Normal) (G1 Evacuation Pause) 14M->3M(256M) 1.370ms
[2025-03-05T02:31:01.792+0300][21.311s][info ][gc] GC(425) Pause Young (Normal) (G1 Evacuation Pause) 14M->4M(256M) 1.775ms
[2025-03-05T02:31:01.836+0300][21.355s][info ][gc] GC(426) Pause Young (Normal) (G1 Evacuation Pause) 14M->3M(256M) 1.075ms
[2025-03-05T02:31:01.888+0300][21.407s][info ][gc] GC(427) Pause Young (Normal) (G1 Evacuation Pause) 14M->4M(256M) 1.907ms
[2025-03-05T02:31:01.933+0300][21.453s][info ][gc] GC(428) Pause Young (Normal) (G1 Evacuation Pause) 14M->3M(256M) 1.257ms
[2025-03-05T02:31:01.987+0300][21.507s][info ][gc] GC(429) Pause Young (Normal) (G1 Evacuation Pause) 14M->4M(256M) 1.628ms
[2025-03-05T02:31:02.037+0300][21.556s][info ][gc] GC(430) Pause Young (Normal) (G1 Evacuation Pause) 14M->3M(256M) 1.056ms
[2025-03-05T02:31:02.089+0300][21.608s][info ][gc] GC(431) Pause Young (Normal) (G1 Evacuation Pause) 14M->4M(256M) 2.046ms
[2025-03-05T02:31:02.133+0300][21.653s][info ][gc] GC(432) Pause Young (Normal) (G1 Evacuation Pause) 14M->3M(256M) 1.316ms
[2025-03-05T02:31:02.187+0300][21.706s][info ][gc] GC(433) Pause Young (Normal) (G1 Evacuation Pause) 14M->4M(256M) 2.089ms
[2025-03-05T02:31:02.240+0300][21.759s][info ][gc] GC(434) Pause Young (Normal) (G1 Evacuation Pause) 14M->3M(256M) 2.332ms
[2025-03-05T02:31:02.307+0300][21.826s][info ][gc] GC(435) Pause Young (Normal) (G1 Evacuation Pause) 14M->4M(256M) 1.633ms
[2025-03-05T02:31:02.365+0300][21.884s][info ][gc] GC(436) Pause Young (Normal) (G1 Evacuation Pause) 14M->3M(256M) 1.265ms
[2025-03-05T02:31:02.416+0300][21.935s][info ][gc] GC(437) Pause Young (Normal) (G1 Evacuation Pause) 14M->2M(256M) 0.449ms
[2025-03-05T02:31:02.465+0300][21.984s][info ][gc] GC(438) Pause Young (Normal) (G1 Evacuation Pause) 13M->3M(256M) 1.381ms
[2025-03-05T02:31:02.513+0300][22.032s][info ][gc] GC(439) Pause Young (Normal) (G1 Evacuation Pause) 14M->2M(256M) 0.843ms
[2025-03-05T02:31:02.567+0300][22.086s][info ][gc] GC(440) Pause Young (Normal) (G1 Evacuation Pause) 13M->3M(256M) 1.835ms
[2025-03-05T02:31:02.614+0300][22.133s][info ][gc] GC(441) Pause Young (Normal) (G1 Evacuation Pause) 14M->2M(256M) 0.884ms
[2025-03-05T02:31:02.663+0300][22.182s][info ][gc] GC(442) Pause Young (Normal) (G1 Evacuation Pause) 13M->3M(256M) 1.654ms
[2025-03-05T02:31:02.709+0300][22.228s][info ][gc] GC(443) Pause Young (Normal) (G1 Evacuation Pause) 13M->2M(256M) 1.021ms
[2025-03-05T02:31:02.755+0300][22.274s][info ][gc] GC(444) Pause Young (Normal) (G1 Evacuation Pause) 13M->3M(256M) 1.744ms
[2025-03-05T02:31:02.795+0300][22.314s][info ][gc] GC(445) Pause Young (Normal) (G1 Evacuation Pause) 13M->2M(256M) 0.672ms
[2025-03-05T02:31:02.842+0300][22.361s][info ][gc] GC(446) Pause Young (Normal) (G1 Evacuation Pause) 13M->3M(256M) 1.500ms
[2025-03-05T02:31:02.887+0300][22.407s][info ][gc] GC(447) Pause Young (Normal) (G1 Evacuation Pause) 13M->2M(256M) 0.727ms
[2025-03-05T02:31:02.932+0300][22.452s][info ][gc] GC(448) Pause Young (Normal) (G1 Evacuation Pause) 13M->3M(256M) 1.862ms
[2025-03-05T02:31:03.025+0300][22.544s][info ][gc] GC(449) Pause Young (Normal) (G1 Evacuation Pause) 13M->2M(256M) 1.196ms
[2025-03-05T02:31:03.081+0300][22.600s][info ][gc] GC(450) Pause Young (Normal) (G1 Evacuation Pause) 13M->3M(256M) 1.774ms
[2025-03-05T02:31:03.127+0300][22.647s][info ][gc] GC(451) Pause Young (Normal) (G1 Evacuation Pause) 13M->2M(256M) 0.887ms
[2025-03-05T02:31:03.179+0300][22.698s][info ][gc] GC(452) Pause Young (Normal) (G1 Evacuation Pause) 13M->3M(256M) 1.576ms
[2025-03-05T02:31:03.224+0300][22.744s][info ][gc] GC(453) Pause Young (Normal) (G1 Evacuation Pause) 13M->2M(256M) 0.740ms
[2025-03-05T02:31:03.278+0300][22.797s][info ][gc] GC(454) Pause Young (Normal) (G1 Evacuation Pause) 13M->3M(256M) 1.946ms
[2025-03-05T02:31:03.340+0300][22.859s][info ][gc] GC(455) Pause Young (Normal) (G1 Evacuation Pause) 14M->3M(256M) 0.945ms
[2025-03-05T02:31:03.392+0300][22.911s][info ][gc] GC(456) Pause Young (Normal) (G1 Evacuation Pause) 14M->3M(256M) 1.774ms
[2025-03-05T02:31:03.434+0300][22.952s][info ][gc] GC(457) Pause Young (Normal) (G1 Evacuation Pause) 13M->3M(256M) 0.883ms
[2025-03-05T02:31:03.479+0300][22.999s][info ][gc] GC(458) Pause Young (Normal) (G1 Evacuation Pause) 14M->3M(256M) 1.868ms
[2025-03-05T02:31:03.521+0300][23.040s][info ][gc] GC(459) Pause Young (Normal) (G1 Evacuation Pause) 13M->3M(256M) 1.199ms
[2025-03-05T02:31:03.579+0300][23.098s][info ][gc] GC(460) Pause Young (Normal) (G1 Evacuation Pause) 14M->3M(256M) 2.122ms
[2025-03-05T02:31:03.625+0300][23.144s][info ][gc] GC(461) Pause Young (Normal) (G1 Evacuation Pause) 13M->3M(256M) 1.063ms
[2025-03-05T02:31:03.696+0300][23.215s][info ][gc] GC(462) Pause Young (Normal) (G1 Evacuation Pause) 14M->4M(256M) 1.582ms
[2025-03-05T02:31:03.738+0300][23.258s][info ][gc] GC(463) Pause Young (Normal) (G1 Evacuation Pause) 14M->3M(256M) 1.092ms
[2025-03-05T02:31:03.787+0300][23.307s][info ][gc] GC(464) Pause Young (Normal) (G1 Evacuation Pause) 14M->4M(256M) 1.625ms
[2025-03-05T02:31:03.831+0300][23.349s][info ][gc] GC(465) Pause Young (Normal) (G1 Evacuation Pause) 14M->3M(256M) 1.228ms
[2025-03-05T02:31:03.882+0300][23.401s][info ][gc] GC(466) Pause Young (Normal) (G1 Evacuation Pause) 14M->4M(256M) 1.892ms
[2025-03-05T02:31:03.927+0300][23.446s][info ][gc] GC(467) Pause Young (Normal) (G1 Evacuation Pause) 14M->3M(256M) 1.295ms
[2025-03-05T02:31:03.975+0300][23.494s][info ][gc] GC(468) Pause Young (Normal) (G1 Evacuation Pause) 14M->4M(256M) 1.921ms
[2025-03-05T02:31:04.018+0300][23.537s][info ][gc] GC(469) Pause Young (Normal) (G1 Evacuation Pause) 14M->3M(256M) 1.381ms
[2025-03-05T02:31:04.067+0300][23.586s][info ][gc] GC(470) Pause Young (Normal) (G1 Evacuation Pause) 14M->4M(256M) 1.761ms
[2025-03-05T02:31:04.111+0300][23.629s][info ][gc] GC(471) Pause Young (Normal) (G1 Evacuation Pause) 14M->3M(256M) 1.400ms
[2025-03-05T02:31:04.158+0300][23.678s][info ][gc] GC(472) Pause Young (Normal) (G1 Evacuation Pause) 14M->4M(256M) 1.695ms
[2025-03-05T02:31:04.201+0300][23.720s][info ][gc] GC(473) Pause Young (Normal) (G1 Evacuation Pause) 14M->3M(256M) 1.342ms
[2025-03-05T02:31:04.251+0300][23.769s][info ][gc] GC(474) Pause Young (Normal) (G1 Evacuation Pause) 14M->4M(256M) 1.728ms
[2025-03-05T02:31:04.292+0300][23.812s][info ][gc] GC(475) Pause Young (Normal) (G1 Evacuation Pause) 14M->3M(256M) 1.162ms
[2025-03-05T02:31:04.339+0300][23.858s][info ][gc] GC(476) Pause Young (Normal) (G1 Evacuation Pause) 14M->4M(256M) 1.943ms
[2025-03-05T02:31:04.382+0300][23.901s][info ][gc] GC(477) Pause Young (Normal) (G1 Evacuation Pause) 14M->3M(256M) 1.077ms
[2025-03-05T02:31:04.435+0300][23.954s][info ][gc] GC(478) Pause Young (Normal) (G1 Evacuation Pause) 14M->4M(256M) 2.127ms
[2025-03-05T02:31:04.477+0300][23.997s][info ][gc] GC(479) Pause Young (Normal) (G1 Evacuation Pause) 14M->3M(256M) 1.533ms
[2025-03-05T02:31:04.524+0300][24.044s][info ][gc] GC(480) Pause Young (Normal) (G1 Evacuation Pause) 14M->2M(256M) 0.592ms
[2025-03-05T02:31:04.569+0300][24.089s][info ][gc] GC(481) Pause Young (Normal) (G1 Evacuation Pause) 13M->3M(256M) 1.432ms
[2025-03-05T02:31:04.616+0300][24.136s][info ][gc] GC(482) Pause Young (Normal) (G1 Evacuation Pause) 14M->2M(256M) 0.848ms
[2025-03-05T02:31:04.664+0300][24.183s][info ][gc] GC(483) Pause Young (Normal) (G1 Evacuation Pause) 13M->3M(256M) 1.991ms
[2025-03-05T02:31:04.711+0300][24.230s][info ][gc] GC(484) Pause Young (Normal) (G1 Evacuation Pause) 14M->2M(256M) 0.819ms
[2025-03-05T02:31:04.757+0300][24.276s][info ][gc] GC(485) Pause Young (Normal) (G1 Evacuation Pause) 13M->3M(256M) 1.665ms
[2025-03-05T02:31:04.798+0300][24.317s][info ][gc] GC(486) Pause Young (Normal) (G1 Evacuation Pause) 13M->2M(256M) 0.807ms
[2025-03-05T02:31:04.845+0300][24.364s][info ][gc] GC(487) Pause Young (Normal) (G1 Evacuation Pause) 13M->3M(256M) 2.158ms
[2025-03-05T02:31:04.886+0300][24.406s][info ][gc] GC(488) Pause Young (Normal) (G1 Evacuation Pause) 13M->2M(256M) 0.885ms
[2025-03-05T02:31:04.935+0300][24.454s][info ][gc] GC(489) Pause Young (Normal) (G1 Evacuation Pause) 13M->3M(256M) 1.941ms
[2025-03-05T02:31:04.978+0300][24.497s][info ][gc] GC(490) Pause Young (Normal) (G1 Evacuation Pause) 13M->2M(256M) 0.973ms
[2025-03-05T02:31:05.024+0300][24.543s][info ][gc] GC(491) Pause Young (Normal) (G1 Evacuation Pause) 13M->3M(256M) 1.586ms
[2025-03-05T02:31:05.066+0300][24.585s][info ][gc] GC(492) Pause Young (Normal) (G1 Evacuation Pause) 13M->2M(256M) 0.840ms
[2025-03-05T02:31:05.112+0300][24.631s][info ][gc] GC(493) Pause Young (Normal) (G1 Evacuation Pause) 13M->3M(256M) 1.629ms
[2025-03-05T02:31:05.154+0300][24.673s][info ][gc] GC(494) Pause Young (Normal) (G1 Evacuation Pause) 13M->2M(256M) 0.937ms
[2025-03-05T02:31:05.201+0300][24.720s][info ][gc] GC(495) Pause Young (Normal) (G1 Evacuation Pause) 13M->3M(256M) 1.736ms
[2025-03-05T02:31:05.243+0300][24.762s][info ][gc] GC(496) Pause Young (Normal) (G1 Evacuation Pause) 13M->2M(256M) 1.073ms
[2025-03-05T02:31:05.289+0300][24.808s][info ][gc] GC(497) Pause Young (Normal) (G1 Evacuation Pause) 13M->3M(256M) 1.644ms
[2025-03-05T02:31:05.329+0300][24.849s][info ][gc] GC(498) Pause Young (Normal) (G1 Evacuation Pause) 13M->2M(256M) 1.023ms
[2025-03-05T02:31:05.378+0300][24.898s][info ][gc] GC(499) Pause Young (Normal) (G1 Evacuation Pause) 13M->3M(256M) 2.200ms
[2025-03-05T02:31:05.420+0300][24.940s][info ][gc] GC(500) Pause Young (Normal) (G1 Evacuation Pause) 13M->3M(256M) 1.188ms
[2025-03-05T02:31:05.466+0300][24.986s][info ][gc] GC(501) Pause Young (Normal) (G1 Evacuation Pause) 14M->3M(256M) 1.632ms
[2025-03-05T02:31:05.509+0300][25.028s][info ][gc] GC(502) Pause Young (Normal) (G1 Evacuation Pause) 13M->3M(256M) 0.893ms
[2025-03-05T02:31:05.555+0300][25.075s][info ][gc] GC(503) Pause Young (Normal) (G1 Evacuation Pause) 14M->3M(256M) 1.958ms
[2025-03-05T02:31:05.597+0300][25.117s][info ][gc] GC(504) Pause Young (Normal) (G1 Evacuation Pause) 13M->3M(256M) 1.020ms
[2025-03-05T02:31:05.648+0300][25.168s][info ][gc] GC(505) Pause Young (Normal) (G1 Evacuation Pause) 14M->3M(256M) 1.709ms
[2025-03-05T02:31:05.696+0300][25.215s][info ][gc] GC(506) Pause Young (Normal) (G1 Evacuation Pause) 13M->3M(256M) 1.319ms
[2025-03-05T02:31:05.743+0300][25.262s][info ][gc] GC(507) Pause Young (Normal) (G1 Evacuation Pause) 14M->3M(256M) 2.052ms
[2025-03-05T02:31:05.785+0300][25.304s][info ][gc] GC(508) Pause Young (Normal) (G1 Evacuation Pause) 13M->3M(256M) 1.157ms
[2025-03-05T02:31:05.832+0300][25.351s][info ][gc] GC(509) Pause Young (Normal) (G1 Evacuation Pause) 14M->3M(256M) 1.736ms
[2025-03-05T02:31:05.877+0300][25.397s][info ][gc] GC(510) Pause Young (Normal) (G1 Evacuation Pause) 13M->3M(256M) 1.377ms
[2025-03-05T02:31:05.925+0300][25.445s][info ][gc] GC(511) Pause Young (Normal) (G1 Evacuation Pause) 14M->3M(256M) 2.133ms
[2025-03-05T02:31:05.971+0300][25.489s][info ][gc] GC(512) Pause Young (Normal) (G1 Evacuation Pause) 13M->3M(256M) 1.130ms
[2025-03-05T02:31:06.020+0300][25.539s][info ][gc] GC(513) Pause Young (Normal) (G1 Evacuation Pause) 14M->4M(256M) 2.000ms
[2025-03-05T02:31:06.064+0300][25.583s][info ][gc] GC(514) Pause Young (Normal) (G1 Evacuation Pause) 14M->3M(256M) 1.463ms
[2025-03-05T02:31:06.111+0300][25.630s][info ][gc] GC(515) Pause Young (Normal) (G1 Evacuation Pause) 14M->4M(256M) 2.100ms
[2025-03-05T02:31:06.156+0300][25.675s][info ][gc] GC(516) Pause Young (Normal) (G1 Evacuation Pause) 14M->3M(256M) 1.478ms
[2025-03-05T02:31:06.205+0300][25.724s][info ][gc] GC(517) Pause Young (Normal) (G1 Evacuation Pause) 14M->4M(256M) 2.262ms
[2025-03-05T02:31:06.251+0300][25.770s][info ][gc] GC(518) Pause Young (Normal) (G1 Evacuation Pause) 14M->3M(256M) 1.546ms
[2025-03-05T02:31:06.301+0300][25.821s][info ][gc] GC(519) Pause Young (Normal) (G1 Evacuation Pause) 14M->4M(256M) 2.025ms
[2025-03-05T02:31:06.347+0300][25.865s][info ][gc] GC(520) Pause Young (Normal) (G1 Evacuation Pause) 14M->3M(256M) 1.365ms
[2025-03-05T02:31:06.395+0300][25.914s][info ][gc] GC(521) Pause Young (Normal) (G1 Evacuation Pause) 14M->4M(256M) 1.876ms
[2025-03-05T02:31:06.440+0300][25.960s][info ][gc] GC(522) Pause Young (Normal) (G1 Evacuation Pause) 14M->3M(256M) 1.449ms
[2025-03-05T02:31:06.492+0300][26.011s][info ][gc] GC(523) Pause Young (Normal) (G1 Evacuation Pause) 14M->4M(256M) 1.816ms
[2025-03-05T02:31:06.537+0300][26.056s][info ][gc] GC(524) Pause Young (Normal) (G1 Evacuation Pause) 14M->3M(256M) 1.269ms
[2025-03-05T02:31:06.585+0300][26.104s][info ][gc] GC(525) Pause Young (Normal) (G1 Evacuation Pause) 14M->4M(256M) 2.351ms
[2025-03-05T02:31:06.629+0300][26.148s][info ][gc] GC(526) Pause Young (Normal) (G1 Evacuation Pause) 14M->3M(256M) 1.440ms
[2025-03-05T02:31:06.677+0300][26.196s][info ][gc] GC(527) Pause Young (Normal) (G1 Evacuation Pause) 14M->4M(256M) 2.229ms
[2025-03-05T02:31:06.721+0300][26.240s][info ][gc] GC(528) Pause Young (Normal) (G1 Evacuation Pause) 14M->3M(256M) 1.403ms
[2025-03-05T02:31:06.821+0300][26.339s][info ][gc] GC(529) Pause Young (Normal) (G1 Evacuation Pause) 14M->4M(256M) 2.011ms
[2025-03-05T02:31:06.890+0300][26.409s][info ][gc] GC(530) Pause Young (Normal) (G1 Evacuation Pause) 14M->3M(256M) 1.338ms
[2025-03-05T02:31:06.935+0300][26.454s][info ][gc] GC(531) Pause Young (Normal) (G1 Evacuation Pause) 14M->2M(256M) 0.542ms
[2025-03-05T02:31:06.982+0300][26.501s][info ][gc] GC(532) Pause Young (Normal) (G1 Evacuation Pause) 13M->3M(256M) 1.284ms
[2025-03-05T02:31:07.027+0300][26.546s][info ][gc] GC(533) Pause Young (Normal) (G1 Evacuation Pause) 14M->2M(256M) 0.731ms
[2025-03-05T02:31:07.073+0300][26.592s][info ][gc] GC(534) Pause Young (Normal) (G1 Evacuation Pause) 13M->3M(256M) 1.492ms
[2025-03-05T02:31:07.119+0300][26.638s][info ][gc] GC(535) Pause Young (Normal) (G1 Evacuation Pause) 14M->2M(256M) 0.720ms
[2025-03-05T02:31:07.167+0300][26.686s][info ][gc] GC(536) Pause Young (Normal) (G1 Evacuation Pause) 13M->3M(256M) 1.624ms
[2025-03-05T02:31:07.210+0300][26.729s][info ][gc] GC(537) Pause Young (Normal) (G1 Evacuation Pause) 13M->2M(256M) 0.954ms
[2025-03-05T02:31:07.258+0300][26.777s][info ][gc] GC(538) Pause Young (Normal) (G1 Evacuation Pause) 13M->3M(256M) 1.702ms
[2025-03-05T02:31:07.300+0300][26.819s][info ][gc] GC(539) Pause Young (Normal) (G1 Evacuation Pause) 13M->2M(256M) 0.887ms
[2025-03-05T02:31:07.346+0300][26.865s][info ][gc] GC(540) Pause Young (Normal) (G1 Evacuation Pause) 13M->3M(256M) 1.597ms
[2025-03-05T02:31:07.387+0300][26.906s][info ][gc] GC(541) Pause Young (Normal) (G1 Evacuation Pause) 13M->2M(256M) 0.902ms
[2025-03-05T02:31:07.437+0300][26.956s][info ][gc] GC(542) Pause Young (Normal) (G1 Evacuation Pause) 13M->3M(256M) 1.532ms
[2025-03-05T02:31:07.479+0300][26.998s][info ][gc] GC(543) Pause Young (Normal) (G1 Evacuation Pause) 13M->2M(256M) 0.720ms
[2025-03-05T02:31:07.523+0300][27.043s][info ][gc] GC(544) Pause Young (Normal) (G1 Evacuation Pause) 13M->3M(256M) 1.816ms
[2025-03-05T02:31:07.566+0300][27.085s][info ][gc] GC(545) Pause Young (Normal) (G1 Evacuation Pause) 13M->2M(256M) 0.996ms
[2025-03-05T02:31:07.613+0300][27.133s][info ][gc] GC(546) Pause Young (Normal) (G1 Evacuation Pause) 13M->3M(256M) 1.877ms
[2025-03-05T02:31:07.656+0300][27.176s][info ][gc] GC(547) Pause Young (Normal) (G1 Evacuation Pause) 13M->3M(256M) 0.976ms
[2025-03-05T02:31:07.703+0300][27.223s][info ][gc] GC(548) Pause Young (Normal) (G1 Evacuation Pause) 14M->3M(256M) 1.716ms
[2025-03-05T02:31:07.746+0300][27.264s][info ][gc] GC(549) Pause Young (Normal) (G1 Evacuation Pause) 13M->3M(256M) 1.049ms
[2025-03-05T02:31:07.790+0300][27.310s][info ][gc] GC(550) Pause Young (Normal) (G1 Evacuation Pause) 14M->3M(256M) 1.798ms
[2025-03-05T02:31:07.833+0300][27.352s][info ][gc] GC(551) Pause Young (Normal) (G1 Evacuation Pause) 13M->3M(256M) 0.931ms
[2025-03-05T02:31:07.880+0300][27.399s][info ][gc] GC(552) Pause Young (Normal) (G1 Evacuation Pause) 14M->3M(256M) 1.867ms
[2025-03-05T02:31:07.922+0300][27.441s][info ][gc] GC(553) Pause Young (Normal) (G1 Evacuation Pause) 13M->3M(256M) 0.949ms
[2025-03-05T02:31:07.967+0300][27.487s][info ][gc] GC(554) Pause Young (Normal) (G1 Evacuation Pause) 14M->3M(256M) 1.702ms
[2025-03-05T02:31:08.010+0300][27.529s][info ][gc] GC(555) Pause Young (Normal) (G1 Evacuation Pause) 13M->3M(256M) 1.240ms
[2025-03-05T02:31:08.058+0300][27.576s][info ][gc] GC(556) Pause Young (Normal) (G1 Evacuation Pause) 14M->3M(256M) 1.810ms
[2025-03-05T02:31:08.103+0300][27.622s][info ][gc] GC(557) Pause Young (Normal) (G1 Evacuation Pause) 13M->3M(256M) 1.141ms
[2025-03-05T02:31:08.165+0300][27.684s][info ][gc] GC(558) Pause Young (Normal) (G1 Evacuation Pause) 14M->4M(256M) 1.691ms
[2025-03-05T02:31:08.225+0300][27.744s][info ][gc] GC(559) Pause Young (Normal) (G1 Evacuation Pause) 14M->3M(256M) 1.128ms
[2025-03-05T02:31:08.277+0300][27.796s][info ][gc] GC(560) Pause Young (Normal) (G1 Evacuation Pause) 14M->4M(256M) 1.900ms
[2025-03-05T02:31:08.327+0300][27.846s][info ][gc] GC(561) Pause Young (Normal) (G1 Evacuation Pause) 14M->3M(256M) 0.904ms
[2025-03-05T02:31:08.374+0300][27.893s][info ][gc] GC(562) Pause Young (Normal) (G1 Evacuation Pause) 14M->4M(256M) 1.822ms
[2025-03-05T02:31:08.418+0300][27.937s][info ][gc] GC(563) Pause Young (Normal) (G1 Evacuation Pause) 14M->3M(256M) 1.187ms
[2025-03-05T02:31:08.468+0300][27.987s][info ][gc] GC(564) Pause Young (Normal) (G1 Evacuation Pause) 14M->4M(256M) 1.882ms
[2025-03-05T02:31:08.517+0300][28.036s][info ][gc] GC(565) Pause Young (Normal) (G1 Evacuation Pause) 14M->3M(256M) 1.395ms
[2025-03-05T02:31:08.567+0300][28.086s][info ][gc] GC(566) Pause Young (Normal) (G1 Evacuation Pause) 14M->4M(256M) 2.059ms
[2025-03-05T02:31:08.608+0300][28.127s][info ][gc] GC(567) Pause Young (Normal) (G1 Evacuation Pause) 14M->3M(256M) 1.136ms
[2025-03-05T02:31:08.654+0300][28.173s][info ][gc] GC(568) Pause Young (Normal) (G1 Evacuation Pause) 14M->4M(256M) 1.796ms
[2025-03-05T02:31:08.695+0300][28.214s][info ][gc] GC(569) Pause Young (Normal) (G1 Evacuation Pause) 14M->3M(256M) 1.398ms
[2025-03-05T02:31:08.746+0300][28.266s][info ][gc] GC(570) Pause Young (Normal) (G1 Evacuation Pause) 14M->4M(256M) 2.215ms
[2025-03-05T02:31:08.788+0300][28.307s][info ][gc] GC(571) Pause Young (Normal) (G1 Evacuation Pause) 14M->3M(256M) 1.296ms
[2025-03-05T02:31:08.876+0300][28.395s][info ][gc] GC(572) Pause Young (Normal) (G1 Evacuation Pause) 14M->4M(256M) 3.847ms
[2025-03-05T02:31:08.925+0300][28.445s][info ][gc] GC(573) Pause Young (Normal) (G1 Evacuation Pause) 14M->3M(256M) 1.355ms
[2025-03-05T02:31:08.980+0300][28.500s][info ][gc] GC(574) Pause Young (Normal) (G1 Evacuation Pause) 14M->4M(256M) 1.873ms
[2025-03-05T02:31:09.031+0300][28.550s][info ][gc] GC(575) Pause Young (Normal) (G1 Evacuation Pause) 14M->3M(256M) 1.051ms
[2025-03-05T02:31:09.079+0300][28.598s][info ][gc] GC(576) Pause Young (Normal) (G1 Evacuation Pause) 14M->4M(256M) 1.759ms
[2025-03-05T02:31:09.122+0300][28.641s][info ][gc] GC(577) Pause Young (Normal) (G1 Evacuation Pause) 14M->3M(256M) 1.391ms
[2025-03-05T02:31:09.201+0300][28.721s][info ][gc] GC(578) Pause Young (Normal) (G1 Evacuation Pause) 14M->4M(256M) 1.855ms
[2025-03-05T02:31:09.268+0300][28.787s][info ][gc] GC(579) Pause Young (Normal) (G1 Evacuation Pause) 14M->3M(256M) 1.252ms
[2025-03-05T02:31:09.338+0300][28.856s][info ][gc] GC(580) Pause Young (Normal) (G1 Evacuation Pause) 14M->2M(256M) 0.505ms
[2025-03-05T02:31:09.385+0300][28.905s][info ][gc] GC(581) Pause Young (Normal) (G1 Evacuation Pause) 13M->3M(256M) 1.535ms
[2025-03-05T02:31:09.435+0300][28.954s][info ][gc] GC(582) Pause Young (Normal) (G1 Evacuation Pause) 14M->2M(256M) 0.776ms
[2025-03-05T02:31:09.486+0300][29.006s][info ][gc] GC(583) Pause Young (Normal) (G1 Evacuation Pause) 13M->3M(256M) 1.602ms
[2025-03-05T02:31:09.547+0300][29.066s][info ][gc] GC(584) Pause Young (Normal) (G1 Evacuation Pause) 14M->2M(256M) 0.803ms
[2025-03-05T02:31:09.601+0300][29.121s][info ][gc] GC(585) Pause Young (Normal) (G1 Evacuation Pause) 13M->3M(256M) 1.495ms
[2025-03-05T02:31:09.649+0300][29.169s][info ][gc] GC(586) Pause Young (Normal) (G1 Evacuation Pause) 13M->2M(256M) 0.741ms
[2025-03-05T02:31:09.700+0300][29.219s][info ][gc] GC(587) Pause Young (Normal) (G1 Evacuation Pause) 13M->3M(256M) 1.675ms
[2025-03-05T02:31:09.745+0300][29.264s][info ][gc] GC(588) Pause Young (Normal) (G1 Evacuation Pause) 13M->2M(256M) 0.814ms
[2025-03-05T02:31:09.797+0300][29.316s][info ][gc] GC(589) Pause Young (Normal) (G1 Evacuation Pause) 13M->3M(256M) 1.668ms
[2025-03-05T02:31:09.841+0300][29.360s][info ][gc] GC(590) Pause Young (Normal) (G1 Evacuation Pause) 13M->2M(256M) 0.840ms
[2025-03-05T02:31:09.902+0300][29.421s][info ][gc] GC(591) Pause Young (Normal) (G1 Evacuation Pause) 13M->3M(256M) 1.699ms
[2025-03-05T02:31:09.945+0300][29.464s][info ][gc] GC(592) Pause Young (Normal) (G1 Evacuation Pause) 13M->2M(256M) 0.856ms
[2025-03-05T02:31:09.991+0300][29.510s][info ][gc] GC(593) Pause Young (Normal) (G1 Evacuation Pause) 13M->3M(256M) 1.912ms
[2025-03-05T02:31:10.034+0300][29.553s][info ][gc] GC(594) Pause Young (Normal) (G1 Evacuation Pause) 13M->3M(256M) 0.942ms
[2025-03-05T02:31:10.080+0300][29.599s][info ][gc] GC(595) Pause Young (Normal) (G1 Evacuation Pause) 14M->3M(256M) 1.762ms
[2025-03-05T02:31:10.122+0300][29.641s][info ][gc] GC(596) Pause Young (Normal) (G1 Evacuation Pause) 13M->2M(256M) 0.892ms
[2025-03-05T02:31:10.168+0300][29.688s][info ][gc] GC(597) Pause Young (Normal) (G1 Evacuation Pause) 13M->3M(256M) 1.893ms
[2025-03-05T02:31:10.211+0300][29.730s][info ][gc] GC(598) Pause Young (Normal) (G1 Evacuation Pause) 13M->2M(256M) 0.934ms
[2025-03-05T02:31:10.258+0300][29.777s][info ][gc] GC(599) Pause Young (Normal) (G1 Evacuation Pause) 13M->3M(256M) 1.923ms
[2025-03-05T02:31:10.300+0300][29.819s][info ][gc] GC(600) Pause Young (Normal) (G1 Evacuation Pause) 13M->3M(256M) 1.261ms
[2025-03-05T02:31:10.346+0300][29.866s][info ][gc] GC(601) Pause Young (Normal) (G1 Evacuation Pause) 14M->3M(256M) 1.727ms
[2025-03-05T02:31:10.388+0300][29.907s][info ][gc] GC(602) Pause Young (Normal) (G1 Evacuation Pause) 13M->3M(256M) 1.032ms
[2025-03-05T02:31:10.433+0300][29.954s][info ][gc] GC(603) Pause Young (Normal) (G1 Evacuation Pause) 14M->4M(256M) 1.973ms
[2025-03-05T02:31:10.475+0300][29.995s][info ][gc] GC(604) Pause Young (Normal) (G1 Evacuation Pause) 14M->3M(256M) 1.000ms
[2025-03-05T02:31:10.522+0300][30.041s][info ][gc] GC(605) Pause Young (Normal) (G1 Evacuation Pause) 14M->3M(256M) 1.441ms
[2025-03-05T02:31:10.564+0300][30.083s][info ][gc] GC(606) Pause Young (Normal) (G1 Evacuation Pause) 13M->3M(256M) 1.131ms
[2025-03-05T02:31:10.610+0300][30.130s][info ][gc] GC(607) Pause Young (Normal) (G1 Evacuation Pause) 14M->3M(256M) 1.983ms
[2025-03-05T02:31:10.653+0300][30.172s][info ][gc] GC(608) Pause Young (Normal) (G1 Evacuation Pause) 13M->3M(256M) 1.036ms
[2025-03-05T02:31:10.699+0300][30.218s][info ][gc] GC(609) Pause Young (Normal) (G1 Evacuation Pause) 14M->3M(256M) 1.915ms
[2025-03-05T02:31:10.741+0300][30.260s][info ][gc] GC(610) Pause Young (Normal) (G1 Evacuation Pause) 13M->3M(256M) 1.179ms
[2025-03-05T02:31:10.787+0300][30.307s][info ][gc] GC(611) Pause Young (Normal) (G1 Evacuation Pause) 14M->4M(256M) 2.042ms
[2025-03-05T02:31:10.831+0300][30.351s][info ][gc] GC(612) Pause Young (Normal) (G1 Evacuation Pause) 14M->3M(256M) 1.392ms
[2025-03-05T02:31:10.877+0300][30.397s][info ][gc] GC(613) Pause Young (Normal) (G1 Evacuation Pause) 14M->4M(256M) 2.129ms
[2025-03-05T02:31:10.920+0300][30.439s][info ][gc] GC(614) Pause Young (Normal) (G1 Evacuation Pause) 14M->3M(256M) 1.200ms
[2025-03-05T02:31:10.969+0300][30.488s][info ][gc] GC(615) Pause Young (Normal) (G1 Evacuation Pause) 14M->4M(256M) 1.884ms
[2025-03-05T02:31:11.016+0300][30.535s][info ][gc] GC(616) Pause Young (Normal) (G1 Evacuation Pause) 14M->3M(256M) 1.298ms
[2025-03-05T02:31:11.065+0300][30.585s][info ][gc] GC(617) Pause Young (Normal) (G1 Evacuation Pause) 14M->4M(256M) 1.870ms
[2025-03-05T02:31:11.108+0300][30.627s][info ][gc] GC(618) Pause Young (Normal) (G1 Evacuation Pause) 14M->3M(256M) 1.100ms
[2025-03-05T02:31:11.154+0300][30.673s][info ][gc] GC(619) Pause Young (Normal) (G1 Evacuation Pause) 14M->4M(256M) 2.063ms
[2025-03-05T02:31:11.197+0300][30.716s][info ][gc] GC(620) Pause Young (Normal) (G1 Evacuation Pause) 14M->3M(256M) 1.479ms
[2025-03-05T02:31:11.244+0300][30.763s][info ][gc] GC(621) Pause Young (Normal) (G1 Evacuation Pause) 14M->4M(256M) 2.180ms
[2025-03-05T02:31:11.287+0300][30.806s][info ][gc] GC(622) Pause Young (Normal) (G1 Evacuation Pause) 14M->3M(256M) 1.153ms
[2025-03-05T02:31:11.333+0300][30.852s][info ][gc] GC(623) Pause Young (Normal) (G1 Evacuation Pause) 14M->4M(256M) 1.878ms
[2025-03-05T02:31:11.375+0300][30.895s][info ][gc] GC(624) Pause Young (Normal) (G1 Evacuation Pause) 14M->3M(256M) 1.392ms
[2025-03-05T02:31:11.422+0300][30.941s][info ][gc] GC(625) Pause Young (Normal) (G1 Evacuation Pause) 14M->4M(256M) 1.997ms
[2025-03-05T02:31:11.465+0300][30.984s][info ][gc] GC(626) Pause Young (Normal) (G1 Evacuation Pause) 14M->3M(256M) 1.286ms
[2025-03-05T02:31:11.512+0300][31.032s][info ][gc] GC(627) Pause Young (Normal) (G1 Evacuation Pause) 14M->4M(256M) 2.334ms
[2025-03-05T02:31:11.554+0300][31.074s][info ][gc] GC(628) Pause Young (Normal) (G1 Evacuation Pause) 14M->3M(256M) 1.567ms
[2025-03-05T02:31:11.599+0300][31.118s][info ][gc] GC(629) Pause Young (Normal) (G1 Evacuation Pause) 14M->2M(256M) 0.497ms
[2025-03-05T02:31:11.645+0300][31.165s][info ][gc] GC(630) Pause Young (Normal) (G1 Evacuation Pause) 13M->3M(256M) 1.721ms
[2025-03-05T02:31:11.692+0300][31.211s][info ][gc] GC(631) Pause Young (Normal) (G1 Evacuation Pause) 14M->2M(256M) 0.944ms
[2025-03-05T02:31:11.739+0300][31.259s][info ][gc] GC(632) Pause Young (Normal) (G1 Evacuation Pause) 13M->3M(256M) 1.550ms
[2025-03-05T02:31:11.786+0300][31.305s][info ][gc] GC(633) Pause Young (Normal) (G1 Evacuation Pause) 14M->2M(256M) 0.804ms
[2025-03-05T02:31:11.832+0300][31.352s][info ][gc] GC(634) Pause Young (Normal) (G1 Evacuation Pause) 13M->3M(256M) 1.376ms
[2025-03-05T02:31:11.874+0300][31.392s][info ][gc] GC(635) Pause Young (Normal) (G1 Evacuation Pause) 13M->2M(256M) 0.976ms
[2025-03-05T02:31:11.921+0300][31.441s][info ][gc] GC(636) Pause Young (Normal) (G1 Evacuation Pause) 13M->3M(256M) 1.495ms
[2025-03-05T02:31:11.965+0300][31.484s][info ][gc] GC(637) Pause Young (Normal) (G1 Evacuation Pause) 13M->2M(256M) 0.882ms
[2025-03-05T02:31:12.012+0300][31.531s][info ][gc] GC(638) Pause Young (Normal) (G1 Evacuation Pause) 13M->3M(256M) 1.896ms
[2025-03-05T02:31:12.055+0300][31.573s][info ][gc] GC(639) Pause Young (Normal) (G1 Evacuation Pause) 13M->2M(256M) 0.967ms
[2025-03-05T02:31:12.101+0300][31.620s][info ][gc] GC(640) Pause Young (Normal) (G1 Evacuation Pause) 13M->3M(256M) 1.783ms
[2025-03-05T02:31:12.144+0300][31.663s][info ][gc] GC(641) Pause Young (Normal) (G1 Evacuation Pause) 13M->2M(256M) 1.118ms
[2025-03-05T02:31:12.191+0300][31.710s][info ][gc] GC(642) Pause Young (Normal) (G1 Evacuation Pause) 13M->3M(256M) 1.687ms
[2025-03-05T02:31:12.233+0300][31.752s][info ][gc] GC(643) Pause Young (Normal) (G1 Evacuation Pause) 13M->3M(256M) 0.850ms
[2025-03-05T02:31:12.280+0300][31.799s][info ][gc] GC(644) Pause Young (Normal) (G1 Evacuation Pause) 14M->3M(256M) 1.510ms
[2025-03-05T02:31:12.321+0300][31.841s][info ][gc] GC(645) Pause Young (Normal) (G1 Evacuation Pause) 13M->2M(256M) 0.869ms
[2025-03-05T02:31:12.368+0300][31.888s][info ][gc] GC(646) Pause Young (Normal) (G1 Evacuation Pause) 13M->3M(256M) 2.038ms
[2025-03-05T02:31:12.411+0300][31.930s][info ][gc] GC(647) Pause Young (Normal) (G1 Evacuation Pause) 13M->2M(256M) 0.975ms
[2025-03-05T02:31:12.457+0300][31.976s][info ][gc] GC(648) Pause Young (Normal) (G1 Evacuation Pause) 13M->3M(256M) 1.680ms
[2025-03-05T02:31:12.499+0300][32.019s][info ][gc] GC(649) Pause Young (Normal) (G1 Evacuation Pause) 13M->3M(256M) 1.080ms
[2025-03-05T02:31:12.546+0300][32.066s][info ][gc] GC(650) Pause Young (Normal) (G1 Evacuation Pause) 14M->4M(256M) 1.911ms
[2025-03-05T02:31:12.589+0300][32.108s][info ][gc] GC(651) Pause Young (Normal) (G1 Evacuation Pause) 14M->3M(256M) 0.834ms
[2025-03-05T02:31:12.637+0300][32.156s][info ][gc] GC(652) Pause Young (Normal) (G1 Evacuation Pause) 14M->3M(256M) 1.498ms
[2025-03-05T02:31:12.687+0300][32.206s][info ][gc] GC(653) Pause Young (Normal) (G1 Evacuation Pause) 15M->3M(256M) 1.140ms
[2025-03-05T02:31:12.733+0300][32.253s][info ][gc] GC(654) Pause Young (Normal) (G1 Evacuation Pause) 14M->4M(256M) 1.970ms
[2025-03-05T02:31:12.776+0300][32.295s][info ][gc] GC(655) Pause Young (Normal) (G1 Evacuation Pause) 14M->3M(256M) 1.306ms
[2025-03-05T02:31:12.822+0300][32.341s][info ][gc] GC(656) Pause Young (Normal) (G1 Evacuation Pause) 14M->4M(256M) 1.676ms
[2025-03-05T02:31:12.866+0300][32.384s][info ][gc] GC(657) Pause Young (Normal) (G1 Evacuation Pause) 14M->3M(256M) 1.400ms
[2025-03-05T02:31:12.912+0300][32.431s][info ][gc] GC(658) Pause Young (Normal) (G1 Evacuation Pause) 14M->4M(256M) 2.119ms
[2025-03-05T02:31:12.955+0300][32.474s][info ][gc] GC(659) Pause Young (Normal) (G1 Evacuation Pause) 14M->3M(256M) 1.336ms
[2025-03-05T02:31:13.001+0300][32.520s][info ][gc] GC(660) Pause Young (Normal) (G1 Evacuation Pause) 14M->4M(256M) 1.881ms
[2025-03-05T02:31:13.044+0300][32.563s][info ][gc] GC(661) Pause Young (Normal) (G1 Evacuation Pause) 14M->3M(256M) 1.509ms
[2025-03-05T02:31:13.091+0300][32.610s][info ][gc] GC(662) Pause Young (Normal) (G1 Evacuation Pause) 14M->4M(256M) 1.816ms
[2025-03-05T02:31:13.134+0300][32.653s][info ][gc] GC(663) Pause Young (Normal) (G1 Evacuation Pause) 14M->3M(256M) 1.353ms
[2025-03-05T02:31:13.181+0300][32.700s][info ][gc] GC(664) Pause Young (Normal) (G1 Evacuation Pause) 14M->4M(256M) 1.680ms
[2025-03-05T02:31:13.223+0300][32.742s][info ][gc] GC(665) Pause Young (Normal) (G1 Evacuation Pause) 14M->3M(256M) 1.219ms
[2025-03-05T02:31:13.267+0300][32.787s][info ][gc] GC(666) Pause Young (Normal) (G1 Evacuation Pause) 14M->2M(256M) 0.742ms
[2025-03-05T02:31:13.315+0300][32.834s][info ][gc] GC(667) Pause Young (Normal) (G1 Evacuation Pause) 13M->3M(256M) 1.653ms
[2025-03-05T02:31:13.360+0300][32.880s][info ][gc] GC(668) Pause Young (Normal) (G1 Evacuation Pause) 14M->2M(256M) 0.886ms
[2025-03-05T02:31:13.407+0300][32.926s][info ][gc] GC(669) Pause Young (Normal) (G1 Evacuation Pause) 13M->3M(256M) 1.495ms
[2025-03-05T02:31:13.452+0300][32.971s][info ][gc] GC(670) Pause Young (Normal) (G1 Evacuation Pause) 14M->2M(256M) 0.979ms
[2025-03-05T02:31:13.499+0300][33.017s][info ][gc] GC(671) Pause Young (Normal) (G1 Evacuation Pause) 13M->3M(256M) 1.466ms
[2025-03-05T02:31:13.557+0300][33.076s][info ][gc] GC(672) Pause Young (Normal) (G1 Evacuation Pause) 13M->2M(256M) 0.985ms
[2025-03-05T02:31:13.607+0300][33.125s][info ][gc] GC(673) Pause Young (Normal) (G1 Evacuation Pause) 13M->3M(256M) 1.446ms
[2025-03-05T02:31:13.666+0300][33.186s][info ][gc] GC(674) Pause Young (Normal) (G1 Evacuation Pause) 13M->2M(256M) 0.749ms
[2025-03-05T02:31:13.716+0300][33.235s][info ][gc] GC(675) Pause Young (Normal) (G1 Evacuation Pause) 13M->3M(256M) 1.339ms
[2025-03-05T02:31:13.759+0300][33.278s][info ][gc] GC(676) Pause Young (Normal) (G1 Evacuation Pause) 13M->2M(256M) 0.853ms
[2025-03-05T02:31:13.806+0300][33.325s][info ][gc] GC(677) Pause Young (Normal) (G1 Evacuation Pause) 13M->3M(256M) 1.461ms
[2025-03-05T02:31:13.848+0300][33.367s][info ][gc] GC(678) Pause Young (Normal) (G1 Evacuation Pause) 13M->2M(256M) 0.808ms
[2025-03-05T02:31:13.894+0300][33.413s][info ][gc] GC(679) Pause Young (Normal) (G1 Evacuation Pause) 13M->3M(256M) 1.827ms
[2025-03-05T02:31:13.937+0300][33.456s][info ][gc] GC(680) Pause Young (Normal) (G1 Evacuation Pause) 13M->2M(256M) 0.974ms
[2025-03-05T02:31:13.987+0300][33.505s][info ][gc] GC(681) Pause Young (Normal) (G1 Evacuation Pause) 13M->3M(256M) 1.673ms
[2025-03-05T02:31:14.029+0300][33.549s][info ][gc] GC(682) Pause Young (Normal) (G1 Evacuation Pause) 13M->2M(256M) 1.110ms
[2025-03-05T02:31:14.074+0300][33.594s][info ][gc] GC(683) Pause Young (Normal) (G1 Evacuation Pause) 13M->3M(256M) 1.660ms
[2025-03-05T02:31:14.115+0300][33.634s][info ][gc] GC(684) Pause Young (Normal) (G1 Evacuation Pause) 13M->2M(256M) 0.960ms
[2025-03-05T02:31:14.165+0300][33.685s][info ][gc] GC(685) Pause Young (Normal) (G1 Evacuation Pause) 13M->3M(256M) 1.713ms
[2025-03-05T02:31:14.226+0300][33.745s][info ][gc] GC(686) Pause Young (Normal) (G1 Evacuation Pause) 17M->3M(256M) 1.372ms
[2025-03-05T02:31:14.315+0300][33.835s][info ][gc] GC(687) Pause Young (Normal) (G1 Evacuation Pause) 14M->4M(256M) 2.271ms
[2025-03-05T02:31:14.366+0300][33.885s][info ][gc] GC(688) Pause Young (Normal) (G1 Evacuation Pause) 14M->3M(256M) 1.226ms
[2025-03-05T02:31:14.420+0300][33.940s][info ][gc] GC(689) Pause Young (Normal) (G1 Evacuation Pause) 14M->2M(256M) 0.612ms
[2025-03-05T02:31:14.473+0300][33.992s][info ][gc] GC(690) Pause Young (Normal) (G1 Evacuation Pause) 13M->3M(256M) 1.622ms
[2025-03-05T02:31:14.535+0300][34.054s][info ][gc] GC(691) Pause Young (Normal) (G1 Evacuation Pause) 14M->2M(256M) 0.681ms
[2025-03-05T02:31:14.590+0300][34.109s][info ][gc] GC(692) Pause Young (Normal) (G1 Evacuation Pause) 13M->3M(256M) 1.498ms
[2025-03-05T02:31:14.646+0300][34.165s][info ][gc] GC(693) Pause Young (Normal) (G1 Evacuation Pause) 14M->2M(256M) 0.862ms
[2025-03-05T02:31:14.699+0300][34.218s][info ][gc] GC(694) Pause Young (Normal) (G1 Evacuation Pause) 13M->3M(256M) 1.821ms
[2025-03-05T02:31:14.740+0300][34.259s][info ][gc] GC(695) Pause Young (Normal) (G1 Evacuation Pause) 13M->2M(256M) 0.830ms
[2025-03-05T02:31:14.785+0300][34.304s][info ][gc] GC(696) Pause Young (Normal) (G1 Evacuation Pause) 13M->3M(256M) 1.473ms
[2025-03-05T02:31:14.824+0300][34.343s][info ][gc] GC(697) Pause Young (Normal) (G1 Evacuation Pause) 13M->2M(256M) 0.773ms
[2025-03-05T02:31:14.869+0300][34.389s][info ][gc] GC(698) Pause Young (Normal) (G1 Evacuation Pause) 13M->3M(256M) 1.611ms
[2025-03-05T02:31:14.910+0300][34.430s][info ][gc] GC(699) Pause Young (Normal) (G1 Evacuation Pause) 13M->2M(256M) 0.899ms
[2025-03-05T02:31:14.957+0300][34.476s][info ][gc] GC(700) Pause Young (Normal) (G1 Evacuation Pause) 13M->3M(256M) 1.510ms
[2025-03-05T02:31:14.998+0300][34.517s][info ][gc] GC(701) Pause Young (Normal) (G1 Evacuation Pause) 13M->3M(256M) 0.857ms
[2025-03-05T02:31:15.043+0300][34.562s][info ][gc] GC(702) Pause Young (Normal) (G1 Evacuation Pause) 14M->3M(256M) 1.622ms
[2025-03-05T02:31:15.086+0300][34.605s][info ][gc] GC(703) Pause Young (Normal) (G1 Evacuation Pause) 13M->2M(256M) 0.914ms
[2025-03-05T02:31:15.133+0300][34.652s][info ][gc] GC(704) Pause Young (Normal) (G1 Evacuation Pause) 13M->3M(256M) 1.749ms
[2025-03-05T02:31:15.177+0300][34.696s][info ][gc] GC(705) Pause Young (Normal) (G1 Evacuation Pause) 13M->2M(256M) 1.003ms
[2025-03-05T02:31:15.222+0300][34.741s][info ][gc] GC(706) Pause Young (Normal) (G1 Evacuation Pause) 13M->3M(256M) 1.382ms
[2025-03-05T02:31:15.268+0300][34.787s][info ][gc] GC(707) Pause Young (Normal) (G1 Evacuation Pause) 14M->3M(256M) 1.141ms
[2025-03-05T02:31:15.319+0300][34.838s][info ][gc] GC(708) Pause Young (Normal) (G1 Evacuation Pause) 15M->4M(256M) 1.870ms
[2025-03-05T02:31:15.361+0300][34.880s][info ][gc] GC(709) Pause Young (Normal) (G1 Evacuation Pause) 14M->3M(256M) 1.378ms
[2025-03-05T02:31:15.406+0300][34.925s][info ][gc] GC(710) Pause Young (Normal) (G1 Evacuation Pause) 14M->4M(256M) 1.591ms
[2025-03-05T02:31:15.448+0300][34.966s][info ][gc] GC(711) Pause Young (Normal) (G1 Evacuation Pause) 14M->3M(256M) 1.394ms
[2025-03-05T02:31:15.492+0300][35.012s][info ][gc] GC(712) Pause Young (Normal) (G1 Evacuation Pause) 14M->4M(256M) 1.826ms
[2025-03-05T02:31:15.533+0300][35.053s][info ][gc] GC(713) Pause Young (Normal) (G1 Evacuation Pause) 14M->3M(256M) 1.442ms
[2025-03-05T02:31:15.581+0300][35.100s][info ][gc] GC(714) Pause Young (Normal) (G1 Evacuation Pause) 14M->4M(256M) 1.791ms
[2025-03-05T02:31:15.621+0300][35.141s][info ][gc] GC(715) Pause Young (Normal) (G1 Evacuation Pause) 14M->3M(256M) 1.321ms
[2025-03-05T02:31:15.666+0300][35.186s][info ][gc] GC(716) Pause Young (Normal) (G1 Evacuation Pause) 14M->4M(256M) 1.745ms
[2025-03-05T02:31:15.707+0300][35.226s][info ][gc] GC(717) Pause Young (Normal) (G1 Evacuation Pause) 14M->3M(256M) 1.273ms
[2025-03-05T02:31:15.753+0300][35.273s][info ][gc] GC(718) Pause Young (Normal) (G1 Evacuation Pause) 14M->4M(256M) 2.075ms
[2025-03-05T02:31:15.796+0300][35.316s][info ][gc] GC(719) Pause Young (Normal) (G1 Evacuation Pause) 14M->3M(256M) 1.595ms
[2025-03-05T02:31:15.842+0300][35.361s][info ][gc] GC(720) Pause Young (Normal) (G1 Evacuation Pause) 14M->4M(256M) 1.914ms
[2025-03-05T02:31:15.884+0300][35.403s][info ][gc] GC(721) Pause Young (Normal) (G1 Evacuation Pause) 14M->3M(256M) 1.334ms
[2025-03-05T02:31:15.931+0300][35.450s][info ][gc] GC(722) Pause Young (Normal) (G1 Evacuation Pause) 14M->4M(256M) 1.937ms
[2025-03-05T02:31:15.972+0300][35.491s][info ][gc] GC(723) Pause Young (Normal) (G1 Evacuation Pause) 14M->3M(256M) 1.374ms
[2025-03-05T02:31:16.020+0300][35.539s][info ][gc] GC(724) Pause Young (Normal) (G1 Evacuation Pause) 14M->4M(256M) 1.716ms
[2025-03-05T02:31:16.062+0300][35.581s][info ][gc] GC(725) Pause Young (Normal) (G1 Evacuation Pause) 14M->3M(256M) 1.399ms
[2025-03-05T02:31:16.106+0300][35.625s][info ][gc] GC(726) Pause Young (Normal) (G1 Evacuation Pause) 14M->2M(256M) 0.529ms
[2025-03-05T02:31:16.150+0300][35.669s][info ][gc] GC(727) Pause Young (Normal) (G1 Evacuation Pause) 13M->3M(256M) 1.333ms
[2025-03-05T02:31:16.196+0300][35.714s][info ][gc] GC(728) Pause Young (Normal) (G1 Evacuation Pause) 14M->2M(256M) 0.674ms
[2025-03-05T02:31:16.251+0300][35.771s][info ][gc] GC(729) Pause Young (Normal) (G1 Evacuation Pause) 13M->3M(256M) 1.662ms
[2025-03-05T02:31:16.297+0300][35.816s][info ][gc] GC(730) Pause Young (Normal) (G1 Evacuation Pause) 14M->2M(256M) 1.048ms
[2025-03-05T02:31:16.343+0300][35.863s][info ][gc] GC(731) Pause Young (Normal) (G1 Evacuation Pause) 13M->3M(256M) 1.961ms
[2025-03-05T02:31:16.383+0300][35.904s][info ][gc] GC(732) Pause Young (Normal) (G1 Evacuation Pause) 13M->2M(256M) 0.887ms
[2025-03-05T02:31:16.430+0300][35.950s][info ][gc] GC(733) Pause Young (Normal) (G1 Evacuation Pause) 13M->3M(256M) 1.387ms
[2025-03-05T02:31:16.472+0300][35.991s][info ][gc] GC(734) Pause Young (Normal) (G1 Evacuation Pause) 13M->2M(256M) 0.871ms
[2025-03-05T02:31:16.518+0300][36.037s][info ][gc] GC(735) Pause Young (Normal) (G1 Evacuation Pause) 13M->3M(256M) 1.459ms
[2025-03-05T02:31:16.559+0300][36.077s][info ][gc] GC(736) Pause Young (Normal) (G1 Evacuation Pause) 13M->2M(256M) 0.957ms
[2025-03-05T02:31:16.604+0300][36.123s][info ][gc] GC(737) Pause Young (Normal) (G1 Evacuation Pause) 13M->3M(256M) 1.717ms
[2025-03-05T02:31:16.646+0300][36.164s][info ][gc] GC(738) Pause Young (Normal) (G1 Evacuation Pause) 13M->2M(256M) 1.127ms
[2025-03-05T02:31:16.690+0300][36.210s][info ][gc] GC(739) Pause Young (Normal) (G1 Evacuation Pause) 13M->3M(256M) 1.405ms
[2025-03-05T02:31:16.731+0300][36.251s][info ][gc] GC(740) Pause Young (Normal) (G1 Evacuation Pause) 13M->2M(256M) 1.088ms
[2025-03-05T02:31:16.777+0300][36.297s][info ][gc] GC(741) Pause Young (Normal) (G1 Evacuation Pause) 13M->3M(256M) 1.689ms
[2025-03-05T02:31:16.819+0300][36.338s][info ][gc] GC(742) Pause Young (Normal) (G1 Evacuation Pause) 13M->3M(256M) 1.023ms
[2025-03-05T02:31:16.864+0300][36.383s][info ][gc] GC(743) Pause Young (Normal) (G1 Evacuation Pause) 14M->3M(256M) 1.917ms
[2025-03-05T02:31:16.906+0300][36.425s][info ][gc] GC(744) Pause Young (Normal) (G1 Evacuation Pause) 13M->2M(256M) 1.152ms
[2025-03-05T02:31:16.951+0300][36.470s][info ][gc] GC(745) Pause Young (Normal) (G1 Evacuation Pause) 13M->3M(256M) 1.601ms
[2025-03-05T02:31:16.991+0300][36.510s][info ][gc] GC(746) Pause Young (Normal) (G1 Evacuation Pause) 13M->3M(256M) 0.852ms
[2025-03-05T02:31:17.037+0300][36.556s][info ][gc] GC(747) Pause Young (Normal) (G1 Evacuation Pause) 14M->3M(256M) 1.426ms
[2025-03-05T02:31:17.078+0300][36.597s][info ][gc] GC(748) Pause Young (Normal) (G1 Evacuation Pause) 13M->3M(256M) 1.003ms
[2025-03-05T02:31:17.133+0300][36.652s][info ][gc] GC(749) Pause Young (Normal) (G1 Evacuation Pause) 14M->4M(256M) 1.800ms
[2025-03-05T02:31:17.175+0300][36.694s][info ][gc] GC(750) Pause Young (Normal) (G1 Evacuation Pause) 14M->3M(256M) 0.944ms
[2025-03-05T02:31:17.221+0300][36.740s][info ][gc] GC(751) Pause Young (Normal) (G1 Evacuation Pause) 14M->3M(256M) 1.671ms
[2025-03-05T02:31:17.262+0300][36.781s][info ][gc] GC(752) Pause Young (Normal) (G1 Evacuation Pause) 13M->3M(256M) 1.124ms
[2025-03-05T02:31:17.307+0300][36.827s][info ][gc] GC(753) Pause Young (Normal) (G1 Evacuation Pause) 14M->3M(256M) 1.617ms
[2025-03-05T02:31:17.349+0300][36.869s][info ][gc] GC(754) Pause Young (Normal) (G1 Evacuation Pause) 13M->3M(256M) 1.060ms
[2025-03-05T02:31:17.395+0300][36.914s][info ][gc] GC(755) Pause Young (Normal) (G1 Evacuation Pause) 14M->4M(256M) 1.964ms
[2025-03-05T02:31:17.436+0300][36.955s][info ][gc] GC(756) Pause Young (Normal) (G1 Evacuation Pause) 14M->3M(256M) 1.122ms
[2025-03-05T02:31:17.482+0300][37.001s][info ][gc] GC(757) Pause Young (Normal) (G1 Evacuation Pause) 14M->4M(256M) 1.760ms
[2025-03-05T02:31:17.523+0300][37.042s][info ][gc] GC(758) Pause Young (Normal) (G1 Evacuation Pause) 14M->3M(256M) 1.205ms
[2025-03-05T02:31:17.570+0300][37.090s][info ][gc] GC(759) Pause Young (Normal) (G1 Evacuation Pause) 14M->4M(256M) 1.817ms
[2025-03-05T02:31:17.611+0300][37.130s][info ][gc] GC(760) Pause Young (Normal) (G1 Evacuation Pause) 14M->3M(256M) 1.367ms
[2025-03-05T02:31:17.656+0300][37.175s][info ][gc] GC(761) Pause Young (Normal) (G1 Evacuation Pause) 14M->4M(256M) 1.639ms
[2025-03-05T02:31:17.696+0300][37.216s][info ][gc] GC(762) Pause Young (Normal) (G1 Evacuation Pause) 14M->3M(256M) 1.420ms
[2025-03-05T02:31:17.744+0300][37.264s][info ][gc] GC(763) Pause Young (Normal) (G1 Evacuation Pause) 14M->4M(256M) 2.733ms
[2025-03-05T02:31:17.786+0300][37.306s][info ][gc] GC(764) Pause Young (Normal) (G1 Evacuation Pause) 14M->3M(256M) 1.188ms
[2025-03-05T02:31:17.832+0300][37.351s][info ][gc] GC(765) Pause Young (Normal) (G1 Evacuation Pause) 14M->4M(256M) 1.802ms
[2025-03-05T02:31:17.873+0300][37.392s][info ][gc] GC(766) Pause Young (Normal) (G1 Evacuation Pause) 14M->3M(256M) 1.281ms
[2025-03-05T02:31:17.918+0300][37.437s][info ][gc] GC(767) Pause Young (Normal) (G1 Evacuation Pause) 14M->4M(256M) 1.906ms
[2025-03-05T02:31:17.960+0300][37.478s][info ][gc] GC(768) Pause Young (Normal) (G1 Evacuation Pause) 14M->3M(256M) 1.351ms
[2025-03-05T02:31:18.006+0300][37.525s][info ][gc] GC(769) Pause Young (Normal) (G1 Evacuation Pause) 14M->4M(256M) 1.691ms
[2025-03-05T02:31:18.047+0300][37.566s][info ][gc] GC(770) Pause Young (Normal) (G1 Evacuation Pause) 14M->3M(256M) 1.165ms
[2025-03-05T02:31:18.093+0300][37.612s][info ][gc] GC(771) Pause Young (Normal) (G1 Evacuation Pause) 14M->4M(256M) 1.824ms
[2025-03-05T02:31:18.134+0300][37.653s][info ][gc] GC(772) Pause Young (Normal) (G1 Evacuation Pause) 14M->3M(256M) 1.430ms
[2025-03-05T02:31:18.179+0300][37.698s][info ][gc] GC(773) Pause Young (Normal) (G1 Evacuation Pause) 14M->4M(256M) 1.756ms
[2025-03-05T02:31:18.222+0300][37.742s][info ][gc] GC(774) Pause Young (Normal) (G1 Evacuation Pause) 14M->3M(256M) 1.403ms
[2025-03-05T02:31:18.268+0300][37.787s][info ][gc] GC(775) Pause Young (Normal) (G1 Evacuation Pause) 14M->2M(256M) 0.709ms
[2025-03-05T02:31:18.317+0300][37.835s][info ][gc] GC(776) Pause Young (Normal) (G1 Evacuation Pause) 13M->3M(256M) 1.210ms
[2025-03-05T02:31:18.361+0300][37.880s][info ][gc] GC(777) Pause Young (Normal) (G1 Evacuation Pause) 14M->2M(256M) 0.851ms
[2025-03-05T02:31:18.406+0300][37.925s][info ][gc] GC(778) Pause Young (Normal) (G1 Evacuation Pause) 13M->3M(256M) 1.400ms
[2025-03-05T02:31:18.454+0300][37.972s][info ][gc] GC(779) Pause Young (Normal) (G1 Evacuation Pause) 14M->2M(256M) 0.888ms
[2025-03-05T02:31:18.498+0300][38.018s][info ][gc] GC(780) Pause Young (Normal) (G1 Evacuation Pause) 13M->3M(256M) 1.535ms
[2025-03-05T02:31:18.539+0300][38.058s][info ][gc] GC(781) Pause Young (Normal) (G1 Evacuation Pause) 13M->2M(256M) 0.821ms
[2025-03-05T02:31:18.584+0300][38.104s][info ][gc] GC(782) Pause Young (Normal) (G1 Evacuation Pause) 13M->3M(256M) 1.753ms
[2025-03-05T02:31:18.626+0300][38.144s][info ][gc] GC(783) Pause Young (Normal) (G1 Evacuation Pause) 13M->2M(256M) 0.860ms
[2025-03-05T02:31:18.671+0300][38.190s][info ][gc] GC(784) Pause Young (Normal) (G1 Evacuation Pause) 13M->3M(256M) 1.527ms
[2025-03-05T02:31:18.711+0300][38.231s][info ][gc] GC(785) Pause Young (Normal) (G1 Evacuation Pause) 13M->2M(256M) 0.693ms
[2025-03-05T02:31:18.757+0300][38.276s][info ][gc] GC(786) Pause Young (Normal) (G1 Evacuation Pause) 13M->3M(256M) 1.633ms
[2025-03-05T02:31:18.799+0300][38.317s][info ][gc] GC(787) Pause Young (Normal) (G1 Evacuation Pause) 13M->2M(256M) 1.012ms
[2025-03-05T02:31:18.844+0300][38.364s][info ][gc] GC(788) Pause Young (Normal) (G1 Evacuation Pause) 13M->3M(256M) 1.780ms
[2025-03-05T02:31:18.886+0300][38.405s][info ][gc] GC(789) Pause Young (Normal) (G1 Evacuation Pause) 13M->2M(256M) 0.834ms
[2025-03-05T02:31:18.932+0300][38.451s][info ][gc] GC(790) Pause Young (Normal) (G1 Evacuation Pause) 13M->3M(256M) 1.707ms
[2025-03-05T02:31:18.974+0300][38.492s][info ][gc] GC(791) Pause Young (Normal) (G1 Evacuation Pause) 13M->2M(256M) 0.896ms
[2025-03-05T02:31:19.018+0300][38.538s][info ][gc] GC(792) Pause Young (Normal) (G1 Evacuation Pause) 13M->3M(256M) 1.797ms
[2025-03-05T02:31:19.060+0300][38.579s][info ][gc] GC(793) Pause Young (Normal) (G1 Evacuation Pause) 13M->2M(256M) 1.193ms
[2025-03-05T02:31:19.107+0300][38.626s][info ][gc] GC(794) Pause Young (Normal) (G1 Evacuation Pause) 13M->3M(256M) 1.288ms
[2025-03-05T02:31:19.154+0300][38.673s][info ][gc] GC(795) Pause Young (Normal) (G1 Evacuation Pause) 14M->3M(256M) 1.157ms
[2025-03-05T02:31:19.199+0300][38.718s][info ][gc] GC(796) Pause Young (Normal) (G1 Evacuation Pause) 14M->3M(256M) 1.889ms
[2025-03-05T02:31:19.239+0300][38.758s][info ][gc] GC(797) Pause Young (Normal) (G1 Evacuation Pause) 13M->3M(256M) 1.032ms
[2025-03-05T02:31:19.283+0300][38.803s][info ][gc] GC(798) Pause Young (Normal) (G1 Evacuation Pause) 14M->4M(256M) 1.769ms
[2025-03-05T02:31:19.326+0300][38.844s][info ][gc] GC(799) Pause Young (Normal) (G1 Evacuation Pause) 14M->3M(256M) 1.349ms
[2025-03-05T02:31:19.373+0300][38.892s][info ][gc] GC(800) Pause Young (Normal) (G1 Evacuation Pause) 14M->4M(256M) 1.630ms
[2025-03-05T02:31:19.413+0300][38.932s][info ][gc] GC(801) Pause Young (Normal) (G1 Evacuation Pause) 14M->3M(256M) 1.142ms
[2025-03-05T02:31:19.459+0300][38.978s][info ][gc] GC(802) Pause Young (Normal) (G1 Evacuation Pause) 14M->4M(256M) 1.963ms
[2025-03-05T02:31:19.500+0300][39.019s][info ][gc] GC(803) Pause Young (Normal) (G1 Evacuation Pause) 14M->3M(256M) 1.141ms
[2025-03-05T02:31:19.547+0300][39.066s][info ][gc] GC(804) Pause Young (Normal) (G1 Evacuation Pause) 14M->4M(256M) 1.788ms
[2025-03-05T02:31:19.589+0300][39.108s][info ][gc] GC(805) Pause Young (Normal) (G1 Evacuation Pause) 14M->3M(256M) 1.153ms
[2025-03-05T02:31:19.634+0300][39.154s][info ][gc] GC(806) Pause Young (Normal) (G1 Evacuation Pause) 14M->4M(256M) 1.819ms
[2025-03-05T02:31:19.674+0300][39.194s][info ][gc] GC(807) Pause Young (Normal) (G1 Evacuation Pause) 14M->3M(256M) 1.006ms
[2025-03-05T02:31:19.720+0300][39.239s][info ][gc] GC(808) Pause Young (Normal) (G1 Evacuation Pause) 14M->4M(256M) 1.790ms
[2025-03-05T02:31:19.761+0300][39.281s][info ][gc] GC(809) Pause Young (Normal) (G1 Evacuation Pause) 14M->3M(256M) 1.462ms
[2025-03-05T02:31:19.807+0300][39.326s][info ][gc] GC(810) Pause Young (Normal) (G1 Evacuation Pause) 14M->4M(256M) 1.803ms
[2025-03-05T02:31:19.849+0300][39.368s][info ][gc] GC(811) Pause Young (Normal) (G1 Evacuation Pause) 14M->3M(256M) 1.414ms
[2025-03-05T02:31:19.893+0300][39.413s][info ][gc] GC(812) Pause Young (Normal) (G1 Evacuation Pause) 14M->4M(256M) 1.960ms
[2025-03-05T02:31:19.936+0300][39.455s][info ][gc] GC(813) Pause Young (Normal) (G1 Evacuation Pause) 14M->3M(256M) 1.313ms
[2025-03-05T02:31:19.982+0300][39.501s][info ][gc] GC(814) Pause Young (Normal) (G1 Evacuation Pause) 14M->4M(256M) 1.798ms
[2025-03-05T02:31:20.031+0300][39.550s][info ][gc] GC(815) Pause Young (Normal) (G1 Evacuation Pause) 14M->3M(256M) 1.417ms
[2025-03-05T02:31:20.077+0300][39.596s][info ][gc] GC(816) Pause Young (Normal) (G1 Evacuation Pause) 14M->4M(256M) 2.056ms
[2025-03-05T02:31:20.119+0300][39.637s][info ][gc] GC(817) Pause Young (Normal) (G1 Evacuation Pause) 14M->3M(256M) 1.482ms
[2025-03-05T02:31:20.163+0300][39.682s][info ][gc] GC(818) Pause Young (Normal) (G1 Evacuation Pause) 14M->2M(256M) 0.653ms
[2025-03-05T02:31:20.210+0300][39.729s][info ][gc] GC(819) Pause Young (Normal) (G1 Evacuation Pause) 13M->3M(256M) 1.542ms
[2025-03-05T02:31:20.257+0300][39.776s][info ][gc] GC(820) Pause Young (Normal) (G1 Evacuation Pause) 14M->2M(256M) 1.002ms
[2025-03-05T02:31:20.301+0300][39.820s][info ][gc] GC(821) Pause Young (Normal) (G1 Evacuation Pause) 13M->3M(256M) 1.504ms
[2025-03-05T02:31:20.345+0300][39.865s][info ][gc] GC(822) Pause Young (Normal) (G1 Evacuation Pause) 14M->2M(256M) 1.016ms
[2025-03-05T02:31:20.390+0300][39.910s][info ][gc] GC(823) Pause Young (Normal) (G1 Evacuation Pause) 13M->3M(256M) 1.815ms
[2025-03-05T02:31:20.431+0300][39.951s][info ][gc] GC(824) Pause Young (Normal) (G1 Evacuation Pause) 13M->2M(256M) 0.775ms
[2025-03-05T02:31:20.478+0300][39.997s][info ][gc] GC(825) Pause Young (Normal) (G1 Evacuation Pause) 13M->3M(256M) 1.732ms
[2025-03-05T02:31:20.519+0300][40.038s][info ][gc] GC(826) Pause Young (Normal) (G1 Evacuation Pause) 13M->2M(256M) 0.827ms
[2025-03-05T02:31:20.565+0300][40.084s][info ][gc] GC(827) Pause Young (Normal) (G1 Evacuation Pause) 13M->3M(256M) 1.423ms
[2025-03-05T02:31:20.605+0300][40.124s][info ][gc] GC(828) Pause Young (Normal) (G1 Evacuation Pause) 13M->2M(256M) 0.948ms
[2025-03-05T02:31:20.650+0300][40.169s][info ][gc] GC(829) Pause Young (Normal) (G1 Evacuation Pause) 13M->3M(256M) 1.413ms
[2025-03-05T02:31:20.691+0300][40.211s][info ][gc] GC(830) Pause Young (Normal) (G1 Evacuation Pause) 13M->2M(256M) 0.853ms
[2025-03-05T02:31:20.736+0300][40.256s][info ][gc] GC(831) Pause Young (Normal) (G1 Evacuation Pause) 13M->3M(256M) 1.473ms
[2025-03-05T02:31:20.778+0300][40.297s][info ][gc] GC(832) Pause Young (Normal) (G1 Evacuation Pause) 13M->2M(256M) 0.772ms
[2025-03-05T02:31:20.823+0300][40.342s][info ][gc] GC(833) Pause Young (Normal) (G1 Evacuation Pause) 13M->3M(256M) 1.607ms
[2025-03-05T02:31:20.863+0300][40.383s][info ][gc] GC(834) Pause Young (Normal) (G1 Evacuation Pause) 13M->3M(256M) 0.993ms
[2025-03-05T02:31:20.909+0300][40.429s][info ][gc] GC(835) Pause Young (Normal) (G1 Evacuation Pause) 14M->3M(256M) 1.593ms
[2025-03-05T02:31:20.953+0300][40.472s][info ][gc] GC(836) Pause Young (Normal) (G1 Evacuation Pause) 13M->3M(256M) 0.882ms
[2025-03-05T02:31:21.006+0300][40.525s][info ][gc] GC(837) Pause Young (Normal) (G1 Evacuation Pause) 14M->3M(256M) 1.320ms
[2025-03-05T02:31:21.051+0300][40.570s][info ][gc] GC(838) Pause Young (Normal) (G1 Evacuation Pause) 13M->3M(256M) 1.067ms
[2025-03-05T02:31:21.125+0300][40.644s][info ][gc] GC(839) Pause Young (Normal) (G1 Evacuation Pause) 14M->3M(256M) 2.329ms
[2025-03-05T02:31:21.175+0300][40.694s][info ][gc] GC(840) Pause Young (Normal) (G1 Evacuation Pause) 13M->3M(256M) 1.231ms
[2025-03-05T02:31:21.224+0300][40.743s][info ][gc] GC(841) Pause Young (Normal) (G1 Evacuation Pause) 14M->3M(256M) 1.605ms
[2025-03-05T02:31:21.268+0300][40.787s][info ][gc] GC(842) Pause Young (Normal) (G1 Evacuation Pause) 13M->3M(256M) 1.144ms
[2025-03-05T02:31:21.314+0300][40.834s][info ][gc] GC(843) Pause Young (Normal) (G1 Evacuation Pause) 14M->3M(256M) 1.830ms
[2025-03-05T02:31:21.359+0300][40.878s][info ][gc] GC(844) Pause Young (Normal) (G1 Evacuation Pause) 13M->3M(256M) 1.304ms
[2025-03-05T02:31:21.406+0300][40.926s][info ][gc] GC(845) Pause Young (Normal) (G1 Evacuation Pause) 14M->4M(256M) 1.724ms
[2025-03-05T02:31:21.449+0300][40.969s][info ][gc] GC(846) Pause Young (Normal) (G1 Evacuation Pause) 14M->3M(256M) 1.136ms
[2025-03-05T02:31:21.496+0300][41.016s][info ][gc] GC(847) Pause Young (Normal) (G1 Evacuation Pause) 14M->4M(256M) 1.732ms
[2025-03-05T02:31:21.544+0300][41.063s][info ][gc] GC(848) Pause Young (Normal) (G1 Evacuation Pause) 14M->3M(256M) 1.646ms
[2025-03-05T02:31:21.599+0300][41.118s][info ][gc] GC(849) Pause Young (Normal) (G1 Evacuation Pause) 14M->4M(256M) 1.835ms
[2025-03-05T02:31:21.647+0300][41.166s][info ][gc] GC(850) Pause Young (Normal) (G1 Evacuation Pause) 14M->3M(256M) 1.375ms
[2025-03-05T02:31:21.694+0300][41.213s][info ][gc] GC(851) Pause Young (Normal) (G1 Evacuation Pause) 14M->4M(256M) 1.971ms
[2025-03-05T02:31:21.739+0300][41.258s][info ][gc] GC(852) Pause Young (Normal) (G1 Evacuation Pause) 14M->3M(256M) 1.352ms
[2025-03-05T02:31:21.785+0300][41.305s][info ][gc] GC(853) Pause Young (Normal) (G1 Evacuation Pause) 14M->4M(256M) 1.711ms
[2025-03-05T02:31:21.828+0300][41.348s][info ][gc] GC(854) Pause Young (Normal) (G1 Evacuation Pause) 14M->3M(256M) 1.260ms
[2025-03-05T02:31:21.877+0300][41.396s][info ][gc] GC(855) Pause Young (Normal) (G1 Evacuation Pause) 14M->4M(256M) 2.018ms
[2025-03-05T02:31:21.919+0300][41.438s][info ][gc] GC(856) Pause Young (Normal) (G1 Evacuation Pause) 14M->3M(256M) 1.212ms
[2025-03-05T02:31:21.966+0300][41.484s][info ][gc] GC(857) Pause Young (Normal) (G1 Evacuation Pause) 14M->4M(256M) 1.859ms
[2025-03-05T02:31:22.008+0300][41.527s][info ][gc] GC(858) Pause Young (Normal) (G1 Evacuation Pause) 14M->3M(256M) 1.304ms
[2025-03-05T02:31:22.056+0300][41.574s][info ][gc] GC(859) Pause Young (Normal) (G1 Evacuation Pause) 14M->4M(256M) 1.804ms
[2025-03-05T02:31:22.097+0300][41.617s][info ][gc] GC(860) Pause Young (Normal) (G1 Evacuation Pause) 14M->3M(256M) 1.408ms
[2025-03-05T02:31:22.146+0300][41.664s][info ][gc] GC(861) Pause Young (Normal) (G1 Evacuation Pause) 14M->4M(256M) 1.884ms
[2025-03-05T02:31:22.187+0300][41.706s][info ][gc] GC(862) Pause Young (Normal) (G1 Evacuation Pause) 14M->3M(256M) 1.060ms
[2025-03-05T02:31:22.233+0300][41.753s][info ][gc] GC(863) Pause Young (Normal) (G1 Evacuation Pause) 14M->4M(256M) 1.863ms
[2025-03-05T02:31:22.276+0300][41.796s][info ][gc] GC(864) Pause Young (Normal) (G1 Evacuation Pause) 14M->3M(256M) 1.570ms
[2025-03-05T02:31:22.324+0300][41.843s][info ][gc] GC(865) Pause Young (Normal) (G1 Evacuation Pause) 14M->4M(256M) 2.399ms
[2025-03-05T02:31:22.366+0300][41.885s][info ][gc] GC(866) Pause Young (Normal) (G1 Evacuation Pause) 14M->3M(256M) 1.371ms
[2025-03-05T02:31:22.412+0300][41.932s][info ][gc] GC(867) Pause Young (Normal) (G1 Evacuation Pause) 14M->2M(256M) 0.766ms
[2025-03-05T02:31:22.457+0300][41.977s][info ][gc] GC(868) Pause Young (Normal) (G1 Evacuation Pause) 13M->3M(256M) 1.363ms
[2025-03-05T02:31:22.518+0300][42.037s][info ][gc] GC(869) Pause Young (Normal) (G1 Evacuation Pause) 14M->2M(256M) 0.962ms
[2025-03-05T02:31:22.563+0300][42.083s][info ][gc] GC(870) Pause Young (Normal) (G1 Evacuation Pause) 13M->3M(256M) 1.601ms
[2025-03-05T02:31:22.610+0300][42.130s][info ][gc] GC(871) Pause Young (Normal) (G1 Evacuation Pause) 14M->2M(256M) 0.825ms
[2025-03-05T02:31:22.657+0300][42.177s][info ][gc] GC(872) Pause Young (Normal) (G1 Evacuation Pause) 13M->3M(256M) 1.746ms
[2025-03-05T02:31:22.699+0300][42.218s][info ][gc] GC(873) Pause Young (Normal) (G1 Evacuation Pause) 13M->2M(256M) 0.943ms
[2025-03-05T02:31:22.745+0300][42.265s][info ][gc] GC(874) Pause Young (Normal) (G1 Evacuation Pause) 13M->3M(256M) 1.856ms
[2025-03-05T02:31:22.789+0300][42.308s][info ][gc] GC(875) Pause Young (Normal) (G1 Evacuation Pause) 13M->2M(256M) 0.800ms
[2025-03-05T02:31:22.843+0300][42.362s][info ][gc] GC(876) Pause Young (Normal) (G1 Evacuation Pause) 13M->3M(256M) 1.942ms
[2025-03-05T02:31:22.898+0300][42.418s][info ][gc] GC(877) Pause Young (Normal) (G1 Evacuation Pause) 13M->2M(256M) 0.862ms
[2025-03-05T02:31:22.960+0300][42.479s][info ][gc] GC(878) Pause Young (Normal) (G1 Evacuation Pause) 13M->3M(256M) 1.858ms
[2025-03-05T02:31:23.004+0300][42.523s][info ][gc] GC(879) Pause Young (Normal) (G1 Evacuation Pause) 13M->2M(256M) 0.877ms
[2025-03-05T02:31:23.052+0300][42.571s][info ][gc] GC(880) Pause Young (Normal) (G1 Evacuation Pause) 13M->3M(256M) 1.537ms
[2025-03-05T02:31:23.094+0300][42.614s][info ][gc] GC(881) Pause Young (Normal) (G1 Evacuation Pause) 13M->2M(256M) 0.975ms
[2025-03-05T02:31:23.146+0300][42.665s][info ][gc] GC(882) Pause Young (Normal) (G1 Evacuation Pause) 13M->3M(256M) 1.535ms
[2025-03-05T02:31:23.188+0300][42.707s][info ][gc] GC(883) Pause Young (Normal) (G1 Evacuation Pause) 13M->3M(256M) 0.965ms
[2025-03-05T02:31:23.240+0300][42.758s][info ][gc] GC(884) Pause Young (Normal) (G1 Evacuation Pause) 14M->3M(256M) 1.819ms
[2025-03-05T02:31:23.286+0300][42.806s][info ][gc] GC(885) Pause Young (Normal) (G1 Evacuation Pause) 13M->2M(256M) 1.210ms
[2025-03-05T02:31:23.333+0300][42.852s][info ][gc] GC(886) Pause Young (Normal) (G1 Evacuation Pause) 13M->3M(256M) 1.727ms
[2025-03-05T02:31:23.375+0300][42.894s][info ][gc] GC(887) Pause Young (Normal) (G1 Evacuation Pause) 13M->3M(256M) 1.176ms
[2025-03-05T02:31:23.420+0300][42.940s][info ][gc] GC(888) Pause Young (Normal) (G1 Evacuation Pause) 14M->3M(256M) 1.609ms
[2025-03-05T02:31:23.465+0300][42.984s][info ][gc] GC(889) Pause Young (Normal) (G1 Evacuation Pause) 13M->3M(256M) 1.171ms
[2025-03-05T02:31:23.512+0300][43.032s][info ][gc] GC(890) Pause Young (Normal) (G1 Evacuation Pause) 14M->3M(256M) 1.976ms
[2025-03-05T02:31:23.559+0300][43.079s][info ][gc] GC(891) Pause Young (Normal) (G1 Evacuation Pause) 13M->3M(256M) 0.990ms
[2025-03-05T02:31:23.651+0300][43.170s][info ][gc] GC(892) Pause Young (Normal) (G1 Evacuation Pause) 14M->3M(256M) 1.861ms
[2025-03-05T02:31:23.698+0300][43.217s][info ][gc] GC(893) Pause Young (Normal) (G1 Evacuation Pause) 13M->3M(256M) 0.978ms
[2025-03-05T02:31:23.749+0300][43.268s][info ][gc] GC(894) Pause Young (Normal) (G1 Evacuation Pause) 14M->4M(256M) 1.837ms
[2025-03-05T02:31:23.792+0300][43.312s][info ][gc] GC(895) Pause Young (Normal) (G1 Evacuation Pause) 14M->3M(256M) 0.997ms
[2025-03-05T02:31:23.842+0300][43.361s][info ][gc] GC(896) Pause Young (Normal) (G1 Evacuation Pause) 14M->4M(256M) 1.793ms
[2025-03-05T02:31:23.887+0300][43.407s][info ][gc] GC(897) Pause Young (Normal) (G1 Evacuation Pause) 14M->3M(256M) 0.935ms
[2025-03-05T02:31:23.937+0300][43.456s][info ][gc] GC(898) Pause Young (Normal) (G1 Evacuation Pause) 14M->4M(256M) 1.799ms
[2025-03-05T02:31:23.990+0300][43.509s][info ][gc] GC(899) Pause Young (Normal) (G1 Evacuation Pause) 14M->3M(256M) 1.053ms
[2025-03-05T02:31:24.035+0300][43.555s][info ][gc] GC(900) Pause Young (Normal) (G1 Evacuation Pause) 14M->4M(256M) 1.548ms
[2025-03-05T02:31:24.076+0300][43.595s][info ][gc] GC(901) Pause Young (Normal) (G1 Evacuation Pause) 14M->3M(256M) 1.069ms
[2025-03-05T02:31:24.120+0300][43.639s][info ][gc] GC(902) Pause Young (Normal) (G1 Evacuation Pause) 14M->4M(256M) 1.484ms
[2025-03-05T02:31:24.162+0300][43.681s][info ][gc] GC(903) Pause Young (Normal) (G1 Evacuation Pause) 14M->3M(256M) 1.257ms
[2025-03-05T02:31:24.208+0300][43.728s][info ][gc] GC(904) Pause Young (Normal) (G1 Evacuation Pause) 14M->4M(256M) 1.957ms
[2025-03-05T02:31:24.251+0300][43.770s][info ][gc] GC(905) Pause Young (Normal) (G1 Evacuation Pause) 14M->3M(256M) 1.063ms
[2025-03-05T02:31:24.298+0300][43.817s][info ][gc] GC(906) Pause Young (Normal) (G1 Evacuation Pause) 14M->4M(256M) 1.817ms
[2025-03-05T02:31:24.340+0300][43.859s][info ][gc] GC(907) Pause Young (Normal) (G1 Evacuation Pause) 14M->3M(256M) 1.156ms
[2025-03-05T02:31:24.385+0300][43.904s][info ][gc] GC(908) Pause Young (Normal) (G1 Evacuation Pause) 14M->4M(256M) 1.836ms
[2025-03-05T02:31:24.427+0300][43.946s][info ][gc] GC(909) Pause Young (Normal) (G1 Evacuation Pause) 14M->3M(256M) 1.165ms
[2025-03-05T02:31:24.473+0300][43.991s][info ][gc] GC(910) Pause Young (Normal) (G1 Evacuation Pause) 14M->4M(256M) 1.741ms
[2025-03-05T02:31:24.513+0300][44.033s][info ][gc] GC(911) Pause Young (Normal) (G1 Evacuation Pause) 14M->3M(256M) 1.236ms
[2025-03-05T02:31:24.560+0300][44.079s][info ][gc] GC(912) Pause Young (Normal) (G1 Evacuation Pause) 14M->4M(256M) 1.821ms
[2025-03-05T02:31:24.600+0300][44.120s][info ][gc] GC(913) Pause Young (Normal) (G1 Evacuation Pause) 14M->3M(256M) 1.381ms
[2025-03-05T02:31:24.648+0300][44.167s][info ][gc] GC(914) Pause Young (Normal) (G1 Evacuation Pause) 14M->4M(256M) 1.857ms
[2025-03-05T02:31:24.690+0300][44.209s][info ][gc] GC(915) Pause Young (Normal) (G1 Evacuation Pause) 14M->3M(256M) 1.235ms
[2025-03-05T02:31:24.735+0300][44.255s][info ][gc] GC(916) Pause Young (Normal) (G1 Evacuation Pause) 14M->4M(256M) 2.237ms
[2025-03-05T02:31:24.777+0300][44.296s][info ][gc] GC(917) Pause Young (Normal) (G1 Evacuation Pause) 14M->3M(256M) 1.762ms
[2025-03-05T02:31:24.823+0300][44.342s][info ][gc] GC(918) Pause Young (Normal) (G1 Evacuation Pause) 14M->2M(256M) 0.739ms
[2025-03-05T02:31:24.870+0300][44.389s][info ][gc] GC(919) Pause Young (Normal) (G1 Evacuation Pause) 13M->3M(256M) 1.637ms
[2025-03-05T02:31:24.915+0300][44.434s][info ][gc] GC(920) Pause Young (Normal) (G1 Evacuation Pause) 14M->2M(256M) 0.954ms
[2025-03-05T02:31:24.960+0300][44.479s][info ][gc] GC(921) Pause Young (Normal) (G1 Evacuation Pause) 13M->3M(256M) 1.631ms
[2025-03-05T02:31:25.005+0300][44.523s][info ][gc] GC(922) Pause Young (Normal) (G1 Evacuation Pause) 14M->2M(256M) 1.280ms
[2025-03-05T02:31:25.052+0300][44.571s][info ][gc] GC(923) Pause Young (Normal) (G1 Evacuation Pause) 13M->3M(256M) 2.037ms
[2025-03-05T02:31:25.093+0300][44.612s][info ][gc] GC(924) Pause Young (Normal) (G1 Evacuation Pause) 13M->2M(256M) 0.806ms
[2025-03-05T02:31:25.138+0300][44.657s][info ][gc] GC(925) Pause Young (Normal) (G1 Evacuation Pause) 13M->3M(256M) 1.550ms
[2025-03-05T02:31:25.179+0300][44.697s][info ][gc] GC(926) Pause Young (Normal) (G1 Evacuation Pause) 13M->2M(256M) 0.739ms
[2025-03-05T02:31:25.223+0300][44.742s][info ][gc] GC(927) Pause Young (Normal) (G1 Evacuation Pause) 13M->3M(256M) 1.318ms
[2025-03-05T02:31:25.264+0300][44.783s][info ][gc] GC(928) Pause Young (Normal) (G1 Evacuation Pause) 13M->2M(256M) 0.963ms
[2025-03-05T02:31:25.310+0300][44.830s][info ][gc] GC(929) Pause Young (Normal) (G1 Evacuation Pause) 13M->3M(256M) 1.789ms
[2025-03-05T02:31:25.352+0300][44.871s][info ][gc] GC(930) Pause Young (Normal) (G1 Evacuation Pause) 13M->2M(256M) 0.909ms
[2025-03-05T02:31:25.398+0300][44.917s][info ][gc] GC(931) Pause Young (Normal) (G1 Evacuation Pause) 13M->3M(256M) 1.747ms
[2025-03-05T02:31:25.440+0300][44.960s][info ][gc] GC(932) Pause Young (Normal) (G1 Evacuation Pause) 13M->2M(256M) 0.805ms
[2025-03-05T02:31:25.484+0300][45.004s][info ][gc] GC(933) Pause Young (Normal) (G1 Evacuation Pause) 13M->3M(256M) 1.590ms
[2025-03-05T02:31:25.525+0300][45.044s][info ][gc] GC(934) Pause Young (Normal) (G1 Evacuation Pause) 13M->2M(256M) 0.818ms
[2025-03-05T02:31:25.573+0300][45.092s][info ][gc] GC(935) Pause Young (Normal) (G1 Evacuation Pause) 13M->3M(256M) 1.766ms
[2025-03-05T02:31:25.614+0300][45.133s][info ][gc] GC(936) Pause Young (Normal) (G1 Evacuation Pause) 13M->2M(256M) 1.118ms
[2025-03-05T02:31:25.659+0300][45.178s][info ][gc] GC(937) Pause Young (Normal) (G1 Evacuation Pause) 13M->3M(256M) 1.529ms
[2025-03-05T02:31:25.700+0300][45.219s][info ][gc] GC(938) Pause Young (Normal) (G1 Evacuation Pause) 13M->3M(256M) 1.074ms
[2025-03-05T02:31:25.745+0300][45.264s][info ][gc] GC(939) Pause Young (Normal) (G1 Evacuation Pause) 14M->3M(256M) 1.627ms
[2025-03-05T02:31:25.785+0300][45.305s][info ][gc] GC(940) Pause Young (Normal) (G1 Evacuation Pause) 13M->3M(256M) 0.972ms
[2025-03-05T02:31:25.830+0300][45.350s][info ][gc] GC(941) Pause Young (Normal) (G1 Evacuation Pause) 14M->3M(256M) 1.483ms
[2025-03-05T02:31:25.871+0300][45.391s][info ][gc] GC(942) Pause Young (Normal) (G1 Evacuation Pause) 13M->3M(256M) 0.906ms
[2025-03-05T02:31:25.922+0300][45.441s][info ][gc] GC(943) Pause Young (Normal) (G1 Evacuation Pause) 15M->4M(256M) 1.662ms
[2025-03-05T02:31:25.962+0300][45.482s][info ][gc] GC(944) Pause Young (Normal) (G1 Evacuation Pause) 14M->3M(256M) 1.115ms
[2025-03-05T02:31:26.009+0300][45.528s][info ][gc] GC(945) Pause Young (Normal) (G1 Evacuation Pause) 14M->4M(256M) 1.957ms
[2025-03-05T02:31:26.050+0300][45.569s][info ][gc] GC(946) Pause Young (Normal) (G1 Evacuation Pause) 14M->3M(256M) 1.359ms
[2025-03-05T02:31:26.096+0300][45.615s][info ][gc] GC(947) Pause Young (Normal) (G1 Evacuation Pause) 14M->4M(256M) 1.860ms
[2025-03-05T02:31:26.137+0300][45.656s][info ][gc] GC(948) Pause Young (Normal) (G1 Evacuation Pause) 14M->3M(256M) 1.142ms
[2025-03-05T02:31:26.182+0300][45.702s][info ][gc] GC(949) Pause Young (Normal) (G1 Evacuation Pause) 14M->4M(256M) 1.703ms
[2025-03-05T02:31:26.226+0300][45.745s][info ][gc] GC(950) Pause Young (Normal) (G1 Evacuation Pause) 14M->3M(256M) 1.423ms
[2025-03-05T02:31:26.271+0300][45.790s][info ][gc] GC(951) Pause Young (Normal) (G1 Evacuation Pause) 14M->4M(256M) 1.674ms
[2025-03-05T02:31:26.311+0300][45.831s][info ][gc] GC(952) Pause Young (Normal) (G1 Evacuation Pause) 14M->3M(256M) 1.341ms
[2025-03-05T02:31:26.357+0300][45.876s][info ][gc] GC(953) Pause Young (Normal) (G1 Evacuation Pause) 14M->4M(256M) 1.631ms
[2025-03-05T02:31:26.399+0300][45.918s][info ][gc] GC(954) Pause Young (Normal) (G1 Evacuation Pause) 14M->3M(256M) 1.232ms
[2025-03-05T02:31:26.446+0300][45.965s][info ][gc] GC(955) Pause Young (Normal) (G1 Evacuation Pause) 14M->4M(256M) 1.945ms
[2025-03-05T02:31:26.488+0300][46.007s][info ][gc] GC(956) Pause Young (Normal) (G1 Evacuation Pause) 14M->3M(256M) 1.408ms
[2025-03-05T02:31:26.535+0300][46.055s][info ][gc] GC(957) Pause Young (Normal) (G1 Evacuation Pause) 14M->4M(256M) 2.161ms
[2025-03-05T02:31:26.577+0300][46.095s][info ][gc] GC(958) Pause Young (Normal) (G1 Evacuation Pause) 14M->3M(256M) 1.435ms
[2025-03-05T02:31:26.621+0300][46.141s][info ][gc] GC(959) Pause Young (Normal) (G1 Evacuation Pause) 14M->4M(256M) 1.672ms
[2025-03-05T02:31:26.663+0300][46.184s][info ][gc] GC(960) Pause Young (Normal) (G1 Evacuation Pause) 14M->3M(256M) 1.546ms
[2025-03-05T02:31:26.709+0300][46.228s][info ][gc] GC(961) Pause Young (Normal) (G1 Evacuation Pause) 14M->2M(256M) 0.727ms
[2025-03-05T02:31:26.754+0300][46.274s][info ][gc] GC(962) Pause Young (Normal) (G1 Evacuation Pause) 13M->3M(256M) 1.615ms
[2025-03-05T02:31:26.799+0300][46.318s][info ][gc] GC(963) Pause Young (Normal) (G1 Evacuation Pause) 14M->2M(256M) 0.710ms
[2025-03-05T02:31:26.847+0300][46.366s][info ][gc] GC(964) Pause Young (Normal) (G1 Evacuation Pause) 13M->3M(256M) 1.576ms
[2025-03-05T02:31:26.893+0300][46.413s][info ][gc] GC(965) Pause Young (Normal) (G1 Evacuation Pause) 14M->2M(256M) 0.960ms
[2025-03-05T02:31:26.938+0300][46.458s][info ][gc] GC(966) Pause Young (Normal) (G1 Evacuation Pause) 13M->3M(256M) 1.598ms
[2025-03-05T02:31:26.980+0300][46.498s][info ][gc] GC(967) Pause Young (Normal) (G1 Evacuation Pause) 13M->2M(256M) 0.889ms
[2025-03-05T02:31:27.023+0300][46.543s][info ][gc] GC(968) Pause Young (Normal) (G1 Evacuation Pause) 13M->3M(256M) 1.764ms
[2025-03-05T02:31:27.065+0300][46.584s][info ][gc] GC(969) Pause Young (Normal) (G1 Evacuation Pause) 13M->2M(256M) 0.811ms
[2025-03-05T02:31:27.110+0300][46.629s][info ][gc] GC(970) Pause Young (Normal) (G1 Evacuation Pause) 13M->3M(256M) 1.700ms
[2025-03-05T02:31:27.151+0300][46.670s][info ][gc] GC(971) Pause Young (Normal) (G1 Evacuation Pause) 13M->2M(256M) 0.844ms
[2025-03-05T02:31:27.197+0300][46.716s][info ][gc] GC(972) Pause Young (Normal) (G1 Evacuation Pause) 13M->3M(256M) 1.587ms
[2025-03-05T02:31:27.242+0300][46.761s][info ][gc] GC(973) Pause Young (Normal) (G1 Evacuation Pause) 13M->2M(256M) 0.990ms
[2025-03-05T02:31:27.289+0300][46.807s][info ][gc] GC(974) Pause Young (Normal) (G1 Evacuation Pause) 13M->3M(256M) 1.568ms
[2025-03-05T02:31:27.329+0300][46.849s][info ][gc] GC(975) Pause Young (Normal) (G1 Evacuation Pause) 13M->2M(256M) 1.165ms
[2025-03-05T02:31:27.375+0300][46.894s][info ][gc] GC(976) Pause Young (Normal) (G1 Evacuation Pause) 13M->3M(256M) 1.528ms
[2025-03-05T02:31:27.416+0300][46.935s][info ][gc] GC(977) Pause Young (Normal) (G1 Evacuation Pause) 13M->3M(256M) 0.804ms
[2025-03-05T02:31:27.481+0300][47.000s][info ][gc] GC(978) Pause Young (Normal) (G1 Evacuation Pause) 18M->4M(256M) 2.004ms
[2025-03-05T02:31:27.529+0300][47.048s][info ][gc] GC(979) Pause Young (Normal) (G1 Evacuation Pause) 14M->3M(256M) 1.529ms
[2025-03-05T02:31:27.582+0300][47.101s][info ][gc] GC(980) Pause Young (Normal) (G1 Evacuation Pause) 14M->4M(256M) 1.857ms
[2025-03-05T02:31:27.630+0300][47.149s][info ][gc] GC(981) Pause Young (Normal) (G1 Evacuation Pause) 14M->3M(256M) 1.262ms
[2025-03-05T02:31:27.680+0300][47.199s][info ][gc] GC(982) Pause Young (Normal) (G1 Evacuation Pause) 14M->4M(256M) 1.844ms
[2025-03-05T02:31:27.723+0300][47.242s][info ][gc] GC(983) Pause Young (Normal) (G1 Evacuation Pause) 14M->3M(256M) 1.423ms
[2025-03-05T02:31:27.771+0300][47.290s][info ][gc] GC(984) Pause Young (Normal) (G1 Evacuation Pause) 14M->2M(256M) 0.721ms
[2025-03-05T02:31:27.819+0300][47.338s][info ][gc] GC(985) Pause Young (Normal) (G1 Evacuation Pause) 13M->3M(256M) 1.317ms
[2025-03-05T02:31:27.864+0300][47.383s][info ][gc] GC(986) Pause Young (Normal) (G1 Evacuation Pause) 14M->2M(256M) 0.514ms
[2025-03-05T02:31:27.914+0300][47.434s][info ][gc] GC(987) Pause Young (Normal) (G1 Evacuation Pause) 13M->3M(256M) 1.789ms
[2025-03-05T02:31:27.979+0300][47.498s][info ][gc] GC(988) Pause Young (Normal) (G1 Evacuation Pause) 14M->2M(256M) 0.797ms
[2025-03-05T02:31:28.047+0300][47.566s][info ][gc] GC(989) Pause Young (Normal) (G1 Evacuation Pause) 13M->3M(256M) 1.758ms
[2025-03-05T02:31:28.110+0300][47.629s][info ][gc] GC(990) Pause Young (Normal) (G1 Evacuation Pause) 13M->2M(256M) 0.763ms
[2025-03-05T02:31:28.166+0300][47.685s][info ][gc] GC(991) Pause Young (Normal) (G1 Evacuation Pause) 13M->3M(256M) 1.587ms
[2025-03-05T02:31:28.220+0300][47.739s][info ][gc] GC(992) Pause Young (Normal) (G1 Evacuation Pause) 13M->2M(256M) 0.617ms
[2025-03-05T02:31:28.270+0300][47.789s][info ][gc] GC(993) Pause Young (Normal) (G1 Evacuation Pause) 13M->3M(256M) 1.690ms
[2025-03-05T02:31:28.331+0300][47.850s][info ][gc] GC(994) Pause Young (Normal) (G1 Evacuation Pause) 13M->2M(256M) 0.729ms
[2025-03-05T02:31:28.393+0300][47.912s][info ][gc] GC(995) Pause Young (Normal) (G1 Evacuation Pause) 13M->3M(256M) 1.618ms
[2025-03-05T02:31:28.444+0300][47.963s][info ][gc] GC(996) Pause Young (Normal) (G1 Evacuation Pause) 13M->3M(256M) 1.201ms
[2025-03-05T02:31:28.492+0300][48.010s][info ][gc] GC(997) Pause Young (Normal) (G1 Evacuation Pause) 14M->3M(256M) 1.218ms
[2025-03-05T02:31:28.536+0300][48.055s][info ][gc] GC(998) Pause Young (Normal) (G1 Evacuation Pause) 13M->3M(256M) 1.196ms
[2025-03-05T02:31:28.587+0300][48.106s][info ][gc] GC(999) Pause Young (Normal) (G1 Evacuation Pause) 14M->3M(256M) 1.807ms
[2025-03-05T02:31:28.631+0300][48.150s][info ][gc] GC(1000) Pause Young (Normal) (G1 Evacuation Pause) 13M->2M(256M) 0.798ms
[2025-03-05T02:31:28.684+0300][48.203s][info ][gc] GC(1001) Pause Young (Normal) (G1 Evacuation Pause) 13M->3M(256M) 1.984ms
[2025-03-05T02:31:28.738+0300][48.257s][info ][gc] GC(1002) Pause Young (Normal) (G1 Evacuation Pause) 13M->3M(256M) 1.496ms
[2025-03-05T02:31:28.793+0300][48.312s][info ][gc] GC(1003) Pause Young (Normal) (G1 Evacuation Pause) 14M->3M(256M) 1.534ms
[2025-03-05T02:31:28.839+0300][48.357s][info ][gc] GC(1004) Pause Young (Normal) (G1 Evacuation Pause) 13M->3M(256M) 0.906ms
[2025-03-05T02:31:28.889+0300][48.408s][info ][gc] GC(1005) Pause Young (Normal) (G1 Evacuation Pause) 14M->3M(256M) 1.734ms
[2025-03-05T02:31:28.931+0300][48.451s][info ][gc] GC(1006) Pause Young (Normal) (G1 Evacuation Pause) 13M->3M(256M) 0.842ms
[2025-03-05T02:31:28.979+0300][48.498s][info ][gc] GC(1007) Pause Young (Normal) (G1 Evacuation Pause) 14M->3M(256M) 1.948ms
[2025-03-05T02:31:29.071+0300][48.590s][info ][gc] GC(1008) Pause Young (Normal) (G1 Evacuation Pause) 13M->3M(256M) 1.043ms
[2025-03-05T02:31:29.119+0300][48.639s][info ][gc] GC(1009) Pause Young (Normal) (G1 Evacuation Pause) 14M->3M(256M) 1.598ms
[2025-03-05T02:31:29.163+0300][48.682s][info ][gc] GC(1010) Pause Young (Normal) (G1 Evacuation Pause) 13M->3M(256M) 0.963ms
[2025-03-05T02:31:29.216+0300][48.735s][info ][gc] GC(1011) Pause Young (Normal) (G1 Evacuation Pause) 14M->4M(256M) 1.811ms
[2025-03-05T02:31:29.264+0300][48.783s][info ][gc] GC(1012) Pause Young (Normal) (G1 Evacuation Pause) 14M->3M(256M) 0.958ms
[2025-03-05T02:31:29.313+0300][48.832s][info ][gc] GC(1013) Pause Young (Normal) (G1 Evacuation Pause) 14M->4M(256M) 1.766ms
[2025-03-05T02:31:29.360+0300][48.880s][info ][gc] GC(1014) Pause Young (Normal) (G1 Evacuation Pause) 14M->3M(256M) 1.026ms
[2025-03-05T02:31:29.408+0300][48.927s][info ][gc] GC(1015) Pause Young (Normal) (G1 Evacuation Pause) 14M->4M(256M) 1.710ms
[2025-03-05T02:31:29.453+0300][48.972s][info ][gc] GC(1016) Pause Young (Normal) (G1 Evacuation Pause) 14M->3M(256M) 1.154ms
[2025-03-05T02:31:29.498+0300][49.018s][info ][gc] GC(1017) Pause Young (Normal) (G1 Evacuation Pause) 14M->4M(256M) 1.931ms
[2025-03-05T02:31:29.540+0300][49.060s][info ][gc] GC(1018) Pause Young (Normal) (G1 Evacuation Pause) 14M->3M(256M) 1.225ms
[2025-03-05T02:31:29.586+0300][49.105s][info ][gc] GC(1019) Pause Young (Normal) (G1 Evacuation Pause) 14M->4M(256M) 1.874ms
[2025-03-05T02:31:29.626+0300][49.146s][info ][gc] GC(1020) Pause Young (Normal) (G1 Evacuation Pause) 14M->3M(256M) 1.234ms
[2025-03-05T02:31:29.672+0300][49.191s][info ][gc] GC(1021) Pause Young (Normal) (G1 Evacuation Pause) 14M->4M(256M) 1.648ms
[2025-03-05T02:31:29.714+0300][49.233s][info ][gc] GC(1022) Pause Young (Normal) (G1 Evacuation Pause) 14M->3M(256M) 1.231ms
[2025-03-05T02:31:29.762+0300][49.281s][info ][gc] GC(1023) Pause Young (Normal) (G1 Evacuation Pause) 14M->4M(256M) 1.807ms
[2025-03-05T02:31:29.805+0300][49.324s][info ][gc] GC(1024) Pause Young (Normal) (G1 Evacuation Pause) 14M->3M(256M) 1.843ms
[2025-03-05T02:31:29.859+0300][49.379s][info ][gc] GC(1025) Pause Young (Normal) (G1 Evacuation Pause) 14M->4M(256M) 1.945ms
[2025-03-05T02:31:29.911+0300][49.430s][info ][gc] GC(1026) Pause Young (Normal) (G1 Evacuation Pause) 14M->3M(256M) 1.468ms
[2025-03-05T02:31:29.998+0300][49.517s][info ][gc] GC(1027) Pause Young (Normal) (G1 Evacuation Pause) 14M->4M(256M) 1.667ms
[2025-03-05T02:31:30.041+0300][49.560s][info ][gc] GC(1028) Pause Young (Normal) (G1 Evacuation Pause) 14M->3M(256M) 1.135ms
[2025-03-05T02:31:30.089+0300][49.609s][info ][gc] GC(1029) Pause Young (Normal) (G1 Evacuation Pause) 14M->4M(256M) 1.751ms
[2025-03-05T02:31:30.135+0300][49.655s][info ][gc] GC(1030) Pause Young (Normal) (G1 Evacuation Pause) 14M->3M(256M) 1.772ms
[2025-03-05T02:31:30.188+0300][49.707s][info ][gc] GC(1031) Pause Young (Normal) (G1 Evacuation Pause) 14M->4M(256M) 1.862ms
[2025-03-05T02:31:30.234+0300][49.753s][info ][gc] GC(1032) Pause Young (Normal) (G1 Evacuation Pause) 14M->3M(256M) 1.564ms
[2025-03-05T02:31:30.284+0300][49.803s][info ][gc] GC(1033) Pause Young (Normal) (G1 Evacuation Pause) 14M->2M(256M) 0.422ms
[2025-03-05T02:31:30.331+0300][49.850s][info ][gc] GC(1034) Pause Young (Normal) (G1 Evacuation Pause) 13M->3M(256M) 1.473ms
[2025-03-05T02:31:30.376+0300][49.896s][info ][gc] GC(1035) Pause Young (Normal) (G1 Evacuation Pause) 14M->2M(256M) 0.960ms
[2025-03-05T02:31:30.422+0300][49.942s][info ][gc] GC(1036) Pause Young (Normal) (G1 Evacuation Pause) 13M->3M(256M) 1.477ms
[2025-03-05T02:31:30.469+0300][49.989s][info ][gc] GC(1037) Pause Young (Normal) (G1 Evacuation Pause) 14M->2M(256M) 0.772ms
[2025-03-05T02:31:30.516+0300][50.035s][info ][gc] GC(1038) Pause Young (Normal) (G1 Evacuation Pause) 13M->3M(256M) 1.533ms
[2025-03-05T02:31:30.558+0300][50.077s][info ][gc] GC(1039) Pause Young (Normal) (G1 Evacuation Pause) 13M->2M(256M) 0.857ms
[2025-03-05T02:31:30.605+0300][50.124s][info ][gc] GC(1040) Pause Young (Normal) (G1 Evacuation Pause) 13M->3M(256M) 1.464ms
[2025-03-05T02:31:30.647+0300][50.166s][info ][gc] GC(1041) Pause Young (Normal) (G1 Evacuation Pause) 13M->2M(256M) 0.873ms
[2025-03-05T02:31:30.694+0300][50.213s][info ][gc] GC(1042) Pause Young (Normal) (G1 Evacuation Pause) 13M->3M(256M) 1.820ms
[2025-03-05T02:31:30.736+0300][50.255s][info ][gc] GC(1043) Pause Young (Normal) (G1 Evacuation Pause) 13M->2M(256M) 0.919ms
[2025-03-05T02:31:30.784+0300][50.304s][info ][gc] GC(1044) Pause Young (Normal) (G1 Evacuation Pause) 13M->3M(256M) 1.701ms
[2025-03-05T02:31:30.826+0300][50.346s][info ][gc] GC(1045) Pause Young (Normal) (G1 Evacuation Pause) 13M->2M(256M) 0.927ms
[2025-03-05T02:31:30.876+0300][50.396s][info ][gc] GC(1046) Pause Young (Normal) (G1 Evacuation Pause) 13M->3M(256M) 1.789ms
[2025-03-05T02:31:30.925+0300][50.444s][info ][gc] GC(1047) Pause Young (Normal) (G1 Evacuation Pause) 13M->3M(256M) 1.229ms
[2025-03-05T02:31:30.975+0300][50.494s][info ][gc] GC(1048) Pause Young (Normal) (G1 Evacuation Pause) 14M->3M(256M) 1.728ms
[2025-03-05T02:31:31.020+0300][50.539s][info ][gc] GC(1049) Pause Young (Normal) (G1 Evacuation Pause) 13M->2M(256M) 1.084ms
[2025-03-05T02:31:31.066+0300][50.585s][info ][gc] GC(1050) Pause Young (Normal) (G1 Evacuation Pause) 13M->3M(256M) 1.968ms
[2025-03-05T02:31:31.109+0300][50.627s][info ][gc] GC(1051) Pause Young (Normal) (G1 Evacuation Pause) 13M->2M(256M) 0.903ms
[2025-03-05T02:31:31.155+0300][50.674s][info ][gc] GC(1052) Pause Young (Normal) (G1 Evacuation Pause) 13M->3M(256M) 2.009ms
[2025-03-05T02:31:31.200+0300][50.720s][info ][gc] GC(1053) Pause Young (Normal) (G1 Evacuation Pause) 14M->3M(256M) 1.299ms
[2025-03-05T02:31:31.248+0300][50.766s][info ][gc] GC(1054) Pause Young (Normal) (G1 Evacuation Pause) 14M->3M(256M) 1.867ms
[2025-03-05T02:31:31.289+0300][50.808s][info ][gc] GC(1055) Pause Young (Normal) (G1 Evacuation Pause) 13M->3M(256M) 1.015ms
[2025-03-05T02:31:31.336+0300][50.855s][info ][gc] GC(1056) Pause Young (Normal) (G1 Evacuation Pause) 14M->4M(256M) 1.992ms
[2025-03-05T02:31:31.378+0300][50.897s][info ][gc] GC(1057) Pause Young (Normal) (G1 Evacuation Pause) 14M->3M(256M) 1.426ms
[2025-03-05T02:31:31.424+0300][50.944s][info ][gc] GC(1058) Pause Young (Normal) (G1 Evacuation Pause) 14M->4M(256M) 1.881ms
[2025-03-05T02:31:31.466+0300][50.986s][info ][gc] GC(1059) Pause Young (Normal) (G1 Evacuation Pause) 14M->3M(256M) 1.239ms
[2025-03-05T02:31:31.513+0300][51.032s][info ][gc] GC(1060) Pause Young (Normal) (G1 Evacuation Pause) 14M->4M(256M) 1.678ms
[2025-03-05T02:31:31.555+0300][51.074s][info ][gc] GC(1061) Pause Young (Normal) (G1 Evacuation Pause) 14M->3M(256M) 1.293ms
[2025-03-05T02:31:31.602+0300][51.121s][info ][gc] GC(1062) Pause Young (Normal) (G1 Evacuation Pause) 14M->4M(256M) 2.101ms
[2025-03-05T02:31:31.644+0300][51.164s][info ][gc] GC(1063) Pause Young (Normal) (G1 Evacuation Pause) 14M->3M(256M) 1.427ms
[2025-03-05T02:31:31.690+0300][51.210s][info ][gc] GC(1064) Pause Young (Normal) (G1 Evacuation Pause) 14M->4M(256M) 1.705ms
[2025-03-05T02:31:31.733+0300][51.252s][info ][gc] GC(1065) Pause Young (Normal) (G1 Evacuation Pause) 14M->3M(256M) 1.350ms
[2025-03-05T02:31:31.780+0300][51.299s][info ][gc] GC(1066) Pause Young (Normal) (G1 Evacuation Pause) 14M->4M(256M) 1.861ms
[2025-03-05T02:31:31.822+0300][51.341s][info ][gc] GC(1067) Pause Young (Normal) (G1 Evacuation Pause) 14M->3M(256M) 1.141ms
[2025-03-05T02:31:31.867+0300][51.387s][info ][gc] GC(1068) Pause Young (Normal) (G1 Evacuation Pause) 14M->4M(256M) 1.936ms
[2025-03-05T02:31:31.910+0300][51.429s][info ][gc] GC(1069) Pause Young (Normal) (G1 Evacuation Pause) 14M->3M(256M) 1.516ms
[2025-03-05T02:31:31.962+0300][51.481s][info ][gc] GC(1070) Pause Young (Normal) (G1 Evacuation Pause) 14M->4M(256M) 2.024ms
[2025-03-05T02:31:32.005+0300][51.524s][info ][gc] GC(1071) Pause Young (Normal) (G1 Evacuation Pause) 14M->3M(256M) 1.418ms
[2025-03-05T02:31:32.053+0300][51.572s][info ][gc] GC(1072) Pause Young (Normal) (G1 Evacuation Pause) 14M->4M(256M) 1.915ms
[2025-03-05T02:31:32.094+0300][51.613s][info ][gc] GC(1073) Pause Young (Normal) (G1 Evacuation Pause) 14M->3M(256M) 1.322ms
[2025-03-05T02:31:32.141+0300][51.661s][info ][gc] GC(1074) Pause Young (Normal) (G1 Evacuation Pause) 14M->4M(256M) 1.833ms
[2025-03-05T02:31:32.187+0300][51.707s][info ][gc] GC(1075) Pause Young (Normal) (G1 Evacuation Pause) 14M->3M(256M) 1.531ms
[2025-03-05T02:31:32.239+0300][51.758s][info ][gc] GC(1076) Pause Young (Normal) (G1 Evacuation Pause) 14M->2M(256M) 0.650ms
[2025-03-05T02:31:32.286+0300][51.806s][info ][gc] GC(1077) Pause Young (Normal) (G1 Evacuation Pause) 13M->3M(256M) 1.560ms
[2025-03-05T02:31:32.333+0300][51.853s][info ][gc] GC(1078) Pause Young (Normal) (G1 Evacuation Pause) 14M->2M(256M) 0.883ms
[2025-03-05T02:31:32.382+0300][51.901s][info ][gc] GC(1079) Pause Young (Normal) (G1 Evacuation Pause) 13M->3M(256M) 1.609ms
[2025-03-05T02:31:32.430+0300][51.950s][info ][gc] GC(1080) Pause Young (Normal) (G1 Evacuation Pause) 14M->2M(256M) 0.783ms
[2025-03-05T02:31:32.480+0300][51.999s][info ][gc] GC(1081) Pause Young (Normal) (G1 Evacuation Pause) 13M->3M(256M) 1.640ms
[2025-03-05T02:31:32.523+0300][52.042s][info ][gc] GC(1082) Pause Young (Normal) (G1 Evacuation Pause) 13M->2M(256M) 1.005ms
[2025-03-05T02:31:32.572+0300][52.091s][info ][gc] GC(1083) Pause Young (Normal) (G1 Evacuation Pause) 13M->3M(256M) 1.667ms
[2025-03-05T02:31:32.616+0300][52.136s][info ][gc] GC(1084) Pause Young (Normal) (G1 Evacuation Pause) 13M->2M(256M) 1.010ms
[2025-03-05T02:31:32.665+0300][52.185s][info ][gc] GC(1085) Pause Young (Normal) (G1 Evacuation Pause) 13M->3M(256M) 1.617ms
[2025-03-05T02:31:32.711+0300][52.230s][info ][gc] GC(1086) Pause Young (Normal) (G1 Evacuation Pause) 13M->2M(256M) 1.184ms
[2025-03-05T02:31:32.760+0300][52.280s][info ][gc] GC(1087) Pause Young (Normal) (G1 Evacuation Pause) 13M->3M(256M) 1.860ms
[2025-03-05T02:31:32.804+0300][52.323s][info ][gc] GC(1088) Pause Young (Normal) (G1 Evacuation Pause) 13M->3M(256M) 1.110ms
[2025-03-05T02:31:32.853+0300][52.372s][info ][gc] GC(1089) Pause Young (Normal) (G1 Evacuation Pause) 14M->3M(256M) 1.854ms
[2025-03-05T02:31:32.898+0300][52.417s][info ][gc] GC(1090) Pause Young (Normal) (G1 Evacuation Pause) 13M->2M(256M) 1.033ms
[2025-03-05T02:31:32.948+0300][52.466s][info ][gc] GC(1091) Pause Young (Normal) (G1 Evacuation Pause) 13M->3M(256M) 1.777ms
[2025-03-05T02:31:32.990+0300][52.509s][info ][gc] GC(1092) Pause Young (Normal) (G1 Evacuation Pause) 13M->3M(256M) 0.862ms
[2025-03-05T02:31:33.038+0300][52.557s][info ][gc] GC(1093) Pause Young (Normal) (G1 Evacuation Pause) 14M->3M(256M) 1.599ms
[2025-03-05T02:31:33.080+0300][52.600s][info ][gc] GC(1094) Pause Young (Normal) (G1 Evacuation Pause) 13M->2M(256M) 1.080ms
[2025-03-05T02:31:33.129+0300][52.648s][info ][gc] GC(1095) Pause Young (Normal) (G1 Evacuation Pause) 13M->3M(256M) 1.667ms
[2025-03-05T02:31:33.170+0300][52.690s][info ][gc] GC(1096) Pause Young (Normal) (G1 Evacuation Pause) 13M->3M(256M) 0.888ms
[2025-03-05T02:31:33.220+0300][52.739s][info ][gc] GC(1097) Pause Young (Normal) (G1 Evacuation Pause) 14M->3M(256M) 1.635ms
[2025-03-05T02:31:33.262+0300][52.781s][info ][gc] GC(1098) Pause Young (Normal) (G1 Evacuation Pause) 13M->3M(256M) 0.933ms
[2025-03-05T02:31:33.308+0300][52.826s][info ][gc] GC(1099) Pause Young (Normal) (G1 Evacuation Pause) 14M->3M(256M) 1.543ms
[2025-03-05T02:31:33.350+0300][52.869s][info ][gc] GC(1100) Pause Young (Normal) (G1 Evacuation Pause) 13M->3M(256M) 1.198ms
[2025-03-05T02:31:33.397+0300][52.916s][info ][gc] GC(1101) Pause Young (Normal) (G1 Evacuation Pause) 14M->3M(256M) 1.757ms
[2025-03-05T02:31:33.440+0300][52.959s][info ][gc] GC(1102) Pause Young (Normal) (G1 Evacuation Pause) 13M->3M(256M) 1.170ms
[2025-03-05T02:31:33.487+0300][53.006s][info ][gc] GC(1103) Pause Young (Normal) (G1 Evacuation Pause) 14M->3M(256M) 1.700ms
[2025-03-05T02:31:33.528+0300][53.047s][info ][gc] GC(1104) Pause Young (Normal) (G1 Evacuation Pause) 13M->3M(256M) 1.128ms
[2025-03-05T02:31:33.574+0300][53.093s][info ][gc] GC(1105) Pause Young (Normal) (G1 Evacuation Pause) 14M->4M(256M) 1.609ms
[2025-03-05T02:31:33.618+0300][53.137s][info ][gc] GC(1106) Pause Young (Normal) (G1 Evacuation Pause) 14M->3M(256M) 1.281ms
[2025-03-05T02:31:33.664+0300][53.184s][info ][gc] GC(1107) Pause Young (Normal) (G1 Evacuation Pause) 14M->4M(256M) 1.904ms
[2025-03-05T02:31:33.706+0300][53.226s][info ][gc] GC(1108) Pause Young (Normal) (G1 Evacuation Pause) 14M->3M(256M) 1.315ms
[2025-03-05T02:31:33.752+0300][53.272s][info ][gc] GC(1109) Pause Young (Normal) (G1 Evacuation Pause) 14M->4M(256M) 1.923ms
[2025-03-05T02:31:33.796+0300][53.315s][info ][gc] GC(1110) Pause Young (Normal) (G1 Evacuation Pause) 14M->3M(256M) 1.340ms
[2025-03-05T02:31:33.843+0300][53.363s][info ][gc] GC(1111) Pause Young (Normal) (G1 Evacuation Pause) 14M->4M(256M) 2.031ms
[2025-03-05T02:31:33.886+0300][53.405s][info ][gc] GC(1112) Pause Young (Normal) (G1 Evacuation Pause) 14M->3M(256M) 1.249ms
[2025-03-05T02:31:33.933+0300][53.452s][info ][gc] GC(1113) Pause Young (Normal) (G1 Evacuation Pause) 14M->4M(256M) 1.906ms
[2025-03-05T02:31:33.976+0300][53.495s][info ][gc] GC(1114) Pause Young (Normal) (G1 Evacuation Pause) 14M->3M(256M) 1.336ms
[2025-03-05T02:31:34.022+0300][53.542s][info ][gc] GC(1115) Pause Young (Normal) (G1 Evacuation Pause) 14M->4M(256M) 2.039ms
[2025-03-05T02:31:34.065+0300][53.584s][info ][gc] GC(1116) Pause Young (Normal) (G1 Evacuation Pause) 14M->3M(256M) 1.104ms
[2025-03-05T02:31:34.111+0300][53.631s][info ][gc] GC(1117) Pause Young (Normal) (G1 Evacuation Pause) 14M->4M(256M) 1.937ms
[2025-03-05T02:31:34.155+0300][53.674s][info ][gc] GC(1118) Pause Young (Normal) (G1 Evacuation Pause) 14M->3M(256M) 1.506ms
[2025-03-05T02:31:34.200+0300][53.719s][info ][gc] GC(1119) Pause Young (Normal) (G1 Evacuation Pause) 14M->4M(256M) 1.904ms
[2025-03-05T02:31:34.244+0300][53.763s][info ][gc] GC(1120) Pause Young (Normal) (G1 Evacuation Pause) 14M->3M(256M) 1.371ms
[2025-03-05T02:31:34.291+0300][53.810s][info ][gc] GC(1121) Pause Young (Normal) (G1 Evacuation Pause) 14M->4M(256M) 1.691ms
[2025-03-05T02:31:34.333+0300][53.852s][info ][gc] GC(1122) Pause Young (Normal) (G1 Evacuation Pause) 14M->3M(256M) 1.433ms
[2025-03-05T02:31:34.380+0300][53.899s][info ][gc] GC(1123) Pause Young (Normal) (G1 Evacuation Pause) 14M->4M(256M) 1.706ms
[2025-03-05T02:31:34.421+0300][53.940s][info ][gc] GC(1124) Pause Young (Normal) (G1 Evacuation Pause) 14M->3M(256M) 1.424ms
[2025-03-05T02:31:34.485+0300][54.005s][info ][gc] GC(1125) Pause Young (Normal) (G1 Evacuation Pause) 14M->2M(256M) 0.716ms
[2025-03-05T02:31:34.552+0300][54.071s][info ][gc] GC(1126) Pause Young (Normal) (G1 Evacuation Pause) 13M->3M(256M) 1.621ms
[2025-03-05T02:31:34.600+0300][54.120s][info ][gc] GC(1127) Pause Young (Normal) (G1 Evacuation Pause) 14M->2M(256M) 0.502ms
[2025-03-05T02:31:34.648+0300][54.168s][info ][gc] GC(1128) Pause Young (Normal) (G1 Evacuation Pause) 13M->3M(256M) 1.245ms
[2025-03-05T02:31:34.693+0300][54.212s][info ][gc] GC(1129) Pause Young (Normal) (G1 Evacuation Pause) 14M->2M(256M) 0.777ms
[2025-03-05T02:31:34.745+0300][54.264s][info ][gc] GC(1130) Pause Young (Normal) (G1 Evacuation Pause) 13M->3M(256M) 1.988ms
[2025-03-05T02:31:34.791+0300][54.310s][info ][gc] GC(1131) Pause Young (Normal) (G1 Evacuation Pause) 13M->2M(256M) 1.075ms
[2025-03-05T02:31:34.848+0300][54.367s][info ][gc] GC(1132) Pause Young (Normal) (G1 Evacuation Pause) 13M->3M(256M) 11.334ms
[2025-03-05T02:31:34.900+0300][54.418s][info ][gc] GC(1133) Pause Young (Normal) (G1 Evacuation Pause) 13M->2M(256M) 0.888ms
[2025-03-05T02:31:34.999+0300][54.518s][info ][gc] GC(1134) Pause Young (Normal) (G1 Evacuation Pause) 21M->2M(256M) 0.616ms
[2025-03-05T02:31:35.120+0300][54.640s][info ][gc] GC(1135) Pause Young (Normal) (G1 Evacuation Pause) 18M->3M(256M) 1.716ms
[2025-03-05T02:31:35.201+0300][54.720s][info ][gc] GC(1136) Pause Young (Normal) (G1 Evacuation Pause) 13M->3M(256M) 1.337ms
[2025-03-05T02:31:35.367+0300][54.886s][info ][gc] GC(1137) Pause Young (Normal) (G1 Evacuation Pause) 20M->2M(256M) 0.716ms
[2025-03-05T02:31:35.441+0300][54.961s][info ][gc] GC(1138) Pause Young (Normal) (G1 Evacuation Pause) 18M->4M(256M) 1.692ms
[2025-03-05T02:31:35.496+0300][55.016s][info ][gc] GC(1139) Pause Young (Normal) (G1 Evacuation Pause) 14M->3M(256M) 1.304ms
[2025-03-05T02:31:35.553+0300][55.072s][info ][gc] GC(1140) Pause Young (Normal) (G1 Evacuation Pause) 14M->4M(256M) 1.759ms
[2025-03-05T02:31:35.603+0300][55.122s][info ][gc] GC(1141) Pause Young (Normal) (G1 Evacuation Pause) 14M->3M(256M) 1.876ms
[2025-03-05T02:31:35.670+0300][55.189s][info ][gc] GC(1142) Pause Young (Normal) (G1 Evacuation Pause) 14M->4M(256M) 2.183ms
[2025-03-05T02:31:35.716+0300][55.235s][info ][gc] GC(1143) Pause Young (Normal) (G1 Evacuation Pause) 14M->3M(256M) 1.082ms
[2025-03-05T02:31:35.782+0300][55.301s][info ][gc] GC(1144) Pause Young (Normal) (G1 Evacuation Pause) 18M->2M(256M) 0.684ms
[2025-03-05T02:31:35.849+0300][55.369s][info ][gc] GC(1145) Pause Young (Normal) (G1 Evacuation Pause) 16M->4M(256M) 1.990ms
[2025-03-05T02:31:35.894+0300][55.414s][info ][gc] GC(1146) Pause Young (Normal) (G1 Evacuation Pause) 14M->3M(256M) 1.394ms
[2025-03-05T02:31:35.956+0300][55.475s][info ][gc] GC(1147) Pause Young (Normal) (G1 Evacuation Pause) 16M->4M(256M) 2.282ms
[2025-03-05T02:31:36.001+0300][55.520s][info ][gc] GC(1148) Pause Young (Normal) (G1 Evacuation Pause) 14M->3M(256M) 1.103ms
[2025-03-05T02:31:36.060+0300][55.579s][info ][gc] GC(1149) Pause Young (Normal) (G1 Evacuation Pause) 16M->2M(256M) 0.568ms
[2025-03-05T02:31:36.139+0300][55.658s][info ][gc] GC(1150) Pause Young (Normal) (G1 Evacuation Pause) 19M->4M(256M) 1.801ms
[2025-03-05T02:31:36.180+0300][55.700s][info ][gc] GC(1151) Pause Young (Normal) (G1 Evacuation Pause) 14M->3M(256M) 1.038ms
[2025-03-05T02:31:36.228+0300][55.748s][info ][gc] GC(1152) Pause Young (Normal) (G1 Evacuation Pause) 14M->4M(256M) 1.418ms
[2025-03-05T02:31:36.272+0300][55.791s][info ][gc] GC(1153) Pause Young (Normal) (G1 Evacuation Pause) 14M->3M(256M) 1.156ms
[2025-03-05T02:31:36.326+0300][55.845s][info ][gc] GC(1154) Pause Young (Normal) (G1 Evacuation Pause) 15M->4M(256M) 1.878ms
[2025-03-05T02:31:36.370+0300][55.889s][info ][gc] GC(1155) Pause Young (Normal) (G1 Evacuation Pause) 14M->3M(256M) 0.998ms
[2025-03-05T02:31:36.418+0300][55.937s][info ][gc] GC(1156) Pause Young (Normal) (G1 Evacuation Pause) 14M->4M(256M) 1.651ms
[2025-03-05T02:31:36.460+0300][55.979s][info ][gc] GC(1157) Pause Young (Normal) (G1 Evacuation Pause) 14M->3M(256M) 1.196ms
[2025-03-05T02:31:36.516+0300][56.035s][info ][gc] GC(1158) Pause Young (Normal) (G1 Evacuation Pause) 16M->2M(256M) 0.952ms
[2025-03-05T02:31:36.593+0300][56.112s][info ][gc] GC(1159) Pause Young (Normal) (G1 Evacuation Pause) 21M->2M(256M) 0.725ms
[2025-03-05T02:31:36.729+0300][56.249s][info ][gc] GC(1160) Pause Young (Normal) (G1 Evacuation Pause) 34M->3M(256M) 1.920ms
[2025-03-05T02:31:36.777+0300][56.296s][info ][gc] GC(1161) Pause Young (Normal) (G1 Evacuation Pause) 14M->2M(256M) 0.856ms
[2025-03-05T02:31:36.886+0300][56.405s][info ][gc] GC(1162) Pause Young (Normal) (G1 Evacuation Pause) 29M->3M(256M) 1.217ms
[2025-03-05T02:31:36.994+0300][56.513s][info ][gc] GC(1163) Pause Young (Normal) (G1 Evacuation Pause) 29M->3M(256M) 1.778ms
[2025-03-05T02:31:37.035+0300][56.554s][info ][gc] GC(1164) Pause Young (Normal) (G1 Evacuation Pause) 13M->2M(256M) 1.041ms
[2025-03-05T02:31:37.149+0300][56.667s][info ][gc] GC(1165) Pause Young (Normal) (G1 Evacuation Pause) 30M->3M(256M) 1.582ms
[2025-03-05T02:31:37.256+0300][56.775s][info ][gc] GC(1166) Pause Young (Normal) (G1 Evacuation Pause) 29M->3M(256M) 1.915ms
[2025-03-05T02:31:37.301+0300][56.819s][info ][gc] GC(1167) Pause Young (Normal) (G1 Evacuation Pause) 14M->3M(256M) 1.256ms
[2025-03-05T02:31:37.411+0300][56.930s][info ][gc] GC(1168) Pause Young (Normal) (G1 Evacuation Pause) 29M->3M(256M) 1.775ms
[2025-03-05T02:31:37.454+0300][56.974s][info ][gc] GC(1169) Pause Young (Normal) (G1 Evacuation Pause) 14M->2M(256M) 0.806ms
[2025-03-05T02:31:37.673+0300][57.193s][info ][gc] GC(1170) Pause Young (Normal) (G1 Evacuation Pause) 40M->4M(256M) 2.348ms
[2025-03-05T02:31:37.716+0300][57.235s][info ][gc] GC(1171) Pause Young (Normal) (G1 Evacuation Pause) 14M->3M(256M) 0.938ms
[2025-03-05T02:31:37.762+0300][57.281s][info ][gc] GC(1172) Pause Young (Normal) (G1 Evacuation Pause) 14M->4M(256M) 1.915ms
[2025-03-05T02:31:37.803+0300][57.323s][info ][gc] GC(1173) Pause Young (Normal) (G1 Evacuation Pause) 14M->3M(256M) 1.683ms
[2025-03-05T02:31:37.877+0300][57.396s][info ][gc] GC(1174) Pause Young (Normal) (G1 Evacuation Pause) 21M->3M(256M) 1.282ms
[2025-03-05T02:31:37.969+0300][57.489s][info ][gc] GC(1175) Pause Young (Normal) (G1 Evacuation Pause) 25M->3M(256M) 1.153ms
[2025-03-05T02:31:38.047+0300][57.566s][info ][gc] GC(1176) Pause Young (Normal) (G1 Evacuation Pause) 22M->3M(256M) 1.257ms
[2025-03-05T02:31:38.156+0300][57.675s][info ][gc] GC(1177) Pause Young (Normal) (G1 Evacuation Pause) 30M->3M(256M) 1.372ms
[2025-03-05T02:31:38.203+0300][57.724s][info ][gc] GC(1178) Pause Young (Normal) (G1 Evacuation Pause) 14M->2M(256M) 0.899ms
[2025-03-05T02:31:38.308+0300][57.827s][info ][gc] GC(1179) Pause Young (Normal) (G1 Evacuation Pause) 27M->3M(256M) 1.109ms
[2025-03-05T02:31:38.404+0300][57.924s][info ][gc] GC(1180) Pause Young (Normal) (G1 Evacuation Pause) 27M->3M(256M) 1.387ms
[2025-03-05T02:31:38.510+0300][58.030s][info ][gc] GC(1181) Pause Young (Normal) (G1 Evacuation Pause) 29M->3M(256M) 2.235ms
[2025-03-05T02:31:38.551+0300][58.070s][info ][gc] GC(1182) Pause Young (Normal) (G1 Evacuation Pause) 13M->3M(256M) 0.918ms
[2025-03-05T02:31:38.671+0300][58.190s][info ][gc] GC(1183) Pause Young (Normal) (G1 Evacuation Pause) 33M->3M(256M) 1.765ms
[2025-03-05T02:31:38.712+0300][58.232s][info ][gc] GC(1184) Pause Young (Normal) (G1 Evacuation Pause) 13M->2M(256M) 1.069ms
[2025-03-05T02:31:38.823+0300][58.343s][info ][gc] GC(1185) Pause Young (Normal) (G1 Evacuation Pause) 29M->3M(256M) 1.519ms
[2025-03-05T02:31:39.135+0300][58.654s][info ][gc] GC(1186) Pause Young (Normal) (G1 Evacuation Pause) 79M->2M(256M) 0.990ms
[2025-03-05T02:31:39.239+0300][58.758s][info ][gc] GC(1187) Pause Young (Normal) (G1 Evacuation Pause) 28M->3M(256M) 1.206ms
[2025-03-05T02:31:39.348+0300][58.868s][info ][gc] GC(1188) Pause Young (Normal) (G1 Evacuation Pause) 30M->3M(256M) 1.971ms
[2025-03-05T02:31:39.965+0300][59.484s][info ][gc] GC(1189) Pause Young (Normal) (G1 Evacuation Pause) 154M->2M(256M) 0.925ms
[2025-03-05T02:31:40.077+0300][59.597s][info ][gc] GC(1190) Pause Young (Normal) (G1 Evacuation Pause) 30M->3M(256M) 1.347ms
[2025-03-05T02:31:40.187+0300][59.706s][info ][gc] GC(1191) Pause Young (Normal) (G1 Evacuation Pause) 30M->3M(256M) 2.053ms
[2025-03-05T02:31:40.228+0300][59.747s][info ][gc] GC(1192) Pause Young (Normal) (G1 Evacuation Pause) 13M->2M(256M) 0.843ms
[2025-03-05T02:31:40.341+0300][59.860s][info ][gc] GC(1193) Pause Young (Normal) (G1 Evacuation Pause) 30M->3M(256M) 1.375ms
[2025-03-05T02:31:40.451+0300][59.971s][info ][gc] GC(1194) Pause Young (Normal) (G1 Evacuation Pause) 30M->4M(256M) 2.154ms
[2025-03-05T02:31:40.493+0300][60.012s][info ][gc] GC(1195) Pause Young (Normal) (G1 Evacuation Pause) 14M->3M(256M) 1.382ms
[2025-03-05T02:31:40.600+0300][60.120s][info ][gc] GC(1196) Pause Young (Normal) (G1 Evacuation Pause) 30M->3M(256M) 1.828ms
[2025-03-05T02:31:40.643+0300][60.161s][info ][gc] GC(1197) Pause Young (Normal) (G1 Evacuation Pause) 13M->2M(256M) 0.925ms
[2025-03-05T02:31:40.756+0300][60.276s][info ][gc] GC(1198) Pause Young (Normal) (G1 Evacuation Pause) 30M->3M(256M) 1.321ms
[2025-03-05T02:31:40.865+0300][60.384s][info ][gc] GC(1199) Pause Young (Normal) (G1 Evacuation Pause) 30M->4M(256M) 1.792ms
[2025-03-05T02:31:40.905+0300][60.425s][info ][gc] GC(1200) Pause Young (Normal) (G1 Evacuation Pause) 14M->3M(256M) 1.193ms
[2025-03-05T02:31:41.019+0300][60.538s][info ][gc] GC(1201) Pause Young (Normal) (G1 Evacuation Pause) 31M->3M(256M) 1.800ms
[2025-03-05T02:31:41.062+0300][60.581s][info ][gc] GC(1202) Pause Young (Normal) (G1 Evacuation Pause) 13M->2M(256M) 0.972ms
[2025-03-05T02:31:41.174+0300][60.694s][info ][gc] GC(1203) Pause Young (Normal) (G1 Evacuation Pause) 30M->3M(256M) 1.356ms
[2025-03-05T02:31:41.284+0300][60.803s][info ][gc] GC(1204) Pause Young (Normal) (G1 Evacuation Pause) 30M->3M(256M) 1.832ms
[2025-03-05T02:31:41.326+0300][60.845s][info ][gc] GC(1205) Pause Young (Normal) (G1 Evacuation Pause) 13M->3M(256M) 1.185ms
[2025-03-05T02:31:41.438+0300][60.957s][info ][gc] GC(1206) Pause Young (Normal) (G1 Evacuation Pause) 31M->3M(256M) 1.448ms
[2025-03-05T02:31:41.478+0300][60.997s][info ][gc] GC(1207) Pause Young (Normal) (G1 Evacuation Pause) 13M->2M(256M) 0.998ms
[2025-03-05T02:31:41.590+0300][61.110s][info ][gc] GC(1208) Pause Young (Normal) (G1 Evacuation Pause) 30M->3M(256M) 1.413ms
[2025-03-05T02:31:41.703+0300][61.223s][info ][gc] GC(1209) Pause Young (Normal) (G1 Evacuation Pause) 31M->3M(256M) 2.376ms
[2025-03-05T02:31:41.746+0300][61.265s][info ][gc] GC(1210) Pause Young (Normal) (G1 Evacuation Pause) 13M->3M(256M) 1.250ms
[2025-03-05T02:31:41.859+0300][61.378s][info ][gc] GC(1211) Pause Young (Normal) (G1 Evacuation Pause) 31M->3M(256M) 1.750ms
[2025-03-05T02:31:41.900+0300][61.419s][info ][gc] GC(1212) Pause Young (Normal) (G1 Evacuation Pause) 13M->2M(256M) 0.719ms
[2025-03-05T02:31:42.011+0300][61.531s][info ][gc] GC(1213) Pause Young (Normal) (G1 Evacuation Pause) 30M->3M(256M) 1.521ms
[2025-03-05T02:31:42.118+0300][61.638s][info ][gc] GC(1214) Pause Young (Normal) (G1 Evacuation Pause) 29M->3M(256M) 1.816ms
[2025-03-05T02:31:42.160+0300][61.679s][info ][gc] GC(1215) Pause Young (Normal) (G1 Evacuation Pause) 13M->3M(256M) 0.920ms
[2025-03-05T02:31:42.274+0300][61.793s][info ][gc] GC(1216) Pause Young (Normal) (G1 Evacuation Pause) 31M->3M(256M) 1.652ms
[2025-03-05T02:31:42.313+0300][61.833s][info ][gc] GC(1217) Pause Young (Normal) (G1 Evacuation Pause) 13M->2M(256M) 0.633ms
[2025-03-05T02:31:42.427+0300][61.947s][info ][gc] GC(1218) Pause Young (Normal) (G1 Evacuation Pause) 30M->3M(256M) 1.360ms
[2025-03-05T02:31:42.536+0300][62.055s][info ][gc] GC(1219) Pause Young (Normal) (G1 Evacuation Pause) 30M->3M(256M) 2.140ms
[2025-03-05T02:31:42.589+0300][62.107s][info ][gc] GC(1220) Pause Young (Normal) (G1 Evacuation Pause) 16M->3M(256M) 1.200ms
[2025-03-05T02:31:42.701+0300][62.220s][info ][gc] GC(1221) Pause Young (Normal) (G1 Evacuation Pause) 30M->3M(256M) 1.864ms
[2025-03-05T02:31:42.744+0300][62.262s][info ][gc] GC(1222) Pause Young (Normal) (G1 Evacuation Pause) 13M->2M(256M) 0.995ms
[2025-03-05T02:31:42.844+0300][62.363s][info ][gc] GC(1223) Pause Young (Normal) (G1 Evacuation Pause) 27M->3M(256M) 1.562ms
[2025-03-05T02:31:42.956+0300][62.475s][info ][gc] GC(1224) Pause Young (Normal) (G1 Evacuation Pause) 30M->3M(256M) 1.817ms
[2025-03-05T02:31:42.999+0300][62.518s][info ][gc] GC(1225) Pause Young (Normal) (G1 Evacuation Pause) 13M->2M(256M) 1.058ms
[2025-03-05T02:31:43.114+0300][62.633s][info ][gc] GC(1226) Pause Young (Normal) (G1 Evacuation Pause) 30M->3M(256M) 1.489ms
