[2025-03-05T13:50:18.815+0300][0.011s][info][gc] Using G1
[2025-03-05T13:50:18.815+0300][0.011s][debug][gc] ConcGCThreads: 2 offset 16
[2025-03-05T13:50:18.815+0300][0.011s][debug][gc] ParallelGCThreads: 8
[2025-03-05T13:50:18.815+0300][0.011s][debug][gc] Initialize mark stack with 4096 chunks, maximum 524288
[2025-03-05T13:50:19.445+0300][0.640s][info ][gc] GC(0) Pause Young (Normal) (G1 Evacuation Pause) 64M->3M(1280M) 3.452ms
[2025-03-05T13:50:19.708+0300][0.904s][info ][gc] GC(1) Pause Young (Normal) (G1 Evacuation Pause) 75M->4M(1280M) 3.423ms
[2025-03-05T13:50:21.773+0300][2.969s][info ][gc] GC(2) Pause Young (Normal) (G1 Evacuation Pause) 767M->4M(1280M) 4.166ms
[2025-03-05T13:50:23.649+0300][4.844s][info ][gc] GC(3) Pause Young (Normal) (G1 Evacuation Pause) 767M->5M(1280M) 4.045ms
[2025-03-05T13:50:25.515+0300][6.711s][info ][gc] GC(4) Pause Young (Normal) (G1 Evacuation Pause) 767M->2M(1280M) 2.123ms
[2025-03-05T13:50:27.384+0300][8.580s][info ][gc] GC(5) Pause Young (Normal) (G1 Evacuation Pause) 767M->3M(1280M) 2.657ms
[2025-03-05T13:50:29.252+0300][10.448s][info ][gc] GC(6) Pause Young (Normal) (G1 Evacuation Pause) 767M->4M(1280M) 3.162ms
[2025-03-05T13:50:31.112+0300][12.307s][info ][gc] GC(7) Pause Young (Normal) (G1 Evacuation Pause) 767M->4M(1280M) 3.839ms
[2025-03-05T13:50:32.979+0300][14.176s][info ][gc] GC(8) Pause Young (Normal) (G1 Evacuation Pause) 767M->5M(1280M) 4.175ms
[2025-03-05T13:50:34.901+0300][16.097s][info ][gc] GC(9) Pause Young (Normal) (G1 Evacuation Pause) 767M->2M(1280M) 2.070ms
[2025-03-05T13:50:36.782+0300][17.977s][info ][gc] GC(10) Pause Young (Normal) (G1 Evacuation Pause) 767M->3M(1280M) 2.729ms
[2025-03-05T13:50:38.647+0300][19.843s][info ][gc] GC(11) Pause Young (Normal) (G1 Evacuation Pause) 767M->4M(1280M) 3.427ms
[2025-03-05T13:50:40.509+0300][21.706s][info ][gc] GC(12) Pause Young (Normal) (G1 Evacuation Pause) 767M->4M(1280M) 3.803ms
[2025-03-05T13:50:42.374+0300][23.570s][info ][gc] GC(13) Pause Young (Normal) (G1 Evacuation Pause) 767M->5M(1280M) 4.638ms
[2025-03-05T13:50:44.236+0300][25.432s][info ][gc] GC(14) Pause Young (Normal) (G1 Evacuation Pause) 767M->2M(1280M) 1.884ms
[2025-03-05T13:50:46.106+0300][27.301s][info ][gc] GC(15) Pause Young (Normal) (G1 Evacuation Pause) 767M->3M(1280M) 2.405ms
[2025-03-05T13:50:48.078+0300][29.273s][info ][gc] GC(16) Pause Young (Normal) (G1 Evacuation Pause) 770M->4M(1280M) 2.552ms
[2025-03-05T13:50:50.044+0300][31.239s][info ][gc] GC(17) Pause Young (Normal) (G1 Evacuation Pause) 770M->5M(1280M) 3.275ms
[2025-03-05T13:50:52.046+0300][33.241s][info ][gc] GC(18) Pause Young (Normal) (G1 Evacuation Pause) 770M->2M(1280M) 1.401ms
[2025-03-05T13:50:54.029+0300][35.224s][info ][gc] GC(19) Pause Young (Normal) (G1 Evacuation Pause) 769M->3M(1280M) 2.561ms
[2025-03-05T13:50:55.990+0300][37.186s][info ][gc] GC(20) Pause Young (Normal) (G1 Evacuation Pause) 769M->4M(1280M) 2.945ms
[2025-03-05T13:50:57.957+0300][39.153s][info ][gc] GC(21) Pause Young (Normal) (G1 Evacuation Pause) 769M->5M(1280M) 3.364ms
[2025-03-05T13:50:59.918+0300][41.113s][info ][gc] GC(22) Pause Young (Normal) (G1 Evacuation Pause) 770M->2M(1280M) 1.574ms
[2025-03-05T13:51:01.897+0300][43.093s][info ][gc] GC(23) Pause Young (Normal) (G1 Evacuation Pause) 769M->3M(1280M) 2.099ms
[2025-03-05T13:51:03.865+0300][45.061s][info ][gc] GC(24) Pause Young (Normal) (G1 Evacuation Pause) 769M->4M(1280M) 3.283ms
[2025-03-05T13:51:05.839+0300][47.034s][info ][gc] GC(25) Pause Young (Normal) (G1 Evacuation Pause) 769M->5M(1280M) 3.582ms
[2025-03-05T13:51:07.891+0300][49.086s][info ][gc] GC(26) Pause Young (Normal) (G1 Evacuation Pause) 769M->3M(1280M) 1.840ms
[2025-03-05T13:51:09.863+0300][51.058s][info ][gc] GC(27) Pause Young (Normal) (G1 Evacuation Pause) 770M->4M(1280M) 2.429ms
[2025-03-05T13:51:11.834+0300][53.029s][info ][gc] GC(28) Pause Young (Normal) (G1 Evacuation Pause) 770M->4M(1280M) 3.226ms
[2025-03-05T13:51:13.804+0300][55.000s][info ][gc] GC(29) Pause Young (Normal) (G1 Evacuation Pause) 769M->5M(1280M) 3.736ms
[2025-03-05T13:51:15.769+0300][56.966s][info ][gc] GC(30) Pause Young (Normal) (G1 Evacuation Pause) 769M->3M(1280M) 1.871ms
[2025-03-05T13:51:17.744+0300][58.939s][info ][gc] GC(31) Pause Young (Normal) (G1 Evacuation Pause) 770M->4M(1280M) 2.569ms
[2025-03-05T13:51:19.725+0300][60.921s][info ][gc] GC(32) Pause Young (Normal) (G1 Evacuation Pause) 770M->5M(1280M) 3.325ms
[2025-03-05T13:51:21.698+0300][62.893s][info ][gc] GC(33) Pause Young (Normal) (G1 Evacuation Pause) 770M->2M(1280M) 1.065ms
[2025-03-05T13:51:23.679+0300][64.874s][info ][gc] GC(34) Pause Young (Normal) (G1 Evacuation Pause) 769M->3M(1280M) 2.040ms
[2025-03-05T13:51:25.641+0300][66.837s][info ][gc] GC(35) Pause Young (Normal) (G1 Evacuation Pause) 769M->4M(1280M) 2.862ms
[2025-03-05T13:51:27.605+0300][68.801s][info ][gc] GC(36) Pause Young (Normal) (G1 Evacuation Pause) 769M->5M(1280M) 3.807ms
[2025-03-05T13:51:29.583+0300][70.778s][info ][gc] GC(37) Pause Young (Normal) (G1 Evacuation Pause) 770M->2M(1280M) 1.408ms
[2025-03-05T13:51:31.576+0300][72.771s][info ][gc] GC(38) Pause Young (Normal) (G1 Evacuation Pause) 769M->3M(1280M) 2.071ms
[2025-03-05T13:51:33.546+0300][74.742s][info ][gc] GC(39) Pause Young (Normal) (G1 Evacuation Pause) 769M->4M(1280M) 2.957ms
[2025-03-05T13:51:35.529+0300][76.725s][info ][gc] GC(40) Pause Young (Normal) (G1 Evacuation Pause) 769M->5M(1280M) 4.030ms
[2025-03-05T13:51:37.492+0300][78.687s][info ][gc] GC(41) Pause Young (Normal) (G1 Evacuation Pause) 769M->3M(1280M) 1.523ms
[2025-03-05T13:51:39.470+0300][80.665s][info ][gc] GC(42) Pause Young (Normal) (G1 Evacuation Pause) 770M->3M(1280M) 2.339ms
[2025-03-05T13:51:41.440+0300][82.635s][info ][gc] GC(43) Pause Young (Normal) (G1 Evacuation Pause) 769M->4M(1280M) 3.142ms
[2025-03-05T13:51:43.401+0300][84.597s][info ][gc] GC(44) Pause Young (Normal) (G1 Evacuation Pause) 769M->5M(1280M) 3.770ms
[2025-03-05T13:51:45.378+0300][86.574s][info ][gc] GC(45) Pause Young (Normal) (G1 Evacuation Pause) 769M->3M(1280M) 1.664ms
[2025-03-05T13:51:47.355+0300][88.550s][info ][gc] GC(46) Pause Young (Normal) (G1 Evacuation Pause) 770M->3M(1280M) 2.567ms
[2025-03-05T13:51:49.336+0300][90.532s][info ][gc] GC(47) Pause Young (Normal) (G1 Evacuation Pause) 769M->4M(1280M) 3.142ms
[2025-03-05T13:51:51.306+0300][92.501s][info ][gc] GC(48) Pause Young (Normal) (G1 Evacuation Pause) 769M->5M(1280M) 3.928ms
[2025-03-05T13:51:53.271+0300][94.467s][info ][gc] GC(49) Pause Young (Normal) (G1 Evacuation Pause) 769M->3M(1280M) 1.929ms
[2025-03-05T13:51:55.249+0300][96.444s][info ][gc] GC(50) Pause Young (Normal) (G1 Evacuation Pause) 770M->3M(1280M) 2.593ms
[2025-03-05T13:51:57.363+0300][98.559s][info ][gc] GC(51) Pause Young (Normal) (G1 Evacuation Pause) 769M->5M(1280M) 3.203ms
[2025-03-05T13:51:59.335+0300][100.531s][info ][gc] GC(52) Pause Young (Normal) (G1 Evacuation Pause) 770M->2M(1280M) 1.323ms
[2025-03-05T13:52:01.317+0300][102.512s][info ][gc] GC(53) Pause Young (Normal) (G1 Evacuation Pause) 769M->3M(1280M) 1.976ms
[2025-03-05T13:52:03.313+0300][104.509s][info ][gc] GC(54) Pause Young (Normal) (G1 Evacuation Pause) 769M->4M(1280M) 2.692ms
[2025-03-05T13:52:05.283+0300][106.479s][info ][gc] GC(55) Pause Young (Normal) (G1 Evacuation Pause) 769M->5M(1280M) 3.084ms
[2025-03-05T13:52:07.259+0300][108.455s][info ][gc] GC(56) Pause Young (Normal) (G1 Evacuation Pause) 770M->2M(1280M) 1.711ms
[2025-03-05T13:52:09.283+0300][110.478s][info ][gc] GC(57) Pause Young (Normal) (G1 Evacuation Pause) 769M->3M(1280M) 2.373ms
[2025-03-05T13:52:11.260+0300][112.456s][info ][gc] GC(58) Pause Young (Normal) (G1 Evacuation Pause) 769M->4M(1280M) 3.807ms
[2025-03-05T13:52:13.231+0300][114.426s][info ][gc] GC(59) Pause Young (Normal) (G1 Evacuation Pause) 769M->5M(1280M) 4.185ms
[2025-03-05T13:52:15.199+0300][116.395s][info ][gc] GC(60) Pause Young (Normal) (G1 Evacuation Pause) 769M->3M(1280M) 1.365ms
[2025-03-05T13:52:17.169+0300][118.364s][info ][gc] GC(61) Pause Young (Normal) (G1 Evacuation Pause) 770M->3M(1280M) 2.388ms
[2025-03-05T13:52:19.145+0300][120.340s][info ][gc] GC(62) Pause Young (Normal) (G1 Evacuation Pause) 769M->4M(1280M) 3.217ms
[2025-03-05T13:52:21.154+0300][122.350s][info ][gc] GC(63) Pause Young (Normal) (G1 Evacuation Pause) 769M->5M(1280M) 3.774ms
[2025-03-05T13:52:23.125+0300][124.320s][info ][gc] GC(64) Pause Young (Normal) (G1 Evacuation Pause) 769M->3M(1280M) 1.718ms
[2025-03-05T13:52:25.106+0300][126.302s][info ][gc] GC(65) Pause Young (Normal) (G1 Evacuation Pause) 770M->3M(1280M) 2.404ms
[2025-03-05T13:52:27.075+0300][128.271s][info ][gc] GC(66) Pause Young (Normal) (G1 Evacuation Pause) 769M->4M(1280M) 3.308ms
[2025-03-05T13:52:29.047+0300][130.242s][info ][gc] GC(67) Pause Young (Normal) (G1 Evacuation Pause) 769M->5M(1280M) 3.705ms
[2025-03-05T13:52:31.014+0300][132.210s][info ][gc] GC(68) Pause Young (Normal) (G1 Evacuation Pause) 769M->3M(1280M) 1.916ms
[2025-03-05T13:52:32.986+0300][134.182s][info ][gc] GC(69) Pause Young (Normal) (G1 Evacuation Pause) 770M->4M(1280M) 2.444ms
[2025-03-05T13:52:34.965+0300][136.161s][info ][gc] GC(70) Pause Young (Normal) (G1 Evacuation Pause) 770M->4M(1280M) 3.193ms
[2025-03-05T13:52:36.947+0300][138.143s][info ][gc] GC(71) Pause Young (Normal) (G1 Evacuation Pause) 769M->2M(1280M) 1.273ms
[2025-03-05T13:52:38.913+0300][140.109s][info ][gc] GC(72) Pause Young (Normal) (G1 Evacuation Pause) 769M->3M(1280M) 1.954ms
[2025-03-05T13:52:40.886+0300][142.081s][info ][gc] GC(73) Pause Young (Normal) (G1 Evacuation Pause) 769M->4M(1280M) 2.644ms
[2025-03-05T13:52:42.860+0300][144.057s][info ][gc] GC(74) Pause Young (Normal) (G1 Evacuation Pause) 770M->5M(1280M) 3.925ms
[2025-03-05T13:52:44.827+0300][146.023s][info ][gc] GC(75) Pause Young (Normal) (G1 Evacuation Pause) 770M->2M(1280M) 1.952ms
[2025-03-05T13:52:46.790+0300][147.985s][info ][gc] GC(76) Pause Young (Normal) (G1 Evacuation Pause) 769M->3M(1280M) 2.389ms
[2025-03-05T13:52:48.761+0300][149.957s][info ][gc] GC(77) Pause Young (Normal) (G1 Evacuation Pause) 769M->4M(1280M) 3.863ms
[2025-03-05T13:52:50.753+0300][151.948s][info ][gc] GC(78) Pause Young (Normal) (G1 Evacuation Pause) 769M->5M(1280M) 3.517ms
[2025-03-05T13:52:52.788+0300][153.984s][info ][gc] GC(79) Pause Young (Normal) (G1 Evacuation Pause) 770M->3M(1280M) 1.538ms
[2025-03-05T13:52:54.779+0300][155.975s][info ][gc] GC(80) Pause Young (Normal) (G1 Evacuation Pause) 770M->3M(1280M) 2.508ms
[2025-03-05T13:52:56.759+0300][157.954s][info ][gc] GC(81) Pause Young (Normal) (G1 Evacuation Pause) 769M->5M(1280M) 3.223ms
[2025-03-05T13:52:58.726+0300][159.921s][info ][gc] GC(82) Pause Young (Normal) (G1 Evacuation Pause) 770M->2M(1280M) 1.242ms
[2025-03-05T13:53:00.718+0300][161.913s][info ][gc] GC(83) Pause Young (Normal) (G1 Evacuation Pause) 769M->3M(1280M) 1.941ms
[2025-03-05T13:53:02.694+0300][163.889s][info ][gc] GC(84) Pause Young (Normal) (G1 Evacuation Pause) 770M->4M(1280M) 3.001ms
[2025-03-05T13:53:04.667+0300][165.863s][info ][gc] GC(85) Pause Young (Normal) (G1 Evacuation Pause) 770M->5M(1280M) 3.403ms
[2025-03-05T13:53:06.644+0300][167.840s][info ][gc] GC(86) Pause Young (Normal) (G1 Evacuation Pause) 770M->2M(1280M) 1.642ms
[2025-03-05T13:53:08.639+0300][169.834s][info ][gc] GC(87) Pause Young (Normal) (G1 Evacuation Pause) 769M->3M(1280M) 2.394ms
[2025-03-05T13:53:10.614+0300][171.810s][info ][gc] GC(88) Pause Young (Normal) (G1 Evacuation Pause) 769M->4M(1280M) 3.440ms
[2025-03-05T13:53:12.587+0300][173.783s][info ][gc] GC(89) Pause Young (Normal) (G1 Evacuation Pause) 769M->5M(1280M) 4.116ms
[2025-03-05T13:53:14.551+0300][175.746s][info ][gc] GC(90) Pause Young (Normal) (G1 Evacuation Pause) 769M->3M(1280M) 1.719ms
[2025-03-05T13:53:16.526+0300][177.722s][info ][gc] GC(91) Pause Young (Normal) (G1 Evacuation Pause) 770M->3M(1280M) 2.674ms
[2025-03-05T13:53:18.507+0300][179.702s][info ][gc] GC(92) Pause Young (Normal) (G1 Evacuation Pause) 769M->4M(1280M) 3.158ms
[2025-03-05T13:53:20.469+0300][181.665s][info ][gc] GC(93) Pause Young (Normal) (G1 Evacuation Pause) 769M->5M(1280M) 3.774ms
[2025-03-05T13:53:22.444+0300][183.640s][info ][gc] GC(94) Pause Young (Normal) (G1 Evacuation Pause) 769M->3M(1280M) 1.893ms
[2025-03-05T13:53:24.416+0300][185.612s][info ][gc] GC(95) Pause Young (Normal) (G1 Evacuation Pause) 770M->3M(1280M) 2.514ms
[2025-03-05T13:53:26.390+0300][187.586s][info ][gc] GC(96) Pause Young (Normal) (G1 Evacuation Pause) 769M->4M(1280M) 3.346ms
[2025-03-05T13:53:28.361+0300][189.556s][info ][gc] GC(97) Pause Young (Normal) (G1 Evacuation Pause) 769M->2M(1280M) 1.245ms
[2025-03-05T13:53:30.344+0300][191.539s][info ][gc] GC(98) Pause Young (Normal) (G1 Evacuation Pause) 769M->3M(1280M) 2.033ms
[2025-03-05T13:53:32.316+0300][193.512s][info ][gc] GC(99) Pause Young (Normal) (G1 Evacuation Pause) 769M->4M(1280M) 2.712ms
[2025-03-05T13:53:34.296+0300][195.492s][info ][gc] GC(100) Pause Young (Normal) (G1 Evacuation Pause) 769M->5M(1280M) 3.364ms
[2025-03-05T13:53:36.272+0300][197.467s][info ][gc] GC(101) Pause Young (Normal) (G1 Evacuation Pause) 770M->2M(1280M) 1.468ms
[2025-03-05T13:53:38.311+0300][199.507s][info ][gc] GC(102) Pause Young (Normal) (G1 Evacuation Pause) 769M->3M(1280M) 2.545ms
[2025-03-05T13:53:40.284+0300][201.479s][info ][gc] GC(103) Pause Young (Normal) (G1 Evacuation Pause) 769M->4M(1280M) 2.956ms
[2025-03-05T13:53:42.262+0300][203.457s][info ][gc] GC(104) Pause Young (Normal) (G1 Evacuation Pause) 769M->5M(1280M) 4.309ms
[2025-03-05T13:53:44.249+0300][205.445s][info ][gc] GC(105) Pause Young (Normal) (G1 Evacuation Pause) 770M->3M(1280M) 1.696ms
[2025-03-05T13:53:46.236+0300][207.432s][info ][gc] GC(106) Pause Young (Normal) (G1 Evacuation Pause) 770M->3M(1280M) 2.473ms
[2025-03-05T13:53:48.215+0300][209.410s][info ][gc] GC(107) Pause Young (Normal) (G1 Evacuation Pause) 769M->4M(1280M) 3.305ms
[2025-03-05T13:53:50.229+0300][211.425s][info ][gc] GC(108) Pause Young (Normal) (G1 Evacuation Pause) 769M->5M(1280M) 3.924ms
[2025-03-05T13:53:52.197+0300][213.393s][info ][gc] GC(109) Pause Young (Normal) (G1 Evacuation Pause) 769M->3M(1280M) 1.670ms
[2025-03-05T13:53:54.178+0300][215.374s][info ][gc] GC(110) Pause Young (Normal) (G1 Evacuation Pause) 770M->3M(1280M) 2.470ms
[2025-03-05T13:53:56.194+0300][217.389s][info ][gc] GC(111) Pause Young (Normal) (G1 Evacuation Pause) 769M->4M(1280M) 3.209ms
[2025-03-05T13:53:58.159+0300][219.354s][info ][gc] GC(112) Pause Young (Normal) (G1 Evacuation Pause) 769M->2M(1280M) 1.301ms
[2025-03-05T13:54:00.143+0300][221.338s][info ][gc] GC(113) Pause Young (Normal) (G1 Evacuation Pause) 769M->3M(1280M) 2.029ms
[2025-03-05T13:54:02.128+0300][223.324s][info ][gc] GC(114) Pause Young (Normal) (G1 Evacuation Pause) 769M->4M(1280M) 3.086ms
[2025-03-05T13:54:04.179+0300][225.376s][info ][gc] GC(115) Pause Young (Normal) (G1 Evacuation Pause) 770M->5M(1280M) 3.537ms
[2025-03-05T13:54:06.154+0300][227.350s][info ][gc] GC(116) Pause Young (Normal) (G1 Evacuation Pause) 770M->2M(1280M) 1.663ms
[2025-03-05T13:54:08.141+0300][229.338s][info ][gc] GC(117) Pause Young (Normal) (G1 Evacuation Pause) 769M->3M(1280M) 2.184ms
[2025-03-05T13:54:10.123+0300][231.319s][info ][gc] GC(118) Pause Young (Normal) (G1 Evacuation Pause) 769M->4M(1280M) 3.159ms
[2025-03-05T13:54:12.106+0300][233.301s][info ][gc] GC(119) Pause Young (Normal) (G1 Evacuation Pause) 769M->5M(1280M) 3.630ms
[2025-03-05T13:54:14.081+0300][235.276s][info ][gc] GC(120) Pause Young (Normal) (G1 Evacuation Pause) 769M->3M(1280M) 1.841ms
[2025-03-05T13:54:16.067+0300][237.262s][info ][gc] GC(121) Pause Young (Normal) (G1 Evacuation Pause) 770M->3M(1280M) 2.343ms
[2025-03-05T13:54:18.070+0300][239.266s][info ][gc] GC(122) Pause Young (Normal) (G1 Evacuation Pause) 769M->4M(1280M) 3.109ms
[2025-03-05T13:54:20.091+0300][241.286s][info ][gc] GC(123) Pause Young (Normal) (G1 Evacuation Pause) 769M->5M(1280M) 3.963ms
[2025-03-05T13:54:22.072+0300][243.268s][info ][gc] GC(124) Pause Young (Normal) (G1 Evacuation Pause) 769M->3M(1280M) 1.535ms
[2025-03-05T13:54:24.122+0300][245.318s][info ][gc] GC(125) Pause Young (Normal) (G1 Evacuation Pause) 770M->4M(1280M) 2.617ms
[2025-03-05T13:54:26.093+0300][247.289s][info ][gc] GC(126) Pause Young (Normal) (G1 Evacuation Pause) 770M->4M(1280M) 3.162ms
[2025-03-05T13:54:28.061+0300][249.256s][info ][gc] GC(127) Pause Young (Normal) (G1 Evacuation Pause) 769M->2M(1280M) 1.178ms
[2025-03-05T13:54:30.034+0300][251.229s][info ][gc] GC(128) Pause Young (Normal) (G1 Evacuation Pause) 769M->3M(1280M) 1.685ms
[2025-03-05T13:54:32.015+0300][253.211s][info ][gc] GC(129) Pause Young (Normal) (G1 Evacuation Pause) 770M->4M(1280M) 2.798ms
[2025-03-05T13:54:33.993+0300][255.188s][info ][gc] GC(130) Pause Young (Normal) (G1 Evacuation Pause) 769M->5M(1280M) 3.471ms
[2025-03-05T13:54:35.979+0300][257.175s][info ][gc] GC(131) Pause Young (Normal) (G1 Evacuation Pause) 770M->2M(1280M) 1.443ms
[2025-03-05T13:54:37.957+0300][259.152s][info ][gc] GC(132) Pause Young (Normal) (G1 Evacuation Pause) 769M->3M(1280M) 2.219ms
[2025-03-05T13:54:39.930+0300][261.126s][info ][gc] GC(133) Pause Young (Normal) (G1 Evacuation Pause) 769M->4M(1280M) 3.678ms
[2025-03-05T13:54:41.906+0300][263.101s][info ][gc] GC(134) Pause Young (Normal) (G1 Evacuation Pause) 769M->5M(1280M) 3.479ms
[2025-03-05T13:54:43.874+0300][265.069s][info ][gc] GC(135) Pause Young (Normal) (G1 Evacuation Pause) 769M->3M(1280M) 1.588ms
[2025-03-05T13:54:45.858+0300][267.053s][info ][gc] GC(136) Pause Young (Normal) (G1 Evacuation Pause) 770M->3M(1280M) 2.242ms
[2025-03-05T13:54:47.836+0300][269.032s][info ][gc] GC(137) Pause Young (Normal) (G1 Evacuation Pause) 769M->4M(1280M) 2.937ms
[2025-03-05T13:54:49.906+0300][271.101s][info ][gc] GC(138) Pause Young (Normal) (G1 Evacuation Pause) 769M->5M(1280M) 3.507ms
[2025-03-05T13:54:51.885+0300][273.080s][info ][gc] GC(139) Pause Young (Normal) (G1 Evacuation Pause) 769M->3M(1280M) 1.908ms
[2025-03-05T13:54:53.863+0300][275.058s][info ][gc] GC(140) Pause Young (Normal) (G1 Evacuation Pause) 770M->3M(1280M) 2.790ms
[2025-03-05T13:54:55.841+0300][277.036s][info ][gc] GC(141) Pause Young (Normal) (G1 Evacuation Pause) 769M->4M(1280M) 3.341ms
[2025-03-05T13:54:57.814+0300][279.010s][info ][gc] GC(142) Pause Young (Normal) (G1 Evacuation Pause) 769M->5M(1280M) 3.773ms
[2025-03-05T13:54:59.787+0300][280.983s][info ][gc] GC(143) Pause Young (Normal) (G1 Evacuation Pause) 769M->3M(1280M) 2.051ms
[2025-03-05T13:55:01.771+0300][282.966s][info ][gc] GC(144) Pause Young (Normal) (G1 Evacuation Pause) 770M->4M(1280M) 2.767ms
[2025-03-05T13:55:03.757+0300][284.952s][info ][gc] GC(145) Pause Young (Normal) (G1 Evacuation Pause) 770M->5M(1280M) 3.049ms
[2025-03-05T13:55:05.742+0300][286.937s][info ][gc] GC(146) Pause Young (Normal) (G1 Evacuation Pause) 770M->2M(1280M) 1.172ms
[2025-03-05T13:55:07.718+0300][288.913s][info ][gc] GC(147) Pause Young (Normal) (G1 Evacuation Pause) 769M->3M(1280M) 1.999ms
[2025-03-05T13:55:09.693+0300][290.888s][info ][gc] GC(148) Pause Young (Normal) (G1 Evacuation Pause) 769M->4M(1280M) 2.813ms
[2025-03-05T13:55:11.712+0300][292.907s][info ][gc] GC(149) Pause Young (Normal) (G1 Evacuation Pause) 769M->5M(1280M) 3.482ms
[2025-03-05T13:55:13.684+0300][294.879s][info ][gc] GC(150) Pause Young (Normal) (G1 Evacuation Pause) 770M->2M(1280M) 1.558ms
[2025-03-05T13:55:15.668+0300][296.864s][info ][gc] GC(151) Pause Young (Normal) (G1 Evacuation Pause) 769M->3M(1280M) 2.249ms
[2025-03-05T13:55:17.647+0300][298.842s][info ][gc] GC(152) Pause Young (Normal) (G1 Evacuation Pause) 769M->4M(1280M) 2.879ms
[2025-03-05T13:55:19.621+0300][300.816s][info ][gc] GC(153) Pause Young (Normal) (G1 Evacuation Pause) 769M->5M(1280M) 4.103ms
[2025-03-05T13:55:21.641+0300][302.836s][info ][gc] GC(154) Pause Young (Normal) (G1 Evacuation Pause) 769M->3M(1280M) 1.680ms
[2025-03-05T13:55:23.636+0300][304.831s][info ][gc] GC(155) Pause Young (Normal) (G1 Evacuation Pause) 770M->3M(1280M) 2.372ms
[2025-03-05T13:55:25.612+0300][306.807s][info ][gc] GC(156) Pause Young (Normal) (G1 Evacuation Pause) 769M->4M(1280M) 3.519ms
[2025-03-05T13:55:27.583+0300][308.778s][info ][gc] GC(157) Pause Young (Normal) (G1 Evacuation Pause) 769M->5M(1280M) 3.719ms
[2025-03-05T13:55:29.551+0300][310.746s][info ][gc] GC(158) Pause Young (Normal) (G1 Evacuation Pause) 769M->3M(1280M) 1.830ms
[2025-03-05T13:55:31.535+0300][312.731s][info ][gc] GC(159) Pause Young (Normal) (G1 Evacuation Pause) 770M->3M(1280M) 2.402ms
[2025-03-05T13:55:33.564+0300][314.759s][info ][gc] GC(160) Pause Young (Normal) (G1 Evacuation Pause) 769M->4M(1280M) 3.093ms
[2025-03-05T13:55:35.547+0300][316.743s][info ][gc] GC(161) Pause Young (Normal) (G1 Evacuation Pause) 769M->5M(1280M) 3.836ms
[2025-03-05T13:55:37.555+0300][318.750s][info ][gc] GC(162) Pause Young (Normal) (G1 Evacuation Pause) 769M->3M(1280M) 1.572ms
[2025-03-05T13:55:39.543+0300][320.738s][info ][gc] GC(163) Pause Young (Normal) (G1 Evacuation Pause) 770M->3M(1280M) 2.402ms
[2025-03-05T13:55:41.517+0300][322.713s][info ][gc] GC(164) Pause Young (Normal) (G1 Evacuation Pause) 769M->4M(1280M) 3.265ms
[2025-03-05T13:55:43.487+0300][324.683s][info ][gc] GC(165) Pause Young (Normal) (G1 Evacuation Pause) 769M->2M(1280M) 1.416ms
[2025-03-05T13:55:45.563+0300][326.758s][info ][gc] GC(166) Pause Young (Normal) (G1 Evacuation Pause) 769M->3M(1280M) 1.892ms
[2025-03-05T13:55:47.716+0300][328.912s][info ][gc] GC(167) Pause Young (Normal) (G1 Evacuation Pause) 769M->4M(1280M) 2.385ms
[2025-03-05T13:55:49.878+0300][331.074s][info ][gc] GC(168) Pause Young (Normal) (G1 Evacuation Pause) 769M->5M(1280M) 3.342ms
[2025-03-05T13:55:51.923+0300][333.118s][info ][gc] GC(169) Pause Young (Normal) (G1 Evacuation Pause) 770M->2M(1280M) 1.514ms
[2025-03-05T13:55:53.907+0300][335.102s][info ][gc] GC(170) Pause Young (Normal) (G1 Evacuation Pause) 769M->3M(1280M) 2.101ms
[2025-03-05T13:55:55.887+0300][337.082s][info ][gc] GC(171) Pause Young (Normal) (G1 Evacuation Pause) 769M->4M(1280M) 3.108ms
[2025-03-05T13:55:57.915+0300][339.111s][info ][gc] GC(172) Pause Young (Normal) (G1 Evacuation Pause) 769M->5M(1280M) 3.641ms
[2025-03-05T13:55:59.901+0300][341.098s][info ][gc] GC(173) Pause Young (Normal) (G1 Evacuation Pause) 769M->2M(1280M) 1.631ms
[2025-03-05T13:56:01.936+0300][343.131s][info ][gc] GC(174) Pause Young (Normal) (G1 Evacuation Pause) 769M->3M(1280M) 2.284ms
[2025-03-05T13:56:03.914+0300][345.110s][info ][gc] GC(175) Pause Young (Normal) (G1 Evacuation Pause) 769M->4M(1280M) 3.124ms
[2025-03-05T13:56:05.897+0300][347.093s][info ][gc] GC(176) Pause Young (Normal) (G1 Evacuation Pause) 769M->5M(1280M) 4.387ms
[2025-03-05T13:56:07.871+0300][349.066s][info ][gc] GC(177) Pause Young (Normal) (G1 Evacuation Pause) 769M->3M(1280M) 1.722ms
[2025-03-05T13:56:09.877+0300][351.072s][info ][gc] GC(178) Pause Young (Normal) (G1 Evacuation Pause) 770M->3M(1280M) 2.630ms
[2025-03-05T13:56:11.920+0300][353.116s][info ][gc] GC(179) Pause Young (Normal) (G1 Evacuation Pause) 769M->4M(1280M) 3.276ms
[2025-03-05T13:56:13.891+0300][355.086s][info ][gc] GC(180) Pause Young (Normal) (G1 Evacuation Pause) 769M->5M(1280M) 3.894ms
[2025-03-05T13:56:15.901+0300][357.096s][info ][gc] GC(181) Pause Young (Normal) (G1 Evacuation Pause) 769M->3M(1280M) 1.786ms
[2025-03-05T13:56:17.878+0300][359.074s][info ][gc] GC(182) Pause Young (Normal) (G1 Evacuation Pause) 770M->4M(1280M) 2.580ms
[2025-03-05T13:56:19.856+0300][361.052s][info ][gc] GC(183) Pause Young (Normal) (G1 Evacuation Pause) 770M->4M(1280M) 3.232ms
[2025-03-05T13:56:21.836+0300][363.031s][info ][gc] GC(184) Pause Young (Normal) (G1 Evacuation Pause) 769M->2M(1280M) 1.267ms
[2025-03-05T13:56:23.809+0300][365.004s][info ][gc] GC(185) Pause Young (Normal) (G1 Evacuation Pause) 769M->3M(1280M) 2.160ms
[2025-03-05T13:56:25.775+0300][366.971s][info ][gc] GC(186) Pause Young (Normal) (G1 Evacuation Pause) 769M->4M(1280M) 2.873ms
[2025-03-05T13:56:27.741+0300][368.938s][info ][gc] GC(187) Pause Young (Normal) (G1 Evacuation Pause) 770M->5M(1280M) 3.953ms
[2025-03-05T13:56:29.709+0300][370.905s][info ][gc] GC(188) Pause Young (Normal) (G1 Evacuation Pause) 770M->2M(1280M) 1.429ms
[2025-03-05T13:56:31.689+0300][372.885s][info ][gc] GC(189) Pause Young (Normal) (G1 Evacuation Pause) 769M->3M(1280M) 2.305ms
[2025-03-05T13:56:33.675+0300][374.871s][info ][gc] GC(190) Pause Young (Normal) (G1 Evacuation Pause) 769M->4M(1280M) 3.020ms
[2025-03-05T13:56:35.660+0300][376.855s][info ][gc] GC(191) Pause Young (Normal) (G1 Evacuation Pause) 769M->5M(1280M) 3.582ms
[2025-03-05T13:56:37.634+0300][378.829s][info ][gc] GC(192) Pause Young (Normal) (G1 Evacuation Pause) 770M->3M(1280M) 1.834ms
[2025-03-05T13:56:39.614+0300][380.809s][info ][gc] GC(193) Pause Young (Normal) (G1 Evacuation Pause) 770M->3M(1280M) 2.608ms
[2025-03-05T13:56:41.587+0300][382.783s][info ][gc] GC(194) Pause Young (Normal) (G1 Evacuation Pause) 769M->4M(1280M) 3.680ms
[2025-03-05T13:56:43.595+0300][384.790s][info ][gc] GC(195) Pause Young (Normal) (G1 Evacuation Pause) 769M->2M(1280M) 1.125ms
[2025-03-05T13:56:45.563+0300][386.759s][info ][gc] GC(196) Pause Young (Normal) (G1 Evacuation Pause) 769M->3M(1280M) 2.126ms
[2025-03-05T13:56:47.537+0300][388.732s][info ][gc] GC(197) Pause Young (Normal) (G1 Evacuation Pause) 769M->4M(1280M) 2.667ms
[2025-03-05T13:56:49.515+0300][390.710s][info ][gc] GC(198) Pause Young (Normal) (G1 Evacuation Pause) 770M->5M(1280M) 3.348ms
[2025-03-05T13:56:51.497+0300][392.692s][info ][gc] GC(199) Pause Young (Normal) (G1 Evacuation Pause) 770M->2M(1280M) 1.804ms
[2025-03-05T13:56:53.490+0300][394.685s][info ][gc] GC(200) Pause Young (Normal) (G1 Evacuation Pause) 769M->3M(1280M) 2.308ms
[2025-03-05T13:56:55.458+0300][396.653s][info ][gc] GC(201) Pause Young (Normal) (G1 Evacuation Pause) 769M->4M(1280M) 2.984ms
[2025-03-05T13:56:57.478+0300][398.674s][info ][gc] GC(202) Pause Young (Normal) (G1 Evacuation Pause) 769M->5M(1280M) 3.530ms
[2025-03-05T13:56:59.451+0300][400.646s][info ][gc] GC(203) Pause Young (Normal) (G1 Evacuation Pause) 770M->3M(1280M) 1.759ms
[2025-03-05T13:57:01.432+0300][402.627s][info ][gc] GC(204) Pause Young (Normal) (G1 Evacuation Pause) 770M->3M(1280M) 2.335ms
[2025-03-05T13:57:03.403+0300][404.599s][info ][gc] GC(205) Pause Young (Normal) (G1 Evacuation Pause) 769M->4M(1280M) 2.953ms
[2025-03-05T13:57:05.367+0300][406.562s][info ][gc] GC(206) Pause Young (Normal) (G1 Evacuation Pause) 769M->5M(1280M) 3.654ms
[2025-03-05T13:57:07.335+0300][408.530s][info ][gc] GC(207) Pause Young (Normal) (G1 Evacuation Pause) 769M->3M(1280M) 1.761ms
[2025-03-05T13:57:09.308+0300][410.504s][info ][gc] GC(208) Pause Young (Normal) (G1 Evacuation Pause) 770M->3M(1280M) 2.477ms
[2025-03-05T13:57:11.280+0300][412.475s][info ][gc] GC(209) Pause Young (Normal) (G1 Evacuation Pause) 769M->4M(1280M) 3.295ms
[2025-03-05T13:57:13.324+0300][414.519s][info ][gc] GC(210) Pause Young (Normal) (G1 Evacuation Pause) 769M->2M(1280M) 1.392ms
[2025-03-05T13:57:15.304+0300][416.499s][info ][gc] GC(211) Pause Young (Normal) (G1 Evacuation Pause) 769M->3M(1280M) 1.988ms
[2025-03-05T13:57:17.310+0300][418.506s][info ][gc] GC(212) Pause Young (Normal) (G1 Evacuation Pause) 769M->4M(1280M) 2.954ms
[2025-03-05T13:57:19.315+0300][420.511s][info ][gc] GC(213) Pause Young (Normal) (G1 Evacuation Pause) 770M->5M(1280M) 3.560ms
[2025-03-05T13:57:21.303+0300][422.499s][info ][gc] GC(214) Pause Young (Normal) (G1 Evacuation Pause) 770M->2M(1280M) 1.339ms
[2025-03-05T13:57:23.281+0300][424.477s][info ][gc] GC(215) Pause Young (Normal) (G1 Evacuation Pause) 769M->3M(1280M) 2.589ms
[2025-03-05T13:57:25.253+0300][426.449s][info ][gc] GC(216) Pause Young (Normal) (G1 Evacuation Pause) 769M->4M(1280M) 3.042ms
[2025-03-05T13:57:27.229+0300][428.426s][info ][gc] GC(217) Pause Young (Normal) (G1 Evacuation Pause) 769M->5M(1280M) 4.518ms
[2025-03-05T13:57:29.204+0300][430.400s][info ][gc] GC(218) Pause Young (Normal) (G1 Evacuation Pause) 769M->3M(1280M) 2.073ms
[2025-03-05T13:57:31.188+0300][432.383s][info ][gc] GC(219) Pause Young (Normal) (G1 Evacuation Pause) 770M->3M(1280M) 2.742ms
[2025-03-05T13:57:33.163+0300][434.358s][info ][gc] GC(220) Pause Young (Normal) (G1 Evacuation Pause) 769M->4M(1280M) 3.727ms
[2025-03-05T13:57:35.137+0300][436.333s][info ][gc] GC(221) Pause Young (Normal) (G1 Evacuation Pause) 769M->5M(1280M) 3.639ms
[2025-03-05T13:57:37.096+0300][438.293s][info ][gc] GC(222) Pause Young (Normal) (G1 Evacuation Pause) 769M->3M(1280M) 1.468ms
[2025-03-05T13:57:39.121+0300][440.316s][info ][gc] GC(223) Pause Young (Normal) (G1 Evacuation Pause) 770M->4M(1280M) 2.945ms
[2025-03-05T13:57:41.099+0300][442.295s][info ][gc] GC(224) Pause Young (Normal) (G1 Evacuation Pause) 770M->4M(1280M) 3.130ms
[2025-03-05T13:57:43.081+0300][444.276s][info ][gc] GC(225) Pause Young (Normal) (G1 Evacuation Pause) 769M->2M(1280M) 1.261ms
