[2025-03-05T14:30:04.642+0300][0.018s][info][gc] Using G1
[2025-03-05T14:30:04.643+0300][0.018s][debug][gc] ConcGCThreads: 2 offset 16
[2025-03-05T14:30:04.643+0300][0.018s][debug][gc] ParallelGCThreads: 8
[2025-03-05T14:30:04.643+0300][0.018s][debug][gc] Initialize mark stack with 4096 chunks, maximum 524288
[2025-03-05T14:30:05.130+0300][0.506s][info ][gc] GC(0) Pause Young (Normal) (G1 Evacuation Pause) 25M->3M(512M) 3.686ms
[2025-03-05T14:30:05.336+0300][0.712s][info ][gc] GC(1) Pause Young (Normal) (G1 Evacuation Pause) 37M->2M(512M) 1.832ms
[2025-03-05T14:30:06.696+0300][2.072s][info ][gc] GC(2) Pause Young (Normal) (G1 Evacuation Pause) 308M->3M(512M) 2.711ms
[2025-03-05T14:30:07.901+0300][3.277s][info ][gc] GC(3) Pause Young (Normal) (G1 Evacuation Pause) 308M->3M(512M) 1.622ms
[2025-03-05T14:30:09.101+0300][4.477s][info ][gc] GC(4) Pause Young (Normal) (G1 Evacuation Pause) 308M->3M(512M) 1.673ms
[2025-03-05T14:30:10.347+0300][5.723s][info ][gc] GC(5) Pause Young (Normal) (G1 Evacuation Pause) 308M->2M(512M) 1.032ms
[2025-03-05T14:30:11.562+0300][6.937s][info ][gc] GC(6) Pause Young (Normal) (G1 Evacuation Pause) 308M->2M(512M) 0.930ms
[2025-03-05T14:30:12.777+0300][8.153s][info ][gc] GC(7) Pause Young (Normal) (G1 Evacuation Pause) 308M->3M(512M) 3.479ms
[2025-03-05T14:30:13.980+0300][9.356s][info ][gc] GC(8) Pause Young (Normal) (G1 Evacuation Pause) 308M->3M(512M) 1.944ms
[2025-03-05T14:30:15.191+0300][10.567s][info ][gc] GC(9) Pause Young (Normal) (G1 Evacuation Pause) 308M->3M(512M) 1.582ms
[2025-03-05T14:30:16.396+0300][11.772s][info ][gc] GC(10) Pause Young (Normal) (G1 Evacuation Pause) 308M->2M(512M) 1.298ms
[2025-03-05T14:30:17.598+0300][12.975s][info ][gc] GC(11) Pause Young (Normal) (G1 Evacuation Pause) 308M->2M(512M) 1.021ms
[2025-03-05T14:30:18.811+0300][14.186s][info ][gc] GC(12) Pause Young (Normal) (G1 Evacuation Pause) 308M->3M(512M) 2.242ms
[2025-03-05T14:30:20.019+0300][15.395s][info ][gc] GC(13) Pause Young (Normal) (G1 Evacuation Pause) 308M->3M(512M) 1.720ms
[2025-03-05T14:30:21.274+0300][16.650s][info ][gc] GC(14) Pause Young (Normal) (G1 Evacuation Pause) 308M->3M(512M) 1.207ms
[2025-03-05T14:30:22.477+0300][17.853s][info ][gc] GC(15) Pause Young (Normal) (G1 Evacuation Pause) 308M->2M(512M) 1.224ms
[2025-03-05T14:30:23.681+0300][19.057s][info ][gc] GC(16) Pause Young (Normal) (G1 Evacuation Pause) 308M->2M(512M) 1.139ms
[2025-03-05T14:30:24.892+0300][20.267s][info ][gc] GC(17) Pause Young (Normal) (G1 Evacuation Pause) 308M->3M(512M) 1.929ms
[2025-03-05T14:30:26.116+0300][21.492s][info ][gc] GC(18) Pause Young (Normal) (G1 Evacuation Pause) 308M->3M(512M) 1.871ms
[2025-03-05T14:30:27.326+0300][22.702s][info ][gc] GC(19) Pause Young (Normal) (G1 Evacuation Pause) 308M->3M(512M) 1.714ms
[2025-03-05T14:30:28.535+0300][23.910s][info ][gc] GC(20) Pause Young (Normal) (G1 Evacuation Pause) 309M->2M(512M) 1.111ms
[2025-03-05T14:30:29.751+0300][25.127s][info ][gc] GC(21) Pause Young (Normal) (G1 Evacuation Pause) 308M->2M(512M) 0.959ms
[2025-03-05T14:30:30.965+0300][26.340s][info ][gc] GC(22) Pause Young (Normal) (G1 Evacuation Pause) 308M->2M(512M) 0.800ms
[2025-03-05T14:30:32.189+0300][27.565s][info ][gc] GC(23) Pause Young (Normal) (G1 Evacuation Pause) 308M->3M(512M) 1.920ms
[2025-03-05T14:30:33.405+0300][28.781s][info ][gc] GC(24) Pause Young (Normal) (G1 Evacuation Pause) 308M->3M(512M) 1.783ms
[2025-03-05T14:30:34.695+0300][30.070s][info ][gc] GC(25) Pause Young (Normal) (G1 Evacuation Pause) 308M->3M(512M) 1.578ms
[2025-03-05T14:30:35.927+0300][31.303s][info ][gc] GC(26) Pause Young (Normal) (G1 Evacuation Pause) 309M->2M(512M) 1.111ms
[2025-03-05T14:30:37.154+0300][32.529s][info ][gc] GC(27) Pause Young (Normal) (G1 Evacuation Pause) 308M->2M(512M) 0.929ms
[2025-03-05T14:30:38.364+0300][33.740s][info ][gc] GC(28) Pause Young (Normal) (G1 Evacuation Pause) 308M->3M(512M) 2.018ms
[2025-03-05T14:30:39.576+0300][34.952s][info ][gc] GC(29) Pause Young (Normal) (G1 Evacuation Pause) 308M->3M(512M) 1.670ms
[2025-03-05T14:30:40.791+0300][36.166s][info ][gc] GC(30) Pause Young (Normal) (G1 Evacuation Pause) 308M->3M(512M) 1.311ms
[2025-03-05T14:30:42.000+0300][37.376s][info ][gc] GC(31) Pause Young (Normal) (G1 Evacuation Pause) 309M->2M(512M) 1.344ms
[2025-03-05T14:30:43.218+0300][38.595s][info ][gc] GC(32) Pause Young (Normal) (G1 Evacuation Pause) 308M->2M(512M) 0.875ms
[2025-03-05T14:30:44.431+0300][39.807s][info ][gc] GC(33) Pause Young (Normal) (G1 Evacuation Pause) 308M->3M(512M) 1.820ms
[2025-03-05T14:30:45.641+0300][41.017s][info ][gc] GC(34) Pause Young (Normal) (G1 Evacuation Pause) 308M->3M(512M) 1.999ms
[2025-03-05T14:30:46.848+0300][42.224s][info ][gc] GC(35) Pause Young (Normal) (G1 Evacuation Pause) 308M->3M(512M) 1.587ms
[2025-03-05T14:30:48.067+0300][43.443s][info ][gc] GC(36) Pause Young (Normal) (G1 Evacuation Pause) 309M->3M(512M) 1.384ms
[2025-03-05T14:30:49.279+0300][44.654s][info ][gc] GC(37) Pause Young (Normal) (G1 Evacuation Pause) 309M->2M(512M) 0.949ms
[2025-03-05T14:30:50.535+0300][45.910s][info ][gc] GC(38) Pause Young (Normal) (G1 Evacuation Pause) 308M->4M(512M) 2.270ms
[2025-03-05T14:30:51.753+0300][47.128s][info ][gc] GC(39) Pause Young (Normal) (G1 Evacuation Pause) 309M->3M(512M) 1.995ms
[2025-03-05T14:30:52.970+0300][48.345s][info ][gc] GC(40) Pause Young (Normal) (G1 Evacuation Pause) 308M->3M(512M) 1.542ms
[2025-03-05T14:30:54.179+0300][49.554s][info ][gc] GC(41) Pause Young (Normal) (G1 Evacuation Pause) 309M->3M(512M) 1.486ms
[2025-03-05T14:30:55.384+0300][50.760s][info ][gc] GC(42) Pause Young (Normal) (G1 Evacuation Pause) 309M->2M(512M) 0.912ms
[2025-03-05T14:30:56.594+0300][51.969s][info ][gc] GC(43) Pause Young (Normal) (G1 Evacuation Pause) 308M->2M(512M) 0.810ms
[2025-03-05T14:30:57.808+0300][53.183s][info ][gc] GC(44) Pause Young (Normal) (G1 Evacuation Pause) 308M->3M(512M) 1.936ms
[2025-03-05T14:30:59.022+0300][54.398s][info ][gc] GC(45) Pause Young (Normal) (G1 Evacuation Pause) 308M->3M(512M) 1.964ms
[2025-03-05T14:31:00.246+0300][55.622s][info ][gc] GC(46) Pause Young (Normal) (G1 Evacuation Pause) 308M->3M(512M) 1.622ms
[2025-03-05T14:31:01.463+0300][56.839s][info ][gc] GC(47) Pause Young (Normal) (G1 Evacuation Pause) 309M->2M(512M) 1.081ms
[2025-03-05T14:31:02.676+0300][58.051s][info ][gc] GC(48) Pause Young (Normal) (G1 Evacuation Pause) 308M->2M(512M) 0.893ms
[2025-03-05T14:31:03.955+0300][59.331s][info ][gc] GC(49) Pause Young (Normal) (G1 Evacuation Pause) 308M->3M(512M) 2.188ms
[2025-03-05T14:31:05.168+0300][60.545s][info ][gc] GC(50) Pause Young (Normal) (G1 Evacuation Pause) 308M->3M(512M) 1.862ms
[2025-03-05T14:31:06.379+0300][61.755s][info ][gc] GC(51) Pause Young (Normal) (G1 Evacuation Pause) 308M->3M(512M) 1.529ms
[2025-03-05T14:31:07.583+0300][62.958s][info ][gc] GC(52) Pause Young (Normal) (G1 Evacuation Pause) 309M->3M(512M) 1.191ms
[2025-03-05T14:31:08.789+0300][64.164s][info ][gc] GC(53) Pause Young (Normal) (G1 Evacuation Pause) 309M->2M(512M) 0.956ms
[2025-03-05T14:31:10.005+0300][65.381s][info ][gc] GC(54) Pause Young (Normal) (G1 Evacuation Pause) 308M->4M(512M) 2.367ms
[2025-03-05T14:31:11.214+0300][66.590s][info ][gc] GC(55) Pause Young (Normal) (G1 Evacuation Pause) 309M->3M(512M) 2.212ms
[2025-03-05T14:31:12.424+0300][67.799s][info ][gc] GC(56) Pause Young (Normal) (G1 Evacuation Pause) 308M->3M(512M) 1.480ms
[2025-03-05T14:31:13.634+0300][69.010s][info ][gc] GC(57) Pause Young (Normal) (G1 Evacuation Pause) 309M->3M(512M) 1.728ms
[2025-03-05T14:31:14.860+0300][70.235s][info ][gc] GC(58) Pause Young (Normal) (G1 Evacuation Pause) 309M->2M(512M) 0.933ms
[2025-03-05T14:31:16.084+0300][71.459s][info ][gc] GC(59) Pause Young (Normal) (G1 Evacuation Pause) 308M->2M(512M) 0.881ms
[2025-03-05T14:31:17.298+0300][72.674s][info ][gc] GC(60) Pause Young (Normal) (G1 Evacuation Pause) 308M->3M(512M) 1.684ms
[2025-03-05T14:31:18.513+0300][73.889s][info ][gc] GC(61) Pause Young (Normal) (G1 Evacuation Pause) 308M->3M(512M) 2.010ms
[2025-03-05T14:31:19.738+0300][75.114s][info ][gc] GC(62) Pause Young (Normal) (G1 Evacuation Pause) 308M->3M(512M) 1.535ms
[2025-03-05T14:31:20.974+0300][76.350s][info ][gc] GC(63) Pause Young (Normal) (G1 Evacuation Pause) 309M->2M(512M) 1.290ms
[2025-03-05T14:31:22.187+0300][77.562s][info ][gc] GC(64) Pause Young (Normal) (G1 Evacuation Pause) 308M->2M(512M) 1.154ms
[2025-03-05T14:31:23.470+0300][78.847s][info ][gc] GC(65) Pause Young (Normal) (G1 Evacuation Pause) 308M->3M(512M) 2.556ms
[2025-03-05T14:31:24.682+0300][80.057s][info ][gc] GC(66) Pause Young (Normal) (G1 Evacuation Pause) 308M->3M(512M) 1.798ms
[2025-03-05T14:31:25.889+0300][81.265s][info ][gc] GC(67) Pause Young (Normal) (G1 Evacuation Pause) 308M->3M(512M) 1.676ms
[2025-03-05T14:31:27.102+0300][82.478s][info ][gc] GC(68) Pause Young (Normal) (G1 Evacuation Pause) 309M->2M(512M) 1.177ms
[2025-03-05T14:31:28.313+0300][83.689s][info ][gc] GC(69) Pause Young (Normal) (G1 Evacuation Pause) 308M->2M(512M) 0.944ms
[2025-03-05T14:31:29.523+0300][84.898s][info ][gc] GC(70) Pause Young (Normal) (G1 Evacuation Pause) 308M->3M(512M) 1.824ms
[2025-03-05T14:31:30.752+0300][86.127s][info ][gc] GC(71) Pause Young (Normal) (G1 Evacuation Pause) 308M->3M(512M) 1.659ms
[2025-03-05T14:31:31.959+0300][87.335s][info ][gc] GC(72) Pause Young (Normal) (G1 Evacuation Pause) 308M->3M(512M) 1.789ms
[2025-03-05T14:31:33.173+0300][88.549s][info ][gc] GC(73) Pause Young (Normal) (G1 Evacuation Pause) 309M->3M(512M) 1.403ms
[2025-03-05T14:31:34.393+0300][89.769s][info ][gc] GC(74) Pause Young (Normal) (G1 Evacuation Pause) 309M->2M(512M) 0.868ms
[2025-03-05T14:31:35.662+0300][91.037s][info ][gc] GC(75) Pause Young (Normal) (G1 Evacuation Pause) 308M->2M(512M) 0.864ms
[2025-03-05T14:31:36.890+0300][92.266s][info ][gc] GC(76) Pause Young (Normal) (G1 Evacuation Pause) 308M->3M(512M) 1.844ms
[2025-03-05T14:31:38.106+0300][93.482s][info ][gc] GC(77) Pause Young (Normal) (G1 Evacuation Pause) 308M->3M(512M) 2.117ms
[2025-03-05T14:31:39.317+0300][94.693s][info ][gc] GC(78) Pause Young (Normal) (G1 Evacuation Pause) 308M->3M(512M) 1.225ms
[2025-03-05T14:31:40.527+0300][95.903s][info ][gc] GC(79) Pause Young (Normal) (G1 Evacuation Pause) 309M->2M(512M) 0.859ms
[2025-03-05T14:31:41.747+0300][97.122s][info ][gc] GC(80) Pause Young (Normal) (G1 Evacuation Pause) 308M->2M(512M) 0.955ms
[2025-03-05T14:31:42.968+0300][98.344s][info ][gc] GC(81) Pause Young (Normal) (G1 Evacuation Pause) 308M->3M(512M) 1.803ms
[2025-03-05T14:31:44.172+0300][99.548s][info ][gc] GC(82) Pause Young (Normal) (G1 Evacuation Pause) 308M->3M(512M) 1.822ms
[2025-03-05T14:31:45.382+0300][100.758s][info ][gc] GC(83) Pause Young (Normal) (G1 Evacuation Pause) 308M->3M(512M) 1.497ms
[2025-03-05T14:31:46.584+0300][101.960s][info ][gc] GC(84) Pause Young (Normal) (G1 Evacuation Pause) 309M->2M(512M) 1.010ms
[2025-03-05T14:31:47.800+0300][103.176s][info ][gc] GC(85) Pause Young (Normal) (G1 Evacuation Pause) 308M->2M(512M) 0.831ms
[2025-03-05T14:31:49.011+0300][104.387s][info ][gc] GC(86) Pause Young (Normal) (G1 Evacuation Pause) 308M->3M(512M) 2.784ms
[2025-03-05T14:31:50.243+0300][105.618s][info ][gc] GC(87) Pause Young (Normal) (G1 Evacuation Pause) 308M->3M(512M) 2.016ms
[2025-03-05T14:31:51.447+0300][106.823s][info ][gc] GC(88) Pause Young (Normal) (G1 Evacuation Pause) 308M->3M(512M) 1.589ms
[2025-03-05T14:31:52.682+0300][108.058s][info ][gc] GC(89) Pause Young (Normal) (G1 Evacuation Pause) 309M->3M(512M) 1.501ms
[2025-03-05T14:31:53.891+0300][109.267s][info ][gc] GC(90) Pause Young (Normal) (G1 Evacuation Pause) 309M->2M(512M) 0.908ms
[2025-03-05T14:31:55.107+0300][110.483s][info ][gc] GC(91) Pause Young (Normal) (G1 Evacuation Pause) 308M->4M(512M) 2.199ms
[2025-03-05T14:31:56.316+0300][111.693s][info ][gc] GC(92) Pause Young (Normal) (G1 Evacuation Pause) 309M->3M(512M) 1.766ms
[2025-03-05T14:31:57.530+0300][112.906s][info ][gc] GC(93) Pause Young (Normal) (G1 Evacuation Pause) 308M->3M(512M) 1.607ms
[2025-03-05T14:31:58.746+0300][114.122s][info ][gc] GC(94) Pause Young (Normal) (G1 Evacuation Pause) 309M->3M(512M) 1.474ms
[2025-03-05T14:31:59.960+0300][115.335s][info ][gc] GC(95) Pause Young (Normal) (G1 Evacuation Pause) 309M->2M(512M) 1.164ms
[2025-03-05T14:32:01.178+0300][116.553s][info ][gc] GC(96) Pause Young (Normal) (G1 Evacuation Pause) 308M->2M(512M) 0.951ms
[2025-03-05T14:32:02.395+0300][117.770s][info ][gc] GC(97) Pause Young (Normal) (G1 Evacuation Pause) 308M->3M(512M) 1.941ms
[2025-03-05T14:32:03.614+0300][118.990s][info ][gc] GC(98) Pause Young (Normal) (G1 Evacuation Pause) 308M->3M(512M) 2.304ms
[2025-03-05T14:32:04.822+0300][120.197s][info ][gc] GC(99) Pause Young (Normal) (G1 Evacuation Pause) 308M->3M(512M) 1.682ms
[2025-03-05T14:32:06.031+0300][121.407s][info ][gc] GC(100) Pause Young (Normal) (G1 Evacuation Pause) 309M->2M(512M) 1.164ms
[2025-03-05T14:32:07.244+0300][122.620s][info ][gc] GC(101) Pause Young (Normal) (G1 Evacuation Pause) 308M->2M(512M) 1.102ms
[2025-03-05T14:32:08.463+0300][123.838s][info ][gc] GC(102) Pause Young (Normal) (G1 Evacuation Pause) 308M->3M(512M) 2.411ms
[2025-03-05T14:32:09.671+0300][125.047s][info ][gc] GC(103) Pause Young (Normal) (G1 Evacuation Pause) 308M->3M(512M) 1.861ms
[2025-03-05T14:32:10.882+0300][126.258s][info ][gc] GC(104) Pause Young (Normal) (G1 Evacuation Pause) 308M->3M(512M) 1.727ms
[2025-03-05T14:32:12.097+0300][127.472s][info ][gc] GC(105) Pause Young (Normal) (G1 Evacuation Pause) 309M->2M(512M) 1.208ms
[2025-03-05T14:32:13.390+0300][128.766s][info ][gc] GC(106) Pause Young (Normal) (G1 Evacuation Pause) 308M->2M(512M) 1.012ms
[2025-03-05T14:32:14.615+0300][129.991s][info ][gc] GC(107) Pause Young (Normal) (G1 Evacuation Pause) 308M->4M(512M) 2.859ms
[2025-03-05T14:32:15.825+0300][131.201s][info ][gc] GC(108) Pause Young (Normal) (G1 Evacuation Pause) 309M->3M(512M) 1.729ms
[2025-03-05T14:32:17.033+0300][132.409s][info ][gc] GC(109) Pause Young (Normal) (G1 Evacuation Pause) 308M->3M(512M) 1.355ms
[2025-03-05T14:32:18.252+0300][133.627s][info ][gc] GC(110) Pause Young (Normal) (G1 Evacuation Pause) 309M->3M(512M) 1.425ms
[2025-03-05T14:32:19.492+0300][134.868s][info ][gc] GC(111) Pause Young (Normal) (G1 Evacuation Pause) 309M->2M(512M) 1.123ms
[2025-03-05T14:32:20.722+0300][136.098s][info ][gc] GC(112) Pause Young (Normal) (G1 Evacuation Pause) 308M->2M(512M) 0.837ms
[2025-03-05T14:32:21.935+0300][137.311s][info ][gc] GC(113) Pause Young (Normal) (G1 Evacuation Pause) 308M->3M(512M) 1.869ms
[2025-03-05T14:32:23.149+0300][138.525s][info ][gc] GC(114) Pause Young (Normal) (G1 Evacuation Pause) 308M->3M(512M) 1.784ms
[2025-03-05T14:32:24.355+0300][139.731s][info ][gc] GC(115) Pause Young (Normal) (G1 Evacuation Pause) 308M->3M(512M) 1.477ms
[2025-03-05T14:32:25.577+0300][140.952s][info ][gc] GC(116) Pause Young (Normal) (G1 Evacuation Pause) 309M->2M(512M) 1.269ms
[2025-03-05T14:32:26.856+0300][142.232s][info ][gc] GC(117) Pause Young (Normal) (G1 Evacuation Pause) 308M->2M(512M) 1.108ms
[2025-03-05T14:32:28.077+0300][143.453s][info ][gc] GC(118) Pause Young (Normal) (G1 Evacuation Pause) 308M->3M(512M) 2.057ms
[2025-03-05T14:32:29.291+0300][144.667s][info ][gc] GC(119) Pause Young (Normal) (G1 Evacuation Pause) 308M->3M(512M) 1.853ms
[2025-03-05T14:32:30.518+0300][145.894s][info ][gc] GC(120) Pause Young (Normal) (G1 Evacuation Pause) 308M->3M(512M) 1.264ms
[2025-03-05T14:32:31.741+0300][147.116s][info ][gc] GC(121) Pause Young (Normal) (G1 Evacuation Pause) 309M->3M(512M) 1.206ms
[2025-03-05T14:32:32.956+0300][148.332s][info ][gc] GC(122) Pause Young (Normal) (G1 Evacuation Pause) 309M->2M(512M) 0.906ms
[2025-03-05T14:32:34.177+0300][149.553s][info ][gc] GC(123) Pause Young (Normal) (G1 Evacuation Pause) 308M->4M(512M) 2.119ms
[2025-03-05T14:32:35.395+0300][150.771s][info ][gc] GC(124) Pause Young (Normal) (G1 Evacuation Pause) 309M->3M(512M) 2.134ms
[2025-03-05T14:32:36.619+0300][151.994s][info ][gc] GC(125) Pause Young (Normal) (G1 Evacuation Pause) 308M->3M(512M) 1.587ms
[2025-03-05T14:32:37.831+0300][153.207s][info ][gc] GC(126) Pause Young (Normal) (G1 Evacuation Pause) 309M->3M(512M) 1.223ms
[2025-03-05T14:32:39.042+0300][154.418s][info ][gc] GC(127) Pause Young (Normal) (G1 Evacuation Pause) 309M->2M(512M) 1.281ms
[2025-03-05T14:32:40.272+0300][155.648s][info ][gc] GC(128) Pause Young (Normal) (G1 Evacuation Pause) 308M->2M(512M) 0.928ms
[2025-03-05T14:32:41.529+0300][156.904s][info ][gc] GC(129) Pause Young (Normal) (G1 Evacuation Pause) 308M->3M(512M) 2.408ms
[2025-03-05T14:32:42.752+0300][158.127s][info ][gc] GC(130) Pause Young (Normal) (G1 Evacuation Pause) 308M->3M(512M) 1.449ms
[2025-03-05T14:32:43.970+0300][159.345s][info ][gc] GC(131) Pause Young (Normal) (G1 Evacuation Pause) 309M->3M(512M) 1.528ms
[2025-03-05T14:32:45.180+0300][160.556s][info ][gc] GC(132) Pause Young (Normal) (G1 Evacuation Pause) 309M->2M(512M) 0.947ms
[2025-03-05T14:32:46.467+0300][161.842s][info ][gc] GC(133) Pause Young (Normal) (G1 Evacuation Pause) 308M->2M(512M) 0.949ms
[2025-03-05T14:32:47.692+0300][163.068s][info ][gc] GC(134) Pause Young (Normal) (G1 Evacuation Pause) 308M->3M(512M) 1.999ms
[2025-03-05T14:32:48.900+0300][164.276s][info ][gc] GC(135) Pause Young (Normal) (G1 Evacuation Pause) 308M->3M(512M) 1.893ms
[2025-03-05T14:32:50.115+0300][165.491s][info ][gc] GC(136) Pause Young (Normal) (G1 Evacuation Pause) 308M->3M(512M) 1.458ms
[2025-03-05T14:32:51.341+0300][166.717s][info ][gc] GC(137) Pause Young (Normal) (G1 Evacuation Pause) 309M->2M(512M) 1.205ms
[2025-03-05T14:32:52.561+0300][167.937s][info ][gc] GC(138) Pause Young (Normal) (G1 Evacuation Pause) 308M->2M(512M) 1.008ms
[2025-03-05T14:32:53.778+0300][169.154s][info ][gc] GC(139) Pause Young (Normal) (G1 Evacuation Pause) 308M->2M(512M) 0.831ms
[2025-03-05T14:32:54.992+0300][170.368s][info ][gc] GC(140) Pause Young (Normal) (G1 Evacuation Pause) 308M->3M(512M) 2.002ms
[2025-03-05T14:32:56.204+0300][171.579s][info ][gc] GC(141) Pause Young (Normal) (G1 Evacuation Pause) 308M->3M(512M) 1.695ms
[2025-03-05T14:32:57.419+0300][172.794s][info ][gc] GC(142) Pause Young (Normal) (G1 Evacuation Pause) 308M->3M(512M) 1.428ms
[2025-03-05T14:32:58.641+0300][174.017s][info ][gc] GC(143) Pause Young (Normal) (G1 Evacuation Pause) 309M->2M(512M) 1.275ms
[2025-03-05T14:32:59.854+0300][175.230s][info ][gc] GC(144) Pause Young (Normal) (G1 Evacuation Pause) 308M->2M(512M) 1.136ms
[2025-03-05T14:33:01.078+0300][176.454s][info ][gc] GC(145) Pause Young (Normal) (G1 Evacuation Pause) 308M->3M(512M) 1.812ms
[2025-03-05T14:33:02.296+0300][177.672s][info ][gc] GC(146) Pause Young (Normal) (G1 Evacuation Pause) 308M->3M(512M) 2.134ms
[2025-03-05T14:33:03.518+0300][178.894s][info ][gc] GC(147) Pause Young (Normal) (G1 Evacuation Pause) 308M->3M(512M) 1.365ms
[2025-03-05T14:33:04.843+0300][180.219s][info ][gc] GC(148) Pause Young (Normal) (G1 Evacuation Pause) 309M->2M(512M) 1.158ms
[2025-03-05T14:33:06.067+0300][181.443s][info ][gc] GC(149) Pause Young (Normal) (G1 Evacuation Pause) 308M->2M(512M) 1.051ms
[2025-03-05T14:33:07.283+0300][182.660s][info ][gc] GC(150) Pause Young (Normal) (G1 Evacuation Pause) 308M->3M(512M) 2.252ms
[2025-03-05T14:33:08.505+0300][183.880s][info ][gc] GC(151) Pause Young (Normal) (G1 Evacuation Pause) 308M->3M(512M) 2.082ms
[2025-03-05T14:33:09.713+0300][185.089s][info ][gc] GC(152) Pause Young (Normal) (G1 Evacuation Pause) 308M->3M(512M) 1.467ms
[2025-03-05T14:33:10.950+0300][186.326s][info ][gc] GC(153) Pause Young (Normal) (G1 Evacuation Pause) 309M->2M(512M) 0.916ms
[2025-03-05T14:33:12.170+0300][187.546s][info ][gc] GC(154) Pause Young (Normal) (G1 Evacuation Pause) 308M->2M(512M) 1.120ms
[2025-03-05T14:33:13.398+0300][188.773s][info ][gc] GC(155) Pause Young (Normal) (G1 Evacuation Pause) 308M->4M(512M) 2.702ms
[2025-03-05T14:33:14.610+0300][189.986s][info ][gc] GC(156) Pause Young (Normal) (G1 Evacuation Pause) 309M->3M(512M) 2.456ms
[2025-03-05T14:33:15.824+0300][191.200s][info ][gc] GC(157) Pause Young (Normal) (G1 Evacuation Pause) 308M->3M(512M) 1.713ms
[2025-03-05T14:33:17.097+0300][192.472s][info ][gc] GC(158) Pause Young (Normal) (G1 Evacuation Pause) 309M->3M(512M) 1.265ms
[2025-03-05T14:33:18.318+0300][193.693s][info ][gc] GC(159) Pause Young (Normal) (G1 Evacuation Pause) 309M->2M(512M) 1.039ms
[2025-03-05T14:33:19.559+0300][194.935s][info ][gc] GC(160) Pause Young (Normal) (G1 Evacuation Pause) 308M->2M(512M) 1.089ms
[2025-03-05T14:33:20.797+0300][196.173s][info ][gc] GC(161) Pause Young (Normal) (G1 Evacuation Pause) 308M->3M(512M) 2.476ms
[2025-03-05T14:33:22.019+0300][197.395s][info ][gc] GC(162) Pause Young (Normal) (G1 Evacuation Pause) 308M->3M(512M) 1.973ms
[2025-03-05T14:33:23.224+0300][198.600s][info ][gc] GC(163) Pause Young (Normal) (G1 Evacuation Pause) 308M->3M(512M) 1.254ms
[2025-03-05T14:33:24.449+0300][199.824s][info ][gc] GC(164) Pause Young (Normal) (G1 Evacuation Pause) 309M->2M(512M) 1.141ms
[2025-03-05T14:33:25.670+0300][201.046s][info ][gc] GC(165) Pause Young (Normal) (G1 Evacuation Pause) 308M->2M(512M) 0.933ms
[2025-03-05T14:33:26.884+0300][202.260s][info ][gc] GC(166) Pause Young (Normal) (G1 Evacuation Pause) 308M->3M(512M) 1.995ms
[2025-03-05T14:33:28.098+0300][203.473s][info ][gc] GC(167) Pause Young (Normal) (G1 Evacuation Pause) 308M->3M(512M) 1.880ms
[2025-03-05T14:33:29.308+0300][204.684s][info ][gc] GC(168) Pause Young (Normal) (G1 Evacuation Pause) 308M->3M(512M) 1.321ms
[2025-03-05T14:33:30.526+0300][205.902s][info ][gc] GC(169) Pause Young (Normal) (G1 Evacuation Pause) 309M->2M(512M) 1.366ms
[2025-03-05T14:33:31.743+0300][207.119s][info ][gc] GC(170) Pause Young (Normal) (G1 Evacuation Pause) 308M->2M(512M) 0.977ms
[2025-03-05T14:33:32.980+0300][208.356s][info ][gc] GC(171) Pause Young (Normal) (G1 Evacuation Pause) 308M->4M(512M) 2.341ms
[2025-03-05T14:33:34.255+0300][209.631s][info ][gc] GC(172) Pause Young (Normal) (G1 Evacuation Pause) 309M->3M(512M) 1.791ms
[2025-03-05T14:33:35.549+0300][210.925s][info ][gc] GC(173) Pause Young (Normal) (G1 Evacuation Pause) 308M->3M(512M) 1.623ms
[2025-03-05T14:33:36.801+0300][212.177s][info ][gc] GC(174) Pause Young (Normal) (G1 Evacuation Pause) 309M->3M(512M) 1.202ms
[2025-03-05T14:33:38.018+0300][213.393s][info ][gc] GC(175) Pause Young (Normal) (G1 Evacuation Pause) 309M->2M(512M) 1.218ms
[2025-03-05T14:33:39.241+0300][214.616s][info ][gc] GC(176) Pause Young (Normal) (G1 Evacuation Pause) 308M->2M(512M) 0.795ms
[2025-03-05T14:33:40.459+0300][215.835s][info ][gc] GC(177) Pause Young (Normal) (G1 Evacuation Pause) 308M->3M(512M) 1.805ms
[2025-03-05T14:33:41.676+0300][217.052s][info ][gc] GC(178) Pause Young (Normal) (G1 Evacuation Pause) 308M->3M(512M) 1.481ms
[2025-03-05T14:33:42.882+0300][218.258s][info ][gc] GC(179) Pause Young (Normal) (G1 Evacuation Pause) 308M->3M(512M) 1.678ms
[2025-03-05T14:33:44.104+0300][219.480s][info ][gc] GC(180) Pause Young (Normal) (G1 Evacuation Pause) 309M->2M(512M) 0.985ms
[2025-03-05T14:33:45.320+0300][220.697s][info ][gc] GC(181) Pause Young (Normal) (G1 Evacuation Pause) 308M->2M(512M) 0.964ms
[2025-03-05T14:33:46.539+0300][221.915s][info ][gc] GC(182) Pause Young (Normal) (G1 Evacuation Pause) 308M->3M(512M) 1.991ms
[2025-03-05T14:33:47.757+0300][223.133s][info ][gc] GC(183) Pause Young (Normal) (G1 Evacuation Pause) 308M->3M(512M) 2.045ms
[2025-03-05T14:33:48.963+0300][224.339s][info ][gc] GC(184) Pause Young (Normal) (G1 Evacuation Pause) 308M->3M(512M) 1.577ms
[2025-03-05T14:33:50.186+0300][225.562s][info ][gc] GC(185) Pause Young (Normal) (G1 Evacuation Pause) 309M->2M(512M) 1.252ms
[2025-03-05T14:33:51.420+0300][226.796s][info ][gc] GC(186) Pause Young (Normal) (G1 Evacuation Pause) 308M->2M(512M) 1.350ms
[2025-03-05T14:33:52.638+0300][228.014s][info ][gc] GC(187) Pause Young (Normal) (G1 Evacuation Pause) 308M->3M(512M) 2.264ms
[2025-03-05T14:33:53.889+0300][229.265s][info ][gc] GC(188) Pause Young (Normal) (G1 Evacuation Pause) 308M->3M(512M) 2.010ms
[2025-03-05T14:33:55.174+0300][230.549s][info ][gc] GC(189) Pause Young (Normal) (G1 Evacuation Pause) 308M->3M(512M) 1.409ms
[2025-03-05T14:33:56.398+0300][231.774s][info ][gc] GC(190) Pause Young (Normal) (G1 Evacuation Pause) 309M->2M(512M) 1.153ms
[2025-03-05T14:33:57.616+0300][232.991s][info ][gc] GC(191) Pause Young (Normal) (G1 Evacuation Pause) 308M->2M(512M) 1.251ms
[2025-03-05T14:33:58.835+0300][234.210s][info ][gc] GC(192) Pause Young (Normal) (G1 Evacuation Pause) 308M->2M(512M) 0.641ms
[2025-03-05T14:34:00.057+0300][235.433s][info ][gc] GC(193) Pause Young (Normal) (G1 Evacuation Pause) 308M->3M(512M) 2.353ms
[2025-03-05T14:34:01.266+0300][236.642s][info ][gc] GC(194) Pause Young (Normal) (G1 Evacuation Pause) 308M->3M(512M) 1.973ms
[2025-03-05T14:34:02.485+0300][237.861s][info ][gc] GC(195) Pause Young (Normal) (G1 Evacuation Pause) 309M->3M(512M) 1.482ms
[2025-03-05T14:34:03.700+0300][239.076s][info ][gc] GC(196) Pause Young (Normal) (G1 Evacuation Pause) 309M->2M(512M) 0.917ms
[2025-03-05T14:34:04.969+0300][240.344s][info ][gc] GC(197) Pause Young (Normal) (G1 Evacuation Pause) 308M->2M(512M) 0.902ms
[2025-03-05T14:34:06.197+0300][241.573s][info ][gc] GC(198) Pause Young (Normal) (G1 Evacuation Pause) 308M->3M(512M) 1.883ms
[2025-03-05T14:34:07.413+0300][242.788s][info ][gc] GC(199) Pause Young (Normal) (G1 Evacuation Pause) 308M->3M(512M) 1.750ms
[2025-03-05T14:34:08.644+0300][244.020s][info ][gc] GC(200) Pause Young (Normal) (G1 Evacuation Pause) 308M->3M(512M) 1.628ms
[2025-03-05T14:34:09.858+0300][245.235s][info ][gc] GC(201) Pause Young (Normal) (G1 Evacuation Pause) 309M->3M(512M) 1.209ms
[2025-03-05T14:34:11.075+0300][246.450s][info ][gc] GC(202) Pause Young (Normal) (G1 Evacuation Pause) 309M->2M(512M) 0.989ms
[2025-03-05T14:34:12.304+0300][247.680s][info ][gc] GC(203) Pause Young (Normal) (G1 Evacuation Pause) 308M->3M(512M) 2.339ms
[2025-03-05T14:34:13.522+0300][248.898s][info ][gc] GC(204) Pause Young (Normal) (G1 Evacuation Pause) 308M->3M(512M) 2.104ms
[2025-03-05T14:34:14.749+0300][250.124s][info ][gc] GC(205) Pause Young (Normal) (G1 Evacuation Pause) 308M->3M(512M) 1.634ms
[2025-03-05T14:34:15.965+0300][251.340s][info ][gc] GC(206) Pause Young (Normal) (G1 Evacuation Pause) 309M->3M(512M) 1.218ms
[2025-03-05T14:34:17.180+0300][252.555s][info ][gc] GC(207) Pause Young (Normal) (G1 Evacuation Pause) 309M->2M(512M) 1.279ms
[2025-03-05T14:34:18.397+0300][253.773s][info ][gc] GC(208) Pause Young (Normal) (G1 Evacuation Pause) 308M->2M(512M) 0.799ms
[2025-03-05T14:34:19.632+0300][255.007s][info ][gc] GC(209) Pause Young (Normal) (G1 Evacuation Pause) 308M->3M(512M) 2.349ms
[2025-03-05T14:34:20.974+0300][256.349s][info ][gc] GC(210) Pause Young (Normal) (G1 Evacuation Pause) 308M->3M(512M) 1.736ms
[2025-03-05T14:34:22.190+0300][257.565s][info ][gc] GC(211) Pause Young (Normal) (G1 Evacuation Pause) 308M->3M(512M) 1.598ms
[2025-03-05T14:34:23.405+0300][258.780s][info ][gc] GC(212) Pause Young (Normal) (G1 Evacuation Pause) 309M->2M(512M) 1.014ms
[2025-03-05T14:34:24.621+0300][259.996s][info ][gc] GC(213) Pause Young (Normal) (G1 Evacuation Pause) 308M->2M(512M) 1.091ms
[2025-03-05T14:34:25.837+0300][261.213s][info ][gc] GC(214) Pause Young (Normal) (G1 Evacuation Pause) 308M->3M(512M) 2.232ms
[2025-03-05T14:34:27.051+0300][262.426s][info ][gc] GC(215) Pause Young (Normal) (G1 Evacuation Pause) 308M->3M(512M) 1.953ms
[2025-03-05T14:34:28.268+0300][263.644s][info ][gc] GC(216) Pause Young (Normal) (G1 Evacuation Pause) 308M->3M(512M) 1.218ms
[2025-03-05T14:34:29.477+0300][264.852s][info ][gc] GC(217) Pause Young (Normal) (G1 Evacuation Pause) 309M->2M(512M) 1.229ms
[2025-03-05T14:34:30.694+0300][266.069s][info ][gc] GC(218) Pause Young (Normal) (G1 Evacuation Pause) 308M->2M(512M) 0.909ms
[2025-03-05T14:34:31.908+0300][267.284s][info ][gc] GC(219) Pause Young (Normal) (G1 Evacuation Pause) 308M->3M(512M) 2.054ms
[2025-03-05T14:34:33.124+0300][268.500s][info ][gc] GC(220) Pause Young (Normal) (G1 Evacuation Pause) 308M->3M(512M) 2.011ms
[2025-03-05T14:34:34.342+0300][269.718s][info ][gc] GC(221) Pause Young (Normal) (G1 Evacuation Pause) 308M->3M(512M) 1.597ms
[2025-03-05T14:34:35.562+0300][270.938s][info ][gc] GC(222) Pause Young (Normal) (G1 Evacuation Pause) 309M->3M(512M) 1.404ms
[2025-03-05T14:34:36.781+0300][272.156s][info ][gc] GC(223) Pause Young (Normal) (G1 Evacuation Pause) 309M->2M(512M) 1.118ms
[2025-03-05T14:34:37.993+0300][273.369s][info ][gc] GC(224) Pause Young (Normal) (G1 Evacuation Pause) 308M->2M(512M) 0.892ms
[2025-03-05T14:34:39.215+0300][274.591s][info ][gc] GC(225) Pause Young (Normal) (G1 Evacuation Pause) 308M->3M(512M) 1.955ms
[2025-03-05T14:34:40.498+0300][275.874s][info ][gc] GC(226) Pause Young (Normal) (G1 Evacuation Pause) 308M->3M(512M) 1.645ms
[2025-03-05T14:34:41.726+0300][277.101s][info ][gc] GC(227) Pause Young (Normal) (G1 Evacuation Pause) 308M->3M(512M) 1.287ms
[2025-03-05T14:34:42.978+0300][278.355s][info ][gc] GC(228) Pause Young (Normal) (G1 Evacuation Pause) 309M->2M(512M) 1.265ms
[2025-03-05T14:34:44.200+0300][279.575s][info ][gc] GC(229) Pause Young (Normal) (G1 Evacuation Pause) 308M->2M(512M) 0.781ms
[2025-03-05T14:34:45.426+0300][280.802s][info ][gc] GC(230) Pause Young (Normal) (G1 Evacuation Pause) 308M->3M(512M) 2.066ms
[2025-03-05T14:34:46.634+0300][282.010s][info ][gc] GC(231) Pause Young (Normal) (G1 Evacuation Pause) 308M->3M(512M) 1.516ms
[2025-03-05T14:34:47.847+0300][283.223s][info ][gc] GC(232) Pause Young (Normal) (G1 Evacuation Pause) 308M->3M(512M) 1.444ms
[2025-03-05T14:34:49.058+0300][284.433s][info ][gc] GC(233) Pause Young (Normal) (G1 Evacuation Pause) 309M->2M(512M) 1.055ms
[2025-03-05T14:34:50.278+0300][285.653s][info ][gc] GC(234) Pause Young (Normal) (G1 Evacuation Pause) 308M->2M(512M) 1.166ms
[2025-03-05T14:34:51.507+0300][286.883s][info ][gc] GC(235) Pause Young (Normal) (G1 Evacuation Pause) 308M->3M(512M) 2.137ms
[2025-03-05T14:34:52.725+0300][288.101s][info ][gc] GC(236) Pause Young (Normal) (G1 Evacuation Pause) 308M->3M(512M) 1.905ms
[2025-03-05T14:34:53.939+0300][289.314s][info ][gc] GC(237) Pause Young (Normal) (G1 Evacuation Pause) 308M->3M(512M) 1.562ms
[2025-03-05T14:34:55.151+0300][290.526s][info ][gc] GC(238) Pause Young (Normal) (G1 Evacuation Pause) 309M->2M(512M) 1.211ms
[2025-03-05T14:34:56.419+0300][291.794s][info ][gc] GC(239) Pause Young (Normal) (G1 Evacuation Pause) 308M->2M(512M) 1.237ms
[2025-03-05T14:34:57.634+0300][293.010s][info ][gc] GC(240) Pause Young (Normal) (G1 Evacuation Pause) 308M->4M(512M) 2.439ms
[2025-03-05T14:34:58.840+0300][294.216s][info ][gc] GC(241) Pause Young (Normal) (G1 Evacuation Pause) 309M->3M(512M) 2.100ms
[2025-03-05T14:35:00.058+0300][295.434s][info ][gc] GC(242) Pause Young (Normal) (G1 Evacuation Pause) 308M->3M(512M) 1.768ms
[2025-03-05T14:35:01.282+0300][296.658s][info ][gc] GC(243) Pause Young (Normal) (G1 Evacuation Pause) 309M->3M(512M) 1.687ms
[2025-03-05T14:35:02.491+0300][297.867s][info ][gc] GC(244) Pause Young (Normal) (G1 Evacuation Pause) 309M->2M(512M) 0.896ms
[2025-03-05T14:35:03.708+0300][299.084s][info ][gc] GC(245) Pause Young (Normal) (G1 Evacuation Pause) 308M->2M(512M) 1.063ms
[2025-03-05T14:35:04.929+0300][300.305s][info ][gc] GC(246) Pause Young (Normal) (G1 Evacuation Pause) 308M->3M(512M) 2.106ms
[2025-03-05T14:35:06.138+0300][301.513s][info ][gc] GC(247) Pause Young (Normal) (G1 Evacuation Pause) 308M->3M(512M) 1.824ms
[2025-03-05T14:35:07.357+0300][302.732s][info ][gc] GC(248) Pause Young (Normal) (G1 Evacuation Pause) 308M->3M(512M) 1.489ms
[2025-03-05T14:35:08.585+0300][303.961s][info ][gc] GC(249) Pause Young (Normal) (G1 Evacuation Pause) 309M->2M(512M) 1.128ms
[2025-03-05T14:35:09.801+0300][305.177s][info ][gc] GC(250) Pause Young (Normal) (G1 Evacuation Pause) 308M->2M(512M) 0.782ms
[2025-03-05T14:35:11.011+0300][306.387s][info ][gc] GC(251) Pause Young (Normal) (G1 Evacuation Pause) 308M->3M(512M) 2.059ms
[2025-03-05T14:35:12.227+0300][307.602s][info ][gc] GC(252) Pause Young (Normal) (G1 Evacuation Pause) 308M->3M(512M) 1.663ms
[2025-03-05T14:35:13.436+0300][308.811s][info ][gc] GC(253) Pause Young (Normal) (G1 Evacuation Pause) 308M->3M(512M) 1.406ms
[2025-03-05T14:35:14.651+0300][310.027s][info ][gc] GC(254) Pause Young (Normal) (G1 Evacuation Pause) 309M->2M(512M) 1.211ms
[2025-03-05T14:35:15.942+0300][311.317s][info ][gc] GC(255) Pause Young (Normal) (G1 Evacuation Pause) 308M->2M(512M) 0.860ms
[2025-03-05T14:35:17.166+0300][312.541s][info ][gc] GC(256) Pause Young (Normal) (G1 Evacuation Pause) 308M->3M(512M) 2.318ms
[2025-03-05T14:35:18.375+0300][313.751s][info ][gc] GC(257) Pause Young (Normal) (G1 Evacuation Pause) 308M->3M(512M) 1.831ms
[2025-03-05T14:35:19.610+0300][314.986s][info ][gc] GC(258) Pause Young (Normal) (G1 Evacuation Pause) 308M->3M(512M) 1.709ms
[2025-03-05T14:35:20.835+0300][316.210s][info ][gc] GC(259) Pause Young (Normal) (G1 Evacuation Pause) 309M->3M(512M) 1.226ms
[2025-03-05T14:35:22.051+0300][317.426s][info ][gc] GC(260) Pause Young (Normal) (G1 Evacuation Pause) 309M->2M(512M) 1.126ms
[2025-03-05T14:35:23.269+0300][318.644s][info ][gc] GC(261) Pause Young (Normal) (G1 Evacuation Pause) 308M->2M(512M) 0.703ms
[2025-03-05T14:35:24.481+0300][319.856s][info ][gc] GC(262) Pause Young (Normal) (G1 Evacuation Pause) 308M->3M(512M) 1.996ms
[2025-03-05T14:35:25.693+0300][321.069s][info ][gc] GC(263) Pause Young (Normal) (G1 Evacuation Pause) 308M->3M(512M) 1.732ms
[2025-03-05T14:35:26.901+0300][322.276s][info ][gc] GC(264) Pause Young (Normal) (G1 Evacuation Pause) 308M->3M(512M) 1.147ms
[2025-03-05T14:35:28.114+0300][323.489s][info ][gc] GC(265) Pause Young (Normal) (G1 Evacuation Pause) 309M->2M(512M) 1.258ms
[2025-03-05T14:35:29.331+0300][324.707s][info ][gc] GC(266) Pause Young (Normal) (G1 Evacuation Pause) 308M->2M(512M) 0.773ms
[2025-03-05T14:35:30.543+0300][325.919s][info ][gc] GC(267) Pause Young (Normal) (G1 Evacuation Pause) 308M->3M(512M) 1.919ms
[2025-03-05T14:35:31.755+0300][327.131s][info ][gc] GC(268) Pause Young (Normal) (G1 Evacuation Pause) 308M->3M(512M) 2.177ms
[2025-03-05T14:35:32.966+0300][328.343s][info ][gc] GC(269) Pause Young (Normal) (G1 Evacuation Pause) 308M->3M(512M) 1.630ms
[2025-03-05T14:35:34.203+0300][329.579s][info ][gc] GC(270) Pause Young (Normal) (G1 Evacuation Pause) 309M->2M(512M) 1.089ms
[2025-03-05T14:35:35.436+0300][330.811s][info ][gc] GC(271) Pause Young (Normal) (G1 Evacuation Pause) 308M->2M(512M) 1.029ms
[2025-03-05T14:35:36.655+0300][332.031s][info ][gc] GC(272) Pause Young (Normal) (G1 Evacuation Pause) 308M->3M(512M) 2.750ms
[2025-03-05T14:35:37.867+0300][333.243s][info ][gc] GC(273) Pause Young (Normal) (G1 Evacuation Pause) 308M->3M(512M) 1.658ms
[2025-03-05T14:35:39.082+0300][334.458s][info ][gc] GC(274) Pause Young (Normal) (G1 Evacuation Pause) 308M->3M(512M) 1.638ms
[2025-03-05T14:35:40.304+0300][335.680s][info ][gc] GC(275) Pause Young (Normal) (G1 Evacuation Pause) 309M->2M(512M) 1.298ms
[2025-03-05T14:35:41.553+0300][336.928s][info ][gc] GC(276) Pause Young (Normal) (G1 Evacuation Pause) 308M->2M(512M) 1.087ms
[2025-03-05T14:35:42.820+0300][338.195s][info ][gc] GC(277) Pause Young (Normal) (G1 Evacuation Pause) 308M->4M(512M) 2.343ms
[2025-03-05T14:35:44.032+0300][339.408s][info ][gc] GC(278) Pause Young (Normal) (G1 Evacuation Pause) 309M->3M(512M) 2.261ms
[2025-03-05T14:35:45.304+0300][340.680s][info ][gc] GC(279) Pause Young (Normal) (G1 Evacuation Pause) 308M->3M(512M) 1.422ms
[2025-03-05T14:35:46.634+0300][342.010s][info ][gc] GC(280) Pause Young (Normal) (G1 Evacuation Pause) 309M->3M(512M) 1.848ms
[2025-03-05T14:35:47.859+0300][343.235s][info ][gc] GC(281) Pause Young (Normal) (G1 Evacuation Pause) 309M->2M(512M) 1.147ms
[2025-03-05T14:35:49.074+0300][344.449s][info ][gc] GC(282) Pause Young (Normal) (G1 Evacuation Pause) 308M->2M(512M) 0.965ms
[2025-03-05T14:35:50.312+0300][345.688s][info ][gc] GC(283) Pause Young (Normal) (G1 Evacuation Pause) 308M->3M(512M) 1.883ms
[2025-03-05T14:35:51.520+0300][346.895s][info ][gc] GC(284) Pause Young (Normal) (G1 Evacuation Pause) 308M->3M(512M) 1.806ms
[2025-03-05T14:35:52.746+0300][348.122s][info ][gc] GC(285) Pause Young (Normal) (G1 Evacuation Pause) 308M->3M(512M) 1.559ms
[2025-03-05T14:35:53.960+0300][349.336s][info ][gc] GC(286) Pause Young (Normal) (G1 Evacuation Pause) 309M->2M(512M) 1.138ms
[2025-03-05T14:35:55.188+0300][350.565s][info ][gc] GC(287) Pause Young (Normal) (G1 Evacuation Pause) 308M->2M(512M) 1.139ms
[2025-03-05T14:35:56.398+0300][351.773s][info ][gc] GC(288) Pause Young (Normal) (G1 Evacuation Pause) 308M->3M(512M) 1.790ms
[2025-03-05T14:35:57.603+0300][352.979s][info ][gc] GC(289) Pause Young (Normal) (G1 Evacuation Pause) 308M->3M(512M) 1.925ms
[2025-03-05T14:35:58.810+0300][354.185s][info ][gc] GC(290) Pause Young (Normal) (G1 Evacuation Pause) 308M->3M(512M) 1.418ms
[2025-03-05T14:36:00.022+0300][355.398s][info ][gc] GC(291) Pause Young (Normal) (G1 Evacuation Pause) 309M->3M(512M) 1.310ms
[2025-03-05T14:36:01.239+0300][356.615s][info ][gc] GC(292) Pause Young (Normal) (G1 Evacuation Pause) 309M->2M(512M) 1.010ms
[2025-03-05T14:36:02.456+0300][357.831s][info ][gc] GC(293) Pause Young (Normal) (G1 Evacuation Pause) 308M->4M(512M) 2.495ms
[2025-03-05T14:36:03.669+0300][359.045s][info ][gc] GC(294) Pause Young (Normal) (G1 Evacuation Pause) 309M->3M(512M) 1.777ms
[2025-03-05T14:36:04.885+0300][360.261s][info ][gc] GC(295) Pause Young (Normal) (G1 Evacuation Pause) 308M->3M(512M) 1.434ms
[2025-03-05T14:36:06.114+0300][361.489s][info ][gc] GC(296) Pause Young (Normal) (G1 Evacuation Pause) 309M->3M(512M) 1.611ms
[2025-03-05T14:36:07.331+0300][362.707s][info ][gc] GC(297) Pause Young (Normal) (G1 Evacuation Pause) 309M->2M(512M) 1.028ms
[2025-03-05T14:36:08.542+0300][363.918s][info ][gc] GC(298) Pause Young (Normal) (G1 Evacuation Pause) 308M->2M(512M) 0.943ms
[2025-03-05T14:36:09.760+0300][365.136s][info ][gc] GC(299) Pause Young (Normal) (G1 Evacuation Pause) 308M->3M(512M) 2.159ms
[2025-03-05T14:36:10.964+0300][366.340s][info ][gc] GC(300) Pause Young (Normal) (G1 Evacuation Pause) 308M->3M(512M) 1.502ms
[2025-03-05T14:36:12.192+0300][367.568s][info ][gc] GC(301) Pause Young (Normal) (G1 Evacuation Pause) 308M->3M(512M) 1.331ms
[2025-03-05T14:36:13.412+0300][368.788s][info ][gc] GC(302) Pause Young (Normal) (G1 Evacuation Pause) 309M->2M(512M) 1.647ms
[2025-03-05T14:36:14.628+0300][370.004s][info ][gc] GC(303) Pause Young (Normal) (G1 Evacuation Pause) 308M->2M(512M) 0.889ms
[2025-03-05T14:36:15.844+0300][371.219s][info ][gc] GC(304) Pause Young (Normal) (G1 Evacuation Pause) 308M->3M(512M) 2.105ms
[2025-03-05T14:36:17.060+0300][372.436s][info ][gc] GC(305) Pause Young (Normal) (G1 Evacuation Pause) 308M->3M(512M) 2.002ms
[2025-03-05T14:36:18.265+0300][373.641s][info ][gc] GC(306) Pause Young (Normal) (G1 Evacuation Pause) 308M->3M(512M) 1.447ms
[2025-03-05T14:36:19.479+0300][374.854s][info ][gc] GC(307) Pause Young (Normal) (G1 Evacuation Pause) 309M->2M(512M) 1.170ms
[2025-03-05T14:36:20.738+0300][376.113s][info ][gc] GC(308) Pause Young (Normal) (G1 Evacuation Pause) 308M->2M(512M) 1.059ms
[2025-03-05T14:36:21.980+0300][377.355s][info ][gc] GC(309) Pause Young (Normal) (G1 Evacuation Pause) 308M->3M(512M) 2.960ms
[2025-03-05T14:36:23.196+0300][378.572s][info ][gc] GC(310) Pause Young (Normal) (G1 Evacuation Pause) 308M->3M(512M) 2.195ms
[2025-03-05T14:36:24.417+0300][379.793s][info ][gc] GC(311) Pause Young (Normal) (G1 Evacuation Pause) 308M->3M(512M) 1.595ms
[2025-03-05T14:36:25.639+0300][381.014s][info ][gc] GC(312) Pause Young (Normal) (G1 Evacuation Pause) 309M->2M(512M) 1.336ms
[2025-03-05T14:36:26.851+0300][382.226s][info ][gc] GC(313) Pause Young (Normal) (G1 Evacuation Pause) 308M->2M(512M) 1.155ms
[2025-03-05T14:36:28.077+0300][383.453s][info ][gc] GC(314) Pause Young (Normal) (G1 Evacuation Pause) 308M->2M(512M) 0.916ms
[2025-03-05T14:36:29.458+0300][384.834s][info ][gc] GC(315) Pause Young (Normal) (G1 Evacuation Pause) 308M->3M(512M) 2.077ms
[2025-03-05T14:36:30.700+0300][386.076s][info ][gc] GC(316) Pause Young (Normal) (G1 Evacuation Pause) 308M->3M(512M) 1.916ms
[2025-03-05T14:36:32.114+0300][387.489s][info ][gc] GC(317) Pause Young (Normal) (G1 Evacuation Pause) 308M->3M(512M) 1.593ms
[2025-03-05T14:36:33.504+0300][388.879s][info ][gc] GC(318) Pause Young (Normal) (G1 Evacuation Pause) 309M->2M(512M) 1.246ms
[2025-03-05T14:36:34.878+0300][390.254s][info ][gc] GC(319) Pause Young (Normal) (G1 Evacuation Pause) 308M->2M(512M) 0.910ms
[2025-03-05T14:36:36.172+0300][391.548s][info ][gc] GC(320) Pause Young (Normal) (G1 Evacuation Pause) 308M->3M(512M) 2.431ms
[2025-03-05T14:36:37.407+0300][392.783s][info ][gc] GC(321) Pause Young (Normal) (G1 Evacuation Pause) 308M->3M(512M) 1.704ms
[2025-03-05T14:36:38.649+0300][394.025s][info ][gc] GC(322) Pause Young (Normal) (G1 Evacuation Pause) 308M->3M(512M) 1.397ms
[2025-03-05T14:36:39.874+0300][395.250s][info ][gc] GC(323) Pause Young (Normal) (G1 Evacuation Pause) 309M->2M(512M) 1.176ms
[2025-03-05T14:36:41.094+0300][396.470s][info ][gc] GC(324) Pause Young (Normal) (G1 Evacuation Pause) 308M->2M(512M) 0.905ms
[2025-03-05T14:36:42.314+0300][397.690s][info ][gc] GC(325) Pause Young (Normal) (G1 Evacuation Pause) 308M->3M(512M) 2.118ms
[2025-03-05T14:36:43.539+0300][398.915s][info ][gc] GC(326) Pause Young (Normal) (G1 Evacuation Pause) 308M->3M(512M) 2.282ms
[2025-03-05T14:36:44.774+0300][400.150s][info ][gc] GC(327) Pause Young (Normal) (G1 Evacuation Pause) 308M->3M(512M) 1.594ms
[2025-03-05T14:36:46.267+0300][401.642s][info ][gc] GC(328) Pause Young (Normal) (G1 Evacuation Pause) 309M->3M(512M) 1.458ms
[2025-03-05T14:36:47.792+0300][403.167s][info ][gc] GC(329) Pause Young (Normal) (G1 Evacuation Pause) 309M->2M(512M) 1.237ms
[2025-03-05T14:36:49.026+0300][404.402s][info ][gc] GC(330) Pause Young (Normal) (G1 Evacuation Pause) 308M->2M(512M) 0.791ms
[2025-03-05T14:36:50.255+0300][405.631s][info ][gc] GC(331) Pause Young (Normal) (G1 Evacuation Pause) 308M->3M(512M) 2.859ms
[2025-03-05T14:36:51.486+0300][406.861s][info ][gc] GC(332) Pause Young (Normal) (G1 Evacuation Pause) 308M->3M(512M) 1.816ms
[2025-03-05T14:36:52.710+0300][408.086s][info ][gc] GC(333) Pause Young (Normal) (G1 Evacuation Pause) 308M->3M(512M) 1.349ms
[2025-03-05T14:36:53.920+0300][409.296s][info ][gc] GC(334) Pause Young (Normal) (G1 Evacuation Pause) 309M->2M(512M) 1.419ms
[2025-03-05T14:36:55.267+0300][410.642s][info ][gc] GC(335) Pause Young (Normal) (G1 Evacuation Pause) 308M->2M(512M) 0.912ms
[2025-03-05T14:36:56.494+0300][411.870s][info ][gc] GC(336) Pause Young (Normal) (G1 Evacuation Pause) 308M->3M(512M) 2.151ms
[2025-03-05T14:36:57.745+0300][413.121s][info ][gc] GC(337) Pause Young (Normal) (G1 Evacuation Pause) 308M->3M(512M) 1.763ms
[2025-03-05T14:36:58.959+0300][414.335s][info ][gc] GC(338) Pause Young (Normal) (G1 Evacuation Pause) 308M->3M(512M) 1.672ms
