[2025-03-04T23:48:41.847+0300][0.011s][info][gc] Using G1
[2025-03-04T23:48:41.847+0300][0.011s][debug][gc] ConcGCThreads: 2 offset 16
[2025-03-04T23:48:41.847+0300][0.011s][debug][gc] ParallelGCThreads: 8
[2025-03-04T23:48:41.847+0300][0.011s][debug][gc] Initialize mark stack with 4096 chunks, maximum 524288
[2025-03-04T23:48:42.430+0300][0.594s][info ][gc] GC(0) Pause Young (Normal) (G1 Evacuation Pause) 51M->2M(1024M) 3.467ms
[2025-03-04T23:48:42.629+0300][0.793s][info ][gc] GC(1) Pause Young (Normal) (G1 Evacuation Pause) 50M->3M(1024M) 2.949ms
[2025-03-04T23:48:42.764+0300][0.929s][info ][gc] GC(2) Pause Young (Normal) (G1 Evacuation Pause) 50M->5M(1024M) 3.486ms
[2025-03-04T23:48:42.921+0300][1.085s][info ][gc] GC(3) Pause Young (Normal) (G1 Evacuation Pause) 51M->3M(1024M) 2.090ms
[2025-03-04T23:48:43.076+0300][1.240s][info ][gc] GC(4) Pause Young (Normal) (G1 Evacuation Pause) 53M->4M(1024M) 2.271ms
[2025-03-04T23:48:43.222+0300][1.386s][info ][gc] GC(5) Pause Young (Normal) (G1 Evacuation Pause) 53M->5M(1024M) 3.117ms
[2025-03-04T23:48:43.351+0300][1.514s][info ][gc] GC(6) Pause Young (Normal) (G1 Evacuation Pause) 52M->3M(1024M) 2.054ms
[2025-03-04T23:48:43.479+0300][1.643s][info ][gc] GC(7) Pause Young (Normal) (G1 Evacuation Pause) 52M->4M(1024M) 3.047ms
[2025-03-04T23:48:43.603+0300][1.767s][info ][gc] GC(8) Pause Young (Normal) (G1 Evacuation Pause) 52M->2M(1024M) 1.337ms
[2025-03-04T23:48:43.734+0300][1.898s][info ][gc] GC(9) Pause Young (Normal) (G1 Evacuation Pause) 52M->4M(1024M) 2.262ms
[2025-03-04T23:48:43.860+0300][2.023s][info ][gc] GC(10) Pause Young (Normal) (G1 Evacuation Pause) 52M->2M(1024M) 0.824ms
[2025-03-04T23:48:43.990+0300][2.154s][info ][gc] GC(11) Pause Young (Normal) (G1 Evacuation Pause) 52M->3M(1024M) 2.088ms
[2025-03-04T23:48:44.120+0300][2.284s][info ][gc] GC(12) Pause Young (Normal) (G1 Evacuation Pause) 52M->5M(1024M) 3.236ms
[2025-03-04T23:48:44.244+0300][2.409s][info ][gc] GC(13) Pause Young (Normal) (G1 Evacuation Pause) 53M->3M(1024M) 1.569ms
[2025-03-04T23:48:44.373+0300][2.537s][info ][gc] GC(14) Pause Young (Normal) (G1 Evacuation Pause) 52M->4M(1024M) 2.749ms
[2025-03-04T23:48:44.497+0300][2.661s][info ][gc] GC(15) Pause Young (Normal) (G1 Evacuation Pause) 52M->2M(1024M) 1.133ms
[2025-03-04T23:48:44.629+0300][2.793s][info ][gc] GC(16) Pause Young (Normal) (G1 Evacuation Pause) 52M->4M(1024M) 2.426ms
[2025-03-04T23:48:44.755+0300][2.919s][info ][gc] GC(17) Pause Young (Normal) (G1 Evacuation Pause) 53M->2M(1024M) 0.816ms
[2025-03-04T23:48:44.892+0300][3.056s][info ][gc] GC(18) Pause Young (Normal) (G1 Evacuation Pause) 54M->3M(1024M) 2.095ms
[2025-03-04T23:48:45.027+0300][3.191s][info ][gc] GC(19) Pause Young (Normal) (G1 Evacuation Pause) 52M->5M(1024M) 3.074ms
[2025-03-04T23:48:45.151+0300][3.315s][info ][gc] GC(20) Pause Young (Normal) (G1 Evacuation Pause) 53M->3M(1024M) 1.576ms
[2025-03-04T23:48:45.327+0300][3.491s][info ][gc] GC(21) Pause Young (Normal) (G1 Evacuation Pause) 70M->3M(1024M) 1.273ms
[2025-03-04T23:48:45.456+0300][3.621s][info ][gc] GC(22) Pause Young (Normal) (G1 Evacuation Pause) 52M->4M(1024M) 2.720ms
[2025-03-04T23:48:45.582+0300][3.745s][info ][gc] GC(23) Pause Young (Normal) (G1 Evacuation Pause) 52M->2M(1024M) 1.189ms
[2025-03-04T23:48:45.711+0300][3.875s][info ][gc] GC(24) Pause Young (Normal) (G1 Evacuation Pause) 52M->4M(1024M) 2.309ms
[2025-03-04T23:48:45.840+0300][4.004s][info ][gc] GC(25) Pause Young (Normal) (G1 Evacuation Pause) 53M->5M(1024M) 3.540ms
[2025-03-04T23:48:45.963+0300][4.127s][info ][gc] GC(26) Pause Young (Normal) (G1 Evacuation Pause) 52M->3M(1024M) 1.580ms
[2025-03-04T23:48:46.138+0300][4.301s][info ][gc] GC(27) Pause Young (Normal) (G1 Evacuation Pause) 58M->5M(1024M) 3.492ms
[2025-03-04T23:48:46.270+0300][4.434s][info ][gc] GC(28) Pause Young (Normal) (G1 Evacuation Pause) 53M->3M(1024M) 1.698ms
[2025-03-04T23:48:46.400+0300][4.564s][info ][gc] GC(29) Pause Young (Normal) (G1 Evacuation Pause) 52M->4M(1024M) 3.016ms
[2025-03-04T23:48:46.525+0300][4.689s][info ][gc] GC(30) Pause Young (Normal) (G1 Evacuation Pause) 52M->2M(1024M) 1.260ms
[2025-03-04T23:48:46.654+0300][4.818s][info ][gc] GC(31) Pause Young (Normal) (G1 Evacuation Pause) 52M->4M(1024M) 2.380ms
[2025-03-04T23:48:46.780+0300][4.943s][info ][gc] GC(32) Pause Young (Normal) (G1 Evacuation Pause) 52M->2M(1024M) 0.869ms
[2025-03-04T23:48:46.946+0300][5.110s][info ][gc] GC(33) Pause Young (Normal) (G1 Evacuation Pause) 66M->5M(1024M) 3.038ms
[2025-03-04T23:48:47.074+0300][5.237s][info ][gc] GC(34) Pause Young (Normal) (G1 Evacuation Pause) 53M->3M(1024M) 1.501ms
[2025-03-04T23:48:47.201+0300][5.366s][info ][gc] GC(35) Pause Young (Normal) (G1 Evacuation Pause) 52M->4M(1024M) 2.703ms
[2025-03-04T23:48:47.326+0300][5.490s][info ][gc] GC(36) Pause Young (Normal) (G1 Evacuation Pause) 52M->2M(1024M) 1.146ms
[2025-03-04T23:48:47.456+0300][5.620s][info ][gc] GC(37) Pause Young (Normal) (G1 Evacuation Pause) 52M->4M(1024M) 2.119ms
[2025-03-04T23:48:47.585+0300][5.749s][info ][gc] GC(38) Pause Young (Normal) (G1 Evacuation Pause) 53M->5M(1024M) 3.118ms
[2025-03-04T23:48:47.707+0300][5.871s][info ][gc] GC(39) Pause Young (Normal) (G1 Evacuation Pause) 52M->3M(1024M) 1.684ms
[2025-03-04T23:48:47.877+0300][6.043s][info ][gc] GC(40) Pause Young (Normal) (G1 Evacuation Pause) 68M->3M(1024M) 1.206ms
[2025-03-04T23:48:48.047+0300][6.212s][info ][gc] GC(41) Pause Young (Normal) (G1 Evacuation Pause) 64M->2M(1024M) 0.692ms
[2025-03-04T23:48:48.220+0300][6.384s][info ][gc] GC(42) Pause Young (Normal) (G1 Evacuation Pause) 65M->4M(1024M) 2.920ms
[2025-03-04T23:48:48.344+0300][6.509s][info ][gc] GC(43) Pause Young (Normal) (G1 Evacuation Pause) 52M->3M(1024M) 1.403ms
[2025-03-04T23:48:48.477+0300][6.641s][info ][gc] GC(44) Pause Young (Normal) (G1 Evacuation Pause) 53M->4M(1024M) 2.526ms
[2025-03-04T23:48:48.603+0300][6.766s][info ][gc] GC(45) Pause Young (Normal) (G1 Evacuation Pause) 52M->2M(1024M) 0.844ms
[2025-03-04T23:48:48.734+0300][6.899s][info ][gc] GC(46) Pause Young (Normal) (G1 Evacuation Pause) 52M->4M(1024M) 2.200ms
[2025-03-04T23:48:48.865+0300][7.030s][info ][gc] GC(47) Pause Young (Normal) (G1 Evacuation Pause) 53M->5M(1024M) 2.902ms
[2025-03-04T23:48:48.989+0300][7.153s][info ][gc] GC(48) Pause Young (Normal) (G1 Evacuation Pause) 52M->3M(1024M) 1.549ms
[2025-03-04T23:48:49.153+0300][7.317s][info ][gc] GC(49) Pause Young (Normal) (G1 Evacuation Pause) 66M->2M(1024M) 1.204ms
[2025-03-04T23:48:49.287+0300][7.451s][info ][gc] GC(50) Pause Young (Normal) (G1 Evacuation Pause) 52M->4M(1024M) 2.361ms
[2025-03-04T23:48:49.417+0300][7.581s][info ][gc] GC(51) Pause Young (Normal) (G1 Evacuation Pause) 53M->2M(1024M) 1.038ms
[2025-03-04T23:48:49.590+0300][7.754s][info ][gc] GC(52) Pause Young (Normal) (G1 Evacuation Pause) 68M->5M(1024M) 3.555ms
[2025-03-04T23:48:49.715+0300][7.879s][info ][gc] GC(53) Pause Young (Normal) (G1 Evacuation Pause) 52M->3M(1024M) 1.524ms
[2025-03-04T23:48:49.883+0300][8.047s][info ][gc] GC(54) Pause Young (Normal) (G1 Evacuation Pause) 67M->2M(1024M) 1.460ms
[2025-03-04T23:48:50.015+0300][8.180s][info ][gc] GC(55) Pause Young (Normal) (G1 Evacuation Pause) 52M->4M(1024M) 2.459ms
[2025-03-04T23:48:50.140+0300][8.304s][info ][gc] GC(56) Pause Young (Normal) (G1 Evacuation Pause) 52M->2M(1024M) 1.032ms
[2025-03-04T23:48:50.305+0300][8.470s][info ][gc] GC(57) Pause Young (Normal) (G1 Evacuation Pause) 65M->5M(1024M) 3.037ms
[2025-03-04T23:48:50.431+0300][8.595s][info ][gc] GC(58) Pause Young (Normal) (G1 Evacuation Pause) 53M->3M(1024M) 1.256ms
[2025-03-04T23:48:50.561+0300][8.726s][info ][gc] GC(59) Pause Young (Normal) (G1 Evacuation Pause) 53M->4M(1024M) 2.750ms
[2025-03-04T23:48:50.687+0300][8.851s][info ][gc] GC(60) Pause Young (Normal) (G1 Evacuation Pause) 52M->2M(1024M) 1.286ms
[2025-03-04T23:48:50.816+0300][8.980s][info ][gc] GC(61) Pause Young (Normal) (G1 Evacuation Pause) 52M->4M(1024M) 2.075ms
[2025-03-04T23:48:50.947+0300][9.111s][info ][gc] GC(62) Pause Young (Normal) (G1 Evacuation Pause) 53M->5M(1024M) 3.104ms
[2025-03-04T23:48:51.071+0300][9.235s][info ][gc] GC(63) Pause Young (Normal) (G1 Evacuation Pause) 52M->3M(1024M) 1.767ms
[2025-03-04T23:48:51.239+0300][9.403s][info ][gc] GC(64) Pause Young (Normal) (G1 Evacuation Pause) 66M->2M(1024M) 2.121ms
[2025-03-04T23:48:51.372+0300][9.537s][info ][gc] GC(65) Pause Young (Normal) (G1 Evacuation Pause) 52M->4M(1024M) 2.492ms
[2025-03-04T23:48:51.518+0300][9.681s][info ][gc] GC(66) Pause Young (Normal) (G1 Evacuation Pause) 52M->2M(1024M) 0.962ms
[2025-03-04T23:48:51.690+0300][9.854s][info ][gc] GC(67) Pause Young (Normal) (G1 Evacuation Pause) 66M->5M(1024M) 3.969ms
[2025-03-04T23:48:51.817+0300][9.981s][info ][gc] GC(68) Pause Young (Normal) (G1 Evacuation Pause) 53M->3M(1024M) 1.577ms
[2025-03-04T23:48:51.945+0300][10.109s][info ][gc] GC(69) Pause Young (Normal) (G1 Evacuation Pause) 52M->4M(1024M) 2.688ms
[2025-03-04T23:48:52.070+0300][10.234s][info ][gc] GC(70) Pause Young (Normal) (G1 Evacuation Pause) 52M->2M(1024M) 1.217ms
[2025-03-04T23:48:52.202+0300][10.366s][info ][gc] GC(71) Pause Young (Normal) (G1 Evacuation Pause) 52M->4M(1024M) 2.169ms
[2025-03-04T23:48:52.333+0300][10.497s][info ][gc] GC(72) Pause Young (Normal) (G1 Evacuation Pause) 53M->5M(1024M) 3.667ms
[2025-03-04T23:48:52.459+0300][10.623s][info ][gc] GC(73) Pause Young (Normal) (G1 Evacuation Pause) 52M->3M(1024M) 1.705ms
[2025-03-04T23:48:52.635+0300][10.800s][info ][gc] GC(74) Pause Young (Normal) (G1 Evacuation Pause) 70M->3M(1024M) 1.855ms
[2025-03-04T23:48:52.808+0300][10.972s][info ][gc] GC(75) Pause Young (Normal) (G1 Evacuation Pause) 62M->2M(1024M) 0.786ms
[2025-03-04T23:48:54.611+0300][12.775s][info ][gc] GC(76) Pause Young (Normal) (G1 Evacuation Pause) 615M->4M(1024M) 3.684ms
[2025-03-04T23:48:54.736+0300][12.901s][info ][gc] GC(77) Pause Young (Normal) (G1 Evacuation Pause) 52M->3M(1024M) 1.623ms
[2025-03-04T23:48:54.903+0300][13.068s][info ][gc] GC(78) Pause Young (Normal) (G1 Evacuation Pause) 64M->2M(1024M) 0.916ms
[2025-03-04T23:48:55.079+0300][13.242s][info ][gc] GC(79) Pause Young (Normal) (G1 Evacuation Pause) 69M->5M(1024M) 3.498ms
[2025-03-04T23:48:55.202+0300][13.366s][info ][gc] GC(80) Pause Young (Normal) (G1 Evacuation Pause) 52M->3M(1024M) 1.692ms
[2025-03-04T23:48:55.373+0300][13.537s][info ][gc] GC(81) Pause Young (Normal) (G1 Evacuation Pause) 69M->3M(1024M) 1.508ms
[2025-03-04T23:48:55.542+0300][13.706s][info ][gc] GC(82) Pause Young (Normal) (G1 Evacuation Pause) 68M->2M(1024M) 0.988ms
[2025-03-04T23:48:55.673+0300][13.837s][info ][gc] GC(83) Pause Young (Normal) (G1 Evacuation Pause) 52M->4M(1024M) 2.282ms
[2025-03-04T23:48:55.804+0300][13.967s][info ][gc] GC(84) Pause Young (Normal) (G1 Evacuation Pause) 53M->2M(1024M) 0.870ms
[2025-03-04T23:48:55.981+0300][14.145s][info ][gc] GC(85) Pause Young (Normal) (G1 Evacuation Pause) 69M->5M(1024M) 3.215ms
[2025-03-04T23:48:56.115+0300][14.279s][info ][gc] GC(86) Pause Young (Normal) (G1 Evacuation Pause) 52M->3M(1024M) 1.688ms
[2025-03-04T23:48:56.260+0300][14.424s][info ][gc] GC(87) Pause Young (Normal) (G1 Evacuation Pause) 56M->5M(1024M) 4.056ms
[2025-03-04T23:48:56.393+0300][14.557s][info ][gc] GC(88) Pause Young (Normal) (G1 Evacuation Pause) 53M->3M(1024M) 1.654ms
[2025-03-04T23:48:56.567+0300][14.731s][info ][gc] GC(89) Pause Young (Normal) (G1 Evacuation Pause) 68M->2M(1024M) 1.404ms
[2025-03-04T23:48:56.711+0300][14.874s][info ][gc] GC(90) Pause Young (Normal) (G1 Evacuation Pause) 52M->4M(1024M) 2.247ms
[2025-03-04T23:48:56.846+0300][15.010s][info ][gc] GC(91) Pause Young (Normal) (G1 Evacuation Pause) 53M->2M(1024M) 0.823ms
[2025-03-04T23:48:57.016+0300][15.181s][info ][gc] GC(92) Pause Young (Normal) (G1 Evacuation Pause) 64M->5M(1024M) 2.930ms
[2025-03-04T23:48:57.144+0300][15.308s][info ][gc] GC(93) Pause Young (Normal) (G1 Evacuation Pause) 53M->3M(1024M) 1.378ms
[2025-03-04T23:48:57.283+0300][15.447s][info ][gc] GC(94) Pause Young (Normal) (G1 Evacuation Pause) 53M->4M(1024M) 3.042ms
