[2025-03-05T14:44:56.784+0300][0.011s][info][gc] Using G1
[2025-03-05T14:44:56.784+0300][0.011s][debug][gc] ConcGCThreads: 2 offset 16
[2025-03-05T14:44:56.784+0300][0.011s][debug][gc] ParallelGCThreads: 8
[2025-03-05T14:44:56.784+0300][0.011s][debug][gc] Initialize mark stack with 4096 chunks, maximum 524288
[2025-03-05T14:44:57.518+0300][0.744s][info ][gc] GC(0) Pause Young (Normal) (G1 Evacuation Pause) 64M->2M(1280M) 3.472ms
[2025-03-05T14:44:57.884+0300][1.111s][info ][gc] GC(1) Pause Young (Normal) (G1 Evacuation Pause) 75M->3M(1280M) 2.660ms
[2025-03-05T14:45:01.358+0300][4.585s][info ][gc] GC(2) Pause Young (Normal) (G1 Evacuation Pause) 767M->3M(1280M) 5.446ms
[2025-03-05T14:45:04.637+0300][7.863s][info ][gc] GC(3) Pause Young (Normal) (G1 Evacuation Pause) 767M->4M(1280M) 3.727ms
[2025-03-05T14:45:07.811+0300][11.037s][info ][gc] GC(4) Pause Young (Normal) (G1 Evacuation Pause) 767M->4M(1280M) 3.256ms
[2025-03-05T14:45:10.935+0300][14.161s][info ][gc] GC(5) Pause Young (Normal) (G1 Evacuation Pause) 767M->4M(1280M) 2.767ms
[2025-03-05T14:45:14.006+0300][17.233s][info ][gc] GC(6) Pause Young (Normal) (G1 Evacuation Pause) 767M->3M(1280M) 3.630ms
[2025-03-05T14:45:17.238+0300][20.464s][info ][gc] GC(7) Pause Young (Normal) (G1 Evacuation Pause) 767M->3M(1280M) 3.147ms
[2025-03-05T14:45:20.317+0300][23.543s][info ][gc] GC(8) Pause Young (Normal) (G1 Evacuation Pause) 767M->4M(1280M) 2.759ms
[2025-03-05T14:45:23.500+0300][26.726s][info ][gc] GC(9) Pause Young (Normal) (G1 Evacuation Pause) 767M->4M(1280M) 3.103ms
[2025-03-05T14:45:26.566+0300][29.793s][info ][gc] GC(10) Pause Young (Normal) (G1 Evacuation Pause) 767M->3M(1280M) 2.876ms
[2025-03-05T14:45:29.712+0300][32.939s][info ][gc] GC(11) Pause Young (Normal) (G1 Evacuation Pause) 767M->3M(1280M) 2.994ms
[2025-03-05T14:45:33.037+0300][36.263s][info ][gc] GC(12) Pause Young (Normal) (G1 Evacuation Pause) 767M->3M(1280M) 2.776ms
[2025-03-05T14:45:36.164+0300][39.391s][info ][gc] GC(13) Pause Young (Normal) (G1 Evacuation Pause) 767M->4M(1280M) 3.340ms
[2025-03-05T14:45:39.275+0300][42.502s][info ][gc] GC(14) Pause Young (Normal) (G1 Evacuation Pause) 767M->3M(1280M) 3.109ms
[2025-03-05T14:45:42.408+0300][45.635s][info ][gc] GC(15) Pause Young (Normal) (G1 Evacuation Pause) 767M->3M(1280M) 25.194ms
[2025-03-05T14:45:45.569+0300][48.795s][info ][gc] GC(16) Pause Young (Normal) (G1 Evacuation Pause) 769M->2M(1280M) 1.128ms
[2025-03-05T14:45:48.794+0300][52.020s][info ][gc] GC(17) Pause Young (Normal) (G1 Evacuation Pause) 769M->2M(1280M) 1.429ms
[2025-03-05T14:45:52.118+0300][55.344s][info ][gc] GC(18) Pause Young (Normal) (G1 Evacuation Pause) 769M->2M(1280M) 2.078ms
[2025-03-05T14:45:55.190+0300][58.417s][info ][gc] GC(19) Pause Young (Normal) (G1 Evacuation Pause) 769M->3M(1280M) 1.942ms
[2025-03-05T14:45:58.276+0300][61.502s][info ][gc] GC(20) Pause Young (Normal) (G1 Evacuation Pause) 770M->3M(1280M) 1.909ms
[2025-03-05T14:46:01.345+0300][64.572s][info ][gc] GC(21) Pause Young (Normal) (G1 Evacuation Pause) 769M->3M(1280M) 2.159ms
[2025-03-05T14:46:04.609+0300][67.835s][info ][gc] GC(22) Pause Young (Normal) (G1 Evacuation Pause) 769M->3M(1280M) 2.782ms
[2025-03-05T14:46:07.670+0300][70.896s][info ][gc] GC(23) Pause Young (Normal) (G1 Evacuation Pause) 769M->2M(1280M) 1.508ms
[2025-03-05T14:46:10.723+0300][73.949s][info ][gc] GC(24) Pause Young (Normal) (G1 Evacuation Pause) 769M->2M(1280M) 1.339ms
[2025-03-05T14:46:13.791+0300][77.018s][info ][gc] GC(25) Pause Young (Normal) (G1 Evacuation Pause) 769M->2M(1280M) 1.732ms
[2025-03-05T14:46:16.915+0300][80.141s][info ][gc] GC(26) Pause Young (Normal) (G1 Evacuation Pause) 769M->3M(1280M) 2.327ms
[2025-03-05T14:46:20.015+0300][83.241s][info ][gc] GC(27) Pause Young (Normal) (G1 Evacuation Pause) 770M->3M(1280M) 2.502ms
[2025-03-05T14:46:23.075+0300][86.302s][info ][gc] GC(28) Pause Young (Normal) (G1 Evacuation Pause) 769M->3M(1280M) 2.234ms
[2025-03-05T14:46:26.205+0300][89.431s][info ][gc] GC(29) Pause Young (Normal) (G1 Evacuation Pause) 769M->3M(1280M) 2.288ms
[2025-03-05T14:46:29.275+0300][92.502s][info ][gc] GC(30) Pause Young (Normal) (G1 Evacuation Pause) 769M->2M(1280M) 1.407ms
[2025-03-05T14:46:32.410+0300][95.636s][info ][gc] GC(31) Pause Young (Normal) (G1 Evacuation Pause) 769M->2M(1280M) 1.526ms
[2025-03-05T14:46:35.476+0300][98.703s][info ][gc] GC(32) Pause Young (Normal) (G1 Evacuation Pause) 769M->2M(1280M) 1.622ms
[2025-03-05T14:46:38.558+0300][101.784s][info ][gc] GC(33) Pause Young (Normal) (G1 Evacuation Pause) 769M->3M(1280M) 2.285ms
[2025-03-05T14:46:41.615+0300][104.842s][info ][gc] GC(34) Pause Young (Normal) (G1 Evacuation Pause) 769M->3M(1280M) 3.010ms
[2025-03-05T14:46:44.677+0300][107.903s][info ][gc] GC(35) Pause Young (Normal) (G1 Evacuation Pause) 769M->3M(1280M) 2.370ms
[2025-03-05T14:46:47.912+0300][111.139s][info ][gc] GC(36) Pause Young (Normal) (G1 Evacuation Pause) 769M->3M(1280M) 2.239ms
[2025-03-05T14:46:51.012+0300][114.238s][info ][gc] GC(37) Pause Young (Normal) (G1 Evacuation Pause) 769M->2M(1280M) 1.385ms
[2025-03-05T14:46:54.076+0300][117.302s][info ][gc] GC(38) Pause Young (Normal) (G1 Evacuation Pause) 769M->2M(1280M) 1.257ms
[2025-03-05T14:46:57.141+0300][120.367s][info ][gc] GC(39) Pause Young (Normal) (G1 Evacuation Pause) 769M->3M(1280M) 2.121ms
[2025-03-05T14:47:00.192+0300][123.419s][info ][gc] GC(40) Pause Young (Normal) (G1 Evacuation Pause) 770M->3M(1280M) 1.695ms
[2025-03-05T14:47:03.356+0300][126.583s][info ][gc] GC(41) Pause Young (Normal) (G1 Evacuation Pause) 770M->3M(1280M) 3.047ms
[2025-03-05T14:47:06.410+0300][129.637s][info ][gc] GC(42) Pause Young (Normal) (G1 Evacuation Pause) 769M->3M(1280M) 2.627ms
[2025-03-05T14:47:09.487+0300][132.713s][info ][gc] GC(43) Pause Young (Normal) (G1 Evacuation Pause) 769M->2M(1280M) 1.317ms
[2025-03-05T14:47:12.564+0300][135.791s][info ][gc] GC(44) Pause Young (Normal) (G1 Evacuation Pause) 769M->2M(1280M) 2.210ms
[2025-03-05T14:47:16.096+0300][139.322s][info ][gc] GC(45) Pause Young (Normal) (G1 Evacuation Pause) 769M->2M(1280M) 1.831ms
[2025-03-05T14:47:19.650+0300][142.877s][info ][gc] GC(46) Pause Young (Normal) (G1 Evacuation Pause) 769M->3M(1280M) 2.134ms
[2025-03-05T14:47:22.784+0300][146.011s][info ][gc] GC(47) Pause Young (Normal) (G1 Evacuation Pause) 770M->3M(1280M) 2.394ms
[2025-03-05T14:47:25.843+0300][149.071s][info ][gc] GC(48) Pause Young (Normal) (G1 Evacuation Pause) 769M->3M(1280M) 2.222ms
[2025-03-05T14:47:28.952+0300][152.179s][info ][gc] GC(49) Pause Young (Normal) (G1 Evacuation Pause) 769M->3M(1280M) 2.274ms
[2025-03-05T14:47:32.056+0300][155.283s][info ][gc] GC(50) Pause Young (Normal) (G1 Evacuation Pause) 769M->2M(1280M) 1.317ms
[2025-03-05T14:47:35.146+0300][158.373s][info ][gc] GC(51) Pause Young (Normal) (G1 Evacuation Pause) 769M->2M(1280M) 1.514ms
[2025-03-05T14:47:38.200+0300][161.427s][info ][gc] GC(52) Pause Young (Normal) (G1 Evacuation Pause) 769M->3M(1280M) 1.601ms
[2025-03-05T14:47:41.278+0300][164.504s][info ][gc] GC(53) Pause Young (Normal) (G1 Evacuation Pause) 770M->3M(1280M) 1.902ms
[2025-03-05T14:47:44.336+0300][167.562s][info ][gc] GC(54) Pause Young (Normal) (G1 Evacuation Pause) 769M->3M(1280M) 2.314ms
[2025-03-05T14:47:47.562+0300][170.788s][info ][gc] GC(55) Pause Young (Normal) (G1 Evacuation Pause) 769M->3M(1280M) 2.002ms
[2025-03-05T14:47:50.647+0300][173.873s][info ][gc] GC(56) Pause Young (Normal) (G1 Evacuation Pause) 769M->3M(1280M) 2.753ms
[2025-03-05T14:47:53.722+0300][176.948s][info ][gc] GC(57) Pause Young (Normal) (G1 Evacuation Pause) 769M->2M(1280M) 1.808ms
[2025-03-05T14:47:56.800+0300][180.026s][info ][gc] GC(58) Pause Young (Normal) (G1 Evacuation Pause) 769M->2M(1280M) 1.243ms
[2025-03-05T14:47:59.905+0300][183.132s][info ][gc] GC(59) Pause Young (Normal) (G1 Evacuation Pause) 769M->3M(1280M) 1.602ms
[2025-03-05T14:48:03.229+0300][186.455s][info ][gc] GC(60) Pause Young (Normal) (G1 Evacuation Pause) 770M->3M(1280M) 2.165ms
[2025-03-05T14:48:06.293+0300][189.520s][info ][gc] GC(61) Pause Young (Normal) (G1 Evacuation Pause) 769M->3M(1280M) 2.253ms
[2025-03-05T14:48:09.373+0300][192.599s][info ][gc] GC(62) Pause Young (Normal) (G1 Evacuation Pause) 769M->3M(1280M) 2.368ms
[2025-03-05T14:48:12.446+0300][195.672s][info ][gc] GC(63) Pause Young (Normal) (G1 Evacuation Pause) 769M->4M(1280M) 2.565ms
[2025-03-05T14:48:15.558+0300][198.785s][info ][gc] GC(64) Pause Young (Normal) (G1 Evacuation Pause) 770M->2M(1280M) 1.271ms
[2025-03-05T14:48:18.767+0300][201.993s][info ][gc] GC(65) Pause Young (Normal) (G1 Evacuation Pause) 769M->2M(1280M) 1.376ms
[2025-03-05T14:48:21.844+0300][205.070s][info ][gc] GC(66) Pause Young (Normal) (G1 Evacuation Pause) 769M->3M(1280M) 1.726ms
[2025-03-05T14:48:24.929+0300][208.156s][info ][gc] GC(67) Pause Young (Normal) (G1 Evacuation Pause) 770M->3M(1280M) 2.405ms
[2025-03-05T14:48:28.069+0300][211.295s][info ][gc] GC(68) Pause Young (Normal) (G1 Evacuation Pause) 769M->3M(1280M) 2.335ms
[2025-03-05T14:48:31.156+0300][214.383s][info ][gc] GC(69) Pause Young (Normal) (G1 Evacuation Pause) 769M->3M(1280M) 2.276ms
[2025-03-05T14:48:34.419+0300][217.646s][info ][gc] GC(70) Pause Young (Normal) (G1 Evacuation Pause) 769M->3M(1280M) 3.042ms
[2025-03-05T14:48:37.505+0300][220.732s][info ][gc] GC(71) Pause Young (Normal) (G1 Evacuation Pause) 769M->2M(1280M) 1.295ms
[2025-03-05T14:48:40.580+0300][223.807s][info ][gc] GC(72) Pause Young (Normal) (G1 Evacuation Pause) 769M->2M(1280M) 1.852ms
[2025-03-05T14:48:43.641+0300][226.867s][info ][gc] GC(73) Pause Young (Normal) (G1 Evacuation Pause) 769M->3M(1280M) 1.564ms
[2025-03-05T14:48:46.760+0300][229.987s][info ][gc] GC(74) Pause Young (Normal) (G1 Evacuation Pause) 770M->3M(1280M) 2.271ms
[2025-03-05T14:48:49.981+0300][233.208s][info ][gc] GC(75) Pause Young (Normal) (G1 Evacuation Pause) 769M->3M(1280M) 3.017ms
[2025-03-05T14:48:53.138+0300][236.364s][info ][gc] GC(76) Pause Young (Normal) (G1 Evacuation Pause) 769M->3M(1280M) 2.308ms
[2025-03-05T14:48:56.208+0300][239.435s][info ][gc] GC(77) Pause Young (Normal) (G1 Evacuation Pause) 769M->3M(1280M) 2.482ms
[2025-03-05T14:48:59.263+0300][242.489s][info ][gc] GC(78) Pause Young (Normal) (G1 Evacuation Pause) 769M->2M(1280M) 1.586ms
[2025-03-05T14:49:02.467+0300][245.694s][info ][gc] GC(79) Pause Young (Normal) (G1 Evacuation Pause) 769M->2M(1280M) 1.313ms
[2025-03-05T14:49:05.598+0300][248.826s][info ][gc] GC(80) Pause Young (Normal) (G1 Evacuation Pause) 769M->3M(1280M) 1.964ms
[2025-03-05T14:49:08.704+0300][251.931s][info ][gc] GC(81) Pause Young (Normal) (G1 Evacuation Pause) 770M->3M(1280M) 2.225ms
[2025-03-05T14:49:11.777+0300][255.003s][info ][gc] GC(82) Pause Young (Normal) (G1 Evacuation Pause) 769M->3M(1280M) 2.132ms
[2025-03-05T14:49:14.871+0300][258.098s][info ][gc] GC(83) Pause Young (Normal) (G1 Evacuation Pause) 769M->3M(1280M) 2.155ms
[2025-03-05T14:49:18.092+0300][261.319s][info ][gc] GC(84) Pause Young (Normal) (G1 Evacuation Pause) 769M->3M(1280M) 2.324ms
[2025-03-05T14:49:21.191+0300][264.417s][info ][gc] GC(85) Pause Young (Normal) (G1 Evacuation Pause) 769M->2M(1280M) 1.385ms
[2025-03-05T14:49:24.253+0300][267.480s][info ][gc] GC(86) Pause Young (Normal) (G1 Evacuation Pause) 769M->2M(1280M) 1.951ms
[2025-03-05T14:49:27.315+0300][270.541s][info ][gc] GC(87) Pause Young (Normal) (G1 Evacuation Pause) 769M->3M(1280M) 2.095ms
[2025-03-05T14:49:30.389+0300][273.616s][info ][gc] GC(88) Pause Young (Normal) (G1 Evacuation Pause) 770M->3M(1280M) 2.781ms
[2025-03-05T14:49:33.525+0300][276.751s][info ][gc] GC(89) Pause Young (Normal) (G1 Evacuation Pause) 769M->3M(1280M) 2.267ms
[2025-03-05T14:49:36.605+0300][279.831s][info ][gc] GC(90) Pause Young (Normal) (G1 Evacuation Pause) 769M->3M(1280M) 2.468ms
[2025-03-05T14:49:39.674+0300][282.900s][info ][gc] GC(91) Pause Young (Normal) (G1 Evacuation Pause) 769M->2M(1280M) 1.120ms
[2025-03-05T14:49:42.741+0300][285.967s][info ][gc] GC(92) Pause Young (Normal) (G1 Evacuation Pause) 769M->2M(1280M) 1.268ms
[2025-03-05T14:49:45.911+0300][289.138s][info ][gc] GC(93) Pause Young (Normal) (G1 Evacuation Pause) 769M->2M(1280M) 1.458ms
[2025-03-05T14:49:49.056+0300][292.283s][info ][gc] GC(94) Pause Young (Normal) (G1 Evacuation Pause) 769M->3M(1280M) 1.871ms
[2025-03-05T14:49:52.243+0300][295.469s][info ][gc] GC(95) Pause Young (Normal) (G1 Evacuation Pause) 770M->3M(1280M) 1.899ms
[2025-03-05T14:49:55.356+0300][298.583s][info ][gc] GC(96) Pause Young (Normal) (G1 Evacuation Pause) 769M->3M(1280M) 3.330ms
[2025-03-05T14:49:58.408+0300][301.634s][info ][gc] GC(97) Pause Young (Normal) (G1 Evacuation Pause) 769M->3M(1280M) 2.386ms
[2025-03-05T14:50:01.487+0300][304.714s][info ][gc] GC(98) Pause Young (Normal) (G1 Evacuation Pause) 769M->2M(1280M) 1.688ms
[2025-03-05T14:50:04.637+0300][307.863s][info ][gc] GC(99) Pause Young (Normal) (G1 Evacuation Pause) 769M->2M(1280M) 1.377ms
[2025-03-05T14:50:07.714+0300][310.941s][info ][gc] GC(100) Pause Young (Normal) (G1 Evacuation Pause) 769M->2M(1280M) 1.874ms
[2025-03-05T14:50:10.783+0300][314.009s][info ][gc] GC(101) Pause Young (Normal) (G1 Evacuation Pause) 769M->3M(1280M) 1.972ms
[2025-03-05T14:50:13.934+0300][317.161s][info ][gc] GC(102) Pause Young (Normal) (G1 Evacuation Pause) 770M->3M(1280M) 2.219ms
[2025-03-05T14:50:17.066+0300][320.293s][info ][gc] GC(103) Pause Young (Normal) (G1 Evacuation Pause) 769M->3M(1280M) 2.436ms
[2025-03-05T14:50:20.225+0300][323.452s][info ][gc] GC(104) Pause Young (Normal) (G1 Evacuation Pause) 769M->3M(1280M) 2.837ms
[2025-03-05T14:50:23.298+0300][326.525s][info ][gc] GC(105) Pause Young (Normal) (G1 Evacuation Pause) 769M->2M(1280M) 1.216ms
[2025-03-05T14:50:26.380+0300][329.606s][info ][gc] GC(106) Pause Young (Normal) (G1 Evacuation Pause) 769M->2M(1280M) 2.023ms
[2025-03-05T14:50:29.502+0300][332.728s][info ][gc] GC(107) Pause Young (Normal) (G1 Evacuation Pause) 769M->3M(1280M) 1.972ms
[2025-03-05T14:50:32.827+0300][336.053s][info ][gc] GC(108) Pause Young (Normal) (G1 Evacuation Pause) 770M->3M(1280M) 1.898ms
[2025-03-05T14:50:35.981+0300][339.208s][info ][gc] GC(109) Pause Young (Normal) (G1 Evacuation Pause) 769M->3M(1280M) 2.332ms
[2025-03-05T14:50:39.051+0300][342.278s][info ][gc] GC(110) Pause Young (Normal) (G1 Evacuation Pause) 769M->3M(1280M) 2.381ms
[2025-03-05T14:50:42.110+0300][345.336s][info ][gc] GC(111) Pause Young (Normal) (G1 Evacuation Pause) 769M->3M(1280M) 2.686ms
[2025-03-05T14:50:45.198+0300][348.424s][info ][gc] GC(112) Pause Young (Normal) (G1 Evacuation Pause) 769M->2M(1280M) 1.358ms
[2025-03-05T14:50:48.460+0300][351.687s][info ][gc] GC(113) Pause Young (Normal) (G1 Evacuation Pause) 769M->2M(1280M) 1.352ms
[2025-03-05T14:50:51.572+0300][354.799s][info ][gc] GC(114) Pause Young (Normal) (G1 Evacuation Pause) 769M->3M(1280M) 1.717ms
[2025-03-05T14:50:54.691+0300][357.917s][info ][gc] GC(115) Pause Young (Normal) (G1 Evacuation Pause) 770M->3M(1280M) 2.006ms
[2025-03-05T14:50:57.774+0300][361.001s][info ][gc] GC(116) Pause Young (Normal) (G1 Evacuation Pause) 770M->3M(1280M) 2.599ms
[2025-03-05T14:51:00.869+0300][364.096s][info ][gc] GC(117) Pause Young (Normal) (G1 Evacuation Pause) 769M->3M(1280M) 2.578ms
[2025-03-05T14:51:04.058+0300][367.286s][info ][gc] GC(118) Pause Young (Normal) (G1 Evacuation Pause) 769M->2M(1280M) 1.445ms
[2025-03-05T14:51:07.246+0300][370.472s][info ][gc] GC(119) Pause Young (Normal) (G1 Evacuation Pause) 769M->2M(1280M) 1.553ms
[2025-03-05T14:51:10.309+0300][373.536s][info ][gc] GC(120) Pause Young (Normal) (G1 Evacuation Pause) 769M->2M(1280M) 1.918ms
[2025-03-05T14:51:13.557+0300][376.784s][info ][gc] GC(121) Pause Young (Normal) (G1 Evacuation Pause) 769M->3M(1280M) 1.773ms
[2025-03-05T14:51:16.649+0300][379.876s][info ][gc] GC(122) Pause Young (Normal) (G1 Evacuation Pause) 770M->3M(1280M) 2.166ms
[2025-03-05T14:51:19.832+0300][383.059s][info ][gc] GC(123) Pause Young (Normal) (G1 Evacuation Pause) 769M->3M(1280M) 2.062ms
[2025-03-05T14:51:22.913+0300][386.140s][info ][gc] GC(124) Pause Young (Normal) (G1 Evacuation Pause) 769M->3M(1280M) 2.929ms
[2025-03-05T14:51:25.992+0300][389.218s][info ][gc] GC(125) Pause Young (Normal) (G1 Evacuation Pause) 769M->2M(1280M) 1.415ms
[2025-03-05T14:51:29.260+0300][392.487s][info ][gc] GC(126) Pause Young (Normal) (G1 Evacuation Pause) 769M->2M(1280M) 1.277ms
[2025-03-05T14:51:32.484+0300][395.711s][info ][gc] GC(127) Pause Young (Normal) (G1 Evacuation Pause) 769M->3M(1280M) 1.749ms
[2025-03-05T14:51:35.678+0300][398.905s][info ][gc] GC(128) Pause Young (Normal) (G1 Evacuation Pause) 770M->3M(1280M) 2.089ms
[2025-03-05T14:51:38.757+0300][401.983s][info ][gc] GC(129) Pause Young (Normal) (G1 Evacuation Pause) 769M->3M(1280M) 2.905ms
[2025-03-05T14:51:41.846+0300][405.072s][info ][gc] GC(130) Pause Young (Normal) (G1 Evacuation Pause) 769M->3M(1280M) 2.267ms
[2025-03-05T14:51:44.952+0300][408.178s][info ][gc] GC(131) Pause Young (Normal) (G1 Evacuation Pause) 769M->3M(1280M) 2.799ms
[2025-03-05T14:51:48.334+0300][411.560s][info ][gc] GC(132) Pause Young (Normal) (G1 Evacuation Pause) 769M->2M(1280M) 1.218ms
[2025-03-05T14:51:51.742+0300][414.970s][info ][gc] GC(133) Pause Young (Normal) (G1 Evacuation Pause) 769M->2M(1280M) 1.979ms
[2025-03-05T14:51:54.936+0300][418.162s][info ][gc] GC(134) Pause Young (Normal) (G1 Evacuation Pause) 769M->3M(1280M) 1.698ms
[2025-03-05T14:51:58.005+0300][421.233s][info ][gc] GC(135) Pause Young (Normal) (G1 Evacuation Pause) 770M->3M(1280M) 2.137ms
