[2025-03-05T02:22:27.732+0300][0.012s][info][gc] Using G1
[2025-03-05T02:22:27.733+0300][0.012s][debug][gc] ConcGCThreads: 2 offset 16
[2025-03-05T02:22:27.733+0300][0.013s][debug][gc] ParallelGCThreads: 8
[2025-03-05T02:22:27.733+0300][0.013s][debug][gc] Initialize mark stack with 4096 chunks, maximum 524288
[2025-03-05T02:22:28.135+0300][0.415s][info ][gc] GC(0) Pause Young (Normal) (G1 Evacuation Pause) 12M->2M(256M) 3.092ms
[2025-03-05T02:22:28.202+0300][0.482s][info ][gc] GC(1) Pause Young (Normal) (G1 Evacuation Pause) 12M->3M(256M) 2.457ms
[2025-03-05T02:22:28.280+0300][0.560s][info ][gc] GC(2) Pause Young (Normal) (G1 Evacuation Pause) 14M->3M(256M) 2.771ms
[2025-03-05T02:22:28.346+0300][0.626s][info ][gc] GC(3) Pause Young (Normal) (G1 Evacuation Pause) 13M->3M(256M) 1.756ms
[2025-03-05T02:22:28.424+0300][0.704s][info ][gc] GC(4) Pause Young (Normal) (G1 Evacuation Pause) 14M->4M(256M) 2.966ms
[2025-03-05T02:22:28.495+0300][0.775s][info ][gc] GC(5) Pause Young (Normal) (G1 Evacuation Pause) 14M->3M(256M) 1.417ms
[2025-03-05T02:22:28.557+0300][0.837s][info ][gc] GC(6) Pause Young (Normal) (G1 Evacuation Pause) 14M->4M(256M) 1.781ms
[2025-03-05T02:22:28.614+0300][0.893s][info ][gc] GC(7) Pause Young (Normal) (G1 Evacuation Pause) 14M->3M(256M) 1.141ms
[2025-03-05T02:22:28.667+0300][0.946s][info ][gc] GC(8) Pause Young (Normal) (G1 Evacuation Pause) 14M->4M(256M) 1.577ms
[2025-03-05T02:22:28.721+0300][1.000s][info ][gc] GC(9) Pause Young (Normal) (G1 Evacuation Pause) 14M->3M(256M) 1.227ms
[2025-03-05T02:22:28.775+0300][1.055s][info ][gc] GC(10) Pause Young (Normal) (G1 Evacuation Pause) 14M->4M(256M) 1.649ms
[2025-03-05T02:22:28.821+0300][1.101s][info ][gc] GC(11) Pause Young (Normal) (G1 Evacuation Pause) 14M->3M(256M) 0.997ms
[2025-03-05T02:22:28.880+0300][1.160s][info ][gc] GC(12) Pause Young (Normal) (G1 Evacuation Pause) 14M->4M(256M) 1.851ms
[2025-03-05T02:22:28.931+0300][1.211s][info ][gc] GC(13) Pause Young (Normal) (G1 Evacuation Pause) 14M->3M(256M) 1.404ms
[2025-03-05T02:22:28.989+0300][1.269s][info ][gc] GC(14) Pause Young (Normal) (G1 Evacuation Pause) 14M->4M(256M) 1.869ms
[2025-03-05T02:22:29.036+0300][1.316s][info ][gc] GC(15) Pause Young (Normal) (G1 Evacuation Pause) 14M->3M(256M) 1.054ms
[2025-03-05T02:22:29.084+0300][1.365s][info ][gc] GC(16) Pause Young (Normal) (G1 Evacuation Pause) 14M->4M(256M) 2.014ms
[2025-03-05T02:22:29.130+0300][1.410s][info ][gc] GC(17) Pause Young (Normal) (G1 Evacuation Pause) 14M->3M(256M) 1.181ms
[2025-03-05T02:22:29.186+0300][1.466s][info ][gc] GC(18) Pause Young (Normal) (G1 Evacuation Pause) 14M->4M(256M) 1.828ms
[2025-03-05T02:22:29.233+0300][1.513s][info ][gc] GC(19) Pause Young (Normal) (G1 Evacuation Pause) 14M->3M(256M) 1.081ms
[2025-03-05T02:22:29.279+0300][1.559s][info ][gc] GC(20) Pause Young (Normal) (G1 Evacuation Pause) 14M->4M(256M) 1.809ms
[2025-03-05T02:22:29.321+0300][1.601s][info ][gc] GC(21) Pause Young (Normal) (G1 Evacuation Pause) 14M->3M(256M) 1.405ms
[2025-03-05T02:22:29.368+0300][1.648s][info ][gc] GC(22) Pause Young (Normal) (G1 Evacuation Pause) 14M->4M(256M) 1.959ms
[2025-03-05T02:22:29.412+0300][1.692s][info ][gc] GC(23) Pause Young (Normal) (G1 Evacuation Pause) 14M->3M(256M) 1.414ms
[2025-03-05T02:22:29.459+0300][1.739s][info ][gc] GC(24) Pause Young (Normal) (G1 Evacuation Pause) 14M->4M(256M) 2.059ms
[2025-03-05T02:22:29.501+0300][1.780s][info ][gc] GC(25) Pause Young (Normal) (G1 Evacuation Pause) 14M->3M(256M) 1.362ms
[2025-03-05T02:22:29.545+0300][1.825s][info ][gc] GC(26) Pause Young (Normal) (G1 Evacuation Pause) 14M->2M(256M) 0.528ms
[2025-03-05T02:22:29.589+0300][1.869s][info ][gc] GC(27) Pause Young (Normal) (G1 Evacuation Pause) 13M->3M(256M) 1.324ms
[2025-03-05T02:22:29.633+0300][1.913s][info ][gc] GC(28) Pause Young (Normal) (G1 Evacuation Pause) 14M->2M(256M) 0.855ms
[2025-03-05T02:22:29.681+0300][1.960s][info ][gc] GC(29) Pause Young (Normal) (G1 Evacuation Pause) 13M->3M(256M) 1.584ms
[2025-03-05T02:22:29.726+0300][2.006s][info ][gc] GC(30) Pause Young (Normal) (G1 Evacuation Pause) 14M->2M(256M) 0.977ms
[2025-03-05T02:22:29.771+0300][2.051s][info ][gc] GC(31) Pause Young (Normal) (G1 Evacuation Pause) 13M->3M(256M) 1.657ms
[2025-03-05T02:22:29.814+0300][2.093s][info ][gc] GC(32) Pause Young (Normal) (G1 Evacuation Pause) 13M->2M(256M) 1.011ms
[2025-03-05T02:22:29.859+0300][2.139s][info ][gc] GC(33) Pause Young (Normal) (G1 Evacuation Pause) 13M->3M(256M) 1.710ms
[2025-03-05T02:22:29.900+0300][2.180s][info ][gc] GC(34) Pause Young (Normal) (G1 Evacuation Pause) 13M->3M(256M) 0.910ms
[2025-03-05T02:22:29.946+0300][2.226s][info ][gc] GC(35) Pause Young (Normal) (G1 Evacuation Pause) 14M->3M(256M) 1.718ms
[2025-03-05T02:22:29.987+0300][2.267s][info ][gc] GC(36) Pause Young (Normal) (G1 Evacuation Pause) 13M->3M(256M) 0.875ms
[2025-03-05T02:22:30.032+0300][2.313s][info ][gc] GC(37) Pause Young (Normal) (G1 Evacuation Pause) 14M->3M(256M) 1.634ms
[2025-03-05T02:22:30.075+0300][2.355s][info ][gc] GC(38) Pause Young (Normal) (G1 Evacuation Pause) 13M->3M(256M) 0.919ms
[2025-03-05T02:22:30.122+0300][2.402s][info ][gc] GC(39) Pause Young (Normal) (G1 Evacuation Pause) 14M->3M(256M) 1.595ms
[2025-03-05T02:22:30.162+0300][2.443s][info ][gc] GC(40) Pause Young (Normal) (G1 Evacuation Pause) 13M->3M(256M) 0.979ms
[2025-03-05T02:22:30.210+0300][2.489s][info ][gc] GC(41) Pause Young (Normal) (G1 Evacuation Pause) 14M->3M(256M) 1.684ms
[2025-03-05T02:22:30.251+0300][2.532s][info ][gc] GC(42) Pause Young (Normal) (G1 Evacuation Pause) 13M->3M(256M) 1.138ms
[2025-03-05T02:22:30.298+0300][2.578s][info ][gc] GC(43) Pause Young (Normal) (G1 Evacuation Pause) 14M->3M(256M) 1.659ms
[2025-03-05T02:22:30.341+0300][2.621s][info ][gc] GC(44) Pause Young (Normal) (G1 Evacuation Pause) 13M->3M(256M) 1.130ms
[2025-03-05T02:22:30.386+0300][2.666s][info ][gc] GC(45) Pause Young (Normal) (G1 Evacuation Pause) 14M->4M(256M) 1.936ms
[2025-03-05T02:22:30.428+0300][2.707s][info ][gc] GC(46) Pause Young (Normal) (G1 Evacuation Pause) 14M->3M(256M) 1.141ms
[2025-03-05T02:22:30.473+0300][2.752s][info ][gc] GC(47) Pause Young (Normal) (G1 Evacuation Pause) 14M->4M(256M) 1.845ms
[2025-03-05T02:22:30.514+0300][2.794s][info ][gc] GC(48) Pause Young (Normal) (G1 Evacuation Pause) 14M->3M(256M) 1.325ms
[2025-03-05T02:22:30.561+0300][2.841s][info ][gc] GC(49) Pause Young (Normal) (G1 Evacuation Pause) 14M->3M(256M) 1.716ms
[2025-03-05T02:22:30.603+0300][2.882s][info ][gc] GC(50) Pause Young (Normal) (G1 Evacuation Pause) 13M->3M(256M) 1.232ms
[2025-03-05T02:22:30.648+0300][2.928s][info ][gc] GC(51) Pause Young (Normal) (G1 Evacuation Pause) 14M->4M(256M) 1.822ms
[2025-03-05T02:22:30.689+0300][2.970s][info ][gc] GC(52) Pause Young (Normal) (G1 Evacuation Pause) 14M->3M(256M) 1.357ms
[2025-03-05T02:22:30.736+0300][3.015s][info ][gc] GC(53) Pause Young (Normal) (G1 Evacuation Pause) 14M->4M(256M) 1.786ms
[2025-03-05T02:22:30.777+0300][3.057s][info ][gc] GC(54) Pause Young (Normal) (G1 Evacuation Pause) 14M->3M(256M) 1.354ms
[2025-03-05T02:22:30.822+0300][3.103s][info ][gc] GC(55) Pause Young (Normal) (G1 Evacuation Pause) 14M->4M(256M) 1.985ms
[2025-03-05T02:22:30.863+0300][3.143s][info ][gc] GC(56) Pause Young (Normal) (G1 Evacuation Pause) 14M->3M(256M) 1.121ms
[2025-03-05T02:22:30.910+0300][3.189s][info ][gc] GC(57) Pause Young (Normal) (G1 Evacuation Pause) 14M->4M(256M) 1.936ms
[2025-03-05T02:22:30.951+0300][3.231s][info ][gc] GC(58) Pause Young (Normal) (G1 Evacuation Pause) 14M->3M(256M) 1.269ms
[2025-03-05T02:22:30.999+0300][3.278s][info ][gc] GC(59) Pause Young (Normal) (G1 Evacuation Pause) 14M->4M(256M) 1.974ms
[2025-03-05T02:22:31.040+0300][3.319s][info ][gc] GC(60) Pause Young (Normal) (G1 Evacuation Pause) 14M->3M(256M) 1.410ms
[2025-03-05T02:22:31.085+0300][3.365s][info ][gc] GC(61) Pause Young (Normal) (G1 Evacuation Pause) 14M->4M(256M) 1.943ms
[2025-03-05T02:22:31.128+0300][3.408s][info ][gc] GC(62) Pause Young (Normal) (G1 Evacuation Pause) 14M->3M(256M) 1.302ms
[2025-03-05T02:22:31.175+0300][3.455s][info ][gc] GC(63) Pause Young (Normal) (G1 Evacuation Pause) 14M->4M(256M) 1.913ms
[2025-03-05T02:22:31.219+0300][3.499s][info ][gc] GC(64) Pause Young (Normal) (G1 Evacuation Pause) 14M->3M(256M) 1.299ms
[2025-03-05T02:22:31.265+0300][3.545s][info ][gc] GC(65) Pause Young (Normal) (G1 Evacuation Pause) 14M->4M(256M) 2.160ms
[2025-03-05T02:22:31.307+0300][3.587s][info ][gc] GC(66) Pause Young (Normal) (G1 Evacuation Pause) 14M->3M(256M) 1.467ms
[2025-03-05T02:22:31.356+0300][3.636s][info ][gc] GC(67) Pause Young (Normal) (G1 Evacuation Pause) 14M->4M(256M) 2.016ms
[2025-03-05T02:22:31.401+0300][3.680s][info ][gc] GC(68) Pause Young (Normal) (G1 Evacuation Pause) 14M->3M(256M) 1.294ms
[2025-03-05T02:22:31.447+0300][3.727s][info ][gc] GC(69) Pause Young (Normal) (G1 Evacuation Pause) 14M->4M(256M) 1.924ms
[2025-03-05T02:22:31.488+0300][3.768s][info ][gc] GC(70) Pause Young (Normal) (G1 Evacuation Pause) 14M->3M(256M) 0.970ms
[2025-03-05T02:22:31.533+0300][3.813s][info ][gc] GC(71) Pause Young (Normal) (G1 Evacuation Pause) 14M->4M(256M) 2.012ms
[2025-03-05T02:22:31.576+0300][3.855s][info ][gc] GC(72) Pause Young (Normal) (G1 Evacuation Pause) 14M->3M(256M) 1.311ms
[2025-03-05T02:22:31.621+0300][3.901s][info ][gc] GC(73) Pause Young (Normal) (G1 Evacuation Pause) 14M->4M(256M) 1.863ms
[2025-03-05T02:22:31.663+0300][3.944s][info ][gc] GC(74) Pause Young (Normal) (G1 Evacuation Pause) 14M->3M(256M) 1.554ms
[2025-03-05T02:22:31.709+0300][3.988s][info ][gc] GC(75) Pause Young (Normal) (G1 Evacuation Pause) 14M->2M(256M) 0.771ms
[2025-03-05T02:22:31.753+0300][4.033s][info ][gc] GC(76) Pause Young (Normal) (G1 Evacuation Pause) 13M->3M(256M) 1.747ms
[2025-03-05T02:22:31.798+0300][4.078s][info ][gc] GC(77) Pause Young (Normal) (G1 Evacuation Pause) 14M->2M(256M) 1.034ms
[2025-03-05T02:22:31.843+0300][4.123s][info ][gc] GC(78) Pause Young (Normal) (G1 Evacuation Pause) 13M->3M(256M) 1.631ms
[2025-03-05T02:22:31.887+0300][4.167s][info ][gc] GC(79) Pause Young (Normal) (G1 Evacuation Pause) 14M->2M(256M) 0.997ms
[2025-03-05T02:22:31.933+0300][4.214s][info ][gc] GC(80) Pause Young (Normal) (G1 Evacuation Pause) 13M->3M(256M) 1.762ms
[2025-03-05T02:22:31.973+0300][4.254s][info ][gc] GC(81) Pause Young (Normal) (G1 Evacuation Pause) 13M->2M(256M) 0.848ms
[2025-03-05T02:22:32.019+0300][4.299s][info ][gc] GC(82) Pause Young (Normal) (G1 Evacuation Pause) 13M->3M(256M) 1.760ms
[2025-03-05T02:22:32.059+0300][4.340s][info ][gc] GC(83) Pause Young (Normal) (G1 Evacuation Pause) 13M->2M(256M) 1.031ms
[2025-03-05T02:22:32.105+0300][4.385s][info ][gc] GC(84) Pause Young (Normal) (G1 Evacuation Pause) 13M->3M(256M) 1.824ms
[2025-03-05T02:22:32.147+0300][4.428s][info ][gc] GC(85) Pause Young (Normal) (G1 Evacuation Pause) 13M->3M(256M) 0.953ms
[2025-03-05T02:22:32.195+0300][4.475s][info ][gc] GC(86) Pause Young (Normal) (G1 Evacuation Pause) 14M->3M(256M) 1.840ms
[2025-03-05T02:22:32.236+0300][4.517s][info ][gc] GC(87) Pause Young (Normal) (G1 Evacuation Pause) 13M->3M(256M) 0.995ms
[2025-03-05T02:22:32.283+0300][4.564s][info ][gc] GC(88) Pause Young (Normal) (G1 Evacuation Pause) 14M->3M(256M) 1.781ms
[2025-03-05T02:22:32.325+0300][4.606s][info ][gc] GC(89) Pause Young (Normal) (G1 Evacuation Pause) 13M->3M(256M) 1.044ms
[2025-03-05T02:22:32.372+0300][4.652s][info ][gc] GC(90) Pause Young (Normal) (G1 Evacuation Pause) 14M->3M(256M) 1.871ms
[2025-03-05T02:22:32.413+0300][4.694s][info ][gc] GC(91) Pause Young (Normal) (G1 Evacuation Pause) 13M->3M(256M) 1.020ms
[2025-03-05T02:22:32.460+0300][4.740s][info ][gc] GC(92) Pause Young (Normal) (G1 Evacuation Pause) 14M->3M(256M) 1.670ms
[2025-03-05T02:22:32.502+0300][4.782s][info ][gc] GC(93) Pause Young (Normal) (G1 Evacuation Pause) 13M->3M(256M) 1.127ms
[2025-03-05T02:22:32.547+0300][4.827s][info ][gc] GC(94) Pause Young (Normal) (G1 Evacuation Pause) 14M->4M(256M) 1.618ms
[2025-03-05T02:22:32.590+0300][4.869s][info ][gc] GC(95) Pause Young (Normal) (G1 Evacuation Pause) 14M->3M(256M) 0.931ms
[2025-03-05T02:22:32.635+0300][4.915s][info ][gc] GC(96) Pause Young (Normal) (G1 Evacuation Pause) 14M->4M(256M) 1.796ms
[2025-03-05T02:22:32.676+0300][4.956s][info ][gc] GC(97) Pause Young (Normal) (G1 Evacuation Pause) 14M->3M(256M) 1.168ms
[2025-03-05T02:22:32.737+0300][5.017s][info ][gc] GC(98) Pause Young (Normal) (G1 Evacuation Pause) 18M->2M(256M) 0.735ms
[2025-03-05T02:22:32.782+0300][5.062s][info ][gc] GC(99) Pause Young (Normal) (G1 Evacuation Pause) 13M->3M(256M) 1.583ms
[2025-03-05T02:22:32.851+0300][5.131s][info ][gc] GC(100) Pause Young (Normal) (G1 Evacuation Pause) 20M->3M(256M) 1.284ms
[2025-03-05T02:22:32.899+0300][5.179s][info ][gc] GC(101) Pause Young (Normal) (G1 Evacuation Pause) 14M->4M(256M) 1.799ms
[2025-03-05T02:22:32.946+0300][5.226s][info ][gc] GC(102) Pause Young (Normal) (G1 Evacuation Pause) 14M->3M(256M) 1.542ms
[2025-03-05T02:22:32.992+0300][5.273s][info ][gc] GC(103) Pause Young (Normal) (G1 Evacuation Pause) 14M->4M(256M) 1.772ms
[2025-03-05T02:22:33.037+0300][5.317s][info ][gc] GC(104) Pause Young (Normal) (G1 Evacuation Pause) 14M->3M(256M) 1.197ms
[2025-03-05T02:22:33.084+0300][5.364s][info ][gc] GC(105) Pause Young (Normal) (G1 Evacuation Pause) 14M->4M(256M) 1.927ms
[2025-03-05T02:22:33.125+0300][5.405s][info ][gc] GC(106) Pause Young (Normal) (G1 Evacuation Pause) 14M->3M(256M) 1.348ms
[2025-03-05T02:22:33.170+0300][5.451s][info ][gc] GC(107) Pause Young (Normal) (G1 Evacuation Pause) 14M->4M(256M) 2.211ms
[2025-03-05T02:22:33.214+0300][5.493s][info ][gc] GC(108) Pause Young (Normal) (G1 Evacuation Pause) 14M->3M(256M) 1.249ms
[2025-03-05T02:22:33.267+0300][5.546s][info ][gc] GC(109) Pause Young (Normal) (G1 Evacuation Pause) 14M->4M(256M) 1.959ms
[2025-03-05T02:22:33.316+0300][5.596s][info ][gc] GC(110) Pause Young (Normal) (G1 Evacuation Pause) 14M->3M(256M) 1.393ms
[2025-03-05T02:22:33.369+0300][5.650s][info ][gc] GC(111) Pause Young (Normal) (G1 Evacuation Pause) 14M->4M(256M) 1.932ms
[2025-03-05T02:22:33.417+0300][5.696s][info ][gc] GC(112) Pause Young (Normal) (G1 Evacuation Pause) 14M->3M(256M) 1.109ms
[2025-03-05T02:22:33.464+0300][5.744s][info ][gc] GC(113) Pause Young (Normal) (G1 Evacuation Pause) 14M->4M(256M) 1.789ms
[2025-03-05T02:22:33.507+0300][5.787s][info ][gc] GC(114) Pause Young (Normal) (G1 Evacuation Pause) 14M->3M(256M) 1.089ms
[2025-03-05T02:22:33.562+0300][5.842s][info ][gc] GC(115) Pause Young (Normal) (G1 Evacuation Pause) 14M->4M(256M) 1.755ms
[2025-03-05T02:22:33.607+0300][5.887s][info ][gc] GC(116) Pause Young (Normal) (G1 Evacuation Pause) 14M->3M(256M) 1.336ms
[2025-03-05T02:22:33.652+0300][5.933s][info ][gc] GC(117) Pause Young (Normal) (G1 Evacuation Pause) 14M->2M(256M) 0.408ms
[2025-03-05T02:22:33.700+0300][5.980s][info ][gc] GC(118) Pause Young (Normal) (G1 Evacuation Pause) 13M->3M(256M) 1.785ms
[2025-03-05T02:22:33.747+0300][6.028s][info ][gc] GC(119) Pause Young (Normal) (G1 Evacuation Pause) 14M->2M(256M) 0.899ms
[2025-03-05T02:22:33.795+0300][6.075s][info ][gc] GC(120) Pause Young (Normal) (G1 Evacuation Pause) 13M->3M(256M) 1.735ms
[2025-03-05T02:22:33.840+0300][6.121s][info ][gc] GC(121) Pause Young (Normal) (G1 Evacuation Pause) 14M->2M(256M) 0.919ms
[2025-03-05T02:22:33.887+0300][6.167s][info ][gc] GC(122) Pause Young (Normal) (G1 Evacuation Pause) 13M->3M(256M) 1.603ms
[2025-03-05T02:22:33.930+0300][6.210s][info ][gc] GC(123) Pause Young (Normal) (G1 Evacuation Pause) 13M->2M(256M) 0.813ms
[2025-03-05T02:22:33.976+0300][6.256s][info ][gc] GC(124) Pause Young (Normal) (G1 Evacuation Pause) 13M->3M(256M) 1.468ms
[2025-03-05T02:22:34.017+0300][6.298s][info ][gc] GC(125) Pause Young (Normal) (G1 Evacuation Pause) 13M->3M(256M) 0.809ms
[2025-03-05T02:22:34.067+0300][6.347s][info ][gc] GC(126) Pause Young (Normal) (G1 Evacuation Pause) 14M->3M(256M) 1.437ms
[2025-03-05T02:22:34.108+0300][6.388s][info ][gc] GC(127) Pause Young (Normal) (G1 Evacuation Pause) 13M->3M(256M) 1.040ms
[2025-03-05T02:22:34.157+0300][6.437s][info ][gc] GC(128) Pause Young (Normal) (G1 Evacuation Pause) 14M->3M(256M) 1.732ms
[2025-03-05T02:22:34.200+0300][6.480s][info ][gc] GC(129) Pause Young (Normal) (G1 Evacuation Pause) 13M->3M(256M) 1.047ms
[2025-03-05T02:22:34.248+0300][6.528s][info ][gc] GC(130) Pause Young (Normal) (G1 Evacuation Pause) 14M->3M(256M) 1.676ms
[2025-03-05T02:22:34.288+0300][6.568s][info ][gc] GC(131) Pause Young (Normal) (G1 Evacuation Pause) 13M->3M(256M) 1.006ms
[2025-03-05T02:22:34.334+0300][6.614s][info ][gc] GC(132) Pause Young (Normal) (G1 Evacuation Pause) 14M->3M(256M) 1.941ms
[2025-03-05T02:22:34.376+0300][6.655s][info ][gc] GC(133) Pause Young (Normal) (G1 Evacuation Pause) 13M->3M(256M) 1.008ms
[2025-03-05T02:22:34.421+0300][6.701s][info ][gc] GC(134) Pause Young (Normal) (G1 Evacuation Pause) 14M->3M(256M) 1.788ms
[2025-03-05T02:22:34.461+0300][6.742s][info ][gc] GC(135) Pause Young (Normal) (G1 Evacuation Pause) 13M->3M(256M) 0.991ms
[2025-03-05T02:22:34.507+0300][6.787s][info ][gc] GC(136) Pause Young (Normal) (G1 Evacuation Pause) 14M->4M(256M) 1.706ms
[2025-03-05T02:22:34.549+0300][6.829s][info ][gc] GC(137) Pause Young (Normal) (G1 Evacuation Pause) 14M->3M(256M) 1.099ms
[2025-03-05T02:22:34.594+0300][6.874s][info ][gc] GC(138) Pause Young (Normal) (G1 Evacuation Pause) 14M->3M(256M) 1.997ms
[2025-03-05T02:22:34.635+0300][6.915s][info ][gc] GC(139) Pause Young (Normal) (G1 Evacuation Pause) 13M->3M(256M) 1.003ms
[2025-03-05T02:22:34.682+0300][6.962s][info ][gc] GC(140) Pause Young (Normal) (G1 Evacuation Pause) 14M->4M(256M) 1.530ms
[2025-03-05T02:22:34.726+0300][7.005s][info ][gc] GC(141) Pause Young (Normal) (G1 Evacuation Pause) 14M->3M(256M) 1.024ms
[2025-03-05T02:22:34.774+0300][7.054s][info ][gc] GC(142) Pause Young (Normal) (G1 Evacuation Pause) 14M->4M(256M) 1.841ms
[2025-03-05T02:22:34.817+0300][7.097s][info ][gc] GC(143) Pause Young (Normal) (G1 Evacuation Pause) 14M->3M(256M) 1.017ms
[2025-03-05T02:22:34.867+0300][7.146s][info ][gc] GC(144) Pause Young (Normal) (G1 Evacuation Pause) 14M->4M(256M) 1.877ms
[2025-03-05T02:22:34.909+0300][7.190s][info ][gc] GC(145) Pause Young (Normal) (G1 Evacuation Pause) 14M->3M(256M) 1.470ms
[2025-03-05T02:22:34.955+0300][7.235s][info ][gc] GC(146) Pause Young (Normal) (G1 Evacuation Pause) 14M->4M(256M) 1.968ms
[2025-03-05T02:22:34.996+0300][7.276s][info ][gc] GC(147) Pause Young (Normal) (G1 Evacuation Pause) 14M->3M(256M) 1.239ms
[2025-03-05T02:22:35.044+0300][7.324s][info ][gc] GC(148) Pause Young (Normal) (G1 Evacuation Pause) 14M->4M(256M) 2.002ms
[2025-03-05T02:22:35.085+0300][7.366s][info ][gc] GC(149) Pause Young (Normal) (G1 Evacuation Pause) 14M->3M(256M) 1.199ms
[2025-03-05T02:22:35.131+0300][7.411s][info ][gc] GC(150) Pause Young (Normal) (G1 Evacuation Pause) 14M->4M(256M) 1.811ms
[2025-03-05T02:22:35.173+0300][7.453s][info ][gc] GC(151) Pause Young (Normal) (G1 Evacuation Pause) 14M->3M(256M) 1.421ms
[2025-03-05T02:22:35.218+0300][7.498s][info ][gc] GC(152) Pause Young (Normal) (G1 Evacuation Pause) 14M->4M(256M) 1.673ms
[2025-03-05T02:22:35.261+0300][7.541s][info ][gc] GC(153) Pause Young (Normal) (G1 Evacuation Pause) 14M->3M(256M) 1.145ms
[2025-03-05T02:22:35.310+0300][7.590s][info ][gc] GC(154) Pause Young (Normal) (G1 Evacuation Pause) 14M->4M(256M) 1.895ms
[2025-03-05T02:22:35.356+0300][7.636s][info ][gc] GC(155) Pause Young (Normal) (G1 Evacuation Pause) 14M->3M(256M) 1.224ms
[2025-03-05T02:22:35.403+0300][7.683s][info ][gc] GC(156) Pause Young (Normal) (G1 Evacuation Pause) 14M->4M(256M) 1.899ms
[2025-03-05T02:22:35.446+0300][7.727s][info ][gc] GC(157) Pause Young (Normal) (G1 Evacuation Pause) 14M->3M(256M) 1.565ms
[2025-03-05T02:22:35.497+0300][7.777s][info ][gc] GC(158) Pause Young (Normal) (G1 Evacuation Pause) 14M->4M(256M) 1.870ms
[2025-03-05T02:22:35.539+0300][7.819s][info ][gc] GC(159) Pause Young (Normal) (G1 Evacuation Pause) 14M->3M(256M) 1.276ms
[2025-03-05T02:22:35.590+0300][7.870s][info ][gc] GC(160) Pause Young (Normal) (G1 Evacuation Pause) 14M->4M(256M) 1.687ms
[2025-03-05T02:22:35.632+0300][7.913s][info ][gc] GC(161) Pause Young (Normal) (G1 Evacuation Pause) 14M->3M(256M) 1.020ms
[2025-03-05T02:22:35.679+0300][7.960s][info ][gc] GC(162) Pause Young (Normal) (G1 Evacuation Pause) 14M->4M(256M) 2.069ms
[2025-03-05T02:22:35.722+0300][8.002s][info ][gc] GC(163) Pause Young (Normal) (G1 Evacuation Pause) 14M->3M(256M) 1.369ms
[2025-03-05T02:22:35.767+0300][8.048s][info ][gc] GC(164) Pause Young (Normal) (G1 Evacuation Pause) 14M->4M(256M) 1.925ms
[2025-03-05T02:22:35.811+0300][8.091s][info ][gc] GC(165) Pause Young (Normal) (G1 Evacuation Pause) 14M->3M(256M) 1.558ms
[2025-03-05T02:22:35.859+0300][8.139s][info ][gc] GC(166) Pause Young (Normal) (G1 Evacuation Pause) 14M->2M(256M) 0.483ms
[2025-03-05T02:22:35.910+0300][8.190s][info ][gc] GC(167) Pause Young (Normal) (G1 Evacuation Pause) 13M->3M(256M) 1.639ms
[2025-03-05T02:22:35.956+0300][8.236s][info ][gc] GC(168) Pause Young (Normal) (G1 Evacuation Pause) 14M->2M(256M) 0.514ms
[2025-03-05T02:22:36.002+0300][8.282s][info ][gc] GC(169) Pause Young (Normal) (G1 Evacuation Pause) 13M->3M(256M) 1.660ms
[2025-03-05T02:22:36.050+0300][8.330s][info ][gc] GC(170) Pause Young (Normal) (G1 Evacuation Pause) 14M->2M(256M) 1.067ms
[2025-03-05T02:22:36.099+0300][8.379s][info ][gc] GC(171) Pause Young (Normal) (G1 Evacuation Pause) 13M->3M(256M) 1.608ms
[2025-03-05T02:22:36.141+0300][8.420s][info ][gc] GC(172) Pause Young (Normal) (G1 Evacuation Pause) 13M->2M(256M) 0.777ms
[2025-03-05T02:22:36.188+0300][8.468s][info ][gc] GC(173) Pause Young (Normal) (G1 Evacuation Pause) 13M->3M(256M) 1.692ms
[2025-03-05T02:22:36.233+0300][8.513s][info ][gc] GC(174) Pause Young (Normal) (G1 Evacuation Pause) 13M->2M(256M) 0.775ms
[2025-03-05T02:22:36.279+0300][8.560s][info ][gc] GC(175) Pause Young (Normal) (G1 Evacuation Pause) 13M->3M(256M) 1.720ms
[2025-03-05T02:22:36.320+0300][8.601s][info ][gc] GC(176) Pause Young (Normal) (G1 Evacuation Pause) 13M->3M(256M) 0.865ms
[2025-03-05T02:22:36.366+0300][8.646s][info ][gc] GC(177) Pause Young (Normal) (G1 Evacuation Pause) 14M->3M(256M) 1.646ms
[2025-03-05T02:22:36.407+0300][8.687s][info ][gc] GC(178) Pause Young (Normal) (G1 Evacuation Pause) 13M->3M(256M) 0.771ms
[2025-03-05T02:22:36.454+0300][8.734s][info ][gc] GC(179) Pause Young (Normal) (G1 Evacuation Pause) 14M->3M(256M) 1.679ms
[2025-03-05T02:22:36.494+0300][8.775s][info ][gc] GC(180) Pause Young (Normal) (G1 Evacuation Pause) 13M->3M(256M) 0.897ms
[2025-03-05T02:22:36.539+0300][8.820s][info ][gc] GC(181) Pause Young (Normal) (G1 Evacuation Pause) 14M->3M(256M) 1.792ms
[2025-03-05T02:22:36.581+0300][8.861s][info ][gc] GC(182) Pause Young (Normal) (G1 Evacuation Pause) 13M->3M(256M) 1.041ms
[2025-03-05T02:22:36.627+0300][8.906s][info ][gc] GC(183) Pause Young (Normal) (G1 Evacuation Pause) 14M->3M(256M) 1.768ms
[2025-03-05T02:22:36.668+0300][8.947s][info ][gc] GC(184) Pause Young (Normal) (G1 Evacuation Pause) 13M->3M(256M) 1.167ms
[2025-03-05T02:22:36.712+0300][8.992s][info ][gc] GC(185) Pause Young (Normal) (G1 Evacuation Pause) 14M->4M(256M) 1.644ms
[2025-03-05T02:22:36.752+0300][9.033s][info ][gc] GC(186) Pause Young (Normal) (G1 Evacuation Pause) 14M->3M(256M) 1.184ms
[2025-03-05T02:22:36.797+0300][9.077s][info ][gc] GC(187) Pause Young (Normal) (G1 Evacuation Pause) 14M->4M(256M) 1.721ms
[2025-03-05T02:22:36.838+0300][9.118s][info ][gc] GC(188) Pause Young (Normal) (G1 Evacuation Pause) 14M->3M(256M) 1.175ms
[2025-03-05T02:22:36.884+0300][9.164s][info ][gc] GC(189) Pause Young (Normal) (G1 Evacuation Pause) 14M->4M(256M) 2.016ms
[2025-03-05T02:22:36.925+0300][9.206s][info ][gc] GC(190) Pause Young (Normal) (G1 Evacuation Pause) 14M->3M(256M) 1.104ms
[2025-03-05T02:22:36.972+0300][9.252s][info ][gc] GC(191) Pause Young (Normal) (G1 Evacuation Pause) 14M->4M(256M) 1.811ms
[2025-03-05T02:22:37.019+0300][9.299s][info ][gc] GC(192) Pause Young (Normal) (G1 Evacuation Pause) 14M->3M(256M) 1.114ms
[2025-03-05T02:22:37.072+0300][9.353s][info ][gc] GC(193) Pause Young (Normal) (G1 Evacuation Pause) 14M->4M(256M) 1.834ms
[2025-03-05T02:22:37.114+0300][9.393s][info ][gc] GC(194) Pause Young (Normal) (G1 Evacuation Pause) 14M->3M(256M) 1.201ms
[2025-03-05T02:22:37.159+0300][9.439s][info ][gc] GC(195) Pause Young (Normal) (G1 Evacuation Pause) 14M->4M(256M) 1.845ms
[2025-03-05T02:22:37.204+0300][9.484s][info ][gc] GC(196) Pause Young (Normal) (G1 Evacuation Pause) 14M->3M(256M) 1.249ms
[2025-03-05T02:22:37.249+0300][9.530s][info ][gc] GC(197) Pause Young (Normal) (G1 Evacuation Pause) 14M->4M(256M) 1.766ms
[2025-03-05T02:22:37.291+0300][9.572s][info ][gc] GC(198) Pause Young (Normal) (G1 Evacuation Pause) 14M->3M(256M) 1.265ms
[2025-03-05T02:22:37.336+0300][9.617s][info ][gc] GC(199) Pause Young (Normal) (G1 Evacuation Pause) 14M->4M(256M) 1.783ms
[2025-03-05T02:22:37.384+0300][9.664s][info ][gc] GC(200) Pause Young (Normal) (G1 Evacuation Pause) 14M->3M(256M) 1.261ms
[2025-03-05T02:22:37.435+0300][9.715s][info ][gc] GC(201) Pause Young (Normal) (G1 Evacuation Pause) 14M->4M(256M) 2.121ms
[2025-03-05T02:22:37.485+0300][9.765s][info ][gc] GC(202) Pause Young (Normal) (G1 Evacuation Pause) 14M->3M(256M) 1.330ms
[2025-03-05T02:22:37.535+0300][9.815s][info ][gc] GC(203) Pause Young (Normal) (G1 Evacuation Pause) 14M->4M(256M) 1.779ms
[2025-03-05T02:22:37.577+0300][9.857s][info ][gc] GC(204) Pause Young (Normal) (G1 Evacuation Pause) 14M->3M(256M) 1.443ms
[2025-03-05T02:22:37.627+0300][9.907s][info ][gc] GC(205) Pause Young (Normal) (G1 Evacuation Pause) 14M->4M(256M) 1.894ms
[2025-03-05T02:22:37.672+0300][9.952s][info ][gc] GC(206) Pause Young (Normal) (G1 Evacuation Pause) 14M->3M(256M) 1.514ms
[2025-03-05T02:22:37.719+0300][9.999s][info ][gc] GC(207) Pause Young (Normal) (G1 Evacuation Pause) 14M->4M(256M) 1.940ms
[2025-03-05T02:22:37.762+0300][10.042s][info ][gc] GC(208) Pause Young (Normal) (G1 Evacuation Pause) 14M->3M(256M) 1.123ms
[2025-03-05T02:22:37.810+0300][10.090s][info ][gc] GC(209) Pause Young (Normal) (G1 Evacuation Pause) 14M->4M(256M) 2.054ms
[2025-03-05T02:22:37.853+0300][10.133s][info ][gc] GC(210) Pause Young (Normal) (G1 Evacuation Pause) 14M->3M(256M) 1.473ms
[2025-03-05T02:22:37.902+0300][10.182s][info ][gc] GC(211) Pause Young (Normal) (G1 Evacuation Pause) 14M->4M(256M) 2.084ms
[2025-03-05T02:22:37.951+0300][10.232s][info ][gc] GC(212) Pause Young (Normal) (G1 Evacuation Pause) 14M->3M(256M) 1.071ms
[2025-03-05T02:22:38.000+0300][10.280s][info ][gc] GC(213) Pause Young (Normal) (G1 Evacuation Pause) 14M->4M(256M) 1.718ms
[2025-03-05T02:22:38.044+0300][10.323s][info ][gc] GC(214) Pause Young (Normal) (G1 Evacuation Pause) 14M->3M(256M) 1.443ms
[2025-03-05T02:22:38.090+0300][10.371s][info ][gc] GC(215) Pause Young (Normal) (G1 Evacuation Pause) 14M->2M(256M) 0.335ms
[2025-03-05T02:22:38.142+0300][10.422s][info ][gc] GC(216) Pause Young (Normal) (G1 Evacuation Pause) 13M->3M(256M) 1.635ms
[2025-03-05T02:22:38.193+0300][10.473s][info ][gc] GC(217) Pause Young (Normal) (G1 Evacuation Pause) 14M->2M(256M) 0.667ms
[2025-03-05T02:22:38.245+0300][10.525s][info ][gc] GC(218) Pause Young (Normal) (G1 Evacuation Pause) 13M->3M(256M) 1.563ms
[2025-03-05T02:22:38.291+0300][10.571s][info ][gc] GC(219) Pause Young (Normal) (G1 Evacuation Pause) 14M->2M(256M) 0.990ms
[2025-03-05T02:22:38.337+0300][10.618s][info ][gc] GC(220) Pause Young (Normal) (G1 Evacuation Pause) 13M->3M(256M) 1.720ms
[2025-03-05T02:22:38.380+0300][10.660s][info ][gc] GC(221) Pause Young (Normal) (G1 Evacuation Pause) 13M->2M(256M) 0.917ms
[2025-03-05T02:22:38.429+0300][10.708s][info ][gc] GC(222) Pause Young (Normal) (G1 Evacuation Pause) 13M->3M(256M) 1.642ms
[2025-03-05T02:22:38.476+0300][10.756s][info ][gc] GC(223) Pause Young (Normal) (G1 Evacuation Pause) 13M->2M(256M) 0.791ms
[2025-03-05T02:22:38.527+0300][10.807s][info ][gc] GC(224) Pause Young (Normal) (G1 Evacuation Pause) 13M->3M(256M) 1.712ms
[2025-03-05T02:22:38.570+0300][10.850s][info ][gc] GC(225) Pause Young (Normal) (G1 Evacuation Pause) 13M->3M(256M) 0.670ms
[2025-03-05T02:22:38.618+0300][10.898s][info ][gc] GC(226) Pause Young (Normal) (G1 Evacuation Pause) 14M->3M(256M) 1.639ms
[2025-03-05T02:22:38.661+0300][10.941s][info ][gc] GC(227) Pause Young (Normal) (G1 Evacuation Pause) 13M->3M(256M) 0.709ms
[2025-03-05T02:22:38.710+0300][10.990s][info ][gc] GC(228) Pause Young (Normal) (G1 Evacuation Pause) 14M->3M(256M) 1.537ms
[2025-03-05T02:22:38.755+0300][11.035s][info ][gc] GC(229) Pause Young (Normal) (G1 Evacuation Pause) 13M->3M(256M) 0.776ms
[2025-03-05T02:22:38.802+0300][11.082s][info ][gc] GC(230) Pause Young (Normal) (G1 Evacuation Pause) 14M->3M(256M) 1.264ms
[2025-03-05T02:22:38.845+0300][11.125s][info ][gc] GC(231) Pause Young (Normal) (G1 Evacuation Pause) 13M->3M(256M) 0.680ms
[2025-03-05T02:22:38.892+0300][11.172s][info ][gc] GC(232) Pause Young (Normal) (G1 Evacuation Pause) 14M->3M(256M) 1.572ms
[2025-03-05T02:22:38.934+0300][11.213s][info ][gc] GC(233) Pause Young (Normal) (G1 Evacuation Pause) 13M->3M(256M) 1.022ms
[2025-03-05T02:22:38.979+0300][11.260s][info ][gc] GC(234) Pause Young (Normal) (G1 Evacuation Pause) 14M->3M(256M) 1.677ms
[2025-03-05T02:22:39.023+0300][11.303s][info ][gc] GC(235) Pause Young (Normal) (G1 Evacuation Pause) 13M->3M(256M) 1.028ms
[2025-03-05T02:22:39.068+0300][11.348s][info ][gc] GC(236) Pause Young (Normal) (G1 Evacuation Pause) 14M->4M(256M) 1.491ms
[2025-03-05T02:22:39.109+0300][11.389s][info ][gc] GC(237) Pause Young (Normal) (G1 Evacuation Pause) 14M->3M(256M) 1.200ms
[2025-03-05T02:22:39.153+0300][11.435s][info ][gc] GC(238) Pause Young (Normal) (G1 Evacuation Pause) 14M->4M(256M) 1.867ms
[2025-03-05T02:22:39.200+0300][11.480s][info ][gc] GC(239) Pause Young (Normal) (G1 Evacuation Pause) 14M->3M(256M) 1.170ms
