[2025-03-05T14:37:18.549+0300][0.013s][info][gc] Using G1
[2025-03-05T14:37:18.549+0300][0.013s][debug][gc] ConcGCThreads: 2 offset 16
[2025-03-05T14:37:18.549+0300][0.013s][debug][gc] ParallelGCThreads: 8
[2025-03-05T14:37:18.549+0300][0.013s][debug][gc] Initialize mark stack with 4096 chunks, maximum 524288
[2025-03-05T14:37:19.231+0300][0.695s][info ][gc] GC(0) Pause Young (Normal) (G1 Evacuation Pause) 51M->3M(1024M) 5.006ms
[2025-03-05T14:37:19.554+0300][1.018s][info ][gc] GC(1) Pause Young (Normal) (G1 Evacuation Pause) 62M->3M(1024M) 2.866ms
[2025-03-05T14:37:22.212+0300][3.677s][info ][gc] GC(2) Pause Young (Normal) (G1 Evacuation Pause) 613M->2M(1024M) 2.418ms
[2025-03-05T14:37:25.070+0300][6.535s][info ][gc] GC(3) Pause Young (Normal) (G1 Evacuation Pause) 613M->3M(1024M) 2.974ms
[2025-03-05T14:37:27.529+0300][8.992s][info ][gc] GC(4) Pause Young (Normal) (G1 Evacuation Pause) 613M->3M(1024M) 2.102ms
[2025-03-05T14:37:29.991+0300][11.455s][info ][gc] GC(5) Pause Young (Normal) (G1 Evacuation Pause) 613M->4M(1024M) 4.758ms
[2025-03-05T14:37:32.432+0300][13.896s][info ][gc] GC(6) Pause Young (Normal) (G1 Evacuation Pause) 614M->3M(1024M) 2.330ms
[2025-03-05T14:37:34.904+0300][16.368s][info ][gc] GC(7) Pause Young (Normal) (G1 Evacuation Pause) 613M->4M(1024M) 2.947ms
[2025-03-05T14:37:37.372+0300][18.837s][info ][gc] GC(8) Pause Young (Normal) (G1 Evacuation Pause) 613M->3M(1024M) 2.499ms
[2025-03-05T14:37:39.927+0300][21.390s][info ][gc] GC(9) Pause Young (Normal) (G1 Evacuation Pause) 613M->2M(1024M) 2.140ms
[2025-03-05T14:37:42.447+0300][23.912s][info ][gc] GC(10) Pause Young (Normal) (G1 Evacuation Pause) 613M->3M(1024M) 2.430ms
[2025-03-05T14:37:44.919+0300][26.382s][info ][gc] GC(11) Pause Young (Normal) (G1 Evacuation Pause) 613M->2M(1024M) 2.211ms
[2025-03-05T14:37:47.362+0300][28.826s][info ][gc] GC(12) Pause Young (Normal) (G1 Evacuation Pause) 613M->3M(1024M) 3.021ms
[2025-03-05T14:37:49.838+0300][31.301s][info ][gc] GC(13) Pause Young (Normal) (G1 Evacuation Pause) 613M->3M(1024M) 2.163ms
[2025-03-05T14:37:52.372+0300][33.837s][info ][gc] GC(14) Pause Young (Normal) (G1 Evacuation Pause) 614M->4M(1024M) 3.085ms
[2025-03-05T14:37:54.842+0300][36.306s][info ][gc] GC(15) Pause Young (Normal) (G1 Evacuation Pause) 613M->3M(1024M) 3.409ms
[2025-03-05T14:37:57.371+0300][38.835s][info ][gc] GC(16) Pause Young (Normal) (G1 Evacuation Pause) 615M->2M(1024M) 1.149ms
[2025-03-05T14:37:59.856+0300][41.321s][info ][gc] GC(17) Pause Young (Normal) (G1 Evacuation Pause) 615M->3M(1024M) 2.805ms
[2025-03-05T14:38:02.351+0300][43.815s][info ][gc] GC(18) Pause Young (Normal) (G1 Evacuation Pause) 615M->3M(1024M) 1.778ms
[2025-03-05T14:38:04.830+0300][46.294s][info ][gc] GC(19) Pause Young (Normal) (G1 Evacuation Pause) 616M->2M(1024M) 1.545ms
[2025-03-05T14:38:07.319+0300][48.782s][info ][gc] GC(20) Pause Young (Normal) (G1 Evacuation Pause) 615M->3M(1024M) 2.557ms
[2025-03-05T14:38:10.005+0300][51.469s][info ][gc] GC(21) Pause Young (Normal) (G1 Evacuation Pause) 615M->3M(1024M) 2.094ms
[2025-03-05T14:38:12.541+0300][54.005s][info ][gc] GC(22) Pause Young (Normal) (G1 Evacuation Pause) 616M->2M(1024M) 1.512ms
[2025-03-05T14:38:15.020+0300][56.484s][info ][gc] GC(23) Pause Young (Normal) (G1 Evacuation Pause) 615M->2M(1024M) 1.282ms
[2025-03-05T14:38:17.484+0300][58.947s][info ][gc] GC(24) Pause Young (Normal) (G1 Evacuation Pause) 615M->3M(1024M) 2.518ms
[2025-03-05T14:38:19.958+0300][61.422s][info ][gc] GC(25) Pause Young (Normal) (G1 Evacuation Pause) 615M->3M(1024M) 1.428ms
[2025-03-05T14:38:22.478+0300][63.944s][info ][gc] GC(26) Pause Young (Normal) (G1 Evacuation Pause) 616M->2M(1024M) 1.143ms
[2025-03-05T14:38:25.024+0300][66.487s][info ][gc] GC(27) Pause Young (Normal) (G1 Evacuation Pause) 615M->3M(1024M) 3.187ms
[2025-03-05T14:38:27.522+0300][68.986s][info ][gc] GC(28) Pause Young (Normal) (G1 Evacuation Pause) 615M->3M(1024M) 1.911ms
[2025-03-05T14:38:29.990+0300][71.454s][info ][gc] GC(29) Pause Young (Normal) (G1 Evacuation Pause) 616M->2M(1024M) 1.201ms
[2025-03-05T14:38:32.456+0300][73.920s][info ][gc] GC(30) Pause Young (Normal) (G1 Evacuation Pause) 615M->3M(1024M) 2.809ms
[2025-03-05T14:38:34.928+0300][76.392s][info ][gc] GC(31) Pause Young (Normal) (G1 Evacuation Pause) 615M->3M(1024M) 1.781ms
[2025-03-05T14:38:37.402+0300][78.867s][info ][gc] GC(32) Pause Young (Normal) (G1 Evacuation Pause) 616M->2M(1024M) 1.428ms
[2025-03-05T14:38:39.920+0300][81.384s][info ][gc] GC(33) Pause Young (Normal) (G1 Evacuation Pause) 615M->3M(1024M) 3.015ms
[2025-03-05T14:38:42.512+0300][83.976s][info ][gc] GC(34) Pause Young (Normal) (G1 Evacuation Pause) 615M->3M(1024M) 1.828ms
[2025-03-05T14:38:45.005+0300][86.469s][info ][gc] GC(35) Pause Young (Normal) (G1 Evacuation Pause) 615M->2M(1024M) 1.355ms
[2025-03-05T14:38:47.471+0300][88.935s][info ][gc] GC(36) Pause Young (Normal) (G1 Evacuation Pause) 615M->3M(1024M) 2.072ms
[2025-03-05T14:38:50.507+0300][91.971s][info ][gc] GC(37) Pause Young (Normal) (G1 Evacuation Pause) 615M->3M(1024M) 2.569ms
[2025-03-05T14:38:53.327+0300][94.792s][info ][gc] GC(38) Pause Young (Normal) (G1 Evacuation Pause) 615M->2M(1024M) 1.267ms
[2025-03-05T14:38:55.963+0300][97.428s][info ][gc] GC(39) Pause Young (Normal) (G1 Evacuation Pause) 615M->3M(1024M) 2.571ms
[2025-03-05T14:38:58.590+0300][100.055s][info ][gc] GC(40) Pause Young (Normal) (G1 Evacuation Pause) 615M->3M(1024M) 2.488ms
[2025-03-05T14:39:01.093+0300][102.557s][info ][gc] GC(41) Pause Young (Normal) (G1 Evacuation Pause) 615M->2M(1024M) 1.351ms
[2025-03-05T14:39:03.550+0300][105.014s][info ][gc] GC(42) Pause Young (Normal) (G1 Evacuation Pause) 615M->2M(1024M) 1.192ms
[2025-03-05T14:39:06.019+0300][107.483s][info ][gc] GC(43) Pause Young (Normal) (G1 Evacuation Pause) 615M->3M(1024M) 2.183ms
[2025-03-05T14:39:08.484+0300][109.948s][info ][gc] GC(44) Pause Young (Normal) (G1 Evacuation Pause) 615M->3M(1024M) 1.588ms
[2025-03-05T14:39:10.944+0300][112.408s][info ][gc] GC(45) Pause Young (Normal) (G1 Evacuation Pause) 616M->2M(1024M) 1.259ms
[2025-03-05T14:39:13.414+0300][114.879s][info ][gc] GC(46) Pause Young (Normal) (G1 Evacuation Pause) 615M->3M(1024M) 2.244ms
[2025-03-05T14:39:15.875+0300][117.339s][info ][gc] GC(47) Pause Young (Normal) (G1 Evacuation Pause) 615M->3M(1024M) 1.520ms
[2025-03-05T14:39:18.504+0300][119.969s][info ][gc] GC(48) Pause Young (Normal) (G1 Evacuation Pause) 616M->2M(1024M) 2.000ms
[2025-03-05T14:39:21.208+0300][122.672s][info ][gc] GC(49) Pause Young (Normal) (G1 Evacuation Pause) 615M->3M(1024M) 2.940ms
[2025-03-05T14:39:23.716+0300][125.181s][info ][gc] GC(50) Pause Young (Normal) (G1 Evacuation Pause) 615M->3M(1024M) 2.126ms
[2025-03-05T14:39:26.210+0300][127.674s][info ][gc] GC(51) Pause Young (Normal) (G1 Evacuation Pause) 616M->2M(1024M) 1.363ms
[2025-03-05T14:39:28.701+0300][130.165s][info ][gc] GC(52) Pause Young (Normal) (G1 Evacuation Pause) 615M->3M(1024M) 2.794ms
[2025-03-05T14:39:31.190+0300][132.654s][info ][gc] GC(53) Pause Young (Normal) (G1 Evacuation Pause) 615M->3M(1024M) 2.335ms
[2025-03-05T14:39:33.701+0300][135.165s][info ][gc] GC(54) Pause Young (Normal) (G1 Evacuation Pause) 616M->2M(1024M) 1.481ms
[2025-03-05T14:39:36.362+0300][137.827s][info ][gc] GC(55) Pause Young (Normal) (G1 Evacuation Pause) 615M->2M(1024M) 1.185ms
[2025-03-05T14:39:38.908+0300][140.372s][info ][gc] GC(56) Pause Young (Normal) (G1 Evacuation Pause) 615M->3M(1024M) 2.462ms
[2025-03-05T14:39:41.408+0300][142.874s][info ][gc] GC(57) Pause Young (Normal) (G1 Evacuation Pause) 615M->2M(1024M) 1.614ms
[2025-03-05T14:39:43.925+0300][145.390s][info ][gc] GC(58) Pause Young (Normal) (G1 Evacuation Pause) 615M->2M(1024M) 1.306ms
[2025-03-05T14:39:46.418+0300][147.883s][info ][gc] GC(59) Pause Young (Normal) (G1 Evacuation Pause) 615M->3M(1024M) 2.264ms
[2025-03-05T14:39:48.897+0300][150.361s][info ][gc] GC(60) Pause Young (Normal) (G1 Evacuation Pause) 615M->3M(1024M) 1.948ms
[2025-03-05T14:39:51.492+0300][152.956s][info ][gc] GC(61) Pause Young (Normal) (G1 Evacuation Pause) 616M->2M(1024M) 1.394ms
[2025-03-05T14:39:54.036+0300][155.500s][info ][gc] GC(62) Pause Young (Normal) (G1 Evacuation Pause) 615M->3M(1024M) 2.253ms
[2025-03-05T14:39:56.586+0300][158.051s][info ][gc] GC(63) Pause Young (Normal) (G1 Evacuation Pause) 615M->3M(1024M) 1.909ms
[2025-03-05T14:39:59.069+0300][160.534s][info ][gc] GC(64) Pause Young (Normal) (G1 Evacuation Pause) 616M->2M(1024M) 1.434ms
[2025-03-05T14:40:01.560+0300][163.023s][info ][gc] GC(65) Pause Young (Normal) (G1 Evacuation Pause) 615M->3M(1024M) 2.596ms
[2025-03-05T14:40:04.053+0300][165.517s][info ][gc] GC(66) Pause Young (Normal) (G1 Evacuation Pause) 615M->3M(1024M) 2.131ms
[2025-03-05T14:40:06.648+0300][168.113s][info ][gc] GC(67) Pause Young (Normal) (G1 Evacuation Pause) 615M->2M(1024M) 1.579ms
[2025-03-05T14:40:09.133+0300][170.597s][info ][gc] GC(68) Pause Young (Normal) (G1 Evacuation Pause) 615M->3M(1024M) 2.345ms
[2025-03-05T14:40:11.634+0300][173.099s][info ][gc] GC(69) Pause Young (Normal) (G1 Evacuation Pause) 615M->3M(1024M) 1.863ms
[2025-03-05T14:40:14.256+0300][175.720s][info ][gc] GC(70) Pause Young (Normal) (G1 Evacuation Pause) 615M->2M(1024M) 2.016ms
[2025-03-05T14:40:16.762+0300][178.226s][info ][gc] GC(71) Pause Young (Normal) (G1 Evacuation Pause) 615M->3M(1024M) 2.385ms
[2025-03-05T14:40:19.257+0300][180.722s][info ][gc] GC(72) Pause Young (Normal) (G1 Evacuation Pause) 615M->3M(1024M) 1.880ms
[2025-03-05T14:40:21.840+0300][183.304s][info ][gc] GC(73) Pause Young (Normal) (G1 Evacuation Pause) 616M->2M(1024M) 1.744ms
[2025-03-05T14:40:24.313+0300][185.777s][info ][gc] GC(74) Pause Young (Normal) (G1 Evacuation Pause) 615M->2M(1024M) 0.902ms
[2025-03-05T14:40:26.805+0300][188.269s][info ][gc] GC(75) Pause Young (Normal) (G1 Evacuation Pause) 615M->3M(1024M) 2.271ms
[2025-03-05T14:40:29.327+0300][190.791s][info ][gc] GC(76) Pause Young (Normal) (G1 Evacuation Pause) 615M->3M(1024M) 1.515ms
[2025-03-05T14:40:31.836+0300][193.300s][info ][gc] GC(77) Pause Young (Normal) (G1 Evacuation Pause) 616M->2M(1024M) 1.366ms
[2025-03-05T14:40:34.558+0300][196.022s][info ][gc] GC(78) Pause Young (Normal) (G1 Evacuation Pause) 615M->3M(1024M) 2.134ms
[2025-03-05T14:40:37.092+0300][198.556s][info ][gc] GC(79) Pause Young (Normal) (G1 Evacuation Pause) 615M->3M(1024M) 1.808ms
[2025-03-05T14:40:39.574+0300][201.038s][info ][gc] GC(80) Pause Young (Normal) (G1 Evacuation Pause) 616M->2M(1024M) 1.094ms
[2025-03-05T14:40:42.065+0300][203.528s][info ][gc] GC(81) Pause Young (Normal) (G1 Evacuation Pause) 615M->3M(1024M) 2.487ms
[2025-03-05T14:40:44.565+0300][206.029s][info ][gc] GC(82) Pause Young (Normal) (G1 Evacuation Pause) 615M->3M(1024M) 2.043ms
[2025-03-05T14:40:47.054+0300][208.518s][info ][gc] GC(83) Pause Young (Normal) (G1 Evacuation Pause) 616M->2M(1024M) 2.101ms
[2025-03-05T14:40:49.652+0300][211.116s][info ][gc] GC(84) Pause Young (Normal) (G1 Evacuation Pause) 615M->3M(1024M) 2.576ms
[2025-03-05T14:40:52.185+0300][213.649s][info ][gc] GC(85) Pause Young (Normal) (G1 Evacuation Pause) 615M->3M(1024M) 1.809ms
[2025-03-05T14:40:54.751+0300][216.216s][info ][gc] GC(86) Pause Young (Normal) (G1 Evacuation Pause) 615M->2M(1024M) 1.217ms
[2025-03-05T14:40:57.230+0300][218.694s][info ][gc] GC(87) Pause Young (Normal) (G1 Evacuation Pause) 615M->2M(1024M) 1.028ms
[2025-03-05T14:40:59.730+0300][221.194s][info ][gc] GC(88) Pause Young (Normal) (G1 Evacuation Pause) 615M->3M(1024M) 2.724ms
[2025-03-05T14:41:02.211+0300][223.675s][info ][gc] GC(89) Pause Young (Normal) (G1 Evacuation Pause) 615M->3M(1024M) 1.614ms
[2025-03-05T14:41:04.797+0300][226.261s][info ][gc] GC(90) Pause Young (Normal) (G1 Evacuation Pause) 616M->2M(1024M) 0.932ms
[2025-03-05T14:41:07.280+0300][228.744s][info ][gc] GC(91) Pause Young (Normal) (G1 Evacuation Pause) 615M->3M(1024M) 2.525ms
[2025-03-05T14:41:09.773+0300][231.238s][info ][gc] GC(92) Pause Young (Normal) (G1 Evacuation Pause) 615M->3M(1024M) 1.658ms
[2025-03-05T14:41:12.257+0300][233.720s][info ][gc] GC(93) Pause Young (Normal) (G1 Evacuation Pause) 616M->2M(1024M) 1.372ms
[2025-03-05T14:41:14.759+0300][236.224s][info ][gc] GC(94) Pause Young (Normal) (G1 Evacuation Pause) 615M->3M(1024M) 2.602ms
[2025-03-05T14:41:17.238+0300][238.702s][info ][gc] GC(95) Pause Young (Normal) (G1 Evacuation Pause) 615M->3M(1024M) 2.266ms
[2025-03-05T14:41:19.790+0300][241.254s][info ][gc] GC(96) Pause Young (Normal) (G1 Evacuation Pause) 616M->2M(1024M) 1.779ms
[2025-03-05T14:41:22.315+0300][243.780s][info ][gc] GC(97) Pause Young (Normal) (G1 Evacuation Pause) 615M->3M(1024M) 2.563ms
[2025-03-05T14:41:24.834+0300][246.299s][info ][gc] GC(98) Pause Young (Normal) (G1 Evacuation Pause) 615M->3M(1024M) 1.778ms
[2025-03-05T14:41:27.324+0300][248.788s][info ][gc] GC(99) Pause Young (Normal) (G1 Evacuation Pause) 615M->2M(1024M) 1.297ms
[2025-03-05T14:41:29.813+0300][251.277s][info ][gc] GC(100) Pause Young (Normal) (G1 Evacuation Pause) 615M->3M(1024M) 2.522ms
[2025-03-05T14:41:32.306+0300][253.770s][info ][gc] GC(101) Pause Young (Normal) (G1 Evacuation Pause) 615M->3M(1024M) 2.405ms
[2025-03-05T14:41:34.884+0300][256.348s][info ][gc] GC(102) Pause Young (Normal) (G1 Evacuation Pause) 615M->2M(1024M) 1.437ms
[2025-03-05T14:41:37.394+0300][258.857s][info ][gc] GC(103) Pause Young (Normal) (G1 Evacuation Pause) 615M->2M(1024M) 1.153ms
[2025-03-05T14:41:39.876+0300][261.341s][info ][gc] GC(104) Pause Young (Normal) (G1 Evacuation Pause) 615M->3M(1024M) 1.859ms
[2025-03-05T14:41:42.373+0300][263.837s][info ][gc] GC(105) Pause Young (Normal) (G1 Evacuation Pause) 615M->3M(1024M) 1.686ms
[2025-03-05T14:41:44.875+0300][266.339s][info ][gc] GC(106) Pause Young (Normal) (G1 Evacuation Pause) 616M->2M(1024M) 1.239ms
[2025-03-05T14:41:47.377+0300][268.841s][info ][gc] GC(107) Pause Young (Normal) (G1 Evacuation Pause) 615M->3M(1024M) 2.240ms
[2025-03-05T14:41:49.951+0300][271.415s][info ][gc] GC(108) Pause Young (Normal) (G1 Evacuation Pause) 615M->3M(1024M) 1.661ms
[2025-03-05T14:41:52.578+0300][274.043s][info ][gc] GC(109) Pause Young (Normal) (G1 Evacuation Pause) 616M->2M(1024M) 1.348ms
[2025-03-05T14:41:55.102+0300][276.565s][info ][gc] GC(110) Pause Young (Normal) (G1 Evacuation Pause) 615M->3M(1024M) 2.083ms
[2025-03-05T14:41:57.595+0300][279.059s][info ][gc] GC(111) Pause Young (Normal) (G1 Evacuation Pause) 615M->3M(1024M) 2.032ms
[2025-03-05T14:42:00.117+0300][281.581s][info ][gc] GC(112) Pause Young (Normal) (G1 Evacuation Pause) 616M->2M(1024M) 1.143ms
[2025-03-05T14:42:02.657+0300][284.121s][info ][gc] GC(113) Pause Young (Normal) (G1 Evacuation Pause) 615M->3M(1024M) 4.197ms
[2025-03-05T14:42:05.420+0300][286.884s][info ][gc] GC(114) Pause Young (Normal) (G1 Evacuation Pause) 615M->3M(1024M) 2.275ms
[2025-03-05T14:42:07.911+0300][289.375s][info ][gc] GC(115) Pause Young (Normal) (G1 Evacuation Pause) 616M->2M(1024M) 1.243ms
[2025-03-05T14:42:10.446+0300][291.910s][info ][gc] GC(116) Pause Young (Normal) (G1 Evacuation Pause) 615M->2M(1024M) 0.772ms
[2025-03-05T14:42:12.944+0300][294.407s][info ][gc] GC(117) Pause Young (Normal) (G1 Evacuation Pause) 615M->3M(1024M) 2.168ms
[2025-03-05T14:42:15.442+0300][296.906s][info ][gc] GC(118) Pause Young (Normal) (G1 Evacuation Pause) 615M->3M(1024M) 1.790ms
[2025-03-05T14:42:17.940+0300][299.405s][info ][gc] GC(119) Pause Young (Normal) (G1 Evacuation Pause) 616M->2M(1024M) 1.111ms
[2025-03-05T14:42:20.566+0300][302.031s][info ][gc] GC(120) Pause Young (Normal) (G1 Evacuation Pause) 615M->3M(1024M) 2.204ms
[2025-03-05T14:42:23.356+0300][304.819s][info ][gc] GC(121) Pause Young (Normal) (G1 Evacuation Pause) 615M->3M(1024M) 1.710ms
[2025-03-05T14:42:26.165+0300][307.630s][info ][gc] GC(122) Pause Young (Normal) (G1 Evacuation Pause) 616M->2M(1024M) 1.321ms
[2025-03-05T14:42:28.806+0300][310.270s][info ][gc] GC(123) Pause Young (Normal) (G1 Evacuation Pause) 615M->3M(1024M) 2.547ms
[2025-03-05T14:42:31.425+0300][312.889s][info ][gc] GC(124) Pause Young (Normal) (G1 Evacuation Pause) 615M->3M(1024M) 2.386ms
[2025-03-05T14:42:34.027+0300][315.491s][info ][gc] GC(125) Pause Young (Normal) (G1 Evacuation Pause) 616M->2M(1024M) 1.225ms
[2025-03-05T14:42:36.595+0300][318.060s][info ][gc] GC(126) Pause Young (Normal) (G1 Evacuation Pause) 615M->3M(1024M) 2.544ms
[2025-03-05T14:42:39.076+0300][320.541s][info ][gc] GC(127) Pause Young (Normal) (G1 Evacuation Pause) 615M->3M(1024M) 1.696ms
[2025-03-05T14:42:41.550+0300][323.015s][info ][gc] GC(128) Pause Young (Normal) (G1 Evacuation Pause) 616M->2M(1024M) 1.737ms
[2025-03-05T14:42:44.044+0300][325.508s][info ][gc] GC(129) Pause Young (Normal) (G1 Evacuation Pause) 615M->2M(1024M) 0.705ms
[2025-03-05T14:42:46.512+0300][327.977s][info ][gc] GC(130) Pause Young (Normal) (G1 Evacuation Pause) 615M->3M(1024M) 1.842ms
[2025-03-05T14:42:48.988+0300][330.452s][info ][gc] GC(131) Pause Young (Normal) (G1 Evacuation Pause) 615M->2M(1024M) 1.759ms
[2025-03-05T14:42:51.474+0300][332.938s][info ][gc] GC(132) Pause Young (Normal) (G1 Evacuation Pause) 615M->2M(1024M) 0.990ms
[2025-03-05T14:42:53.953+0300][335.416s][info ][gc] GC(133) Pause Young (Normal) (G1 Evacuation Pause) 615M->3M(1024M) 2.522ms
[2025-03-05T14:42:56.485+0300][337.949s][info ][gc] GC(134) Pause Young (Normal) (G1 Evacuation Pause) 615M->3M(1024M) 1.423ms
[2025-03-05T14:42:58.970+0300][340.435s][info ][gc] GC(135) Pause Young (Normal) (G1 Evacuation Pause) 616M->2M(1024M) 1.040ms
[2025-03-05T14:43:01.450+0300][342.914s][info ][gc] GC(136) Pause Young (Normal) (G1 Evacuation Pause) 615M->3M(1024M) 2.333ms
[2025-03-05T14:43:03.974+0300][345.439s][info ][gc] GC(137) Pause Young (Normal) (G1 Evacuation Pause) 615M->3M(1024M) 1.808ms
[2025-03-05T14:43:06.460+0300][347.924s][info ][gc] GC(138) Pause Young (Normal) (G1 Evacuation Pause) 616M->2M(1024M) 1.449ms
[2025-03-05T14:43:08.947+0300][350.411s][info ][gc] GC(139) Pause Young (Normal) (G1 Evacuation Pause) 615M->3M(1024M) 2.467ms
[2025-03-05T14:43:11.420+0300][352.884s][info ][gc] GC(140) Pause Young (Normal) (G1 Evacuation Pause) 615M->3M(1024M) 2.125ms
[2025-03-05T14:43:13.907+0300][355.371s][info ][gc] GC(141) Pause Young (Normal) (G1 Evacuation Pause) 615M->2M(1024M) 1.135ms
[2025-03-05T14:43:16.385+0300][357.850s][info ][gc] GC(142) Pause Young (Normal) (G1 Evacuation Pause) 615M->3M(1024M) 2.422ms
[2025-03-05T14:43:18.865+0300][360.330s][info ][gc] GC(143) Pause Young (Normal) (G1 Evacuation Pause) 615M->3M(1024M) 1.918ms
[2025-03-05T14:43:21.427+0300][362.892s][info ][gc] GC(144) Pause Young (Normal) (G1 Evacuation Pause) 615M->2M(1024M) 1.427ms
[2025-03-05T14:43:23.908+0300][365.372s][info ][gc] GC(145) Pause Young (Normal) (G1 Evacuation Pause) 615M->3M(1024M) 2.522ms
[2025-03-05T14:43:26.377+0300][367.841s][info ][gc] GC(146) Pause Young (Normal) (G1 Evacuation Pause) 615M->3M(1024M) 1.799ms
[2025-03-05T14:43:28.881+0300][370.345s][info ][gc] GC(147) Pause Young (Normal) (G1 Evacuation Pause) 615M->2M(1024M) 1.493ms
[2025-03-05T14:43:31.458+0300][372.922s][info ][gc] GC(148) Pause Young (Normal) (G1 Evacuation Pause) 615M->2M(1024M) 0.787ms
[2025-03-05T14:43:33.939+0300][375.403s][info ][gc] GC(149) Pause Young (Normal) (G1 Evacuation Pause) 615M->3M(1024M) 2.396ms
[2025-03-05T14:43:36.424+0300][377.888s][info ][gc] GC(150) Pause Young (Normal) (G1 Evacuation Pause) 615M->3M(1024M) 1.462ms
[2025-03-05T14:43:38.907+0300][380.371s][info ][gc] GC(151) Pause Young (Normal) (G1 Evacuation Pause) 616M->2M(1024M) 1.344ms
[2025-03-05T14:43:41.390+0300][382.854s][info ][gc] GC(152) Pause Young (Normal) (G1 Evacuation Pause) 615M->3M(1024M) 2.505ms
[2025-03-05T14:43:43.856+0300][385.320s][info ][gc] GC(153) Pause Young (Normal) (G1 Evacuation Pause) 615M->3M(1024M) 1.449ms
[2025-03-05T14:43:46.334+0300][387.798s][info ][gc] GC(154) Pause Young (Normal) (G1 Evacuation Pause) 616M->2M(1024M) 1.249ms
[2025-03-05T14:43:48.875+0300][390.340s][info ][gc] GC(155) Pause Young (Normal) (G1 Evacuation Pause) 615M->3M(1024M) 2.113ms
[2025-03-05T14:43:51.335+0300][392.799s][info ][gc] GC(156) Pause Young (Normal) (G1 Evacuation Pause) 615M->3M(1024M) 1.476ms
[2025-03-05T14:43:53.827+0300][395.291s][info ][gc] GC(157) Pause Young (Normal) (G1 Evacuation Pause) 616M->2M(1024M) 1.465ms
[2025-03-05T14:43:56.292+0300][397.756s][info ][gc] GC(158) Pause Young (Normal) (G1 Evacuation Pause) 615M->3M(1024M) 2.196ms
[2025-03-05T14:43:58.775+0300][400.239s][info ][gc] GC(159) Pause Young (Normal) (G1 Evacuation Pause) 615M->3M(1024M) 1.610ms
[2025-03-05T14:44:01.235+0300][402.699s][info ][gc] GC(160) Pause Young (Normal) (G1 Evacuation Pause) 615M->2M(1024M) 1.239ms
[2025-03-05T14:44:03.705+0300][405.169s][info ][gc] GC(161) Pause Young (Normal) (G1 Evacuation Pause) 615M->3M(1024M) 2.662ms
[2025-03-05T14:44:06.183+0300][407.647s][info ][gc] GC(162) Pause Young (Normal) (G1 Evacuation Pause) 615M->3M(1024M) 1.723ms
[2025-03-05T14:44:08.717+0300][410.181s][info ][gc] GC(163) Pause Young (Normal) (G1 Evacuation Pause) 615M->2M(1024M) 1.370ms
[2025-03-05T14:44:11.182+0300][412.646s][info ][gc] GC(164) Pause Young (Normal) (G1 Evacuation Pause) 615M->2M(1024M) 0.868ms
[2025-03-05T14:44:13.724+0300][415.188s][info ][gc] GC(165) Pause Young (Normal) (G1 Evacuation Pause) 615M->3M(1024M) 2.188ms
[2025-03-05T14:44:16.198+0300][417.662s][info ][gc] GC(166) Pause Young (Normal) (G1 Evacuation Pause) 615M->3M(1024M) 1.478ms
[2025-03-05T14:44:18.670+0300][420.134s][info ][gc] GC(167) Pause Young (Normal) (G1 Evacuation Pause) 616M->2M(1024M) 1.306ms
[2025-03-05T14:44:21.183+0300][422.647s][info ][gc] GC(168) Pause Young (Normal) (G1 Evacuation Pause) 615M->3M(1024M) 2.295ms
[2025-03-05T14:44:23.667+0300][425.131s][info ][gc] GC(169) Pause Young (Normal) (G1 Evacuation Pause) 615M->3M(1024M) 1.858ms
