[2025-03-05T02:08:28.001+0300][0.011s][info][gc] Using G1
[2025-03-05T02:08:28.001+0300][0.012s][debug][gc] ConcGCThreads: 2 offset 16
[2025-03-05T02:08:28.002+0300][0.012s][debug][gc] ParallelGCThreads: 8
[2025-03-05T02:08:28.002+0300][0.012s][debug][gc] Initialize mark stack with 4096 chunks, maximum 524288
[2025-03-05T02:08:28.399+0300][0.409s][info ][gc] GC(0) Pause Young (Normal) (G1 Evacuation Pause) 12M->2M(256M) 6.215ms
[2025-03-05T02:08:28.471+0300][0.482s][info ][gc] GC(1) Pause Young (Normal) (G1 Evacuation Pause) 12M->3M(256M) 2.510ms
[2025-03-05T02:08:28.534+0300][0.545s][info ][gc] GC(2) Pause Young (Normal) (G1 Evacuation Pause) 13M->3M(256M) 2.061ms
[2025-03-05T02:08:28.594+0300][0.605s][info ][gc] GC(3) Pause Young (Normal) (G1 Evacuation Pause) 13M->3M(256M) 1.644ms
[2025-03-05T02:08:28.658+0300][0.668s][info ][gc] GC(4) Pause Young (Normal) (G1 Evacuation Pause) 13M->3M(310M) 2.221ms
[2025-03-05T02:08:28.731+0300][0.741s][info ][gc] GC(5) Pause Young (Normal) (G1 Evacuation Pause) 15M->3M(310M) 1.249ms
[2025-03-05T02:08:28.805+0300][0.816s][info ][gc] GC(6) Pause Young (Normal) (G1 Evacuation Pause) 17M->2M(310M) 0.413ms
[2025-03-05T02:08:28.860+0300][0.871s][info ][gc] GC(7) Pause Young (Normal) (G1 Evacuation Pause) 14M->3M(310M) 1.653ms
[2025-03-05T02:08:28.920+0300][0.931s][info ][gc] GC(8) Pause Young (Normal) (G1 Evacuation Pause) 15M->2M(310M) 0.798ms
[2025-03-05T02:08:28.975+0300][0.986s][info ][gc] GC(9) Pause Young (Normal) (G1 Evacuation Pause) 14M->3M(372M) 1.825ms
[2025-03-05T02:08:29.061+0300][1.072s][info ][gc] GC(10) Pause Young (Normal) (G1 Evacuation Pause) 19M->3M(372M) 1.328ms
[2025-03-05T02:08:29.135+0300][1.146s][info ][gc] GC(11) Pause Young (Normal) (G1 Evacuation Pause) 19M->3M(372M) 1.300ms
[2025-03-05T02:08:29.206+0300][1.217s][info ][gc] GC(12) Pause Young (Normal) (G1 Evacuation Pause) 19M->2M(372M) 0.742ms
[2025-03-05T02:08:29.274+0300][1.285s][info ][gc] GC(13) Pause Young (Normal) (G1 Evacuation Pause) 18M->4M(372M) 2.002ms
[2025-03-05T02:08:29.345+0300][1.357s][info ][gc] GC(14) Pause Young (Normal) (G1 Evacuation Pause) 20M->3M(448M) 1.995ms
[2025-03-05T02:08:29.436+0300][1.447s][info ][gc] GC(15) Pause Young (Normal) (G1 Evacuation Pause) 23M->3M(448M) 2.266ms
[2025-03-05T02:08:29.517+0300][1.528s][info ][gc] GC(16) Pause Young (Normal) (G1 Evacuation Pause) 23M->3M(448M) 1.389ms
[2025-03-05T02:08:29.594+0300][1.605s][info ][gc] GC(17) Pause Young (Normal) (G1 Evacuation Pause) 23M->3M(448M) 1.857ms
[2025-03-05T02:08:29.671+0300][1.683s][info ][gc] GC(18) Pause Young (Normal) (G1 Evacuation Pause) 23M->3M(448M) 1.422ms
[2025-03-05T02:08:29.751+0300][1.761s][info ][gc] GC(19) Pause Young (Normal) (G1 Evacuation Pause) 23M->3M(538M) 2.046ms
[2025-03-05T02:08:29.851+0300][1.862s][info ][gc] GC(20) Pause Young (Normal) (G1 Evacuation Pause) 27M->3M(538M) 1.707ms
[2025-03-05T02:08:30.003+0300][2.014s][info ][gc] GC(21) Pause Young (Normal) (G1 Evacuation Pause) 41M->3M(538M) 1.330ms
[2025-03-05T02:08:30.095+0300][2.107s][info ][gc] GC(22) Pause Young (Normal) (G1 Evacuation Pause) 27M->3M(538M) 1.698ms
[2025-03-05T02:08:30.191+0300][2.202s][info ][gc] GC(23) Pause Young (Normal) (G1 Evacuation Pause) 27M->3M(538M) 2.217ms
[2025-03-05T02:08:30.285+0300][2.296s][info ][gc] GC(24) Pause Young (Normal) (G1 Evacuation Pause) 27M->4M(538M) 2.346ms
[2025-03-05T02:08:30.379+0300][2.389s][info ][gc] GC(25) Pause Young (Normal) (G1 Evacuation Pause) 28M->2M(538M) 1.280ms
[2025-03-05T02:08:30.471+0300][2.482s][info ][gc] GC(26) Pause Young (Normal) (G1 Evacuation Pause) 26M->3M(538M) 1.320ms
[2025-03-05T02:08:30.566+0300][2.577s][info ][gc] GC(27) Pause Young (Normal) (G1 Evacuation Pause) 27M->3M(538M) 1.390ms
[2025-03-05T02:08:30.658+0300][2.670s][info ][gc] GC(28) Pause Young (Normal) (G1 Evacuation Pause) 27M->3M(538M) 1.649ms
[2025-03-05T02:08:30.753+0300][2.763s][info ][gc] GC(29) Pause Young (Normal) (G1 Evacuation Pause) 27M->3M(538M) 2.041ms
[2025-03-05T02:08:30.846+0300][2.857s][info ][gc] GC(30) Pause Young (Normal) (G1 Evacuation Pause) 27M->4M(646M) 2.681ms
[2025-03-05T02:08:30.968+0300][2.980s][info ][gc] GC(31) Pause Young (Normal) (G1 Evacuation Pause) 34M->3M(646M) 1.298ms
[2025-03-05T02:08:31.086+0300][3.097s][info ][gc] GC(32) Pause Young (Normal) (G1 Evacuation Pause) 33M->4M(646M) 2.284ms
[2025-03-05T02:08:31.201+0300][3.213s][info ][gc] GC(33) Pause Young (Normal) (G1 Evacuation Pause) 34M->3M(646M) 1.458ms
[2025-03-05T02:08:31.318+0300][3.330s][info ][gc] GC(34) Pause Young (Normal) (G1 Evacuation Pause) 33M->3M(646M) 2.159ms
[2025-03-05T02:08:31.433+0300][3.445s][info ][gc] GC(35) Pause Young (Normal) (G1 Evacuation Pause) 33M->3M(646M) 1.081ms
[2025-03-05T02:08:31.549+0300][3.560s][info ][gc] GC(36) Pause Young (Normal) (G1 Evacuation Pause) 33M->3M(646M) 1.525ms
[2025-03-05T02:08:31.722+0300][3.733s][info ][gc] GC(37) Pause Young (Normal) (G1 Evacuation Pause) 47M->4M(646M) 2.283ms
[2025-03-05T02:08:31.838+0300][3.849s][info ][gc] GC(38) Pause Young (Normal) (G1 Evacuation Pause) 34M->3M(646M) 1.073ms
[2025-03-05T02:08:31.956+0300][3.967s][info ][gc] GC(39) Pause Young (Normal) (G1 Evacuation Pause) 33M->3M(646M) 2.528ms
[2025-03-05T02:08:32.071+0300][4.082s][info ][gc] GC(40) Pause Young (Normal) (G1 Evacuation Pause) 33M->2M(646M) 1.071ms
[2025-03-05T02:08:32.190+0300][4.201s][info ][gc] GC(41) Pause Young (Normal) (G1 Evacuation Pause) 32M->3M(646M) 1.393ms
[2025-03-05T02:08:32.317+0300][4.328s][info ][gc] GC(42) Pause Young (Normal) (G1 Evacuation Pause) 33M->2M(646M) 1.095ms
[2025-03-05T02:08:32.475+0300][4.486s][info ][gc] GC(43) Pause Young (Normal) (G1 Evacuation Pause) 42M->2M(646M) 0.788ms
[2025-03-05T02:08:32.641+0300][4.652s][info ][gc] GC(44) Pause Young (Normal) (G1 Evacuation Pause) 40M->4M(646M) 1.984ms
[2025-03-05T02:08:32.762+0300][4.773s][info ][gc] GC(45) Pause Young (Normal) (G1 Evacuation Pause) 34M->3M(646M) 1.207ms
[2025-03-05T02:08:32.879+0300][4.891s][info ][gc] GC(46) Pause Young (Normal) (G1 Evacuation Pause) 33M->3M(646M) 1.976ms
[2025-03-05T02:08:32.996+0300][5.007s][info ][gc] GC(47) Pause Young (Normal) (G1 Evacuation Pause) 33M->3M(646M) 1.155ms
[2025-03-05T02:08:33.112+0300][5.124s][info ][gc] GC(48) Pause Young (Normal) (G1 Evacuation Pause) 33M->3M(646M) 1.668ms
[2025-03-05T02:08:33.232+0300][5.243s][info ][gc] GC(49) Pause Young (Normal) (G1 Evacuation Pause) 33M->2M(646M) 1.070ms
[2025-03-05T02:08:33.354+0300][5.365s][info ][gc] GC(50) Pause Young (Normal) (G1 Evacuation Pause) 32M->3M(646M) 1.640ms
[2025-03-05T02:08:33.472+0300][5.483s][info ][gc] GC(51) Pause Young (Normal) (G1 Evacuation Pause) 33M->2M(646M) 0.816ms
[2025-03-05T02:08:33.642+0300][5.652s][info ][gc] GC(52) Pause Young (Normal) (G1 Evacuation Pause) 46M->2M(646M) 1.277ms
[2025-03-05T02:08:33.759+0300][5.770s][info ][gc] GC(53) Pause Young (Normal) (G1 Evacuation Pause) 32M->3M(646M) 1.537ms
[2025-03-05T02:08:33.878+0300][5.888s][info ][gc] GC(54) Pause Young (Normal) (G1 Evacuation Pause) 33M->2M(646M) 0.998ms
[2025-03-05T02:08:34.050+0300][6.060s][info ][gc] GC(55) Pause Young (Normal) (G1 Evacuation Pause) 46M->2M(646M) 1.285ms
[2025-03-05T02:08:34.166+0300][6.176s][info ][gc] GC(56) Pause Young (Normal) (G1 Evacuation Pause) 32M->3M(646M) 1.833ms
[2025-03-05T02:08:34.284+0300][6.295s][info ][gc] GC(57) Pause Young (Normal) (G1 Evacuation Pause) 33M->2M(646M) 1.192ms
[2025-03-05T02:08:34.401+0300][6.411s][info ][gc] GC(58) Pause Young (Normal) (G1 Evacuation Pause) 32M->3M(646M) 1.606ms
[2025-03-05T02:08:34.571+0300][6.583s][info ][gc] GC(59) Pause Young (Normal) (G1 Evacuation Pause) 47M->3M(646M) 1.718ms
[2025-03-05T02:08:34.689+0300][6.700s][info ][gc] GC(60) Pause Young (Normal) (G1 Evacuation Pause) 33M->2M(646M) 1.282ms
[2025-03-05T02:08:34.807+0300][6.818s][info ][gc] GC(61) Pause Young (Normal) (G1 Evacuation Pause) 32M->3M(646M) 1.679ms
[2025-03-05T02:08:34.924+0300][6.934s][info ][gc] GC(62) Pause Young (Normal) (G1 Evacuation Pause) 33M->2M(646M) 0.981ms
[2025-03-05T02:08:35.086+0300][7.096s][info ][gc] GC(63) Pause Young (Normal) (G1 Evacuation Pause) 44M->2M(646M) 1.050ms
[2025-03-05T02:08:35.203+0300][7.213s][info ][gc] GC(64) Pause Young (Normal) (G1 Evacuation Pause) 32M->3M(646M) 1.506ms
[2025-03-05T02:08:35.318+0300][7.328s][info ][gc] GC(65) Pause Young (Normal) (G1 Evacuation Pause) 33M->2M(646M) 0.795ms
[2025-03-05T02:08:35.484+0300][7.496s][info ][gc] GC(66) Pause Young (Normal) (G1 Evacuation Pause) 46M->2M(646M) 1.073ms
[2025-03-05T02:08:35.603+0300][7.614s][info ][gc] GC(67) Pause Young (Normal) (G1 Evacuation Pause) 32M->3M(646M) 1.524ms
[2025-03-05T02:08:35.719+0300][7.730s][info ][gc] GC(68) Pause Young (Normal) (G1 Evacuation Pause) 33M->2M(646M) 1.075ms
[2025-03-05T02:08:35.887+0300][7.898s][info ][gc] GC(69) Pause Young (Normal) (G1 Evacuation Pause) 46M->2M(646M) 1.032ms
[2025-03-05T02:08:36.003+0300][8.013s][info ][gc] GC(70) Pause Young (Normal) (G1 Evacuation Pause) 32M->3M(646M) 1.619ms
[2025-03-05T02:08:36.164+0300][8.175s][info ][gc] GC(71) Pause Young (Normal) (G1 Evacuation Pause) 45M->3M(646M) 1.634ms
[2025-03-05T02:08:36.282+0300][8.293s][info ][gc] GC(72) Pause Young (Normal) (G1 Evacuation Pause) 33M->2M(646M) 1.323ms
[2025-03-05T02:08:36.399+0300][8.411s][info ][gc] GC(73) Pause Young (Normal) (G1 Evacuation Pause) 32M->3M(646M) 1.642ms
[2025-03-05T02:08:36.517+0300][8.527s][info ][gc] GC(74) Pause Young (Normal) (G1 Evacuation Pause) 33M->2M(646M) 0.801ms
[2025-03-05T02:08:36.688+0300][8.698s][info ][gc] GC(75) Pause Young (Normal) (G1 Evacuation Pause) 46M->2M(646M) 1.279ms
[2025-03-05T02:08:36.807+0300][8.818s][info ][gc] GC(76) Pause Young (Normal) (G1 Evacuation Pause) 32M->3M(646M) 1.355ms
[2025-03-05T02:08:36.924+0300][8.935s][info ][gc] GC(77) Pause Young (Normal) (G1 Evacuation Pause) 33M->2M(646M) 1.069ms
[2025-03-05T02:08:37.041+0300][9.051s][info ][gc] GC(78) Pause Young (Normal) (G1 Evacuation Pause) 32M->3M(646M) 1.548ms
[2025-03-05T02:08:37.159+0300][9.169s][info ][gc] GC(79) Pause Young (Normal) (G1 Evacuation Pause) 33M->4M(646M) 2.327ms
[2025-03-05T02:08:37.279+0300][9.290s][info ][gc] GC(80) Pause Young (Normal) (G1 Evacuation Pause) 34M->3M(646M) 1.456ms
[2025-03-05T02:08:37.444+0300][9.455s][info ][gc] GC(81) Pause Young (Normal) (G1 Evacuation Pause) 45M->3M(646M) 1.553ms
[2025-03-05T02:08:37.564+0300][9.575s][info ][gc] GC(82) Pause Young (Normal) (G1 Evacuation Pause) 33M->4M(646M) 2.086ms
[2025-03-05T02:08:37.699+0300][9.710s][info ][gc] GC(83) Pause Young (Normal) (G1 Evacuation Pause) 34M->3M(646M) 1.128ms
[2025-03-05T02:08:37.816+0300][9.827s][info ][gc] GC(84) Pause Young (Normal) (G1 Evacuation Pause) 33M->3M(646M) 1.944ms
[2025-03-05T02:08:37.935+0300][9.946s][info ][gc] GC(85) Pause Young (Normal) (G1 Evacuation Pause) 33M->3M(646M) 1.483ms
[2025-03-05T02:08:38.056+0300][10.067s][info ][gc] GC(86) Pause Young (Normal) (G1 Evacuation Pause) 33M->3M(646M) 1.721ms
[2025-03-05T02:08:38.172+0300][10.182s][info ][gc] GC(87) Pause Young (Normal) (G1 Evacuation Pause) 33M->3M(646M) 0.962ms
[2025-03-05T02:08:38.289+0300][10.301s][info ][gc] GC(88) Pause Young (Normal) (G1 Evacuation Pause) 33M->3M(646M) 1.840ms
[2025-03-05T02:08:38.407+0300][10.418s][info ][gc] GC(89) Pause Young (Normal) (G1 Evacuation Pause) 33M->2M(646M) 0.839ms
[2025-03-05T02:08:38.527+0300][10.537s][info ][gc] GC(90) Pause Young (Normal) (G1 Evacuation Pause) 32M->3M(646M) 1.369ms
[2025-03-05T02:08:38.643+0300][10.653s][info ][gc] GC(91) Pause Young (Normal) (G1 Evacuation Pause) 33M->2M(646M) 0.955ms
[2025-03-05T02:08:40.192+0300][12.204s][info ][gc] GC(92) Pause Young (Normal) (G1 Evacuation Pause) 386M->3M(646M) 1.869ms
[2025-03-05T02:08:40.308+0300][12.318s][info ][gc] GC(93) Pause Young (Normal) (G1 Evacuation Pause) 33M->2M(646M) 0.882ms
[2025-03-05T02:08:40.424+0300][12.435s][info ][gc] GC(94) Pause Young (Normal) (G1 Evacuation Pause) 32M->3M(646M) 1.619ms
[2025-03-05T02:08:40.539+0300][12.549s][info ][gc] GC(95) Pause Young (Normal) (G1 Evacuation Pause) 33M->2M(646M) 0.541ms
[2025-03-05T02:08:40.700+0300][12.711s][info ][gc] GC(96) Pause Young (Normal) (G1 Evacuation Pause) 44M->2M(646M) 0.782ms
[2025-03-05T02:08:42.164+0300][14.174s][info ][gc] GC(97) Pause Young (Normal) (G1 Evacuation Pause) 386M->3M(646M) 1.731ms
[2025-03-05T02:08:42.279+0300][14.290s][info ][gc] GC(98) Pause Young (Normal) (G1 Evacuation Pause) 33M->2M(646M) 0.979ms
[2025-03-05T02:08:42.395+0300][14.406s][info ][gc] GC(99) Pause Young (Normal) (G1 Evacuation Pause) 32M->3M(646M) 1.292ms
[2025-03-05T02:08:42.512+0300][14.522s][info ][gc] GC(100) Pause Young (Normal) (G1 Evacuation Pause) 33M->2M(646M) 0.954ms
[2025-03-05T02:08:43.995+0300][16.006s][info ][gc] GC(101) Pause Young (Normal) (G1 Evacuation Pause) 386M->3M(646M) 2.032ms
[2025-03-05T02:08:44.112+0300][16.122s][info ][gc] GC(102) Pause Young (Normal) (G1 Evacuation Pause) 33M->2M(646M) 1.078ms
[2025-03-05T02:08:44.230+0300][16.240s][info ][gc] GC(103) Pause Young (Normal) (G1 Evacuation Pause) 32M->3M(646M) 1.229ms
[2025-03-05T02:08:44.345+0300][16.356s][info ][gc] GC(104) Pause Young (Normal) (G1 Evacuation Pause) 33M->2M(646M) 0.727ms
[2025-03-05T02:08:44.516+0300][16.527s][info ][gc] GC(105) Pause Young (Normal) (G1 Evacuation Pause) 46M->2M(646M) 1.091ms
[2025-03-05T02:08:44.646+0300][16.657s][info ][gc] GC(106) Pause Young (Normal) (G1 Evacuation Pause) 32M->3M(646M) 1.367ms
[2025-03-05T02:08:44.802+0300][16.813s][info ][gc] GC(107) Pause Young (Normal) (G1 Evacuation Pause) 41M->3M(646M) 1.436ms
[2025-03-05T02:08:44.924+0300][16.935s][info ][gc] GC(108) Pause Young (Normal) (G1 Evacuation Pause) 33M->4M(646M) 2.017ms
[2025-03-05T02:08:45.046+0300][17.058s][info ][gc] GC(109) Pause Young (Normal) (G1 Evacuation Pause) 34M->3M(646M) 1.240ms
[2025-03-05T02:08:45.167+0300][17.178s][info ][gc] GC(110) Pause Young (Normal) (G1 Evacuation Pause) 33M->3M(646M) 2.383ms
[2025-03-05T02:08:45.294+0300][17.304s][info ][gc] GC(111) Pause Young (Normal) (G1 Evacuation Pause) 33M->3M(646M) 1.241ms
[2025-03-05T02:08:45.412+0300][17.423s][info ][gc] GC(112) Pause Young (Normal) (G1 Evacuation Pause) 33M->3M(646M) 1.892ms
[2025-03-05T02:08:45.530+0300][17.541s][info ][gc] GC(113) Pause Young (Normal) (G1 Evacuation Pause) 33M->2M(646M) 0.953ms
