[2025-03-04T23:59:04.580+0300][0.016s][info][gc] Using G1
[2025-03-04T23:59:04.580+0300][0.016s][debug][gc] ConcGCThreads: 2 offset 16
[2025-03-04T23:59:04.580+0300][0.016s][debug][gc] ParallelGCThreads: 8
[2025-03-04T23:59:04.580+0300][0.017s][debug][gc] Initialize mark stack with 4096 chunks, maximum 524288
[2025-03-04T23:59:04.966+0300][0.403s][info ][gc] GC(0) Pause Young (Normal) (G1 Evacuation Pause) 12M->2M(256M) 2.617ms
[2025-03-04T23:59:05.016+0300][0.452s][info ][gc] GC(1) Pause Young (Normal) (G1 Evacuation Pause) 12M->3M(256M) 2.313ms
[2025-03-04T23:59:05.066+0300][0.501s][info ][gc] GC(2) Pause Young (Normal) (G1 Evacuation Pause) 13M->4M(256M) 1.661ms
[2025-03-04T23:59:05.113+0300][0.548s][info ][gc] GC(3) Pause Young (Normal) (G1 Evacuation Pause) 14M->5M(256M) 2.862ms
[2025-03-04T23:59:05.154+0300][0.589s][info ][gc] GC(4) Pause Young (Normal) (G1 Evacuation Pause) 15M->4M(256M) 0.892ms
[2025-03-04T23:59:05.202+0300][0.638s][info ][gc] GC(5) Pause Young (Normal) (G1 Evacuation Pause) 15M->5M(323M) 2.604ms
[2025-03-04T23:59:05.282+0300][0.718s][info ][gc] GC(6) Pause Young (Normal) (G1 Evacuation Pause) 19M->7M(323M) 5.279ms
[2025-03-04T23:59:05.338+0300][0.774s][info ][gc] GC(7) Pause Young (Normal) (G1 Evacuation Pause) 21M->5M(323M) 1.089ms
[2025-03-04T23:59:05.388+0300][0.824s][info ][gc] GC(8) Pause Young (Normal) (G1 Evacuation Pause) 20M->7M(323M) 2.166ms
[2025-03-04T23:59:05.431+0300][0.867s][info ][gc] GC(9) Pause Young (Normal) (G1 Evacuation Pause) 21M->5M(323M) 0.694ms
[2025-03-04T23:59:05.479+0300][0.915s][info ][gc] GC(10) Pause Young (Normal) (G1 Evacuation Pause) 20M->6M(323M) 1.818ms
[2025-03-04T23:59:05.521+0300][0.956s][info ][gc] GC(11) Pause Young (Normal) (G1 Evacuation Pause) 20M->8M(421M) 3.047ms
[2025-03-04T23:59:05.585+0300][1.021s][info ][gc] GC(12) Pause Young (Normal) (G1 Evacuation Pause) 27M->8M(421M) 1.713ms
[2025-03-04T23:59:05.643+0300][1.078s][info ][gc] GC(13) Pause Young (Normal) (G1 Evacuation Pause) 27M->9M(421M) 3.283ms
[2025-03-04T23:59:05.693+0300][1.129s][info ][gc] GC(14) Pause Young (Normal) (G1 Evacuation Pause) 27M->8M(421M) 1.918ms
[2025-03-04T23:59:05.746+0300][1.182s][info ][gc] GC(15) Pause Young (Normal) (G1 Evacuation Pause) 27M->7M(421M) 0.794ms
[2025-03-04T23:59:05.805+0300][1.241s][info ][gc] GC(16) Pause Young (Normal) (G1 Evacuation Pause) 27M->8M(421M) 2.199ms
[2025-03-04T23:59:05.861+0300][1.297s][info ][gc] GC(17) Pause Young (Normal) (G1 Evacuation Pause) 26M->7M(501M) 1.849ms
[2025-03-04T23:59:05.933+0300][1.369s][info ][gc] GC(18) Pause Young (Normal) (G1 Evacuation Pause) 31M->9M(501M) 2.812ms
[2025-03-04T23:59:05.993+0300][1.429s][info ][gc] GC(19) Pause Young (Normal) (G1 Evacuation Pause) 31M->8M(501M) 1.977ms
[2025-03-04T23:59:06.054+0300][1.490s][info ][gc] GC(20) Pause Young (Normal) (G1 Evacuation Pause) 31M->7M(501M) 1.295ms
[2025-03-04T23:59:06.118+0300][1.554s][info ][gc] GC(21) Pause Young (Normal) (G1 Evacuation Pause) 31M->9M(501M) 2.797ms
[2025-03-04T23:59:06.184+0300][1.619s][info ][gc] GC(22) Pause Young (Normal) (G1 Evacuation Pause) 31M->8M(501M) 2.065ms
[2025-03-04T23:59:06.245+0300][1.681s][info ][gc] GC(23) Pause Young (Normal) (G1 Evacuation Pause) 31M->7M(501M) 1.190ms
[2025-03-04T23:59:06.311+0300][1.746s][info ][gc] GC(24) Pause Young (Normal) (G1 Evacuation Pause) 31M->9M(501M) 3.133ms
[2025-03-04T23:59:06.369+0300][1.804s][info ][gc] GC(25) Pause Young (Normal) (G1 Evacuation Pause) 31M->8M(501M) 2.090ms
[2025-03-04T23:59:06.429+0300][1.864s][info ][gc] GC(26) Pause Young (Normal) (G1 Evacuation Pause) 31M->7M(501M) 1.185ms
[2025-03-04T23:59:06.493+0300][1.928s][info ][gc] GC(27) Pause Young (Normal) (G1 Evacuation Pause) 31M->9M(501M) 2.640ms
[2025-03-04T23:59:06.551+0300][1.987s][info ][gc] GC(28) Pause Young (Normal) (G1 Evacuation Pause) 31M->8M(563M) 2.320ms
[2025-03-04T23:59:06.626+0300][2.062s][info ][gc] GC(29) Pause Young (Normal) (G1 Evacuation Pause) 34M->7M(563M) 1.550ms
[2025-03-04T23:59:06.745+0300][2.181s][info ][gc] GC(30) Pause Young (Normal) (G1 Evacuation Pause) 52M->8M(563M) 2.235ms
[2025-03-04T23:59:06.812+0300][2.248s][info ][gc] GC(31) Pause Young (Normal) (G1 Evacuation Pause) 33M->7M(563M) 1.402ms
[2025-03-04T23:59:06.932+0300][2.368s][info ][gc] GC(32) Pause Young (Normal) (G1 Evacuation Pause) 53M->8M(563M) 2.391ms
[2025-03-04T23:59:07.053+0300][2.489s][info ][gc] GC(33) Pause Young (Normal) (G1 Evacuation Pause) 55M->7M(563M) 0.622ms
[2025-03-04T23:59:07.965+0300][3.401s][info ][gc] GC(34) Pause Young (Normal) (G1 Evacuation Pause) 343M->9M(563M) 2.945ms
[2025-03-04T23:59:08.032+0300][3.468s][info ][gc] GC(35) Pause Young (Normal) (G1 Evacuation Pause) 34M->8M(563M) 2.164ms
[2025-03-04T23:59:08.101+0300][3.536s][info ][gc] GC(36) Pause Young (Normal) (G1 Evacuation Pause) 34M->7M(563M) 1.428ms
[2025-03-04T23:59:08.170+0300][3.606s][info ][gc] GC(37) Pause Young (Normal) (G1 Evacuation Pause) 34M->7M(563M) 1.124ms
[2025-03-04T23:59:08.300+0300][3.736s][info ][gc] GC(38) Pause Young (Normal) (G1 Evacuation Pause) 57M->8M(563M) 2.211ms
[2025-03-04T23:59:08.369+0300][3.804s][info ][gc] GC(39) Pause Young (Normal) (G1 Evacuation Pause) 34M->7M(563M) 1.417ms
[2025-03-04T23:59:08.439+0300][3.874s][info ][gc] GC(40) Pause Young (Normal) (G1 Evacuation Pause) 34M->6M(563M) 1.041ms
[2025-03-04T23:59:08.563+0300][3.999s][info ][gc] GC(41) Pause Young (Normal) (G1 Evacuation Pause) 54M->8M(563M) 2.036ms
[2025-03-04T23:59:08.631+0300][4.067s][info ][gc] GC(42) Pause Young (Normal) (G1 Evacuation Pause) 34M->7M(563M) 1.391ms
[2025-03-04T23:59:08.704+0300][4.140s][info ][gc] GC(43) Pause Young (Normal) (G1 Evacuation Pause) 34M->9M(563M) 2.917ms
[2025-03-04T23:59:08.768+0300][4.205s][info ][gc] GC(44) Pause Young (Normal) (G1 Evacuation Pause) 33M->9M(563M) 2.945ms
[2025-03-04T23:59:08.837+0300][4.273s][info ][gc] GC(45) Pause Young (Normal) (G1 Evacuation Pause) 34M->8M(563M) 2.150ms
[2025-03-04T23:59:08.906+0300][4.341s][info ][gc] GC(46) Pause Young (Normal) (G1 Evacuation Pause) 34M->7M(563M) 1.220ms
[2025-03-04T23:59:08.978+0300][4.414s][info ][gc] GC(47) Pause Young (Normal) (G1 Evacuation Pause) 34M->9M(563M) 3.565ms
[2025-03-04T23:59:09.042+0300][4.478s][info ][gc] GC(48) Pause Young (Normal) (G1 Evacuation Pause) 33M->9M(563M) 2.350ms
[2025-03-04T23:59:09.108+0300][4.544s][info ][gc] GC(49) Pause Young (Normal) (G1 Evacuation Pause) 34M->8M(563M) 1.884ms
[2025-03-04T23:59:09.176+0300][4.612s][info ][gc] GC(50) Pause Young (Normal) (G1 Evacuation Pause) 34M->7M(563M) 1.343ms
[2025-03-04T23:59:09.248+0300][4.684s][info ][gc] GC(51) Pause Young (Normal) (G1 Evacuation Pause) 34M->9M(563M) 3.064ms
[2025-03-04T23:59:09.316+0300][4.752s][info ][gc] GC(52) Pause Young (Normal) (G1 Evacuation Pause) 34M->8M(563M) 2.375ms
[2025-03-04T23:59:09.382+0300][4.817s][info ][gc] GC(53) Pause Young (Normal) (G1 Evacuation Pause) 33M->8M(563M) 1.886ms
[2025-03-04T23:59:09.450+0300][4.885s][info ][gc] GC(54) Pause Young (Normal) (G1 Evacuation Pause) 34M->7M(563M) 1.164ms
[2025-03-04T23:59:09.522+0300][4.958s][info ][gc] GC(55) Pause Young (Normal) (G1 Evacuation Pause) 34M->9M(563M) 2.726ms
[2025-03-04T23:59:09.592+0300][5.028s][info ][gc] GC(56) Pause Young (Normal) (G1 Evacuation Pause) 34M->8M(563M) 2.228ms
[2025-03-04T23:59:09.659+0300][5.095s][info ][gc] GC(57) Pause Young (Normal) (G1 Evacuation Pause) 33M->8M(563M) 1.656ms
[2025-03-04T23:59:09.733+0300][5.168s][info ][gc] GC(58) Pause Young (Normal) (G1 Evacuation Pause) 34M->7M(563M) 1.162ms
[2025-03-04T23:59:09.808+0300][5.243s][info ][gc] GC(59) Pause Young (Normal) (G1 Evacuation Pause) 34M->9M(563M) 3.266ms
[2025-03-04T23:59:09.881+0300][5.317s][info ][gc] GC(60) Pause Young (Normal) (G1 Evacuation Pause) 34M->8M(563M) 2.138ms
[2025-03-04T23:59:09.949+0300][5.385s][info ][gc] GC(61) Pause Young (Normal) (G1 Evacuation Pause) 33M->8M(563M) 1.843ms
[2025-03-04T23:59:10.021+0300][5.457s][info ][gc] GC(62) Pause Young (Normal) (G1 Evacuation Pause) 34M->7M(563M) 0.882ms
[2025-03-04T23:59:10.100+0300][5.535s][info ][gc] GC(63) Pause Young (Normal) (G1 Evacuation Pause) 34M->9M(563M) 3.219ms
[2025-03-04T23:59:10.169+0300][5.604s][info ][gc] GC(64) Pause Young (Normal) (G1 Evacuation Pause) 34M->8M(563M) 2.190ms
[2025-03-04T23:59:10.239+0300][5.674s][info ][gc] GC(65) Pause Young (Normal) (G1 Evacuation Pause) 33M->8M(563M) 1.493ms
[2025-03-04T23:59:10.316+0300][5.752s][info ][gc] GC(66) Pause Young (Normal) (G1 Evacuation Pause) 37M->7M(563M) 1.111ms
[2025-03-04T23:59:10.390+0300][5.826s][info ][gc] GC(67) Pause Young (Normal) (G1 Evacuation Pause) 34M->9M(563M) 3.128ms
[2025-03-04T23:59:10.455+0300][5.891s][info ][gc] GC(68) Pause Young (Normal) (G1 Evacuation Pause) 33M->9M(563M) 2.508ms
[2025-03-04T23:59:10.523+0300][5.960s][info ][gc] GC(69) Pause Young (Normal) (G1 Evacuation Pause) 34M->8M(563M) 1.775ms
[2025-03-04T23:59:10.596+0300][6.031s][info ][gc] GC(70) Pause Young (Normal) (G1 Evacuation Pause) 34M->7M(563M) 1.378ms
[2025-03-04T23:59:10.672+0300][6.108s][info ][gc] GC(71) Pause Young (Normal) (G1 Evacuation Pause) 34M->9M(563M) 2.856ms
[2025-03-04T23:59:10.739+0300][6.175s][info ][gc] GC(72) Pause Young (Normal) (G1 Evacuation Pause) 33M->9M(563M) 2.322ms
[2025-03-04T23:59:10.808+0300][6.243s][info ][gc] GC(73) Pause Young (Normal) (G1 Evacuation Pause) 34M->8M(563M) 2.021ms
[2025-03-04T23:59:10.878+0300][6.315s][info ][gc] GC(74) Pause Young (Normal) (G1 Evacuation Pause) 34M->7M(563M) 0.962ms
[2025-03-04T23:59:10.991+0300][6.427s][info ][gc] GC(75) Pause Young (Normal) (G1 Evacuation Pause) 34M->9M(563M) 3.148ms
